04-17 10:30:19.441659   984  1089 W ASH     : @ 32949.117: touch gesture: no valid gesture detected
04-17 10:30:19.506431   984  1089 W ASH     : @ 32949.182: touch gesture: no valid gesture detected
04-17 10:30:19.570244   984  1089 W ASH     : @ 32949.246: touch gesture: no valid gesture detected
04-17 10:30:19.634735   984  1089 W ASH     : @ 32949.310: touch gesture: no valid gesture detected
04-17 10:30:19.699054   984  1089 W ASH     : @ 32949.375: touch gesture: no valid gesture detected
04-17 10:30:19.763333   984  1089 W ASH     : @ 32949.439: touch gesture: no valid gesture detected
04-17 10:30:19.825868   984  1089 W ASH     : @ 32949.503: touch gesture: no valid gesture detected
04-17 10:30:19.890181   984  1089 W ASH     : @ 32949.567: touch gesture: no valid gesture detected
04-17 10:30:19.954540   984  1089 W ASH     : @ 32949.632: touch gesture: no valid gesture detected
04-17 10:30:20.018721   984  1089 W ASH     : @ 32949.696: touch gesture: no valid gesture detected
04-17 10:30:20.083006   984  1089 W ASH     : @ 32949.760: touch gesture: no valid gesture detected
04-17 10:30:20.147264   984  1089 W ASH     : @ 32949.825: touch gesture: no valid gesture detected
04-17 10:30:20.211681   984  1089 W ASH     : @ 32949.889: touch gesture: no valid gesture detected
04-17 10:30:20.277816   984  1089 W ASH     : @ 32949.953: touch gesture: no valid gesture detected
04-17 10:30:20.342797   984  1089 W ASH     : @ 32950.018: touch gesture: no valid gesture detected
04-17 10:30:20.406718   984  1089 W ASH     : @ 32950.082: touch gesture: no valid gesture detected
04-17 10:30:20.470916   984  1089 W ASH     : @ 32950.146: touch gesture: no valid gesture detected
04-17 10:30:20.535462   984  1089 W ASH     : @ 32950.211: touch gesture: no valid gesture detected
04-17 10:30:20.599853   984  1089 W ASH     : @ 32950.275: touch gesture: no valid gesture detected
04-17 10:30:20.664153   984  1089 W ASH     : @ 32950.340: touch gesture: no valid gesture detected
04-17 10:30:20.728309   984  1089 W ASH     : @ 32950.404: touch gesture: no valid gesture detected
04-17 10:30:20.793037   984  1089 W ASH     : @ 32950.468: touch gesture: no valid gesture detected
04-17 10:30:20.857324   984  1089 W ASH     : @ 32950.533: touch gesture: no valid gesture detected
04-17 10:30:20.921559   984  1089 W ASH     : @ 32950.597: touch gesture: no valid gesture detected
04-17 10:30:20.986023   984  1089 W ASH     : @ 32950.661: touch gesture: no valid gesture detected
04-17 10:30:21.050434   984  1089 W ASH     : @ 32950.726: touch gesture: no valid gesture detected
04-17 10:30:21.114883   984  1089 W ASH     : @ 32950.790: touch gesture: no valid gesture detected
04-17 10:30:21.178644   984  1089 W ASH     : @ 32950.854: touch gesture: no valid gesture detected
04-17 10:30:21.243607   984  1089 W ASH     : @ 32950.919: touch gesture: no valid gesture detected
04-17 10:30:21.307674   984  1089 W ASH     : @ 32950.983: touch gesture: no valid gesture detected
04-17 10:30:21.371736   984  1089 W ASH     : @ 32951.047: touch gesture: no valid gesture detected
04-17 10:30:21.436633   984  1089 W ASH     : @ 32951.112: touch gesture: no valid gesture detected
04-17 10:30:21.500857   984  1089 W ASH     : @ 32951.176: touch gesture: no valid gesture detected
04-17 10:30:21.564744   984  1089 W ASH     : @ 32951.240: touch gesture: no valid gesture detected
04-17 10:30:21.629639   984  1089 W ASH     : @ 32951.305: touch gesture: no valid gesture detected
04-17 10:30:21.693858   984  1089 W ASH     : @ 32951.369: touch gesture: no valid gesture detected
04-17 10:30:21.757861   984  1089 W ASH     : @ 32951.433: touch gesture: no valid gesture detected
04-17 10:30:21.822387   984  1089 W ASH     : @ 32951.498: touch gesture: no valid gesture detected
04-17 10:30:21.887069   984  1089 W ASH     : @ 32951.562: touch gesture: no valid gesture detected
04-17 10:30:21.951122   984  1089 W ASH     : @ 32951.627: touch gesture: no valid gesture detected
04-17 10:30:22.015564   984  1089 W ASH     : @ 32951.691: touch gesture: no valid gesture detected
04-17 10:30:22.080216   984  1089 W ASH     : @ 32951.756: touch gesture: no valid gesture detected
04-17 10:30:22.144853   984  1089 W ASH     : @ 32951.820: touch gesture: no valid gesture detected
04-17 10:30:22.208937   984  1089 W ASH     : @ 32951.884: touch gesture: no valid gesture detected
04-17 10:30:22.273258   984  1089 W ASH     : @ 32951.949: touch gesture: no valid gesture detected
04-17 10:30:22.337569   984  1089 W ASH     : @ 32952.013: touch gesture: no valid gesture detected
04-17 10:30:22.401758   984  1089 W ASH     : @ 32952.077: touch gesture: no valid gesture detected
04-17 10:30:22.466157   984  1089 W ASH     : @ 32952.142: touch gesture: no valid gesture detected
04-17 10:30:22.530803   984  1089 W ASH     : @ 32952.206: touch gesture: no valid gesture detected
04-17 10:30:22.595495   984  1089 W ASH     : @ 32952.271: touch gesture: no valid gesture detected
04-17 10:30:22.659463   984  1089 W ASH     : @ 32952.335: touch gesture: no valid gesture detected
04-17 10:30:22.724135   984  1089 W ASH     : @ 32952.399: touch gesture: no valid gesture detected
04-17 10:30:22.788000   984  1089 W ASH     : @ 32952.464: touch gesture: no valid gesture detected
04-17 10:30:22.852911   984  1089 W ASH     : @ 32952.528: touch gesture: no valid gesture detected
04-17 10:30:22.917059   984  1089 W ASH     : @ 32952.592: touch gesture: no valid gesture detected
04-17 10:30:22.981982   984  1089 W ASH     : @ 32952.657: touch gesture: no valid gesture detected
04-17 10:30:23.045679   984  1089 W ASH     : @ 32952.721: touch gesture: no valid gesture detected
04-17 10:30:23.110063   984  1089 W ASH     : @ 32952.786: touch gesture: no valid gesture detected
04-17 10:30:23.174353   984  1089 W ASH     : @ 32952.850: touch gesture: no valid gesture detected
04-17 10:30:23.238972   984  1089 W ASH     : @ 32952.914: touch gesture: no valid gesture detected
04-17 10:30:23.303217   984  1089 W ASH     : @ 32952.979: touch gesture: no valid gesture detected
04-17 10:30:23.367798   984  1089 W ASH     : @ 32953.043: touch gesture: no valid gesture detected
04-17 10:30:23.431697   984  1089 W ASH     : @ 32953.107: touch gesture: no valid gesture detected
04-17 10:30:23.496213   984  1089 W ASH     : @ 32953.171: touch gesture: no valid gesture detected
04-17 10:30:23.560206   984  1089 W ASH     : @ 32953.236: touch gesture: no valid gesture detected
04-17 10:30:23.624413   984  1089 W ASH     : @ 32953.300: touch gesture: no valid gesture detected
04-17 10:30:23.688761   984  1089 W ASH     : @ 32953.364: touch gesture: no valid gesture detected
04-17 10:30:23.753174   984  1089 W ASH     : @ 32953.429: touch gesture: no valid gesture detected
04-17 10:30:23.817672   984  1089 W ASH     : @ 32953.493: touch gesture: no valid gesture detected
04-17 10:30:23.882415   984  1089 W ASH     : @ 32953.557: touch gesture: no valid gesture detected
04-17 10:30:23.946356   984  1089 W ASH     : @ 32953.622: touch gesture: no valid gesture detected
04-17 10:30:24.010463   984  1089 W ASH     : @ 32953.686: touch gesture: no valid gesture detected
04-17 10:30:24.074463   984  1089 W ASH     : @ 32953.750: touch gesture: no valid gesture detected
04-17 10:30:24.138970   984  1089 W ASH     : @ 32953.814: touch gesture: no valid gesture detected
04-17 10:30:24.203087   984  1089 W ASH     : @ 32953.879: touch gesture: no valid gesture detected
04-17 10:30:24.267634   984  1089 W ASH     : @ 32953.943: touch gesture: no valid gesture detected
04-17 10:30:24.332006   984  1089 W ASH     : @ 32954.007: touch gesture: no valid gesture detected
04-17 10:30:24.396188   984  1089 W ASH     : @ 32954.072: touch gesture: no valid gesture detected
04-17 10:30:24.460553   984  1089 W ASH     : @ 32954.136: touch gesture: no valid gesture detected
04-17 10:30:24.525052   984  1089 W ASH     : @ 32954.200: touch gesture: no valid gesture detected
04-17 10:30:24.589064   984  1089 W ASH     : @ 32954.265: touch gesture: no valid gesture detected
04-17 10:30:24.653298   984  1089 W ASH     : @ 32954.329: touch gesture: no valid gesture detected
04-17 10:30:24.718002   984  1089 W ASH     : @ 32954.393: touch gesture: no valid gesture detected
04-17 10:30:24.781844   984  1089 W ASH     : @ 32954.458: touch gesture: no valid gesture detected
04-17 10:30:24.846132   984  1089 W ASH     : @ 32954.522: touch gesture: no valid gesture detected
04-17 10:30:24.910746   984  1089 W ASH     : @ 32954.586: touch gesture: no valid gesture detected
04-17 10:30:24.975038   984  1089 W ASH     : @ 32954.651: touch gesture: no valid gesture detected
04-17 10:30:25.039504   984  1089 W ASH     : @ 32954.715: touch gesture: no valid gesture detected
04-17 10:30:25.103769   984  1089 W ASH     : @ 32954.779: touch gesture: no valid gesture detected
04-17 10:30:25.168087   984  1089 W ASH     : @ 32954.844: touch gesture: no valid gesture detected
04-17 10:30:25.232479   984  1089 W ASH     : @ 32954.908: touch gesture: no valid gesture detected
04-17 10:30:25.297158   984  1089 W ASH     : @ 32954.972: touch gesture: no valid gesture detected
04-17 10:30:25.361300   984  1089 W ASH     : @ 32955.037: touch gesture: no valid gesture detected
04-17 10:30:25.425681   984  1089 W ASH     : @ 32955.101: touch gesture: no valid gesture detected
04-17 10:30:25.490102   984  1089 W ASH     : @ 32955.166: touch gesture: no valid gesture detected
04-17 10:30:25.554374   984  1089 W ASH     : @ 32955.230: touch gesture: no valid gesture detected
04-17 10:30:25.618977   984  1089 W ASH     : @ 32955.294: touch gesture: no valid gesture detected
04-17 10:30:25.682891   984  1089 W ASH     : @ 32955.359: touch gesture: no valid gesture detected
04-17 10:30:25.747774   984  1089 W ASH     : @ 32955.423: touch gesture: no valid gesture detected
04-17 10:30:25.811900   984  1089 W ASH     : @ 32955.487: touch gesture: no valid gesture detected
04-17 10:30:25.876220   984  1089 W ASH     : @ 32955.552: touch gesture: no valid gesture detected
04-17 10:30:25.940687   984  1089 W ASH     : @ 32955.616: touch gesture: no valid gesture detected
04-17 10:30:26.004932   984  1089 W ASH     : @ 32955.681: touch gesture: no valid gesture detected
04-17 10:30:26.069482   984  1089 W ASH     : @ 32955.745: touch gesture: no valid gesture detected
04-17 10:30:26.133846   984  1089 W ASH     : @ 32955.809: touch gesture: no valid gesture detected
04-17 10:30:26.197801   984  1089 W ASH     : @ 32955.874: touch gesture: no valid gesture detected
04-17 10:30:26.262226   984  1089 W ASH     : @ 32955.938: touch gesture: no valid gesture detected
04-17 10:30:26.326805   984  1089 W ASH     : @ 32956.002: touch gesture: no valid gesture detected
04-17 10:30:26.391334   984  1089 W ASH     : @ 32956.067: touch gesture: no valid gesture detected
04-17 10:30:26.455435   984  1089 W ASH     : @ 32956.131: touch gesture: no valid gesture detected
04-17 10:30:26.519990   984  1089 W ASH     : @ 32956.195: touch gesture: no valid gesture detected
04-17 10:30:26.584970   984  1089 W ASH     : @ 32956.260: touch gesture: no valid gesture detected
04-17 10:30:26.648438   984  1089 W ASH     : @ 32956.324: touch gesture: no valid gesture detected
04-17 10:30:26.712004   984  1089 W ASH     : @ 32956.389: touch gesture: no valid gesture detected
04-17 10:30:26.777251   984  1089 W ASH     : @ 32956.453: touch gesture: no valid gesture detected
04-17 10:30:26.841426   984  1089 W ASH     : @ 32956.517: touch gesture: no valid gesture detected
04-17 10:30:26.905994   984  1089 W ASH     : @ 32956.581: touch gesture: no valid gesture detected
04-17 10:30:26.970613   984  1089 W ASH     : @ 32956.646: touch gesture: no valid gesture detected
04-17 10:30:27.034401   984  1089 W ASH     : @ 32956.710: touch gesture: no valid gesture detected
04-17 10:30:27.099055   984  1089 W ASH     : @ 32956.774: touch gesture: no valid gesture detected
04-17 10:30:27.163362   984  1089 W ASH     : @ 32956.839: touch gesture: no valid gesture detected
04-17 10:30:27.227529   984  1089 W ASH     : @ 32956.903: touch gesture: no valid gesture detected
04-17 10:30:27.292430   984  1089 W ASH     : @ 32956.968: touch gesture: no valid gesture detected
04-17 10:30:27.356806   984  1089 W ASH     : @ 32957.032: touch gesture: no valid gesture detected
04-17 10:30:27.420911   984  1089 W ASH     : @ 32957.096: touch gesture: no valid gesture detected
04-17 10:30:27.485412   984  1089 W ASH     : @ 32957.161: touch gesture: no valid gesture detected
04-17 10:30:27.549534   984  1089 W ASH     : @ 32957.225: touch gesture: no valid gesture detected
04-17 10:30:27.614456   984  1089 W ASH     : @ 32957.290: touch gesture: no valid gesture detected
04-17 10:30:27.678648   984  1089 W ASH     : @ 32957.354: touch gesture: no valid gesture detected
04-17 10:30:27.743074   984  1089 W ASH     : @ 32957.419: touch gesture: no valid gesture detected
04-17 10:30:27.807368   984  1089 W ASH     : @ 32957.483: touch gesture: no valid gesture detected
04-17 10:30:27.872052   984  1089 W ASH     : @ 32957.547: touch gesture: no valid gesture detected
04-17 10:30:27.936519   984  1089 W ASH     : @ 32957.612: touch gesture: no valid gesture detected
04-17 10:30:28.000539   984  1089 W ASH     : @ 32957.676: touch gesture: no valid gesture detected
04-17 10:30:28.065107   984  1089 W ASH     : @ 32957.741: touch gesture: no valid gesture detected
04-17 10:30:28.129379   984  1089 W ASH     : @ 32957.805: touch gesture: no valid gesture detected
04-17 10:30:28.193736   984  1089 W ASH     : @ 32957.869: touch gesture: no valid gesture detected
04-17 10:30:28.258083   984  1089 W ASH     : @ 32957.934: touch gesture: no valid gesture detected
04-17 10:30:28.323209   984  1089 W ASH     : @ 32957.998: touch gesture: no valid gesture detected
04-17 10:30:28.386971   984  1089 W ASH     : @ 32958.063: touch gesture: no valid gesture detected
04-17 10:30:28.451311   984  1089 W ASH     : @ 32958.127: touch gesture: no valid gesture detected
04-17 10:30:28.515741   984  1089 W ASH     : @ 32958.192: touch gesture: no valid gesture detected
04-17 10:30:28.580507   984  1089 W ASH     : @ 32958.256: touch gesture: no valid gesture detected
04-17 10:30:28.644923   984  1089 W ASH     : @ 32958.320: touch gesture: no valid gesture detected
04-17 10:30:28.708288   984  1089 W ASH     : @ 32958.385: touch gesture: no valid gesture detected
04-17 10:30:28.773647   984  1089 W ASH     : @ 32958.449: touch gesture: no valid gesture detected
04-17 10:30:28.838074   984  1089 W ASH     : @ 32958.514: touch gesture: no valid gesture detected
04-17 10:30:28.902323   984  1089 W ASH     : @ 32958.578: touch gesture: no valid gesture detected
04-17 10:30:28.966598   984  1089 W ASH     : @ 32958.642: touch gesture: no valid gesture detected
04-17 10:30:29.031146   984  1089 W ASH     : @ 32958.707: touch gesture: no valid gesture detected
04-17 10:30:29.095621   984  1089 W ASH     : @ 32958.771: touch gesture: no valid gesture detected
04-17 10:30:29.160031   984  1089 W ASH     : @ 32958.836: touch gesture: no valid gesture detected
04-17 10:30:29.224288   984  1089 W ASH     : @ 32958.900: touch gesture: no valid gesture detected
04-17 10:30:29.288524   984  1089 W ASH     : @ 32958.964: touch gesture: no valid gesture detected
04-17 10:30:29.353060   984  1089 W ASH     : @ 32959.028: touch gesture: no valid gesture detected
04-17 10:30:29.417324   984  1089 W ASH     : @ 32959.093: touch gesture: no valid gesture detected
04-17 10:30:29.481776   984  1089 W ASH     : @ 32959.157: touch gesture: no valid gesture detected
04-17 10:30:29.545953   984  1089 W ASH     : @ 32959.221: touch gesture: no valid gesture detected
04-17 10:30:29.610365   984  1089 W ASH     : @ 32959.286: touch gesture: no valid gesture detected
04-17 10:30:29.674158   984  1089 W ASH     : @ 32959.350: touch gesture: no valid gesture detected
04-17 10:30:29.738998   984  1089 W ASH     : @ 32959.414: touch gesture: no valid gesture detected
04-17 10:30:29.803307   984  1089 W ASH     : @ 32959.479: touch gesture: no valid gesture detected
04-17 10:30:29.867648   984  1089 W ASH     : @ 32959.543: touch gesture: no valid gesture detected
04-17 10:30:29.931863   984  1089 W ASH     : @ 32959.607: touch gesture: no valid gesture detected
04-17 10:30:29.996181   984  1089 W ASH     : @ 32959.672: touch gesture: no valid gesture detected
04-17 10:30:30.060677   984  1089 W ASH     : @ 32959.736: touch gesture: no valid gesture detected
04-17 10:30:30.125114   984  1089 W ASH     : @ 32959.801: touch gesture: no valid gesture detected
04-17 10:30:30.189606   984  1089 W ASH     : @ 32959.865: touch gesture: no valid gesture detected
04-17 10:30:30.254464   984  1089 W ASH     : @ 32959.929: touch gesture: no valid gesture detected
04-17 10:30:30.318181   984  1089 W ASH     : @ 32959.994: touch gesture: no valid gesture detected
04-17 10:30:30.382372   984  1089 W ASH     : @ 32960.058: touch gesture: no valid gesture detected
04-17 10:30:30.446714   984  1089 W ASH     : @ 32960.122: touch gesture: no valid gesture detected
04-17 10:30:30.510929   984  1089 W ASH     : @ 32960.187: touch gesture: no valid gesture detected
04-17 10:30:30.576243   984  1089 W ASH     : @ 32960.251: touch gesture: no valid gesture detected
04-17 10:30:30.640211   984  1089 W ASH     : @ 32960.315: touch gesture: no valid gesture detected
04-17 10:30:30.704481   984  1089 W ASH     : @ 32960.380: touch gesture: no valid gesture detected
04-17 10:30:30.768306   984  1089 W ASH     : @ 32960.444: touch gesture: no valid gesture detected
04-17 10:30:30.832830   984  1089 W ASH     : @ 32960.508: touch gesture: no valid gesture detected
04-17 10:30:30.897535   984  1089 W ASH     : @ 32960.573: touch gesture: no valid gesture detected
--------- switch to kernel
04-17 10:30:30.936665     0     0 W         : c0    973 healthd: battery l=100 v=4407 t=22.7 h=2 st=5 c=5187 fc=3349000 cc=353 chg=u
--------- switch to main
04-17 10:30:30.960210   984  1089 W ASH     : @ 32960.637: touch gesture: no valid gesture detected
04-17 10:30:31.024956   984  1089 W ASH     : @ 32960.701: touch gesture: no valid gesture detected
04-17 10:30:31.089837   984  1089 W ASH     : @ 32960.766: touch gesture: no valid gesture detected
04-17 10:30:31.154929   984  1089 W ASH     : @ 32960.830: touch gesture: no valid gesture detected
04-17 10:30:31.219729   984  1089 W ASH     : @ 32960.895: touch gesture: no valid gesture detected
04-17 10:30:31.283529   984  1089 W ASH     : @ 32960.959: touch gesture: no valid gesture detected
04-17 10:30:31.348100   984  1089 W ASH     : @ 32961.023: touch gesture: no valid gesture detected
04-17 10:30:31.412128   984  1089 W ASH     : @ 32961.088: touch gesture: no valid gesture detected
04-17 10:30:31.434789   990  1023 D rlsservice: MonitorDisplayStatus client num 0, display status 0, sensor status 0
04-17 10:30:31.476477   984  1089 W ASH     : @ 32961.152: touch gesture: no valid gesture detected
04-17 10:30:31.541448   984  1089 W ASH     : @ 32961.216: touch gesture: no valid gesture detected
04-17 10:30:31.605240   984  1089 W ASH     : @ 32961.281: touch gesture: no valid gesture detected
04-17 10:30:31.669620   984  1089 W ASH     : @ 32961.345: touch gesture: no valid gesture detected
04-17 10:30:31.734151   984  1089 W ASH     : @ 32961.409: touch gesture: no valid gesture detected
04-17 10:30:31.798232   984  1089 W ASH     : @ 32961.474: touch gesture: no valid gesture detected
04-17 10:30:31.862877   984  1089 W ASH     : @ 32961.538: touch gesture: no valid gesture detected
04-17 10:30:31.927042   984  1089 W ASH     : @ 32961.603: touch gesture: no valid gesture detected
04-17 10:30:31.991254   984  1089 W ASH     : @ 32961.667: touch gesture: no valid gesture detected
04-17 10:30:32.056179   984  1089 W ASH     : @ 32961.732: touch gesture: no valid gesture detected
04-17 10:30:32.120342   984  1089 W ASH     : @ 32961.796: touch gesture: no valid gesture detected
04-17 10:30:32.184576   984  1089 W ASH     : @ 32961.860: touch gesture: no valid gesture detected
04-17 10:30:32.249439   984  1089 W ASH     : @ 32961.925: touch gesture: no valid gesture detected
04-17 10:30:32.313500   984  1089 W ASH     : @ 32961.989: touch gesture: no valid gesture detected
04-17 10:30:32.377893   984  1089 W ASH     : @ 32962.053: touch gesture: no valid gesture detected
04-17 10:30:32.442334   984  1089 W ASH     : @ 32962.118: touch gesture: no valid gesture detected
04-17 10:30:32.506506   984  1089 W ASH     : @ 32962.182: touch gesture: no valid gesture detected
04-17 10:30:32.570972   984  1089 W ASH     : @ 32962.246: touch gesture: no valid gesture detected
04-17 10:30:32.635067   984  1089 W ASH     : @ 32962.311: touch gesture: no valid gesture detected
04-17 10:30:32.699720   984  1089 W ASH     : @ 32962.375: touch gesture: no valid gesture detected
04-17 10:30:32.763990   984  1089 W ASH     : @ 32962.440: touch gesture: no valid gesture detected
04-17 10:30:32.828617   984  1089 W ASH     : @ 32962.504: touch gesture: no valid gesture detected
04-17 10:30:32.892839   984  1089 W ASH     : @ 32962.568: touch gesture: no valid gesture detected
04-17 10:30:32.957252   984  1089 W ASH     : @ 32962.633: touch gesture: no valid gesture detected
04-17 10:30:33.021717   984  1089 W ASH     : @ 32962.697: touch gesture: no valid gesture detected
04-17 10:30:33.086183   984  1089 W ASH     : @ 32962.761: touch gesture: no valid gesture detected
04-17 10:30:33.150485   984  1089 W ASH     : @ 32962.826: touch gesture: no valid gesture detected
04-17 10:30:33.215201   984  1089 W ASH     : @ 32962.890: touch gesture: no valid gesture detected
04-17 10:30:33.279582   984  1089 W ASH     : @ 32962.955: touch gesture: no valid gesture detected
04-17 10:30:33.344308   984  1089 W ASH     : @ 32963.019: touch gesture: no valid gesture detected
04-17 10:30:33.407143   984  1089 W ASH     : @ 32963.084: touch gesture: no valid gesture detected
04-17 10:30:33.472909   984  1089 W ASH     : @ 32963.148: touch gesture: no valid gesture detected
04-17 10:30:33.537266   984  1089 W ASH     : @ 32963.213: touch gesture: no valid gesture detected
04-17 10:30:33.602119   984  1089 W ASH     : @ 32963.277: touch gesture: no valid gesture detected
04-17 10:30:33.666144   984  1089 W ASH     : @ 32963.342: touch gesture: no valid gesture detected
04-17 10:30:33.730464   984  1089 W ASH     : @ 32963.406: touch gesture: no valid gesture detected
04-17 10:30:33.795179   984  1089 W ASH     : @ 32963.470: touch gesture: no valid gesture detected
04-17 10:30:33.859432   984  1089 W ASH     : @ 32963.535: touch gesture: no valid gesture detected
04-17 10:30:33.924157   984  1089 W ASH     : @ 32963.599: touch gesture: no valid gesture detected
04-17 10:30:33.988109   984  1089 W ASH     : @ 32963.664: touch gesture: no valid gesture detected
04-17 10:30:34.052251   984  1089 W ASH     : @ 32963.728: touch gesture: no valid gesture detected
04-17 10:30:34.116653   984  1089 W ASH     : @ 32963.792: touch gesture: no valid gesture detected
04-17 10:30:34.181269   984  1089 W ASH     : @ 32963.857: touch gesture: no valid gesture detected
04-17 10:30:34.245101   984  1089 W ASH     : @ 32963.921: touch gesture: no valid gesture detected
04-17 10:30:34.309942   984  1089 W ASH     : @ 32963.985: touch gesture: no valid gesture detected
04-17 10:30:34.373395   984  1089 W ASH     : @ 32964.050: touch gesture: no valid gesture detected
04-17 10:30:34.438741   984  1089 W ASH     : @ 32964.114: touch gesture: no valid gesture detected
04-17 10:30:34.502964   984  1089 W ASH     : @ 32964.178: touch gesture: no valid gesture detected
04-17 10:30:34.567472   984  1089 W ASH     : @ 32964.243: touch gesture: no valid gesture detected
04-17 10:30:34.631429   984  1089 W ASH     : @ 32964.307: touch gesture: no valid gesture detected
04-17 10:30:34.696075   984  1089 W ASH     : @ 32964.372: touch gesture: no valid gesture detected
04-17 10:30:34.760486   984  1089 W ASH     : @ 32964.436: touch gesture: no valid gesture detected
04-17 10:30:34.825183   984  1089 W ASH     : @ 32964.500: touch gesture: no valid gesture detected
04-17 10:30:34.889407   984  1089 W ASH     : @ 32964.565: touch gesture: no valid gesture detected
04-17 10:30:34.953326   984  1089 W ASH     : @ 32964.629: touch gesture: no valid gesture detected
04-17 10:30:35.018285   984  1089 W ASH     : @ 32964.693: touch gesture: no valid gesture detected
04-17 10:30:35.082747   984  1089 W ASH     : @ 32964.758: touch gesture: no valid gesture detected
04-17 10:30:35.146541   984  1089 W ASH     : @ 32964.822: touch gesture: no valid gesture detected
04-17 10:30:35.211079   984  1089 W ASH     : @ 32964.887: touch gesture: no valid gesture detected
04-17 10:30:35.275731   984  1089 W ASH     : @ 32964.951: touch gesture: no valid gesture detected
04-17 10:30:35.340067   984  1089 W ASH     : @ 32965.015: touch gesture: no valid gesture detected
04-17 10:30:35.404772   984  1089 W ASH     : @ 32965.080: touch gesture: no valid gesture detected
04-17 10:30:35.469096   984  1089 W ASH     : @ 32965.145: touch gesture: no valid gesture detected
04-17 10:30:35.533183   984  1089 W ASH     : @ 32965.209: touch gesture: no valid gesture detected
04-17 10:30:35.598152   984  1089 W ASH     : @ 32965.273: touch gesture: no valid gesture detected
04-17 10:30:35.662215   984  1089 W ASH     : @ 32965.338: touch gesture: no valid gesture detected
04-17 10:30:35.727081   984  1089 W ASH     : @ 32965.402: touch gesture: no valid gesture detected
04-17 10:30:35.791261   984  1089 W ASH     : @ 32965.467: touch gesture: no valid gesture detected
04-17 10:30:35.855426   984  1089 W ASH     : @ 32965.531: touch gesture: no valid gesture detected
04-17 10:30:35.920096   984  1089 W ASH     : @ 32965.596: touch gesture: no valid gesture detected
04-17 10:30:35.984793   984  1089 W ASH     : @ 32965.660: touch gesture: no valid gesture detected
04-17 10:30:36.049128   984  1089 W ASH     : @ 32965.725: touch gesture: no valid gesture detected
04-17 10:30:36.113231   984  1089 W ASH     : @ 32965.789: touch gesture: no valid gesture detected
04-17 10:30:36.178018   984  1089 W ASH     : @ 32965.853: touch gesture: no valid gesture detected
04-17 10:30:36.242463   984  1089 W ASH     : @ 32965.918: touch gesture: no valid gesture detected
04-17 10:30:36.306572   984  1089 W ASH     : @ 32965.982: touch gesture: no valid gesture detected
04-17 10:30:36.371368   984  1089 W ASH     : @ 32966.047: touch gesture: no valid gesture detected
04-17 10:30:36.435577   984  1089 W ASH     : @ 32966.111: touch gesture: no valid gesture detected
04-17 10:30:36.499850   984  1089 W ASH     : @ 32966.176: touch gesture: no valid gesture detected
04-17 10:30:36.564454   984  1089 W ASH     : @ 32966.240: touch gesture: no valid gesture detected
04-17 10:30:36.628759   984  1089 W ASH     : @ 32966.305: touch gesture: no valid gesture detected
04-17 10:30:36.692241   984  1089 W ASH     : @ 32966.369: touch gesture: no valid gesture detected
04-17 10:30:36.757729   984  1089 W ASH     : @ 32966.433: touch gesture: no valid gesture detected
04-17 10:30:36.822779   984  1089 W ASH     : @ 32966.498: touch gesture: no valid gesture detected
04-17 10:30:36.887312   984  1089 W ASH     : @ 32966.562: touch gesture: no valid gesture detected
04-17 10:30:36.951715   984  1089 W ASH     : @ 32966.627: touch gesture: no valid gesture detected
04-17 10:30:37.016127   984  1089 W ASH     : @ 32966.691: touch gesture: no valid gesture detected
04-17 10:30:37.080234   984  1089 W ASH     : @ 32966.756: touch gesture: no valid gesture detected
04-17 10:30:37.145215   984  1089 W ASH     : @ 32966.820: touch gesture: no valid gesture detected
04-17 10:30:37.209728   984  1089 W ASH     : @ 32966.885: touch gesture: no valid gesture detected
04-17 10:30:37.274279   984  1089 W ASH     : @ 32966.950: touch gesture: no valid gesture detected
04-17 10:30:37.338737   984  1089 W ASH     : @ 32967.014: touch gesture: no valid gesture detected
04-17 10:30:37.403384   984  1089 W ASH     : @ 32967.079: touch gesture: no valid gesture detected
04-17 10:30:37.468043   984  1089 W ASH     : @ 32967.143: touch gesture: no valid gesture detected
04-17 10:30:37.532807   984  1089 W ASH     : @ 32967.208: touch gesture: no valid gesture detected
04-17 10:30:37.596713   984  1089 W ASH     : @ 32967.272: touch gesture: no valid gesture detected
04-17 10:30:37.661453   984  1089 W ASH     : @ 32967.337: touch gesture: no valid gesture detected
04-17 10:30:37.726029   984  1089 W ASH     : @ 32967.401: touch gesture: no valid gesture detected
04-17 10:30:37.790143   984  1089 W ASH     : @ 32967.466: touch gesture: no valid gesture detected
04-17 10:30:37.854847   984  1089 W ASH     : @ 32967.530: touch gesture: no valid gesture detected
04-17 10:30:37.919665   984  1089 W ASH     : @ 32967.595: touch gesture: no valid gesture detected
04-17 10:30:37.984157   984  1089 W ASH     : @ 32967.659: touch gesture: no valid gesture detected
04-17 10:30:38.048891   984  1089 W ASH     : @ 32967.724: touch gesture: no valid gesture detected
04-17 10:30:38.113400   984  1089 W ASH     : @ 32967.788: touch gesture: no valid gesture detected
04-17 10:30:38.177103   984  1089 W ASH     : @ 32967.853: touch gesture: no valid gesture detected
04-17 10:30:38.241549   984  1089 W ASH     : @ 32967.917: touch gesture: no valid gesture detected
04-17 10:30:38.306412   984  1089 W ASH     : @ 32967.982: touch gesture: no valid gesture detected
04-17 10:30:38.370692   984  1089 W ASH     : @ 32968.046: touch gesture: no valid gesture detected
04-17 10:30:38.435240   984  1089 W ASH     : @ 32968.111: touch gesture: no valid gesture detected
04-17 10:30:38.499601   984  1089 W ASH     : @ 32968.175: touch gesture: no valid gesture detected
04-17 10:30:38.563889   984  1089 W ASH     : @ 32968.239: touch gesture: no valid gesture detected
04-17 10:30:38.628445   984  1089 W ASH     : @ 32968.304: touch gesture: no valid gesture detected
04-17 10:30:38.693370   984  1089 W ASH     : @ 32968.368: touch gesture: no valid gesture detected
04-17 10:30:38.756211   984  1089 W ASH     : @ 32968.433: touch gesture: no valid gesture detected
04-17 10:30:38.821714   984  1089 W ASH     : @ 32968.497: touch gesture: no valid gesture detected
04-17 10:30:38.886224   984  1089 W ASH     : @ 32968.562: touch gesture: no valid gesture detected
04-17 10:30:38.950823   984  1089 W ASH     : @ 32968.626: touch gesture: no valid gesture detected
04-17 10:30:39.014859   984  1089 W ASH     : @ 32968.690: touch gesture: no valid gesture detected
04-17 10:30:39.079409   984  1089 W ASH     : @ 32968.755: touch gesture: no valid gesture detected
04-17 10:30:39.143981   984  1089 W ASH     : @ 32968.819: touch gesture: no valid gesture detected
04-17 10:30:39.208205   984  1089 W ASH     : @ 32968.884: touch gesture: no valid gesture detected
04-17 10:30:39.272903   984  1089 W ASH     : @ 32968.948: touch gesture: no valid gesture detected
04-17 10:30:39.337276   984  1089 W ASH     : @ 32969.013: touch gesture: no valid gesture detected
04-17 10:30:39.401240   984  1089 W ASH     : @ 32969.077: touch gesture: no valid gesture detected
04-17 10:30:39.465557   984  1089 W ASH     : @ 32969.141: touch gesture: no valid gesture detected
04-17 10:30:39.530072   984  1089 W ASH     : @ 32969.206: touch gesture: no valid gesture detected
04-17 10:30:39.594468   984  1089 W ASH     : @ 32969.270: touch gesture: no valid gesture detected
04-17 10:30:39.659081   984  1089 W ASH     : @ 32969.335: touch gesture: no valid gesture detected
04-17 10:30:39.723420   984  1089 W ASH     : @ 32969.399: touch gesture: no valid gesture detected
04-17 10:30:39.787920   984  1089 W ASH     : @ 32969.463: touch gesture: no valid gesture detected
04-17 10:30:39.852263   984  1089 W ASH     : @ 32969.528: touch gesture: no valid gesture detected
04-17 10:30:39.916733   984  1089 W ASH     : @ 32969.592: touch gesture: no valid gesture detected
04-17 10:30:39.980981   984  1089 W ASH     : @ 32969.657: touch gesture: no valid gesture detected
04-17 10:30:40.045523   984  1089 W ASH     : @ 32969.721: touch gesture: no valid gesture detected
04-17 10:30:40.109941   984  1089 W ASH     : @ 32969.785: touch gesture: no valid gesture detected
04-17 10:30:40.174002   984  1089 W ASH     : @ 32969.850: touch gesture: no valid gesture detected
04-17 10:30:40.238950   984  1089 W ASH     : @ 32969.914: touch gesture: no valid gesture detected
04-17 10:30:40.303069   984  1089 W ASH     : @ 32969.979: touch gesture: no valid gesture detected
04-17 10:30:40.367446   984  1089 W ASH     : @ 32970.043: touch gesture: no valid gesture detected
04-17 10:30:40.432147   984  1089 W ASH     : @ 32970.108: touch gesture: no valid gesture detected
04-17 10:30:40.496682   984  1089 W ASH     : @ 32970.172: touch gesture: no valid gesture detected
04-17 10:30:40.561325   984  1089 W ASH     : @ 32970.237: touch gesture: no valid gesture detected
04-17 10:30:40.625467   984  1089 W ASH     : @ 32970.301: touch gesture: no valid gesture detected
04-17 10:30:40.690079   984  1089 W ASH     : @ 32970.366: touch gesture: no valid gesture detected
04-17 10:30:40.754358   984  1089 W ASH     : @ 32970.430: touch gesture: no valid gesture detected
04-17 10:30:40.819032   984  1089 W ASH     : @ 32970.495: touch gesture: no valid gesture detected
04-17 10:30:40.883656   984  1089 W ASH     : @ 32970.559: touch gesture: no valid gesture detected
04-17 10:30:40.948142   984  1089 W ASH     : @ 32970.624: touch gesture: no valid gesture detected
04-17 10:30:41.013057   984  1089 W ASH     : @ 32970.688: touch gesture: no valid gesture detected
04-17 10:30:41.077014   984  1089 W ASH     : @ 32970.753: touch gesture: no valid gesture detected
04-17 10:30:41.141682   984  1089 W ASH     : @ 32970.817: touch gesture: no valid gesture detected
04-17 10:30:41.206609   984  1089 W ASH     : @ 32970.882: touch gesture: no valid gesture detected
04-17 10:30:41.270513   984  1089 W ASH     : @ 32970.946: touch gesture: no valid gesture detected
04-17 10:30:41.335075   984  1089 W ASH     : @ 32971.011: touch gesture: no valid gesture detected
04-17 10:30:41.399752   984  1089 W ASH     : @ 32971.075: touch gesture: no valid gesture detected
04-17 10:30:41.464176   984  1089 W ASH     : @ 32971.140: touch gesture: no valid gesture detected
04-17 10:30:41.529006   984  1089 W ASH     : @ 32971.204: touch gesture: no valid gesture detected
04-17 10:30:41.593337   984  1089 W ASH     : @ 32971.269: touch gesture: no valid gesture detected
04-17 10:30:41.657741   984  1089 W ASH     : @ 32971.333: touch gesture: no valid gesture detected
04-17 10:30:41.722667   984  1089 W ASH     : @ 32971.398: touch gesture: no valid gesture detected
04-17 10:30:41.786937   984  1089 W ASH     : @ 32971.462: touch gesture: no valid gesture detected
04-17 10:30:41.851537   984  1089 W ASH     : @ 32971.527: touch gesture: no valid gesture detected
04-17 10:30:41.916238   984  1089 W ASH     : @ 32971.591: touch gesture: no valid gesture detected
04-17 10:30:41.980401   984  1089 W ASH     : @ 32971.656: touch gesture: no valid gesture detected
04-17 10:30:42.043895   984  1089 W ASH     : @ 32971.720: touch gesture: no valid gesture detected
04-17 10:30:42.109458   984  1089 W ASH     : @ 32971.785: touch gesture: no valid gesture detected
04-17 10:30:42.174035   984  1089 W ASH     : @ 32971.849: touch gesture: no valid gesture detected
04-17 10:30:42.238205   984  1089 W ASH     : @ 32971.914: touch gesture: no valid gesture detected
04-17 10:30:42.302986   984  1089 W ASH     : @ 32971.978: touch gesture: no valid gesture detected
04-17 10:30:42.367653   984  1089 W ASH     : @ 32972.043: touch gesture: no valid gesture detected
04-17 10:30:42.431987   984  1089 W ASH     : @ 32972.107: touch gesture: no valid gesture detected
04-17 10:30:42.496229   984  1089 W ASH     : @ 32972.172: touch gesture: no valid gesture detected
04-17 10:30:42.561274   984  1089 W ASH     : @ 32972.236: touch gesture: no valid gesture detected
04-17 10:30:42.625505   984  1089 W ASH     : @ 32972.301: touch gesture: no valid gesture detected
04-17 10:30:42.690220   984  1089 W ASH     : @ 32972.365: touch gesture: no valid gesture detected
04-17 10:30:42.753910   984  1089 W ASH     : @ 32972.430: touch gesture: no valid gesture detected
04-17 10:30:42.818409   984  1089 W ASH     : @ 32972.494: touch gesture: no valid gesture detected
04-17 10:30:42.883086   984  1089 W ASH     : @ 32972.558: touch gesture: no valid gesture detected
04-17 10:30:42.947142   984  1089 W ASH     : @ 32972.623: touch gesture: no valid gesture detected
04-17 10:30:43.011603   984  1089 W ASH     : @ 32972.687: touch gesture: no valid gesture detected
04-17 10:30:43.076104   984  1089 W ASH     : @ 32972.752: touch gesture: no valid gesture detected
04-17 10:30:43.140753   984  1089 W ASH     : @ 32972.816: touch gesture: no valid gesture detected
04-17 10:30:43.205076   984  1089 W ASH     : @ 32972.880: touch gesture: no valid gesture detected
04-17 10:30:43.269476   984  1089 W ASH     : @ 32972.945: touch gesture: no valid gesture detected
04-17 10:30:43.333519   984  1089 W ASH     : @ 32973.009: touch gesture: no valid gesture detected
04-17 10:30:43.397925   984  1089 W ASH     : @ 32973.074: touch gesture: no valid gesture detected
04-17 10:30:43.462328   984  1089 W ASH     : @ 32973.138: touch gesture: no valid gesture detected
04-17 10:30:43.527055   984  1089 W ASH     : @ 32973.202: touch gesture: no valid gesture detected
04-17 10:30:43.591237   984  1089 W ASH     : @ 32973.267: touch gesture: no valid gesture detected
04-17 10:30:43.655346   984  1089 W ASH     : @ 32973.331: touch gesture: no valid gesture detected
04-17 10:30:43.720032   984  1089 W ASH     : @ 32973.395: touch gesture: no valid gesture detected
04-17 10:30:43.784468   984  1089 W ASH     : @ 32973.460: touch gesture: no valid gesture detected
04-17 10:30:43.848604   984  1089 W ASH     : @ 32973.524: touch gesture: no valid gesture detected
04-17 10:30:43.913005   984  1089 W ASH     : @ 32973.589: touch gesture: no valid gesture detected
04-17 10:30:43.977262   984  1089 W ASH     : @ 32973.653: touch gesture: no valid gesture detected
04-17 10:30:44.041855   984  1089 W ASH     : @ 32973.717: touch gesture: no valid gesture detected
04-17 10:30:44.106469   984  1089 W ASH     : @ 32973.782: touch gesture: no valid gesture detected
04-17 10:30:44.169454   984  1089 W ASH     : @ 32973.846: touch gesture: no valid gesture detected
04-17 10:30:44.171242   960   960 D vendor.qti.bluetooth@1.0-uart_transport: SocRxDWakeup: Flow off->Change UART baudrate to 38.4kbs->send 0x00->Change UART baudrate to max->Flow on
04-17 10:30:44.171450   960   960 I vendor.qti.bluetooth@1.0-uart_transport: ## userial_vendor_ioctl: UART Flow Off 
--------- switch to kernel
04-17 10:30:44.168427     0     0 I         : c0    960 msm_geni_serial 894000.qcom,qup_uart: msm_geni_serial_set_termios: Start
04-17 10:30:44.169460     0     0 I         : c2    960 msm_geni_serial 894000.qcom,qup_uart: msm_geni_serial_set_termios: geni_se_clk_freq_match
04-17 10:30:44.169625     0     0 I         : c2    960 msm_geni_serial 894000.qcom,qup_uart: msm_geni_serial_set_termios: check parity
04-17 10:30:44.169654     0     0 I         : c2    960 msm_geni_serial 894000.qcom,qup_uart: msm_geni_serial_set_termios: geni_serial_write_term_regs
04-17 10:30:44.169720     0     0 I         : c2    960 msm_geni_serial 894000.qcom,qup_uart: msm_geni_serial_set_termios: End
--------- switch to main
04-17 10:30:44.173744   960   960 I vendor.qti.bluetooth@1.0-uart_transport: ## userial_vendor_set_baud: 17
--------- switch to kernel
04-17 10:30:44.170738     0     0 I         : c0    960 msm_geni_serial 894000.qcom,qup_uart: msm_geni_serial_set_termios: Start
--------- switch to main
04-17 10:30:44.184187   960   960 I vendor.qti.bluetooth@1.0-uart_transport: SetBaudRate: in BOTHER
04-17 10:30:44.184287   960   960 I vendor.qti.bluetooth@1.0-uart_transport: ## userial_vendor_ioctl: UART Flow On 
04-17 10:30:44.184989   960  3561 I vendor.qti.bluetooth@1.0-ibs_handler: ProcessIbsCmd: Received IBS_WAKE_ACK: 0xFC
04-17 10:30:44.185056   960  3561 I vendor.qti.bluetooth@1.0-ibs_handler: ProcessIbsCmd: Signal wack_cond_
04-17 10:30:44.185680   960  3561 I vendor.qti.bluetooth@1.0-ibs_handler: ProcessIbsCmd: Received IBS_WAKE_ACK: 0xFC
04-17 10:30:44.185773   960  3561 I vendor.qti.bluetooth@1.0-ibs_handler: ProcessIbsCmd: Signal wack_cond_
04-17 10:30:44.186132   960   960 D vendor.qti.bluetooth@1.0-ibs_handler: DeviceWakeUp: Unblocked from waiting for FC
--------- switch to kernel
04-17 10:30:44.180231     0     0 I         : c2    960 msm_geni_serial 894000.qcom,qup_uart: msm_geni_serial_set_termios: geni_se_clk_freq_match
04-17 10:30:44.180822     0     0 I         : c2    960 msm_geni_serial 894000.qcom,qup_uart: msm_geni_serial_set_termios: check parity
04-17 10:30:44.180857     0     0 I         : c2    960 msm_geni_serial 894000.qcom,qup_uart: msm_geni_serial_set_termios: geni_serial_write_term_regs
04-17 10:30:44.180925     0     0 I         : c2    960 msm_geni_serial 894000.qcom,qup_uart: msm_geni_serial_set_termios: End
--------- switch to main
04-17 10:30:44.235100   984  1089 W ASH     : @ 32973.911: touch gesture: no valid gesture detected
04-17 10:30:44.299494   984  1089 W ASH     : @ 32973.975: touch gesture: no valid gesture detected
04-17 10:30:44.364380   984  1089 W ASH     : @ 32974.040: touch gesture: no valid gesture detected
04-17 10:30:44.428701   984  1089 W ASH     : @ 32974.104: touch gesture: no valid gesture detected
04-17 10:30:44.492869   984  1089 W ASH     : @ 32974.168: touch gesture: no valid gesture detected
04-17 10:30:44.557668   984  1089 W ASH     : @ 32974.233: touch gesture: no valid gesture detected
04-17 10:30:44.622134   984  1089 W ASH     : @ 32974.298: touch gesture: no valid gesture detected
04-17 10:30:44.686784   984  1089 W ASH     : @ 32974.362: touch gesture: no valid gesture detected
04-17 10:30:44.751119   984  1089 W ASH     : @ 32974.427: touch gesture: no valid gesture detected
04-17 10:30:44.815618   984  1089 W ASH     : @ 32974.491: touch gesture: no valid gesture detected
04-17 10:30:44.880317   984  1089 W ASH     : @ 32974.556: touch gesture: no valid gesture detected
04-17 10:30:44.944685   984  1089 W ASH     : @ 32974.620: touch gesture: no valid gesture detected
04-17 10:30:45.009048   984  1089 W ASH     : @ 32974.684: touch gesture: no valid gesture detected
04-17 10:30:45.073527   984  1089 W ASH     : @ 32974.749: touch gesture: no valid gesture detected
04-17 10:30:45.137986   984  1089 W ASH     : @ 32974.813: touch gesture: no valid gesture detected
04-17 10:30:45.201691   984  1089 W ASH     : @ 32974.878: touch gesture: no valid gesture detected
04-17 10:30:45.266675   984  1089 W ASH     : @ 32974.942: touch gesture: no valid gesture detected
04-17 10:30:45.331307   984  1089 W ASH     : @ 32975.007: touch gesture: no valid gesture detected
04-17 10:30:45.395799   984  1089 W ASH     : @ 32975.071: touch gesture: no valid gesture detected
04-17 10:30:45.460449   984  1089 W ASH     : @ 32975.136: touch gesture: no valid gesture detected
04-17 10:30:45.525008   984  1089 W ASH     : @ 32975.200: touch gesture: no valid gesture detected
04-17 10:30:45.587714   984  1089 W ASH     : @ 32975.265: touch gesture: no valid gesture detected
--------- switch to kernel
04-17 10:30:45.632560     0     0 I         : c4   5644 qcom_rpmh DRV:apps_rsc TCS Busy, retrying RPMH message send: addr=0x30000
--------- switch to main
04-17 10:30:45.654164   984  1089 W ASH     : @ 32975.329: touch gesture: no valid gesture detected
04-17 10:30:45.718684   984  1089 W ASH     : @ 32975.394: touch gesture: no valid gesture detected
04-17 10:30:45.783491   984  1089 W ASH     : @ 32975.458: touch gesture: no valid gesture detected
04-17 10:30:45.847108   984  1089 W ASH     : @ 32975.523: touch gesture: no valid gesture detected
04-17 10:30:45.911807   984  1089 W ASH     : @ 32975.587: touch gesture: no valid gesture detected
04-17 10:30:45.976387   984  1089 W ASH     : @ 32975.652: touch gesture: no valid gesture detected
04-17 10:30:46.040542   984  1089 W ASH     : @ 32975.716: touch gesture: no valid gesture detected
04-17 10:30:46.105036   984  1089 W ASH     : @ 32975.780: touch gesture: no valid gesture detected
04-17 10:30:46.169569   984  1089 W ASH     : @ 32975.845: touch gesture: no valid gesture detected
04-17 10:30:46.233814   984  1089 W ASH     : @ 32975.909: touch gesture: no valid gesture detected
04-17 10:30:46.298004   984  1089 W ASH     : @ 32975.974: touch gesture: no valid gesture detected
04-17 10:30:46.362703   984  1089 W ASH     : @ 32976.038: touch gesture: no valid gesture detected
04-17 10:30:46.427024   984  1089 W ASH     : @ 32976.103: touch gesture: no valid gesture detected
04-17 10:30:46.491640   984  1089 W ASH     : @ 32976.167: touch gesture: no valid gesture detected
04-17 10:30:46.556004   984  1089 W ASH     : @ 32976.231: touch gesture: no valid gesture detected
04-17 10:30:46.620013   984  1089 W ASH     : @ 32976.296: touch gesture: no valid gesture detected
04-17 10:30:46.684895   984  1089 W ASH     : @ 32976.360: touch gesture: no valid gesture detected
04-17 10:30:46.749381   984  1089 W ASH     : @ 32976.425: touch gesture: no valid gesture detected
04-17 10:30:46.813894   984  1089 W ASH     : @ 32976.489: touch gesture: no valid gesture detected
04-17 10:30:46.877880   984  1089 W ASH     : @ 32976.553: touch gesture: no valid gesture detected
04-17 10:30:46.942085   984  1089 W ASH     : @ 32976.618: touch gesture: no valid gesture detected
04-17 10:30:47.006497   984  1089 W ASH     : @ 32976.682: touch gesture: no valid gesture detected
04-17 10:30:47.070705   984  1089 W ASH     : @ 32976.747: touch gesture: no valid gesture detected
04-17 10:30:47.135425   984  1089 W ASH     : @ 32976.811: touch gesture: no valid gesture detected
04-17 10:30:47.200054   984  1089 W ASH     : @ 32976.876: touch gesture: no valid gesture detected
04-17 10:30:47.264435   984  1089 W ASH     : @ 32976.940: touch gesture: no valid gesture detected
04-17 10:30:47.328887   984  1089 W ASH     : @ 32977.004: touch gesture: no valid gesture detected
04-17 10:30:47.393383   984  1089 W ASH     : @ 32977.069: touch gesture: no valid gesture detected
04-17 10:30:47.457958   984  1089 W ASH     : @ 32977.133: touch gesture: no valid gesture detected
04-17 10:30:47.522163   984  1089 W ASH     : @ 32977.198: touch gesture: no valid gesture detected
04-17 10:30:47.586411   984  1089 W ASH     : @ 32977.262: touch gesture: no valid gesture detected
04-17 10:30:47.651118   984  1089 W ASH     : @ 32977.327: touch gesture: no valid gesture detected
04-17 10:30:47.715447   984  1089 W ASH     : @ 32977.391: touch gesture: no valid gesture detected
04-17 10:30:47.780120   984  1089 W ASH     : @ 32977.455: touch gesture: no valid gesture detected
04-17 10:30:47.844125   984  1089 W ASH     : @ 32977.520: touch gesture: no valid gesture detected
04-17 10:30:47.907890   984  1089 W ASH     : @ 32977.584: touch gesture: no valid gesture detected
04-17 10:30:47.973024   984  1089 W ASH     : @ 32977.649: touch gesture: no valid gesture detected
04-17 10:30:48.037315   984  1089 W ASH     : @ 32977.713: touch gesture: no valid gesture detected
04-17 10:30:48.102031   984  1089 W ASH     : @ 32977.777: touch gesture: no valid gesture detected
04-17 10:30:48.166325   984  1089 W ASH     : @ 32977.842: touch gesture: no valid gesture detected
04-17 10:30:48.230917   984  1089 W ASH     : @ 32977.906: touch gesture: no valid gesture detected
04-17 10:30:48.295507   984  1089 W ASH     : @ 32977.971: touch gesture: no valid gesture detected
04-17 10:30:48.359594   984  1089 W ASH     : @ 32978.035: touch gesture: no valid gesture detected
04-17 10:30:48.424125   984  1089 W ASH     : @ 32978.099: touch gesture: no valid gesture detected
04-17 10:30:48.488763   984  1089 W ASH     : @ 32978.164: touch gesture: no valid gesture detected
04-17 10:30:48.553093   984  1089 W ASH     : @ 32978.228: touch gesture: no valid gesture detected
04-17 10:30:48.617473   984  1089 W ASH     : @ 32978.293: touch gesture: no valid gesture detected
04-17 10:30:48.681831   984  1089 W ASH     : @ 32978.357: touch gesture: no valid gesture detected
04-17 10:30:48.746416   984  1089 W ASH     : @ 32978.422: touch gesture: no valid gesture detected
04-17 10:30:48.810652   984  1089 W ASH     : @ 32978.486: touch gesture: no valid gesture detected
04-17 10:30:48.875215   984  1089 W ASH     : @ 32978.551: touch gesture: no valid gesture detected
04-17 10:30:48.939937   984  1089 W ASH     : @ 32978.615: touch gesture: no valid gesture detected
04-17 10:30:49.003595   984  1089 W ASH     : @ 32978.679: touch gesture: no valid gesture detected
04-17 10:30:49.068454   984  1089 W ASH     : @ 32978.744: touch gesture: no valid gesture detected
04-17 10:30:49.132713   984  1089 W ASH     : @ 32978.808: touch gesture: no valid gesture detected
04-17 10:30:49.196913   984  1089 W ASH     : @ 32978.873: touch gesture: no valid gesture detected
04-17 10:30:49.261917   984  1089 W ASH     : @ 32978.937: touch gesture: no valid gesture detected
04-17 10:30:49.326122   984  1089 W ASH     : @ 32979.001: touch gesture: no valid gesture detected
04-17 10:30:49.390640   984  1089 W ASH     : @ 32979.066: touch gesture: no valid gesture detected
04-17 10:30:49.454937   984  1089 W ASH     : @ 32979.130: touch gesture: no valid gesture detected
