04-17 04:25:23.292146   984  1089 W ASH     : @ 11052.970: touch gesture: no valid gesture detected
04-17 04:25:23.357532   984  1089 W ASH     : @ 11053.035: touch gesture: no valid gesture detected
04-17 04:25:23.421703   984  1089 W ASH     : @ 11053.099: touch gesture: no valid gesture detected
04-17 04:25:23.485324   984  1089 W ASH     : @ 11053.163: touch gesture: no valid gesture detected
04-17 04:25:23.549816   984  1089 W ASH     : @ 11053.228: touch gesture: no valid gesture detected
04-17 04:25:23.614826   984  1089 W ASH     : @ 11053.292: touch gesture: no valid gesture detected
04-17 04:25:23.678588   984  1089 W ASH     : @ 11053.356: touch gesture: no valid gesture detected
04-17 04:25:23.743254   984  1089 W ASH     : @ 11053.421: touch gesture: no valid gesture detected
04-17 04:25:23.807542   984  1089 W ASH     : @ 11053.485: touch gesture: no valid gesture detected
04-17 04:25:23.871856   984  1089 W ASH     : @ 11053.550: touch gesture: no valid gesture detected
04-17 04:25:23.936477   984  1089 W ASH     : @ 11053.614: touch gesture: no valid gesture detected
04-17 04:25:24.000777   984  1089 W ASH     : @ 11053.678: touch gesture: no valid gesture detected
04-17 04:25:24.065051   984  1089 W ASH     : @ 11053.743: touch gesture: no valid gesture detected
04-17 04:25:24.128888   984  1089 W ASH     : @ 11053.807: touch gesture: no valid gesture detected
04-17 04:25:24.194519   984  1089 W ASH     : @ 11053.872: touch gesture: no valid gesture detected
04-17 04:25:24.258397   984  1089 W ASH     : @ 11053.936: touch gesture: no valid gesture detected
04-17 04:25:24.322590   984  1089 W ASH     : @ 11054.000: touch gesture: no valid gesture detected
--------- switch to kernel
04-17 04:25:24.365868     0     0 I         : c1   5371 google_charger: usbchg=USB typec=C usbv=4989 usbc=114 usbMv=5000 usbMc=450
04-17 04:25:24.366056     0     0 I         : c1   5371 sm7250_bms: MSC_PCS chg_state=1c2116004010009 [0x9:4:1:4448:450] chg=u
04-17 04:25:24.366134     0     0 I         : c1   5371 google_battery: MSC_DIN chg_state=1c2116004010009 f=0x9 chg_s=Charging chg_t=Taper vchg=4448 icl=450
04-17 04:25:24.367594     0     0 I         : c1   5371 google_battery: MSC_STEADY vt=4430000 vb=4448428 fv_uv=4430000 margin=100000
04-17 04:25:24.367621     0     0 I         : c1   5371 google_battery: hold not defined for msc_state=10
04-17 04:25:24.367642     0     0 I         : c1   5371 google_battery: MSC_RSTC vt=4430000 vb=4448428 fv_uv=4430000 ibatt=-153503 cc_next_max=120000 t_cnt=0
04-17 04:25:24.367657     0     0 I         : c1   5371 google_battery: hold not defined for msc_state=14
04-17 04:25:24.367710     0     0 I         : c1   5371 google_battery: MSC_VOTE msc_state=14 cv_cnt=0 ov_cnt=0 temp_idx:2, vbatt_idx:4  fv_uv=4430000 cc_max=600000 update_interval=2000
04-17 04:25:24.367800     0     0 I         : c1   5371 google_charger: MSC_CHG fv_uv=4430000, cc_max=600000, rerun in 2000 ms (0)
--------- switch to main
04-17 04:25:24.386390   984  1089 W ASH     : @ 11054.065: touch gesture: no valid gesture detected
04-17 04:25:24.452029   984  1089 W ASH     : @ 11054.130: touch gesture: no valid gesture detected
04-17 04:25:24.516186   984  1089 W ASH     : @ 11054.194: touch gesture: no valid gesture detected
04-17 04:25:24.580744   984  1089 W ASH     : @ 11054.258: touch gesture: no valid gesture detected
04-17 04:25:24.645236   984  1089 W ASH     : @ 11054.323: touch gesture: no valid gesture detected
04-17 04:25:24.709103   984  1089 W ASH     : @ 11054.387: touch gesture: no valid gesture detected
04-17 04:25:24.773836   984  1089 W ASH     : @ 11054.452: touch gesture: no valid gesture detected
04-17 04:25:24.838514   984  1089 W ASH     : @ 11054.516: touch gesture: no valid gesture detected
04-17 04:25:24.902665   984  1089 W ASH     : @ 11054.580: touch gesture: no valid gesture detected
04-17 04:25:24.967462   984  1089 W ASH     : @ 11054.645: touch gesture: no valid gesture detected
04-17 04:25:25.030855   984  1089 W ASH     : @ 11054.710: touch gesture: no valid gesture detected
04-17 04:25:25.095821   984  1089 W ASH     : @ 11054.774: touch gesture: no valid gesture detected
04-17 04:25:25.161026   984  1089 W ASH     : @ 11054.839: touch gesture: no valid gesture detected
04-17 04:25:25.225586   984  1089 W ASH     : @ 11054.903: touch gesture: no valid gesture detected
04-17 04:25:25.290355   984  1089 W ASH     : @ 11054.968: touch gesture: no valid gesture detected
04-17 04:25:25.353385   984  1089 W ASH     : @ 11055.032: touch gesture: no valid gesture detected
04-17 04:25:25.419042   984  1089 W ASH     : @ 11055.097: touch gesture: no valid gesture detected
04-17 04:25:25.483650   984  1089 W ASH     : @ 11055.161: touch gesture: no valid gesture detected
04-17 04:25:25.548254   984  1089 W ASH     : @ 11055.226: touch gesture: no valid gesture detected
04-17 04:25:25.612468   984  1089 W ASH     : @ 11055.290: touch gesture: no valid gesture detected
04-17 04:25:25.677050   984  1089 W ASH     : @ 11055.355: touch gesture: no valid gesture detected
04-17 04:25:25.741740   984  1089 W ASH     : @ 11055.419: touch gesture: no valid gesture detected
04-17 04:25:25.806037   984  1089 W ASH     : @ 11055.484: touch gesture: no valid gesture detected
04-17 04:25:25.870353   984  1089 W ASH     : @ 11055.548: touch gesture: no valid gesture detected
04-17 04:25:25.935052   984  1089 W ASH     : @ 11055.613: touch gesture: no valid gesture detected
04-17 04:25:25.999732   984  1089 W ASH     : @ 11055.677: touch gesture: no valid gesture detected
04-17 04:25:26.064213   984  1089 W ASH     : @ 11055.741: touch gesture: no valid gesture detected
04-17 04:25:26.127390   984  1089 W ASH     : @ 11055.806: touch gesture: no valid gesture detected
04-17 04:25:26.192684   984  1089 W ASH     : @ 11055.870: touch gesture: no valid gesture detected
04-17 04:25:26.256912   984  1089 W ASH     : @ 11055.935: touch gesture: no valid gesture detected
04-17 04:25:26.321629   984  1089 W ASH     : @ 11055.999: touch gesture: no valid gesture detected
--------- switch to kernel
04-17 04:25:26.376904     0     0 I         : c1   5371 google_charger: usbchg=USB typec=C usbv=4980 usbc=118 usbMv=5000 usbMc=450
04-17 04:25:26.377268     0     0 I         : c1   5371 sm7250_bms: MSC_PCS chg_state=1c2116104010009 [0x9:4:1:4449:450] chg=u
04-17 04:25:26.377354     0     0 I         : c1   5371 google_battery: MSC_DIN chg_state=1c2116104010009 f=0x9 chg_s=Charging chg_t=Taper vchg=4449 icl=450
04-17 04:25:26.379104     0     0 I         : c1   5371 google_battery: MSC_STEADY vt=4430000 vb=4449012 fv_uv=4430000 margin=100000
04-17 04:25:26.379132     0     0 I         : c1   5371 google_battery: hold not defined for msc_state=10
04-17 04:25:26.379158     0     0 I         : c1   5371 google_battery: MSC_RSTC vt=4430000 vb=4449012 fv_uv=4430000 ibatt=-155334 cc_next_max=120000 t_cnt=0
04-17 04:25:26.379175     0     0 I         : c1   5371 google_battery: hold not defined for msc_state=14
04-17 04:25:26.379231     0     0 I         : c1   5371 google_battery: MSC_VOTE msc_state=14 cv_cnt=0 ov_cnt=0 temp_idx:2, vbatt_idx:4  fv_uv=4430000 cc_max=600000 update_interval=2000
04-17 04:25:26.379338     0     0 I         : c1   5371 google_charger: MSC_CHG fv_uv=4430000, cc_max=600000, rerun in 2000 ms (0)
--------- switch to main
04-17 04:25:26.384987   984  1089 W ASH     : @ 11056.064: touch gesture: no valid gesture detected
04-17 04:25:26.450687   984  1089 W ASH     : @ 11056.128: touch gesture: no valid gesture detected
04-17 04:25:26.515242   984  1089 W ASH     : @ 11056.193: touch gesture: no valid gesture detected
04-17 04:25:26.579623   984  1089 W ASH     : @ 11056.257: touch gesture: no valid gesture detected
04-17 04:25:26.644211   984  1089 W ASH     : @ 11056.322: touch gesture: no valid gesture detected
04-17 04:25:26.708588   984  1089 W ASH     : @ 11056.386: touch gesture: no valid gesture detected
04-17 04:25:26.771899   984  1089 W ASH     : @ 11056.451: touch gesture: no valid gesture detected
04-17 04:25:26.837730   984  1089 W ASH     : @ 11056.515: touch gesture: no valid gesture detected
04-17 04:25:26.901998   984  1089 W ASH     : @ 11056.580: touch gesture: no valid gesture detected
04-17 04:25:26.966885   984  1089 W ASH     : @ 11056.644: touch gesture: no valid gesture detected
04-17 04:25:27.031019   984  1089 W ASH     : @ 11056.709: touch gesture: no valid gesture detected
04-17 04:25:27.095713   984  1089 W ASH     : @ 11056.774: touch gesture: no valid gesture detected
04-17 04:25:27.160387   984  1089 W ASH     : @ 11056.838: touch gesture: no valid gesture detected
04-17 04:25:27.224917   984  1089 W ASH     : @ 11056.902: touch gesture: no valid gesture detected
04-17 04:25:27.289252   984  1089 W ASH     : @ 11056.967: touch gesture: no valid gesture detected
04-17 04:25:27.353933   984  1089 W ASH     : @ 11057.032: touch gesture: no valid gesture detected
04-17 04:25:27.418399   984  1089 W ASH     : @ 11057.096: touch gesture: no valid gesture detected
04-17 04:25:27.482618   984  1089 W ASH     : @ 11057.161: touch gesture: no valid gesture detected
04-17 04:25:27.547133   984  1089 W ASH     : @ 11057.225: touch gesture: no valid gesture detected
04-17 04:25:27.611819   984  1089 W ASH     : @ 11057.289: touch gesture: no valid gesture detected
04-17 04:25:27.676265   984  1089 W ASH     : @ 11057.354: touch gesture: no valid gesture detected
04-17 04:25:27.740879   984  1089 W ASH     : @ 11057.418: touch gesture: no valid gesture detected
04-17 04:25:27.805232   984  1089 W ASH     : @ 11057.483: touch gesture: no valid gesture detected
04-17 04:25:27.869516   984  1089 W ASH     : @ 11057.547: touch gesture: no valid gesture detected
04-17 04:25:27.934986   984  1089 W ASH     : @ 11057.612: touch gesture: no valid gesture detected
04-17 04:25:27.998919   984  1089 W ASH     : @ 11057.677: touch gesture: no valid gesture detected
04-17 04:25:28.063609   984  1089 W ASH     : @ 11057.741: touch gesture: no valid gesture detected
04-17 04:25:28.126431   984  1089 W ASH     : @ 11057.806: touch gesture: no valid gesture detected
04-17 04:25:28.192259   984  1089 W ASH     : @ 11057.870: touch gesture: no valid gesture detected
04-17 04:25:28.256663   984  1089 W ASH     : @ 11057.934: touch gesture: no valid gesture detected
04-17 04:25:28.321705   984  1089 W ASH     : @ 11057.999: touch gesture: no valid gesture detected
04-17 04:25:28.384392   984  1089 W ASH     : @ 11058.063: touch gesture: no valid gesture detected
--------- switch to kernel
04-17 04:25:28.393857     0     0 I         : c1   5371 google_charger: usbchg=USB typec=C usbv=4978 usbc=145 usbMv=5000 usbMc=450
04-17 04:25:28.393996     0     0 I         : c1   5371 sm7250_bms: MSC_PCS chg_state=1c2116004010009 [0x9:4:1:4448:450] chg=u
04-17 04:25:28.394042     0     0 I         : c1   5371 google_battery: MSC_DIN chg_state=1c2116004010009 f=0x9 chg_s=Charging chg_t=Taper vchg=4448 icl=450
04-17 04:25:28.395069     0     0 I         : c1   5371 google_battery: MSC_STEADY vt=4430000 vb=4448428 fv_uv=4430000 margin=100000
04-17 04:25:28.395079     0     0 I         : c1   5371 google_battery: hold not defined for msc_state=10
04-17 04:25:28.395090     0     0 I         : c1   5371 google_battery: MSC_RSTC vt=4430000 vb=4448428 fv_uv=4430000 ibatt=-151672 cc_next_max=120000 t_cnt=0
04-17 04:25:28.395096     0     0 I         : c1   5371 google_battery: hold not defined for msc_state=14
04-17 04:25:28.395128     0     0 I         : c1   5371 google_battery: MSC_VOTE msc_state=14 cv_cnt=0 ov_cnt=0 temp_idx:2, vbatt_idx:4  fv_uv=4430000 cc_max=600000 update_interval=2000
04-17 04:25:28.395177     0     0 I         : c1   5371 google_charger: MSC_CHG fv_uv=4430000, cc_max=600000, rerun in 2000 ms (0)
--------- switch to main
04-17 04:25:28.450380   984  1089 W ASH     : @ 11058.128: touch gesture: no valid gesture detected
04-17 04:25:28.514501   984  1089 W ASH     : @ 11058.192: touch gesture: no valid gesture detected
04-17 04:25:28.579153   984  1089 W ASH     : @ 11058.257: touch gesture: no valid gesture detected
04-17 04:25:28.643464   984  1089 W ASH     : @ 11058.321: touch gesture: no valid gesture detected
04-17 04:25:28.707996   984  1089 W ASH     : @ 11058.386: touch gesture: no valid gesture detected
04-17 04:25:28.772425   984  1089 W ASH     : @ 11058.450: touch gesture: no valid gesture detected
04-17 04:25:28.836682   984  1089 W ASH     : @ 11058.514: touch gesture: no valid gesture detected
04-17 04:25:28.901116   984  1089 W ASH     : @ 11058.579: touch gesture: no valid gesture detected
04-17 04:25:28.965602   984  1089 W ASH     : @ 11058.643: touch gesture: no valid gesture detected
04-17 04:25:29.029935   984  1089 W ASH     : @ 11058.708: touch gesture: no valid gesture detected
04-17 04:25:29.094430   984  1089 W ASH     : @ 11058.772: touch gesture: no valid gesture detected
04-17 04:25:29.159309   984  1089 W ASH     : @ 11058.837: touch gesture: no valid gesture detected
04-17 04:25:29.223308   984  1089 W ASH     : @ 11058.901: touch gesture: no valid gesture detected
04-17 04:25:29.288539   984  1089 W ASH     : @ 11058.966: touch gesture: no valid gesture detected
04-17 04:25:29.352514   984  1089 W ASH     : @ 11059.030: touch gesture: no valid gesture detected
04-17 04:25:29.416999   984  1089 W ASH     : @ 11059.095: touch gesture: no valid gesture detected
04-17 04:25:29.481690   984  1089 W ASH     : @ 11059.159: touch gesture: no valid gesture detected
04-17 04:25:29.545781   984  1089 W ASH     : @ 11059.224: touch gesture: no valid gesture detected
04-17 04:25:29.610267   984  1089 W ASH     : @ 11059.288: touch gesture: no valid gesture detected
04-17 04:25:29.674941   984  1089 W ASH     : @ 11059.352: touch gesture: no valid gesture detected
04-17 04:25:29.739477   984  1089 W ASH     : @ 11059.417: touch gesture: no valid gesture detected
04-17 04:25:29.803526   984  1089 W ASH     : @ 11059.481: touch gesture: no valid gesture detected
04-17 04:25:29.868393   984  1089 W ASH     : @ 11059.546: touch gesture: no valid gesture detected
04-17 04:25:29.905380   990  1023 D rlsservice: MonitorDisplayStatus client num 0, display status 0, sensor status 0
04-17 04:25:29.932424   984  1089 W ASH     : @ 11059.610: touch gesture: no valid gesture detected
04-17 04:25:29.997180   984  1089 W ASH     : @ 11059.675: touch gesture: no valid gesture detected
04-17 04:25:30.061687   984  1089 W ASH     : @ 11059.739: touch gesture: no valid gesture detected
04-17 04:25:30.126034   984  1089 W ASH     : @ 11059.804: touch gesture: no valid gesture detected
04-17 04:25:30.190506   984  1089 W ASH     : @ 11059.868: touch gesture: no valid gesture detected
04-17 04:25:30.255088   984  1089 W ASH     : @ 11059.933: touch gesture: no valid gesture detected
04-17 04:25:30.319828   984  1089 W ASH     : @ 11059.997: touch gesture: no valid gesture detected
04-17 04:25:30.383894   984  1089 W ASH     : @ 11060.062: touch gesture: no valid gesture detected
--------- switch to kernel
04-17 04:25:30.400149     0     0 I         : c1   5371 google_charger: usbchg=USB typec=C usbv=4984 usbc=106 usbMv=5000 usbMc=450
04-17 04:25:30.400497     0     0 I         : c1   5371 sm7250_bms: MSC_PCS chg_state=1c2116104010009 [0x9:4:1:4449:450] chg=u
04-17 04:25:30.400567     0     0 I         : c1   5371 google_battery: MSC_DIN chg_state=1c2116104010009 f=0x9 chg_s=Charging chg_t=Taper vchg=4449 icl=450
04-17 04:25:30.401739     0     0 I         : c1   5371 google_battery: MSC_STEADY vt=4430000 vb=4449012 fv_uv=4430000 margin=100000
04-17 04:25:30.401768     0     0 I         : c1   5371 google_battery: hold not defined for msc_state=10
04-17 04:25:30.401794     0     0 I         : c1   5371 google_battery: MSC_RSTC vt=4430000 vb=4449012 fv_uv=4430000 ibatt=-151672 cc_next_max=120000 t_cnt=0
04-17 04:25:30.401811     0     0 I         : c1   5371 google_battery: hold not defined for msc_state=14
04-17 04:25:30.401871     0     0 I         : c1   5371 google_battery: MSC_VOTE msc_state=14 cv_cnt=0 ov_cnt=0 temp_idx:2, vbatt_idx:4  fv_uv=4430000 cc_max=600000 update_interval=2000
04-17 04:25:30.401961     0     0 I         : c1   5371 google_charger: MSC_CHG fv_uv=4430000, cc_max=600000, rerun in 2000 ms (0)
--------- switch to main
04-17 04:25:30.448464   984  1089 W ASH     : @ 11060.126: touch gesture: no valid gesture detected
04-17 04:25:30.512471   984  1089 W ASH     : @ 11060.190: touch gesture: no valid gesture detected
04-17 04:25:30.577038   984  1089 W ASH     : @ 11060.255: touch gesture: no valid gesture detected
04-17 04:25:30.641803   984  1089 W ASH     : @ 11060.319: touch gesture: no valid gesture detected
04-17 04:25:30.706146   984  1089 W ASH     : @ 11060.384: touch gesture: no valid gesture detected
04-17 04:25:30.770361   984  1089 W ASH     : @ 11060.448: touch gesture: no valid gesture detected
04-17 04:25:30.834852   984  1089 W ASH     : @ 11060.512: touch gesture: no valid gesture detected
04-17 04:25:30.898990   984  1089 W ASH     : @ 11060.577: touch gesture: no valid gesture detected
--------- switch to kernel
04-17 04:25:30.938538     0     0 W         : c2    973 healthd: battery l=100 v=4448 t=22.8 h=2 st=2 c=153198 fc=3349000 cc=353 chg=u
--------- switch to main
04-17 04:25:30.961604   984  1089 W ASH     : @ 11060.641: touch gesture: no valid gesture detected
--------- switch to kernel
04-17 04:25:31.005465     0     0 I         : c1   5334 qcom_rpmh DRV:apps_rsc TCS Busy, retrying RPMH message send: addr=0x30000
--------- switch to main
04-17 04:25:31.026577   984  1089 W ASH     : @ 11060.705: touch gesture: no valid gesture detected
04-17 04:25:31.092345   984  1089 W ASH     : @ 11060.770: touch gesture: no valid gesture detected
04-17 04:25:31.156615   984  1089 W ASH     : @ 11060.834: touch gesture: no valid gesture detected
04-17 04:25:31.220988   984  1089 W ASH     : @ 11060.899: touch gesture: no valid gesture detected
04-17 04:25:31.284109   984  1089 W ASH     : @ 11060.963: touch gesture: no valid gesture detected
04-17 04:25:31.350203   984  1089 W ASH     : @ 11061.028: touch gesture: no valid gesture detected
04-17 04:25:31.414612   984  1089 W ASH     : @ 11061.092: touch gesture: no valid gesture detected
04-17 04:25:31.478541   984  1089 W ASH     : @ 11061.156: touch gesture: no valid gesture detected
04-17 04:25:31.543236   984  1089 W ASH     : @ 11061.221: touch gesture: no valid gesture detected
04-17 04:25:31.607487   984  1089 W ASH     : @ 11061.285: touch gesture: no valid gesture detected
04-17 04:25:31.671801   984  1089 W ASH     : @ 11061.349: touch gesture: no valid gesture detected
04-17 04:25:31.736245   984  1089 W ASH     : @ 11061.414: touch gesture: no valid gesture detected
04-17 04:25:31.800327   984  1089 W ASH     : @ 11061.478: touch gesture: no valid gesture detected
04-17 04:25:31.865057   984  1089 W ASH     : @ 11061.543: touch gesture: no valid gesture detected
04-17 04:25:31.929466   984  1089 W ASH     : @ 11061.607: touch gesture: no valid gesture detected
04-17 04:25:31.993641   984  1089 W ASH     : @ 11061.671: touch gesture: no valid gesture detected
04-17 04:25:32.058283   984  1089 W ASH     : @ 11061.736: touch gesture: no valid gesture detected
04-17 04:25:32.122796   984  1089 W ASH     : @ 11061.800: touch gesture: no valid gesture detected
04-17 04:25:32.187233   984  1089 W ASH     : @ 11061.865: touch gesture: no valid gesture detected
04-17 04:25:32.251735   984  1089 W ASH     : @ 11061.929: touch gesture: no valid gesture detected
04-17 04:25:32.316045   984  1089 W ASH     : @ 11061.994: touch gesture: no valid gesture detected
04-17 04:25:32.380541   984  1089 W ASH     : @ 11062.058: touch gesture: no valid gesture detected
--------- switch to kernel
04-17 04:25:32.410112     0     0 I         : c1   5371 google_charger: usbchg=USB typec=C usbv=4987 usbc=118 usbMv=5000 usbMc=450
04-17 04:25:32.410475     0     0 I         : c1   5371 sm7250_bms: MSC_PCS chg_state=1c2116004010009 [0x9:4:1:4448:450] chg=u
04-17 04:25:32.410558     0     0 I         : c1   5371 google_battery: MSC_DIN chg_state=1c2116004010009 f=0x9 chg_s=Charging chg_t=Taper vchg=4448 icl=450
04-17 04:25:32.412253     0     0 I         : c1   5371 google_battery: MSC_STEADY vt=4430000 vb=4448623 fv_uv=4430000 margin=100000
04-17 04:25:32.412283     0     0 I         : c1   5371 google_battery: hold not defined for msc_state=10
04-17 04:25:32.412308     0     0 I         : c1   5371 google_battery: MSC_RSTC vt=4430000 vb=4448623 fv_uv=4430000 ibatt=-145263 cc_next_max=120000 t_cnt=0
04-17 04:25:32.412327     0     0 I         : c1   5371 google_battery: hold not defined for msc_state=14
04-17 04:25:32.412383     0     0 I         : c1   5371 google_battery: MSC_VOTE msc_state=14 cv_cnt=0 ov_cnt=0 temp_idx:2, vbatt_idx:4  fv_uv=4430000 cc_max=600000 update_interval=2000
04-17 04:25:32.412477     0     0 I         : c1   5371 google_charger: MSC_CHG fv_uv=4430000, cc_max=600000, rerun in 2000 ms (0)
--------- switch to main
04-17 04:25:32.445063   984  1089 W ASH     : @ 11062.123: touch gesture: no valid gesture detected
04-17 04:25:32.509713   984  1089 W ASH     : @ 11062.187: touch gesture: no valid gesture detected
04-17 04:25:32.574079   984  1089 W ASH     : @ 11062.252: touch gesture: no valid gesture detected
04-17 04:25:32.638507   984  1089 W ASH     : @ 11062.316: touch gesture: no valid gesture detected
04-17 04:25:32.702751   984  1089 W ASH     : @ 11062.380: touch gesture: no valid gesture detected
04-17 04:25:32.766989   984  1089 W ASH     : @ 11062.445: touch gesture: no valid gesture detected
04-17 04:25:32.831496   984  1089 W ASH     : @ 11062.509: touch gesture: no valid gesture detected
04-17 04:25:32.896014   984  1089 W ASH     : @ 11062.574: touch gesture: no valid gesture detected
04-17 04:25:32.960298   984  1089 W ASH     : @ 11062.638: touch gesture: no valid gesture detected
04-17 04:25:33.024928   984  1089 W ASH     : @ 11062.703: touch gesture: no valid gesture detected
04-17 04:25:33.089234   984  1089 W ASH     : @ 11062.767: touch gesture: no valid gesture detected
04-17 04:25:33.154100   984  1089 W ASH     : @ 11062.831: touch gesture: no valid gesture detected
04-17 04:25:33.218484   984  1089 W ASH     : @ 11062.896: touch gesture: no valid gesture detected
04-17 04:25:33.282776   984  1089 W ASH     : @ 11062.960: touch gesture: no valid gesture detected
04-17 04:25:33.346827   984  1089 W ASH     : @ 11063.025: touch gesture: no valid gesture detected
04-17 04:25:33.411598   984  1089 W ASH     : @ 11063.089: touch gesture: no valid gesture detected
04-17 04:25:33.475513   984  1089 W ASH     : @ 11063.153: touch gesture: no valid gesture detected
04-17 04:25:33.540184   984  1089 W ASH     : @ 11063.218: touch gesture: no valid gesture detected
04-17 04:25:33.604421   984  1089 W ASH     : @ 11063.282: touch gesture: no valid gesture detected
04-17 04:25:33.669057   984  1089 W ASH     : @ 11063.346: touch gesture: no valid gesture detected
04-17 04:25:33.733283   984  1089 W ASH     : @ 11063.411: touch gesture: no valid gesture detected
04-17 04:25:33.797401   984  1089 W ASH     : @ 11063.475: touch gesture: no valid gesture detected
04-17 04:25:33.862096   984  1089 W ASH     : @ 11063.540: touch gesture: no valid gesture detected
04-17 04:25:33.926724   984  1089 W ASH     : @ 11063.604: touch gesture: no valid gesture detected
04-17 04:25:33.991043   984  1089 W ASH     : @ 11063.668: touch gesture: no valid gesture detected
04-17 04:25:34.055621   984  1089 W ASH     : @ 11063.733: touch gesture: no valid gesture detected
04-17 04:25:34.119245   984  1089 W ASH     : @ 11063.797: touch gesture: no valid gesture detected
04-17 04:25:34.184350   984  1089 W ASH     : @ 11063.862: touch gesture: no valid gesture detected
04-17 04:25:34.248417   984  1089 W ASH     : @ 11063.926: touch gesture: no valid gesture detected
04-17 04:25:34.311282   984  1089 W ASH     : @ 11063.990: touch gesture: no valid gesture detected
04-17 04:25:34.377141   984  1089 W ASH     : @ 11064.055: touch gesture: no valid gesture detected
--------- switch to kernel
04-17 04:25:34.420860     0     0 I         : c1   5371 google_charger: usbchg=USB typec=C usbv=4977 usbc=145 usbMv=5000 usbMc=450
04-17 04:25:34.421044     0     0 I         : c1   5371 sm7250_bms: MSC_PCS chg_state=1c2116104010009 [0x9:4:1:4449:450] chg=u
04-17 04:25:34.421119     0     0 I         : c1   5371 google_battery: MSC_DIN chg_state=1c2116104010009 f=0x9 chg_s=Charging chg_t=Taper vchg=4449 icl=450
04-17 04:25:34.422831     0     0 I         : c1   5371 google_battery: MSC_STEADY vt=4430000 vb=4449207 fv_uv=4430000 margin=100000
04-17 04:25:34.422858     0     0 I         : c1   5371 google_battery: hold not defined for msc_state=10
04-17 04:25:34.422882     0     0 I         : c1   5371 google_battery: MSC_RSTC vt=4430000 vb=4449207 fv_uv=4430000 ibatt=-156250 cc_next_max=120000 t_cnt=0
04-17 04:25:34.422898     0     0 I         : c1   5371 google_battery: hold not defined for msc_state=14
04-17 04:25:34.422954     0     0 I         : c1   5371 google_battery: MSC_VOTE msc_state=14 cv_cnt=0 ov_cnt=0 temp_idx:2, vbatt_idx:4  fv_uv=4430000 cc_max=600000 update_interval=2000
04-17 04:25:34.423063     0     0 I         : c1   5371 google_charger: MSC_CHG fv_uv=4430000, cc_max=600000, rerun in 2000 ms (0)
--------- switch to main
04-17 04:25:34.441473   984  1089 W ASH     : @ 11064.119: touch gesture: no valid gesture detected
04-17 04:25:34.506014   984  1089 W ASH     : @ 11064.184: touch gesture: no valid gesture detected
04-17 04:25:34.570232   984  1089 W ASH     : @ 11064.248: touch gesture: no valid gesture detected
04-17 04:25:34.634996   984  1089 W ASH     : @ 11064.313: touch gesture: no valid gesture detected
04-17 04:25:34.699428   984  1089 W ASH     : @ 11064.377: touch gesture: no valid gesture detected
04-17 04:25:34.764051   984  1089 W ASH     : @ 11064.441: touch gesture: no valid gesture detected
04-17 04:25:34.828354   984  1089 W ASH     : @ 11064.506: touch gesture: no valid gesture detected
04-17 04:25:34.892554   984  1089 W ASH     : @ 11064.570: touch gesture: no valid gesture detected
04-17 04:25:34.956959   984  1089 W ASH     : @ 11064.635: touch gesture: no valid gesture detected
04-17 04:25:35.021855   984  1089 W ASH     : @ 11064.699: touch gesture: no valid gesture detected
04-17 04:25:35.086480   984  1089 W ASH     : @ 11064.764: touch gesture: no valid gesture detected
04-17 04:25:35.150773   984  1089 W ASH     : @ 11064.828: touch gesture: no valid gesture detected
04-17 04:25:35.215091   984  1089 W ASH     : @ 11064.893: touch gesture: no valid gesture detected
04-17 04:25:35.279663   984  1089 W ASH     : @ 11064.957: touch gesture: no valid gesture detected
04-17 04:25:35.344225   984  1089 W ASH     : @ 11065.022: touch gesture: no valid gesture detected
04-17 04:25:35.408332   984  1089 W ASH     : @ 11065.086: touch gesture: no valid gesture detected
04-17 04:25:35.473293   984  1089 W ASH     : @ 11065.151: touch gesture: no valid gesture detected
04-17 04:25:35.537825   984  1089 W ASH     : @ 11065.215: touch gesture: no valid gesture detected
04-17 04:25:35.601923   984  1089 W ASH     : @ 11065.279: touch gesture: no valid gesture detected
04-17 04:25:35.666276   984  1089 W ASH     : @ 11065.344: touch gesture: no valid gesture detected
04-17 04:25:35.730904   984  1089 W ASH     : @ 11065.409: touch gesture: no valid gesture detected
04-17 04:25:35.794915   984  1089 W ASH     : @ 11065.472: touch gesture: no valid gesture detected
04-17 04:25:35.859702   984  1089 W ASH     : @ 11065.537: touch gesture: no valid gesture detected
04-17 04:25:35.924160   984  1089 W ASH     : @ 11065.602: touch gesture: no valid gesture detected
04-17 04:25:35.988001   984  1089 W ASH     : @ 11065.666: touch gesture: no valid gesture detected
04-17 04:25:36.052697   984  1089 W ASH     : @ 11065.731: touch gesture: no valid gesture detected
04-17 04:25:36.117480   984  1089 W ASH     : @ 11065.795: touch gesture: no valid gesture detected
04-17 04:25:36.182026   984  1089 W ASH     : @ 11065.860: touch gesture: no valid gesture detected
04-17 04:25:36.246363   984  1089 W ASH     : @ 11065.924: touch gesture: no valid gesture detected
04-17 04:25:36.310857   984  1089 W ASH     : @ 11065.989: touch gesture: no valid gesture detected
04-17 04:25:36.375502   984  1089 W ASH     : @ 11066.053: touch gesture: no valid gesture detected
--------- switch to kernel
04-17 04:25:36.431388     0     0 I         : c1   5371 google_charger: usbchg=USB typec=C usbv=4982 usbc=110 usbMv=5000 usbMc=450
04-17 04:25:36.431563     0     0 I         : c1   5371 sm7250_bms: MSC_PCS chg_state=1c2116004010009 [0x9:4:1:4448:450] chg=u
04-17 04:25:36.431644     0     0 I         : c1   5371 google_battery: MSC_DIN chg_state=1c2116004010009 f=0x9 chg_s=Charging chg_t=Taper vchg=4448 icl=450
04-17 04:25:36.433129     0     0 I         : c1   5371 google_battery: MSC_STEADY vt=4430000 vb=4448623 fv_uv=4430000 margin=100000
04-17 04:25:36.433154     0     0 I         : c1   5371 google_battery: hold not defined for msc_state=10
04-17 04:25:36.433179     0     0 I         : c1   5371 google_battery: MSC_RSTC vt=4430000 vb=4448623 fv_uv=4430000 ibatt=-161132 cc_next_max=120000 t_cnt=0
04-17 04:25:36.433196     0     0 I         : c1   5371 google_battery: hold not defined for msc_state=14
04-17 04:25:36.433254     0     0 I         : c1   5371 google_battery: MSC_VOTE msc_state=14 cv_cnt=0 ov_cnt=0 temp_idx:2, vbatt_idx:4  fv_uv=4430000 cc_max=600000 update_interval=2000
04-17 04:25:36.433361     0     0 I         : c1   5371 google_charger: MSC_CHG fv_uv=4430000, cc_max=600000, rerun in 2000 ms (0)
--------- switch to main
04-17 04:25:36.438619   984  1089 W ASH     : @ 11066.117: touch gesture: no valid gesture detected
04-17 04:25:36.504299   984  1089 W ASH     : @ 11066.182: touch gesture: no valid gesture detected
04-17 04:25:36.568588   984  1089 W ASH     : @ 11066.246: touch gesture: no valid gesture detected
04-17 04:25:36.633171   984  1089 W ASH     : @ 11066.311: touch gesture: no valid gesture detected
04-17 04:25:36.697506   984  1089 W ASH     : @ 11066.375: touch gesture: no valid gesture detected
--------- switch to kernel
04-17 04:25:36.729469     0     0 I         : c3   5350 qcom_rpmh DRV:apps_rsc TCS Busy, retrying RPMH message send: addr=0x30000
04-17 04:25:36.729521     0     0 I         : c3   5350 qcom_rpmh DRV:apps_rsc TCS Busy, retrying RPMH message send: addr=0x30000
--------- switch to main
04-17 04:25:36.762048   984  1089 W ASH     : @ 11066.440: touch gesture: no valid gesture detected
04-17 04:25:36.826411   984  1089 W ASH     : @ 11066.504: touch gesture: no valid gesture detected
04-17 04:25:36.889651   984  1089 W ASH     : @ 11066.569: touch gesture: no valid gesture detected
04-17 04:25:36.955762   984  1089 W ASH     : @ 11066.633: touch gesture: no valid gesture detected
04-17 04:25:37.019708   984  1089 W ASH     : @ 11066.697: touch gesture: no valid gesture detected
04-17 04:25:37.084207   984  1089 W ASH     : @ 11066.762: touch gesture: no valid gesture detected
--------- switch to kernel
04-17 04:25:37.142019     0     0 I         : c4   5341 qcom_rpmh DRV:apps_rsc TCS Busy, retrying RPMH message send: addr=0x30000
04-17 04:25:37.142079     0     0 I         : c4   5341 qcom_rpmh DRV:apps_rsc TCS Busy, retrying RPMH message send: addr=0x30000
--------- switch to main
04-17 04:25:37.147086   984  1089 W ASH     : @ 11066.826: touch gesture: no valid gesture detected
04-17 04:25:37.213235   984  1089 W ASH     : @ 11066.891: touch gesture: no valid gesture detected
04-17 04:25:37.277453   984  1089 W ASH     : @ 11066.955: touch gesture: no valid gesture detected
04-17 04:25:37.342231   984  1089 W ASH     : @ 11067.019: touch gesture: no valid gesture detected
04-17 04:25:37.406633   984  1089 W ASH     : @ 11067.084: touch gesture: no valid gesture detected
04-17 04:25:37.470584   984  1089 W ASH     : @ 11067.148: touch gesture: no valid gesture detected
04-17 04:25:37.535136   984  1089 W ASH     : @ 11067.213: touch gesture: no valid gesture detected
04-17 04:25:37.599327   984  1089 W ASH     : @ 11067.277: touch gesture: no valid gesture detected
04-17 04:25:37.663828   984  1089 W ASH     : @ 11067.341: touch gesture: no valid gesture detected
04-17 04:25:37.728403   984  1089 W ASH     : @ 11067.406: touch gesture: no valid gesture detected
04-17 04:25:37.792535   984  1089 W ASH     : @ 11067.470: touch gesture: no valid gesture detected
04-17 04:25:37.857172   984  1089 W ASH     : @ 11067.535: touch gesture: no valid gesture detected
04-17 04:25:37.921736   984  1089 W ASH     : @ 11067.599: touch gesture: no valid gesture detected
04-17 04:25:37.985578   984  1089 W ASH     : @ 11067.664: touch gesture: no valid gesture detected
04-17 04:25:38.050445   984  1089 W ASH     : @ 11067.728: touch gesture: no valid gesture detected
04-17 04:25:38.114560   984  1089 W ASH     : @ 11067.792: touch gesture: no valid gesture detected
04-17 04:25:38.179263   984  1089 W ASH     : @ 11067.857: touch gesture: no valid gesture detected
04-17 04:25:38.243706   984  1089 W ASH     : @ 11067.921: touch gesture: no valid gesture detected
04-17 04:25:38.308326   984  1089 W ASH     : @ 11067.986: touch gesture: no valid gesture detected
04-17 04:25:38.372337   984  1089 W ASH     : @ 11068.050: touch gesture: no valid gesture detected
04-17 04:25:38.436388   984  1089 W ASH     : @ 11068.114: touch gesture: no valid gesture detected
--------- switch to kernel
04-17 04:25:38.439003     0     0 I         : c1   5371 google_charger: usbchg=USB typec=C usbv=4979 usbc=132 usbMv=5000 usbMc=450
04-17 04:25:38.439163     0     0 I         : c1   5371 sm7250_bms: MSC_PCS chg_state=1c2116004010009 [0x9:4:1:4448:450] chg=u
04-17 04:25:38.439217     0     0 I         : c1   5371 google_battery: MSC_DIN chg_state=1c2116004010009 f=0x9 chg_s=Charging chg_t=Taper vchg=4448 icl=450
04-17 04:25:38.440532     0     0 I         : c1   5371 google_battery: MSC_STEADY vt=4430000 vb=4448233 fv_uv=4430000 margin=100000
04-17 04:25:38.440555     0     0 I         : c1   5371 google_battery: hold not defined for msc_state=10
04-17 04:25:38.440578     0     0 I         : c1   5371 google_battery: MSC_RSTC vt=4430000 vb=4448233 fv_uv=4430000 ibatt=-158996 cc_next_max=120000 t_cnt=0
04-17 04:25:38.440595     0     0 I         : c1   5371 google_battery: hold not defined for msc_state=14
04-17 04:25:38.440660     0     0 I         : c1   5371 google_battery: MSC_VOTE msc_state=14 cv_cnt=0 ov_cnt=0 temp_idx:2, vbatt_idx:4  fv_uv=4430000 cc_max=600000 update_interval=2000
04-17 04:25:38.440747     0     0 I         : c1   5371 google_charger: MSC_CHG fv_uv=4430000, cc_max=600000, rerun in 2000 ms (0)
--------- switch to main
04-17 04:25:38.501100   984  1089 W ASH     : @ 11068.179: touch gesture: no valid gesture detected
04-17 04:25:38.565589   984  1089 W ASH     : @ 11068.243: touch gesture: no valid gesture detected
04-17 04:25:38.629735   984  1089 W ASH     : @ 11068.308: touch gesture: no valid gesture detected
04-17 04:25:38.694237   984  1089 W ASH     : @ 11068.372: touch gesture: no valid gesture detected
04-17 04:25:38.758976   984  1089 W ASH     : @ 11068.436: touch gesture: no valid gesture detected
04-17 04:25:38.823090   984  1089 W ASH     : @ 11068.501: touch gesture: no valid gesture detected
04-17 04:25:38.887690   984  1089 W ASH     : @ 11068.565: touch gesture: no valid gesture detected
04-17 04:25:38.952039   984  1089 W ASH     : @ 11068.630: touch gesture: no valid gesture detected
04-17 04:25:39.016391   984  1089 W ASH     : @ 11068.694: touch gesture: no valid gesture detected
04-17 04:25:39.080807   984  1089 W ASH     : @ 11068.758: touch gesture: no valid gesture detected
04-17 04:25:39.145333   984  1089 W ASH     : @ 11068.823: touch gesture: no valid gesture detected
04-17 04:25:39.209552   984  1089 W ASH     : @ 11068.887: touch gesture: no valid gesture detected
04-17 04:25:39.273723   984  1089 W ASH     : @ 11068.952: touch gesture: no valid gesture detected
04-17 04:25:39.338606   984  1089 W ASH     : @ 11069.016: touch gesture: no valid gesture detected
04-17 04:25:39.402599   984  1089 W ASH     : @ 11069.080: touch gesture: no valid gesture detected
04-17 04:25:39.467502   984  1089 W ASH     : @ 11069.145: touch gesture: no valid gesture detected
04-17 04:25:39.531601   984  1089 W ASH     : @ 11069.209: touch gesture: no valid gesture detected
04-17 04:25:39.596259   984  1089 W ASH     : @ 11069.274: touch gesture: no valid gesture detected
04-17 04:25:39.660462   984  1089 W ASH     : @ 11069.338: touch gesture: no valid gesture detected
04-17 04:25:39.724976   984  1089 W ASH     : @ 11069.402: touch gesture: no valid gesture detected
04-17 04:25:39.789256   984  1089 W ASH     : @ 11069.467: touch gesture: no valid gesture detected
04-17 04:25:39.853692   984  1089 W ASH     : @ 11069.531: touch gesture: no valid gesture detected
04-17 04:25:39.918391   984  1089 W ASH     : @ 11069.596: touch gesture: no valid gesture detected
04-17 04:25:39.982495   984  1089 W ASH     : @ 11069.660: touch gesture: no valid gesture detected
04-17 04:25:40.046892   984  1089 W ASH     : @ 11069.725: touch gesture: no valid gesture detected
04-17 04:25:40.111228   984  1089 W ASH     : @ 11069.789: touch gesture: no valid gesture detected
04-17 04:25:40.175753   984  1089 W ASH     : @ 11069.853: touch gesture: no valid gesture detected
04-17 04:25:40.240150   984  1089 W ASH     : @ 11069.918: touch gesture: no valid gesture detected
04-17 04:25:40.303450   984  1089 W ASH     : @ 11069.982: touch gesture: no valid gesture detected
04-17 04:25:40.369281   984  1089 W ASH     : @ 11070.047: touch gesture: no valid gesture detected
04-17 04:25:40.433466   984  1089 W ASH     : @ 11070.111: touch gesture: no valid gesture detected
--------- switch to kernel
04-17 04:25:40.444184     0     0 I         : c1   5371 google_charger: usbchg=USB typec=C usbv=4993 usbc=96 usbMv=5000 usbMc=450
04-17 04:25:40.444374     0     0 I         : c1   5371 sm7250_bms: MSC_PCS chg_state=1c2116004010009 [0x9:4:1:4448:450] chg=u
04-17 04:25:40.444441     0     0 I         : c1   5371 google_battery: MSC_DIN chg_state=1c2116004010009 f=0x9 chg_s=Charging chg_t=Taper vchg=4448 icl=450
04-17 04:25:40.445611     0     0 I         : c1   5371 google_battery: MSC_STEADY vt=4430000 vb=4448428 fv_uv=4430000 margin=100000
04-17 04:25:40.445638     0     0 I         : c1   5371 google_battery: hold not defined for msc_state=10
04-17 04:25:40.445663     0     0 I         : c1   5371 google_battery: MSC_RSTC vt=4430000 vb=4448428 fv_uv=4430000 ibatt=-160217 cc_next_max=120000 t_cnt=0
04-17 04:25:40.445680     0     0 I         : c1   5371 google_battery: hold not defined for msc_state=14
04-17 04:25:40.445741     0     0 I         : c1   5371 google_battery: MSC_VOTE msc_state=14 cv_cnt=0 ov_cnt=0 temp_idx:2, vbatt_idx:4  fv_uv=4430000 cc_max=600000 update_interval=2000
04-17 04:25:40.445833     0     0 I         : c1   5371 google_charger: MSC_CHG fv_uv=4430000, cc_max=600000, rerun in 2000 ms (0)
--------- switch to main
04-17 04:25:40.497849   984  1089 W ASH     : @ 11070.175: touch gesture: no valid gesture detected
04-17 04:25:40.562237   984  1089 W ASH     : @ 11070.240: touch gesture: no valid gesture detected
04-17 04:25:40.626369   984  1089 W ASH     : @ 11070.304: touch gesture: no valid gesture detected
04-17 04:25:40.690900   984  1089 W ASH     : @ 11070.369: touch gesture: no valid gesture detected
04-17 04:25:40.755557   984  1089 W ASH     : @ 11070.433: touch gesture: no valid gesture detected
04-17 04:25:40.819540   984  1089 W ASH     : @ 11070.497: touch gesture: no valid gesture detected
04-17 04:25:40.884399   984  1089 W ASH     : @ 11070.562: touch gesture: no valid gesture detected
04-17 04:25:40.949097   984  1089 W ASH     : @ 11070.626: touch gesture: no valid gesture detected
04-17 04:25:41.013110   984  1089 W ASH     : @ 11070.691: touch gesture: no valid gesture detected
04-17 04:25:41.077672   984  1089 W ASH     : @ 11070.755: touch gesture: no valid gesture detected
04-17 04:25:41.142170   984  1089 W ASH     : @ 11070.820: touch gesture: no valid gesture detected
04-17 04:25:41.206376   984  1089 W ASH     : @ 11070.884: touch gesture: no valid gesture detected
04-17 04:25:41.271215   984  1089 W ASH     : @ 11070.949: touch gesture: no valid gesture detected
04-17 04:25:41.335149   984  1089 W ASH     : @ 11071.013: touch gesture: no valid gesture detected
04-17 04:25:41.399654   984  1089 W ASH     : @ 11071.077: touch gesture: no valid gesture detected
04-17 04:25:41.463844   984  1089 W ASH     : @ 11071.142: touch gesture: no valid gesture detected
04-17 04:25:41.528486   984  1089 W ASH     : @ 11071.206: touch gesture: no valid gesture detected
04-17 04:25:41.593170   984  1089 W ASH     : @ 11071.271: touch gesture: no valid gesture detected
04-17 04:25:41.657386   984  1089 W ASH     : @ 11071.335: touch gesture: no valid gesture detected
04-17 04:25:41.721775   984  1089 W ASH     : @ 11071.399: touch gesture: no valid gesture detected
04-17 04:25:41.786226   984  1089 W ASH     : @ 11071.464: touch gesture: no valid gesture detected
04-17 04:25:41.850571   984  1089 W ASH     : @ 11071.528: touch gesture: no valid gesture detected
04-17 04:25:41.915058   984  1089 W ASH     : @ 11071.593: touch gesture: no valid gesture detected
04-17 04:25:41.979278   984  1089 W ASH     : @ 11071.657: touch gesture: no valid gesture detected
04-17 04:25:42.043727   984  1089 W ASH     : @ 11071.721: touch gesture: no valid gesture detected
04-17 04:25:42.108411   984  1089 W ASH     : @ 11071.786: touch gesture: no valid gesture detected
04-17 04:25:42.172397   984  1089 W ASH     : @ 11071.850: touch gesture: no valid gesture detected
04-17 04:25:42.236760   984  1089 W ASH     : @ 11071.915: touch gesture: no valid gesture detected
04-17 04:25:42.301334   984  1089 W ASH     : @ 11071.979: touch gesture: no valid gesture detected
04-17 04:25:42.365558   984  1089 W ASH     : @ 11072.043: touch gesture: no valid gesture detected
04-17 04:25:42.428390   984  1089 W ASH     : @ 11072.108: touch gesture: no valid gesture detected
--------- switch to kernel
04-17 04:25:42.448798     0     0 I         : c1   5371 google_charger: usbchg=USB typec=C usbv=4960 usbc=185 usbMv=5000 usbMc=450
04-17 04:25:42.448924     0     0 I         : c1   5371 sm7250_bms: MSC_PCS chg_state=1c2116104010009 [0x9:4:1:4449:450] chg=u
04-17 04:25:42.448955     0     0 I         : c1   5371 google_battery: MSC_DIN chg_state=1c2116104010009 f=0x9 chg_s=Charging chg_t=Taper vchg=4449 icl=450
04-17 04:25:42.449956     0     0 I         : c1   5371 google_battery: MSC_STEADY vt=4430000 vb=4449207 fv_uv=4430000 margin=100000
04-17 04:25:42.449965     0     0 I         : c1   5371 google_battery: hold not defined for msc_state=10
04-17 04:25:42.449974     0     0 I         : c1   5371 google_battery: MSC_RSTC vt=4430000 vb=4449207 fv_uv=4430000 ibatt=-151672 cc_next_max=120000 t_cnt=0
04-17 04:25:42.449980     0     0 I         : c1   5371 google_battery: hold not defined for msc_state=14
04-17 04:25:42.450007     0     0 I         : c1   5371 google_battery: MSC_VOTE msc_state=14 cv_cnt=0 ov_cnt=0 temp_idx:2, vbatt_idx:4  fv_uv=4430000 cc_max=600000 update_interval=2000
04-17 04:25:42.450041     0     0 I         : c1   5371 google_charger: MSC_CHG fv_uv=4430000, cc_max=600000, rerun in 2000 ms (0)
--------- switch to main
04-17 04:25:42.492715   984  1089 W ASH     : @ 11072.172: touch gesture: no valid gesture detected
04-17 04:25:42.557358   984  1089 W ASH     : @ 11072.237: touch gesture: no valid gesture detected
04-17 04:25:42.621815   984  1089 W ASH     : @ 11072.301: touch gesture: no valid gesture detected
04-17 04:25:42.686156   984  1089 W ASH     : @ 11072.366: touch gesture: no valid gesture detected
04-17 04:25:42.750840   984  1089 W ASH     : @ 11072.430: touch gesture: no valid gesture detected
04-17 04:25:42.817074   984  1089 W ASH     : @ 11072.495: touch gesture: no valid gesture detected
04-17 04:25:42.881996   984  1089 W ASH     : @ 11072.559: touch gesture: no valid gesture detected
04-17 04:25:42.946274   984  1089 W ASH     : @ 11072.624: touch gesture: no valid gesture detected
04-17 04:25:43.010851   984  1089 W ASH     : @ 11072.688: touch gesture: no valid gesture detected
04-17 04:25:43.075052   984  1089 W ASH     : @ 11072.753: touch gesture: no valid gesture detected
04-17 04:25:43.139592   984  1089 W ASH     : @ 11072.817: touch gesture: no valid gesture detected
04-17 04:25:43.204206   984  1089 W ASH     : @ 11072.882: touch gesture: no valid gesture detected
04-17 04:25:43.268549   984  1089 W ASH     : @ 11072.946: touch gesture: no valid gesture detected
04-17 04:25:43.333047   984  1089 W ASH     : @ 11073.011: touch gesture: no valid gesture detected
04-17 04:25:43.397203   984  1089 W ASH     : @ 11073.075: touch gesture: no valid gesture detected
04-17 04:25:43.461796   984  1089 W ASH     : @ 11073.140: touch gesture: no valid gesture detected
04-17 04:25:43.526383   984  1089 W ASH     : @ 11073.204: touch gesture: no valid gesture detected
04-17 04:25:43.590734   984  1089 W ASH     : @ 11073.269: touch gesture: no valid gesture detected
04-17 04:25:43.655179   984  1089 W ASH     : @ 11073.333: touch gesture: no valid gesture detected
04-17 04:25:43.719542   984  1089 W ASH     : @ 11073.397: touch gesture: no valid gesture detected
04-17 04:25:43.784117   984  1089 W ASH     : @ 11073.462: touch gesture: no valid gesture detected
04-17 04:25:43.848713   984  1089 W ASH     : @ 11073.526: touch gesture: no valid gesture detected
04-17 04:25:43.912044   984  1089 W ASH     : @ 11073.591: touch gesture: no valid gesture detected
04-17 04:25:43.977689   984  1089 W ASH     : @ 11073.655: touch gesture: no valid gesture detected
04-17 04:25:44.042400   984  1089 W ASH     : @ 11073.720: touch gesture: no valid gesture detected
04-17 04:25:44.106527   984  1089 W ASH     : @ 11073.784: touch gesture: no valid gesture detected
04-17 04:25:44.171032   984  1089 W ASH     : @ 11073.849: touch gesture: no valid gesture detected
04-17 04:25:44.235567   984  1089 W ASH     : @ 11073.913: touch gesture: no valid gesture detected
04-17 04:25:44.299802   984  1089 W ASH     : @ 11073.978: touch gesture: no valid gesture detected
04-17 04:25:44.364538   984  1089 W ASH     : @ 11074.042: touch gesture: no valid gesture detected
04-17 04:25:44.428943   984  1089 W ASH     : @ 11074.107: touch gesture: no valid gesture detected
--------- switch to kernel
04-17 04:25:44.458639     0     0 I         : c1   5371 google_charger: usbchg=USB typec=C usbv=4986 usbc=109 usbMv=5000 usbMc=450
04-17 04:25:44.458830     0     0 I         : c1   5371 sm7250_bms: MSC_PCS chg_state=1c2116004010009 [0x9:4:1:4448:450] chg=u
04-17 04:25:44.458909     0     0 I         : c1   5371 google_battery: MSC_DIN chg_state=1c2116004010009 f=0x9 chg_s=Charging chg_t=Taper vchg=4448 icl=450
04-17 04:25:44.460622     0     0 I         : c1   5371 google_battery: MSC_STEADY vt=4430000 vb=4448623 fv_uv=4430000 margin=100000
04-17 04:25:44.460648     0     0 I         : c1   5371 google_battery: hold not defined for msc_state=10
04-17 04:25:44.460672     0     0 I         : c1   5371 google_battery: MSC_RSTC vt=4430000 vb=4448623 fv_uv=4430000 ibatt=-159912 cc_next_max=120000 t_cnt=0
04-17 04:25:44.460688     0     0 I         : c1   5371 google_battery: hold not defined for msc_state=14
04-17 04:25:44.460742     0     0 I         : c1   5371 google_battery: MSC_VOTE msc_state=14 cv_cnt=0 ov_cnt=0 temp_idx:2, vbatt_idx:4  fv_uv=4430000 cc_max=600000 update_interval=2000
04-17 04:25:44.460859     0     0 I         : c1   5371 google_charger: MSC_CHG fv_uv=4430000, cc_max=600000, rerun in 2000 ms (0)
--------- switch to main
04-17 04:25:44.493231   984  1089 W ASH     : @ 11074.171: touch gesture: no valid gesture detected
04-17 04:25:44.557768   984  1089 W ASH     : @ 11074.235: touch gesture: no valid gesture detected
04-17 04:25:44.622219   984  1089 W ASH     : @ 11074.300: touch gesture: no valid gesture detected
04-17 04:25:44.686869   984  1089 W ASH     : @ 11074.364: touch gesture: no valid gesture detected
04-17 04:25:44.751319   984  1089 W ASH     : @ 11074.429: touch gesture: no valid gesture detected
04-17 04:25:44.816016   984  1089 W ASH     : @ 11074.493: touch gesture: no valid gesture detected
04-17 04:25:44.880125   984  1089 W ASH     : @ 11074.558: touch gesture: no valid gesture detected
04-17 04:25:44.944918   984  1089 W ASH     : @ 11074.622: touch gesture: no valid gesture detected
04-17 04:25:45.009024   984  1089 W ASH     : @ 11074.687: touch gesture: no valid gesture detected
04-17 04:25:45.073728   984  1089 W ASH     : @ 11074.751: touch gesture: no valid gesture detected
04-17 04:25:45.138253   984  1089 W ASH     : @ 11074.816: touch gesture: no valid gesture detected
04-17 04:25:45.202283   984  1089 W ASH     : @ 11074.880: touch gesture: no valid gesture detected
04-17 04:25:45.266795   984  1089 W ASH     : @ 11074.945: touch gesture: no valid gesture detected
04-17 04:25:45.331668   984  1089 W ASH     : @ 11075.009: touch gesture: no valid gesture detected
04-17 04:25:45.396079   984  1089 W ASH     : @ 11075.074: touch gesture: no valid gesture detected
04-17 04:25:45.460606   984  1089 W ASH     : @ 11075.138: touch gesture: no valid gesture detected
04-17 04:25:45.525013   984  1089 W ASH     : @ 11075.202: touch gesture: no valid gesture detected
04-17 04:25:45.589310   984  1089 W ASH     : @ 11075.267: touch gesture: no valid gesture detected
