04-17 13:23:53.928764  4474  4474 F DEBUG   :       #26 pc 00000000002124c4  /apex/com.android.art/lib64/libart.so (nterp_helper+3924) (BuildId: f478f5ce4885323a1a75963f5c899c01)
04-17 13:23:53.928772  4474  4474 F DEBUG   :       #27 pc 00000000001be33a  /system/framework/framework.jar (android.app.ActivityThread$H.handleMessage+254)
04-17 13:23:53.928781  4474  4474 F DEBUG   :       #28 pc 00000000002124c4  /apex/com.android.art/lib64/libart.so (nterp_helper+3924) (BuildId: f478f5ce4885323a1a75963f5c899c01)
04-17 13:23:53.928791  4474  4474 F DEBUG   :       #29 pc 0000000000422a76  /system/framework/framework.jar (android.os.Handler.dispatchMessage+38)
04-17 13:23:53.928800  4474  4474 F DEBUG   :       #30 pc 00000000002124c4  /apex/com.android.art/lib64/libart.so (nterp_helper+3924) (BuildId: f478f5ce4885323a1a75963f5c899c01)
04-17 13:23:53.928809  4474  4474 F DEBUG   :       #31 pc 000000000044c46e  /system/framework/framework.jar (android.os.Looper.loopOnce+334)
04-17 13:23:53.928819  4474  4474 F DEBUG   :       #32 pc 00000000002115a4  /apex/com.android.art/lib64/libart.so (nterp_helper+52) (BuildId: f478f5ce4885323a1a75963f5c899c01)
04-17 13:23:53.928829  4474  4474 F DEBUG   :       #33 pc 000000000044cab0  /system/framework/framework.jar (android.os.Looper.loop+152)
04-17 13:23:53.928837  4474  4474 F DEBUG   :       #34 pc 00000000002115a4  /apex/com.android.art/lib64/libart.so (nterp_helper+52) (BuildId: f478f5ce4885323a1a75963f5c899c01)
04-17 13:23:53.928844  4474  4474 F DEBUG   :       #35 pc 00000000001c8832  /system/framework/framework.jar (android.app.ActivityThread.main+202)
04-17 13:23:53.928855  4474  4474 F DEBUG   :       #36 pc 0000000000218be8  /apex/com.android.art/lib64/libart.so (art_quick_invoke_static_stub+568) (BuildId: f478f5ce4885323a1a75963f5c899c01)
04-17 13:23:53.928864  4474  4474 F DEBUG   :       #37 pc 0000000000284224  /apex/com.android.art/lib64/libart.so (art::ArtMethod::Invoke(art::Thread*, unsigned int*, unsigned int, art::JValue*, char const*)+216) (BuildId: f478f5ce4885323a1a75963f5c899c01)
04-17 13:23:53.928873  4474  4474 F DEBUG   :       #38 pc 000000000061e810  /apex/com.android.art/lib64/libart.so (_jobject* art::InvokeMethod<(art::PointerSize)8>(art::ScopedObjectAccessAlreadyRunnable const&, _jobject*, _jobject*, _jobject*, unsigned long)+1384) (BuildId: f478f5ce4885323a1a75963f5c899c01)
04-17 13:23:53.928881  4474  4474 F DEBUG   :       #39 pc 000000000058f980  /apex/com.android.art/lib64/libart.so (art::Method_invoke(_JNIEnv*, _jobject*, _jobject*, _jobjectArray*)+52) (BuildId: f478f5ce4885323a1a75963f5c899c01)
04-17 13:23:53.928890  4474  4474 F DEBUG   :       #40 pc 0000000000222244  /apex/com.android.art/lib64/libart.so (art_quick_generic_jni_trampoline+148) (BuildId: f478f5ce4885323a1a75963f5c899c01)
04-17 13:23:53.928898  4474  4474 F DEBUG   :       #41 pc 0000000000212520  /apex/com.android.art/lib64/libart.so (nterp_helper+4016) (BuildId: f478f5ce4885323a1a75963f5c899c01)
04-17 13:23:53.928906  4474  4474 F DEBUG   :       #42 pc 00000000002481d6  /system/framework/framework.jar (com.android.internal.os.RuntimeInit$MethodAndArgsCaller.run+22)
04-17 13:23:53.928914  4474  4474 F DEBUG   :       #43 pc 00000000002132e4  /apex/com.android.art/lib64/libart.so (nterp_helper+7540) (BuildId: f478f5ce4885323a1a75963f5c899c01)
04-17 13:23:53.928922  4474  4474 F DEBUG   :       #44 pc 000000000024e128  /system/framework/framework.jar (com.android.internal.os.ZygoteInit.main+612)
04-17 13:23:53.928930  4474  4474 F DEBUG   :       #45 pc 0000000000218be8  /apex/com.android.art/lib64/libart.so (art_quick_invoke_static_stub+568) (BuildId: f478f5ce4885323a1a75963f5c899c01)
04-17 13:23:53.928938  4474  4474 F DEBUG   :       #46 pc 0000000000284224  /apex/com.android.art/lib64/libart.so (art::ArtMethod::Invoke(art::Thread*, unsigned int*, unsigned int, art::JValue*, char const*)+216) (BuildId: f478f5ce4885323a1a75963f5c899c01)
04-17 13:23:53.928951  4474  4474 F DEBUG   :       #47 pc 000000000061ef68  /apex/com.android.art/lib64/libart.so (art::JValue art::InvokeWithVarArgs<art::ArtMethod*>(art::ScopedObjectAccessAlreadyRunnable const&, _jobject*, art::ArtMethod*, std::__va_list)+448) (BuildId: f478f5ce4885323a1a75963f5c899c01)
04-17 13:23:53.928960  4474  4474 F DEBUG   :       #48 pc 000000000061f42c  /apex/com.android.art/lib64/libart.so (art::JValue art::InvokeWithVarArgs<_jmethodID*>(art::ScopedObjectAccessAlreadyRunnable const&, _jobject*, _jmethodID*, std::__va_list)+92) (BuildId: f478f5ce4885323a1a75963f5c899c01)
04-17 13:23:53.928968  4474  4474 F DEBUG   :       #49 pc 00000000004fa69c  /apex/com.android.art/lib64/libart.so (art::JNI<true>::CallStaticVoidMethodV(_JNIEnv*, _jclass*, _jmethodID*, std::__va_list)+616) (BuildId: f478f5ce4885323a1a75963f5c899c01)
04-17 13:23:53.928976  4474  4474 F DEBUG   :       #50 pc 00000000000aeac4  /system/lib64/libandroid_runtime.so (_JNIEnv::CallStaticVoidMethod(_jclass*, _jmethodID*, ...)+120) (BuildId: 51936df4c3de295851858324d1b3d519)
04-17 13:23:53.928985  4474  4474 F DEBUG   :       #51 pc 00000000000ba05c  /system/lib64/libandroid_runtime.so (android::AndroidRuntime::start(char const*, android::Vector<android::String8> const&, bool)+836) (BuildId: 51936df4c3de295851858324d1b3d519)
04-17 13:23:53.928992  4474  4474 F DEBUG   :       #52 pc 000000000000258c  /system/bin/app_process64 (main+1336) (BuildId: 8931f122a2051f7267364444ff7428d6)
04-17 13:23:53.929001  4474  4474 F DEBUG   :       #53 pc 00000000000488c8  /apex/com.android.runtime/lib64/bionic/libc.so (__libc_init+96) (BuildId: 990a439ed316f7acfbcc9d6b7e8d95a8)
--------- switch to main
04-17 13:23:53.940327   736   736 E tombstoned: Tombstone written to: tombstone_00
--------- switch to events
04-17 13:23:53.940527  2608  4479 I am_crash: [2608,0,com.pjh.jnidemo,818462277,Native crash,Aborted,unknown,0]
--------- switch to system
04-17 13:23:53.945192  2608  4480 I DropBoxManagerService: add tag=system_app_native_crash isTagEnabled=true flags=0x2
--------- switch to kernel
04-17 13:23:53.945823     0     0 I         : c3      1 init: Untracked pid 4474 exited with status 0
--------- switch to system
04-17 13:23:53.948616  2608  4479 W ActivityTaskManager:   Force finishing activity com.pjh.jnidemo/.MainActivity
--------- switch to events
04-17 13:23:53.949087  2608  4479 I wm_finish_activity: [0,182655407,21,com.pjh.jnidemo/.MainActivity,force-crash]
04-17 13:23:53.950393  2608  4479 I wm_task_moved: [1,1,6]
04-17 13:23:53.952968  2608  4479 I wm_task_moved: [20,1,2147483647]
04-17 13:23:53.953096  2608  4479 I wm_task_to_front: [0,20]
--------- switch to kernel
04-17 13:23:53.953190     0     0 I         : c6   2532 binder: undelivered transaction 53430, process died.
--------- switch to events
04-17 13:23:53.953803  2608  4479 I wm_focused_root_task: [0,0,1,21,finish-top adjustFocusToNextFocusableTask]
--------- switch to main
04-17 13:23:53.953982   936   936 I Zygote  : Process 4448 exited due to signal 6 (Aborted)
--------- switch to events
04-17 13:23:53.954852  2608  4479 I wm_set_resumed_activity: [0,com.android.launcher3/.uioverrides.QuickstepLauncher,finish-top adjustFocusToNextFocusableTask]
--------- switch to kernel
04-17 13:23:53.955340     0     0 I         : c3      1 init: Untracked pid 4476 exited with status 0
--------- switch to system
04-17 13:23:53.958191  2608  2755 I BootReceiver: Copying /data/tombstones/tombstone_00 to DropBox (SYSTEM_TOMBSTONE)
04-17 13:23:53.958909  2608  2755 I DropBoxManagerService: add tag=SYSTEM_TOMBSTONE isTagEnabled=true flags=0x6
--------- switch to main
04-17 13:23:53.958870   633   673 D PermissionCache: checking android.permission.READ_FRAME_BUFFER for uid=1000 => granted (2315 us)
--------- switch to events
04-17 13:23:53.967650  2608  4479 I wm_pause_activity: [0,182655407,com.pjh.jnidemo/.MainActivity,userLeaving=false,finish]
--------- switch to system
04-17 13:23:53.969005  2608  4479 W ActivityTaskManager: Exception thrown during pause
04-17 13:23:53.969005  2608  4479 W ActivityTaskManager: android.os.DeadObjectException
04-17 13:23:53.969005  2608  4479 W ActivityTaskManager: 	at android.os.BinderProxy.transactNative(Native Method)
04-17 13:23:53.969005  2608  4479 W ActivityTaskManager: 	at android.os.BinderProxy.transact(BinderProxy.java:571)
04-17 13:23:53.969005  2608  4479 W ActivityTaskManager: 	at android.app.IApplicationThread$Stub$Proxy.scheduleTransaction(IApplicationThread.java:2732)
04-17 13:23:53.969005  2608  4479 W ActivityTaskManager: 	at android.app.servertransaction.ClientTransaction.schedule(ClientTransaction.java:136)
04-17 13:23:53.969005  2608  4479 W ActivityTaskManager: 	at com.android.server.wm.ClientLifecycleManager.scheduleTransaction(ClientLifecycleManager.java:47)
04-17 13:23:53.969005  2608  4479 W ActivityTaskManager: 	at com.android.server.wm.ClientLifecycleManager.scheduleTransaction(ClientLifecycleManager.java:69)
04-17 13:23:53.969005  2608  4479 W ActivityTaskManager: 	at com.android.server.wm.Task.schedulePauseActivity(Task.java:5830)
04-17 13:23:53.969005  2608  4479 W ActivityTaskManager: 	at com.android.server.wm.Task.startPausingLocked(Task.java:5775)
04-17 13:23:53.969005  2608  4479 W ActivityTaskManager: 	at com.android.server.wm.ActivityRecord.finishIfPossible(ActivityRecord.java:3004)
04-17 13:23:53.969005  2608  4479 W ActivityTaskManager: 	at com.android.server.wm.ActivityRecord.finishIfPossible(ActivityRecord.java:2889)
04-17 13:23:53.969005  2608  4479 W ActivityTaskManager: 	at com.android.server.wm.Task.finishTopCrashedActivityLocked(Task.java:6793)
04-17 13:23:53.969005  2608  4479 W ActivityTaskManager: 	at com.android.server.wm.RootWindowContainer.lambda$finishTopCrashedActivities$18(RootWindowContainer.java:2300)
04-17 13:23:53.969005  2608  4479 W ActivityTaskManager: 	at com.android.server.wm.RootWindowContainer$$ExternalSyntheticLambda28.accept(Unknown Source:10)
04-17 13:23:53.969005  2608  4479 W ActivityTaskManager: 	at com.android.server.wm.Task.forAllTasks(Task.java:3865)
04-17 13:23:53.969005  2608  4479 W ActivityTaskManager: 	at com.android.server.wm.WindowContainer.forAllTasks(WindowContainer.java:1734)
04-17 13:23:53.969005  2608  4479 W ActivityTaskManager: 	at com.android.server.wm.WindowContainer.forAllTasks(WindowContainer.java:1734)
04-17 13:23:53.969005  2608  4479 W ActivityTaskManager: 	at com.android.server.wm.WindowContainer.forAllTasks(WindowContainer.java:1734)
04-17 13:23:53.969005  2608  4479 W ActivityTaskManager: 	at com.android.server.wm.WindowContainer.forAllTasks(WindowContainer.java:1734)
04-17 13:23:53.969005  2608  4479 W ActivityTaskManager: 	at com.android.server.wm.WindowContainer.forAllTasks(WindowContainer.java:1734)
04-17 13:23:53.969005  2608  4479 W ActivityTaskManager: 	at com.android.server.wm.WindowContainer.forAllTasks(WindowContainer.java:1734)
04-17 13:23:53.969005  2608  4479 W ActivityTaskManager: 	at com.android.server.wm.WindowContainer.forAllTasks(WindowContainer.java:1734)
04-17 13:23:53.969005  2608  4479 W ActivityTaskManager: 	at com.android.server.wm.WindowContainer.forAllTasks(WindowContainer.java:1727)
04-17 13:23:53.969005  2608  4479 W ActivityTaskManager: 	at com.android.server.wm.RootWindowContainer.finishTopCrashedActivities(RootWindowContainer.java:2299)
04-17 13:23:53.969005  2608  4479 W ActivityTaskManager: 	at com.android.server.wm.ActivityTaskManagerService$LocalService.finishTopCrashedActivities(ActivityTaskManagerService.java:6241)
04-17 13:23:53.969005  2608  4479 W ActivityTaskManager: 	at com.android.server.am.AppErrors.handleAppCrashLSPB(AppErrors.java:913)
04-17 13:23:53.969005  2608  4479 W ActivityTaskManager: 	at com.android.server.am.AppErrors.makeAppCrashingLocked(AppErrors.java:751)
04-17 13:23:53.969005  2608  4479 W ActivityTaskManager: 	at com.android.server.am.AppErrors.crashApplicationInner(AppErrors.java:626)
04-17 13:23:53.969005  2608  4479 W ActivityTaskManager: 	at com.android.server.am.AppErrors.crashApplication(AppErrors.java:556)
04-17 13:23:53.969005  2608  4479 W ActivityTaskManager: 	at com.android.server.am.ActivityManagerService.handleApplicationCrashInner(ActivityManagerService.java:7932)
04-17 13:23:53.969005  2608  4479 W ActivityTaskManager: 	at com.android.server.am.NativeCrashListener$NativeCrashReporter.run(NativeCrashListener.java:88)
--------- switch to events
04-17 13:23:53.970055  2608  2755 I dropbox_file_copy: [/data/tombstones/tombstone_00,98304,SYSTEM_TOMBSTONE]
--------- switch to system
04-17 13:23:53.972036  2915  3182 D StartingSurfaceDrawer: Task start finish, remove starting surface for task 21
04-17 13:23:53.972130  2915  3182 V StartingSurfaceDrawer: Removing splash screen window for task: 21
--------- switch to events
04-17 13:23:53.972946  2608  2755 I commit_sys_config_file: [log-files,6441]
04-17 13:23:53.973226  2608  4479 I wm_set_resumed_activity: [0,com.android.launcher3/.uioverrides.QuickstepLauncher,resumeTopActivityInnerLocked]
04-17 13:23:53.979549  2608  4479 I wm_resume_activity: [0,262281449,20,com.android.launcher3/.uioverrides.QuickstepLauncher]
04-17 13:23:53.981428  3336  3336 I wm_on_resume_called: [262281449,com.android.launcher3.uioverrides.QuickstepLauncher,RESUME_ACTIVITY]
--------- switch to system
04-17 13:23:53.983120  2608  2755 E NativeTombstoneManager: Tombstone has invalid selinux label (u:r:platform_app:s0:c512,c768\xC0\x80), ignoring
04-17 13:23:53.984452  2608  2755 I DropBoxManagerService: add tag=SYSTEM_TOMBSTONE_PROTO isTagEnabled=true flags=0x4
--------- switch to main
04-17 13:23:53.999504  2608  2696 I libprocessgroup: Successfully killed process cgroup uid 10102 pid 4448 in 0ms
--------- switch to events
04-17 13:23:54.009919  2608  2686 I input_focus: [Focus request a0e0b86 com.android.launcher3/com.android.launcher3.uioverrides.QuickstepLauncher,reason=UpdateInputWindows]
04-17 13:23:54.011598  2608  4479 I sysui_multi_action: [757,316,758,4,759,-1]
--------- switch to system
04-17 13:23:54.011631  2608  2673 I ActivityManager: Process com.pjh.jnidemo (pid 4448) has died: fg  TOP 
--------- switch to events
04-17 13:23:54.011701  2608  2673 I am_proc_died: [0,4448,com.pjh.jnidemo,0,2]
04-17 13:23:54.011709  2608  2767 I input_focus: [Focus entering a0e0b86 com.android.launcher3/com.android.launcher3.uioverrides.QuickstepLauncher (server),reason=Window became focusable. Previous reason: NO_WINDOW]
--------- switch to main
04-17 13:23:54.012465  2608  3157 W InputManager-JNI: Input channel object 'ae4d49a Splash Screen com.pjh.jnidemo (client)' was disposed without first being removed with the input manager!
--------- switch to events
04-17 13:23:54.019022  2608  2755 I commit_sys_config_file: [log-files,6487]
--------- switch to kernel
04-17 13:23:54.024112     0     0 I         : c7    205 camera_ldo: disabling
--------- switch to events
04-17 13:23:54.024730  2608  2685 I sysui_multi_action: [757,1144,758,7,806,com.pjh.jnidemo,871,com.pjh.jnidemo.MainActivity]
04-17 13:23:54.025501  2608  2673 I am_uid_stopped: 10102
04-17 13:23:54.035403  2608  2673 I wm_task_removed: [21,removeChild:removeChild last r=ActivityRecord{ae319af u0 com.pjh.jnidemo/.MainActivity t-1 f}} in t=Task{14a3c54 #21 type=standard A=10102:com.pjh.jnidemo U=0 visible=false mode=fullscreen translucent=true sz=0}]
04-17 13:23:54.035489  2608  2673 I wm_task_removed: [21,removeChild]
--------- switch to system
04-17 13:23:54.040805  2608  2686 W ActivityTaskManager: Can't find TaskDisplayArea to determine support for multi window. Task id=21 attached=false
04-17 13:23:54.040852  2608  2686 W ActivityTaskManager: Can't find TaskDisplayArea to determine support for multi window. Task id=21 attached=false
--------- switch to main
04-17 13:23:54.048237  3336  3718 W FrameTracker: Missing SF jank callback for vsyncId: 1758
04-17 13:23:54.048290  3336  3718 W FrameTracker: Missed App frame:72
04-17 13:23:54.329711   971  2667 I sensors-hal: [ssc_utils]get_qmi_debug_flag:243, support_qmi_debug : false
--------- switch to system
04-17 13:23:54.454319  2608  2685 W ActivityTaskManager: Activity top resumed state loss timeout for ActivityRecord{ae319af u0 com.pjh.jnidemo/.MainActivity t-1 f}}
--------- switch to events
04-17 13:23:54.456453  3336  3336 I wm_on_top_resumed_gained_called: [262281449,com.android.launcher3.uioverrides.QuickstepLauncher,topStateChangedWhenResumed]
--------- switch to kernel
04-17 13:23:55.044848     0     0 I         : c0     10 sm7250_bms: MSC_PCS chg_state=1c2114d04010019 [0x19:4:1:4429:450] chg=u
04-17 13:23:55.045100     0     0 I         : c0     10 sm7250_bms: CHGR_ENG_CHARGING_CFG_REG = 0x04
04-17 13:23:55.054155     0     0 W         : c2    960 healthd: battery l=98 v=4429 t=22.3 h=2 st=2 c=285339 fc=3349000 cc=353 chg=u
04-17 13:23:55.054687     0     0 I         : c0      5 google_charger: usbchg=USB typec=C usbv=4862 usbc=444 usbMv=5000 usbMc=450
04-17 13:23:55.054866     0     0 I         : c0      5 sm7250_bms: MSC_PCS chg_state=1c2114d04010019 [0x19:4:1:4429:450] chg=u
04-17 13:23:55.054893     0     0 I         : c0      5 google_battery: MSC_DIN chg_state=1c2114d04010019 f=0x19 chg_s=Charging chg_t=Taper vchg=4429 icl=450
04-17 13:23:55.057660     0     0 I         : c0      5 google_battery: MSC_STEADY vt=4410000 vb=4429743 fv_uv=4410000 margin=100000
04-17 13:23:55.057668     0     0 I         : c0      5 google_battery: hold not defined for msc_state=10
04-17 13:23:55.057676     0     0 I         : c0      5 google_battery: MSC_WAIT vt=4410000 vb=4429743 fv_uv=4410000 ibatt=-285339 cv_cnt=1 ov_cnt=0 t_cnt=0
04-17 13:23:55.057681     0     0 I         : c0      5 google_battery: hold not defined for msc_state=13
04-17 13:23:55.057706     0     0 I         : c0      5 google_battery: MSC_VOTE msc_state=13 cv_cnt=1 ov_cnt=0 temp_idx:2, vbatt_idx:3  fv_uv=4410000 cc_max=1200000 update_interval=2000
04-17 13:23:55.057743     0     0 I         : c0      5 google_charger: MSC_CHG fv_uv=4410000, cc_max=1200000, rerun in 2000 ms (0)
--------- switch to main
04-17 13:23:55.104036   971  2667 I sensors-hal: [ssc_utils]get_qmi_debug_flag:243, support_qmi_debug : false
04-17 13:23:55.199441   971  2667 I sensors-hal: [ssc_utils]get_qmi_debug_flag:243, support_qmi_debug : false
--------- switch to system
04-17 13:23:55.209487  2608  2694 D CompatibilityChangeReporter: Compat change id reported: 168419799; UID 10043; state: DISABLED
--------- switch to main
04-17 13:23:56.859279  2884  2884 D AvrcpBrowsablePlayerConnector: Received a message: msg.what=2
04-17 13:23:56.859750  2884  2884 V AvrcpBrowsablePlayerConnector: Timed out waiting for players
04-17 13:23:56.860065  2884  2884 I AvrcpBrowsablePlayerConnector: Successfully connected to 0 browsable players.
04-17 13:23:56.860289  2884  2884 I MediaPlayerList: init: Browsable Player list size is 0
04-17 13:23:56.860468  2884  2884 D MediaPlayerList: Initializing list of current media players
--------- switch to system
04-17 13:23:56.936382  2608  3763 E TaskPersister: File error accessing recents directory (directory doesn't exist?).
--------- switch to main
04-17 13:23:57.052356   977   977 I pixelstats: MmMetrics: Unable to read /sys/kernel/pixel_stat/gpu/mem/total_page_count - No such file or directory
--------- switch to kernel
04-17 13:23:57.059698     0     0 I         : c0      5 google_charger: usbchg=USB typec=C usbv=4857 usbc=444 usbMv=5000 usbMc=450
04-17 13:23:57.059847     0     0 I         : c0      5 sm7250_bms: MSC_PCS chg_state=1c2114c04010019 [0x19:4:1:4428:450] chg=u
04-17 13:23:57.059891     0     0 I         : c0      5 google_battery: MSC_DIN chg_state=1c2114c04010019 f=0x19 chg_s=Charging chg_t=Taper vchg=4428 icl=450
04-17 13:23:57.060953     0     0 I         : c0      5 google_battery: MSC_STEADY vt=4410000 vb=4428575 fv_uv=4410000 margin=100000
04-17 13:23:57.060967     0     0 I         : c0      5 google_battery: hold not defined for msc_state=10
04-17 13:23:57.060981     0     0 I         : c0      5 google_battery: MSC_WAIT vt=4410000 vb=4428575 fv_uv=4410000 ibatt=-261841 cv_cnt=0 ov_cnt=0 t_cnt=0
04-17 13:23:57.060991     0     0 I         : c0      5 google_battery: hold not defined for msc_state=13
04-17 13:23:57.061028     0     0 I         : c0      5 google_battery: MSC_VOTE msc_state=13 cv_cnt=0 ov_cnt=0 temp_idx:2, vbatt_idx:3  fv_uv=4410000 cc_max=1200000 update_interval=2000
04-17 13:23:57.061075     0     0 I         : c0      5 google_charger: MSC_CHG fv_uv=4410000, cc_max=1200000, rerun in 2000 ms (0)
--------- switch to main
04-17 13:23:57.092239   977   977 D pixelstats: BatteryEEPROM: checkAndReport: 0018 105b 005d fff3 1e00 1c00 0b1b 001d 152a 1171 0d19 0865 f5ac 2e1a 
04-17 13:23:57.092239   977   977 D pixelstats: BatteryEEPROM: 0031 105b 0059 fff7 1f00 bd00 4bbb 00b7 152a 1172 0d19 0889 f5ac 3074 
04-17 13:23:57.092239   977   977 D pixelstats: BatteryEEPROM: 004a 105b 0059 fffb 2000 c900 51ca 00c8 152a 1172 0d19 0889 f0b1 2bc9 
04-17 13:23:57.092239   977   977 D pixelstats: BatteryEEPROM: 0063 105b 005e 0004 1800 ce00 57d9 00d3 152a 1172 0d19 08f2 f0b1 2c76 
04-17 13:23:57.092239   977   977 D pixelstats: BatteryEEPROM: 007c 0fc7 005a fffc 1d00 b700 49b7 00b2 0f2a 1175 0d19 08f2 f0b1 2b89 
04-17 13:23:57.092239   977   977 D pixelstats: BatteryEEPROM: 0095 0f98 005b 0001 1b00 b000 49b6 00b1 0f32 1175 0d19 08f2 f0b1 2b76 
04-17 13:23:57.092239   977   977 D pixelstats: BatteryEEPROM: 00ae 0f90 005d 0015 1a00 f700 64fa 00f1 0f32 1175 0d19 08f2 f0b1 2c82 
04-17 13:23:57.092239   977   977 D pixelstats: BatteryEEPROM: 00c7 0ec6 0058 000c 2100 db00 5de8 00e2 0f32 1175 0d19 08f2 f0b1 2b86 
04-17 13:23:57.092239   977   977 D pixelstats: BatteryEEPROM: 00e0 0e69 005a 0002 1f00 6000 2761 0060 0f32 1175 0d19 08f2 f0b1 297e 
04-17 13:23:57.092239   977   977 D pixelstats: BatteryEEPROM: 00f9 0eea 005b 0004 1f00 4d00 1f4e 004e 0f32 1175 0d19 08f2 f0b1 29db 
04-17 13:23:57.092239   977   977 D pixelstats: BatteryEEPROM: 0112 0f27 005a 000c 1d00 7400 317a 0078 0f32 1175 0d19 09b7 f0b1 2b8a 
04-17 13:23:57.092239   977   977 D pixelstats: BatteryEEPROM: 012b 0df7 0057 0002 2200 b400 4bbb 00b6 0f32 1175 0d19 0aa4 f0b1 2c31 
04-17 13:23:57.092239   977   977 D pixelstats: BatteryEEPROM: 0144 0d49 005d 001a 1937 d800 5ae1 00d7 0f32 1175 0d19 0aa4 f0b1 2c62 
04-17 13:23:57.092239   977   977 D pixelstats: BatteryEEPROM: 015d 0d15 005f 000f 1a37 3200 183c 003c 0f32 117b 0c63 0aa4 f0b1 2967 
04-17 13:23:57.092239   977   977 D pixelstats: BatteryEEPROM: 0161 0d15 005
04-17 13:23:57.092474   977   977 D pixelstats: BatteryEEPROM: reportEvent: cycle_cnt:99, full_cap:4187, esr:94, rslow:4, soh:0, batt_temp:24, cutoff_soc:0, cc_soc:206, sys_soc:217, msoc:87, batt_soc:211, reserve:0, max_temp:42, min_temp:21, max_vbatt:4466, min_vbatt:3353, max_ibatt:2290, min_ibatt:-3919, checksum:11382
04-17 13:23:57.092860   977   977 D pixelstats: BatteryEEPROM: reportEvent: cycle_cnt:149, full_cap:3992, esr:91, rslow:1, soh:0, batt_temp:27, cutoff_soc:0, cc_soc:176, sys_soc:182, msoc:73, batt_soc:177, reserve:0, max_temp:50, min_temp:15, max_vbatt:4469, min_vbatt:3353, max_ibatt:2290, min_ibatt:-3919, checksum:11126
04-17 13:23:57.093056   977   977 D pixelstats: BatteryEEPROM: reportEvent: cycle_cnt:174, full_cap:3984, esr:93, rslow:21, soh:0, batt_temp:26, cutoff_soc:0, cc_soc:247, sys_soc:250, msoc:100, batt_soc:241, reserve:0, max_temp:50, min_temp:15, max_vbatt:4469, min_vbatt:3353, max_ibatt:2290, min_ibatt:-3919, checksum:11394
04-17 13:23:57.093370   977   977 D pixelstats: BatteryEEPROM: reportEvent: cycle_cnt:199, full_cap:3782, esr:88, rslow:12, soh:0, batt_temp:33, cutoff_soc:0, cc_soc:219, sys_soc:232, msoc:93, batt_soc:226, reserve:0, max_temp:50, min_temp:15, max_vbatt:4469, min_vbatt:3353, max_ibatt:2290, min_ibatt:-3919, checksum:11142
04-17 13:23:57.093605   977   977 D pixelstats: BatteryEEPROM: reportEvent: cycle_cnt:224, full_cap:3689, esr:90, rslow:2, soh:0, batt_temp:31, cutoff_soc:0, cc_soc:96, sys_soc:97, msoc:39, batt_soc:96, reserve:0, max_temp:50, min_temp:15, max_vbatt:4469, min_vbatt:3353, max_ibatt:2290, min_ibatt:-3919, checksum:10622
04-17 13:23:57.093921   977   977 D pixelstats: BatteryEEPROM: reportEvent: cycle_cnt:249, full_cap:3818, esr:91, rslow:4, soh:0, batt_temp:31, cutoff_soc:0, cc_soc:77, sys_soc:78, msoc:31, batt_soc:78, reserve:0, max_temp:50, min_temp:15, max_vbatt:4469, min_vbatt:3353, max_ibatt:2290, min_ibatt:-3919, checksum:10715
04-17 13:23:57.094282   977   977 D pixelstats: BatteryEEPROM: reportEvent: cycle_cnt:274, full_cap:3879, esr:90, rslow:12, soh:0, batt_temp:29, cutoff_soc:0, cc_soc:116, sys_soc:122, msoc:49, batt_soc:120, reserve:0, max_temp:50, min_temp:15, max_vbatt:4469, min_vbatt:3353, max_ibatt:2487, min_ibatt:-3919, checksum:11146
04-17 13:23:57.094538   977   977 D pixelstats: BatteryEEPROM: reportEvent: cycle_cnt:299, full_cap:3575, esr:87, rslow:2, soh:0, batt_temp:34, cutoff_soc:0, cc_soc:180, sys_soc:187, msoc:75, batt_soc:182, reserve:0, max_temp:50, min_temp:15, max_vbatt:4469, min_vbatt:3353, max_ibatt:2724, min_ibatt:-3919, checksum:11313
04-17 13:23:57.094812   977   977 D pixelstats: BatteryEEPROM: reportEvent: cycle_cnt:324, full_cap:3401, esr:93, rslow:26, soh:55, batt_temp:25, cutoff_soc:0, cc_soc:216, sys_soc:225, msoc:90, batt_soc:215, reserve:0, max_temp:50, min_temp:15, max_vbatt:4469, min_vbatt:3353, max_ibatt:2724, min_ibatt:-3919, checksum:11362
04-17 13:23:57.095297   977   977 D pixelstats: BatteryEEPROM: reportEvent: cycle_cnt:349, full_cap:3349, esr:95, rslow:15, soh:55, batt_temp:26, cutoff_soc:0, cc_soc:50, sys_soc:60, msoc:24, batt_soc:60, reserve:0, max_temp:50, min_temp:15, max_vbatt:4475, min_vbatt:3171, max_ibatt:2724, min_ibatt:-3919, checksum:10599
04-17 13:23:57.096157   977   977 D pixelstats: BatteryEEPROM: reportEvent: cycle_cnt:353, full_cap:3349, esr:89, rslow:16, soh:55, batt_temp:31, cutoff_soc:0, cc_soc:125, sys_soc:137, msoc:55, batt_soc:134, reserve:0, max_temp:50, min_temp:15, max_vbatt:4475, min_vbatt:3171, max_ibatt:2724, min_ibatt:-3919, checksum:10860
04-17 13:23:57.106284   977   977 E pixelstats-vendor: Unable to read /sys/fs/f2fs/dm-6/compr_written_block - No such file or directory
04-17 13:23:57.106408   977   977 E pixelstats-vendor: Unable to read compression written blocks
04-17 13:23:57.107249   977   977 E pixelstats-vendor: Failed to change gc_segment_mode to 0
04-17 13:23:57.109699   977   977 D pixelstats-vendor: SpeechDSP uptime 23801 downtime 0 crashcount 0 recovercount 0
--------- switch to kernel
04-17 13:23:57.108870     0     0 I         : c1    977 codec_detect codec_detect: resistance_left_right_show: 0.00000,0.00000 (0, 0, 100000)
--------- switch to main
04-17 13:23:57.112307   977   977 D pixelstats-vendor: Audio speaker temperature path not specified
04-17 13:23:57.113851   977   977 E pixelstats: MmMetrics: Unable to read vmstat from /sys/kernel/pixel_stat/mm/vmstat, err: No such file or directory
04-17 13:23:57.131021   985  1032 D rlsservice: MonitorDisplayStatus client num 1, display status 1, sensor status 0
04-17 13:23:58.143415   618  2952 I keystore2: keystore2::watchdog: Watchdog thread idle -> terminating. Have a great day.
--------- switch to kernel
04-17 13:23:59.065846     0     0 I         : c0      5 google_charger: usbchg=USB typec=C usbv=4896 usbc=369 usbMv=5000 usbMc=450
04-17 13:23:59.066019     0     0 I         : c0      5 sm7250_bms: MSC_PCS chg_state=1c2114d04010009 [0x9:4:1:4429:450] chg=u
04-17 13:23:59.066083     0     0 I         : c0      5 google_battery: MSC_DIN chg_state=1c2114d04010009 f=0x9 chg_s=Charging chg_t=Taper vchg=4429 icl=450
04-17 13:23:59.067274     0     0 I         : c0      5 google_battery: MSC_STEADY vt=4410000 vb=4429938 fv_uv=4410000 margin=100000
04-17 13:23:59.067303     0     0 I         : c0      5 google_battery: hold not defined for msc_state=10
04-17 13:23:59.067325     0     0 I         : c0      5 google_battery: MSC_NYET ibatt=-266418 cc_next_max=600000 t_cnt=1
04-17 13:23:59.067342     0     0 I         : c0      5 google_battery: hold not defined for msc_state=16
04-17 13:23:59.067585     0     0 I         : c0      5 google_battery: MSC_VOTE msc_state=16 cv_cnt=0 ov_cnt=0 temp_idx:2, vbatt_idx:3  fv_uv=4410000 cc_max=1200000 update_interval=2000
04-17 13:23:59.067679     0     0 I         : c0      5 google_charger: MSC_CHG fv_uv=4410000, cc_max=1200000, rerun in 2000 ms (0)
04-17 13:23:59.163049     0     0 I         : c7    219 google_charger: usbchg=USB typec=C usbv=4860 usbc=407 usbMv=5000 usbMc=450
04-17 13:23:59.163208     0     0 I         : c7    219 sm7250_bms: MSC_PCS chg_state=1c2114d04010009 [0x9:4:1:4429:450] chg=u
04-17 13:23:59.163242     0     0 I         : c7    219 google_battery: MSC_DIN chg_state=1c2114d04010009 f=0x9 chg_s=Charging chg_t=Taper vchg=4429 icl=450
04-17 13:23:59.167044     0     0 I         : c7    219 google_battery: MSC_STEADY vt=4410000 vb=4429548 fv_uv=4410000 margin=100000
04-17 13:23:59.167059     0     0 I         : c7    219 google_battery: hold not defined for msc_state=10
04-17 13:23:59.167066     0     0 I         : c7    219 google_battery: MSC_NYET ibatt=-269165 cc_next_max=600000 t_cnt=2
04-17 13:23:59.167072     0     0 I         : c7    219 google_battery: hold not defined for msc_state=16
04-17 13:23:59.167082     0     0 I         : c7    219 google_battery: MSC_VOTE msc_state=16 cv_cnt=0 ov_cnt=0 temp_idx:2, vbatt_idx:3  fv_uv=4410000 cc_max=1200000 update_interval=2000
04-17 13:23:59.167138     0     0 I         : c7    219 google_charger: MSC_CHG fv_uv=4410000, cc_max=1200000, rerun in 2000 ms (0)
04-17 13:23:59.168312     0     0 W         : c2    960 healthd: battery l=98 v=4429 t=22.3 h=2 st=2 c=269165 fc=3349000 cc=353 chg=u
--------- switch to radio
04-17 13:23:59.186853  3140  3140 D RILJ    : [0189]> GET_CELL_INFO_LIST [PHONE1]
04-17 13:23:59.195996  3140  3275 D RILJ    : [0189]< GET_CELL_INFO_LIST [] [PHONE1]
04-17 13:23:59.198493  3140  3140 D LocaleTracker-1: processCellInfo: cell info=[]
04-17 13:23:59.198752  3140  3140 D LocaleTracker-1: updateLocale: countryIso = , countryIsoDebugInfo = empty as default
04-17 13:23:59.198912  3140  3140 D LocaleTracker-1: updateLocale: timeZoneCountryIso = , timeZoneCountryIsoDebugInfo = Defaulted: empty as default
04-17 13:23:59.199056  3140  3140 D NewNitzStateMachineImpl: handleCountryUnavailable: mLatestNitzSignal=null
04-17 13:23:59.199597  3140  3140 D NewNitzStateMachineImpl: doTimeZoneDetection: countryIsoCode=null, nitzSignal=null, suggestion=TelephonyTimeZoneSuggestion{mSlotIndex=1, mZoneId='null', mMatchType=0, mQuality=0, mDebugInfo=[getTimeZoneSuggestion: nitzSignal=null, countryIsoCode=null, Detection reason=handleCountryUnavailable()]}, reason=handleCountryUnavailable()
04-17 13:23:59.199922  3140  3140 D LocaleTracker-1: processCellInfo: cell info=[]
04-17 13:23:59.200070  3140  3140 D LocaleTracker-1: updateLocale: countryIso = , countryIsoDebugInfo = empty as default
04-17 13:23:59.200218  3140  3140 D LocaleTracker-1: updateLocale: timeZoneCountryIso = , timeZoneCountryIsoDebugInfo = Defaulted: empty as default
04-17 13:23:59.200343  3140  3140 D NewNitzStateMachineImpl: handleCountryUnavailable: mLatestNitzSignal=null
04-17 13:23:59.200835  3140  3140 D NewNitzStateMachineImpl: doTimeZoneDetection: countryIsoCode=null, nitzSignal=null, suggestion=TelephonyTimeZoneSuggestion{mSlotIndex=1, mZoneId='null', mMatchType=0, mQuality=0, mDebugInfo=[getTimeZoneSuggestion: nitzSignal=null, countryIsoCode=null, Detection reason=handleCountryUnavailable()]}, reason=handleCountryUnavailable()
04-17 13:23:59.201165  3140  3140 D LocaleTracker-1: Can't get cell info. Try again in 16 secs.
--------- switch to kernel
04-17 13:23:59.734825     0     0 I         : c5    576 logd: logdr: UID=2000 GID=2000 PID=4497 b tail=0 logMask=99 pid=0 start=0ns deadline=0ns
--------- switch to main
04-17 13:24:00.052981   971  2667 I sensors-hal: [ssc_utils]get_qmi_debug_flag:243, support_qmi_debug : false
04-17 13:24:00.146267   971  2667 I sensors-hal: [ssc_utils]get_qmi_debug_flag:243, support_qmi_debug : false
--------- switch to kernel
04-17 13:24:01.172389     0     0 I         : c7    219 google_charger: usbchg=USB typec=C usbv=4887 usbc=346 usbMv=5000 usbMc=450
04-17 13:24:01.172520     0     0 I         : c7    219 sm7250_bms: MSC_PCS chg_state=1c2114d04010009 [0x9:4:1:4429:450] chg=u
04-17 13:24:01.172558     0     0 I         : c7    219 google_battery: MSC_DIN chg_state=1c2114d04010009 f=0x9 chg_s=Charging chg_t=Taper vchg=4429 icl=450
04-17 13:24:01.174118     0     0 I         : c7    219 google_battery: MSC_STEADY vt=4410000 vb=4429354 fv_uv=4410000 margin=100000
04-17 13:24:01.174127     0     0 I         : c7    219 google_battery: hold not defined for msc_state=10
04-17 13:24:01.174135     0     0 I         : c7    219 google_battery: MSC_NYET ibatt=-261535 cc_next_max=600000 t_cnt=3
04-17 13:24:01.174141     0     0 I         : c7    219 google_battery: hold not defined for msc_state=16
04-17 13:24:01.174169     0     0 I         : c7    219 google_battery: MSC_VOTE msc_state=16 cv_cnt=0 ov_cnt=0 temp_idx:2, vbatt_idx:3  fv_uv=4410000 cc_max=1200000 update_interval=2000
04-17 13:24:01.174205     0     0 I         : c7    219 google_charger: MSC_CHG fv_uv=4410000, cc_max=1200000, rerun in 2000 ms (0)
--------- switch to system
04-17 13:24:01.965832  2608  2694 I ActivityManager: Waited long enough for: ServiceRecord{1ba2ea3 u0 com.qualcomm.qcrilmsgtunnel/.QcrilMsgTunnelService}
--------- switch to main
04-17 13:24:02.550033  2915  3831 E FrameTracker: force finish cuj because of time out:J<NOTIFICATION_HEADS_UP_DISAPPEAR>
--------- switch to kernel
04-17 13:24:03.183280     0     0 I         : c7    219 google_charger: usbchg=USB typec=C usbv=4882 usbc=400 usbMv=5000 usbMc=450
04-17 13:24:03.183405     0     0 I         : c7    219 sm7250_bms: MSC_PCS chg_state=1c2114d04010009 [0x9:4:1:4429:450] chg=u
04-17 13:24:03.183447     0     0 I         : c7    219 google_battery: MSC_DIN chg_state=1c2114d04010009 f=0x9 chg_s=Charging chg_t=Taper vchg=4429 icl=450
04-17 13:24:03.185572     0     0 I         : c7    219 google_battery: MSC_STEADY vt=4410000 vb=4429743 fv_uv=4410000 margin=100000
04-17 13:24:03.185585     0     0 I         : c7    219 google_battery: hold not defined for msc_state=10
04-17 13:24:03.185594     0     0 I         : c7    219 google_battery: MSC_NEXT tier vb=4429743 ibatt=-258484 vbatt_idx=3->4
04-17 13:24:03.185620     0     0 I         : c7    219 google_battery: MSC_VOTE msc_state=15 cv_cnt=0 ov_cnt=0 temp_idx:2, vbatt_idx:4  fv_uv=4430000 cc_max=600000 update_interval=2000
04-17 13:24:03.185681     0     0 I         : c7    219 sm7250_bms: CONSTANT_CHARGE_CURRENT_MAX : ivalue=585000, val=11 pause=0 (0)
04-17 13:24:03.185698     0     0 I         : c7    219 sm7250_bms: CONSTANT_CHARGE_VOLTAGE_MAX : ivalue=4430000, val=83 (0)
04-17 13:24:03.185704     0     0 I         : c7    219 google_charger: MSC_CHG fv_uv=4410000->4430000 cc_max=1200000->600000 rc=0
04-17 13:24:03.185728     0     0 I         : c7    219 google_charger: MSC_CHG fv_uv=4430000, cc_max=600000, rerun in 2000 ms (0)
04-17 13:24:03.278303     0     0 I         : c0      5 sm7250_bms: MSC_PCS chg_state=1c2115503010015 [0x15:3:1:4437:450] chg=u
04-17 13:24:03.278545     0     0 I         : c0      5 sm7250_bms: CHGR_ENG_CHARGING_CFG_REG = 0x04
04-17 13:24:03.286442     0     0 W         : c5    960 healthd: battery l=98 v=4437 t=22.3 h=2 st=2 c=309753 fc=3349000 cc=353 chg=u
04-17 13:24:03.291488     0     0 I         : c0   4486 google_charger: usbchg=USB typec=C usbv=4860 usbc=444 usbMv=5000 usbMc=450
04-17 13:24:03.291615     0     0 I         : c0   4486 sm7250_bms: MSC_PCS chg_state=1c2115503010015 [0x15:3:1:4437:450] chg=u
04-17 13:24:03.291643     0     0 I         : c0   4486 google_battery: MSC_DIN chg_state=1c2115503010015 f=0x15 chg_s=Charging chg_t=Fast vchg=4437 icl=450
04-17 13:24:03.292647     0     0 I         : c0   4486 google_battery: MSC_FAST vt=4430000 vb=4437139 fv_uv=4430000->4430000 vchrg=4437 cv_cnt=1
04-17 13:24:03.292657     0     0 I         : c0   4486 google_battery: hold not defined for msc_state=7
04-17 13:24:03.292665     0     0 I         : c0   4486 google_battery: MSC_WAIT vt=4430000 vb=4437139 fv_uv=4430000 ibatt=-309753 cv_cnt=0 ov_cnt=0 t_cnt=0
04-17 13:24:03.292670     0     0 I         : c0   4486 google_battery: hold not defined for msc_state=13
04-17 13:24:03.292681     0     0 I         : c0   4486 google_battery: MSC_VOTE msc_state=13 cv_cnt=0 ov_cnt=0 temp_idx:2, vbatt_idx:4  fv_uv=4430000 cc_max=600000 update_interval=30000
04-17 13:24:03.292744     0     0 I         : c0   4486 google_charger: MSC_CHG fv_uv=4430000, cc_max=600000, rerun in 30000 ms (0)
--------- switch to main
04-17 13:24:03.339167   971  2667 I sensors-hal: [ssc_utils]get_qmi_debug_flag:243, support_qmi_debug : false
04-17 13:24:03.432702   971  2667 I sensors-hal: [ssc_utils]get_qmi_debug_flag:243, support_qmi_debug : false
--------- switch to events
04-17 13:24:07.540300  2608  2692 I am_pss  : [3336,10086,com.android.launcher3,107343872,89047040,0,239566848,0,2,18]
04-17 13:24:08.918564  2608  2692 I am_pss  : [4034,10082,com.android.inputmethod.latin,17989632,12484608,0,120664064,0,7,11]
04-17 13:24:08.930191  2608  2692 I am_pss  : [4090,10067,com.android.imsserviceentitlement,13899776,11120640,0,105586688,0,19,10]
04-17 13:24:08.941132  2608  2692 I am_pss  : [4160,1000,com.android.dynsystem,9131008,6311936,0,100655104,0,19,10]
04-17 13:24:09.131069  2608  2692 I am_pss  : [4177,1000,com.android.dynsystem:dynsystem,9457664,6516736,0,101609472,0,19,10]
04-17 13:24:09.142388  2608  2692 I am_pss  : [4196,10041,com.android.managedprovisioning,15205376,12431360,0,107188224,0,19,9]
04-17 13:24:09.576860  2608  2692 I am_pss  : [4237,10065,com.android.onetimeinitializer,9038848,6258688,0,100667392,0,19,13]
--------- switch to system
04-17 13:24:09.952000  2608  2684 D CompatibilityChangeReporter: Compat change id reported: 168419799; UID 10094; state: DISABLED
--------- switch to events
04-17 13:24:10.004596  2608  2692 I am_pss  : [4292,10100,com.android.permissioncontroller,18767872,15802368,0,112676864,0,19,15]
04-17 13:24:10.022123  2608  2692 I am_pss  : [4215,10076,com.android.messaging,16434176,12492800,0,114167808,0,19,15]
04-17 13:24:10.034743  2608  2692 I am_pss  : [4275,1000,com.android.localtransport,9198592,6443008,0,100687872,0,19,10]
04-17 13:24:10.045452  2608  2692 I am_pss  : [4258,10042,com.android.packageinstaller,12125184,9392128,0,103419904,0,19,9]
04-17 13:24:10.568681  2608  2692 I am_pss  : [4334,1000,com.android.settings,27045888,19546112,0,127086592,0,19,11]
04-17 13:24:10.857183  2608  2692 I am_pss  : [4370,10031,com.android.statementservice,13796352,10756096,0,108351488,0,19,13]
04-17 13:24:10.872918  2608  2692 I am_pss  : [4352,2000,com.android.shell,9777152,7032832,0,101384192,0,19,13]
--------- switch to kernel
04-17 13:24:11.870216     0     0 I         : c5   4496 sm7250_bms: MSC_PCS chg_state=1c2115d04010019 [0x19:4:1:4445:450] chg=u
04-17 13:24:11.870591     0     0 I         : c5   4496 sm7250_bms: CHGR_ENG_CHARGING_CFG_REG = 0x04
04-17 13:24:11.886338     0     0 W         : c0    960 healthd: battery l=98 v=4445 t=22.4 h=2 st=2 c=326538 fc=3349000 cc=353 chg=u
04-17 13:24:11.887094     0     0 I         : c5   4496 google_charger: usbchg=USB typec=C usbv=4857 usbc=444 usbMv=5000 usbMc=450
04-17 13:24:11.887201     0     0 I         : c5   4496 sm7250_bms: MSC_PCS chg_state=1c2115d04010019 [0x19:4:1:4445:450] chg=u
04-17 13:24:11.887232     0     0 I         : c5   4496 google_battery: MSC_DIN chg_state=1c2115d04010019 f=0x19 chg_s=Charging chg_t=Taper vchg=4445 icl=450
04-17 13:24:11.888333     0     0 I         : c5   4496 google_battery: MSC_STEADY vt=4430000 vb=4445509 fv_uv=4430000 margin=100000
04-17 13:24:11.888343     0     0 I         : c5   4496 google_battery: hold not defined for msc_state=10
04-17 13:24:11.888352     0     0 I         : c5   4496 google_battery: MSC_RSTC vt=4430000 vb=4445509 fv_uv=4430000 ibatt=-326538 cc_next_max=120000 t_cnt=0
04-17 13:24:11.888358     0     0 I         : c5   4496 google_battery: hold not defined for msc_state=14
04-17 13:24:11.888387     0     0 I         : c5   4496 google_battery: MSC_VOTE msc_state=14 cv_cnt=0 ov_cnt=0 temp_idx:2, vbatt_idx:4  fv_uv=4430000 cc_max=600000 update_interval=2000
04-17 13:24:11.888424     0     0 I         : c5   4496 google_charger: MSC_CHG fv_uv=4430000, cc_max=600000, rerun in 2000 ms (0)
--------- switch to main
04-17 13:24:11.937470   971  2667 I sensors-hal: [ssc_utils]get_qmi_debug_flag:243, support_qmi_debug : false
--------- switch to kernel
04-17 13:24:11.991362     0     0 I         : c6   2532 sm7250_bms: MSC_PCS chg_state=1c2115503010015 [0x15:3:1:4437:450] chg=u
04-17 13:24:11.991503     0     0 I         : c6   2532 sm7250_bms: CHGR_ENG_CHARGING_CFG_REG = 0x04
04-17 13:24:12.015479     0     0 W         : c5    960 healthd: battery l=98 v=4432 t=22.4 h=2 st=2 c=212097 fc=3349000 cc=353 chg=u
04-17 13:24:12.015485     0     0 I         : c6    216 google_charger: usbchg=USB typec=C usbv=4856 usbc=443 usbMv=5000 usbMc=450
04-17 13:24:12.015574     0     0 I         : c6    216 sm7250_bms: MSC_PCS chg_state=1c2115603010015 [0x15:3:1:4438:450] chg=u
04-17 13:24:12.015609     0     0 I         : c6    216 google_battery: MSC_DIN chg_state=1c2115603010015 f=0x15 chg_s=Charging chg_t=Fast vchg=4438 icl=450
04-17 13:24:12.016669     0     0 I         : c6    216 google_battery: MSC_FAST vt=4430000 vb=4438307 fv_uv=4430000->4430000 vchrg=4438 cv_cnt=1
04-17 13:24:12.016678     0     0 I         : c6    216 google_battery: hold not defined for msc_state=7
04-17 13:24:12.016688     0     0 I         : c6    216 google_battery: MSC_WAIT vt=4430000 vb=4438307 fv_uv=4430000 ibatt=-241699 cv_cnt=0 ov_cnt=0 t_cnt=0
04-17 13:24:12.016695     0     0 I         : c6    216 google_battery: hold not defined for msc_state=13
04-17 13:24:12.016721     0     0 I         : c6    216 google_battery: MSC_VOTE msc_state=13 cv_cnt=0 ov_cnt=0 temp_idx:2, vbatt_idx:4  fv_uv=4430000 cc_max=600000 update_interval=30000
04-17 13:24:12.016756     0     0 I         : c6    216 google_charger: MSC_CHG fv_uv=4430000, cc_max=600000, rerun in 30000 ms (0)
--------- switch to main
04-17 13:24:12.022325   971  2667 I sensors-hal: [ssc_utils]get_qmi_debug_flag:243, support_qmi_debug : false
04-17 13:24:12.074947   971  2667 I sensors-hal: [ssc_utils]get_qmi_debug_flag:243, support_qmi_debug : false
04-17 13:24:12.156303   971  2667 I sensors-hal: [ssc_utils]get_qmi_debug_flag:243, support_qmi_debug : false
--------- switch to kernel
04-17 13:24:12.727294     0     0 I         : c0   4486 sm7250_bms: MSC_PCS chg_state=1c2115c04010019 [0x19:4:1:4444:450] chg=u
04-17 13:24:12.727875     0     0 I         : c0   4486 sm7250_bms: CHGR_ENG_CHARGING_CFG_REG = 0x04
04-17 13:24:12.739618     0     0 I         : c0      5 google_charger: usbchg=USB typec=C usbv=4860 usbc=444 usbMv=5000 usbMc=450
04-17 13:24:12.739775     0     0 I         : c0      5 sm7250_bms: MSC_PCS chg_state=1c2115c04010019 [0x19:4:1:4444:450] chg=u
04-17 13:24:12.739834     0     0 I         : c0      5 google_battery: MSC_DIN chg_state=1c2115c04010019 f=0x19 chg_s=Charging chg_t=Taper vchg=4444 icl=450
04-17 13:24:12.741113     0     0 I         : c0      5 google_battery: MSC_STEADY vt=4430000 vb=4444730 fv_uv=4430000 margin=100000
04-17 13:24:12.741159     0     0 I         : c0      5 google_battery: hold not defined for msc_state=10
04-17 13:24:12.741212     0     0 I         : c0      5 google_battery: MSC_RSTC vt=4430000 vb=4444730 fv_uv=4430000 ibatt=-321655 cc_next_max=120000 t_cnt=0
04-17 13:24:12.741237     0     0 I         : c0      5 google_battery: hold not defined for msc_state=14
04-17 13:24:12.741264     0     0 I         : c0      5 google_battery: MSC_VOTE msc_state=14 cv_cnt=0 ov_cnt=0 temp_idx:2, vbatt_idx:4  fv_uv=4430000 cc_max=600000 update_interval=2000
04-17 13:24:12.741353     0     0 I         : c0      5 google_charger: MSC_CHG fv_uv=4430000, cc_max=600000, rerun in 2000 ms (0)
04-17 13:24:12.744161     0     0 W         : c4    960 healthd: battery l=98 v=4444 t=22.4 h=2 st=2 c=321655 fc=3349000 cc=353 chg=u
--------- switch to main
04-17 13:24:12.798711   971  2667 I sensors-hal: [ssc_utils]get_qmi_debug_flag:243, support_qmi_debug : false
04-17 13:24:12.889794   971  2667 I sensors-hal: [ssc_utils]get_qmi_debug_flag:243, support_qmi_debug : false
--------- switch to kernel
04-17 13:24:14.749449     0     0 I         : c0      5 google_charger: usbchg=USB typec=C usbv=4856 usbc=443 usbMv=5000 usbMc=450
04-17 13:24:14.749629     0     0 I         : c0      5 sm7250_bms: MSC_PCS chg_state=1c2115e04010019 [0x19:4:1:4446:450] chg=u
04-17 13:24:14.749701     0     0 I         : c0      5 google_battery: MSC_DIN chg_state=1c2115e04010019 f=0x19 chg_s=Charging chg_t=Taper vchg=4446 icl=450
04-17 13:24:14.751036     0     0 I         : c0      5 google_battery: MSC_STEADY vt=4430000 vb=4446092 fv_uv=4430000 margin=100000
04-17 13:24:14.751059     0     0 I         : c0      5 google_battery: hold not defined for msc_state=10
04-17 13:24:14.751081     0     0 I         : c0      5 google_battery: MSC_RSTC vt=4430000 vb=4446092 fv_uv=4430000 ibatt=-328369 cc_next_max=120000 t_cnt=0
04-17 13:24:14.751096     0     0 I         : c0      5 google_battery: hold not defined for msc_state=14
04-17 13:24:14.751146     0     0 I         : c0      5 google_battery: MSC_VOTE msc_state=14 cv_cnt=0 ov_cnt=0 temp_idx:2, vbatt_idx:4  fv_uv=4430000 cc_max=600000 update_interval=2000
04-17 13:24:14.751271     0     0 I         : c0      5 google_charger: MSC_CHG fv_uv=4430000, cc_max=600000, rerun in 2000 ms (0)
--------- switch to radio
04-17 13:24:15.215906  3140  3140 D RILJ    : [0190]> GET_CELL_INFO_LIST [PHONE1]
04-17 13:24:15.225332  3140  3275 D RILJ    : [0190]< GET_CELL_INFO_LIST [] [PHONE1]
04-17 13:24:15.227788  3140  3140 D LocaleTracker-1: processCellInfo: cell info=[]
04-17 13:24:15.228112  3140  3140 D LocaleTracker-1: updateLocale: countryIso = , countryIsoDebugInfo = empty as default
04-17 13:24:15.228328  3140  3140 D LocaleTracker-1: updateLocale: timeZoneCountryIso = , timeZoneCountryIsoDebugInfo = Defaulted: empty as default
04-17 13:24:15.228522  3140  3140 D NewNitzStateMachineImpl: handleCountryUnavailable: mLatestNitzSignal=null
04-17 13:24:15.229190  3140  3140 D NewNitzStateMachineImpl: doTimeZoneDetection: countryIsoCode=null, nitzSignal=null, suggestion=TelephonyTimeZoneSuggestion{mSlotIndex=1, mZoneId='null', mMatchType=0, mQuality=0, mDebugInfo=[getTimeZoneSuggestion: nitzSignal=null, countryIsoCode=null, Detection reason=handleCountryUnavailable()]}, reason=handleCountryUnavailable()
04-17 13:24:15.229525  3140  3140 D LocaleTracker-1: processCellInfo: cell info=[]
04-17 13:24:15.229712  3140  3140 D LocaleTracker-1: updateLocale: countryIso = , countryIsoDebugInfo = empty as default
04-17 13:24:15.229892  3140  3140 D LocaleTracker-1: updateLocale: timeZoneCountryIso = , timeZoneCountryIsoDebugInfo = Defaulted: empty as default
04-17 13:24:15.230054  3140  3140 D NewNitzStateMachineImpl: handleCountryUnavailable: mLatestNitzSignal=null
04-17 13:24:15.230585  3140  3140 D NewNitzStateMachineImpl: doTimeZoneDetection: countryIsoCode=null, nitzSignal=null, suggestion=TelephonyTimeZoneSuggestion{mSlotIndex=1, mZoneId='null', mMatchType=0, mQuality=0, mDebugInfo=[getTimeZoneSuggestion: nitzSignal=null, countryIsoCode=null, Detection reason=handleCountryUnavailable()]}, reason=handleCountryUnavailable()
04-17 13:24:15.231020  3140  3140 D LocaleTracker-1: Can't get cell info. Try again in 32 secs.
--------- switch to kernel
04-17 13:24:16.754893     0     0 I         : c0      5 google_charger: usbchg=USB typec=C usbv=4858 usbc=444 usbMv=5000 usbMc=450
04-17 13:24:16.755052     0     0 I         : c0      5 sm7250_bms: MSC_PCS chg_state=1c2115c04010019 [0x19:4:1:4444:450] chg=u
04-17 13:24:16.755111     0     0 I         : c0      5 google_battery: MSC_DIN chg_state=1c2115c04010019 f=0x19 chg_s=Charging chg_t=Taper vchg=4444 icl=450
04-17 13:24:16.756224     0     0 I         : c0      5 google_battery: MSC_STEADY vt=4430000 vb=4444925 fv_uv=4430000 margin=100000
04-17 13:24:16.756246     0     0 I         : c0      5 google_battery: hold not defined for msc_state=10
04-17 13:24:16.756269     0     0 I         : c0      5 google_battery: MSC_RSTC vt=4430000 vb=4444925 fv_uv=4430000 ibatt=-321045 cc_next_max=120000 t_cnt=0
04-17 13:24:16.756285     0     0 I         : c0      5 google_battery: hold not defined for msc_state=14
04-17 13:24:16.756338     0     0 I         : c0      5 google_battery: MSC_VOTE msc_state=14 cv_cnt=0 ov_cnt=0 temp_idx:2, vbatt_idx:4  fv_uv=4430000 cc_max=600000 update_interval=2000
04-17 13:24:16.756412     0     0 I         : c0      5 google_charger: MSC_CHG fv_uv=4430000, cc_max=600000, rerun in 2000 ms (0)
04-17 13:24:18.759799     0     0 I         : c0      5 google_charger: usbchg=USB typec=C usbv=4863 usbc=444 usbMv=5000 usbMc=450
04-17 13:24:18.759979     0     0 I         : c0      5 sm7250_bms: MSC_PCS chg_state=1c2115a04010019 [0x19:4:1:4442:450] chg=u
04-17 13:24:18.760038     0     0 I         : c0      5 google_battery: MSC_DIN chg_state=1c2115a04010019 f=0x19 chg_s=Charging chg_t=Taper vchg=4442 icl=450
04-17 13:24:18.761154     0     0 I         : c0      5 google_battery: MSC_STEADY vt=4430000 vb=4442978 fv_uv=4430000 margin=100000
04-17 13:24:18.761178     0     0 I         : c0      5 google_battery: hold not defined for msc_state=10
04-17 13:24:18.761198     0     0 I         : c0      5 google_battery: MSC_RSTC vt=4430000 vb=4442978 fv_uv=4430000 ibatt=-320434 cc_next_max=120000 t_cnt=0
