04-17 13:45:22.638593  2594  2756 I input_focus: [Focus entering 88e344e com.android.launcher3/com.android.launcher3.uioverrides.QuickstepLauncher (server),reason=Window became focusable. Previous reason: NO_WINDOW]
--------- switch to system
04-17 13:45:22.638807  2594  3545 D CompatibilityChangeReporter: Compat change id reported: 171306433; UID 10043; state: ENABLED
04-17 13:45:22.640814  2594  2691 D CompatibilityChangeReporter: Compat change id reported: 143231523; UID 10043; state: DISABLED
04-17 13:45:22.644510  2594  3545 I ActivityManager: Killing 4141:com.android.carrierconfig/u0a83 (adj 975): empty #17
--------- switch to events
04-17 13:45:22.644802  2594  3545 I am_kill : [0,4141,com.android.carrierconfig,975,empty #17]
--------- switch to system
04-17 13:45:22.666139  2594  3442 D CompatibilityChangeReporter: Compat change id reported: 168419799; UID 10095; state: DISABLED
--------- switch to events
04-17 13:45:22.671340  2594  2691 I am_proc_died: [0,4141,com.android.carrierconfig,975,19]
--------- switch to main
04-17 13:45:22.672128   936   936 I Zygote  : Process 4141 exited due to signal 9 (Killed)
04-17 13:45:22.672213  2594  2684 I libprocessgroup: Successfully killed process cgroup uid 10083 pid 4141 in 26ms
--------- switch to events
04-17 13:45:22.672354  2594  2691 I am_uid_stopped: 10083
--------- switch to system
04-17 13:45:22.683858  2594  3545 D CompatibilityChangeReporter: Compat change id reported: 135634846; UID 1000; state: DISABLED
04-17 13:45:22.684149  2594  3545 D CompatibilityChangeReporter: Compat change id reported: 177438394; UID 1000; state: DISABLED
04-17 13:45:22.684729  2594  3545 D CompatibilityChangeReporter: Compat change id reported: 135772972; UID 1000; state: DISABLED
04-17 13:45:22.685004  2594  3545 D CompatibilityChangeReporter: Compat change id reported: 135754954; UID 1000; state: ENABLED
--------- switch to main
04-17 13:45:22.692387   936   936 D Zygote  : Forked child process 4456
--------- switch to events
04-17 13:45:22.692833  2594  2683 I am_proc_start: [0,4456,1000,com.android.settings,broadcast,{com.android.settings/com.android.settings.fuelgauge.batterytip.AnomalyConfigReceiver}]
--------- switch to system
04-17 13:45:22.692942  2594  2683 I ActivityManager: Start proc 4456:com.android.settings/1000 for broadcast {com.android.settings/com.android.settings.fuelgauge.batterytip.AnomalyConfigReceiver}
--------- switch to main
04-17 13:45:22.703051  1149  1187 I adbd    : jdwp connection from 4456
04-17 13:45:22.706769  4456  4456 D ProcessState: Binder ioctl to enable oneway spam detection failed: Invalid argument
--------- switch to kernel
04-17 13:45:22.706721     0     0 I         : c5   4456 binder: 4456:4456 ioctl 40046210 7fd6f79ef4 returned -22
--------- switch to events
04-17 13:45:22.714065  2594  3545 I am_proc_bound: [0,4456,com.android.settings]
--------- switch to system
04-17 13:45:22.718587  2594  3545 D CompatibilityChangeReporter: Compat change id reported: 168419799; UID 1000; state: DISABLED
--------- switch to main
04-17 13:45:22.731671  4456  4456 D CompatibilityChangeReporter: Compat change id reported: 171979766; UID 1000; state: ENABLED
04-17 13:45:22.812719   970  1072 D VSC     : @  41.626: [Significant Motion] Request motion_detect, interval 18446744027136.0 ms, latency 0.0 ms
04-17 13:45:22.812825   970  1072 D VSC     : @  41.626: [Significant Motion] Stop accel
04-17 13:45:22.830585   970  1072 D ASH     : @  41.644: SensorType 195 resampler quality 2
--------- switch to events
04-17 13:45:22.852373  2594  2926 I commit_sys_config_file: [appops,11]
--------- switch to main
04-17 13:45:22.915381  4456  4456 V GraphicsEnvironment: ANGLE Developer option for 'com.android.settings' set to: 'default'
04-17 13:45:22.915976  4456  4456 V GraphicsEnvironment: ANGLE GameManagerService for com.android.settings: false
04-17 13:45:22.916157  4456  4456 V GraphicsEnvironment: Neither updatable production driver nor prerelease driver is supported.
04-17 13:45:22.919850  4456  4456 D NetworkSecurityConfig: No Network Security Config specified, using platform default
04-17 13:45:22.920720  4456  4456 D NetworkSecurityConfig: No Network Security Config specified, using platform default
04-17 13:45:22.962327  4456  4456 D SettingsSliceProvider: init
04-17 13:45:22.963467  4456  4456 D SettingsSliceProvider: onCreateSliceProvider
--------- switch to events
04-17 13:45:22.987309  2594  2666 I input_focus: [Focus request 88e344e com.android.launcher3/com.android.launcher3.uioverrides.QuickstepLauncher,reason=UpdateInputWindows]
--------- switch to main
04-17 13:45:22.987646  4456  4456 D CompatibilityChangeReporter: Compat change id reported: 160794467; UID 1000; state: ENABLED
04-17 13:45:22.992849  2594  3442 W InputManager-JNI: Input channel object '10955b9 Splash Screen com.pjh.jnidemo (client)' was disposed without first being removed with the input manager!
--------- switch to system
04-17 13:45:23.006120  2594  3545 W WindowManager: Failed looking up window session=Session{21ef46b 2890:u0a10090} callers=com.android.server.wm.WindowManagerService.windowForClientLocked:5598 com.android.server.wm.WindowManagerService.removeWindow:2026 com.android.server.wm.Session.remove:218 
--------- switch to events
04-17 13:45:23.009424  2594  2666 I wm_task_removed: [24,removeChild:removeChild last r=ActivityRecord{cab18b2 u0 com.pjh.jnidemo/.MainActivity t-1 f}} in t=Task{683ded6 #24 type=standard A=10102:com.pjh.jnidemo U=0 visible=false mode=fullscreen translucent=true sz=0}]
04-17 13:45:23.009479  2594  2666 I wm_task_removed: [24,removeChild]
--------- switch to system
04-17 13:45:23.011434  2594  2666 W ActivityTaskManager: Can't find TaskDisplayArea to determine support for multi window. Task id=24 attached=false
04-17 13:45:23.011514  2594  2666 W ActivityTaskManager: Can't find TaskDisplayArea to determine support for multi window. Task id=24 attached=false
--------- switch to events
04-17 13:45:23.021877  2594  3442 I am_uid_running: 2000
--------- switch to system
04-17 13:45:23.022329  2594  3442 I ActivityManager: com.android.shell is exempt from freezer
04-17 13:45:23.022587  2594  3442 D CompatibilityChangeReporter: Compat change id reported: 135634846; UID 2000; state: DISABLED
04-17 13:45:23.022713  2594  3442 D CompatibilityChangeReporter: Compat change id reported: 177438394; UID 2000; state: DISABLED
04-17 13:45:23.022807  2594  3442 D CompatibilityChangeReporter: Compat change id reported: 135772972; UID 2000; state: DISABLED
04-17 13:45:23.022905  2594  3442 D CompatibilityChangeReporter: Compat change id reported: 135754954; UID 2000; state: ENABLED
04-17 13:45:23.023586  2594  3442 I ActivityManager: Killing 4191:com.android.calendar/u0a80 (adj 975): empty #17
--------- switch to events
04-17 13:45:23.023706  2594  3442 I am_kill : [0,4191,com.android.calendar,975,empty #17]
--------- switch to main
04-17 13:45:23.029408  2594  2684 I libprocessgroup: Successfully killed process cgroup uid 10080 pid 4191 in 5ms
04-17 13:45:23.032337   936   936 D Zygote  : Forked child process 4475
--------- switch to events
04-17 13:45:23.032846  2594  2683 I am_proc_start: [0,4475,2000,com.android.shell,broadcast,{com.android.shell/com.android.shell.HeapDumpReceiver}]
--------- switch to system
04-17 13:45:23.032936  2594  2683 I ActivityManager: Start proc 4475:com.android.shell/2000 for broadcast {com.android.shell/com.android.shell.HeapDumpReceiver}
--------- switch to events
04-17 13:45:23.045578  2594  3442 I am_proc_died: [0,4191,com.android.calendar,975,19]
--------- switch to main
04-17 13:45:23.046760   936   936 I Zygote  : Process 4191 exited due to signal 9 (Killed)
--------- switch to events
04-17 13:45:23.047066  2594  3442 I am_uid_stopped: 10080
--------- switch to main
04-17 13:45:23.049203  1149  1187 I adbd    : jdwp connection from 4475
--------- switch to events
04-17 13:45:23.053596  2594  3442 I am_uid_active: 2000
--------- switch to main
04-17 13:45:23.054398  4475  4475 D ProcessState: Binder ioctl to enable oneway spam detection failed: Invalid argument
--------- switch to kernel
04-17 13:45:23.054327     0     0 I         : c1   4475 binder: 4475:4475 ioctl 40046210 7fd6f79ef4 returned -22
--------- switch to events
04-17 13:45:23.064145  2594  3442 I am_proc_bound: [0,4475,com.android.shell]
--------- switch to system
04-17 13:45:23.067313  2594  3442 D CompatibilityChangeReporter: Compat change id reported: 168419799; UID 2000; state: DISABLED
04-17 13:45:23.073029  2594  2665 W ActivityTaskManager: Activity top resumed state loss timeout for ActivityRecord{cab18b2 u0 com.pjh.jnidemo/.MainActivity t-1 f}}
--------- switch to events
04-17 13:45:23.074190  3327  3327 I wm_on_top_resumed_gained_called: [152730531,com.android.launcher3.uioverrides.QuickstepLauncher,topStateChangedWhenResumed]
--------- switch to main
04-17 13:45:23.079493  4475  4475 D CompatibilityChangeReporter: Compat change id reported: 171979766; UID 2000; state: ENABLED
04-17 13:45:23.114357  4475  4475 V GraphicsEnvironment: ANGLE Developer option for 'com.android.shell' set to: 'default'
04-17 13:45:23.115162  4475  4475 V GraphicsEnvironment: ANGLE GameManagerService for com.android.shell: false
04-17 13:45:23.115334  4475  4475 V GraphicsEnvironment: Neither updatable production driver nor prerelease driver is supported.
04-17 13:45:23.118450  4475  4475 D NetworkSecurityConfig: No Network Security Config specified, using platform default
04-17 13:45:23.119359  4475  4475 D NetworkSecurityConfig: No Network Security Config specified, using platform default
04-17 13:45:23.141822  4475  4475 D HeapDumpReceiver: onReceive(): Intent { act=android.intent.action.BOOT_COMPLETED flg=0x89000010 cmp=com.android.shell/.HeapDumpReceiver (has extras) }
04-17 13:45:23.143605  4475  4493 D HeapDumpReceiver: Deleting from /data/user_de/0/com.android.shell/files/heapdumps
--------- switch to events
04-17 13:45:23.146407  2594  3442 I am_uid_running: 10031
--------- switch to system
04-17 13:45:23.148479  2594  3442 D CompatibilityChangeReporter: Compat change id reported: 135634846; UID 10031; state: DISABLED
04-17 13:45:23.148808  2594  3442 D CompatibilityChangeReporter: Compat change id reported: 177438394; UID 10031; state: DISABLED
04-17 13:45:23.148966  2594  3442 D CompatibilityChangeReporter: Compat change id reported: 135772972; UID 10031; state: DISABLED
04-17 13:45:23.149129  2594  3442 D CompatibilityChangeReporter: Compat change id reported: 135754954; UID 10031; state: DISABLED
04-17 13:45:23.150035  2594  2683 D CompatibilityChangeReporter: Compat change id reported: 143937733; UID 10031; state: DISABLED
04-17 13:45:23.150591  2594  3442 I ActivityManager: Killing 4215:com.android.camera2/u0a81 (adj 975): empty #17
--------- switch to events
04-17 13:45:23.150986  2594  3442 I am_kill : [0,4215,com.android.camera2,975,empty #17]
--------- switch to main
04-17 13:45:23.156338   936   936 D Zygote  : Forked child process 4494
--------- switch to events
04-17 13:45:23.156910  2594  2683 I am_proc_start: [0,4494,10031,com.android.statementservice,broadcast,{com.android.statementservice/com.android.statementservice.domain.BootCompletedReceiver}]
--------- switch to system
04-17 13:45:23.156975  2594  2683 I ActivityManager: Start proc 4494:com.android.statementservice/u0a31 for broadcast {com.android.statementservice/com.android.statementservice.domain.BootCompletedReceiver}
--------- switch to main
04-17 13:45:23.157250  2594  2684 I libprocessgroup: Successfully killed process cgroup uid 10081 pid 4215 in 5ms
04-17 13:45:23.159832  4494  4494 I libc    : SetHeapTaggingLevel: tag level set to 0
04-17 13:45:23.168355  1149  1187 I adbd    : jdwp connection from 4494
04-17 13:45:23.170489  4494  4494 D ProcessState: Binder ioctl to enable oneway spam detection failed: Invalid argument
--------- switch to events
04-17 13:45:23.170976  2594  3442 I am_proc_died: [0,4215,com.android.camera2,975,19]
--------- switch to main
04-17 13:45:23.171374   936   936 I Zygote  : Process 4215 exited due to signal 9 (Killed)
--------- switch to kernel
04-17 13:45:23.170447     0     0 I         : c0   4494 binder: 4494:4494 ioctl 40046210 7fd6f79ef4 returned -22
--------- switch to events
04-17 13:45:23.172211  2594  3442 I am_uid_stopped: 10081
04-17 13:45:23.175753  2594  3442 I am_uid_active: 10031
04-17 13:45:23.179674  2594  2651 I am_proc_bound: [0,4494,com.android.statementservice]
--------- switch to system
04-17 13:45:23.182304  2594  2651 D CompatibilityChangeReporter: Compat change id reported: 168419799; UID 10031; state: DISABLED
--------- switch to main
04-17 13:45:23.193698  4494  4494 D CompatibilityChangeReporter: Compat change id reported: 171979766; UID 10031; state: DISABLED
04-17 13:45:23.205758  4494  4494 D ApplicationLoaders: Returning zygote-cached class loader: /system/framework/android.test.base.jar
04-17 13:45:23.255503  4494  4494 V GraphicsEnvironment: ANGLE Developer option for 'com.android.statementservice' set to: 'default'
04-17 13:45:23.256082  4494  4494 V GraphicsEnvironment: ANGLE GameManagerService for com.android.statementservice: false
04-17 13:45:23.256264  4494  4494 V GraphicsEnvironment: Neither updatable production driver nor prerelease driver is supported.
04-17 13:45:23.259300  4494  4494 D NetworkSecurityConfig: No Network Security Config specified, using platform default
04-17 13:45:23.260206  4494  4494 D NetworkSecurityConfig: No Network Security Config specified, using platform default
04-17 13:45:23.309461   970  2673 I sensors-hal: [ssc_utils]get_qmi_debug_flag:243, support_qmi_debug : false
04-17 13:45:23.359525  4494  4511 D CompatibilityChangeReporter: Compat change id reported: 160794467; UID 10031; state: DISABLED
--------- switch to system
04-17 13:45:23.363729  2594  2651 D CompatibilityChangeReporter: Compat change id reported: 171306433; UID 10031; state: DISABLED
--------- switch to main
04-17 13:45:23.379930  2594  2651 D ConnectivityService: requestNetwork for uid/pid:1000/2594 asUid: 10031 activeRequest: null callbackRequest: 60 [NetworkRequest [ REQUEST id=61, [ Capabilities: INTERNET&NOT_RESTRICTED&TRUSTED&NOT_VCN_MANAGED Uid: 10031 RequestorUid: 1000 RequestorPkg: android] ]] callback flags: 0 priority: 2147483647
04-17 13:45:23.380956  2594  2790 D ConnectivityService: NetReassign [no changes]
04-17 13:45:23.381724  2594  2783 D WifiNetworkFactory: got request NetworkRequest [ REQUEST id=61, [ Capabilities: INTERNET&NOT_RESTRICTED&TRUSTED&NOT_VCN_MANAGED Uid: 10031 RequestorUid: 1000 RequestorPkg: android] ]
04-17 13:45:23.381866  2594  2783 D UntrustedWifiNetworkFactory: got request NetworkRequest [ REQUEST id=61, [ Capabilities: INTERNET&NOT_RESTRICTED&TRUSTED&NOT_VCN_MANAGED Uid: 10031 RequestorUid: 1000 RequestorPkg: android] ]
04-17 13:45:23.382034  2594  2783 D OemPaidWifiNetworkFactory: got request NetworkRequest [ REQUEST id=61, [ Capabilities: INTERNET&NOT_RESTRICTED&TRUSTED&NOT_VCN_MANAGED Uid: 10031 RequestorUid: 1000 RequestorPkg: android] ]
--------- switch to radio
04-17 13:45:23.383133  3548  3548 D TelephonyNetworkFactory[0]: got request NetworkRequest [ REQUEST id=61, [ Capabilities: INTERNET&NOT_RESTRICTED&TRUSTED&NOT_VCN_MANAGED Uid: 10031 RequestorUid: 1000 RequestorPkg: android] ]
04-17 13:45:23.383401  3548  3548 D TelephonyNetworkFactory[1]: got request NetworkRequest [ REQUEST id=61, [ Capabilities: INTERNET&NOT_RESTRICTED&TRUSTED&NOT_VCN_MANAGED Uid: 10031 RequestorUid: 1000 RequestorPkg: android] ]
04-17 13:45:23.383666  3548  3548 D TelephonyNetworkFactory[0]: onNeedNetworkFor NetworkRequest [ REQUEST id=61, [ Capabilities: INTERNET&NOT_RESTRICTED&TRUSTED&NOT_VCN_MANAGED Uid: 10031 RequestorUid: 1000 RequestorPkg: android] ] shouldApply false
04-17 13:45:23.384070  3548  3548 D TelephonyNetworkFactory[1]: onNeedNetworkFor NetworkRequest [ REQUEST id=61, [ Capabilities: INTERNET&NOT_RESTRICTED&TRUSTED&NOT_VCN_MANAGED Uid: 10031 RequestorUid: 1000 RequestorPkg: android] ] shouldApply false
--------- switch to main
04-17 13:45:23.396464  2594  2651 D ConnectivityService: requestNetwork for uid/pid:10031/4494 activeRequest: null callbackRequest: 62 [NetworkRequest [ REQUEST id=63, [ Capabilities: INTERNET&NOT_RESTRICTED&TRUSTED&NOT_VCN_MANAGED Uid: 10031 RequestorUid: 10031 RequestorPkg: com.android.statementservice] ]] callback flags: 0 priority: 2147483647
04-17 13:45:23.397254  2594  2790 D ConnectivityService: NetReassign [no changes]
04-17 13:45:23.398006  2594  2783 D WifiNetworkFactory: got request NetworkRequest [ REQUEST id=63, [ Capabilities: INTERNET&NOT_RESTRICTED&TRUSTED&NOT_VCN_MANAGED Uid: 10031 RequestorUid: 10031 RequestorPkg: com.android.statementservice] ]
04-17 13:45:23.398129  2594  2783 D UntrustedWifiNetworkFactory: got request NetworkRequest [ REQUEST id=63, [ Capabilities: INTERNET&NOT_RESTRICTED&TRUSTED&NOT_VCN_MANAGED Uid: 10031 RequestorUid: 10031 RequestorPkg: com.android.statementservice] ]
04-17 13:45:23.398230  2594  2783 D OemPaidWifiNetworkFactory: got request NetworkRequest [ REQUEST id=63, [ Capabilities: INTERNET&NOT_RESTRICTED&TRUSTED&NOT_VCN_MANAGED Uid: 10031 RequestorUid: 10031 RequestorPkg: com.android.statementservice] ]
--------- switch to radio
04-17 13:45:23.399331  3548  3548 D TelephonyNetworkFactory[0]: got request NetworkRequest [ REQUEST id=63, [ Capabilities: INTERNET&NOT_RESTRICTED&TRUSTED&NOT_VCN_MANAGED Uid: 10031 RequestorUid: 10031 RequestorPkg: com.android.statementservice] ]
04-17 13:45:23.399708  3548  3548 D TelephonyNetworkFactory[1]: got request NetworkRequest [ REQUEST id=63, [ Capabilities: INTERNET&NOT_RESTRICTED&TRUSTED&NOT_VCN_MANAGED Uid: 10031 RequestorUid: 10031 RequestorPkg: com.android.statementservice] ]
04-17 13:45:23.400024  3548  3548 D TelephonyNetworkFactory[0]: onNeedNetworkFor NetworkRequest [ REQUEST id=63, [ Capabilities: INTERNET&NOT_RESTRICTED&TRUSTED&NOT_VCN_MANAGED Uid: 10031 RequestorUid: 10031 RequestorPkg: com.android.statementservice] ] shouldApply false
04-17 13:45:23.400464  3548  3548 D TelephonyNetworkFactory[1]: onNeedNetworkFor NetworkRequest [ REQUEST id=63, [ Capabilities: INTERNET&NOT_RESTRICTED&TRUSTED&NOT_VCN_MANAGED Uid: 10031 RequestorUid: 10031 RequestorPkg: com.android.statementservice] ] shouldApply false
--------- switch to system
04-17 13:45:23.400830  2594  2651 I ActivityManager: Killing 3420:com.android.cellbroadcastreceiver.module/u0a99 (adj 975): empty #17
--------- switch to events
04-17 13:45:23.401202  2594  2651 I am_kill : [0,3420,com.android.cellbroadcastreceiver.module,975,empty #17]
--------- switch to main
04-17 13:45:23.407058  2594  2684 I libprocessgroup: Successfully killed process cgroup uid 10099 pid 3420 in 5ms
--------- switch to events
04-17 13:45:23.424468  2594  2651 I am_proc_died: [0,3420,com.android.cellbroadcastreceiver.module,975,19]
--------- switch to main
04-17 13:45:23.424842   936   936 I Zygote  : Process 3420 exited due to signal 9 (Killed)
--------- switch to events
04-17 13:45:23.426025  2594  2651 I am_uid_stopped: 10099
04-17 13:45:23.446043  2890  2890 I sysui_heads_up_status: [-1|android|26|null|1000,0]
--------- switch to main
04-17 13:45:23.475578  3548  3548 D NetworkSecurityConfig: No Network Security Config specified, using platform default
04-17 13:45:23.475780  3548  3548 W nsconfig: com.android.phone: New config does not match the previously set config.
--------- switch to radio
04-17 13:45:23.481788  3548  3548 D CAT     : BootCompletedReceiver: [ACTION_BOOT_COMPLETED]
--------- switch to main
04-17 13:45:23.484663   970  2673 I sensors-hal: [ssc_utils]get_qmi_debug_flag:243, support_qmi_debug : false
04-17 13:45:23.487913  3081  3081 D QCNEJ/CneAppReceiver: ACTION_LOCKED_BOOT_COMPLETED or ACTION_BOOT_COMPLETED received
04-17 13:45:23.487999  3081  3081 D QCNEJ/CneAppReceiver: CneApp already Started
04-17 13:45:23.494397  3113  3113 D QtiTelephonyService BootReceiver: onReceive: Intent { act=android.intent.action.BOOT_COMPLETED flg=0x89000010 cmp=com.qualcomm.qti.telephonyservice/.BootReceiver (has extras) }
--------- switch to radio
04-17 13:45:23.495140  3548  3548 D CAT     : StkAppService: onCreate()+
04-17 13:45:23.495430  3548  3548 D CAT     : StkAppService: simCount: 2
--------- switch to main
04-17 13:45:23.495470  3113  3113 I QtiTelephonyService BootReceiver: com.qualcomm.qti.telephonyservice.QtiTelephonyService is already running. Intent { act=android.intent.action.BOOT_COMPLETED flg=0x89000010 cmp=com.qualcomm.qti.telephonyservice/.BootReceiver (has extras) } ignored.
--------- switch to radio
04-17 13:45:23.495509  3548  3548 D CAT     : StkAppService: slotId: 0
04-17 13:45:23.496191  3548  3548 D CAT     : StkAppService: slotId: 1
04-17 13:45:23.497391  3548  3548 D CAT     : StkAppService: onStart sim id: 0, op: 5, *****
04-17 13:45:23.497456  3548  3548 D CAT     : StkAppService: mStkService is: -1
--------- switch to system
04-17 13:45:23.501931  2594  2651 I ActivityManager: Finished processing BOOT_COMPLETED for u0
--------- switch to events
04-17 13:45:23.503675  2594  2651 I am_uid_running: 10073
--------- switch to radio
04-17 13:45:23.504072  3548  3548 D CAT     : StkAppService: onDestroy()
--------- switch to system
04-17 13:45:23.505213  2594  2651 D CompatibilityChangeReporter: Compat change id reported: 135634846; UID 10073; state: DISABLED
04-17 13:45:23.505621  2594  2651 D CompatibilityChangeReporter: Compat change id reported: 177438394; UID 10073; state: DISABLED
04-17 13:45:23.505866  2594  2651 D CompatibilityChangeReporter: Compat change id reported: 135772972; UID 10073; state: DISABLED
04-17 13:45:23.506161  2594  2651 D CompatibilityChangeReporter: Compat change id reported: 135754954; UID 10073; state: DISABLED
04-17 13:45:23.507028  2594  2683 D CompatibilityChangeReporter: Compat change id reported: 143937733; UID 10073; state: DISABLED
--------- switch to main
04-17 13:45:23.513881   936   936 D Zygote  : Forked child process 4523
--------- switch to events
04-17 13:45:23.514380  2594  2683 I am_proc_start: [0,4523,10073,com.android.quicksearchbox,broadcast,{com.android.quicksearchbox/com.android.quicksearchbox.SearchWidgetProvider}]
--------- switch to system
04-17 13:45:23.514475  2594  2683 I ActivityManager: Start proc 4523:com.android.quicksearchbox/u0a73 for broadcast {com.android.quicksearchbox/com.android.quicksearchbox.SearchWidgetProvider}
--------- switch to main
04-17 13:45:23.517179  4523  4523 I libc    : SetHeapTaggingLevel: tag level set to 0
04-17 13:45:23.525308  1149  1187 I adbd    : jdwp connection from 4523
04-17 13:45:23.527116  4523  4523 D ProcessState: Binder ioctl to enable oneway spam detection failed: Invalid argument
--------- switch to kernel
04-17 13:45:23.527094     0     0 I         : c7   4523 binder: 4523:4523 ioctl 40046210 7fd6f79ef4 returned -22
--------- switch to events
04-17 13:45:23.531056  2594  2651 I am_proc_bound: [0,4523,com.android.quicksearchbox]
--------- switch to system
04-17 13:45:23.532737  2594  2651 D CompatibilityChangeReporter: Compat change id reported: 168419799; UID 10073; state: DISABLED
--------- switch to main
04-17 13:45:23.552536  4523  4523 D CompatibilityChangeReporter: Compat change id reported: 171979766; UID 10073; state: DISABLED
04-17 13:45:23.565119  4523  4523 D ApplicationLoaders: Returning zygote-cached class loader: /system/framework/android.test.base.jar
04-17 13:45:23.565835   970  2673 I sensors-hal: [ssc_utils]get_qmi_debug_flag:243, support_qmi_debug : false
04-17 13:45:23.590778  4523  4523 D nativeloader: classloader namespace configured for unbundled product apk. library_path=/product/app/QuickSearchBox/lib/arm64:/product/lib64:/system/product/lib64
04-17 13:45:23.601550  4523  4523 V GraphicsEnvironment: ANGLE Developer option for 'com.android.quicksearchbox' set to: 'default'
04-17 13:45:23.602063  4523  4523 V GraphicsEnvironment: ANGLE GameManagerService for com.android.quicksearchbox: false
04-17 13:45:23.602232  4523  4523 V GraphicsEnvironment: Neither updatable production driver nor prerelease driver is supported.
04-17 13:45:23.604798  4523  4523 D NetworkSecurityConfig: No Network Security Config specified, using platform default
04-17 13:45:23.605733  4523  4523 D NetworkSecurityConfig: No Network Security Config specified, using platform default
--------- switch to system
04-17 13:45:23.643536  2594  3545 W BroadcastQueue: Permission Denial: receiving Intent { act=android.intent.action.SERVICE_STATE flg=0x1000010 (has extras) } to com.android.cellbroadcastreceiver.module/com.android.cellbroadcastreceiver.CellBroadcastReceiver requires android.permission.READ_PHONE_STATE due to sender android (uid 1001)
04-17 13:45:23.644637  2594  3545 I ActivityManager: Killing 3626:com.android.deskclock/u0a74 (adj 975): empty #17
--------- switch to events
04-17 13:45:23.644922  2594  3545 I am_kill : [0,3626,com.android.deskclock,975,empty #17]
--------- switch to system
04-17 13:45:23.645322  2594  3545 I ActivityManager: Killing 4236:com.android.contacts/u0a68 (adj 975): empty #18
--------- switch to events
04-17 13:45:23.645431  2594  3545 I am_kill : [0,4236,com.android.contacts,975,empty #18]
04-17 13:45:23.647352  2594  2682 I am_uid_running: 10099
--------- switch to system
04-17 13:45:23.648665  2594  2682 D CompatibilityChangeReporter: Compat change id reported: 135634846; UID 10099; state: DISABLED
04-17 13:45:23.648879  2594  2682 D CompatibilityChangeReporter: Compat change id reported: 177438394; UID 10099; state: DISABLED
04-17 13:45:23.649032  2594  2682 D CompatibilityChangeReporter: Compat change id reported: 135772972; UID 10099; state: DISABLED
04-17 13:45:23.649180  2594  2682 D CompatibilityChangeReporter: Compat change id reported: 135754954; UID 10099; state: ENABLED
04-17 13:45:23.649941  2594  2683 D CompatibilityChangeReporter: Compat change id reported: 143937733; UID 10099; state: ENABLED
--------- switch to main
04-17 13:45:23.650717  2594  2684 I libprocessgroup: Successfully killed process cgroup uid 10074 pid 3626 in 5ms
04-17 13:45:23.658782   936   936 D Zygote  : Forked child process 4546
--------- switch to events
04-17 13:45:23.659372  2594  2683 I am_proc_start: [0,4546,10099,com.android.cellbroadcastreceiver.module,broadcast,{com.android.cellbroadcastreceiver.module/com.android.cellbroadcastreceiver.CellBroadcastReceiver}]
--------- switch to system
04-17 13:45:23.659458  2594  2683 I ActivityManager: Start proc 4546:com.android.cellbroadcastreceiver.module/u0a99 for broadcast {com.android.cellbroadcastreceiver.module/com.android.cellbroadcastreceiver.CellBroadcastReceiver}
--------- switch to events
04-17 13:45:23.664877  2594  3819 I am_proc_died: [0,3626,com.android.deskclock,975,19]
04-17 13:45:23.665762  2594  3819 I am_uid_stopped: 10074
--------- switch to main
04-17 13:45:23.666794  2594  2684 I libprocessgroup: Successfully killed process cgroup uid 10068 pid 4236 in 0ms
--------- switch to events
04-17 13:45:23.666984  2594  3819 I am_uid_active: 10099
04-17 13:45:23.667297  2594  3545 I am_proc_died: [0,4236,com.android.contacts,975,19]
--------- switch to main
04-17 13:45:23.667761   936   936 I Zygote  : Process 3626 exited due to signal 9 (Killed)
--------- switch to events
04-17 13:45:23.667955  2594  3545 I am_uid_stopped: 10068
--------- switch to main
04-17 13:45:23.668580   936   936 I Zygote  : Process 4236 exited due to signal 9 (Killed)
04-17 13:45:23.674061  1149  1187 I adbd    : jdwp connection from 4546
04-17 13:45:23.676164  4546  4546 D ProcessState: Binder ioctl to enable oneway spam detection failed: Invalid argument
--------- switch to kernel
04-17 13:45:23.676146     0     0 I         : c7   4546 binder: 4546:4546 ioctl 40046210 7fd6f79ef4 returned -22
--------- switch to events
04-17 13:45:23.679686  2594  3819 I am_proc_bound: [0,4546,com.android.cellbroadcastreceiver.module]
--------- switch to main
04-17 13:45:23.692990  4546  4546 D CompatibilityChangeReporter: Compat change id reported: 171979766; UID 10099; state: ENABLED
04-17 13:45:23.758707  4546  4546 V GraphicsEnvironment: ANGLE Developer option for 'com.android.cellbroadcastreceiver.module' set to: 'default'
04-17 13:45:23.759458  4546  4546 V GraphicsEnvironment: ANGLE GameManagerService for com.android.cellbroadcastreceiver.module: false
04-17 13:45:23.759656  4546  4546 V GraphicsEnvironment: Neither updatable production driver nor prerelease driver is supported.
04-17 13:45:23.762711  4546  4546 D NetworkSecurityConfig: No Network Security Config specified, using platform default
04-17 13:45:23.763593  4546  4546 D NetworkSecurityConfig: No Network Security Config specified, using platform default
04-17 13:45:23.780490  4546  4546 D CellBroadcastReceiver: onReceive Intent { act=android.intent.action.SERVICE_STATE flg=0x1000010 cmp=com.android.cellbroadcastreceiver.module/com.android.cellbroadcastreceiver.CellBroadcastReceiver (has extras) }
--------- switch to system
04-17 13:45:23.799412  2594  3819 W BroadcastQueue: Permission Denial: receiving Intent { act=android.intent.action.SERVICE_STATE flg=0x1000010 (has extras) } to com.android.cellbroadcastreceiver.module/com.android.cellbroadcastreceiver.CellBroadcastReceiver requires android.permission.READ_PHONE_STATE due to sender android (uid 1001)
04-17 13:45:23.802018  2594  3819 I ActivityManager: Killing 4254:com.android.localtransport/1000 (adj 975): empty #17
--------- switch to events
04-17 13:45:23.802358  2594  3819 I am_kill : [0,4254,com.android.localtransport,975,empty #17]
--------- switch to main
04-17 13:45:23.811432  2594  2684 I libprocessgroup: Successfully killed process cgroup uid 1000 pid 4254 in 0ms
04-17 13:45:23.817819  4546  4546 D CellBroadcastReceiver: onReceive Intent { act=android.intent.action.SERVICE_STATE flg=0x1000010 cmp=com.android.cellbroadcastreceiver.module/com.android.cellbroadcastreceiver.CellBroadcastReceiver (has extras) }
--------- switch to events
04-17 13:45:23.822970  2594  3545 I am_proc_died: [0,4254,com.android.localtransport,975,19]
--------- switch to main
04-17 13:45:23.823528   936   936 I Zygote  : Process 4254 exited due to signal 9 (Killed)
04-17 13:45:23.829658  4456  4565 I SlotChangeReceiver: The flag is off. Ignore slot changes.
--------- switch to system
04-17 13:45:23.831241  2594  3545 W BroadcastQueue: Permission Denial: receiving Intent { act=android.intent.action.SERVICE_STATE flg=0x1000010 (has extras) } to com.android.cellbroadcastreceiver.module/com.android.cellbroadcastreceiver.CellBroadcastReceiver requires android.permission.READ_PHONE_STATE due to sender android (uid 1001)
--------- switch to main
04-17 13:45:23.837654  4546  4546 D CellBroadcastReceiver: onReceive Intent { act=android.intent.action.SERVICE_STATE flg=0x1000010 cmp=com.android.cellbroadcastreceiver.module/com.android.cellbroadcastreceiver.CellBroadcastReceiver (has extras) }
--------- switch to events
04-17 13:45:23.846412  2594  3545 I am_uid_running: 10032
--------- switch to system
04-17 13:45:23.847672  2594  3545 D CompatibilityChangeReporter: Compat change id reported: 135634846; UID 10032; state: DISABLED
04-17 13:45:23.848038  2594  3545 D CompatibilityChangeReporter: Compat change id reported: 177438394; UID 10032; state: DISABLED
--------- switch to main
04-17 13:45:23.848242  3741  3948 D BufferPoolAccessor2.0: bufferpool2 0xb400007d8aa8d658 : 0(0 size) total buffers - 0(0 size) used buffers - 1/7 (recycle/alloc) - 6/100 (fetch/transfer)
04-17 13:45:23.848404  3741  3948 D BufferPoolAccessor2.0: bufferpool2 0xb400007d8aa8f218 : 0(0 size) total buffers - 0(0 size) used buffers - 1/7 (recycle/alloc) - 6/62 (fetch/transfer)
04-17 13:45:23.848427  3741  3948 D BufferPoolAccessor2.0: evictor expired: 2, evicted: 2
--------- switch to system
04-17 13:45:23.848783  2594  3545 D CompatibilityChangeReporter: Compat change id reported: 135772972; UID 10032; state: DISABLED
04-17 13:45:23.849087  2594  3545 D CompatibilityChangeReporter: Compat change id reported: 135754954; UID 10032; state: ENABLED
04-17 13:45:23.850169  2594  2683 D CompatibilityChangeReporter: Compat change id reported: 143937733; UID 10032; state: ENABLED
--------- switch to main
04-17 13:45:23.859799   936   936 D Zygote  : Forked child process 4566
--------- switch to events
04-17 13:45:23.860254  2594  2683 I am_proc_start: [0,4566,10032,com.android.externalstorage,broadcast,{com.android.externalstorage/com.android.externalstorage.MountReceiver}]
--------- switch to system
04-17 13:45:23.860332  2594  2683 I ActivityManager: Start proc 4566:com.android.externalstorage/u0a32 for broadcast {com.android.externalstorage/com.android.externalstorage.MountReceiver}
--------- switch to main
04-17 13:45:23.871568  1149  1187 I adbd    : jdwp connection from 4566
04-17 13:45:23.873606  4566  4566 D ProcessState: Binder ioctl to enable oneway spam detection failed: Invalid argument
--------- switch to kernel
04-17 13:45:23.873584     0     0 I         : c7   4566 binder: 4566:4566 ioctl 40046210 7fd6f79ef4 returned -22
--------- switch to events
04-17 13:45:23.877304  2594  3545 I am_proc_bound: [0,4566,com.android.externalstorage]
--------- switch to system
04-17 13:45:23.878671  2594  3545 D CompatibilityChangeReporter: Compat change id reported: 168419799; UID 10032; state: DISABLED
--------- switch to main
04-17 13:45:23.891370  4566  4566 D CompatibilityChangeReporter: Compat change id reported: 171979766; UID 10032; state: ENABLED
04-17 13:45:23.919749  4566  4566 V GraphicsEnvironment: ANGLE Developer option for 'com.android.externalstorage' set to: 'default'
04-17 13:45:23.920439  4566  4566 V GraphicsEnvironment: ANGLE GameManagerService for com.android.externalstorage: false
04-17 13:45:23.920646  4566  4566 V GraphicsEnvironment: Neither updatable production driver nor prerelease driver is supported.
04-17 13:45:23.923494  4566  4566 D NetworkSecurityConfig: No Network Security Config specified, using platform default
04-17 13:45:23.924417  4566  4566 D NetworkSecurityConfig: No Network Security Config specified, using platform default
04-17 13:45:23.942155  4566  4566 D ExternalStorage: After updating volumes, found 1 active roots
04-17 13:45:23.950179  4566  4566 D ExternalStorage: After updating volumes, found 1 active roots
--------- switch to system
04-17 13:45:23.954490  2594  3545 I ActivityManager: Killing 4072:com.android.dialer/u0a69 (adj 915): empty #17
--------- switch to events
04-17 13:45:23.954769  2594  3545 I am_kill : [0,4072,com.android.dialer,915,empty #17]
--------- switch to main
04-17 13:45:23.960817  2594  2684 I libprocessgroup: Successfully killed process cgroup uid 10069 pid 4072 in 5ms
04-17 13:45:23.985890   936   936 I Zygote  : Process 4072 exited due to signal 9 (Killed)
--------- switch to events
04-17 13:45:23.988567  2594  3819 I am_proc_died: [0,4072,com.android.dialer,915,19]
04-17 13:45:23.989503  2594  3819 I am_uid_stopped: 10069
--------- switch to main
04-17 13:45:23.991337  4566  4566 D ExternalStorage: After updating volumes, found 1 active roots
04-17 13:45:23.999101  3758  4017 I MediaProvider: Begin Intent { act=android.intent.action.MEDIA_MOUNTED dat=file:///storage/emulated/0 flg=0x5000010 cmp=com.android.providers.media.module/com.android.providers.media.MediaService (has extras) }
04-17 13:45:23.999465  3758  4017 I MediaProvider: Volume MediaVolume name: [external_primary] id: [emulated;0] user: [UserHandle{0}] path: [/storage/emulated/0] already attached
04-17 13:45:23.999544  3758  4017 I MediaProvider: End Intent { act=android.intent.action.MEDIA_MOUNTED dat=file:///storage/emulated/0 flg=0x5000010 cmp=com.android.providers.media.module/com.android.providers.media.MediaService (has extras) }
--------- switch to system
04-17 13:45:24.024362  2594  3545 W BroadcastQueue: Permission Denial: receiving Intent { act=android.intent.action.SERVICE_STATE flg=0x1000010 (has extras) } to com.android.cellbroadcastreceiver.module/com.android.cellbroadcastreceiver.CellBroadcastReceiver requires android.permission.READ_PHONE_STATE due to sender android (uid 1001)
--------- switch to main
04-17 13:45:24.030160  4546  4546 D CellBroadcastReceiver: onReceive Intent { act=android.intent.action.SERVICE_STATE flg=0x1000010 cmp=com.android.cellbroadcastreceiver.module/com.android.cellbroadcastreceiver.CellBroadcastReceiver (has extras) }
04-17 13:45:24.031763  3758  4017 I MediaProvider: Begin Intent { act=android.intent.action.MEDIA_MOUNTED dat=file:///storage/emulated/0 flg=0x5000010 cmp=com.android.providers.media.module/com.android.providers.media.MediaService (has extras) }
04-17 13:45:24.032362  3758  4017 I MediaProvider: Volume MediaVolume name: [external_primary] id: [emulated;0] user: [UserHandle{0}] path: [/storage/emulated/0] already attached
04-17 13:45:24.032509  3758  4017 I MediaProvider: End Intent { act=android.intent.action.MEDIA_MOUNTED dat=file:///storage/emulated/0 flg=0x5000010 cmp=com.android.providers.media.module/com.android.providers.media.MediaService (has extras) }
04-17 13:45:24.037956  3548  3548 I VvmSimStateTracker: android.intent.action.SIM_STATE_CHANGED
04-17 13:45:24.044849  4546  4546 D CellBroadcastReceiver: onReceive Intent { act=android.telephony.action.SIM_CARD_STATE_CHANGED flg=0x5000010 cmp=com.android.cellbroadcastreceiver.module/com.android.cellbroadcastreceiver.CellBroadcastReceiver (has extras) }
--------- switch to radio
04-17 13:45:24.107816  3548  3548 D TelephonyNetworkFactory[0]: onReleaseNetworkFor NetworkRequest [ REQUEST id=51, [ Capabilities: INTERNET&NOT_RESTRICTED&TRUSTED&NOT_VCN_MANAGED Uid: 1001 RequestorUid: 1001 RequestorPkg: com.android.phone] ] applied false
04-17 13:45:24.108777  3548  3548 D TelephonyNetworkFactory[1]: onReleaseNetworkFor NetworkRequest [ REQUEST id=51, [ Capabilities: INTERNET&NOT_RESTRICTED&TRUSTED&NOT_VCN_MANAGED Uid: 1001 RequestorUid: 1001 RequestorPkg: com.android.phone] ] applied false
--------- switch to events
04-17 13:45:24.174147  2594  2681 I sysui_multi_action: [757,1717,758,1,759,0]
04-17 13:45:24.175242  2594  2681 I sysui_multi_action: [757,1717,758,2,759,0]
04-17 13:45:24.176022  2594  2681 I sysui_multi_action: [757,1717,758,3,759,0]
--------- switch to system
04-17 13:45:24.240703  2594  2664 I DropBoxManagerService: add tag=system_server_strictmode isTagEnabled=true flags=0x2
04-17 13:45:24.248091  2594  2664 I DropBoxManagerService: add tag=system_server_strictmode isTagEnabled=true flags=0x2
--------- switch to kernel
04-17 13:45:24.368262     0     0 I         : c1    525 sm7250_bms: MSC_PCS chg_state=1c2113504010009 [0x9:4:1:4405:450] chg=u
04-17 13:45:24.368493     0     0 I         : c1    525 sm7250_bms: CHGR_ENG_CHARGING_CFG_REG = 0x04
04-17 13:45:24.381099     0     0 I         : c1    206 google_charger: usbchg=USB typec=C usbv=4942 usbc=240 usbMv=5000 usbMc=450
04-17 13:45:24.381228     0     0 I         : c1    206 sm7250_bms: MSC_PCS chg_state=1c2113504010009 [0x9:4:1:4405:450] chg=u
04-17 13:45:24.381267     0     0 I         : c1    206 google_battery: MSC_DIN chg_state=1c2113504010009 f=0x9 chg_s=Charging chg_t=Taper vchg=4405 icl=450
04-17 13:45:24.382340     0     0 I         : c1    206 google_battery: MSC_STEADY vt=4390000 vb=4405024 fv_uv=4390000 margin=100000
04-17 13:45:24.382355     0     0 I         : c1    206 google_battery: hold not defined for msc_state=10
04-17 13:45:24.382369     0     0 I         : c1    206 google_battery: MSC_WAIT vt=4390000 vb=4405024 fv_uv=4390000 ibatt=-83007 cv_cnt=2 ov_cnt=0 t_cnt=0
04-17 13:45:24.382379     0     0 I         : c1    206 google_battery: hold not defined for msc_state=13
04-17 13:45:24.382414     0     0 I         : c1    206 google_battery: MSC_VOTE msc_state=13 cv_cnt=2 ov_cnt=0 temp_idx:2, vbatt_idx:2  fv_uv=4390000 cc_max=2040000 update_interval=2000
04-17 13:45:24.382464     0     0 I         : c1    206 google_charger: MSC_CHG fv_uv=4390000, cc_max=2040000, rerun in 2000 ms (0)
04-17 13:45:24.383543     0     0 W         : c2    961 healthd: battery l=100 v=4405 t=23.3 h=2 st=2 c=83007 fc=3349000 cc=353 chg=u
--------- switch to main
04-17 13:45:24.452168   970  2673 I sensors-hal: [ssc_utils]get_qmi_debug_flag:243, support_qmi_debug : false
04-17 13:45:24.465587  2594  3012 D BufferPoolAccessor2.0: evictor expired: 6, evicted: 0
04-17 13:45:24.466908  1243  2922 D BufferPoolAccessor2.0: bufferpool2 0xb40000734b8f5598 : 0(0 size) total buffers - 0(0 size) used buffers - 28/30 (recycle/alloc) - 2/29 (fetch/transfer)
04-17 13:45:24.467004  1243  2922 D BufferPoolAccessor2.0: bufferpool2 0xb40000734b8f2508 : 0(0 size) total buffers - 0(0 size) used buffers - 25/29 (recycle/alloc) - 4/28 (fetch/transfer)
04-17 13:45:24.467033  1243  2922 D BufferPoolAccessor2.0: bufferpool2 0xb40000734b8f32e8 : 0(0 size) total buffers - 0(0 size) used buffers - 46/48 (recycle/alloc) - 2/47 (fetch/transfer)
04-17 13:45:24.467051  1243  2922 D BufferPoolAccessor2.0: evictor expired: 3, evicted: 3
04-17 13:45:24.536713   970  2673 I sensors-hal: [ssc_utils]get_qmi_debug_flag:243, support_qmi_debug : false
04-17 13:45:24.849100  3741  3948 D BufferPoolAccessor2.0: bufferpool2 0xb400007d8aa93088 : 0(0 size) total buffers - 0(0 size) used buffers - 2/7 (recycle/alloc) - 5/64 (fetch/transfer)
04-17 13:45:24.849472  3741  3948 D BufferPoolAccessor2.0: evictor expired: 1, evicted: 1
04-17 13:45:25.598745   970  2673 I sensors-hal: [ssc_utils]get_qmi_debug_flag:243, support_qmi_debug : false
04-17 13:45:25.791089   970  2673 I sensors-hal: [ssc_utils]get_qmi_debug_flag:243, support_qmi_debug : false
--------- switch to kernel
04-17 13:45:26.096393     0     0 I         : c7     79 camera_ldo: disabling
04-17 13:45:26.386238     0     0 I         : c1    206 google_charger: usbchg=USB typec=C usbv=4954 usbc=209 usbMv=5000 usbMc=450
04-17 13:45:26.386394     0     0 I         : c1    206 sm7250_bms: MSC_PCS chg_state=1c2113604010009 [0x9:4:1:4406:450] chg=u
04-17 13:45:26.386438     0     0 I         : c1    206 google_battery: MSC_DIN chg_state=1c2113604010009 f=0x9 chg_s=Charging chg_t=Taper vchg=4406 icl=450
04-17 13:45:26.387484     0     0 I         : c1    206 google_battery: MSC_STEADY vt=4390000 vb=4406387 fv_uv=4390000 margin=100000
04-17 13:45:26.387500     0     0 I         : c1    206 google_battery: hold not defined for msc_state=10
04-17 13:45:26.387513     0     0 I         : c1    206 google_battery: MSC_WAIT vt=4390000 vb=4406387 fv_uv=4390000 ibatt=-55542 cv_cnt=1 ov_cnt=0 t_cnt=0
04-17 13:45:26.387524     0     0 I         : c1    206 google_battery: hold not defined for msc_state=13
04-17 13:45:26.387560     0     0 I         : c1    206 google_battery: MSC_VOTE msc_state=13 cv_cnt=1 ov_cnt=0 temp_idx:2, vbatt_idx:2  fv_uv=4390000 cc_max=2040000 update_interval=2000
04-17 13:45:26.387610     0     0 I         : c1    206 google_charger: MSC_CHG fv_uv=4390000, cc_max=2040000, rerun in 2000 ms (0)
--------- switch to system
04-17 13:45:26.399488  2594  3745 E TaskPersister: File error accessing recents directory (directory doesn't exist?).
--------- switch to kernel
04-17 13:45:27.040551     0     0 I         : c0     10 sm7250_bms: MSC_PCS chg_state=1c2113501040003 [0x3:1:4:4405:450] chg=u
04-17 13:45:27.040767     0     0 I         : c0     10 sm7250_bms: CHGR_ENG_CHARGING_CFG_REG = 0x04
04-17 13:45:27.060065     0     0 W         : c2    961 healthd: battery l=100 v=4405 t=23.4 h=2 st=2 c=57067 fc=3349000 cc=353 chg=u
04-17 13:45:27.062104     0     0 I         : c0      5 google_charger: usbchg=USB typec=C usbv=4929 usbc=196 usbMv=5000 usbMc=450
04-17 13:45:27.062243     0     0 I         : c0      5 sm7250_bms: MSC_PCS chg_state=1c2113201040003 [0x3:1:4:4402:450] chg=u
04-17 13:45:27.062272     0     0 I         : c0      5 google_battery: MSC_DIN chg_state=1c2113201040003 f=0x3 chg_s=Full chg_t=None vchg=4402 icl=450
04-17 13:45:27.064084     0     0 I         : c0      5 google_battery: MSC_DSG vbatt_idx:2->4 vbatt=4402299 ibatt=-14648 fv_uv=4390000 cv_cnt=1 ov_cnt=0
04-17 13:45:27.064116     0     0 I         : c0      5 google_battery: MSC_VOTE msc_state=2 cv_cnt=1 ov_cnt=0 temp_idx:2, vbatt_idx:4  fv_uv=4430000 cc_max=0 update_interval=-1
04-17 13:45:27.064180     0     0 I         : c0      5 sm7250_bms: CHARGE_PAUSE : pause=1 -> val=1 (0)
04-17 13:45:27.064200     0     0 I         : c0      5 sm7250_bms: CONSTANT_CHARGE_CURRENT_MAX : ivalue=0, val=0 pause=1 (0)
04-17 13:45:27.064217     0     0 I         : c0      5 sm7250_bms: CONSTANT_CHARGE_VOLTAGE_MAX : ivalue=4390000, val=79 (0)
04-17 13:45:27.064224     0     0 I         : c0      5 google_charger: MSC_CHG fv_uv=4390000->4390000 cc_max=2040000->0 rc=0
--------- switch to events
04-17 13:45:27.066311  2594  2813 I battery_status: [5,2,1,2,Unknown]
--------- switch to kernel
04-17 13:45:27.073595     0     0 W         : c2    961 healthd: battery l=100 v=4402 t=23.4 h=2 st=5 c=14648 fc=3349000 cc=353 chg=u
04-17 13:45:27.073960     0     0 I         : c0   4598 google_charger: usbchg=USB typec=C usbv=4855 usbc=396 usbMv=5000 usbMc=450
04-17 13:45:27.074082     0     0 I         : c0   4598 sm7250_bms: MSC_PCS chg_state=1c2113201040003 [0x3:1:4:4402:450] chg=u
04-17 13:45:27.074117     0     0 I         : c0   4598 google_battery: MSC_DIN chg_state=1c2113201040003 f=0x3 chg_s=Full chg_t=None vchg=4402 icl=450
04-17 13:45:27.075174     0     0 I         : c0   4598 google_battery: MSC_DSG vbatt_idx:4->4 vbatt=4402299 ibatt=-14648 fv_uv=4430000 cv_cnt=1 ov_cnt=0
04-17 13:45:27.075188     0     0 I         : c0   4598 google_battery: MSC_VOTE msc_state=2 cv_cnt=1 ov_cnt=0 temp_idx:2, vbatt_idx:4  fv_uv=4430000 cc_max=0 update_interval=-1
--------- switch to main
04-17 13:45:27.115427   970  2673 I sensors-hal: [ssc_utils]get_qmi_debug_flag:243, support_qmi_debug : false
04-17 13:45:27.193706   970  2673 I sensors-hal: [ssc_utils]get_qmi_debug_flag:243, support_qmi_debug : false
04-17 13:45:27.275082   563   563 I servicemanager: Notifying apexservice they have clients: 0
--------- switch to kernel
04-17 13:45:27.276280     0     0 I         : c0   2811 AidlLazyServiceRegistrar: Process has 0 (of 1 available) client(s) in use after notification apexservice has clients: 0
04-17 13:45:27.276350     0     0 I         : c0   2811 AidlLazyServiceRegistrar: Shutdown prevented by forcePersist override flag.
--------- switch to system
04-17 13:45:27.654042  2594  2682 D CompatibilityChangeReporter: Compat change id reported: 168419799; UID 10043; state: DISABLED
--------- switch to kernel
04-17 13:45:28.314329     0     0 I         : c3    736 AidlLazyServiceRegistrar: Trying to shut down the service. No clients in use for any service in process.
--------- switch to main
04-17 13:45:28.316414   563   563 I BpBinder: onLastStrongRef automatically unlinking death recipients: <uncached descriptor>
--------- switch to kernel
04-17 13:45:28.318266     0     0 I         : c3    736 AidlLazyServiceRegistrar: Unregistered all clients and exiting
04-17 13:45:28.326572     0     0 I         : c3      1 init: Service 'apexd' (pid 736) exited with status 0 oneshot service took 30.243999 seconds in background
04-17 13:45:28.326651     0     0 I         : c3      1 init: Sending signal 9 to service 'apexd' (pid 736) process group...
04-17 13:45:28.327146     0     0 I         : c3      1 libprocessgroup: Successfully killed process cgroup uid 0 pid 736 in 0ms
04-17 13:45:28.391444     0     0 I         : c1    206 google_charger: usbchg=USB typec=C usbv=4994 usbc=140 usbMv=5000 usbMc=450
04-17 13:45:28.391589     0     0 I         : c1    206 sm7250_bms: MSC_PCS chg_state=1c2113001040003 [0x3:1:4:4400:450] chg=u
04-17 13:45:28.391725     0     0 I         : c1    206 google_battery: MSC_DIN chg_state=1c2113001040003 f=0x3 chg_s=Full chg_t=None vchg=4400 icl=450
04-17 13:45:28.392846     0     0 I         : c1    206 google_battery: MSC_DSG vbatt_idx:4->4 vbatt=4400742 ibatt=-14343 fv_uv=4430000 cv_cnt=1 ov_cnt=0
04-17 13:45:28.392893     0     0 I         : c1    206 google_battery: MSC_VOTE msc_state=2 cv_cnt=1 ov_cnt=0 temp_idx:2, vbatt_idx:4  fv_uv=4430000 cc_max=0 update_interval=-1
--------- switch to main
04-17 13:45:28.399572  2868  2868 D AvrcpBrowsablePlayerConnector: Received a message: msg.what=2
04-17 13:45:28.399864  2868  2868 V AvrcpBrowsablePlayerConnector: Timed out waiting for players
04-17 13:45:28.400097  2868  2868 I AvrcpBrowsablePlayerConnector: Successfully connected to 0 browsable players.
04-17 13:45:28.400253  2868  2868 I MediaPlayerList: init: Browsable Player list size is 0
04-17 13:45:28.400347  2868  2868 D MediaPlayerList: Initializing list of current media players
04-17 13:45:29.055261   979   979 I pixelstats: MmMetrics: Unable to read /sys/kernel/pixel_stat/gpu/mem/total_page_count - No such file or directory
04-17 13:45:29.094724   979   979 D pixelstats: BatteryEEPROM: checkAndReport: 0018 105b 005d fff3 1e00 1c00 0b1b 001d 152a 1171 0d19 0865 f5ac 2e1a 
04-17 13:45:29.094724   979   979 D pixelstats: BatteryEEPROM: 0031 105b 0059 fff7 1f00 bd00 4bbb 00b7 152a 1172 0d19 0889 f5ac 3074 
04-17 13:45:29.094724   979   979 D pixelstats: BatteryEEPROM: 004a 105b 0059 fffb 2000 c900 51ca 00c8 152a 1172 0d19 0889 f0b1 2bc9 
04-17 13:45:29.094724   979   979 D pixelstats: BatteryEEPROM: 0063 105b 005e 0004 1800 ce00 57d9 00d3 152a 1172 0d19 08f2 f0b1 2c76 
04-17 13:45:29.094724   979   979 D pixelstats: BatteryEEPROM: 007c 0fc7 005a fffc 1d00 b700 49b7 00b2 0f2a 1175 0d19 08f2 f0b1 2b89 
04-17 13:45:29.094724   979   979 D pixelstats: BatteryEEPROM: 0095 0f98 005b 0001 1b00 b000 49b6 00b1 0f32 1175 0d19 08f2 f0b1 2b76 
04-17 13:45:29.094724   979   979 D pixelstats: BatteryEEPROM: 00ae 0f90 005d 0015 1a00 f700 64fa 00f1 0f32 1175 0d19 08f2 f0b1 2c82 
04-17 13:45:29.094724   979   979 D pixelstats: BatteryEEPROM: 00c7 0ec6 0058 000c 2100 db00 5de8 00e2 0f32 1175 0d19 08f2 f0b1 2b86 
