04-17 13:45:12.274472     0     0 I         : c2    818 AidlLazyServiceRegistrar: Process has 1 (of 1 available) client(s) in use after notification apexservice has clients: 1
04-17 13:45:12.274496     0     0 I         : c2    818 AidlLazyServiceRegistrar: Shutdown prevented by forcePersist override flag.
04-17 13:45:12.274728     0     0 I         : c2    818 AidlLazyServiceRegistrar: Process has 0 (of 1 available) client(s) in use after notification apexservice has clients: 0
04-17 13:45:12.274801     0     0 I         : c2    818 AidlLazyServiceRegistrar: Shutdown prevented by forcePersist override flag.
--------- switch to system
04-17 13:45:12.275073  2594  2594 I SystemServerTiming: StartHardwarePropertiesManagerService
--------- switch to main
04-17 13:45:12.277086  2594  2594 D HardwarePropertiesManagerService-JNI: Link to death notification successful
--------- switch to system
04-17 13:45:12.277596  2594  2594 D SystemServerTiming: StartHardwarePropertiesManagerService took to complete: 2ms
04-17 13:45:12.277642  2594  2594 I SystemServerTiming: StartTwilightService
04-17 13:45:12.277770  2594  2594 I SystemServiceManager: Starting com.android.server.twilight.TwilightService
04-17 13:45:12.279540  2594  2594 D SystemServerTiming: StartTwilightService took to complete: 1ms
04-17 13:45:12.279611  2594  2594 I SystemServerTiming: StartColorDisplay
04-17 13:45:12.279667  2594  2594 I SystemServiceManager: Starting com.android.server.display.color.ColorDisplayService
04-17 13:45:12.285501  2594  2669 E UsbDeviceManager: failed to write to /sys/class/android_usb/android0/f_rndis/ethaddr
--------- switch to main
04-17 13:45:12.286803  2594  2669 I android_os_HwBinder: HwBinder: Starting thread pool for getting: android.hardware.usb.gadget@1.0::IUsbGadget/default
--------- switch to kernel
04-17 13:45:12.287160     0     0 I         : c6   2669 read descriptors
04-17 13:45:12.287174     0     0 I         : c6   2669 read strings
04-17 13:45:12.287227     0     0 I         : c6   2669 read descriptors
04-17 13:45:12.287400     0     0 I         : c6   2669 read strings
--------- switch to system
04-17 13:45:12.291976  2594  2594 D SystemServerTiming: StartColorDisplay took to complete: 12ms
04-17 13:45:12.292054  2594  2594 I SystemServerTiming: StartJobScheduler
04-17 13:45:12.292789  2594  2669 W StorageManagerService: No primary storage defined yet; hacking together a stub
--------- switch to main
04-17 13:45:12.294219  2594  2669 I android_os_HwBinder: HwBinder: Starting thread pool for getting: android.hidl.manager@1.0::IServiceManager/default
--------- switch to system
04-17 13:45:12.295172  2594  2764 I UsbDeviceManager: Usb gadget hal service started android.hardware.usb.gadget@1.0::IUsbGadget default
--------- switch to main
04-17 13:45:12.296371  2594  2669 I android_os_HwBinder: HwBinder: Starting thread pool for getting: android.hardware.usb.gadget@1.0::IUsbGadget/default
04-17 13:45:12.298731  2594  2662 I android_os_HwBinder: HwBinder: Starting thread pool for getting: android.hardware.usb.gadget@1.0::IUsbGadget/default
--------- switch to system
04-17 13:45:12.299207  2594  2662 E UsbDeviceManager: prcessing MSG_GET_CURRENT_USB_FUNCTIONS
04-17 13:45:12.299262  2594  2662 E UsbDeviceManager: updating mCurrentFunctions
04-17 13:45:12.299414  2594  2662 E UsbDeviceManager: mCurrentFunctions:0applied:1
04-17 13:45:12.308416  2594  2594 I SystemServiceManager: Starting com.android.server.job.JobSchedulerService
--------- switch to main
04-17 13:45:12.308694  2594  2669 I android_os_HwBinder: HwBinder: Starting thread pool for getting: android.hidl.manager@1.0::IServiceManager/default
--------- switch to system
04-17 13:45:12.309732  2594  2764 I UsbPortManager: Usb hal service started android.hardware.usb@1.0::IUsb default
--------- switch to main
04-17 13:45:12.310999  2594  2669 I android_os_HwBinder: HwBinder: Starting thread pool for getting: android.hardware.usb@1.0::IUsb/default
04-17 13:45:12.313049   972   972 I android.hardware.usb@1.3-service.redfin: Registering 1.2 callback
04-17 13:45:12.313137   972   972 I android.hardware.usb@1.3-service.redfin: registering callback
04-17 13:45:12.313477   972  2814 E android.hardware.usb@1.3-service.redfin: creating thread
--------- switch to system
04-17 13:45:12.313725  2594  2669 I UsbPortManager: USB HAL version: 13
--------- switch to main
04-17 13:45:12.313880   972   972 I android.hardware.usb@1.3-service.redfin: port0
04-17 13:45:12.314374   972   972 I android.hardware.usb@1.3-service.redfin: HAL version V1_2
04-17 13:45:12.314394   972   972 I android.hardware.usb@1.3-service.redfin: 0:port0 connected:1 canChangeMode:1 canChagedata:0 canChangePower:0 supportedModes:3
04-17 13:45:12.314537   972   972 I android.hardware.usb@1.3-service.redfin: ContaminantDetectionStatus:2 ContaminantProtectionStatus:0
04-17 13:45:12.316124   937   937 W Zygote  : Class not found for preloading: android.view.SurfaceView$2
--------- switch to events
04-17 13:45:12.317759  2594  2664 I commit_sys_config_file: [notification-policy,7]
--------- switch to system
04-17 13:45:12.323693  2594  2669 D SystemServerInitThreadPool: Finished executing UsbService$Lifecycle#onStart
04-17 13:45:12.323765  2594  2669 D SystemServerTimingAsync: InitThreadPoolExec:UsbService$Lifecycle#onStart took to complete: 51ms
04-17 13:45:12.324605  2594  2594 D JobStore: Start tag: job-info
04-17 13:45:12.328223  2594  2594 I JobStore: Read 6 jobs
--------- switch to main
04-17 13:45:12.331790  2594  2790 D ConnectivityService: NetReassign [no changes]
--------- switch to system
04-17 13:45:12.341406  2594  2594 V HistoricalRegistry: Interaction before persistence initialized
04-17 13:45:12.341548  2594  2594 V HistoricalRegistry: Interaction before persistence initialized
04-17 13:45:12.343236  2594  2594 D SystemServerTiming: StartJobScheduler took to complete: 51ms
04-17 13:45:12.343306  2594  2594 I SystemServerTiming: StartSoundTrigger
04-17 13:45:12.343372  2594  2594 I SystemServiceManager: Starting com.android.server.soundtrigger.SoundTriggerService
04-17 13:45:12.346985  2594  2594 D SystemServerTiming: StartSoundTrigger took to complete: 4ms
04-17 13:45:12.347019  2594  2594 I SystemServerTiming: StartTrustManager
04-17 13:45:12.347052  2594  2594 I SystemServiceManager: Starting com.android.server.trust.TrustManagerService
04-17 13:45:12.351817  2594  2594 D SystemServerTiming: StartTrustManager took to complete: 5ms
04-17 13:45:12.351918  2594  2594 I SystemServerTiming: StartBackupManager
04-17 13:45:12.352350  2594  2594 I SystemServiceManager: Starting com.android.server.backup.BackupManagerService$Lifecycle
04-17 13:45:12.355110  2594  2594 D SystemServerTiming: StartBackupManager took to complete: 3ms
04-17 13:45:12.355214  2594  2594 I SystemServerTiming: StartAppWidgetService
04-17 13:45:12.355602  2594  2594 I SystemServiceManager: Starting com.android.server.appwidget.AppWidgetService
04-17 13:45:12.364229  2594  2594 D SystemServerTiming: StartAppWidgetService took to complete: 9ms
04-17 13:45:12.364271  2594  2594 I SystemServerTiming: StartVoiceRecognitionManager
04-17 13:45:12.364887  2594  2594 I SystemServiceManager: Starting com.android.server.voiceinteraction.VoiceInteractionManagerService
04-17 13:45:12.366432   937   937 I PackageParsing: Skipping target and overlay pair com.android.settings and /product/overlay/SettingsOverlayG5NZ6.apk: overlay ignored due to required system property: ro.boot.hardware.sku with value: G5NZ6
04-17 13:45:12.368975   937   937 I PackageParsing: Skipping target and overlay pair com.android.settings and /product/overlay/SettingsOverlayGTT9Q.apk: overlay ignored due to required system property: ro.boot.hardware.sku with value: GTT9Q
04-17 13:45:12.374605  2594  2594 D SystemServerTiming: StartVoiceRecognitionManager took to complete: 10ms
04-17 13:45:12.374647  2594  2594 I SystemServerTiming: StartAppHibernationService
04-17 13:45:12.376061  2594  2594 I SystemServiceManager: Starting com.android.server.apphibernation.AppHibernationService
04-17 13:45:12.378035  2594  2594 D SystemServerTiming: StartAppHibernationService took to complete: 3ms
04-17 13:45:12.378832  2594  2594 I SystemServerTiming: StartGestureLauncher
04-17 13:45:12.378894  2594  2594 I SystemServiceManager: Starting com.android.server.GestureLauncherService
04-17 13:45:12.379214  2594  2594 D SystemServerTiming: StartGestureLauncher took to complete: 0ms
04-17 13:45:12.379244  2594  2594 I SystemServerTiming: StartSensorNotification
04-17 13:45:12.379274  2594  2594 I SystemServiceManager: Starting com.android.server.SensorNotificationService
04-17 13:45:12.379581  2594  2594 D SystemServerTiming: StartSensorNotification took to complete: 0ms
04-17 13:45:12.379668  2594  2594 I SystemServerTiming: StartContextHubSystemService
04-17 13:45:12.379712  2594  2594 I SystemServiceManager: Starting com.android.server.ContextHubSystemService
04-17 13:45:12.380111  2594  2594 D SystemServerTiming: StartContextHubSystemService took to complete: 0ms
04-17 13:45:12.380134  2594  2594 I SystemServerTiming: StartDiskStatsService
04-17 13:45:12.380220  2594  2717 I SystemServerTimingAsync: InitThreadPoolExec:Init ContextHubSystemService
04-17 13:45:12.380296  2594  2717 D SystemServerInitThreadPool: Started executing Init ContextHubSystemService
04-17 13:45:12.383055  2594  2594 D SystemServerTiming: StartDiskStatsService took to complete: 3ms
04-17 13:45:12.383098  2594  2594 I SystemServerTiming: RuntimeService
04-17 13:45:12.384268  2594  2594 D SystemServerTiming: RuntimeService took to complete: 1ms
04-17 13:45:12.384344  2594  2594 I SystemServerTiming: StartNetworkTimeUpdateService
04-17 13:45:12.385930  2594  2594 D SystemServerTiming: StartNetworkTimeUpdateService took to complete: 2ms
04-17 13:45:12.385964  2594  2594 I SystemServerTiming: CertBlacklister
04-17 13:45:12.387243  2594  2594 D SystemServerTiming: CertBlacklister took to complete: 1ms
04-17 13:45:12.387279  2594  2594 I SystemServerTiming: StartEmergencyAffordanceService
04-17 13:45:12.387324  2594  2594 I SystemServiceManager: Starting com.android.server.emergency.EmergencyAffordanceService
04-17 13:45:12.388715  2594  2594 D SystemServerTiming: StartEmergencyAffordanceService took to complete: 2ms
04-17 13:45:12.388753  2594  2594 I SystemServerTiming: startBlobStoreManagerService
--------- switch to main
04-17 13:45:12.388994  2594  2717 I android_os_HwBinder: HwBinder: Starting thread pool for getting: android.hardware.contexthub@1.2::IContexthub/default
04-17 13:45:12.390022   956   956 V ContextHubHal: getHubs
04-17 13:45:12.390101   956   956 D ContextHubHal: Sending hub info request
04-17 13:45:12.391726   970  1072 D CHRE    : @  31.205: Hub info request from client ID 2
04-17 13:45:12.391818   956   975 D android.hardware.contexthub@1.2-service: Got hub info response
--------- switch to system
04-17 13:45:12.392342  2594  2594 I SystemServiceManager: Starting com.android.server.blob.BlobStoreManagerService
04-17 13:45:12.395097  2594  2594 D SystemServerTiming: startBlobStoreManagerService took to complete: 6ms
04-17 13:45:12.395153  2594  2594 I SystemServerTiming: StartDreamManager
04-17 13:45:12.395185  2594  2594 I SystemServiceManager: Starting com.android.server.dreams.DreamManagerService
04-17 13:45:12.398679  2594  2594 D SystemServerTiming: StartDreamManager took to complete: 4ms
04-17 13:45:12.398725  2594  2594 I SystemServerTiming: AddGraphicsStatsService
04-17 13:45:12.402267  2594  2594 D SystemServerTiming: AddGraphicsStatsService took to complete: 3ms
04-17 13:45:12.402664  2594  2594 I SystemServerTiming: StartPrintManager
04-17 13:45:12.403014  2594  2594 I SystemServiceManager: Starting com.android.server.print.PrintManagerService
--------- switch to main
04-17 13:45:12.403945  2594  2717 D ContextHubClientManager: Registered client with host endpoint ID 0
04-17 13:45:12.404577   956   956 V ContextHubHal: registerCallbackCommon
04-17 13:45:12.405895   956   956 V ContextHubHal: queryApps
--------- switch to system
04-17 13:45:12.406022  2594  2594 D SystemServerTiming: StartPrintManager took to complete: 3ms
04-17 13:45:12.406113  2594  2594 I SystemServerTiming: StartCompanionDeviceManager
--------- switch to main
04-17 13:45:12.407467   970  1072 D CHRE    : @  31.221: Nanoapp list request from client ID 2
04-17 13:45:12.407855   970  1072 D CHRE    : @  31.221: Posting setting change: setting type 0 state 0
04-17 13:45:12.407904   970  1072 D CHRE    : @  31.221: Setting changed callback called for setting 0 state 0
04-17 13:45:12.409011  2594  2813 V NanoAppStateManager: Added app instance with handle 0 to hub 0: ID=0x476f6f676c00100b, version=0x3000c
04-17 13:45:12.409120  2594  2813 V NanoAppStateManager: Added app instance with handle 1 to hub 0: ID=0x476f6f676c001017, version=0xb
04-17 13:45:12.409175  2594  2813 V NanoAppStateManager: Added app instance with handle 2 to hub 0: ID=0x476f6f676c001018, version=0x5
04-17 13:45:12.409234  2594  2813 V NanoAppStateManager: Added app instance with handle 3 to hub 0: ID=0x476f6f676c001013, version=0x30009
04-17 13:45:12.409291  2594  2813 V NanoAppStateManager: Added app instance with handle 4 to hub 0: ID=0x476f6f676c00100d, version=0x12
04-17 13:45:12.409348  2594  2813 V NanoAppStateManager: Added app instance with handle 5 to hub 0: ID=0x476f6f676c001010, version=0x1010001
04-17 13:45:12.409403  2594  2813 V NanoAppStateManager: Added app instance with handle 6 to hub 0: ID=0x476f6f676c001004, version=0x40013
04-17 13:45:12.409471  2594  2813 V NanoAppStateManager: Added app instance with handle 7 to hub 0: ID=0x476f6f676c001011, version=0x70001
04-17 13:45:12.409531  2594  2813 V NanoAppStateManager: Added app instance with handle 8 to hub 0: ID=0x476f6f676c001022, version=0x1000000
04-17 13:45:12.409589  2594  2813 V NanoAppStateManager: Added app instance with handle 9 to hub 0: ID=0x476f6f676c001016, version=0x1010000
04-17 13:45:12.409646  2594  2813 V NanoAppStateManager: Added app instance with handle 10 to hub 0: ID=0x476f6f676c001012, version=0x8
--------- switch to system
04-17 13:45:12.409747  2594  2594 I SystemServiceManager: Starting com.android.server.companion.CompanionDeviceManagerService
--------- switch to main
04-17 13:45:12.411038   970  1072 D CHRE    : @  31.224: Posting setting change: setting type 1 state 1
04-17 13:45:12.411093   970  1072 D CHRE    : @  31.224: Setting changed callback called for setting 1 state 1
04-17 13:45:12.412205  2594  2717 D ContextHubService: Mic Disabled Setting: false
--------- switch to system
04-17 13:45:12.412471  2594  2717 D SystemServerInitThreadPool: Finished executing Init ContextHubSystemService
04-17 13:45:12.412542  2594  2717 D SystemServerTimingAsync: InitThreadPoolExec:Init ContextHubSystemService took to complete: 32ms
--------- switch to main
04-17 13:45:12.412688   970  1072 D CHRE    : @  31.226: Posting setting change: setting type 2 state 1
04-17 13:45:12.412736   970  1072 D CHRE    : @  31.226: Setting changed callback called for setting 2 state 1
04-17 13:45:12.413757   970  1072 D CHRE    : @  31.227: Posting setting change: setting type 3 state 0
04-17 13:45:12.413800   970  1072 D CHRE    : @  31.227: Setting changed callback called for setting 3 state 0
--------- switch to system
04-17 13:45:12.415438  2594  2594 D SystemServerTiming: StartCompanionDeviceManager took to complete: 9ms
04-17 13:45:12.415486  2594  2594 I SystemServerTiming: StartRestrictionManager
04-17 13:45:12.415522  2594  2594 I SystemServiceManager: Starting com.android.server.restrictions.RestrictionsManagerService
04-17 13:45:12.417120  2594  2594 D SystemServerTiming: StartRestrictionManager took to complete: 2ms
04-17 13:45:12.417154  2594  2594 I SystemServerTiming: StartMediaSessionService
04-17 13:45:12.419407  2594  2594 I SystemServiceManager: Starting com.android.server.media.MediaSessionService
04-17 13:45:12.425125  2594  2594 D SystemServerTiming: StartMediaSessionService took to complete: 8ms
04-17 13:45:12.425245  2594  2594 I SystemServerTiming: StartMediaResourceMonitor
04-17 13:45:12.425459  2594  2594 I SystemServiceManager: Starting com.android.server.media.MediaResourceMonitorService
04-17 13:45:12.426074  2594  2594 D SystemServerTiming: StartMediaResourceMonitor took to complete: 1ms
04-17 13:45:12.426161  2594  2594 I SystemServerTiming: StartMediaRouterService
04-17 13:45:12.436181  2594  2594 V HistoricalRegistry: Interaction before persistence initialized
04-17 13:45:12.437970  2594  2594 D SystemServerTiming: StartMediaRouterService took to complete: 12ms
04-17 13:45:12.438082  2594  2594 I SystemServerTiming: StartFingerprintSensor
04-17 13:45:12.438116  2594  2594 I SystemServiceManager: Starting com.android.server.biometrics.sensors.fingerprint.FingerprintService
04-17 13:45:12.441859  2594  2594 D SystemServerTiming: StartFingerprintSensor took to complete: 4ms
04-17 13:45:12.441899  2594  2594 I SystemServerTiming: StartBiometricService
04-17 13:45:12.441932  2594  2594 I SystemServiceManager: Starting com.android.server.biometrics.BiometricService
04-17 13:45:12.447373  2594  2594 D SystemServerTiming: StartBiometricService took to complete: 5ms
04-17 13:45:12.447419  2594  2594 I SystemServerTiming: StartAuthService
04-17 13:45:12.447451  2594  2594 I SystemServiceManager: Starting com.android.server.biometrics.AuthService
04-17 13:45:12.448812  2594  2594 D AuthService: Registering HIDL ID: 0 Modality: 2 Strength: 15
04-17 13:45:12.450905  2594  2594 D SystemServerTiming: StartAuthService took to complete: 4ms
04-17 13:45:12.450941  2594  2594 I SystemServerTiming: StartBackgroundDexOptService
04-17 13:45:12.451954  2594  2594 W BackgroundDexOptService: SysProp pm.dexopt.downgrade_after_inactive_days not set
04-17 13:45:12.453085  2594  2594 D SystemServerTiming: StartBackgroundDexOptService took to complete: 2ms
04-17 13:45:12.453118  2594  2594 I SystemServerTiming: StartDynamicCodeLoggingService
04-17 13:45:12.454215  2594  2594 D SystemServerTiming: StartDynamicCodeLoggingService took to complete: 1ms
04-17 13:45:12.454246  2594  2594 I SystemServerTiming: StartPruneInstantAppsJobService
04-17 13:45:12.454785  2594  2594 D SystemServerTiming: StartPruneInstantAppsJobService took to complete: 1ms
04-17 13:45:12.454815  2594  2594 I SystemServerTiming: StartShortcutServiceLifecycle
04-17 13:45:12.454849  2594  2594 I SystemServiceManager: Starting com.android.server.pm.ShortcutService$Lifecycle
04-17 13:45:12.464795  2594  2594 V HistoricalRegistry: Interaction before persistence initialized
04-17 13:45:12.465670  2594  2594 D SystemServerTiming: StartShortcutServiceLifecycle took to complete: 11ms
04-17 13:45:12.465708  2594  2594 I SystemServerTiming: StartLauncherAppsService
04-17 13:45:12.465745  2594  2594 I SystemServiceManager: Starting com.android.server.pm.LauncherAppsService
04-17 13:45:12.466551  2594  2824 D BiometricService: Registering ID: 0 Modality: 2 Strength: 15
04-17 13:45:12.467866  2594  2824 D BiometricStrengthController: updateStrengths: revert sensorId=0 to oemStrength=15
04-17 13:45:12.468159  2594  2824 D BiometricService/Sensor: updateStrength: Before(ID(0), oemStrength: 15, updatedStrength: 15, modality 2, state: 0, cookie: 0, props: ID: 0, Strength: 2, Type: 1) After(ID(0), oemStrength: 15, updatedStrength: 15, modality 2, state: 0, cookie: 0, props: ID: 0, Strength: 2, Type: 1)
04-17 13:45:12.469977  2594  2594 D SystemServerTiming: StartLauncherAppsService took to complete: 4ms
04-17 13:45:12.470018  2594  2594 I SystemServerTiming: StartCrossProfileAppsService
04-17 13:45:12.470054  2594  2594 I SystemServiceManager: Starting com.android.server.pm.CrossProfileAppsService
04-17 13:45:12.472525  2594  2594 D SystemServerTiming: StartCrossProfileAppsService took to complete: 2ms
04-17 13:45:12.472566  2594  2594 I SystemServerTiming: StartPeopleService
04-17 13:45:12.472597  2594  2594 I SystemServiceManager: Starting com.android.server.people.PeopleService
--------- switch to main
04-17 13:45:12.476555   937   937 I Zygote  : ...preloaded 13903 classes in 1543ms.
--------- switch to system
04-17 13:45:12.476700   937   937 D ZygoteInitTiming_lazy: PreloadClasses took to complete: 1544ms
04-17 13:45:12.477359  2594  2594 D SystemServerTiming: StartPeopleService took to complete: 5ms
04-17 13:45:12.477412  2594  2594 I SystemServerTiming: StartMediaMetricsManager
04-17 13:45:12.477456  2594  2594 I SystemServiceManager: Starting com.android.server.media.metrics.MediaMetricsManagerService
04-17 13:45:12.480831  2594  2594 D SystemServerTiming: StartMediaMetricsManager took to complete: 4ms
04-17 13:45:12.480924  2594  2594 I SystemServerTiming: StartMediaProjectionManager
04-17 13:45:12.480992  2594  2594 I SystemServiceManager: Starting com.android.server.media.projection.MediaProjectionManagerService
--------- switch to main
04-17 13:45:12.483577   937   937 D ApplicationLoaders: Created zygote-cached class loader: /system/framework/android.hidl.base-V1.0-java.jar
04-17 13:45:12.486360   937   937 D ApplicationLoaders: Created zygote-cached class loader: /system/framework/android.hidl.manager-V1.0-java.jar
04-17 13:45:12.489003   937   937 D ApplicationLoaders: Created zygote-cached class loader: /system/framework/android.test.base.jar
04-17 13:45:12.489066  2594  2594 V MediaRouter: Selecting route: RouteInfo{ name=Phone, description=null, status=null, category=RouteCategory{ name=System types=ROUTE_TYPE_LIVE_AUDIO ROUTE_TYPE_LIVE_VIDEO  groupable=false }, supportedTypes=ROUTE_TYPE_LIVE_AUDIO ROUTE_TYPE_LIVE_VIDEO , presentationDisplay=null }
--------- switch to system
04-17 13:45:12.489073   937   937 D ZygoteInitTiming_lazy: CacheNonBootClasspathClassLoaders took to complete: 12ms
--------- switch to main
04-17 13:45:12.489151  2594  2594 I MediaRouter: Skip setBluetoothA2dpOn(): types=8388615, isPlaybackActive()=false, BT route=null
04-17 13:45:12.489217   937   937 I Zygote  : Preloading resources...
--------- switch to system
04-17 13:45:12.490614  2594  2594 D SystemServerTiming: StartMediaProjectionManager took to complete: 9ms
04-17 13:45:12.490842  2594  2594 I SystemServerTiming: StartSliceManagerService
04-17 13:45:12.491508  2594  2594 I SystemServiceManager: Starting com.android.server.slice.SliceManagerService$Lifecycle
04-17 13:45:12.495814  2594  2594 D SystemServerTiming: StartSliceManagerService took to complete: 5ms
04-17 13:45:12.495890  2594  2594 I SystemServerTiming: StartStatsCompanion
04-17 13:45:12.500067  2594  2594 I SystemServiceManager: Starting com.android.server.stats.StatsCompanion$Lifecycle
--------- switch to main
04-17 13:45:12.500946   937   937 W Resources: Preloaded drawable resource #0x1080285 (android:drawable/dialog_background_material) that varies with configuration!!
04-17 13:45:12.502928  2594  2733 E system_server: Could not write anonymous vdex /apex/com.android.os.statsd/javalib/oat/arm64/service-statsd.vdex: Could not create directory /apex/com.android.os.statsd/javalib/oat
--------- switch to system
04-17 13:45:12.503884  2594  2594 D SystemServerTiming: StartStatsCompanion took to complete: 8ms
04-17 13:45:12.503921  2594  2594 I SystemServerTiming: StartRebootReadinessManagerService
04-17 13:45:12.510573  2594  2594 I SystemServiceManager: Starting com.android.server.scheduling.RebootReadinessManagerService$Lifecycle
--------- switch to main
04-17 13:45:12.511222  2594  2733 E system_server: Could not write anonymous vdex /apex/com.android.scheduling/javalib/oat/arm64/service-scheduling.vdex: Could not create directory /apex/com.android.scheduling/javalib/oat
04-17 13:45:12.515196  2594  2594 I TetheringManager: registerTetheringEventCallback:android
04-17 13:45:12.515271  2594  2594 I TetheringManager: registerTetheringEventCallback caller:android
--------- switch to system
04-17 13:45:12.515865  2594  2594 D SystemServerTiming: StartRebootReadinessManagerService took to complete: 12ms
04-17 13:45:12.515924  2594  2594 I SystemServerTiming: StartStatsPullAtomService
--------- switch to main
04-17 13:45:12.518000   934   938 I ServiceManager: Waiting for service 'statscompanion' on '/dev/binder' successful after waiting 1509ms
04-17 13:45:12.522895   937   937 I Zygote  : ...preloaded 64 resources in 34ms.
--------- switch to system
04-17 13:45:12.524776  2594  2594 I SystemServiceManager: Starting com.android.server.stats.pull.StatsPullAtomService
04-17 13:45:12.524894  2594  2594 D SystemServerTiming: StartStatsPullAtomService took to complete: 9ms
04-17 13:45:12.524918  2594  2594 I SystemServerTiming: StartIncidentCompanionService
04-17 13:45:12.524961  2594  2594 I SystemServiceManager: Starting com.android.server.incident.IncidentCompanionService
04-17 13:45:12.526829  2594  2594 D SystemServerTiming: StartIncidentCompanionService took to complete: 2ms
04-17 13:45:12.526878  2594  2594 I SystemServerTiming: StartMmsService
04-17 13:45:12.526912  2594  2594 I SystemServiceManager: Starting com.android.server.MmsServiceBroker
--------- switch to main
04-17 13:45:12.528331   937   937 I Zygote  : ...preloaded 41 resources in 5ms.
--------- switch to system
04-17 13:45:12.528422   937   937 D ZygoteInitTiming_lazy: PreloadResources took to complete: 39ms
04-17 13:45:12.528723  2594  2594 D SystemServerTiming: StartMmsService took to complete: 2ms
04-17 13:45:12.528948  2594  2594 I SystemServerTiming: StartAutoFillService
04-17 13:45:12.535071  2594  2594 I SystemServiceManager: Starting com.android.server.autofill.AutofillManagerService
04-17 13:45:12.543994  2594  2594 D AutofillManagerService: setLogLevelFromSettings(): level=2, debug=true, verbose=false
04-17 13:45:12.544616  2594  2594 D AutofillManagerService: setMaxPartitionsFromSettings(): 10
04-17 13:45:12.544679  2594  2594 D AutofillManagerService: setMaxVisibleDatasetsFromSettings(): 0
04-17 13:45:12.548870  2594  2663 D AutofillUI: destroySaveUiUiThread(): already destroyed
04-17 13:45:12.548942  2594  2594 D AutofillManagerServiceImpl: Reset component for user 0:
--------- switch to main
04-17 13:45:12.551335   937   937 D libEGL  : loaded /vendor/lib/egl/libEGL_adreno.so
--------- switch to system
04-17 13:45:12.551492  2594  2594 D SystemServerTiming: StartAutoFillService took to complete: 22ms
04-17 13:45:12.551544  2594  2594 D SystemServer: TranslationService not defined by OEM
04-17 13:45:12.551564  2594  2594 I SystemServerTiming: StartClipboardService
04-17 13:45:12.551594  2594  2594 I SystemServiceManager: Starting com.android.server.clipboard.ClipboardService
04-17 13:45:12.555631  2594  2594 D SystemServerTiming: StartClipboardService took to complete: 5ms
04-17 13:45:12.555693  2594  2594 I SystemServerTiming: AppServiceManager
04-17 13:45:12.555728  2594  2594 I SystemServiceManager: Starting com.android.server.appbinding.AppBindingService$Lifecycle
04-17 13:45:12.558013  2594  2594 D SystemServerTiming: AppServiceManager took to complete: 2ms
04-17 13:45:12.558048  2594  2594 I SystemServerTiming: startTracingServiceProxy
04-17 13:45:12.558081  2594  2594 I SystemServiceManager: Starting com.android.server.tracing.TracingServiceProxy
04-17 13:45:12.558975  2594  2594 D SystemServerTiming: startTracingServiceProxy took to complete: 1ms
04-17 13:45:12.559002  2594  2594 I SystemServerTiming: MakeLockSettingsServiceReady
--------- switch to main
04-17 13:45:12.564302  2594  2594 I android_os_HwBinder: HwBinder: Starting thread pool for getting: android.hardware.weaver@1.0::IWeaver/default
04-17 13:45:12.564998   572   572 D libnos_transport: Calling App 3 with params 0x0000
04-17 13:45:12.567325   572   572 D libnos_transport: App 3 inspection status=0x00000000 reply_len=0 protocol=1 flags=0x0000
04-17 13:45:12.567349   572   572 D libnos_transport: Send app 3 command data (0 bytes)
04-17 13:45:12.567680   572   572 D libnos_transport: Send app 3 go command 0x00030000
04-17 13:45:12.568084   572   572 D libnos_transport: Polling app 3
04-17 13:45:12.569901  1027  2773 I tftp_server: pid=1027 tid=2773 tftp-server : INF :[tftp_server.c, 1509] WRQ stats : total-blocks = 1 : total-bytes = 1 : 1 timedout-pkts = 0, wrong-pkts = 0
04-17 13:45:12.569926  1027  2773 I tftp_server: pid=1027 tid=2773 tftp-server : INF :[tftp_server.c, 1517] WRQ file stats [port: 538]: Total : [fwrite, fflush] = [3, 1501] max: 3 min: 0
04-17 13:45:12.569934  1027  2773 I tftp_server: pid=1027 tid=2773 tftp-server : INF :[tftp_server.c, 1521] WRQ time stats : Total : [TX, RX] = [65, 159]
04-17 13:45:12.569940  1027  2773 I tftp_server: pid=1027 tid=2773 tftp-server : INF :[tftp_server.c, 1525] WRQ time stats : Tx [Min, Max] = [31, 34]
04-17 13:45:12.569947  1027  2773 I tftp_server: pid=1027 tid=2773 tftp-server : INF :[tftp_server.c, 1530] WRQ time stats [port : 538]: Rx [Min, Max] = [159, 159]
04-17 13:45:12.569970  1027  2773 I tftp_server: pid=1027 tid=2773 tftp-server : INF :[tftp_server.c, 1817] WRQ Total API = 1053387
04-17 13:45:12.570172   572   572 D libnos_transport: App 3 polled=1 status=0x80000000 reply_len=6 flags=0x0000
04-17 13:45:12.570201   572   572 D libnos_transport: Read app 3 reply data (6 bytes)
04-17 13:45:12.571592   572   572 D libnos_transport: App 3 returning 0x0
04-17 13:45:12.573585  2594  2594 I android_os_HwBinder: HwBinder: Starting thread pool for getting: android.hardware.authsecret@1.0::IAuthSecret/default
--------- switch to system
04-17 13:45:12.575519  2594  2594 D SystemServerTiming: MakeLockSettingsServiceReady took to complete: 16ms
04-17 13:45:12.575556  2594  2594 I SystemServerTiming: StartBootPhaseLockSettingsReady
04-17 13:45:12.575587  2594  2594 I SystemServiceManager: Starting phase 480
04-17 13:45:12.575604  2594  2594 I SystemServerTiming: OnBootPhase_480
04-17 13:45:12.575632  2594  2594 I SystemServerTiming: OnBootPhase_480_com.android.server.security.FileIntegrityService
04-17 13:45:12.575676  2594  2594 D SystemServerTiming: OnBootPhase_480_com.android.server.security.FileIntegrityService took to complete: 0ms
04-17 13:45:12.575696  2594  2594 I SystemServerTiming: OnBootPhase_480_com.android.server.pm.Installer
04-17 13:45:12.575723  2594  2594 D SystemServerTiming: OnBootPhase_480_com.android.server.pm.Installer took to complete: 0ms
04-17 13:45:12.575751  2594  2594 I SystemServerTiming: OnBootPhase_480_com.android.server.os.DeviceIdentifiersPolicyService
04-17 13:45:12.575784  2594  2594 D SystemServerTiming: OnBootPhase_480_com.android.server.os.DeviceIdentifiersPolicyService took to complete: 0ms
04-17 13:45:12.575809  2594  2594 I SystemServerTiming: OnBootPhase_480_com.android.server.uri.UriGrantsManagerService$Lifecycle
04-17 13:45:12.575828  2594  2594 D SystemServerTiming: OnBootPhase_480_com.android.server.uri.UriGrantsManagerService$Lifecycle took to complete: 0ms
04-17 13:45:12.575844  2594  2594 I SystemServerTiming: OnBootPhase_480_com.android.server.powerstats.PowerStatsService
04-17 13:45:12.575864  2594  2594 D SystemServerTiming: OnBootPhase_480_com.android.server.powerstats.PowerStatsService took to complete: 0ms
04-17 13:45:12.575882  2594  2594 I SystemServerTiming: OnBootPhase_480_com.android.server.wm.ActivityTaskManagerService$Lifecycle
04-17 13:45:12.575903  2594  2594 D SystemServerTiming: OnBootPhase_480_com.android.server.wm.ActivityTaskManagerService$Lifecycle took to complete: 0ms
04-17 13:45:12.575923  2594  2594 I SystemServerTiming: OnBootPhase_480_com.android.server.am.ActivityManagerService$Lifecycle
04-17 13:45:12.575957  2594  2594 D SystemServerTiming: OnBootPhase_480_com.android.server.am.ActivityManagerService$Lifecycle took to complete: 0ms
04-17 13:45:12.575977  2594  2594 I SystemServerTiming: OnBootPhase_480_com.android.server.pm.DataLoaderManagerService
04-17 13:45:12.576002  2594  2594 D SystemServerTiming: OnBootPhase_480_com.android.server.pm.DataLoaderManagerService took to complete: 0ms
04-17 13:45:12.576021  2594  2594 I SystemServerTiming: OnBootPhase_480_com.android.server.power.PowerManagerService
04-17 13:45:12.576047  2594  2594 D SystemServerTiming: OnBootPhase_480_com.android.server.power.PowerManagerService took to complete: 0ms
04-17 13:45:12.576066  2594  2594 I SystemServerTiming: OnBootPhase_480_com.android.server.power.ThermalManagerService
04-17 13:45:12.576090  2594  2594 D SystemServerTiming: OnBootPhase_480_com.android.server.power.ThermalManagerService took to complete: 0ms
04-17 13:45:12.576118  2594  2594 I SystemServerTiming: OnBootPhase_480_com.android.server.power.hint.HintManagerService
04-17 13:45:12.576141  2594  2594 D SystemServerTiming: OnBootPhase_480_com.android.server.power.hint.HintManagerService took to complete: 0ms
04-17 13:45:12.576164  2594  2594 I SystemServerTiming: OnBootPhase_480_com.android.server.recoverysystem.RecoverySystemService$Lifecycle
04-17 13:45:12.576193  2594  2594 D SystemServerTiming: OnBootPhase_480_com.android.server.recoverysystem.RecoverySystemService$Lifecycle took to complete: 0ms
04-17 13:45:12.576217  2594  2594 I SystemServerTiming: OnBootPhase_480_com.android.server.lights.LightsService
04-17 13:45:12.576237  2594  2594 D SystemServerTiming: OnBootPhase_480_com.android.server.lights.LightsService took to complete: 0ms
04-17 13:45:12.576253  2594  2594 I SystemServerTiming: OnBootPhase_480_com.android.server.display.DisplayManagerService
04-17 13:45:12.576279  2594  2594 D SystemServerTiming: OnBootPhase_480_com.android.server.display.DisplayManagerService took to complete: 0ms
04-17 13:45:12.576298  2594  2594 I SystemServerTiming: OnBootPhase_480_com.android.server.pm.verify.domain.DomainVerificationService
04-17 13:45:12.576342  2594  2594 D SystemServerTiming: OnBootPhase_480_com.android.server.pm.verify.domain.DomainVerificationService took to complete: 0ms
04-17 13:45:12.576363  2594  2594 I SystemServerTiming: OnBootPhase_480_com.android.server.pm.PackageInstallerService$Lifecycle
04-17 13:45:12.576387  2594  2594 D SystemServerTiming: OnBootPhase_480_com.android.server.pm.PackageInstallerService$Lifecycle took to complete: 0ms
04-17 13:45:12.576407  2594  2594 I SystemServerTiming: OnBootPhase_480_com.android.server.pm.UserManagerService$LifeCycle
04-17 13:45:12.576431  2594  2594 D SystemServerTiming: OnBootPhase_480_com.android.server.pm.UserManagerService$LifeCycle took to complete: 0ms
04-17 13:45:12.576452  2594  2594 I SystemServerTiming: OnBootPhase_480_com.android.server.om.OverlayManagerService
04-17 13:45:12.576479  2594  2594 D SystemServerTiming: OnBootPhase_480_com.android.server.om.OverlayManagerService took to complete: 0ms
04-17 13:45:12.576498  2594  2594 I SystemServerTiming: OnBootPhase_480_com.android.server.SensorPrivacyService
04-17 13:45:12.576523  2594  2594 D SystemServerTiming: OnBootPhase_480_com.android.server.SensorPrivacyService took to complete: 0ms
04-17 13:45:12.576544  2594  2594 I SystemServerTiming: OnBootPhase_480_com.android.server.sensors.SensorService
04-17 13:45:12.576567  2594  2594 D SystemServerTiming: OnBootPhase_480_com.android.server.sensors.SensorService took to complete: 0ms
04-17 13:45:12.576586  2594  2594 I SystemServerTiming: OnBootPhase_480_com.android.server.SystemConfigService
04-17 13:45:12.576612  2594  2594 D SystemServerTiming: OnBootPhase_480_com.android.server.SystemConfigService took to complete: 0ms
04-17 13:45:12.576632  2594  2594 I SystemServerTiming: OnBootPhase_480_com.android.server.BatteryService
04-17 13:45:12.576672  2594  2594 D SystemServerTiming: OnBootPhase_480_com.android.server.BatteryService took to complete: 0ms
04-17 13:45:12.576691  2594  2594 I SystemServerTiming: OnBootPhase_480_com.android.server.usage.UsageStatsService
04-17 13:45:12.576734  2594  2594 D SystemServerTiming: OnBootPhase_480_com.android.server.usage.UsageStatsService took to complete: 0ms
04-17 13:45:12.576754  2594  2594 I SystemServerTiming: OnBootPhase_480_com.android.server.webkit.WebViewUpdateService
04-17 13:45:12.576778  2594  2594 D SystemServerTiming: OnBootPhase_480_com.android.server.webkit.WebViewUpdateService took to complete: 0ms
04-17 13:45:12.576800  2594  2594 I SystemServerTiming: OnBootPhase_480_com.android.server.CachedDeviceStateService
04-17 13:45:12.576824  2594  2594 D SystemServerTiming: OnBootPhase_480_com.android.server.CachedDeviceStateService took to complete: 0ms
04-17 13:45:12.576849  2594  2594 I SystemServerTiming: OnBootPhase_480_com.android.server.BinderCallsStatsService$LifeCycle
04-17 13:45:12.576881  2594  2594 D SystemServerTiming: OnBootPhase_480_com.android.server.BinderCallsStatsService$LifeCycle took to complete: 0ms
04-17 13:45:12.576900  2594  2594 I SystemServerTiming: OnBootPhase_480_com.android.server.LooperStatsService$Lifecycle
04-17 13:45:12.576921  2594  2594 D SystemServerTiming: OnBootPhase_480_com.android.server.LooperStatsService$Lifecycle took to complete: 0ms
04-17 13:45:12.576938  2594  2594 I SystemServerTiming: OnBootPhase_480_com.android.server.rollback.RollbackManagerService
04-17 13:45:12.576961  2594  2594 D SystemServerTiming: OnBootPhase_480_com.android.server.rollback.RollbackManagerService took to complete: 0ms
04-17 13:45:12.576979  2594  2594 I SystemServerTiming: OnBootPhase_480_com.android.server.os.NativeTombstoneManagerService
04-17 13:45:12.577001  2594  2594 D SystemServerTiming: OnBootPhase_480_com.android.server.os.NativeTombstoneManagerService took to complete: 0ms
04-17 13:45:12.577030  2594  2594 I SystemServerTiming: OnBootPhase_480_com.android.server.os.BugreportManagerService
04-17 13:45:12.577053  2594  2594 D SystemServerTiming: OnBootPhase_480_com.android.server.os.BugreportManagerService took to complete: 0ms
04-17 13:45:12.577081  2594  2594 I SystemServerTiming: OnBootPhase_480_com.android.server.gpu.GpuService
04-17 13:45:12.577125  2594  2594 D SystemServerTiming: OnBootPhase_480_com.android.server.gpu.GpuService took to complete: 0ms
04-17 13:45:12.577153  2594  2594 I SystemServerTiming: OnBootPhase_480_com.android.server.security.KeyChainSystemService
04-17 13:45:12.577172  2594  2594 D SystemServerTiming: OnBootPhase_480_com.android.server.security.KeyChainSystemService took to complete: 0ms
04-17 13:45:12.577194  2594  2594 I SystemServerTiming: OnBootPhase_480_com.android.server.telecom.TelecomLoaderService
04-17 13:45:12.577220  2594  2594 D SystemServerTiming: OnBootPhase_480_com.android.server.telecom.TelecomLoaderService took to complete: 0ms
04-17 13:45:12.577238  2594  2594 I SystemServerTiming: OnBootPhase_480_com.android.server.accounts.AccountManagerService$Lifecycle
04-17 13:45:12.577264  2594  2594 D SystemServerTiming: OnBootPhase_480_com.android.server.accounts.AccountManagerService$Lifecycle took to complete: 0ms
04-17 13:45:12.577281  2594  2594 I SystemServerTiming: OnBootPhase_480_com.android.server.content.ContentService$Lifecycle
04-17 13:45:12.577310  2594  2594 D SystemServerTiming: OnBootPhase_480_com.android.server.content.ContentService$Lifecycle took to complete: 0ms
04-17 13:45:12.577331  2594  2594 I SystemServerTiming: OnBootPhase_480_com.android.server.DropBoxManagerService
04-17 13:45:12.577360  2594  2594 D SystemServerTiming: OnBootPhase_480_com.android.server.DropBoxManagerService took to complete: 0ms
04-17 13:45:12.577398  2594  2594 I SystemServerTiming: OnBootPhase_480_com.android.role.RoleService
04-17 13:45:12.577430  2594  2594 D SystemServerTiming: OnBootPhase_480_com.android.role.RoleService took to complete: 0ms
04-17 13:45:12.577453  2594  2594 I SystemServerTiming: OnBootPhase_480_com.android.server.vibrator.VibratorManagerService$Lifecycle
04-17 13:45:12.577476  2594  2594 D SystemServerTiming: OnBootPhase_480_com.android.server.vibrator.VibratorManagerService$Lifecycle took to complete: 0ms
04-17 13:45:12.577493  2594  2594 I SystemServerTiming: OnBootPhase_480_com.android.server.alarm.AlarmManagerService
04-17 13:45:12.577515  2594  2594 D SystemServerTiming: OnBootPhase_480_com.android.server.alarm.AlarmManagerService took to complete: 0ms
04-17 13:45:12.577533  2594  2594 I SystemServerTiming: OnBootPhase_480_com.android.server.devicestate.DeviceStateManagerService
04-17 13:45:12.577560  2594  2594 D SystemServerTiming: OnBootPhase_480_com.android.server.devicestate.DeviceStateManagerService took to complete: 0ms
04-17 13:45:12.577581  2594  2594 I SystemServerTiming: OnBootPhase_480_com.android.server.camera.CameraServiceProxy
04-17 13:45:12.577618  2594  2594 D SystemServerTiming: OnBootPhase_480_com.android.server.camera.CameraServiceProxy took to complete: 0ms
04-17 13:45:12.577638  2594  2594 I SystemServerTiming: OnBootPhase_480_com.android.server.BluetoothService
04-17 13:45:12.577661  2594  2594 D SystemServerTiming: OnBootPhase_480_com.android.server.BluetoothService took to complete: 0ms
04-17 13:45:12.577681  2594  2594 I SystemServerTiming: OnBootPhase_480_com.android.server.connectivity.IpConnectivityMetrics
04-17 13:45:12.577712  2594  2594 D SystemServerTiming: OnBootPhase_480_com.android.server.connectivity.IpConnectivityMetrics took to complete: 0ms
04-17 13:45:12.577736  2594  2594 I SystemServerTiming: OnBootPhase_480_com.android.server.net.watchlist.NetworkWatchlistService$Lifecycle
04-17 13:45:12.577758  2594  2594 D SystemServerTiming: OnBootPhase_480_com.android.server.net.watchlist.NetworkWatchlistService$Lifecycle took to complete: 0ms
04-17 13:45:12.577776  2594  2594 I SystemServerTiming: OnBootPhase_480_com.android.server.PinnerService
04-17 13:45:12.577806  2594  2594 D SystemServerTiming: OnBootPhase_480_com.android.server.PinnerService took to complete: 0ms
04-17 13:45:12.577825  2594  2594 I SystemServerTiming: OnBootPhase_480_com.google.android.startop.iorap.IorapForwardingService
04-17 13:45:12.577848  2594  2594 D SystemServerTiming: OnBootPhase_480_com.google.android.startop.iorap.IorapForwardingService took to complete: 0ms
04-17 13:45:12.577879  2594  2594 I SystemServerTiming: OnBootPhase_480_com.android.server.integrity.AppIntegrityManagerService
04-17 13:45:12.577909  2594  2594 D SystemServerTiming: OnBootPhase_480_com.android.server.integrity.AppIntegrityManagerService took to complete: 0ms
04-17 13:45:12.577928  2594  2594 I SystemServerTiming: OnBootPhase_480_com.android.server.inputmethod.InputMethodManagerService$Lifecycle
04-17 13:45:12.577949  2594  2594 D SystemServerTiming: OnBootPhase_480_com.android.server.inputmethod.InputMethodManagerService$Lifecycle took to complete: 0ms
04-17 13:45:12.577966  2594  2594 I SystemServerTiming: OnBootPhase_480_com.android.server.accessibility.AccessibilityManagerService$Lifecycle
04-17 13:45:12.578002  2594  2594 D SystemServerTiming: OnBootPhase_480_com.android.server.accessibility.AccessibilityManagerService$Lifecycle took to complete: 0ms
04-17 13:45:12.578022  2594  2594 I SystemServerTiming: OnBootPhase_480_com.android.server.StorageManagerService$Lifecycle
04-17 13:45:12.578043  2594  2594 D SystemServerTiming: OnBootPhase_480_com.android.server.StorageManagerService$Lifecycle took to complete: 0ms
04-17 13:45:12.578059  2594  2594 I SystemServerTiming: OnBootPhase_480_com.android.server.usage.StorageStatsService$Lifecycle
04-17 13:45:12.578079  2594  2594 D SystemServerTiming: OnBootPhase_480_com.android.server.usage.StorageStatsService$Lifecycle took to complete: 0ms
04-17 13:45:12.578098  2594  2594 I SystemServerTiming: OnBootPhase_480_com.android.server.UiModeManagerService
04-17 13:45:12.578125  2594  2594 D SystemServerTiming: OnBootPhase_480_com.android.server.UiModeManagerService took to complete: 0ms
04-17 13:45:12.578147  2594  2594 I SystemServerTiming: OnBootPhase_480_com.android.server.locksettings.LockSettingsService$Lifecycle
04-17 13:45:12.578185  2594  2594 D SystemServerTiming: OnBootPhase_480_com.android.server.locksettings.LockSettingsService$Lifecycle took to complete: 0ms
04-17 13:45:12.578206  2594  2594 I SystemServerTiming: OnBootPhase_480_com.android.server.PersistentDataBlockService
04-17 13:45:12.578234  2594  2594 D SystemServerTiming: OnBootPhase_480_com.android.server.PersistentDataBlockService took to complete: 0ms
04-17 13:45:12.578253  2594  2594 I SystemServerTiming: OnBootPhase_480_com.android.server.testharness.TestHarnessModeService
04-17 13:45:12.578303  2594  2594 D SystemServerTiming: OnBootPhase_480_com.android.server.testharness.TestHarnessModeService took to complete: 0ms
04-17 13:45:12.578323  2594  2594 I SystemServerTiming: OnBootPhase_480_com.android.server.oemlock.OemLockService
04-17 13:45:12.578344  2594  2594 D SystemServerTiming: OnBootPhase_480_com.android.server.oemlock.OemLockService took to complete: 0ms
04-17 13:45:12.578360  2594  2594 I SystemServerTiming: OnBootPhase_480_com.android.server.DeviceIdleController
04-17 13:45:12.578382  2594  2594 D SystemServerTiming: OnBootPhase_480_com.android.server.DeviceIdleController took to complete: 0ms
04-17 13:45:12.578407  2594  2594 I SystemServerTiming: OnBootPhase_480_com.android.server.devicepolicy.DevicePolicyManagerService$Lifecycle
04-17 13:45:12.580260  2594  2594 I DevicePolicyManager: Current version 2, latest version 2, not upgrading.
--------- switch to main
04-17 13:45:12.586102   972   972 I android.hardware.usb@1.3-service.redfin: Userspace turn on USB data signaling
04-17 13:45:12.586244   972   972 E android.hardware.usb@1.3-service.redfin: Gadget cannot be pulled up
--------- switch to system
04-17 13:45:12.586317  2594  2594 W DevicePolicyManager: Failed to set usb data signaling state
04-17 13:45:12.586561  2594  2731 I SystemServerTimingAsync: InitThreadPoolExec:DevicePolicyManager
04-17 13:45:12.586593  2594  2594 D SystemServerTiming: OnBootPhase_480_com.android.server.devicepolicy.DevicePolicyManagerService$Lifecycle took to complete: 8ms
04-17 13:45:12.586606  2594  2731 D SystemServerInitThreadPool: Started executing DevicePolicyManager
04-17 13:45:12.586626  2594  2594 I SystemServerTiming: OnBootPhase_480_com.android.server.texttospeech.TextToSpeechManagerService
04-17 13:45:12.586651  2594  2594 D SystemServerTiming: OnBootPhase_480_com.android.server.texttospeech.TextToSpeechManagerService took to complete: 0ms
04-17 13:45:12.586672  2594  2594 I SystemServerTiming: OnBootPhase_480_com.android.server.speech.SpeechRecognitionManagerService
04-17 13:45:12.586704  2594  2594 D SystemServerTiming: OnBootPhase_480_com.android.server.speech.SpeechRecognitionManagerService took to complete: 0ms
04-17 13:45:12.586724  2594  2594 I SystemServerTiming: OnBootPhase_480_com.android.server.searchui.SearchUiManagerService
04-17 13:45:12.586750  2594  2594 D SystemServerTiming: OnBootPhase_480_com.android.server.searchui.SearchUiManagerService took to complete: 0ms
04-17 13:45:12.586774  2594  2594 I SystemServerTiming: OnBootPhase_480_com.android.server.smartspace.SmartspaceManagerService
04-17 13:45:12.586794  2594  2594 D SystemServerTiming: OnBootPhase_480_com.android.server.smartspace.SmartspaceManagerService took to complete: 0ms
04-17 13:45:12.586819  2594  2594 I SystemServerTiming: OnBootPhase_480_com.android.server.graphics.fonts.FontManagerService$Lifecycle
04-17 13:45:12.586856  2594  2731 D SystemServerInitThreadPool: Finished executing DevicePolicyManager
04-17 13:45:12.586951  2594  2594 D SystemServerTiming: OnBootPhase_480_com.android.server.graphics.fonts.FontManagerService$Lifecycle took to complete: 0ms
04-17 13:45:12.587026  2594  2731 D SystemServerTimingAsync: InitThreadPoolExec:DevicePolicyManager took to complete: 1ms
04-17 13:45:12.587082  2594  2594 I SystemServerTiming: OnBootPhase_480_com.android.server.textservices.TextServicesManagerService$Lifecycle
04-17 13:45:12.587112  2594  2594 D SystemServerTiming: OnBootPhase_480_com.android.server.textservices.TextServicesManagerService$Lifecycle took to complete: 0ms
04-17 13:45:12.587137  2594  2594 I SystemServerTiming: OnBootPhase_480_com.android.server.textclassifier.TextClassificationManagerService$Lifecycle
04-17 13:45:12.587168  2594  2594 D SystemServerTiming: OnBootPhase_480_com.android.server.textclassifier.TextClassificationManagerService$Lifecycle took to complete: 0ms
04-17 13:45:12.587189  2594  2594 I SystemServerTiming: OnBootPhase_480_com.android.server.NetworkScoreService$Lifecycle
04-17 13:45:12.587207  2594  2594 D SystemServerTiming: OnBootPhase_480_com.android.server.NetworkScoreService$Lifecycle took to complete: 0ms
04-17 13:45:12.587223  2594  2594 I SystemServerTiming: OnBootPhase_480_com.android.server.wifi.WifiService
04-17 13:45:12.587242  2594  2594 D SystemServerTiming: OnBootPhase_480_com.android.server.wifi.WifiService took to complete: 0ms
04-17 13:45:12.587265  2594  2594 I SystemServerTiming: OnBootPhase_480_com.android.server.wifi.scanner.WifiScanningService
04-17 13:45:12.587288  2594  2594 D SystemServerTiming: OnBootPhase_480_com.android.server.wifi.scanner.WifiScanningService took to complete: 0ms
04-17 13:45:12.587304  2594  2594 I SystemServerTiming: OnBootPhase_480_com.android.server.wifi.rtt.RttService
04-17 13:45:12.587329  2594  2594 D SystemServerTiming: OnBootPhase_480_com.android.server.wifi.rtt.RttService took to complete: 0ms
04-17 13:45:12.587351  2594  2594 I SystemServerTiming: OnBootPhase_480_com.android.server.wifi.aware.WifiAwareService
04-17 13:45:12.587378  2594  2594 D SystemServerTiming: OnBootPhase_480_com.android.server.wifi.aware.WifiAwareService took to complete: 0ms
04-17 13:45:12.587395  2594  2594 I SystemServerTiming: OnBootPhase_480_com.android.server.wifi.p2p.WifiP2pService
04-17 13:45:12.587454  2594  2594 D SystemServerTiming: OnBootPhase_480_com.android.server.wifi.p2p.WifiP2pService took to complete: 0ms
04-17 13:45:12.587471  2594  2594 I SystemServerTiming: OnBootPhase_480_com.android.server.ethernet.EthernetService
04-17 13:45:12.587503  2594  2594 D SystemServerTiming: OnBootPhase_480_com.android.server.ethernet.EthernetService took to complete: 0ms
04-17 13:45:12.587520  2594  2594 I SystemServerTiming: OnBootPhase_480_com.android.server.ConnectivityServiceInitializer
