04-17 10:51:18.146785   984  1089 W ASH     : @ 34207.822: touch gesture: no valid gesture detected
04-17 10:51:18.211316   984  1089 W ASH     : @ 34207.887: touch gesture: no valid gesture detected
04-17 10:51:18.276007   984  1089 W ASH     : @ 34207.951: touch gesture: no valid gesture detected
04-17 10:51:18.340103   984  1089 W ASH     : @ 34208.015: touch gesture: no valid gesture detected
04-17 10:51:18.404558   984  1089 W ASH     : @ 34208.080: touch gesture: no valid gesture detected
04-17 10:51:18.468706   984  1089 W ASH     : @ 34208.144: touch gesture: no valid gesture detected
04-17 10:51:18.533011   984  1089 W ASH     : @ 34208.208: touch gesture: no valid gesture detected
04-17 10:51:18.597582   984  1089 W ASH     : @ 34208.273: touch gesture: no valid gesture detected
04-17 10:51:18.661501   984  1089 W ASH     : @ 34208.337: touch gesture: no valid gesture detected
04-17 10:51:18.726145   984  1089 W ASH     : @ 34208.401: touch gesture: no valid gesture detected
04-17 10:51:18.790073   984  1089 W ASH     : @ 34208.466: touch gesture: no valid gesture detected
04-17 10:51:18.854624   984  1089 W ASH     : @ 34208.530: touch gesture: no valid gesture detected
04-17 10:51:18.919487   984  1089 W ASH     : @ 34208.594: touch gesture: no valid gesture detected
04-17 10:51:18.983079   984  1089 W ASH     : @ 34208.659: touch gesture: no valid gesture detected
04-17 10:51:19.047548   984  1089 W ASH     : @ 34208.723: touch gesture: no valid gesture detected
04-17 10:51:19.112039   984  1089 W ASH     : @ 34208.787: touch gesture: no valid gesture detected
04-17 10:51:19.176408   984  1089 W ASH     : @ 34208.852: touch gesture: no valid gesture detected
04-17 10:51:19.240422   984  1089 W ASH     : @ 34208.916: touch gesture: no valid gesture detected
04-17 10:51:19.304931   984  1089 W ASH     : @ 34208.980: touch gesture: no valid gesture detected
04-17 10:51:19.369411   984  1089 W ASH     : @ 34209.045: touch gesture: no valid gesture detected
04-17 10:51:19.433745   984  1089 W ASH     : @ 34209.109: touch gesture: no valid gesture detected
04-17 10:51:19.498027   984  1089 W ASH     : @ 34209.173: touch gesture: no valid gesture detected
04-17 10:51:19.562782   984  1089 W ASH     : @ 34209.238: touch gesture: no valid gesture detected
04-17 10:51:19.626754   984  1089 W ASH     : @ 34209.302: touch gesture: no valid gesture detected
04-17 10:51:19.690946   984  1089 W ASH     : @ 34209.366: touch gesture: no valid gesture detected
04-17 10:51:19.755548   984  1089 W ASH     : @ 34209.431: touch gesture: no valid gesture detected
04-17 10:51:19.819681   984  1089 W ASH     : @ 34209.495: touch gesture: no valid gesture detected
04-17 10:51:19.884183   984  1089 W ASH     : @ 34209.560: touch gesture: no valid gesture detected
04-17 10:51:19.948499   984  1089 W ASH     : @ 34209.624: touch gesture: no valid gesture detected
04-17 10:51:20.013114   984  1089 W ASH     : @ 34209.688: touch gesture: no valid gesture detected
04-17 10:51:20.077594   984  1089 W ASH     : @ 34209.753: touch gesture: no valid gesture detected
04-17 10:51:20.142251   984  1089 W ASH     : @ 34209.817: touch gesture: no valid gesture detected
04-17 10:51:20.206924   984  1089 W ASH     : @ 34209.882: touch gesture: no valid gesture detected
04-17 10:51:20.271212   984  1089 W ASH     : @ 34209.946: touch gesture: no valid gesture detected
04-17 10:51:20.334755   984  1089 W ASH     : @ 34210.011: touch gesture: no valid gesture detected
04-17 10:51:20.399993   984  1089 W ASH     : @ 34210.075: touch gesture: no valid gesture detected
04-17 10:51:20.464516   984  1089 W ASH     : @ 34210.139: touch gesture: no valid gesture detected
04-17 10:51:20.528662   984  1089 W ASH     : @ 34210.204: touch gesture: no valid gesture detected
04-17 10:51:20.593187   984  1089 W ASH     : @ 34210.268: touch gesture: no valid gesture detected
04-17 10:51:20.657291   984  1089 W ASH     : @ 34210.332: touch gesture: no valid gesture detected
04-17 10:51:20.721534   984  1089 W ASH     : @ 34210.397: touch gesture: no valid gesture detected
04-17 10:51:20.786142   984  1089 W ASH     : @ 34210.461: touch gesture: no valid gesture detected
04-17 10:51:20.850292   984  1089 W ASH     : @ 34210.526: touch gesture: no valid gesture detected
04-17 10:51:20.914699   984  1089 W ASH     : @ 34210.590: touch gesture: no valid gesture detected
04-17 10:51:20.978953   984  1089 W ASH     : @ 34210.654: touch gesture: no valid gesture detected
04-17 10:51:21.043433   984  1089 W ASH     : @ 34210.719: touch gesture: no valid gesture detected
04-17 10:51:21.107787   984  1089 W ASH     : @ 34210.783: touch gesture: no valid gesture detected
04-17 10:51:21.172126   984  1089 W ASH     : @ 34210.847: touch gesture: no valid gesture detected
04-17 10:51:21.236107   984  1089 W ASH     : @ 34210.912: touch gesture: no valid gesture detected
04-17 10:51:21.300803   984  1089 W ASH     : @ 34210.976: touch gesture: no valid gesture detected
04-17 10:51:21.365207   984  1089 W ASH     : @ 34211.041: touch gesture: no valid gesture detected
04-17 10:51:21.429631   984  1089 W ASH     : @ 34211.105: touch gesture: no valid gesture detected
04-17 10:51:21.494109   984  1089 W ASH     : @ 34211.169: touch gesture: no valid gesture detected
04-17 10:51:21.558526   984  1089 W ASH     : @ 34211.234: touch gesture: no valid gesture detected
04-17 10:51:21.622973   984  1089 W ASH     : @ 34211.298: touch gesture: no valid gesture detected
04-17 10:51:21.687211   984  1089 W ASH     : @ 34211.363: touch gesture: no valid gesture detected
04-17 10:51:21.751666   984  1089 W ASH     : @ 34211.427: touch gesture: no valid gesture detected
04-17 10:51:21.814907   984  1089 W ASH     : @ 34211.491: touch gesture: no valid gesture detected
04-17 10:51:21.880812   984  1089 W ASH     : @ 34211.556: touch gesture: no valid gesture detected
04-17 10:51:21.945068   984  1089 W ASH     : @ 34211.620: touch gesture: no valid gesture detected
04-17 10:51:22.009375   984  1089 W ASH     : @ 34211.685: touch gesture: no valid gesture detected
04-17 10:51:22.073577   984  1089 W ASH     : @ 34211.749: touch gesture: no valid gesture detected
04-17 10:51:22.138400   984  1089 W ASH     : @ 34211.813: touch gesture: no valid gesture detected
04-17 10:51:22.202902   984  1089 W ASH     : @ 34211.878: touch gesture: no valid gesture detected
04-17 10:51:22.266939   984  1089 W ASH     : @ 34211.942: touch gesture: no valid gesture detected
04-17 10:51:22.331362   984  1089 W ASH     : @ 34212.007: touch gesture: no valid gesture detected
04-17 10:51:22.395925   984  1089 W ASH     : @ 34212.071: touch gesture: no valid gesture detected
04-17 10:51:22.459990   984  1089 W ASH     : @ 34212.135: touch gesture: no valid gesture detected
04-17 10:51:22.524675   984  1089 W ASH     : @ 34212.200: touch gesture: no valid gesture detected
04-17 10:51:22.589183   984  1089 W ASH     : @ 34212.264: touch gesture: no valid gesture detected
04-17 10:51:22.653538   984  1089 W ASH     : @ 34212.329: touch gesture: no valid gesture detected
04-17 10:51:22.717693   984  1089 W ASH     : @ 34212.393: touch gesture: no valid gesture detected
04-17 10:51:22.782122   984  1089 W ASH     : @ 34212.457: touch gesture: no valid gesture detected
04-17 10:51:22.846601   984  1089 W ASH     : @ 34212.522: touch gesture: no valid gesture detected
04-17 10:51:22.911012   984  1089 W ASH     : @ 34212.586: touch gesture: no valid gesture detected
04-17 10:51:22.974922   984  1089 W ASH     : @ 34212.650: touch gesture: no valid gesture detected
04-17 10:51:23.039481   984  1089 W ASH     : @ 34212.715: touch gesture: no valid gesture detected
04-17 10:51:23.104146   984  1089 W ASH     : @ 34212.779: touch gesture: no valid gesture detected
04-17 10:51:23.168372   984  1089 W ASH     : @ 34212.844: touch gesture: no valid gesture detected
04-17 10:51:23.232679   984  1089 W ASH     : @ 34212.908: touch gesture: no valid gesture detected
04-17 10:51:23.297174   984  1089 W ASH     : @ 34212.972: touch gesture: no valid gesture detected
04-17 10:51:23.359498   984  1089 W ASH     : @ 34213.037: touch gesture: no valid gesture detected
--------- switch to kernel
04-17 10:51:23.385172     0     0 I         : c3    960 msm_geni_serial 894000.qcom,qup_uart: msm_geni_serial_set_termios: Start
04-17 10:51:23.385911     0     0 I         : c3    960 msm_geni_serial 894000.qcom,qup_uart: msm_geni_serial_set_termios: geni_se_clk_freq_match
04-17 10:51:23.386013     0     0 I         : c3    960 msm_geni_serial 894000.qcom,qup_uart: msm_geni_serial_set_termios: check parity
04-17 10:51:23.386030     0     0 I         : c3    960 msm_geni_serial 894000.qcom,qup_uart: msm_geni_serial_set_termios: geni_serial_write_term_regs
04-17 10:51:23.386068     0     0 I         : c3    960 msm_geni_serial 894000.qcom,qup_uart: msm_geni_serial_set_termios: End
04-17 10:51:23.386630     0     0 I         : c3    960 msm_geni_serial 894000.qcom,qup_uart: msm_geni_serial_set_termios: Start
--------- switch to main
04-17 10:51:23.388199   960   960 D vendor.qti.bluetooth@1.0-uart_transport: SocRxDWakeup: Flow off->Change UART baudrate to 38.4kbs->send 0x00->Change UART baudrate to max->Flow on
04-17 10:51:23.388361   960   960 I vendor.qti.bluetooth@1.0-uart_transport: ## userial_vendor_ioctl: UART Flow Off 
04-17 10:51:23.389866   960   960 I vendor.qti.bluetooth@1.0-uart_transport: ## userial_vendor_set_baud: 17
--------- switch to radio
04-17 10:51:23.391779  3483  3483 D RILJ    : [0430]> GET_ACTIVITY_INFO [PHONE0]
04-17 10:51:23.398254  3483  3515 D RILJ    : [0430]< GET_ACTIVITY_INFO ModemActivityInfo{ mTimestamp=34200235 mSleepTimeMs=1698941 mIdleTimeMs=10158 mTxTimeMs[]=[0, 0, 0, 0, 0] mRxTimeMs=90901} [PHONE0]
--------- switch to main
04-17 10:51:23.399437   960   960 I vendor.qti.bluetooth@1.0-uart_transport: SetBaudRate: in BOTHER
04-17 10:51:23.399518   960   960 I vendor.qti.bluetooth@1.0-uart_transport: ## userial_vendor_ioctl: UART Flow On 
04-17 10:51:23.400104   960  3561 I vendor.qti.bluetooth@1.0-ibs_handler: ProcessIbsCmd: Received IBS_WAKE_ACK: 0xFC
04-17 10:51:23.400314   960  3561 I vendor.qti.bluetooth@1.0-ibs_handler: ProcessIbsCmd: Signal wack_cond_
04-17 10:51:23.400430   960   960 D vendor.qti.bluetooth@1.0-ibs_handler: DeviceWakeUp: Unblocked from waiting for FC
04-17 10:51:23.400576   960  3561 D vendor.qti.bluetooth@1.0-ibs_handler: ProcessIbsCmd: TX SM is awake already, stop wack timer if running
04-17 10:51:23.400624  2612  4344 D TelephonyManager: requestModemActivityInfo: Sending result to app: ModemActivityInfo{ mTimestamp=34200235 mSleepTimeMs=32274680 mIdleTimeMs=213233 mTxTimeMs[]=[0, 0, 0, 0, 0] mRxTimeMs=1701869}
--------- switch to kernel
04-17 10:51:23.395785     0     0 I         : c1    960 msm_geni_serial 894000.qcom,qup_uart: msm_geni_serial_set_termios: geni_se_clk_freq_match
04-17 10:51:23.396003     0     0 I         : c1    960 msm_geni_serial 894000.qcom,qup_uart: msm_geni_serial_set_termios: check parity
04-17 10:51:23.396024     0     0 I         : c1    960 msm_geni_serial 894000.qcom,qup_uart: msm_geni_serial_set_termios: geni_serial_write_term_regs
04-17 10:51:23.396070     0     0 I         : c1    960 msm_geni_serial 894000.qcom,qup_uart: msm_geni_serial_set_termios: End
--------- switch to main
04-17 10:51:23.424121   984  1089 W ASH     : @ 34213.101: touch gesture: no valid gesture detected
04-17 10:51:23.488017   984  1089 W ASH     : @ 34213.165: touch gesture: no valid gesture detected
--------- switch to events
04-17 10:51:23.515122  2612  2694 I commit_sys_config_file: [batterystats,20]
04-17 10:51:23.518109  2612  2694 I commit_sys_config_file: [batterystats,3]
--------- switch to main
04-17 10:51:23.554337   984  1089 W ASH     : @ 34213.230: touch gesture: no valid gesture detected
04-17 10:51:23.618747   984  1089 W ASH     : @ 34213.294: touch gesture: no valid gesture detected
04-17 10:51:23.682942   984  1089 W ASH     : @ 34213.359: touch gesture: no valid gesture detected
04-17 10:51:23.747614   984  1089 W ASH     : @ 34213.423: touch gesture: no valid gesture detected
04-17 10:51:23.811689   984  1089 W ASH     : @ 34213.487: touch gesture: no valid gesture detected
04-17 10:51:23.876325   984  1089 W ASH     : @ 34213.552: touch gesture: no valid gesture detected
04-17 10:51:23.940365   984  1089 W ASH     : @ 34213.616: touch gesture: no valid gesture detected
04-17 10:51:24.004997   984  1089 W ASH     : @ 34213.680: touch gesture: no valid gesture detected
04-17 10:51:24.069631   984  1089 W ASH     : @ 34213.745: touch gesture: no valid gesture detected
04-17 10:51:24.133741   984  1089 W ASH     : @ 34213.809: touch gesture: no valid gesture detected
04-17 10:51:24.198033   984  1089 W ASH     : @ 34213.873: touch gesture: no valid gesture detected
04-17 10:51:24.262518   984  1089 W ASH     : @ 34213.938: touch gesture: no valid gesture detected
04-17 10:51:24.326912   984  1089 W ASH     : @ 34214.002: touch gesture: no valid gesture detected
04-17 10:51:24.390059   984  1089 W ASH     : @ 34214.067: touch gesture: no valid gesture detected
04-17 10:51:24.455502   984  1089 W ASH     : @ 34214.131: touch gesture: no valid gesture detected
04-17 10:51:24.520282   984  1089 W ASH     : @ 34214.196: touch gesture: no valid gesture detected
04-17 10:51:24.584812   984  1089 W ASH     : @ 34214.260: touch gesture: no valid gesture detected
04-17 10:51:24.648983   984  1089 W ASH     : @ 34214.325: touch gesture: no valid gesture detected
04-17 10:51:24.713649   984  1089 W ASH     : @ 34214.389: touch gesture: no valid gesture detected
04-17 10:51:24.777887   984  1089 W ASH     : @ 34214.453: touch gesture: no valid gesture detected
04-17 10:51:24.842529   984  1089 W ASH     : @ 34214.518: touch gesture: no valid gesture detected
04-17 10:51:24.906690   984  1089 W ASH     : @ 34214.582: touch gesture: no valid gesture detected
04-17 10:51:24.971481   984  1089 W ASH     : @ 34214.647: touch gesture: no valid gesture detected
04-17 10:51:25.036205   984  1089 W ASH     : @ 34214.711: touch gesture: no valid gesture detected
04-17 10:51:25.100657   984  1089 W ASH     : @ 34214.776: touch gesture: no valid gesture detected
04-17 10:51:25.165194   984  1089 W ASH     : @ 34214.840: touch gesture: no valid gesture detected
04-17 10:51:25.229570   984  1089 W ASH     : @ 34214.905: touch gesture: no valid gesture detected
04-17 10:51:25.293276   984  1089 W ASH     : @ 34214.969: touch gesture: no valid gesture detected
04-17 10:51:25.357994   984  1089 W ASH     : @ 34215.034: touch gesture: no valid gesture detected
04-17 10:51:25.422581   984  1089 W ASH     : @ 34215.098: touch gesture: no valid gesture detected
04-17 10:51:25.486891   984  1089 W ASH     : @ 34215.162: touch gesture: no valid gesture detected
04-17 10:51:25.551110   984  1089 W ASH     : @ 34215.227: touch gesture: no valid gesture detected
04-17 10:51:25.615668   984  1089 W ASH     : @ 34215.291: touch gesture: no valid gesture detected
04-17 10:51:25.679812   984  1089 W ASH     : @ 34215.355: touch gesture: no valid gesture detected
04-17 10:51:25.744574   984  1089 W ASH     : @ 34215.420: touch gesture: no valid gesture detected
04-17 10:51:25.808620   984  1089 W ASH     : @ 34215.484: touch gesture: no valid gesture detected
04-17 10:51:25.873318   984  1089 W ASH     : @ 34215.549: touch gesture: no valid gesture detected
04-17 10:51:25.936580   984  1089 W ASH     : @ 34215.613: touch gesture: no valid gesture detected
04-17 10:51:26.002002   984  1089 W ASH     : @ 34215.678: touch gesture: no valid gesture detected
04-17 10:51:26.066504   984  1089 W ASH     : @ 34215.742: touch gesture: no valid gesture detected
04-17 10:51:26.130934   984  1089 W ASH     : @ 34215.806: touch gesture: no valid gesture detected
04-17 10:51:26.195300   984  1089 W ASH     : @ 34215.871: touch gesture: no valid gesture detected
04-17 10:51:26.259616   984  1089 W ASH     : @ 34215.935: touch gesture: no valid gesture detected
04-17 10:51:26.324241   984  1089 W ASH     : @ 34216.000: touch gesture: no valid gesture detected
04-17 10:51:26.388551   984  1089 W ASH     : @ 34216.064: touch gesture: no valid gesture detected
04-17 10:51:26.452954   984  1089 W ASH     : @ 34216.128: touch gesture: no valid gesture detected
04-17 10:51:26.517610   984  1089 W ASH     : @ 34216.193: touch gesture: no valid gesture detected
04-17 10:51:26.581493   984  1089 W ASH     : @ 34216.257: touch gesture: no valid gesture detected
04-17 10:51:26.646205   984  1089 W ASH     : @ 34216.322: touch gesture: no valid gesture detected
04-17 10:51:26.710248   984  1089 W ASH     : @ 34216.386: touch gesture: no valid gesture detected
04-17 10:51:26.774594   984  1089 W ASH     : @ 34216.450: touch gesture: no valid gesture detected
04-17 10:51:26.839210   984  1089 W ASH     : @ 34216.515: touch gesture: no valid gesture detected
04-17 10:51:26.903870   984  1089 W ASH     : @ 34216.579: touch gesture: no valid gesture detected
04-17 10:51:26.966970   984  1089 W ASH     : @ 34216.643: touch gesture: no valid gesture detected
04-17 10:51:27.032315   984  1089 W ASH     : @ 34216.708: touch gesture: no valid gesture detected
04-17 10:51:27.096847   984  1089 W ASH     : @ 34216.772: touch gesture: no valid gesture detected
04-17 10:51:27.160533   984  1089 W ASH     : @ 34216.836: touch gesture: no valid gesture detected
04-17 10:51:27.225323   984  1089 W ASH     : @ 34216.901: touch gesture: no valid gesture detected
04-17 10:51:27.289828   984  1089 W ASH     : @ 34216.965: touch gesture: no valid gesture detected
04-17 10:51:27.354138   984  1089 W ASH     : @ 34217.030: touch gesture: no valid gesture detected
04-17 10:51:27.418752   984  1089 W ASH     : @ 34217.094: touch gesture: no valid gesture detected
04-17 10:51:27.482789   984  1089 W ASH     : @ 34217.158: touch gesture: no valid gesture detected
04-17 10:51:27.547366   984  1089 W ASH     : @ 34217.223: touch gesture: no valid gesture detected
04-17 10:51:27.611792   984  1089 W ASH     : @ 34217.287: touch gesture: no valid gesture detected
04-17 10:51:27.676348   984  1089 W ASH     : @ 34217.352: touch gesture: no valid gesture detected
04-17 10:51:27.740781   984  1089 W ASH     : @ 34217.416: touch gesture: no valid gesture detected
04-17 10:51:27.805223   984  1089 W ASH     : @ 34217.480: touch gesture: no valid gesture detected
04-17 10:51:27.869521   984  1089 W ASH     : @ 34217.545: touch gesture: no valid gesture detected
04-17 10:51:27.934189   984  1089 W ASH     : @ 34217.609: touch gesture: no valid gesture detected
04-17 10:51:27.998213   984  1089 W ASH     : @ 34217.674: touch gesture: no valid gesture detected
04-17 10:51:28.062711   984  1089 W ASH     : @ 34217.738: touch gesture: no valid gesture detected
04-17 10:51:28.126229   984  1089 W ASH     : @ 34217.803: touch gesture: no valid gesture detected
04-17 10:51:28.191762   984  1089 W ASH     : @ 34217.867: touch gesture: no valid gesture detected
04-17 10:51:28.256310   984  1089 W ASH     : @ 34217.931: touch gesture: no valid gesture detected
04-17 10:51:28.320507   984  1089 W ASH     : @ 34217.996: touch gesture: no valid gesture detected
04-17 10:51:28.384935   984  1089 W ASH     : @ 34218.060: touch gesture: no valid gesture detected
04-17 10:51:28.449618   984  1089 W ASH     : @ 34218.125: touch gesture: no valid gesture detected
04-17 10:51:28.514009   984  1089 W ASH     : @ 34218.189: touch gesture: no valid gesture detected
04-17 10:51:28.578491   984  1089 W ASH     : @ 34218.254: touch gesture: no valid gesture detected
04-17 10:51:28.642928   984  1089 W ASH     : @ 34218.318: touch gesture: no valid gesture detected
04-17 10:51:28.707219   984  1089 W ASH     : @ 34218.383: touch gesture: no valid gesture detected
04-17 10:51:28.771800   984  1089 W ASH     : @ 34218.447: touch gesture: no valid gesture detected
04-17 10:51:28.836427   984  1089 W ASH     : @ 34218.512: touch gesture: no valid gesture detected
04-17 10:51:28.900972   984  1089 W ASH     : @ 34218.576: touch gesture: no valid gesture detected
04-17 10:51:28.965328   984  1089 W ASH     : @ 34218.641: touch gesture: no valid gesture detected
04-17 10:51:29.029898   984  1089 W ASH     : @ 34218.705: touch gesture: no valid gesture detected
04-17 10:51:29.093908   984  1089 W ASH     : @ 34218.769: touch gesture: no valid gesture detected
04-17 10:51:29.158453   984  1089 W ASH     : @ 34218.834: touch gesture: no valid gesture detected
04-17 10:51:29.223447   984  1089 W ASH     : @ 34218.898: touch gesture: no valid gesture detected
04-17 10:51:29.287435   984  1089 W ASH     : @ 34218.963: touch gesture: no valid gesture detected
04-17 10:51:29.351938   984  1089 W ASH     : @ 34219.027: touch gesture: no valid gesture detected
04-17 10:51:29.416756   984  1089 W ASH     : @ 34219.092: touch gesture: no valid gesture detected
04-17 10:51:29.480808   984  1089 W ASH     : @ 34219.156: touch gesture: no valid gesture detected
04-17 10:51:29.545108   984  1089 W ASH     : @ 34219.221: touch gesture: no valid gesture detected
04-17 10:51:29.609554   984  1089 W ASH     : @ 34219.285: touch gesture: no valid gesture detected
04-17 10:51:29.674071   984  1089 W ASH     : @ 34219.349: touch gesture: no valid gesture detected
04-17 10:51:29.738780   984  1089 W ASH     : @ 34219.414: touch gesture: no valid gesture detected
04-17 10:51:29.802795   984  1089 W ASH     : @ 34219.478: touch gesture: no valid gesture detected
04-17 10:51:29.867477   984  1089 W ASH     : @ 34219.543: touch gesture: no valid gesture detected
04-17 10:51:29.931723   984  1089 W ASH     : @ 34219.607: touch gesture: no valid gesture detected
04-17 10:51:29.996311   984  1089 W ASH     : @ 34219.671: touch gesture: no valid gesture detected
04-17 10:51:30.060342   984  1089 W ASH     : @ 34219.736: touch gesture: no valid gesture detected
04-17 10:51:30.124785   984  1089 W ASH     : @ 34219.800: touch gesture: no valid gesture detected
04-17 10:51:30.189418   984  1089 W ASH     : @ 34219.865: touch gesture: no valid gesture detected
04-17 10:51:30.253778   984  1089 W ASH     : @ 34219.929: touch gesture: no valid gesture detected
04-17 10:51:30.317962   984  1089 W ASH     : @ 34219.993: touch gesture: no valid gesture detected
04-17 10:51:30.382530   984  1089 W ASH     : @ 34220.058: touch gesture: no valid gesture detected
04-17 10:51:30.446739   984  1089 W ASH     : @ 34220.122: touch gesture: no valid gesture detected
04-17 10:51:30.511088   984  1089 W ASH     : @ 34220.186: touch gesture: no valid gesture detected
04-17 10:51:30.575342   984  1089 W ASH     : @ 34220.251: touch gesture: no valid gesture detected
04-17 10:51:30.640016   984  1089 W ASH     : @ 34220.315: touch gesture: no valid gesture detected
04-17 10:51:30.704066   984  1089 W ASH     : @ 34220.379: touch gesture: no valid gesture detected
04-17 10:51:30.768407   984  1089 W ASH     : @ 34220.444: touch gesture: no valid gesture detected
04-17 10:51:30.832839   984  1089 W ASH     : @ 34220.508: touch gesture: no valid gesture detected
04-17 10:51:30.896886   984  1089 W ASH     : @ 34220.573: touch gesture: no valid gesture detected
04-17 10:51:30.937225   973   973 I android.hardware.health@2.1-service: Recording a sample at time 34207
--------- switch to kernel
04-17 10:51:30.938185     0     0 W         : c3    973 healthd: battery l=100 v=4405 t=22.7 h=2 st=5 c=4882 fc=3349000 cc=353 chg=u
--------- switch to main
04-17 10:51:30.959555   984  1089 W ASH     : @ 34220.637: touch gesture: no valid gesture detected
04-17 10:51:31.025978   984  1089 W ASH     : @ 34220.701: touch gesture: no valid gesture detected
04-17 10:51:31.090430   984  1089 W ASH     : @ 34220.766: touch gesture: no valid gesture detected
04-17 10:51:31.154834   984  1089 W ASH     : @ 34220.830: touch gesture: no valid gesture detected
04-17 10:51:31.217834   984  1089 W ASH     : @ 34220.894: touch gesture: no valid gesture detected
04-17 10:51:31.283466   984  1089 W ASH     : @ 34220.959: touch gesture: no valid gesture detected
04-17 10:51:31.347897   984  1089 W ASH     : @ 34221.023: touch gesture: no valid gesture detected
04-17 10:51:31.412054   984  1089 W ASH     : @ 34221.088: touch gesture: no valid gesture detected
04-17 10:51:31.476918   984  1089 W ASH     : @ 34221.152: touch gesture: no valid gesture detected
04-17 10:51:31.532132   990  1023 D rlsservice: MonitorDisplayStatus client num 0, display status 0, sensor status 0
04-17 10:51:31.539554   984  1089 W ASH     : @ 34221.216: touch gesture: no valid gesture detected
04-17 10:51:31.605581   984  1089 W ASH     : @ 34221.281: touch gesture: no valid gesture detected
04-17 10:51:31.670085   984  1089 W ASH     : @ 34221.345: touch gesture: no valid gesture detected
04-17 10:51:31.734096   984  1089 W ASH     : @ 34221.410: touch gesture: no valid gesture detected
04-17 10:51:31.798705   984  1089 W ASH     : @ 34221.474: touch gesture: no valid gesture detected
04-17 10:51:31.863609   984  1089 W ASH     : @ 34221.538: touch gesture: no valid gesture detected
04-17 10:51:31.927136   984  1089 W ASH     : @ 34221.603: touch gesture: no valid gesture detected
04-17 10:51:31.991413   984  1089 W ASH     : @ 34221.667: touch gesture: no valid gesture detected
04-17 10:51:32.055958   984  1089 W ASH     : @ 34221.731: touch gesture: no valid gesture detected
04-17 10:51:32.120417   984  1089 W ASH     : @ 34221.796: touch gesture: no valid gesture detected
04-17 10:51:32.184909   984  1089 W ASH     : @ 34221.860: touch gesture: no valid gesture detected
04-17 10:51:32.249404   984  1089 W ASH     : @ 34221.924: touch gesture: no valid gesture detected
04-17 10:51:32.313353   984  1089 W ASH     : @ 34221.989: touch gesture: no valid gesture detected
04-17 10:51:32.377828   984  1089 W ASH     : @ 34222.053: touch gesture: no valid gesture detected
04-17 10:51:32.442820   984  1089 W ASH     : @ 34222.118: touch gesture: no valid gesture detected
04-17 10:51:32.506588   984  1089 W ASH     : @ 34222.182: touch gesture: no valid gesture detected
04-17 10:51:32.571398   984  1089 W ASH     : @ 34222.246: touch gesture: no valid gesture detected
04-17 10:51:32.635079   984  1089 W ASH     : @ 34222.311: touch gesture: no valid gesture detected
04-17 10:51:32.699814   984  1089 W ASH     : @ 34222.375: touch gesture: no valid gesture detected
04-17 10:51:32.764240   984  1089 W ASH     : @ 34222.440: touch gesture: no valid gesture detected
04-17 10:51:32.829337   984  1089 W ASH     : @ 34222.504: touch gesture: no valid gesture detected
04-17 10:51:32.893476   984  1089 W ASH     : @ 34222.568: touch gesture: no valid gesture detected
04-17 10:51:32.957965   984  1089 W ASH     : @ 34222.633: touch gesture: no valid gesture detected
04-17 10:51:33.021917   984  1089 W ASH     : @ 34222.697: touch gesture: no valid gesture detected
04-17 10:51:33.086770   984  1089 W ASH     : @ 34222.762: touch gesture: no valid gesture detected
04-17 10:51:33.150692   984  1089 W ASH     : @ 34222.826: touch gesture: no valid gesture detected
04-17 10:51:33.215515   984  1089 W ASH     : @ 34222.890: touch gesture: no valid gesture detected
04-17 10:51:33.279494   984  1089 W ASH     : @ 34222.955: touch gesture: no valid gesture detected
04-17 10:51:33.343898   984  1089 W ASH     : @ 34223.019: touch gesture: no valid gesture detected
04-17 10:51:33.408461   984  1089 W ASH     : @ 34223.084: touch gesture: no valid gesture detected
04-17 10:51:33.472671   984  1089 W ASH     : @ 34223.148: touch gesture: no valid gesture detected
04-17 10:51:33.537203   984  1089 W ASH     : @ 34223.213: touch gesture: no valid gesture detected
04-17 10:51:33.601702   984  1089 W ASH     : @ 34223.277: touch gesture: no valid gesture detected
04-17 10:51:33.666326   984  1089 W ASH     : @ 34223.341: touch gesture: no valid gesture detected
04-17 10:51:33.730563   984  1089 W ASH     : @ 34223.406: touch gesture: no valid gesture detected
04-17 10:51:33.794704   984  1089 W ASH     : @ 34223.470: touch gesture: no valid gesture detected
04-17 10:51:33.859492   984  1089 W ASH     : @ 34223.535: touch gesture: no valid gesture detected
04-17 10:51:33.923714   984  1089 W ASH     : @ 34223.599: touch gesture: no valid gesture detected
04-17 10:51:33.987809   984  1089 W ASH     : @ 34223.664: touch gesture: no valid gesture detected
04-17 10:51:34.052658   984  1089 W ASH     : @ 34223.728: touch gesture: no valid gesture detected
04-17 10:51:34.116784   984  1089 W ASH     : @ 34223.792: touch gesture: no valid gesture detected
04-17 10:51:34.181526   984  1089 W ASH     : @ 34223.857: touch gesture: no valid gesture detected
04-17 10:51:34.246110   984  1089 W ASH     : @ 34223.921: touch gesture: no valid gesture detected
04-17 10:51:34.309388   984  1089 W ASH     : @ 34223.986: touch gesture: no valid gesture detected
04-17 10:51:34.374584   984  1089 W ASH     : @ 34224.050: touch gesture: no valid gesture detected
04-17 10:51:34.439412   984  1089 W ASH     : @ 34224.115: touch gesture: no valid gesture detected
04-17 10:51:34.503736   984  1089 W ASH     : @ 34224.179: touch gesture: no valid gesture detected
04-17 10:51:34.568028   984  1089 W ASH     : @ 34224.243: touch gesture: no valid gesture detected
04-17 10:51:34.632614   984  1089 W ASH     : @ 34224.308: touch gesture: no valid gesture detected
04-17 10:51:34.696761   984  1089 W ASH     : @ 34224.372: touch gesture: no valid gesture detected
04-17 10:51:34.761234   984  1089 W ASH     : @ 34224.437: touch gesture: no valid gesture detected
04-17 10:51:34.825621   984  1089 W ASH     : @ 34224.501: touch gesture: no valid gesture detected
04-17 10:51:34.890239   984  1089 W ASH     : @ 34224.565: touch gesture: no valid gesture detected
04-17 10:51:34.955066   984  1089 W ASH     : @ 34224.630: touch gesture: no valid gesture detected
04-17 10:51:35.019222   984  1089 W ASH     : @ 34224.694: touch gesture: no valid gesture detected
04-17 10:51:35.083271   984  1089 W ASH     : @ 34224.759: touch gesture: no valid gesture detected
04-17 10:51:35.147701   984  1089 W ASH     : @ 34224.823: touch gesture: no valid gesture detected
04-17 10:51:35.212561   984  1089 W ASH     : @ 34224.887: touch gesture: no valid gesture detected
04-17 10:51:35.276890   984  1089 W ASH     : @ 34224.952: touch gesture: no valid gesture detected
04-17 10:51:35.340990   984  1089 W ASH     : @ 34225.016: touch gesture: no valid gesture detected
04-17 10:51:35.405173   984  1089 W ASH     : @ 34225.081: touch gesture: no valid gesture detected
04-17 10:51:35.469483   984  1089 W ASH     : @ 34225.145: touch gesture: no valid gesture detected
04-17 10:51:35.534031   984  1089 W ASH     : @ 34225.209: touch gesture: no valid gesture detected
04-17 10:51:35.598603   984  1089 W ASH     : @ 34225.274: touch gesture: no valid gesture detected
04-17 10:51:35.663143   984  1089 W ASH     : @ 34225.338: touch gesture: no valid gesture detected
04-17 10:51:35.727513   984  1089 W ASH     : @ 34225.403: touch gesture: no valid gesture detected
04-17 10:51:35.791648   984  1089 W ASH     : @ 34225.467: touch gesture: no valid gesture detected
04-17 10:51:35.856406   984  1089 W ASH     : @ 34225.532: touch gesture: no valid gesture detected
04-17 10:51:35.920317   984  1089 W ASH     : @ 34225.596: touch gesture: no valid gesture detected
04-17 10:51:35.985170   984  1089 W ASH     : @ 34225.661: touch gesture: no valid gesture detected
04-17 10:51:36.049527   984  1089 W ASH     : @ 34225.725: touch gesture: no valid gesture detected
04-17 10:51:36.113884   984  1089 W ASH     : @ 34225.789: touch gesture: no valid gesture detected
04-17 10:51:36.178332   984  1089 W ASH     : @ 34225.854: touch gesture: no valid gesture detected
04-17 10:51:36.242348   984  1089 W ASH     : @ 34225.918: touch gesture: no valid gesture detected
04-17 10:51:36.306974   984  1089 W ASH     : @ 34225.982: touch gesture: no valid gesture detected
04-17 10:51:36.371413   984  1089 W ASH     : @ 34226.047: touch gesture: no valid gesture detected
04-17 10:51:36.435911   984  1089 W ASH     : @ 34226.111: touch gesture: no valid gesture detected
04-17 10:51:36.499950   984  1089 W ASH     : @ 34226.175: touch gesture: no valid gesture detected
04-17 10:51:36.564547   984  1089 W ASH     : @ 34226.240: touch gesture: no valid gesture detected
04-17 10:51:36.628648   984  1089 W ASH     : @ 34226.304: touch gesture: no valid gesture detected
04-17 10:51:36.693353   984  1089 W ASH     : @ 34226.368: touch gesture: no valid gesture detected
04-17 10:51:36.757371   984  1089 W ASH     : @ 34226.433: touch gesture: no valid gesture detected
04-17 10:51:36.821839   984  1089 W ASH     : @ 34226.497: touch gesture: no valid gesture detected
04-17 10:51:36.886740   984  1089 W ASH     : @ 34226.562: touch gesture: no valid gesture detected
04-17 10:51:36.950958   984  1089 W ASH     : @ 34226.626: touch gesture: no valid gesture detected
04-17 10:51:37.015100   984  1089 W ASH     : @ 34226.690: touch gesture: no valid gesture detected
04-17 10:51:37.079352   984  1089 W ASH     : @ 34226.755: touch gesture: no valid gesture detected
04-17 10:51:37.143532   984  1089 W ASH     : @ 34226.819: touch gesture: no valid gesture detected
04-17 10:51:37.207793   984  1089 W ASH     : @ 34226.883: touch gesture: no valid gesture detected
04-17 10:51:37.272272   984  1089 W ASH     : @ 34226.948: touch gesture: no valid gesture detected
04-17 10:51:37.336624   984  1089 W ASH     : @ 34227.012: touch gesture: no valid gesture detected
04-17 10:51:37.401080   984  1089 W ASH     : @ 34227.076: touch gesture: no valid gesture detected
04-17 10:51:37.465415   984  1089 W ASH     : @ 34227.141: touch gesture: no valid gesture detected
04-17 10:51:37.529998   984  1089 W ASH     : @ 34227.205: touch gesture: no valid gesture detected
04-17 10:51:37.594355   984  1089 W ASH     : @ 34227.270: touch gesture: no valid gesture detected
04-17 10:51:37.658576   984  1089 W ASH     : @ 34227.334: touch gesture: no valid gesture detected
04-17 10:51:37.722955   984  1089 W ASH     : @ 34227.399: touch gesture: no valid gesture detected
04-17 10:51:37.787596   984  1089 W ASH     : @ 34227.463: touch gesture: no valid gesture detected
04-17 10:51:37.852020   984  1089 W ASH     : @ 34227.527: touch gesture: no valid gesture detected
04-17 10:51:37.916357   984  1089 W ASH     : @ 34227.592: touch gesture: no valid gesture detected
04-17 10:51:37.980784   984  1089 W ASH     : @ 34227.656: touch gesture: no valid gesture detected
04-17 10:51:38.044988   984  1089 W ASH     : @ 34227.721: touch gesture: no valid gesture detected
04-17 10:51:38.109395   984  1089 W ASH     : @ 34227.785: touch gesture: no valid gesture detected
04-17 10:51:38.173862   984  1089 W ASH     : @ 34227.849: touch gesture: no valid gesture detected
04-17 10:51:38.238228   984  1089 W ASH     : @ 34227.914: touch gesture: no valid gesture detected
04-17 10:51:38.302522   984  1089 W ASH     : @ 34227.978: touch gesture: no valid gesture detected
04-17 10:51:38.367229   984  1089 W ASH     : @ 34228.043: touch gesture: no valid gesture detected
04-17 10:51:38.431619   984  1089 W ASH     : @ 34228.107: touch gesture: no valid gesture detected
04-17 10:51:38.496173   984  1089 W ASH     : @ 34228.171: touch gesture: no valid gesture detected
04-17 10:51:38.560507   984  1089 W ASH     : @ 34228.236: touch gesture: no valid gesture detected
04-17 10:51:38.624715   984  1089 W ASH     : @ 34228.300: touch gesture: no valid gesture detected
04-17 10:51:38.689010   984  1089 W ASH     : @ 34228.365: touch gesture: no valid gesture detected
04-17 10:51:38.753737   984  1089 W ASH     : @ 34228.429: touch gesture: no valid gesture detected
04-17 10:51:38.818137   984  1089 W ASH     : @ 34228.493: touch gesture: no valid gesture detected
04-17 10:51:38.882653   984  1089 W ASH     : @ 34228.558: touch gesture: no valid gesture detected
04-17 10:51:38.946771   984  1089 W ASH     : @ 34228.622: touch gesture: no valid gesture detected
04-17 10:51:39.011704   984  1089 W ASH     : @ 34228.687: touch gesture: no valid gesture detected
04-17 10:51:39.076218   984  1089 W ASH     : @ 34228.751: touch gesture: no valid gesture detected
04-17 10:51:39.140404   984  1089 W ASH     : @ 34228.816: touch gesture: no valid gesture detected
04-17 10:51:39.204988   984  1089 W ASH     : @ 34228.880: touch gesture: no valid gesture detected
04-17 10:51:39.269910   984  1089 W ASH     : @ 34228.945: touch gesture: no valid gesture detected
04-17 10:51:39.334027   984  1089 W ASH     : @ 34229.009: touch gesture: no valid gesture detected
04-17 10:51:39.398046   984  1089 W ASH     : @ 34229.074: touch gesture: no valid gesture detected
04-17 10:51:39.462758   984  1089 W ASH     : @ 34229.138: touch gesture: no valid gesture detected
04-17 10:51:39.527641   984  1089 W ASH     : @ 34229.203: touch gesture: no valid gesture detected
04-17 10:51:39.590244   984  1089 W ASH     : @ 34229.267: touch gesture: no valid gesture detected
04-17 10:51:39.656315   984  1089 W ASH     : @ 34229.332: touch gesture: no valid gesture detected
04-17 10:51:39.720951   984  1089 W ASH     : @ 34229.396: touch gesture: no valid gesture detected
04-17 10:51:39.784916   984  1089 W ASH     : @ 34229.461: touch gesture: no valid gesture detected
04-17 10:51:39.849594   984  1089 W ASH     : @ 34229.525: touch gesture: no valid gesture detected
04-17 10:51:39.914247   984  1089 W ASH     : @ 34229.590: touch gesture: no valid gesture detected
04-17 10:51:39.978591   984  1089 W ASH     : @ 34229.654: touch gesture: no valid gesture detected
04-17 10:51:40.043095   984  1089 W ASH     : @ 34229.719: touch gesture: no valid gesture detected
04-17 10:51:40.106678   984  1089 W ASH     : @ 34229.783: touch gesture: no valid gesture detected
04-17 10:51:40.171934   984  1089 W ASH     : @ 34229.847: touch gesture: no valid gesture detected
04-17 10:51:40.236164   984  1089 W ASH     : @ 34229.912: touch gesture: no valid gesture detected
04-17 10:51:40.300437   984  1089 W ASH     : @ 34229.976: touch gesture: no valid gesture detected
04-17 10:51:40.364899   984  1089 W ASH     : @ 34230.041: touch gesture: no valid gesture detected
04-17 10:51:40.429416   984  1089 W ASH     : @ 34230.105: touch gesture: no valid gesture detected
04-17 10:51:40.493833   984  1089 W ASH     : @ 34230.169: touch gesture: no valid gesture detected
04-17 10:51:40.558435   984  1089 W ASH     : @ 34230.234: touch gesture: no valid gesture detected
04-17 10:51:40.622604   984  1089 W ASH     : @ 34230.298: touch gesture: no valid gesture detected
04-17 10:51:40.687037   984  1089 W ASH     : @ 34230.363: touch gesture: no valid gesture detected
04-17 10:51:40.751317   984  1089 W ASH     : @ 34230.427: touch gesture: no valid gesture detected
04-17 10:51:40.816109   984  1089 W ASH     : @ 34230.491: touch gesture: no valid gesture detected
04-17 10:51:40.880729   984  1089 W ASH     : @ 34230.556: touch gesture: no valid gesture detected
04-17 10:51:40.945204   984  1089 W ASH     : @ 34230.620: touch gesture: no valid gesture detected
04-17 10:51:41.009580   984  1089 W ASH     : @ 34230.685: touch gesture: no valid gesture detected
04-17 10:51:41.073824   984  1089 W ASH     : @ 34230.749: touch gesture: no valid gesture detected
04-17 10:51:41.138472   984  1089 W ASH     : @ 34230.814: touch gesture: no valid gesture detected
04-17 10:51:41.202660   984  1089 W ASH     : @ 34230.878: touch gesture: no valid gesture detected
04-17 10:51:41.267425   984  1089 W ASH     : @ 34230.943: touch gesture: no valid gesture detected
04-17 10:51:41.331637   984  1089 W ASH     : @ 34231.007: touch gesture: no valid gesture detected
04-17 10:51:41.396305   984  1089 W ASH     : @ 34231.072: touch gesture: no valid gesture detected
04-17 10:51:41.460724   984  1089 W ASH     : @ 34231.136: touch gesture: no valid gesture detected
04-17 10:51:41.524919   984  1089 W ASH     : @ 34231.200: touch gesture: no valid gesture detected
04-17 10:51:41.589611   984  1089 W ASH     : @ 34231.265: touch gesture: no valid gesture detected
04-17 10:51:41.654341   984  1089 W ASH     : @ 34231.329: touch gesture: no valid gesture detected
04-17 10:51:41.718779   984  1089 W ASH     : @ 34231.394: touch gesture: no valid gesture detected
04-17 10:51:41.783287   984  1089 W ASH     : @ 34231.458: touch gesture: no valid gesture detected
04-17 10:51:41.847213   984  1089 W ASH     : @ 34231.523: touch gesture: no valid gesture detected
04-17 10:51:41.911621   984  1089 W ASH     : @ 34231.587: touch gesture: no valid gesture detected
04-17 10:51:41.976466   984  1089 W ASH     : @ 34231.652: touch gesture: no valid gesture detected
04-17 10:51:42.041226   984  1089 W ASH     : @ 34231.716: touch gesture: no valid gesture detected
04-17 10:51:42.105465   984  1089 W ASH     : @ 34231.781: touch gesture: no valid gesture detected
04-17 10:51:42.169942   984  1089 W ASH     : @ 34231.845: touch gesture: no valid gesture detected
04-17 10:51:42.234017   984  1089 W ASH     : @ 34231.910: touch gesture: no valid gesture detected
04-17 10:51:42.298905   984  1089 W ASH     : @ 34231.974: touch gesture: no valid gesture detected
04-17 10:51:42.363196   984  1089 W ASH     : @ 34232.039: touch gesture: no valid gesture detected
04-17 10:51:42.428014   984  1089 W ASH     : @ 34232.103: touch gesture: no valid gesture detected
04-17 10:51:42.492186   984  1089 W ASH     : @ 34232.168: touch gesture: no valid gesture detected
04-17 10:51:42.556661   984  1089 W ASH     : @ 34232.232: touch gesture: no valid gesture detected
04-17 10:51:42.620979   984  1089 W ASH     : @ 34232.296: touch gesture: no valid gesture detected
04-17 10:51:42.685634   984  1089 W ASH     : @ 34232.361: touch gesture: no valid gesture detected
04-17 10:51:42.750118   984  1089 W ASH     : @ 34232.425: touch gesture: no valid gesture detected
04-17 10:51:42.814621   984  1089 W ASH     : @ 34232.490: touch gesture: no valid gesture detected
04-17 10:51:42.879263   984  1089 W ASH     : @ 34232.554: touch gesture: no valid gesture detected
04-17 10:51:42.943388   984  1089 W ASH     : @ 34232.619: touch gesture: no valid gesture detected
04-17 10:51:43.007676   984  1089 W ASH     : @ 34232.683: touch gesture: no valid gesture detected
04-17 10:51:43.072259   984  1089 W ASH     : @ 34232.748: touch gesture: no valid gesture detected
04-17 10:51:43.136682   984  1089 W ASH     : @ 34232.812: touch gesture: no valid gesture detected
04-17 10:51:43.200880   984  1089 W ASH     : @ 34232.876: touch gesture: no valid gesture detected
04-17 10:51:43.265459   984  1089 W ASH     : @ 34232.941: touch gesture: no valid gesture detected
04-17 10:51:43.330014   984  1089 W ASH     : @ 34233.005: touch gesture: no valid gesture detected
04-17 10:51:43.394439   984  1089 W ASH     : @ 34233.070: touch gesture: no valid gesture detected
04-17 10:51:43.459002   984  1089 W ASH     : @ 34233.134: touch gesture: no valid gesture detected
04-17 10:51:43.523406   984  1089 W ASH     : @ 34233.199: touch gesture: no valid gesture detected
04-17 10:51:43.587417   984  1089 W ASH     : @ 34233.263: touch gesture: no valid gesture detected
04-17 10:51:43.652213   984  1089 W ASH     : @ 34233.328: touch gesture: no valid gesture detected
04-17 10:51:43.716962   984  1089 W ASH     : @ 34233.392: touch gesture: no valid gesture detected
04-17 10:51:43.781379   984  1089 W ASH     : @ 34233.457: touch gesture: no valid gesture detected
04-17 10:51:43.845511   984  1089 W ASH     : @ 34233.521: touch gesture: no valid gesture detected
04-17 10:51:43.910050   984  1089 W ASH     : @ 34233.586: touch gesture: no valid gesture detected
04-17 10:51:43.974681   984  1089 W ASH     : @ 34233.650: touch gesture: no valid gesture detected
04-17 10:51:44.039478   984  1089 W ASH     : @ 34233.715: touch gesture: no valid gesture detected
04-17 10:51:44.103776   984  1089 W ASH     : @ 34233.779: touch gesture: no valid gesture detected
04-17 10:51:44.168698   984  1089 W ASH     : @ 34233.844: touch gesture: no valid gesture detected
04-17 10:51:44.232784   984  1089 W ASH     : @ 34233.908: touch gesture: no valid gesture detected
04-17 10:51:44.297124   984  1089 W ASH     : @ 34233.973: touch gesture: no valid gesture detected
04-17 10:51:44.361933   984  1089 W ASH     : @ 34234.037: touch gesture: no valid gesture detected
04-17 10:51:44.426813   984  1089 W ASH     : @ 34234.102: touch gesture: no valid gesture detected
04-17 10:51:44.490945   984  1089 W ASH     : @ 34234.166: touch gesture: no valid gesture detected
04-17 10:51:44.555110   984  1089 W ASH     : @ 34234.231: touch gesture: no valid gesture detected
04-17 10:51:44.578477  1364  1380 W xtra-daemon: onRequestXtraData:190] On Req XTRA data Xtrastate:1 retry:1 curReqSource:0 newreqSource:0xffff              isCon:0 isNonMetered:0 isGpsEnabled:1
04-17 10:51:44.581529  1364  1372 W xtra-daemon: onXtraDownloadResultInternal:361] XTRA download result status:4 starting timer for 300 sec mXtraRetryTimes:0 
04-17 10:51:44.619506   984  1089 W ASH     : @ 34234.295: touch gesture: no valid gesture detected
04-17 10:51:44.684406   984  1089 W ASH     : @ 34234.359: touch gesture: no valid gesture detected
04-17 10:51:44.748920   984  1089 W ASH     : @ 34234.424: touch gesture: no valid gesture detected
04-17 10:51:44.813019   984  1089 W ASH     : @ 34234.488: touch gesture: no valid gesture detected
04-17 10:51:44.877233   984  1089 W ASH     : @ 34234.553: touch gesture: no valid gesture detected
04-17 10:51:44.941441   984  1089 W ASH     : @ 34234.617: touch gesture: no valid gesture detected
04-17 10:51:45.006061   984  1089 W ASH     : @ 34234.682: touch gesture: no valid gesture detected
04-17 10:51:45.070670   984  1089 W ASH     : @ 34234.746: touch gesture: no valid gesture detected
04-17 10:51:45.135190   984  1089 W ASH     : @ 34234.810: touch gesture: no valid gesture detected
--------- switch to kernel
04-17 10:51:45.148765     0     0 I         : c2   5742 qcom_rpmh DRV:apps_rsc TCS Busy, retrying RPMH message send: addr=0x30000
--------- switch to main
04-17 10:51:45.199481   984  1089 W ASH     : @ 34234.875: touch gesture: no valid gesture detected
04-17 10:51:45.263686   984  1089 W ASH     : @ 34234.939: touch gesture: no valid gesture detected
04-17 10:51:45.328563   984  1089 W ASH     : @ 34235.004: touch gesture: no valid gesture detected
04-17 10:51:45.392659   984  1089 W ASH     : @ 34235.068: touch gesture: no valid gesture detected
04-17 10:51:45.457241   984  1089 W ASH     : @ 34235.133: touch gesture: no valid gesture detected
04-17 10:51:45.521427   984  1089 W ASH     : @ 34235.197: touch gesture: no valid gesture detected
04-17 10:51:45.585986   984  1089 W ASH     : @ 34235.261: touch gesture: no valid gesture detected
04-17 10:51:45.650562   984  1089 W ASH     : @ 34235.326: touch gesture: no valid gesture detected
04-17 10:51:45.715388   984  1089 W ASH     : @ 34235.390: touch gesture: no valid gesture detected
04-17 10:51:45.779610   984  1089 W ASH     : @ 34235.455: touch gesture: no valid gesture detected
04-17 10:51:45.843989   984  1089 W ASH     : @ 34235.519: touch gesture: no valid gesture detected
04-17 10:51:45.908498   984  1089 W ASH     : @ 34235.584: touch gesture: no valid gesture detected
04-17 10:51:45.972963   984  1089 W ASH     : @ 34235.648: touch gesture: no valid gesture detected
04-17 10:51:46.037296   984  1089 W ASH     : @ 34235.713: touch gesture: no valid gesture detected
04-17 10:51:46.101605   984  1089 W ASH     : @ 34235.777: touch gesture: no valid gesture detected
04-17 10:51:46.165945   984  1089 W ASH     : @ 34235.841: touch gesture: no valid gesture detected
04-17 10:51:46.230538   984  1089 W ASH     : @ 34235.906: touch gesture: no valid gesture detected
04-17 10:51:46.294985   984  1089 W ASH     : @ 34235.970: touch gesture: no valid gesture detected
04-17 10:51:46.359351   984  1089 W ASH     : @ 34236.035: touch gesture: no valid gesture detected
04-17 10:51:46.423451   984  1089 W ASH     : @ 34236.099: touch gesture: no valid gesture detected
04-17 10:51:46.488252   984  1089 W ASH     : @ 34236.164: touch gesture: no valid gesture detected
04-17 10:51:46.552620   984  1089 W ASH     : @ 34236.228: touch gesture: no valid gesture detected
04-17 10:51:46.616859   984  1089 W ASH     : @ 34236.292: touch gesture: no valid gesture detected
04-17 10:51:46.681273   984  1089 W ASH     : @ 34236.357: touch gesture: no valid gesture detected
04-17 10:51:46.745677   984  1089 W ASH     : @ 34236.421: touch gesture: no valid gesture detected
04-17 10:51:46.809994   984  1089 W ASH     : @ 34236.486: touch gesture: no valid gesture detected
04-17 10:51:46.874437   984  1089 W ASH     : @ 34236.550: touch gesture: no valid gesture detected
04-17 10:51:46.938948   984  1089 W ASH     : @ 34236.615: touch gesture: no valid gesture detected
04-17 10:51:47.003642   984  1089 W ASH     : @ 34236.679: touch gesture: no valid gesture detected
04-17 10:51:47.067850   984  1089 W ASH     : @ 34236.743: touch gesture: no valid gesture detected
04-17 10:51:47.132620   984  1089 W ASH     : @ 34236.808: touch gesture: no valid gesture detected
04-17 10:51:47.197206   984  1089 W ASH     : @ 34236.872: touch gesture: no valid gesture detected
04-17 10:51:47.261653   984  1089 W ASH     : @ 34236.937: touch gesture: no valid gesture detected
04-17 10:51:47.287398   960  3562 D vendor.qti.bluetooth@1.0-health-info: ReportHealthInfo:statistics:
04-17 10:51:47.287398   960  3562 D vendor.qti.bluetooth@1.0-health-info: ts <02:51:47:287272> rx_vote:0, tx_vote:0, wake_lock holding:0, maximum rx sleep-wake-interval:693sec, maximum tx packet-interval:693secWake_Req sent out:2, Wake_Req received:2Sleep_Ind sent out:2, Sleep_Ind received:2
