04-17 13:19:58.046826     0     0 I         : c2   5913 google_battery: MSC_DSG vbatt_idx:4->4 vbatt=4393541 ibatt=-5798 fv_uv=4430000 cv_cnt=0 ov_cnt=0
04-17 13:19:58.046892     0     0 I         : c2   5913 google_battery: MSC_VOTE msc_state=2 cv_cnt=0 ov_cnt=0 temp_idx:2, vbatt_idx:4  fv_uv=4430000 cc_max=0 update_interval=-1
04-17 13:19:58.046994     0     0 I         : c2   5913 google_charger: MSC_CHG fv_uv=4430000, cc_max=0, rerun in 2000 ms (0)
04-17 13:20:00.056347     0     0 I         : c2   5913 google_charger: usbchg=USB typec=C usbv=5040 usbc=0 usbMv=5000 usbMc=450
04-17 13:20:00.056537     0     0 I         : c2   5913 sm7250_bms: MSC_PCS chg_state=1c2112901030001 [0x1:1:3:4393:450] chg=u
04-17 13:20:00.056615     0     0 I         : c2   5913 google_battery: MSC_DIN chg_state=1c2112901030001 f=0x1 chg_s=Not Charging chg_t=None vchg=4393 icl=450
04-17 13:20:00.058101     0     0 I         : c2   5913 google_battery: MSC_DSG vbatt_idx:4->4 vbatt=4393541 ibatt=-5798 fv_uv=4430000 cv_cnt=0 ov_cnt=0
04-17 13:20:00.058184     0     0 I         : c2   5913 google_battery: MSC_VOTE msc_state=2 cv_cnt=0 ov_cnt=0 temp_idx:2, vbatt_idx:4  fv_uv=4430000 cc_max=0 update_interval=-1
04-17 13:20:00.058295     0     0 I         : c2   5913 google_charger: MSC_CHG fv_uv=4430000, cc_max=0, rerun in 2000 ms (0)
04-17 13:20:02.067591     0     0 I         : c2   5913 google_charger: usbchg=USB typec=C usbv=5036 usbc=1 usbMv=5000 usbMc=450
04-17 13:20:02.067786     0     0 I         : c2   5913 sm7250_bms: MSC_PCS chg_state=1c2112901030001 [0x1:1:3:4393:450] chg=u
04-17 13:20:02.067865     0     0 I         : c2   5913 google_battery: MSC_DIN chg_state=1c2112901030001 f=0x1 chg_s=Not Charging chg_t=None vchg=4393 icl=450
04-17 13:20:02.069638     0     0 I         : c2   5913 google_battery: MSC_DSG vbatt_idx:4->4 vbatt=4393541 ibatt=-5798 fv_uv=4430000 cv_cnt=0 ov_cnt=0
04-17 13:20:02.069705     0     0 I         : c2   5913 google_battery: MSC_VOTE msc_state=2 cv_cnt=0 ov_cnt=0 temp_idx:2, vbatt_idx:4  fv_uv=4430000 cc_max=0 update_interval=-1
04-17 13:20:02.069816     0     0 I         : c2   5913 google_charger: MSC_CHG fv_uv=4430000, cc_max=0, rerun in 2000 ms (0)
--------- switch to main
04-17 13:20:02.188490   990  1023 D rlsservice: MonitorDisplayStatus client num 0, display status 0, sensor status 0
--------- switch to kernel
04-17 13:20:03.709334     0     0 I         : c5   5827 qcom_rpmh DRV:apps_rsc TCS Busy, retrying RPMH message send: addr=0x30000
04-17 13:20:03.709402     0     0 I         : c5   5827 qcom_rpmh DRV:apps_rsc TCS Busy, retrying RPMH message send: addr=0x30000
04-17 13:20:04.075170     0     0 I         : c2   5913 google_charger: usbchg=USB typec=C usbv=5044 usbc=0 usbMv=5000 usbMc=450
04-17 13:20:04.075351     0     0 I         : c2   5913 sm7250_bms: MSC_PCS chg_state=1c2112901030001 [0x1:1:3:4393:450] chg=u
04-17 13:20:04.075410     0     0 I         : c2   5913 google_battery: MSC_DIN chg_state=1c2112901030001 f=0x1 chg_s=Not Charging chg_t=None vchg=4393 icl=450
04-17 13:20:04.076832     0     0 I         : c2   5913 google_battery: MSC_DSG vbatt_idx:4->4 vbatt=4393541 ibatt=-5798 fv_uv=4430000 cv_cnt=0 ov_cnt=0
04-17 13:20:04.076895     0     0 I         : c2   5913 google_battery: MSC_VOTE msc_state=2 cv_cnt=0 ov_cnt=0 temp_idx:2, vbatt_idx:4  fv_uv=4430000 cc_max=0 update_interval=-1
04-17 13:20:04.076976     0     0 I         : c2   5913 google_charger: MSC_CHG fv_uv=4430000, cc_max=0, rerun in 2000 ms (0)
04-17 13:20:06.085724     0     0 I         : c2   5913 google_charger: usbchg=USB typec=C usbv=5041 usbc=0 usbMv=5000 usbMc=450
04-17 13:20:06.085903     0     0 I         : c2   5913 sm7250_bms: MSC_PCS chg_state=1c2112901030001 [0x1:1:3:4393:450] chg=u
04-17 13:20:06.086091     0     0 I         : c2   5913 google_battery: MSC_DIN chg_state=1c2112901030001 f=0x1 chg_s=Not Charging chg_t=None vchg=4393 icl=450
04-17 13:20:06.087644     0     0 I         : c2   5913 google_battery: MSC_DSG vbatt_idx:4->4 vbatt=4393541 ibatt=-5798 fv_uv=4430000 cv_cnt=0 ov_cnt=0
04-17 13:20:06.087712     0     0 I         : c2   5913 google_battery: MSC_VOTE msc_state=2 cv_cnt=0 ov_cnt=0 temp_idx:2, vbatt_idx:4  fv_uv=4430000 cc_max=0 update_interval=-1
04-17 13:20:06.087810     0     0 I         : c2   5913 google_charger: MSC_CHG fv_uv=4430000, cc_max=0, rerun in 2000 ms (0)
04-17 13:20:08.096435     0     0 I         : c2   5913 google_charger: usbchg=USB typec=C usbv=5039 usbc=0 usbMv=5000 usbMc=450
04-17 13:20:08.096636     0     0 I         : c2   5913 sm7250_bms: MSC_PCS chg_state=1c2112901030001 [0x1:1:3:4393:450] chg=u
04-17 13:20:08.096721     0     0 I         : c2   5913 google_battery: MSC_DIN chg_state=1c2112901030001 f=0x1 chg_s=Not Charging chg_t=None vchg=4393 icl=450
04-17 13:20:08.098282     0     0 I         : c2   5913 google_battery: MSC_DSG vbatt_idx:4->4 vbatt=4393541 ibatt=-5798 fv_uv=4430000 cv_cnt=0 ov_cnt=0
04-17 13:20:08.098357     0     0 I         : c2   5913 google_battery: MSC_VOTE msc_state=2 cv_cnt=0 ov_cnt=0 temp_idx:2, vbatt_idx:4  fv_uv=4430000 cc_max=0 update_interval=-1
04-17 13:20:08.098462     0     0 I         : c2   5913 google_charger: MSC_CHG fv_uv=4430000, cc_max=0, rerun in 2000 ms (0)
04-17 13:20:10.105754     0     0 I         : c2   5913 google_charger: usbchg=USB typec=C usbv=5052 usbc=1 usbMv=5000 usbMc=450
04-17 13:20:10.105947     0     0 I         : c2   5913 sm7250_bms: MSC_PCS chg_state=1c2112901030001 [0x1:1:3:4393:450] chg=u
04-17 13:20:10.106025     0     0 I         : c2   5913 google_battery: MSC_DIN chg_state=1c2112901030001 f=0x1 chg_s=Not Charging chg_t=None vchg=4393 icl=450
04-17 13:20:10.107763     0     0 I         : c2   5913 google_battery: MSC_DSG vbatt_idx:4->4 vbatt=4393346 ibatt=-5493 fv_uv=4430000 cv_cnt=0 ov_cnt=0
04-17 13:20:10.107830     0     0 I         : c2   5913 google_battery: MSC_VOTE msc_state=2 cv_cnt=0 ov_cnt=0 temp_idx:2, vbatt_idx:4  fv_uv=4430000 cc_max=0 update_interval=-1
04-17 13:20:10.107937     0     0 I         : c2   5913 google_charger: MSC_CHG fv_uv=4430000, cc_max=0, rerun in 2000 ms (0)
04-17 13:20:12.115584     0     0 I         : c2   5913 google_charger: usbchg=USB typec=C usbv=5040 usbc=0 usbMv=5000 usbMc=450
04-17 13:20:12.115774     0     0 I         : c2   5913 sm7250_bms: MSC_PCS chg_state=1c2112901030001 [0x1:1:3:4393:450] chg=u
04-17 13:20:12.115850     0     0 I         : c2   5913 google_battery: MSC_DIN chg_state=1c2112901030001 f=0x1 chg_s=Not Charging chg_t=None vchg=4393 icl=450
04-17 13:20:12.117282     0     0 I         : c2   5913 google_battery: MSC_DSG vbatt_idx:4->4 vbatt=4393346 ibatt=-5493 fv_uv=4430000 cv_cnt=0 ov_cnt=0
04-17 13:20:12.117508     0     0 I         : c2   5913 google_battery: MSC_VOTE msc_state=2 cv_cnt=0 ov_cnt=0 temp_idx:2, vbatt_idx:4  fv_uv=4430000 cc_max=0 update_interval=-1
04-17 13:20:12.117608     0     0 I         : c2   5913 google_charger: MSC_CHG fv_uv=4430000, cc_max=0, rerun in 2000 ms (0)
04-17 13:20:14.126334     0     0 I         : c2   5913 google_charger: usbchg=USB typec=C usbv=5041 usbc=0 usbMv=5000 usbMc=450
04-17 13:20:14.126514     0     0 I         : c2   5913 sm7250_bms: MSC_PCS chg_state=1c2112901030001 [0x1:1:3:4393:450] chg=u
04-17 13:20:14.126586     0     0 I         : c2   5913 google_battery: MSC_DIN chg_state=1c2112901030001 f=0x1 chg_s=Not Charging chg_t=None vchg=4393 icl=450
04-17 13:20:14.128199     0     0 I         : c2   5913 google_battery: MSC_DSG vbatt_idx:4->4 vbatt=4393346 ibatt=-5493 fv_uv=4430000 cv_cnt=0 ov_cnt=0
04-17 13:20:14.128253     0     0 I         : c2   5913 google_battery: MSC_VOTE msc_state=2 cv_cnt=0 ov_cnt=0 temp_idx:2, vbatt_idx:4  fv_uv=4430000 cc_max=0 update_interval=-1
04-17 13:20:14.128338     0     0 I         : c2   5913 google_charger: MSC_CHG fv_uv=4430000, cc_max=0, rerun in 2000 ms (0)
04-17 13:20:16.137718     0     0 I         : c2   5913 google_charger: usbchg=USB typec=C usbv=5040 usbc=0 usbMv=5000 usbMc=450
04-17 13:20:16.137926     0     0 I         : c2   5913 sm7250_bms: MSC_PCS chg_state=1c2112901030001 [0x1:1:3:4393:450] chg=u
04-17 13:20:16.138012     0     0 I         : c2   5913 google_battery: MSC_DIN chg_state=1c2112901030001 f=0x1 chg_s=Not Charging chg_t=None vchg=4393 icl=450
04-17 13:20:16.139864     0     0 I         : c2   5913 google_battery: MSC_DSG vbatt_idx:4->4 vbatt=4393346 ibatt=-5493 fv_uv=4430000 cv_cnt=0 ov_cnt=0
04-17 13:20:16.139940     0     0 I         : c2   5913 google_battery: MSC_VOTE msc_state=2 cv_cnt=0 ov_cnt=0 temp_idx:2, vbatt_idx:4  fv_uv=4430000 cc_max=0 update_interval=-1
04-17 13:20:16.140061     0     0 I         : c2   5913 google_charger: MSC_CHG fv_uv=4430000, cc_max=0, rerun in 2000 ms (0)
04-17 13:20:18.148901     0     0 I         : c2   5913 google_charger: usbchg=USB typec=C usbv=5041 usbc=0 usbMv=5000 usbMc=450
04-17 13:20:18.149082     0     0 I         : c2   5913 sm7250_bms: MSC_PCS chg_state=1c2112901030001 [0x1:1:3:4393:450] chg=u
04-17 13:20:18.149154     0     0 I         : c2   5913 google_battery: MSC_DIN chg_state=1c2112901030001 f=0x1 chg_s=Not Charging chg_t=None vchg=4393 icl=450
04-17 13:20:18.150542     0     0 I         : c2   5913 google_battery: MSC_DSG vbatt_idx:4->4 vbatt=4393346 ibatt=-5493 fv_uv=4430000 cv_cnt=0 ov_cnt=0
04-17 13:20:18.150600     0     0 I         : c2   5913 google_battery: MSC_VOTE msc_state=2 cv_cnt=0 ov_cnt=0 temp_idx:2, vbatt_idx:4  fv_uv=4430000 cc_max=0 update_interval=-1
04-17 13:20:18.150976     0     0 I         : c2   5913 google_charger: MSC_CHG fv_uv=4430000, cc_max=0, rerun in 2000 ms (0)
04-17 13:20:19.069501     0     0 I         : c3   5827 qcom_rpmh DRV:apps_rsc TCS Busy, retrying RPMH message send: addr=0x30000
04-17 13:20:20.158621     0     0 I         : c2   5913 google_charger: usbchg=USB typec=C usbv=5042 usbc=0 usbMv=5000 usbMc=450
04-17 13:20:20.158810     0     0 I         : c2   5913 sm7250_bms: MSC_PCS chg_state=1c2112901030001 [0x1:1:3:4393:450] chg=u
04-17 13:20:20.158883     0     0 I         : c2   5913 google_battery: MSC_DIN chg_state=1c2112901030001 f=0x1 chg_s=Not Charging chg_t=None vchg=4393 icl=450
04-17 13:20:20.160309     0     0 I         : c2   5913 google_battery: MSC_DSG vbatt_idx:4->4 vbatt=4393346 ibatt=-5493 fv_uv=4430000 cv_cnt=0 ov_cnt=0
04-17 13:20:20.160369     0     0 I         : c2   5913 google_battery: MSC_VOTE msc_state=2 cv_cnt=0 ov_cnt=0 temp_idx:2, vbatt_idx:4  fv_uv=4430000 cc_max=0 update_interval=-1
04-17 13:20:20.160465     0     0 I         : c2   5913 google_charger: MSC_CHG fv_uv=4430000, cc_max=0, rerun in 2000 ms (0)
--------- switch to main
04-17 13:20:21.228632   984  1089 I ASH     : @ 43150.902: tcs3701: Recording lux = 11.545348 when prox NEAR
04-17 13:20:21.228816   984  1089 I ASH     : @ 43150.903: tcs3701: PROX sample: NEAR (0122), POFFSET: 0015, ORE: -1
04-17 13:20:21.229777   984  1089 D VSC     : @ 43150.906: [Proximity Gated Single Tap Gesture] Stop touch_gesture
04-17 13:20:21.229926   984  1089 I ASH     : @ 43150.906: touch gesture: [touch gesture] unsubscribed
04-17 13:20:21.230028   984  1089 E ASH     : @ 43150.906: touch gesture: updating gesture: double_tap [x], single_tap [x]
04-17 13:20:21.397081   984  1089 I ASH     : @ 43151.071: tcs3701: lux: 24.391489, set TH2 and skip a FAR event.
04-17 13:20:21.397293   984  1089 I ASH     : @ 43151.073: tcs3701: New TH: 80 0 200 0
04-17 13:20:21.466911   984  1089 I ASH     : @ 43151.141: tcs3701: PROX sample: FAR (0028), POFFSET: 0015, ORE: -1
04-17 13:20:21.468318   984  1089 D VSC     : @ 43151.144: [Proximity Gated Single Tap Gesture] Request touch_gesture, interval 18446744027136.0 ms, latency 0.0 ms
04-17 13:20:21.542006   984  1089 I ASH     : @ 43151.216: touch gesture: update charger mode: 0x02
04-17 13:20:21.593744   984  1089 E ASH     : @ 43151.268: touch gesture: updating gesture: double_tap [x], single_tap [v]
04-17 13:20:21.594098   984  1089 I ASH     : @ 43151.269: touch gesture: sttw params: max x/y 540 550, mi/max frame 2 26, tolerance 150, recess size 136
04-17 13:20:21.594223   984  1089 I ASH     : @ 43151.269: touch gesture: [touch gesture] subscribed
04-17 13:20:21.739495   984  1089 I ASH     : @ 43151.413: tcs3701: Recording lux = 11.545348 when prox NEAR
04-17 13:20:21.739705   984  1089 I ASH     : @ 43151.414: tcs3701: PROX sample: NEAR (00ff), POFFSET: 0015, ORE: -1
04-17 13:20:21.740507   984  1089 D VSC     : @ 43151.417: [Proximity Gated Single Tap Gesture] Stop touch_gesture
04-17 13:20:21.740687   984  1089 I ASH     : @ 43151.417: touch gesture: [touch gesture] unsubscribed
04-17 13:20:21.740804   984  1089 E ASH     : @ 43151.417: touch gesture: updating gesture: double_tap [x], single_tap [x]
04-17 13:20:22.112175   984  1089 I ASH     : @ 43151.786: tcs3701: PROX sample: FAR (0024), POFFSET: 0015, ORE: -1
04-17 13:20:22.113707   984  1089 D VSC     : @ 43151.790: [Proximity Gated Single Tap Gesture] Request touch_gesture, interval 18446744027136.0 ms, latency 0.0 ms
04-17 13:20:22.159372   984  1089 I ASH     : @ 43151.833: tcs3701: lux: 50.981334, set prox thresholds from TH2 to TH1.
04-17 13:20:22.159675   984  1089 I ASH     : @ 43151.835: tcs3701: New TH: 110 0 200 0
--------- switch to kernel
04-17 13:20:22.165232     0     0 I         : c2   5913 google_charger: usbchg=USB typec=C usbv=5050 usbc=0 usbMv=5000 usbMc=450
04-17 13:20:22.165423     0     0 I         : c2   5913 sm7250_bms: MSC_PCS chg_state=1c2112901030001 [0x1:1:3:4393:450] chg=u
04-17 13:20:22.165486     0     0 I         : c2   5913 google_battery: MSC_DIN chg_state=1c2112901030001 f=0x1 chg_s=Not Charging chg_t=None vchg=4393 icl=450
04-17 13:20:22.166643     0     0 I         : c2   5913 google_battery: MSC_DSG vbatt_idx:4->4 vbatt=4393346 ibatt=-5493 fv_uv=4430000 cv_cnt=0 ov_cnt=0
04-17 13:20:22.166706     0     0 I         : c2   5913 google_battery: MSC_VOTE msc_state=2 cv_cnt=0 ov_cnt=0 temp_idx:2, vbatt_idx:4  fv_uv=4430000 cc_max=0 update_interval=-1
04-17 13:20:22.166796     0     0 I         : c2   5913 google_charger: MSC_CHG fv_uv=4430000, cc_max=0, rerun in 2000 ms (0)
--------- switch to main
04-17 13:20:22.187132   984  1089 I ASH     : @ 43151.862: touch gesture: update charger mode: 0x02
04-17 13:20:22.238976   984  1089 E ASH     : @ 43151.914: touch gesture: updating gesture: double_tap [x], single_tap [v]
04-17 13:20:22.239215   984  1089 I ASH     : @ 43151.915: touch gesture: sttw params: max x/y 540 550, mi/max frame 2 26, tolerance 150, recess size 136
04-17 13:20:22.239324   984  1089 I ASH     : @ 43151.915: touch gesture: [touch gesture] subscribed
--------- switch to kernel
04-17 13:20:24.175667     0     0 I         : c2   5913 google_charger: usbchg=USB typec=C usbv=5038 usbc=2 usbMv=5000 usbMc=450
04-17 13:20:24.175859     0     0 I         : c2   5913 sm7250_bms: MSC_PCS chg_state=1c2112901030001 [0x1:1:3:4393:450] chg=u
04-17 13:20:24.175937     0     0 I         : c2   5913 google_battery: MSC_DIN chg_state=1c2112901030001 f=0x1 chg_s=Not Charging chg_t=None vchg=4393 icl=450
04-17 13:20:24.177746     0     0 I         : c2   5913 google_battery: MSC_DSG vbatt_idx:4->4 vbatt=4393346 ibatt=-5493 fv_uv=4430000 cv_cnt=0 ov_cnt=0
04-17 13:20:24.177804     0     0 I         : c2   5913 google_battery: MSC_VOTE msc_state=2 cv_cnt=0 ov_cnt=0 temp_idx:2, vbatt_idx:4  fv_uv=4430000 cc_max=0 update_interval=-1
04-17 13:20:24.177902     0     0 I         : c2   5913 google_charger: MSC_CHG fv_uv=4430000, cc_max=0, rerun in 2000 ms (0)
04-17 13:20:26.185285     0     0 I         : c2   5913 google_charger: usbchg=USB typec=C usbv=5040 usbc=0 usbMv=5000 usbMc=450
04-17 13:20:26.185465     0     0 I         : c2   5913 sm7250_bms: MSC_PCS chg_state=1c2112901030001 [0x1:1:3:4393:450] chg=u
04-17 13:20:26.185536     0     0 I         : c2   5913 google_battery: MSC_DIN chg_state=1c2112901030001 f=0x1 chg_s=Not Charging chg_t=None vchg=4393 icl=450
04-17 13:20:26.186966     0     0 I         : c2   5913 google_battery: MSC_DSG vbatt_idx:4->4 vbatt=4393346 ibatt=-4272 fv_uv=4430000 cv_cnt=0 ov_cnt=0
04-17 13:20:26.187027     0     0 I         : c2   5913 google_battery: MSC_VOTE msc_state=2 cv_cnt=0 ov_cnt=0 temp_idx:2, vbatt_idx:4  fv_uv=4430000 cc_max=0 update_interval=-1
04-17 13:20:26.187128     0     0 I         : c2   5913 google_charger: MSC_CHG fv_uv=4430000, cc_max=0, rerun in 2000 ms (0)
04-17 13:20:28.196087     0     0 I         : c2   5913 google_charger: usbchg=USB typec=C usbv=5034 usbc=0 usbMv=5000 usbMc=450
04-17 13:20:28.196275     0     0 I         : c2   5913 sm7250_bms: MSC_PCS chg_state=1c2112901030001 [0x1:1:3:4393:450] chg=u
04-17 13:20:28.196348     0     0 I         : c2   5913 google_battery: MSC_DIN chg_state=1c2112901030001 f=0x1 chg_s=Not Charging chg_t=None vchg=4393 icl=450
04-17 13:20:28.198520     0     0 I         : c2   5913 google_battery: MSC_DSG vbatt_idx:4->4 vbatt=4393346 ibatt=-4272 fv_uv=4430000 cv_cnt=0 ov_cnt=0
04-17 13:20:28.198577     0     0 I         : c2   5913 google_battery: MSC_VOTE msc_state=2 cv_cnt=0 ov_cnt=0 temp_idx:2, vbatt_idx:4  fv_uv=4430000 cc_max=0 update_interval=-1
04-17 13:20:28.198671     0     0 I         : c2   5913 google_charger: MSC_CHG fv_uv=4430000, cc_max=0, rerun in 2000 ms (0)
04-17 13:20:30.207960     0     0 I         : c2   5913 google_charger: usbchg=USB typec=C usbv=5040 usbc=0 usbMv=5000 usbMc=450
04-17 13:20:30.208149     0     0 I         : c2   5913 sm7250_bms: MSC_PCS chg_state=1c2112901030001 [0x1:1:3:4393:450] chg=u
04-17 13:20:30.208223     0     0 I         : c2   5913 google_battery: MSC_DIN chg_state=1c2112901030001 f=0x1 chg_s=Not Charging chg_t=None vchg=4393 icl=450
04-17 13:20:30.209890     0     0 I         : c2   5913 google_battery: MSC_DSG vbatt_idx:4->4 vbatt=4393346 ibatt=-4272 fv_uv=4430000 cv_cnt=0 ov_cnt=0
04-17 13:20:30.209952     0     0 I         : c2   5913 google_battery: MSC_VOTE msc_state=2 cv_cnt=0 ov_cnt=0 temp_idx:2, vbatt_idx:4  fv_uv=4430000 cc_max=0 update_interval=-1
04-17 13:20:30.210055     0     0 I         : c2   5913 google_charger: MSC_CHG fv_uv=4430000, cc_max=0, rerun in 2000 ms (0)
04-17 13:20:30.936209     0     0 W         : c1    973 healthd: battery l=100 v=4393 t=22.0 h=2 st=5 c=4272 fc=3349000 cc=353 chg=u
--------- switch to main
04-17 13:20:32.191192   990  1023 D rlsservice: MonitorDisplayStatus client num 0, display status 0, sensor status 0
--------- switch to kernel
04-17 13:20:32.213948     0     0 I         : c2   5913 google_charger: usbchg=USB typec=C usbv=5050 usbc=0 usbMv=5000 usbMc=450
04-17 13:20:32.214183     0     0 I         : c2   5913 sm7250_bms: MSC_PCS chg_state=1c2112901030001 [0x1:1:3:4393:450] chg=u
04-17 13:20:32.214242     0     0 I         : c2   5913 google_battery: MSC_DIN chg_state=1c2112901030001 f=0x1 chg_s=Not Charging chg_t=None vchg=4393 icl=450
04-17 13:20:32.215346     0     0 I         : c2   5913 google_battery: MSC_DSG vbatt_idx:4->4 vbatt=4393346 ibatt=-4272 fv_uv=4430000 cv_cnt=0 ov_cnt=0
04-17 13:20:32.215403     0     0 I         : c2   5913 google_battery: MSC_VOTE msc_state=2 cv_cnt=0 ov_cnt=0 temp_idx:2, vbatt_idx:4  fv_uv=4430000 cc_max=0 update_interval=-1
04-17 13:20:32.215480     0     0 I         : c2   5913 google_charger: MSC_CHG fv_uv=4430000, cc_max=0, rerun in 2000 ms (0)
04-17 13:20:34.224322     0     0 I         : c2   5913 google_charger: usbchg=USB typec=C usbv=5039 usbc=0 usbMv=5000 usbMc=450
04-17 13:20:34.224515     0     0 I         : c2   5913 sm7250_bms: MSC_PCS chg_state=1c2112901030001 [0x1:1:3:4393:450] chg=u
04-17 13:20:34.224592     0     0 I         : c2   5913 google_battery: MSC_DIN chg_state=1c2112901030001 f=0x1 chg_s=Not Charging chg_t=None vchg=4393 icl=450
04-17 13:20:34.226326     0     0 I         : c2   5913 google_battery: MSC_DSG vbatt_idx:4->4 vbatt=4393346 ibatt=-4272 fv_uv=4430000 cv_cnt=0 ov_cnt=0
04-17 13:20:34.226391     0     0 I         : c2   5913 google_battery: MSC_VOTE msc_state=2 cv_cnt=0 ov_cnt=0 temp_idx:2, vbatt_idx:4  fv_uv=4430000 cc_max=0 update_interval=-1
04-17 13:20:34.226495     0     0 I         : c2   5913 google_charger: MSC_CHG fv_uv=4430000, cc_max=0, rerun in 2000 ms (0)
04-17 13:20:36.234329     0     0 I         : c2   5913 google_charger: usbchg=USB typec=C usbv=5040 usbc=1 usbMv=5000 usbMc=450
04-17 13:20:36.234522     0     0 I         : c2   5913 sm7250_bms: MSC_PCS chg_state=1c2112901030001 [0x1:1:3:4393:450] chg=u
04-17 13:20:36.234600     0     0 I         : c2   5913 google_battery: MSC_DIN chg_state=1c2112901030001 f=0x1 chg_s=Not Charging chg_t=None vchg=4393 icl=450
04-17 13:20:36.236354     0     0 I         : c2   5913 google_battery: MSC_DSG vbatt_idx:4->4 vbatt=4393346 ibatt=-4272 fv_uv=4430000 cv_cnt=0 ov_cnt=0
04-17 13:20:36.236420     0     0 I         : c2   5913 google_battery: MSC_VOTE msc_state=2 cv_cnt=0 ov_cnt=0 temp_idx:2, vbatt_idx:4  fv_uv=4430000 cc_max=0 update_interval=-1
04-17 13:20:36.236528     0     0 I         : c2   5913 google_charger: MSC_CHG fv_uv=4430000, cc_max=0, rerun in 2000 ms (0)
04-17 13:20:38.244650     0     0 I         : c2   5913 google_charger: usbchg=USB typec=C usbv=5044 usbc=0 usbMv=5000 usbMc=450
04-17 13:20:38.244849     0     0 I         : c2   5913 sm7250_bms: MSC_PCS chg_state=1c2112901030001 [0x1:1:3:4393:450] chg=u
04-17 13:20:38.244927     0     0 I         : c2   5913 google_battery: MSC_DIN chg_state=1c2112901030001 f=0x1 chg_s=Not Charging chg_t=None vchg=4393 icl=450
04-17 13:20:38.246683     0     0 I         : c2   5913 google_battery: MSC_DSG vbatt_idx:4->4 vbatt=4393346 ibatt=-4272 fv_uv=4430000 cv_cnt=0 ov_cnt=0
04-17 13:20:38.246750     0     0 I         : c2   5913 google_battery: MSC_VOTE msc_state=2 cv_cnt=0 ov_cnt=0 temp_idx:2, vbatt_idx:4  fv_uv=4430000 cc_max=0 update_interval=-1
04-17 13:20:38.246857     0     0 I         : c2   5913 google_charger: MSC_CHG fv_uv=4430000, cc_max=0, rerun in 2000 ms (0)
04-17 13:20:40.256211     0     0 I         : c2   5913 google_charger: usbchg=USB typec=C usbv=5038 usbc=0 usbMv=5000 usbMc=450
04-17 13:20:40.256426     0     0 I         : c2   5913 sm7250_bms: MSC_PCS chg_state=1c2112901030001 [0x1:1:3:4393:450] chg=u
04-17 13:20:40.256514     0     0 I         : c2   5913 google_battery: MSC_DIN chg_state=1c2112901030001 f=0x1 chg_s=Not Charging chg_t=None vchg=4393 icl=450
04-17 13:20:40.258103     0     0 I         : c2   5913 google_battery: MSC_DSG vbatt_idx:4->4 vbatt=4393346 ibatt=-4272 fv_uv=4430000 cv_cnt=0 ov_cnt=0
04-17 13:20:40.258208     0     0 I         : c2   5913 google_battery: MSC_VOTE msc_state=2 cv_cnt=0 ov_cnt=0 temp_idx:2, vbatt_idx:4  fv_uv=4430000 cc_max=0 update_interval=-1
04-17 13:20:40.258345     0     0 I         : c2   5913 google_charger: MSC_CHG fv_uv=4430000, cc_max=0, rerun in 2000 ms (0)
04-17 13:20:42.269936     0     0 I         : c2   5913 google_charger: usbchg=USB typec=C usbv=5039 usbc=0 usbMv=5000 usbMc=450
04-17 13:20:42.270124     0     0 I         : c2   5913 sm7250_bms: MSC_PCS chg_state=1c2112901030001 [0x1:1:3:4393:450] chg=u
04-17 13:20:42.270188     0     0 I         : c2   5913 google_battery: MSC_DIN chg_state=1c2112901030001 f=0x1 chg_s=Not Charging chg_t=None vchg=4393 icl=450
04-17 13:20:42.271665     0     0 I         : c2   5913 google_battery: MSC_DSG vbatt_idx:4->4 vbatt=4393346 ibatt=-6103 fv_uv=4430000 cv_cnt=0 ov_cnt=0
04-17 13:20:42.271732     0     0 I         : c2   5913 google_battery: MSC_VOTE msc_state=2 cv_cnt=0 ov_cnt=0 temp_idx:2, vbatt_idx:4  fv_uv=4430000 cc_max=0 update_interval=-1
04-17 13:20:42.271818     0     0 I         : c2   5913 google_charger: MSC_CHG fv_uv=4430000, cc_max=0, rerun in 2000 ms (0)
04-17 13:20:44.278138     0     0 I         : c2   5913 google_charger: usbchg=USB typec=C usbv=5046 usbc=0 usbMv=5000 usbMc=450
04-17 13:20:44.278321     0     0 I         : c2   5913 sm7250_bms: MSC_PCS chg_state=1c2112901030001 [0x1:1:3:4393:450] chg=u
04-17 13:20:44.278380     0     0 I         : c2   5913 google_battery: MSC_DIN chg_state=1c2112901030001 f=0x1 chg_s=Not Charging chg_t=None vchg=4393 icl=450
04-17 13:20:44.279982     0     0 I         : c2   5913 google_battery: MSC_DSG vbatt_idx:4->4 vbatt=4393346 ibatt=-6103 fv_uv=4430000 cv_cnt=0 ov_cnt=0
04-17 13:20:44.280042     0     0 I         : c2   5913 google_battery: MSC_VOTE msc_state=2 cv_cnt=0 ov_cnt=0 temp_idx:2, vbatt_idx:4  fv_uv=4430000 cc_max=0 update_interval=-1
04-17 13:20:44.280121     0     0 I         : c2   5913 google_charger: MSC_CHG fv_uv=4430000, cc_max=0, rerun in 2000 ms (0)
04-17 13:20:46.288911     0     0 I         : c2   5913 google_charger: usbchg=USB typec=C usbv=5041 usbc=0 usbMv=5000 usbMc=450
04-17 13:20:46.289100     0     0 I         : c2   5913 sm7250_bms: MSC_PCS chg_state=1c2112901030001 [0x1:1:3:4393:450] chg=u
04-17 13:20:46.289174     0     0 I         : c2   5913 google_battery: MSC_DIN chg_state=1c2112901030001 f=0x1 chg_s=Not Charging chg_t=None vchg=4393 icl=450
04-17 13:20:46.290600     0     0 I         : c2   5913 google_battery: MSC_DSG vbatt_idx:4->4 vbatt=4393346 ibatt=-6103 fv_uv=4430000 cv_cnt=0 ov_cnt=0
04-17 13:20:46.290968     0     0 I         : c2   5913 google_battery: MSC_VOTE msc_state=2 cv_cnt=0 ov_cnt=0 temp_idx:2, vbatt_idx:4  fv_uv=4430000 cc_max=0 update_interval=-1
04-17 13:20:46.291066     0     0 I         : c2   5913 google_charger: MSC_CHG fv_uv=4430000, cc_max=0, rerun in 2000 ms (0)
04-17 13:20:48.299351     0     0 I         : c2   5913 google_charger: usbchg=USB typec=C usbv=5040 usbc=0 usbMv=5000 usbMc=450
04-17 13:20:48.299551     0     0 I         : c2   5913 sm7250_bms: MSC_PCS chg_state=1c2112901030001 [0x1:1:3:4393:450] chg=u
04-17 13:20:48.299633     0     0 I         : c2   5913 google_battery: MSC_DIN chg_state=1c2112901030001 f=0x1 chg_s=Not Charging chg_t=None vchg=4393 icl=450
04-17 13:20:48.301198     0     0 I         : c2   5913 google_battery: MSC_DSG vbatt_idx:4->4 vbatt=4393346 ibatt=-6103 fv_uv=4430000 cv_cnt=0 ov_cnt=0
04-17 13:20:48.301283     0     0 I         : c2   5913 google_battery: MSC_VOTE msc_state=2 cv_cnt=0 ov_cnt=0 temp_idx:2, vbatt_idx:4  fv_uv=4430000 cc_max=0 update_interval=-1
04-17 13:20:48.301405     0     0 I         : c2   5913 google_charger: MSC_CHG fv_uv=4430000, cc_max=0, rerun in 2000 ms (0)
04-17 13:20:49.789370     0     0 I         : c4    282 qcom_rpmh DRV:apps_rsc TCS Busy, retrying RPMH message send: addr=0x30000
04-17 13:20:49.789430     0     0 I         : c4    282 qcom_rpmh DRV:apps_rsc TCS Busy, retrying RPMH message send: addr=0x30000
04-17 13:20:49.789465     0     0 I         : c4    282 qcom_rpmh DRV:apps_rsc TCS Busy, retrying RPMH message send: addr=0x30000
04-17 13:20:50.308892     0     0 I         : c2   5913 google_charger: usbchg=USB typec=C usbv=5044 usbc=0 usbMv=5000 usbMc=450
04-17 13:20:50.309075     0     0 I         : c2   5913 sm7250_bms: MSC_PCS chg_state=1c2112901030001 [0x1:1:3:4393:450] chg=u
04-17 13:20:50.309145     0     0 I         : c2   5913 google_battery: MSC_DIN chg_state=1c2112901030001 f=0x1 chg_s=Not Charging chg_t=None vchg=4393 icl=450
04-17 13:20:50.311009     0     0 I         : c2   5913 google_battery: MSC_DSG vbatt_idx:4->4 vbatt=4393346 ibatt=-6103 fv_uv=4430000 cv_cnt=0 ov_cnt=0
04-17 13:20:50.311064     0     0 I         : c2   5913 google_battery: MSC_VOTE msc_state=2 cv_cnt=0 ov_cnt=0 temp_idx:2, vbatt_idx:4  fv_uv=4430000 cc_max=0 update_interval=-1
04-17 13:20:50.311156     0     0 I         : c2   5913 google_charger: MSC_CHG fv_uv=4430000, cc_max=0, rerun in 2000 ms (0)
04-17 13:20:52.320140     0     0 I         : c2   5913 google_charger: usbchg=USB typec=C usbv=5042 usbc=0 usbMv=5000 usbMc=450
04-17 13:20:52.320328     0     0 I         : c2   5913 sm7250_bms: MSC_PCS chg_state=1c2112901030001 [0x1:1:3:4393:450] chg=u
04-17 13:20:52.320402     0     0 I         : c2   5913 google_battery: MSC_DIN chg_state=1c2112901030001 f=0x1 chg_s=Not Charging chg_t=None vchg=4393 icl=450
04-17 13:20:52.322114     0     0 I         : c2   5913 google_battery: MSC_DSG vbatt_idx:4->4 vbatt=4393346 ibatt=-6103 fv_uv=4430000 cv_cnt=0 ov_cnt=0
04-17 13:20:52.322172     0     0 I         : c2   5913 google_battery: MSC_VOTE msc_state=2 cv_cnt=0 ov_cnt=0 temp_idx:2, vbatt_idx:4  fv_uv=4430000 cc_max=0 update_interval=-1
04-17 13:20:52.322257     0     0 I         : c2   5913 google_charger: MSC_CHG fv_uv=4430000, cc_max=0, rerun in 2000 ms (0)
04-17 13:20:54.331322     0     0 I         : c2   5913 google_charger: usbchg=USB typec=C usbv=5036 usbc=0 usbMv=5000 usbMc=450
04-17 13:20:54.331521     0     0 I         : c2   5913 sm7250_bms: MSC_PCS chg_state=1c2112901030001 [0x1:1:3:4393:450] chg=u
04-17 13:20:54.331599     0     0 I         : c2   5913 google_battery: MSC_DIN chg_state=1c2112901030001 f=0x1 chg_s=Not Charging chg_t=None vchg=4393 icl=450
04-17 13:20:54.333350     0     0 I         : c2   5913 google_battery: MSC_DSG vbatt_idx:4->4 vbatt=4393346 ibatt=-6103 fv_uv=4430000 cv_cnt=0 ov_cnt=0
04-17 13:20:54.333419     0     0 I         : c2   5913 google_battery: MSC_VOTE msc_state=2 cv_cnt=0 ov_cnt=0 temp_idx:2, vbatt_idx:4  fv_uv=4430000 cc_max=0 update_interval=-1
04-17 13:20:54.333528     0     0 I         : c2   5913 google_charger: MSC_CHG fv_uv=4430000, cc_max=0, rerun in 2000 ms (0)
04-17 13:20:56.342129     0     0 I         : c2   5913 google_charger: usbchg=USB typec=C usbv=5031 usbc=2 usbMv=5000 usbMc=450
04-17 13:20:56.342323     0     0 I         : c2   5913 sm7250_bms: MSC_PCS chg_state=1c2112901030001 [0x1:1:3:4393:450] chg=u
04-17 13:20:56.342401     0     0 I         : c2   5913 google_battery: MSC_DIN chg_state=1c2112901030001 f=0x1 chg_s=Not Charging chg_t=None vchg=4393 icl=450
04-17 13:20:56.343862     0     0 I         : c2   5913 google_battery: MSC_DSG vbatt_idx:4->4 vbatt=4393346 ibatt=-6103 fv_uv=4430000 cv_cnt=0 ov_cnt=0
04-17 13:20:56.343925     0     0 I         : c2   5913 google_battery: MSC_VOTE msc_state=2 cv_cnt=0 ov_cnt=0 temp_idx:2, vbatt_idx:4  fv_uv=4430000 cc_max=0 update_interval=-1
04-17 13:20:56.344364     0     0 I         : c2   5913 google_charger: MSC_CHG fv_uv=4430000, cc_max=0, rerun in 2000 ms (0)
04-17 13:20:58.353631     0     0 I         : c2   5913 google_charger: usbchg=USB typec=C usbv=5040 usbc=0 usbMv=5000 usbMc=450
04-17 13:20:58.353826     0     0 I         : c2   5913 sm7250_bms: MSC_PCS chg_state=1c2112901030001 [0x1:1:3:4393:450] chg=u
04-17 13:20:58.353905     0     0 I         : c2   5913 google_battery: MSC_DIN chg_state=1c2112901030001 f=0x1 chg_s=Not Charging chg_t=None vchg=4393 icl=450
04-17 13:20:58.355730     0     0 I         : c2   5913 google_battery: MSC_DSG vbatt_idx:4->4 vbatt=4393346 ibatt=-4882 fv_uv=4430000 cv_cnt=0 ov_cnt=0
04-17 13:20:58.355793     0     0 I         : c2   5913 google_battery: MSC_VOTE msc_state=2 cv_cnt=0 ov_cnt=0 temp_idx:2, vbatt_idx:4  fv_uv=4430000 cc_max=0 update_interval=-1
04-17 13:20:58.355886     0     0 I         : c2   5913 google_charger: MSC_CHG fv_uv=4430000, cc_max=0, rerun in 2000 ms (0)
04-17 13:21:00.363897     0     0 I         : c2   5913 google_charger: usbchg=USB typec=C usbv=5041 usbc=0 usbMv=5000 usbMc=450
04-17 13:21:00.364385     0     0 I         : c2   5913 sm7250_bms: MSC_PCS chg_state=1c2112901030001 [0x1:1:3:4393:450] chg=u
04-17 13:21:00.364470     0     0 I         : c2   5913 google_battery: MSC_DIN chg_state=1c2112901030001 f=0x1 chg_s=Not Charging chg_t=None vchg=4393 icl=450
04-17 13:21:00.366221     0     0 I         : c2   5913 google_battery: MSC_DSG vbatt_idx:4->4 vbatt=4393346 ibatt=-4882 fv_uv=4430000 cv_cnt=0 ov_cnt=0
04-17 13:21:00.366286     0     0 I         : c2   5913 google_battery: MSC_VOTE msc_state=2 cv_cnt=0 ov_cnt=0 temp_idx:2, vbatt_idx:4  fv_uv=4430000 cc_max=0 update_interval=-1
04-17 13:21:00.366390     0     0 I         : c2   5913 google_charger: MSC_CHG fv_uv=4430000, cc_max=0, rerun in 2000 ms (0)
--------- switch to main
04-17 13:21:02.193837   990  1023 D rlsservice: MonitorDisplayStatus client num 0, display status 0, sensor status 0
--------- switch to kernel
04-17 13:21:02.374271     0     0 I         : c2   5913 google_charger: usbchg=USB typec=C usbv=5043 usbc=0 usbMv=5000 usbMc=450
04-17 13:21:02.374461     0     0 I         : c2   5913 sm7250_bms: MSC_PCS chg_state=1c2112901030001 [0x1:1:3:4393:450] chg=u
04-17 13:21:02.374536     0     0 I         : c2   5913 google_battery: MSC_DIN chg_state=1c2112901030001 f=0x1 chg_s=Not Charging chg_t=None vchg=4393 icl=450
04-17 13:21:02.376356     0     0 I         : c2   5913 google_battery: MSC_DSG vbatt_idx:4->4 vbatt=4393346 ibatt=-4882 fv_uv=4430000 cv_cnt=0 ov_cnt=0
04-17 13:21:02.376419     0     0 I         : c2   5913 google_battery: MSC_VOTE msc_state=2 cv_cnt=0 ov_cnt=0 temp_idx:2, vbatt_idx:4  fv_uv=4430000 cc_max=0 update_interval=-1
04-17 13:21:02.376520     0     0 I         : c2   5913 google_charger: MSC_CHG fv_uv=4430000, cc_max=0, rerun in 2000 ms (0)
04-17 13:21:04.384461     0     0 I         : c2   5913 google_charger: usbchg=USB typec=C usbv=5044 usbc=0 usbMv=5000 usbMc=450
04-17 13:21:04.384646     0     0 I         : c2   5913 sm7250_bms: MSC_PCS chg_state=1c2112901030001 [0x1:1:3:4393:450] chg=u
04-17 13:21:04.384721     0     0 I         : c2   5913 google_battery: MSC_DIN chg_state=1c2112901030001 f=0x1 chg_s=Not Charging chg_t=None vchg=4393 icl=450
04-17 13:21:04.386456     0     0 I         : c2   5913 google_battery: MSC_DSG vbatt_idx:4->4 vbatt=4393346 ibatt=-4882 fv_uv=4430000 cv_cnt=0 ov_cnt=0
04-17 13:21:04.386526     0     0 I         : c2   5913 google_battery: MSC_VOTE msc_state=2 cv_cnt=0 ov_cnt=0 temp_idx:2, vbatt_idx:4  fv_uv=4430000 cc_max=0 update_interval=-1
04-17 13:21:04.386631     0     0 I         : c2   5913 google_charger: MSC_CHG fv_uv=4430000, cc_max=0, rerun in 2000 ms (0)
04-17 13:21:06.395545     0     0 I         : c2   5913 google_charger: usbchg=USB typec=C usbv=5040 usbc=0 usbMv=5000 usbMc=450
04-17 13:21:06.395740     0     0 I         : c2   5913 sm7250_bms: MSC_PCS chg_state=1c2112901030001 [0x1:1:3:4393:450] chg=u
04-17 13:21:06.395819     0     0 I         : c2   5913 google_battery: MSC_DIN chg_state=1c2112901030001 f=0x1 chg_s=Not Charging chg_t=None vchg=4393 icl=450
04-17 13:21:06.397306     0     0 I         : c2   5913 google_battery: MSC_DSG vbatt_idx:4->4 vbatt=4393346 ibatt=-4882 fv_uv=4430000 cv_cnt=0 ov_cnt=0
04-17 13:21:06.397741     0     0 I         : c2   5913 google_battery: MSC_VOTE msc_state=2 cv_cnt=0 ov_cnt=0 temp_idx:2, vbatt_idx:4  fv_uv=4430000 cc_max=0 update_interval=-1
04-17 13:21:06.397840     0     0 I         : c2   5913 google_charger: MSC_CHG fv_uv=4430000, cc_max=0, rerun in 2000 ms (0)
04-17 13:21:08.405351     0     0 I         : c2   5913 google_charger: usbchg=USB typec=C usbv=5042 usbc=0 usbMv=5000 usbMc=450
04-17 13:21:08.405540     0     0 I         : c2   5913 sm7250_bms: MSC_PCS chg_state=1c2112901030001 [0x1:1:3:4393:450] chg=u
04-17 13:21:08.405615     0     0 I         : c2   5913 google_battery: MSC_DIN chg_state=1c2112901030001 f=0x1 chg_s=Not Charging chg_t=None vchg=4393 icl=450
04-17 13:21:08.407055     0     0 I         : c2   5913 google_battery: MSC_DSG vbatt_idx:4->4 vbatt=4393346 ibatt=-4882 fv_uv=4430000 cv_cnt=0 ov_cnt=0
04-17 13:21:08.407117     0     0 I         : c2   5913 google_battery: MSC_VOTE msc_state=2 cv_cnt=0 ov_cnt=0 temp_idx:2, vbatt_idx:4  fv_uv=4430000 cc_max=0 update_interval=-1
04-17 13:21:08.407218     0     0 I         : c2   5913 google_charger: MSC_CHG fv_uv=4430000, cc_max=0, rerun in 2000 ms (0)
04-17 13:21:10.416247     0     0 I         : c2   5913 google_charger: usbchg=USB typec=C usbv=5033 usbc=0 usbMv=5000 usbMc=450
04-17 13:21:10.416435     0     0 I         : c2   5913 sm7250_bms: MSC_PCS chg_state=1c2112901030001 [0x1:1:3:4393:450] chg=u
04-17 13:21:10.416509     0     0 I         : c2   5913 google_battery: MSC_DIN chg_state=1c2112901030001 f=0x1 chg_s=Not Charging chg_t=None vchg=4393 icl=450
04-17 13:21:10.418219     0     0 I         : c2   5913 google_battery: MSC_DSG vbatt_idx:4->4 vbatt=4393346 ibatt=-4882 fv_uv=4430000 cv_cnt=0 ov_cnt=0
04-17 13:21:10.418279     0     0 I         : c2   5913 google_battery: MSC_VOTE msc_state=2 cv_cnt=0 ov_cnt=0 temp_idx:2, vbatt_idx:4  fv_uv=4430000 cc_max=0 update_interval=-1
04-17 13:21:10.418378     0     0 I         : c2   5913 google_charger: MSC_CHG fv_uv=4430000, cc_max=0, rerun in 2000 ms (0)
04-17 13:21:12.424696     0     0 I         : c2   5913 google_charger: usbchg=USB typec=C usbv=5046 usbc=0 usbMv=5000 usbMc=450
04-17 13:21:12.424881     0     0 I         : c2   5913 sm7250_bms: MSC_PCS chg_state=1c2112901030001 [0x1:1:3:4393:450] chg=u
04-17 13:21:12.424940     0     0 I         : c2   5913 google_battery: MSC_DIN chg_state=1c2112901030001 f=0x1 chg_s=Not Charging chg_t=None vchg=4393 icl=450
04-17 13:21:12.426575     0     0 I         : c2   5913 google_battery: MSC_DSG vbatt_idx:4->4 vbatt=4393346 ibatt=-4882 fv_uv=4430000 cv_cnt=0 ov_cnt=0
04-17 13:21:12.426638     0     0 I         : c2   5913 google_battery: MSC_VOTE msc_state=2 cv_cnt=0 ov_cnt=0 temp_idx:2, vbatt_idx:4  fv_uv=4430000 cc_max=0 update_interval=-1
04-17 13:21:12.426721     0     0 I         : c2   5913 google_charger: MSC_CHG fv_uv=4430000, cc_max=0, rerun in 2000 ms (0)
04-17 13:21:14.435498     0     0 I         : c2   5913 google_charger: usbchg=USB typec=C usbv=5038 usbc=0 usbMv=5000 usbMc=450
04-17 13:21:14.435701     0     0 I         : c2   5913 sm7250_bms: MSC_PCS chg_state=1c2112901030001 [0x1:1:3:4393:450] chg=u
04-17 13:21:14.435784     0     0 I         : c2   5913 google_battery: MSC_DIN chg_state=1c2112901030001 f=0x1 chg_s=Not Charging chg_t=None vchg=4393 icl=450
04-17 13:21:14.437299     0     0 I         : c2   5913 google_battery: MSC_DSG vbatt_idx:4->4 vbatt=4393151 ibatt=-4272 fv_uv=4430000 cv_cnt=0 ov_cnt=0
04-17 13:21:14.437758     0     0 I         : c2   5913 google_battery: MSC_VOTE msc_state=2 cv_cnt=0 ov_cnt=0 temp_idx:2, vbatt_idx:4  fv_uv=4430000 cc_max=0 update_interval=-1
04-17 13:21:14.437867     0     0 I         : c2   5913 google_charger: MSC_CHG fv_uv=4430000, cc_max=0, rerun in 2000 ms (0)
04-17 13:21:16.445778     0     0 I         : c2   5913 google_charger: usbchg=USB typec=C usbv=5039 usbc=0 usbMv=5000 usbMc=450
04-17 13:21:16.445962     0     0 I         : c2   5913 sm7250_bms: MSC_PCS chg_state=1c2112901030001 [0x1:1:3:4393:450] chg=u
04-17 13:21:16.446033     0     0 I         : c2   5913 google_battery: MSC_DIN chg_state=1c2112901030001 f=0x1 chg_s=Not Charging chg_t=None vchg=4393 icl=450
04-17 13:21:16.447565     0     0 I         : c2   5913 google_battery: MSC_DSG vbatt_idx:4->4 vbatt=4393151 ibatt=-4272 fv_uv=4430000 cv_cnt=0 ov_cnt=0
04-17 13:21:16.447624     0     0 I         : c2   5913 google_battery: MSC_VOTE msc_state=2 cv_cnt=0 ov_cnt=0 temp_idx:2, vbatt_idx:4  fv_uv=4430000 cc_max=0 update_interval=-1
04-17 13:21:16.447715     0     0 I         : c2   5913 google_charger: MSC_CHG fv_uv=4430000, cc_max=0, rerun in 2000 ms (0)
04-17 13:21:18.455274     0     0 I         : c2   5913 google_charger: usbchg=USB typec=C usbv=5025 usbc=0 usbMv=5000 usbMc=450
04-17 13:21:18.455466     0     0 I         : c2   5913 sm7250_bms: MSC_PCS chg_state=1c2112901030001 [0x1:1:3:4393:450] chg=u
04-17 13:21:18.455540     0     0 I         : c2   5913 google_battery: MSC_DIN chg_state=1c2112901030001 f=0x1 chg_s=Not Charging chg_t=None vchg=4393 icl=450
04-17 13:21:18.456983     0     0 I         : c2   5913 google_battery: MSC_DSG vbatt_idx:4->4 vbatt=4393151 ibatt=-4272 fv_uv=4430000 cv_cnt=0 ov_cnt=0
04-17 13:21:18.457041     0     0 I         : c2   5913 google_battery: MSC_VOTE msc_state=2 cv_cnt=0 ov_cnt=0 temp_idx:2, vbatt_idx:4  fv_uv=4430000 cc_max=0 update_interval=-1
04-17 13:21:18.457132     0     0 I         : c2   5913 google_charger: MSC_CHG fv_uv=4430000, cc_max=0, rerun in 2000 ms (0)
04-17 13:21:20.460470     0     0 I         : c2   5913 google_charger: usbchg=USB typec=C usbv=5016 usbc=47 usbMv=5000 usbMc=450
04-17 13:21:20.460814     0     0 I         : c2   5913 sm7250_bms: MSC_PCS chg_state=1c2112901030001 [0x1:1:3:4393:450] chg=u
04-17 13:21:20.460880     0     0 I         : c2   5913 google_battery: MSC_DIN chg_state=1c2112901030001 f=0x1 chg_s=Not Charging chg_t=None vchg=4393 icl=450
04-17 13:21:20.462027     0     0 I         : c2   5913 google_battery: MSC_DSG vbatt_idx:4->4 vbatt=4393151 ibatt=-4272 fv_uv=4430000 cv_cnt=0 ov_cnt=0
04-17 13:21:20.462088     0     0 I         : c2   5913 google_battery: MSC_VOTE msc_state=2 cv_cnt=0 ov_cnt=0 temp_idx:2, vbatt_idx:4  fv_uv=4430000 cc_max=0 update_interval=-1
04-17 13:21:20.462170     0     0 I         : c2   5913 google_charger: MSC_CHG fv_uv=4430000, cc_max=0, rerun in 2000 ms (0)
04-17 13:21:20.510437     0     0 I         : c1   5827 qcom_rpmh DRV:apps_rsc TCS Busy, retrying RPMH message send: addr=0x30000
04-17 13:21:20.510506     0     0 I         : c1   5827 qcom_rpmh DRV:apps_rsc TCS Busy, retrying RPMH message send: addr=0x30000
04-17 13:21:22.471195     0     0 I         : c2   5913 google_charger: usbchg=USB typec=C usbv=5044 usbc=0 usbMv=5000 usbMc=450
04-17 13:21:22.471391     0     0 I         : c2   5913 sm7250_bms: MSC_PCS chg_state=1c2112901030001 [0x1:1:3:4393:450] chg=u
04-17 13:21:22.471472     0     0 I         : c2   5913 google_battery: MSC_DIN chg_state=1c2112901030001 f=0x1 chg_s=Not Charging chg_t=None vchg=4393 icl=450
04-17 13:21:22.473259     0     0 I         : c2   5913 google_battery: MSC_DSG vbatt_idx:4->4 vbatt=4393151 ibatt=-4272 fv_uv=4430000 cv_cnt=0 ov_cnt=0
04-17 13:21:22.473327     0     0 I         : c2   5913 google_battery: MSC_VOTE msc_state=2 cv_cnt=0 ov_cnt=0 temp_idx:2, vbatt_idx:4  fv_uv=4430000 cc_max=0 update_interval=-1
04-17 13:21:22.473438     0     0 I         : c2   5913 google_charger: MSC_CHG fv_uv=4430000, cc_max=0, rerun in 2000 ms (0)
--------- switch to main
04-17 13:21:23.450694   960   960 D vendor.qti.bluetooth@1.0-uart_transport: SocRxDWakeup: Flow off->Change UART baudrate to 38.4kbs->send 0x00->Change UART baudrate to max->Flow on
04-17 13:21:23.450872   960   960 I vendor.qti.bluetooth@1.0-uart_transport: ## userial_vendor_ioctl: UART Flow Off 
--------- switch to kernel
04-17 13:21:23.446819     0     0 I         : c1    960 msm_geni_serial 894000.qcom,qup_uart: msm_geni_serial_set_termios: Start
04-17 13:21:23.447529     0     0 I         : c1    960 msm_geni_serial 894000.qcom,qup_uart: msm_geni_serial_set_termios: geni_se_clk_freq_match
04-17 13:21:23.447651     0     0 I         : c1    960 msm_geni_serial 894000.qcom,qup_uart: msm_geni_serial_set_termios: check parity
04-17 13:21:23.447672     0     0 I         : c1    960 msm_geni_serial 894000.qcom,qup_uart: msm_geni_serial_set_termios: geni_serial_write_term_regs
04-17 13:21:23.447717     0     0 I         : c1    960 msm_geni_serial 894000.qcom,qup_uart: msm_geni_serial_set_termios: End
04-17 13:21:23.448323     0     0 I         : c3    960 msm_geni_serial 894000.qcom,qup_uart: msm_geni_serial_set_termios: Start
--------- switch to main
04-17 13:21:23.452395   960   960 I vendor.qti.bluetooth@1.0-uart_transport: ## userial_vendor_set_baud: 17
--------- switch to radio
04-17 13:21:23.453284  3483  3483 D RILJ    : [0465]> GET_ACTIVITY_INFO [PHONE0]
04-17 13:21:23.458536  3483  3515 D RILJ    : [0465]< GET_ACTIVITY_INFO ModemActivityInfo{ mTimestamp=43200295 mSleepTimeMs=1698678 mIdleTimeMs=11280 mTxTimeMs[]=[0, 0, 0, 0, 0] mRxTimeMs=90048} [PHONE0]
--------- switch to main
04-17 13:21:23.460626  2612  3478 D TelephonyManager: requestModemActivityInfo: Sending result to app: ModemActivityInfo{ mTimestamp=43200295 mSleepTimeMs=40768895 mIdleTimeMs=263827 mTxTimeMs[]=[0, 0, 0, 0, 0] mRxTimeMs=2157119}
04-17 13:21:23.462028   960   960 I vendor.qti.bluetooth@1.0-uart_transport: SetBaudRate: in BOTHER
04-17 13:21:23.462110   960   960 I vendor.qti.bluetooth@1.0-uart_transport: ## userial_vendor_ioctl: UART Flow On 
04-17 13:21:23.462431   960  3561 I vendor.qti.bluetooth@1.0-ibs_handler: ProcessIbsCmd: Received IBS_WAKE_ACK: 0xFC
04-17 13:21:23.462471   960  3561 I vendor.qti.bluetooth@1.0-ibs_handler: ProcessIbsCmd: Signal wack_cond_
04-17 13:21:23.463193   960  3561 I vendor.qti.bluetooth@1.0-ibs_handler: ProcessIbsCmd: Received IBS_WAKE_ACK: 0xFC
04-17 13:21:23.463251   960  3561 I vendor.qti.bluetooth@1.0-ibs_handler: ProcessIbsCmd: Signal wack_cond_
04-17 13:21:23.463333   960   960 D vendor.qti.bluetooth@1.0-ibs_handler: DeviceWakeUp: Unblocked from waiting for FC
--------- switch to kernel
04-17 13:21:23.457487     0     0 I         : c1    960 msm_geni_serial 894000.qcom,qup_uart: msm_geni_serial_set_termios: geni_se_clk_freq_match
04-17 13:21:23.457720     0     0 I         : c1    960 msm_geni_serial 894000.qcom,qup_uart: msm_geni_serial_set_termios: check parity
04-17 13:21:23.457743     0     0 I         : c1    960 msm_geni_serial 894000.qcom,qup_uart: msm_geni_serial_set_termios: geni_serial_write_term_regs
04-17 13:21:23.457790     0     0 I         : c1    960 msm_geni_serial 894000.qcom,qup_uart: msm_geni_serial_set_termios: End
--------- switch to events
04-17 13:21:23.569747  2612  2694 I commit_sys_config_file: [batterystats,6]
04-17 13:21:23.572139  2612  2694 I commit_sys_config_file: [batterystats,2]
--------- switch to kernel
04-17 13:21:24.479096     0     0 I         : c2   5913 google_charger: usbchg=USB typec=C usbv=5051 usbc=0 usbMv=5000 usbMc=450
04-17 13:21:24.479278     0     0 I         : c2   5913 sm7250_bms: MSC_PCS chg_state=1c2112901030001 [0x1:1:3:4393:450] chg=u
04-17 13:21:24.479334     0     0 I         : c2   5913 google_battery: MSC_DIN chg_state=1c2112901030001 f=0x1 chg_s=Not Charging chg_t=None vchg=4393 icl=450
04-17 13:21:24.481632     0     0 I         : c2   5913 google_battery: MSC_DSG vbatt_idx:4->4 vbatt=4393151 ibatt=-4272 fv_uv=4430000 cv_cnt=0 ov_cnt=0
04-17 13:21:24.481686     0     0 I         : c2   5913 google_battery: MSC_VOTE msc_state=2 cv_cnt=0 ov_cnt=0 temp_idx:2, vbatt_idx:4  fv_uv=4430000 cc_max=0 update_interval=-1
04-17 13:21:24.481753     0     0 I         : c2   5913 google_charger: MSC_CHG fv_uv=4430000, cc_max=0, rerun in 2000 ms (0)
04-17 13:21:26.491166     0     0 I         : c2   5913 google_charger: usbchg=USB typec=C usbv=5042 usbc=0 usbMv=5000 usbMc=450
04-17 13:21:26.491377     0     0 I         : c2   5913 sm7250_bms: MSC_PCS chg_state=1c2112901030001 [0x1:1:3:4393:450] chg=u
04-17 13:21:26.491462     0     0 I         : c2   5913 google_battery: MSC_DIN chg_state=1c2112901030001 f=0x1 chg_s=Not Charging chg_t=None vchg=4393 icl=450
04-17 13:21:26.493309     0     0 I         : c2   5913 google_battery: MSC_DSG vbatt_idx:4->4 vbatt=4393151 ibatt=-4272 fv_uv=4430000 cv_cnt=0 ov_cnt=0
04-17 13:21:26.493388     0     0 I         : c2   5913 google_battery: MSC_VOTE msc_state=2 cv_cnt=0 ov_cnt=0 temp_idx:2, vbatt_idx:4  fv_uv=4430000 cc_max=0 update_interval=-1
04-17 13:21:26.493510     0     0 I         : c2   5913 google_charger: MSC_CHG fv_uv=4430000, cc_max=0, rerun in 2000 ms (0)
04-17 13:21:28.502688     0     0 I         : c2   5913 google_charger: usbchg=USB typec=C usbv=5042 usbc=0 usbMv=5000 usbMc=450
04-17 13:21:28.502895     0     0 I         : c2   5913 sm7250_bms: MSC_PCS chg_state=1c2112901030001 [0x1:1:3:4393:450] chg=u
04-17 13:21:28.502979     0     0 I         : c2   5913 google_battery: MSC_DIN chg_state=1c2112901030001 f=0x1 chg_s=Not Charging chg_t=None vchg=4393 icl=450
04-17 13:21:28.504510     0     0 I         : c2   5913 google_battery: MSC_DSG vbatt_idx:4->4 vbatt=4393151 ibatt=-4272 fv_uv=4430000 cv_cnt=0 ov_cnt=0
04-17 13:21:28.504581     0     0 I         : c2   5913 google_battery: MSC_VOTE msc_state=2 cv_cnt=0 ov_cnt=0 temp_idx:2, vbatt_idx:4  fv_uv=4430000 cc_max=0 update_interval=-1
04-17 13:21:28.504698     0     0 I         : c2   5913 google_charger: MSC_CHG fv_uv=4430000, cc_max=0, rerun in 2000 ms (0)
04-17 13:21:30.511540     0     0 I         : c2   5913 google_charger: usbchg=USB typec=C usbv=5051 usbc=0 usbMv=5000 usbMc=450
04-17 13:21:30.511713     0     0 I         : c2   5913 sm7250_bms: MSC_PCS chg_state=1c2112901030001 [0x1:1:3:4393:450] chg=u
04-17 13:21:30.511780     0     0 I         : c2   5913 google_battery: MSC_DIN chg_state=1c2112901030001 f=0x1 chg_s=Not Charging chg_t=None vchg=4393 icl=450
04-17 13:21:30.513356     0     0 I         : c2   5913 google_battery: MSC_DSG vbatt_idx:4->4 vbatt=4393151 ibatt=-5187 fv_uv=4430000 cv_cnt=0 ov_cnt=0
04-17 13:21:30.513414     0     0 I         : c2   5913 google_battery: MSC_VOTE msc_state=2 cv_cnt=0 ov_cnt=0 temp_idx:2, vbatt_idx:4  fv_uv=4430000 cc_max=0 update_interval=-1
04-17 13:21:30.513506     0     0 I         : c2   5913 google_charger: MSC_CHG fv_uv=4430000, cc_max=0, rerun in 2000 ms (0)
--------- switch to main
04-17 13:21:30.935959   973   973 I android.hardware.health@2.1-service: Recording a sample at time 43207
--------- switch to kernel
04-17 13:21:30.938095     0     0 I         : c1   5834 qcom_rpmh DRV:apps_rsc TCS Busy, retrying RPMH message send: addr=0x40b08
04-17 13:21:30.938157     0     0 I         : c1   5834 qcom_rpmh DRV:apps_rsc TCS Busy, retrying RPMH message send: addr=0x40b08
04-17 13:21:30.939992     0     0 W         : c5    973 healthd: battery l=100 v=4393 t=22.1 h=2 st=5 c=5187 fc=3349000 cc=353 chg=u
04-17 13:21:31.006156     0     0 I         : c4   5928 qcom_rpmh DRV:apps_rsc TCS Busy, retrying RPMH message send: addr=0x30000
--------- switch to main
04-17 13:21:32.196843   990  1023 D rlsservice: MonitorDisplayStatus client num 0, display status 0, sensor status 0
--------- switch to kernel
04-17 13:21:32.522588     0     0 I         : c2   5913 google_charger: usbchg=USB typec=C usbv=5042 usbc=0 usbMv=5000 usbMc=450
