04-17 13:23:39.576805  2608  2608 D SystemServerTiming: OnBootPhase_200_com.android.server.security.KeyChainSystemService took to complete: 0ms
04-17 13:23:39.576830  2608  2608 I SystemServerTiming: OnBootPhase_200_com.android.server.telecom.TelecomLoaderService
04-17 13:23:39.576850  2608  2608 D SystemServerTiming: OnBootPhase_200_com.android.server.telecom.TelecomLoaderService took to complete: 0ms
04-17 13:23:39.576867  2608  2608 I SystemServerTiming: OnBootPhase_200_com.android.server.accounts.AccountManagerService$Lifecycle
04-17 13:23:39.576890  2608  2608 D SystemServerTiming: OnBootPhase_200_com.android.server.accounts.AccountManagerService$Lifecycle took to complete: 0ms
04-17 13:23:39.576919  2608  2608 I SystemServerTiming: OnBootPhase_200_com.android.server.content.ContentService$Lifecycle
04-17 13:23:39.576947  2608  2608 D SystemServerTiming: OnBootPhase_200_com.android.server.content.ContentService$Lifecycle took to complete: 0ms
04-17 13:23:39.576967  2608  2608 I SystemServerTiming: OnBootPhase_200_com.android.server.DropBoxManagerService
04-17 13:23:39.576989  2608  2608 D SystemServerTiming: OnBootPhase_200_com.android.server.DropBoxManagerService took to complete: 0ms
04-17 13:23:39.577005  2608  2608 I SystemServerTiming: OnBootPhase_200_com.android.role.RoleService
04-17 13:23:39.577023  2608  2608 D SystemServerTiming: OnBootPhase_200_com.android.role.RoleService took to complete: 0ms
04-17 13:23:39.577040  2608  2608 I SystemServerTiming: OnBootPhase_200_com.android.server.vibrator.VibratorManagerService$Lifecycle
04-17 13:23:39.577059  2608  2608 D SystemServerTiming: OnBootPhase_200_com.android.server.vibrator.VibratorManagerService$Lifecycle took to complete: 0ms
04-17 13:23:39.577076  2608  2608 I SystemServerTiming: OnBootPhase_200_com.android.server.alarm.AlarmManagerService
04-17 13:23:39.577101  2608  2608 D SystemServerTiming: OnBootPhase_200_com.android.server.alarm.AlarmManagerService took to complete: 0ms
04-17 13:23:39.577120  2608  2608 I SystemServerTiming: OnBootPhase_200_com.android.server.devicestate.DeviceStateManagerService
04-17 13:23:39.577139  2608  2608 D SystemServerTiming: OnBootPhase_200_com.android.server.devicestate.DeviceStateManagerService took to complete: 0ms
04-17 13:23:39.577157  2608  2608 I SystemServerTiming: OnBootPhase_200_com.android.server.camera.CameraServiceProxy
04-17 13:23:39.577178  2608  2608 D SystemServerTiming: OnBootPhase_200_com.android.server.camera.CameraServiceProxy took to complete: 0ms
04-17 13:23:39.577197  2608  2608 D SystemServerTiming: OnBootPhase_200 took to complete: 2ms
04-17 13:23:39.585486  2608  2608 I WindowManager: No existing display settings, starting empty
04-17 13:23:39.585722  2608  2608 I WindowManager: No existing display settings, starting empty
--------- switch to main
04-17 13:23:39.614866  2608  2685 I WindowTracing: Setting window tracing log level to 1
04-17 13:23:39.614932  2608  2685 I WindowTracing: Setting window tracing buffer capacity to 2097152bytes
--------- switch to system
04-17 13:23:39.636435  2608  2608 D SystemServerTiming: StartWindowManagerService took to complete: 61ms
04-17 13:23:39.636479  2608  2608 I SystemServerTiming: SetWindowManagerService
--------- switch to main
04-17 13:23:39.650178   937   937 E ActivityRecognitionHardware: activity_recognition HAL is deprecated. class_init is effectively a no-op
04-17 13:23:39.663639  2608  2608 I InputDispatcher: Created monitor PointerEventDispatcher0 for display 0, gesture=false, pid=2608
--------- switch to system
04-17 13:23:39.710634  2608  2608 I ActivityTaskManager: Loaded persisted task ids for user 0
--------- switch to events
04-17 13:23:39.746276  2608  2608 I wm_task_created: [1,-1]
--------- switch to system
04-17 13:23:39.747280  2608  2608 D SystemServerTiming: SetWindowManagerService took to complete: 111ms
04-17 13:23:39.747320  2608  2608 I SystemServerTiming: WindowManagerServiceOnInitReady
--------- switch to events
04-17 13:23:39.756720  2608  2685 I sysui_multi_action: [757,1594,758,4,759,0,806,NULL]
--------- switch to system
04-17 13:23:39.768008  2608  2608 D SystemServerTiming: WindowManagerServiceOnInitReady took to complete: 21ms
04-17 13:23:39.768279  2608  2608 I SystemServerTiming: StartInputManager
04-17 13:23:39.768341  2608  2608 I InputManager: Starting input manager
04-17 13:23:39.768819  2608  2766 I SystemServerTimingAsync: InitThreadPoolExec:StartHidlServices
04-17 13:23:39.768889  2608  2766 D SystemServerInitThreadPool: Started executing StartHidlServices
04-17 13:23:39.768921  2608  2766 I SystemServerTimingAsync: StartHidlServices
--------- switch to main
04-17 13:23:39.769903  2608  2766 I HidlServiceManagement: Registered android.frameworks.sensorservice@1.0::ISensorManager/default
04-17 13:23:39.770931  2608  2608 I InputManager: Enabling motion classifier because just booted: feature enabled, long press timeout = 400
04-17 13:23:39.770970  2608  2608 I InputClassifier: Enabling motion classifier
04-17 13:23:39.771039  2608  2766 I HidlServiceManagement: Registered android.frameworks.schedulerservice@1.0::ISchedulingPolicyService/default
--------- switch to system
04-17 13:23:39.771206  2608  2766 D SystemServerTimingAsync: StartHidlServices took to complete: 2ms
04-17 13:23:39.771273  2608  2766 D SystemServerInitThreadPool: Finished executing StartHidlServices
04-17 13:23:39.771316  2608  2766 D SystemServerTimingAsync: InitThreadPoolExec:StartHidlServices took to complete: 2ms
--------- switch to main
04-17 13:23:39.771708   575   575 I hwservicemanager: Since android.hardware.input.classifier@1.0::IInputClassifier/default is not registered, trying to start it as a lazy HAL.
--------- switch to system
04-17 13:23:39.771806  2608  2608 D SystemServerTiming: StartInputManager took to complete: 4ms
04-17 13:23:39.771826  2608  2608 I SystemServerTiming: DisplayManagerWindowManagerAndInputReady
04-17 13:23:39.772055  2608  2608 D SystemServerTiming: DisplayManagerWindowManagerAndInputReady took to complete: 0ms
04-17 13:23:39.772155  2608  2608 I SystemServerTiming: StartBluetoothService
04-17 13:23:39.772205  2608  2685 I LogicalDisplayMapper: Requesting Transition to state: 0
04-17 13:23:39.772448  2608  2685 I LogicalDisplayMapper: Applying layout: [{addr: {port=129, model=0x40446d53ad64a0}, dispId: 0(ON)}], Previous layout: [{addr: {port=129, model=0x40446d53ad64a0}, dispId: 0(ON)}]
--------- switch to kernel
04-17 13:23:39.772567     0     0 I         : c6      1 init: starting service 'vendor.input.classifier-1-0'...
04-17 13:23:39.774590     0     0 I         : c3      1 init: Control message: Processed ctl.interface_start for 'android.hardware.input.classifier@1.0::IInputClassifier/default' from pid: 575 (/system/bin/hwservicemanager)
04-17 13:23:39.775121     0     0 I         : c3      1 init: Control message: Processed ctl.interface_start for 'android.hardware.input.classifier@1.0::IInputClassifier/default' from pid: 575 (/system/bin/hwservicemanager)
--------- switch to main
04-17 13:23:39.772873  2608  2769 I HidlServiceManagement: getService: Trying again for android.hardware.input.classifier@1.0::IInputClassifier/default...
--------- switch to system
04-17 13:23:39.773665  2608  2608 I SystemServiceManager: Starting com.android.server.BluetoothService
--------- switch to main
04-17 13:23:39.774519  2608  2768 W EventHub: Unable to disable kernel key repeat for /dev/input/event3: Function not implemented
04-17 13:23:39.774545  2608  2768 I EventHub: usingClockIoctl=true
04-17 13:23:39.774569  2608  2768 I EventHub: New device: id=1, fd=184, path='/dev/input/event3', name='uinput-fpc', classes=KEYBOARD | JOYSTICK, configuration='/vendor/usr/idc/uinput-fpc.idc', keyLayout='/vendor/usr/keylayout/uinput-fpc.kl', keyCharacterMap='/system/usr/keychars/Generic.kcm', builtinKeyboard=true, 
04-17 13:23:39.775681  2608  2768 D EventHub: No input device configuration file found for device 'sec_touchscreen'.
--------- switch to system
04-17 13:23:39.778878  2608  2608 D BluetoothManagerService: Loading stored name and address
04-17 13:23:39.779110  2608  2608 D BluetoothManagerService: Stored bluetooth Name=AOSP on redfin,Address=58:24:29:49:70:18
04-17 13:23:39.779201  2608  2608 D BluetoothManagerService: Bluetooth persisted state: 1
04-17 13:23:39.779223  2608  2608 D BluetoothManagerService: Startup: Bluetooth persisted state is ON.
--------- switch to main
04-17 13:23:39.779538  2608  2768 W EventHub: Unable to disable kernel key repeat for /dev/input/event2: Function not implemented
04-17 13:23:39.779573  2608  2768 I EventHub: usingClockIoctl=true
04-17 13:23:39.779598  2608  2768 I EventHub: New device: id=2, fd=185, path='/dev/input/event2', name='sec_touchscreen', classes=KEYBOARD | TOUCH | TOUCH_MT, configuration='', keyLayout='/system/usr/keylayout/Generic.kl', keyCharacterMap='/system/usr/keychars/Generic.kcm', builtinKeyboard=false, 
04-17 13:23:39.780001  2608  2768 D EventHub: No input device configuration file found for device 'gpio-keys'.
--------- switch to system
04-17 13:23:39.780117  2608  2608 D BluetoothManagerService: Detected SystemUiUid: 10090
04-17 13:23:39.780164  2608  2608 D SystemServerTiming: StartBluetoothService took to complete: 8ms
04-17 13:23:39.780180  2608  2608 I SystemServerTiming: IpConnectivityMetrics
04-17 13:23:39.781212  2608  2608 I SystemServiceManager: Starting com.android.server.connectivity.IpConnectivityMetrics
04-17 13:23:39.781938  2608  2608 D SystemServerTiming: IpConnectivityMetrics took to complete: 2ms
04-17 13:23:39.781961  2608  2608 I SystemServerTiming: NetworkWatchlistService
04-17 13:23:39.781999  2608  2608 I SystemServiceManager: Starting com.android.server.net.watchlist.NetworkWatchlistService$Lifecycle
--------- switch to main
04-17 13:23:39.783258  2608  2768 W EventHub: Unable to disable kernel key repeat for /dev/input/event1: Function not implemented
04-17 13:23:39.783303  2608  2768 I EventHub: usingClockIoctl=true
04-17 13:23:39.783326  2608  2768 I EventHub: New device: id=3, fd=186, path='/dev/input/event1', name='gpio-keys', classes=KEYBOARD, configuration='', keyLayout='/system/usr/keylayout/Generic.kl', keyCharacterMap='/system/usr/keychars/Generic.kcm', builtinKeyboard=false, 
04-17 13:23:39.783574  2608  2768 D EventHub: No input device configuration file found for device 'qpnp_pon'.
04-17 13:23:39.786555  2608  2768 W EventHub: Unable to disable kernel key repeat for /dev/input/event0: Function not implemented
04-17 13:23:39.786610  2608  2768 I EventHub: usingClockIoctl=true
04-17 13:23:39.786632  2608  2768 I EventHub: New device: id=4, fd=187, path='/dev/input/event0', name='qpnp_pon', classes=KEYBOARD, configuration='', keyLayout='/system/usr/keylayout/Generic.kl', keyCharacterMap='/system/usr/keychars/Generic.kcm', builtinKeyboard=false, 
04-17 13:23:39.786927  2608  2768 I EventHub: Found touch video device /dev/v4l-touch20
04-17 13:23:39.786992  2608  2768 I TouchVideoDevice: Opening video device: driver = sec_ts, card = sec_touchscreen, bus_info = spi0.0, version = 267210
04-17 13:23:39.787021  2608  2768 I TouchVideoDevice: Frame dimensions: height = 34 width = 16
--------- switch to system
04-17 13:23:39.787749  2608  2608 I WatchlistSettings: Reload watchlist settings done
--------- switch to main
04-17 13:23:39.788056  2608  2768 I EventHub: Adding video device sec_touchscreen to list of unattached video devices
--------- switch to system
04-17 13:23:39.789195  2608  2608 D SystemServerTiming: NetworkWatchlistService took to complete: 7ms
04-17 13:23:39.789249  2608  2608 I SystemServerTiming: PinnerService
04-17 13:23:39.789306  2608  2608 I SystemServiceManager: Starting com.android.server.PinnerService
04-17 13:23:39.789364  2608  2773 I WatchlistLoggingHandler: No need to aggregate record yet.
04-17 13:23:39.789406  2608  2773 I WatchlistLoggingHandler: Milliseconds spent on tryAggregateRecords(): 0
--------- switch to main
04-17 13:23:39.791637  2608  2768 I InputReader: Device added: id=-1, eventHubId=-1, name='Virtual', descriptor='a718a782d34bc767f4689c232d64d527998ea7fd',sources=0x00000301
04-17 13:23:39.791818  2608  2768 I InputReader: Device added: id=2, eventHubId=4, name='qpnp_pon', descriptor='fb60d4f4370f5dbe8267b63d38dea852987571ab',sources=0x00000101
04-17 13:23:39.791889  2608  2768 I InputReader: Device added: id=3, eventHubId=3, name='gpio-keys', descriptor='485d69228e24f5e46da1598745890b214130dbc4',sources=0x00000101
04-17 13:23:39.793150  2608  2768 I InputReader: Touch device 'sec_touchscreen' could not query the properties of its associated display.  The device will be inoperable until the display size becomes available.
04-17 13:23:39.793232  2608  2768 I InputReader: Device added: id=4, eventHubId=2, name='sec_touchscreen', descriptor='0fa9d3d0d40f7f5b316320876742e00ad5eb1ba9',sources=0x00001103
04-17 13:23:39.793340  2608  2768 I InputReader: Device added: id=0, eventHubId=0, name='uinput-fpc', descriptor='0a2365ce4f51162539f3bf91469900de3a450172',sources=0x01000111
--------- switch to system
04-17 13:23:39.796494  2608  2608 V HistoricalRegistry: Interaction before persistence initialized
04-17 13:23:39.800977  2608  2608 D SystemServerTiming: PinnerService took to complete: 12ms
04-17 13:23:39.801023  2608  2608 I SystemServerTiming: IorapForwardingService
04-17 13:23:39.801054  2608  2692 D PinnerService: pinRangeStream: null
04-17 13:23:39.801090  2608  2608 I SystemServiceManager: Starting com.google.android.startop.iorap.IorapForwardingService
04-17 13:23:39.803082  2608  2608 D SystemServerTiming: IorapForwardingService took to complete: 2ms
04-17 13:23:39.803227  2608  2692 D PinnerService: pinRangeStream: null
04-17 13:23:39.803839  2608  2692 D PinnerService: pinRangeStream: null
04-17 13:23:39.804369  2608  2608 I SystemServerTiming: SignedConfigService
04-17 13:23:39.804603  2608  2692 D PinnerService: pinRangeStream: null
04-17 13:23:39.805020  2608  2608 D SystemServerTiming: SignedConfigService took to complete: 1ms
04-17 13:23:39.805041  2608  2608 I SystemServerTiming: AppIntegrityService
04-17 13:23:39.805069  2608  2608 I SystemServiceManager: Starting com.android.server.integrity.AppIntegrityManagerService
04-17 13:23:39.814117  2608  2692 D PinnerService: pinRangeStream: null
04-17 13:23:39.815679  2608  2608 E IntegrityFileManager: Error creating staging and rules directory
04-17 13:23:39.816611  2608  2692 D PinnerService: pinRangeStream: null
04-17 13:23:39.817886  2608  2608 D SystemServerTiming: AppIntegrityService took to complete: 13ms
04-17 13:23:39.818361  2608  2608 I WindowManager: SAFE MODE not enabled
04-17 13:23:39.818412  2608  2608 I SystemServerTiming: StartInputMethodManagerLifecycle
04-17 13:23:39.818570  2608  2608 I SystemServiceManager: Starting com.android.server.inputmethod.InputMethodManagerService$Lifecycle
04-17 13:23:39.822900  2608  2692 D PinnerService: pinRangeStream: null
04-17 13:23:39.823888  2608  2692 E PinnerService: Could not pin file /system_ext/priv-app/SystemUIGoogle/SystemUIGoogle.apk
04-17 13:23:39.823888  2608  2692 E PinnerService: android.system.ErrnoException: open failed: ENOENT (No such file or directory)
04-17 13:23:39.823888  2608  2692 E PinnerService: 	at libcore.io.Linux.open(Native Method)
04-17 13:23:39.823888  2608  2692 E PinnerService: 	at libcore.io.ForwardingOs.open(ForwardingOs.java:567)
04-17 13:23:39.823888  2608  2692 E PinnerService: 	at libcore.io.BlockGuardOs.open(BlockGuardOs.java:273)
04-17 13:23:39.823888  2608  2692 E PinnerService: 	at android.system.Os.open(Os.java:501)
04-17 13:23:39.823888  2608  2692 E PinnerService: 	at com.android.server.PinnerService.pinFileRanges(PinnerService.java:939)
04-17 13:23:39.823888  2608  2692 E PinnerService: 	at com.android.server.PinnerService.pinFile(PinnerService.java:814)
04-17 13:23:39.823888  2608  2692 E PinnerService: 	at com.android.server.PinnerService.handlePinOnStart(PinnerService.java:273)
04-17 13:23:39.823888  2608  2692 E PinnerService: 	at com.android.server.PinnerService.access$1600(PinnerService.java:91)
04-17 13:23:39.823888  2608  2692 E PinnerService: 	at com.android.server.PinnerService$PinnerHandler.handleMessage(PinnerService.java:1183)
04-17 13:23:39.823888  2608  2692 E PinnerService: 	at android.os.Handler.dispatchMessage(Handler.java:106)
04-17 13:23:39.823888  2608  2692 E PinnerService: 	at android.os.Looper.loopOnce(Looper.java:201)
04-17 13:23:39.823888  2608  2692 E PinnerService: 	at android.os.Looper.loop(Looper.java:288)
04-17 13:23:39.823888  2608  2692 E PinnerService: 	at android.os.HandlerThread.run(HandlerThread.java:67)
04-17 13:23:39.823954  2608  2692 E PinnerService: Failed to pin file = /system_ext/priv-app/SystemUIGoogle/SystemUIGoogle.apk
04-17 13:23:39.823984  2608  2692 D PinnerService: pinRangeStream: null
04-17 13:23:39.824331  2608  2692 D PinnerService: pinRangeStream: null
04-17 13:23:39.825112  2608  2692 D PinnerService: pinRangeStream: null
--------- switch to main
04-17 13:23:39.825899  2772  2772 E InputClassifierHAL: Could not load model from /vendor/etc/input_classifier_model.pb
04-17 13:23:39.826374  2772  2772 D hw-ProcessState: Binder ioctl to enable oneway spam detection failed: Invalid argument
--------- switch to system
04-17 13:23:39.826873  2608  2692 D PinnerService: pinRangeStream: null
--------- switch to kernel
04-17 13:23:39.826358     0     0 I         : c2   2772 binder: 2772:2772 ioctl 40046210 7fcc295554 returned -22
--------- switch to main
04-17 13:23:39.827979  2772  2772 I HidlServiceManagement: Registered android.hardware.input.classifier@1.0::IInputClassifier/default
04-17 13:23:39.828116  2772  2772 I HidlServiceManagement: Removing namespace from process name android.hardware.input.classifier@1.0-service to classifier@1.0-service.
04-17 13:23:39.829242   575   575 I hw-BpHwBinder: onLastStrongRef automatically unlinking death recipients
--------- switch to system
04-17 13:23:39.832331  2608  2692 D PinnerService: pinRangeStream: null
04-17 13:23:39.836522  2608  2608 D SystemServerTiming: StartInputMethodManagerLifecycle took to complete: 18ms
04-17 13:23:39.836568  2608  2608 I SystemServerTiming: StartAccessibilityManagerService
04-17 13:23:39.836982  2608  2608 I SystemServiceManager: Starting com.android.server.accessibility.AccessibilityManagerService$Lifecycle
04-17 13:23:39.844165  2608  2692 D PinnerService: pinRangeStream: null
04-17 13:23:39.853744  2608  2608 D SystemServerTiming: StartAccessibilityManagerService took to complete: 18ms
04-17 13:23:39.853797  2608  2608 I SystemServerTiming: MakeDisplayReady
--------- switch to main
04-17 13:23:39.856311  2608  2608 W InputReader: Device sec_touchscreen is associated with display ADISPLAY_ID_NONE.
04-17 13:23:39.856995  2608  2608 W InputReader: Device sec_touchscreen is associated with display ADISPLAY_ID_NONE.
--------- switch to events
04-17 13:23:39.857602  2608  2608 I configuration_changed: 536894968
--------- switch to system
04-17 13:23:39.858245  2608  2608 I ActivityTaskManager: Config changes=20005df8 {1.0 ?mcc?mnc [en_US] ldltr sw392dp w392dp h750dp 440dpi nrml long port ?uimode ?night -touch -keyb/v/h -nav/h winConfig={ mBounds=Rect(0, 0 - 1080, 2340) mAppBounds=Rect(0, 136 - 1080, 2208) mMaxBounds=Rect(0, 0 - 1080, 2340) mWindowingMode=fullscreen mDisplayWindowingMode=fullscreen mActivityType=undefined mAlwaysOnTop=undefined mRotation=ROTATION_0} s.2 ?fontWeightAdjustment}
04-17 13:23:39.861401  2608  2608 I WindowManager: Override config changes=60007dfc {1.0 ?mcc?mnc [en_US] ldltr sw392dp w392dp h750dp 440dpi nrml long port ?uimode ?night -touch -keyb/v/h -nav/h winConfig={ mBounds=Rect(0, 0 - 1080, 2340) mAppBounds=Rect(0, 136 - 1080, 2208) mMaxBounds=Rect(0, 0 - 1080, 2340) mWindowingMode=fullscreen mDisplayWindowingMode=fullscreen mActivityType=undefined mAlwaysOnTop=undefined mRotation=ROTATION_0} s.2 ?fontWeightAdjustment} for displayId=0
04-17 13:23:39.863667  2608  2692 D PinnerService: pinRangeStream: null
--------- switch to events
04-17 13:23:39.866249  2608  2608 I sysui_multi_action: [757,1659,758,4,759,1,1660,0]
--------- switch to main
04-17 13:23:39.875243  2608  2685 I InputManager-JNI: Viewport [0] to add: local:4630946523002478721, isActive: false
04-17 13:23:39.875593  2608  2608 W InputReader: Device sec_touchscreen is associated with display ADISPLAY_ID_NONE.
--------- switch to events
04-17 13:23:39.876125  2608  2608 I configuration_changed: 8
--------- switch to system
04-17 13:23:39.876545  2608  2608 I ActivityTaskManager: Config changes=8 {1.0 ?mcc?mnc [en_US] ldltr sw392dp w392dp h750dp 440dpi nrml long port ?uimode ?night finger -keyb/v/h -nav/h winConfig={ mBounds=Rect(0, 0 - 1080, 2340) mAppBounds=Rect(0, 136 - 1080, 2208) mMaxBounds=Rect(0, 0 - 1080, 2340) mWindowingMode=fullscreen mDisplayWindowingMode=fullscreen mActivityType=undefined mAlwaysOnTop=undefined mRotation=ROTATION_0} s.4 ?fontWeightAdjustment}
--------- switch to kernel
04-17 13:23:39.874352     0     0 I         : c6      1 init: processing action (sys.sysctl.extra_free_kbytes=*) from (/system/etc/init/hw/init.rc:1137)
--------- switch to system
04-17 13:23:39.878991  2608  2608 I WindowManager: Override config changes=8 {1.0 ?mcc?mnc [en_US] ldltr sw392dp w392dp h750dp 440dpi nrml long port ?uimode ?night finger -keyb/v/h -nav/h winConfig={ mBounds=Rect(0, 0 - 1080, 2340) mAppBounds=Rect(0, 136 - 1080, 2208) mMaxBounds=Rect(0, 0 - 1080, 2340) mWindowingMode=fullscreen mDisplayWindowingMode=fullscreen mActivityType=undefined mAlwaysOnTop=undefined mRotation=ROTATION_0} s.4 ?fontWeightAdjustment} for displayId=0
04-17 13:23:39.882181  2608  2608 D SystemServerTiming: MakeDisplayReady took to complete: 28ms
04-17 13:23:39.882236  2608  2608 I SystemServerTiming: StartStorageManagerService
04-17 13:23:39.882525  2608  2608 I SystemServiceManager: Starting com.android.server.StorageManagerService$Lifecycle
--------- switch to main
04-17 13:23:39.883387  2608  2768 I InputReader: Reconfiguring input devices, changes=DISPLAY_INFO | 
04-17 13:23:39.883454  2608  2768 I InputReader: Disabling sec_touchscreen (device 4) because the associated viewport is not active
04-17 13:23:39.894765  1240  2648 D installd: Found quota mount /dev/block/dm-6 at /data
04-17 13:23:39.894865  1240  2648 D installd: Found quota mount /dev/block/dm-6 at /data/user/0
--------- switch to system
04-17 13:23:39.898614  2608  2779 D StorageManagerService: Thinking about init, mBootCompleted=false, mDaemonConnected=true
04-17 13:23:39.898691  2608  2779 D StorageManagerService: Thinking about reset, mBootCompleted=false, mDaemonConnected=true
04-17 13:23:39.898998  2608  2779 D StorageManagerService: Thinking about init, mBootCompleted=false, mDaemonConnected=true
04-17 13:23:39.899034  2608  2779 D StorageManagerService: Thinking about reset, mBootCompleted=false, mDaemonConnected=true
04-17 13:23:39.899131  2608  2608 D SystemServerTiming: StartStorageManagerService took to complete: 17ms
04-17 13:23:39.899177  2608  2608 I SystemServerTiming: StartStorageStatsService
04-17 13:23:39.899460  2608  2608 I SystemServiceManager: Starting com.android.server.usage.StorageStatsService$Lifecycle
--------- switch to main
04-17 13:23:39.902006  1240  2648 D installd: Found quota mount /dev/block/dm-6 at /data
04-17 13:23:39.902101  1240  2648 D installd: Found quota mount /dev/block/dm-6 at /data/user/0
04-17 13:23:39.902778  1240  2648 D installd: Found quota mount /dev/block/dm-6 at /data
04-17 13:23:39.902843  1240  2648 D installd: Found quota mount /dev/block/dm-6 at /data/user/0
--------- switch to system
04-17 13:23:39.904401  2608  2608 D SystemServerTiming: StartStorageStatsService took to complete: 5ms
04-17 13:23:39.904447  2608  2608 I SystemServerTiming: StartUiModeManager
04-17 13:23:39.904477  2608  2608 I SystemServiceManager: Starting com.android.server.UiModeManagerService
04-17 13:23:39.908602  2608  2780 I SystemServerTimingAsync: InitThreadPoolExec:UiModeManager.onStart
04-17 13:23:39.908692  2608  2780 D SystemServerInitThreadPool: Started executing UiModeManager.onStart
04-17 13:23:39.908841  2608  2608 D SystemServerTiming: StartUiModeManager took to complete: 5ms
04-17 13:23:39.908863  2608  2608 I SystemServerTiming: UpdatePackagesIfNeeded
04-17 13:23:39.908922  2608  2608 I Watchdog: Pausing HandlerChecker: main thread for reason: dexopt. Pause count: 1
04-17 13:23:39.909027  2608  2608 I Watchdog: Resuming HandlerChecker: main thread for reason: dexopt. Pause count: 0
04-17 13:23:39.909057  2608  2608 D SystemServerTiming: UpdatePackagesIfNeeded took to complete: 0ms
04-17 13:23:39.909075  2608  2608 I SystemServerTiming: PerformFstrimIfNeeded
04-17 13:23:39.909477  2608  2608 D SystemServerTiming: PerformFstrimIfNeeded took to complete: 0ms
04-17 13:23:39.909495  2608  2608 I SystemServerTiming: StartLockSettingsService
04-17 13:23:39.910001  2608  2608 I SystemServiceManager: Starting com.android.server.locksettings.LockSettingsService$Lifecycle
04-17 13:23:39.913946  2608  2780 D SystemServerInitThreadPool: Finished executing UiModeManager.onStart
04-17 13:23:39.914090  2608  2780 D SystemServerTimingAsync: InitThreadPoolExec:UiModeManager.onStart took to complete: 6ms
04-17 13:23:39.938065  2608  2608 D SystemServerTiming: StartLockSettingsService took to complete: 29ms
04-17 13:23:39.938122  2608  2608 I SystemServerTiming: StartPersistentDataBlock
04-17 13:23:39.938165  2608  2608 I SystemServiceManager: Starting com.android.server.PersistentDataBlockService
04-17 13:23:39.939778  2608  2608 D SystemServerTiming: StartPersistentDataBlock took to complete: 2ms
04-17 13:23:39.939815  2608  2608 I SystemServerTiming: StartTestHarnessMode
04-17 13:23:39.939845  2608  2608 I SystemServiceManager: Starting com.android.server.testharness.TestHarnessModeService
04-17 13:23:39.940279  2608  2782 I SystemServerTimingAsync: InitThreadPoolExec:PersistentDataBlockService.onStart
04-17 13:23:39.940337  2608  2782 D SystemServerInitThreadPool: Started executing PersistentDataBlockService.onStart
04-17 13:23:39.941105  2608  2608 D SystemServerTiming: StartTestHarnessMode took to complete: 1ms
04-17 13:23:39.941146  2608  2608 I SystemServerTiming: StartOemLockService
04-17 13:23:39.941186  2608  2608 I SystemServiceManager: Starting com.android.server.oemlock.OemLockService
--------- switch to main
04-17 13:23:39.943507  2608  2608 I android_os_HwBinder: HwBinder: Starting thread pool for getting: android.hardware.oemlock@1.0::IOemLock/default
--------- switch to system
04-17 13:23:39.944116  2608  2608 I OemLock : Using vendor lock via the HAL
04-17 13:23:39.944876  2608  2608 D SystemServerTiming: StartOemLockService took to complete: 4ms
04-17 13:23:39.944904  2608  2608 I SystemServerTiming: StartDeviceIdleController
04-17 13:23:39.949824  2608  2608 I SystemServiceManager: Starting com.android.server.DeviceIdleController
04-17 13:23:39.955820  2608  2608 D SystemServerTiming: StartDeviceIdleController took to complete: 11ms
04-17 13:23:39.955899  2608  2608 I SystemServerTiming: StartDevicePolicyManager
04-17 13:23:39.955976  2608  2608 I SystemServiceManager: Starting com.android.server.devicepolicy.DevicePolicyManagerService$Lifecycle
04-17 13:23:39.966706  2608  2782 D SystemServerInitThreadPool: Finished executing PersistentDataBlockService.onStart
04-17 13:23:39.966768  2608  2782 D SystemServerTimingAsync: InitThreadPoolExec:PersistentDataBlockService.onStart took to complete: 27ms
04-17 13:23:40.010881  2608  2608 D SLog    : static_init took to complete: 6ms
04-17 13:23:40.010932  2608  2608 I DevicePolicyManager: Set ro.organization_owned property to false
04-17 13:23:40.012267  2608  2608 D SystemServerTiming: StartDevicePolicyManager took to complete: 56ms
04-17 13:23:40.012301  2608  2608 I SystemServerTiming: StartStatusBarManagerService
04-17 13:23:40.015279  2608  2608 D SystemServerTiming: StartStatusBarManagerService took to complete: 3ms
04-17 13:23:40.015370  2608  2608 D SystemServer: MusicRecognitionManagerService not defined by OEM or disabled by flag
04-17 13:23:40.015768  2608  2608 D SystemServer: ContentCaptureService disabled because resource is not overlaid
04-17 13:23:40.016795  2608  2608 D SystemServer: AttentionService is not configured on this device
04-17 13:23:40.018166  2608  2608 D SystemServer: RotationResolverService is not configured on this device
04-17 13:23:40.018218  2608  2608 D SystemServer: SystemCaptionsManagerService disabled because resource is not overlaid
04-17 13:23:40.018247  2608  2608 I SystemServerTiming: StartTextToSpeechManagerService
04-17 13:23:40.018575  2608  2608 I SystemServiceManager: Starting com.android.server.texttospeech.TextToSpeechManagerService
04-17 13:23:40.020062  2608  2608 D SystemServerTiming: StartTextToSpeechManagerService took to complete: 2ms
04-17 13:23:40.020093  2608  2608 I SystemServerTiming: StartSpeechRecognitionManagerService
04-17 13:23:40.020465  2608  2608 I SystemServiceManager: Starting com.android.server.speech.SpeechRecognitionManagerService
04-17 13:23:40.021720  2608  2608 D SystemServerTiming: StartSpeechRecognitionManagerService took to complete: 2ms
04-17 13:23:40.021788  2608  2608 D SystemServer: AppPredictionService not defined by OEM
04-17 13:23:40.021814  2608  2608 D SystemServer: ContentSuggestionsService not defined by OEM
04-17 13:23:40.021850  2608  2608 I SystemServerTiming: StartSearchUiService
04-17 13:23:40.022277  2608  2608 I SystemServiceManager: Starting com.android.server.searchui.SearchUiManagerService
04-17 13:23:40.023385  2608  2608 D SystemServerTiming: StartSearchUiService took to complete: 1ms
04-17 13:23:40.023417  2608  2608 I SystemServerTiming: StartSmartspaceService
04-17 13:23:40.023815  2608  2608 I SystemServiceManager: Starting com.android.server.smartspace.SmartspaceManagerService
04-17 13:23:40.025025  2608  2608 D SystemServerTiming: StartSmartspaceService took to complete: 2ms
04-17 13:23:40.025059  2608  2608 I SystemServerTiming: InitConnectivityModuleConnector
04-17 13:23:40.025089  2608  2608 D ConnectivityModuleConnector: Network stack init
04-17 13:23:40.026361  2608  2608 D SystemServerTiming: InitConnectivityModuleConnector took to complete: 1ms
04-17 13:23:40.026389  2608  2608 I SystemServerTiming: InitNetworkStackClient
04-17 13:23:40.027278  2608  2608 D SystemServerTiming: InitNetworkStackClient took to complete: 1ms
04-17 13:23:40.027310  2608  2608 I SystemServerTiming: StartNetworkManagementService
--------- switch to main
04-17 13:23:40.035177   935   989 I netd    : registerUnsolicitedEventListener() <0.04ms>
--------- switch to system
04-17 13:23:40.035537  2608  2608 D SystemServerTiming: StartNetworkManagementService took to complete: 8ms
04-17 13:23:40.035565  2608  2608 I SystemServerTiming: StartIpSecService
04-17 13:23:40.038638  2608  2608 D SystemServerTiming: StartIpSecService took to complete: 3ms
04-17 13:23:40.038675  2608  2608 I SystemServerTiming: StartFontManagerService
04-17 13:23:40.142564  2608  2608 D SystemServerTiming: StartFontManagerService took to complete: 103ms
04-17 13:23:40.142607  2608  2608 I SystemServerTiming: StartTextServicesManager
04-17 13:23:40.142652  2608  2608 I SystemServiceManager: Starting com.android.server.textservices.TextServicesManagerService$Lifecycle
04-17 13:23:40.144938  2608  2608 D SystemServerTiming: StartTextServicesManager took to complete: 3ms
04-17 13:23:40.144973  2608  2608 I SystemServerTiming: StartTextClassificationManagerService
04-17 13:23:40.145013  2608  2608 I SystemServiceManager: Starting com.android.server.textclassifier.TextClassificationManagerService$Lifecycle
04-17 13:23:40.149898  2608  2608 D SystemServerTiming: StartTextClassificationManagerService took to complete: 5ms
04-17 13:23:40.149980  2608  2608 I SystemServerTiming: StartNetworkScoreService
04-17 13:23:40.150036  2608  2608 I SystemServiceManager: Starting com.android.server.NetworkScoreService$Lifecycle
--------- switch to main
04-17 13:23:40.153451  2608  2608 I NetworkScoreService: Registering network_score
--------- switch to system
04-17 13:23:40.154209  2608  2608 D SystemServerTiming: StartNetworkScoreService took to complete: 4ms
04-17 13:23:40.154262  2608  2608 I SystemServerTiming: StartNetworkStatsService
04-17 13:23:40.168841  2608  2608 D SystemServerTiming: StartNetworkStatsService took to complete: 15ms
04-17 13:23:40.168890  2608  2608 I SystemServerTiming: StartNetworkPolicyManagerService
04-17 13:23:40.182348  2608  2608 D SystemServerTiming: StartNetworkPolicyManagerService took to complete: 13ms
04-17 13:23:40.182463  2608  2608 I SystemServerTiming: StartWifi
--------- switch to main
04-17 13:23:40.196064  1042  1063 I sensors.qti: diag_mdlog_capture:338,  before poll - for modify event
--------- switch to system
04-17 13:23:40.217256  2608  2608 I SystemServiceManager: Starting com.android.server.wifi.WifiService
--------- switch to main
04-17 13:23:40.226186  2608  2608 I WifiContext: Found Wifi Resources APK at: com.android.wifi.resources
04-17 13:23:40.234711  2608  2608 V NetworkScoreManager: registerNetworkScoreCallback: callback=com.android.server.wifi.WifiNetworkScoreCache@7e9535, executor=com.android.wifi.x.android.os.HandlerExecutor@359ddca
04-17 13:23:40.272311  2608  2608 D ScanMetrics: Settings package: com.android.settings
04-17 13:23:40.272443  2608  2608 E ScanMetrics: Can't get GMS uid
04-17 13:23:40.279078  1287  1287 I update_engine: [INFO:cleanup_previous_update_action.cc(112)] Executing task 7
04-17 13:23:40.281330  1287  1287 I update_engine: [INFO:cleanup_previous_update_action.cc(124)] CleanupPreviousUpdateAction scheduled task ID 8 for WaitBootCompleted
04-17 13:23:40.292402  2608  2608 I WifiCoexManager: Default coex algorithm is disabled.
--------- switch to radio
04-17 13:23:40.304530  2608  2608 D TelephonyRegistry: listen oscl: mHasNotifySubscriptionInfoChangedOccurred==false no callback
--------- switch to main
04-17 13:23:40.352372  2608  2608 D WifiOpenNetworkNotifier: Settings toggle enabled=true
04-17 13:23:40.356286  2608  2608 D WifiNl80211Manager: registerCountryCodeEventListener called
--------- switch to system
04-17 13:23:40.356357  1259  1259 I wificond: New wificond event callback registered
--------- switch to main
04-17 13:23:40.356581  2608  2608 D WifiCountryCode: Default country code from system property ro.boot.wificountrycode is 00
04-17 13:23:40.358726  1036  1036 I tftp_server: pid=1036 tid=1036 tftp-server : INF :[tftp_server.c, 659] rcvd request [1] [73] [1] [0] [537]
04-17 13:23:40.359137  1036  2791 I tftp_server: pid=1036 tid=2791 tftp-server : INF :[tftp_server_utils.c, 113] file [readwrite/mcfg.tmp] : [/vendor/rfs/msm/mpss/readwrite/mcfg.tmp]
04-17 13:23:40.359339  1036  2791 I tftp_server: pid=1036 tid=2791 tftp-server : INF :[tftp_server.c, 1211] OACK options [port: 537] : [7680, 1000, 0, 10, 0, 0, 0, 0]
04-17 13:23:40.359372  1036  2791 I tftp_server: pid=1036 tid=2791 tftp-server : INF :[tftp_os_la.c, 63] open : [-1] [-1] [384] [0] [/vendor/rfs/msm/mpss/readwrite/mcfg.tmp]
04-17 13:23:40.359413  1036  2791 E tftp_server: pid=1036 tid=2791 tftp-server : ERR :[tftp_os_la.c, 70] open failed: [2] [No such file or directory]
04-17 13:23:40.359437  1036  2791 E tftp_server: pid=1036 tid=2791 tftp-server : ERR :[tftp_server.c, 1750] open failed : [-2] [Unknown error -2]
04-17 13:23:40.359526  1036  2791 E tftp_server: pid=1036 tid=2791 tftp-server : ERR :[tftp_protocol.c, 1231] sending error-pkt. Code = 1, Msg = Err=2 String=No such file or directory
04-17 13:23:40.359549  1036  2791 I tftp_server: pid=1036 tid=2791 tftp-server : INF :[tftp_server.c, 1817] RRQ Total API = 514
04-17 13:23:40.361078  1036  1036 I tftp_server: pid=1036 tid=1036 tftp-server : INF :[tftp_server.c, 659] rcvd request [1] [65] [2] [0] [538]
04-17 13:23:40.361399  1036  2792 I tftp_server: pid=1036 tid=2792 tftp-server : INF :[tftp_server_utils.c, 113] file [readwrite/mcfg.tmp] : [/vendor/rfs/msm/mpss/readwrite/mcfg.tmp]
04-17 13:23:40.361489  1036  2792 I tftp_server: pid=1036 tid=2792 tftp-server : INF :[tftp_server.c, 1211] OACK options [port: 538] : [7680, 1000, 10, 0, 0, 0, 0, 0]
04-17 13:23:40.361520  1036  2792 I tftp_server: pid=1036 tid=2792 tftp-server : INF :[tftp_os_la.c, 63] open : [-1] [-1] [384] [577] [/vendor/rfs/msm/mpss/readwrite/mcfg.tmp]
04-17 13:23:40.365247  1036  1036 I tftp_server: pid=1036 tid=1036 tftp-server : INF :[tftp_server.c, 659] rcvd request [1] [73] [1] [0] [539]
04-17 13:23:40.365560  1036  2793 I tftp_server: pid=1036 tid=2793 tftp-server : INF :[tftp_server_utils.c, 113] file [readwrite/mcfg.tmp] : [/vendor/rfs/msm/mpss/readwrite/mcfg.tmp]
04-17 13:23:40.365691  1036  2793 I tftp_server: pid=1036 tid=2793 tftp-server : INF :[tftp_server.c, 1211] OACK options [port: 539] : [7680, 1000, 1, 10, 0, 0, 0, 0]
04-17 13:23:40.365729  1036  2793 I tftp_server: pid=1036 tid=2793 tftp-server : INF :[tftp_os_la.c, 63] open : [-1] [-1] [384] [0] [/vendor/rfs/msm/mpss/readwrite/mcfg.tmp]
04-17 13:23:40.366209  1036  2793 I tftp_server: pid=1036 tid=2793 tftp-server : INF :[tftp_protocol.c, 744] Recd END OF TRANSFER pkt. Code = 9, Msg = End of Transfer
04-17 13:23:40.366252  1036  2793 I tftp_server: pid=1036 tid=2793 tftp-server : INF :[tftp_server.c, 1328] RRQ stats [port: 0]: sent_size = 539 total-blocks = 0 total-bytes = 0 timedout-pkts = 0, wrong-pkts
04-17 13:23:40.366273  1036  2793 I tftp_server: pid=1036 tid=2793 tftp-server : INF :[tftp_server.c, 1335] RRQ file stats [port: 539]: fread [Total, Max, Min] = [0, 0, 0]
04-17 13:23:40.366292  1036  2793 I tftp_server: pid=1036 tid=2793 tftp-server : INF :[tftp_server.c, 1339] RRQ time stats : Total : [TX, RX] = [48, 333]
04-17 13:23:40.366310  1036  2793 I tftp_server: pid=1036 tid=2793 tftp-server : INF :[tftp_server.c, 1346] RRQ time stats [port: 539]: Tx/Rx [Min, Max] = [48, 48, 333, 333]
04-17 13:23:40.366328  1036  2793 I tftp_server: pid=1036 tid=2793 tftp-server : INF :[tftp_server.c, 1362] RRQ was successfully processed.
04-17 13:23:40.366370  1036  2793 I tftp_server: pid=1036 tid=2793 tftp-server : INF :[tftp_server.c, 1817] RRQ Total API = 908
04-17 13:23:40.366659  1036  1036 I tftp_server: pid=1036 tid=1036 tftp-server : INF :[tftp_server.c, 659] rcvd request [1] [65] [2] [0] [540]
04-17 13:23:40.367505  1036  2794 I tftp_server: pid=1036 tid=2794 tftp-server : INF :[tftp_server_utils.c, 113] file [readwrite/mcfg.tmp] : [/vendor/rfs/msm/mpss/readwrite/mcfg.tmp]
04-17 13:23:40.367608  1036  2794 I tftp_server: pid=1036 tid=2794 tftp-server : INF :[tftp_server.c, 1211] OACK options [port: 540] : [7680, 1000, 0, 0, 0, 0, 0, 0]
04-17 13:23:40.367784  1036  2794 I tftp_server: pid=1036 tid=2794 tftp-server : INF :[tftp_server.c, 1606] unlink was success
04-17 13:23:40.367866  1036  2794 I tftp_server: pid=1036 tid=2794 tftp-server : INF :[tftp_server.c, 1817] WRQ Total API = 446
04-17 13:23:40.367957  2608  2608 D WakeupController: WifiWake enabled
04-17 13:23:40.368387  1036  1036 I tftp_server: pid=1036 tid=1036 tftp-server : INF :[tftp_server.c, 659] rcvd request [1] [93] [1] [0] [541]
04-17 13:23:40.368981  1036  2795 I tftp_server: pid=1036 tid=2795 tftp-server : INF :[tftp_server_utils.c, 113] file [readonly/vendor/mbn/mcfg_hw/mbn_hw.dig] : [/vendor/rfs/msm/mpss/readonly/vendor/mbn/mcfg
--------- switch to system
04-17 13:23:40.369081  2608  2608 V HistoricalRegistry: Interaction before persistence initialized
--------- switch to main
04-17 13:23:40.370391  1036  2795 I tftp_server: pid=1036 tid=2795 tftp-server : INF :[tftp_server.c, 1211] OACK options [port: 541] : [7680, 1000, 32, 10, 0, 0, 0, 0]
04-17 13:23:40.370462  1036  2795 I tftp_server: pid=1036 tid=2795 tftp-server : INF :[tftp_os_la.c, 63] open : [-1] [-1] [384] [0] [/vendor/rfs/msm/mpss/readonly/vendor/mbn/mcfg_hw/mbn_hw.dig]
04-17 13:23:40.370788  1036  2795 I tftp_server: pid=1036 tid=2795 tftp-server : INF :[tftp_protocol.c, 744] Recd END OF TRANSFER pkt. Code = 9, Msg = End of Transfer
04-17 13:23:40.370827  1036  2795 I tftp_server: pid=1036 tid=2795 tftp-server : INF :[tftp_server.c, 1328] RRQ stats [port: 0]: sent_size = 541 total-blocks = 0 total-bytes = 0 timedout-pkts = 0, wrong-pkts
04-17 13:23:40.370859  1036  2795 I tftp_server: pid=1036 tid=2795 tftp-server : INF :[tftp_server.c, 1335] RRQ file stats [port: 541]: fread [Total, Max, Min] = [0, 0, 0]
04-17 13:23:40.370879  1036  2795 I tftp_server: pid=1036 tid=2795 tftp-server : INF :[tftp_server.c, 1339] RRQ time stats : Total : [TX, RX] = [51, 166]
04-17 13:23:40.370898  1036  2795 I tftp_server: pid=1036 tid=2795 tftp-server : INF :[tftp_server.c, 1346] RRQ time stats [port: 541]: Tx/Rx [Min, Max] = [51, 51, 166, 166]
04-17 13:23:40.370916  1036  2795 I tftp_server: pid=1036 tid=2795 tftp-server : INF :[tftp_server.c, 1362] RRQ was successfully processed.
04-17 13:23:40.370953  1036  2795 I tftp_server: pid=1036 tid=2795 tftp-server : INF :[tftp_server.c, 1817] RRQ Total API = 2067
04-17 13:23:40.370975  1036  1036 I tftp_server: pid=1036 tid=1036 tftp-server : INF :[tftp_server.c, 659] rcvd request [1] [101] [1] [0] [542]
04-17 13:23:40.372299  1036  2796 I tftp_server: pid=1036 tid=2796 tftp-server : INF :[tftp_server_utils.c, 113] file [readonly/vendor/mbn/mcfg_hw/mbn_hw.dig] : [/vendor/rfs/msm/mpss/readonly/vendor/mbn/mcfg
04-17 13:23:40.372427  1036  2796 I tftp_server: pid=1036 tid=2796 tftp-server : INF :[tftp_server.c, 1211] OACK options [port: 542] : [7680, 1000, 0, 10, 32, 0, 0, 0]
04-17 13:23:40.372459  1036  2796 I tftp_server: pid=1036 tid=2796 tftp-server : INF :[tftp_os_la.c, 63] open : [-1] [-1] [384] [0] [/vendor/rfs/msm/mpss/readonly/vendor/mbn/mcfg_hw/mbn_hw.dig]
04-17 13:23:40.373664  1036  2796 I tftp_server: pid=1036 tid=2796 tftp-server : INF :[tftp_server.c, 1328] RRQ stats [port: 32]: sent_size = 542 total-blocks = 1 total-bytes = 32 timedout-pkts = 0, wrong-pk
04-17 13:23:40.373701  1036  2796 I tftp_server: pid=1036 tid=2796 tftp-server : INF :[tftp_server.c, 1335] RRQ file stats [port: 542]: fread [Total, Max, Min] = [717, 717, 0]
04-17 13:23:40.373722  1036  2796 I tftp_server: pid=1036 tid=2796 tftp-server : INF :[tftp_server.c, 1339] RRQ time stats : Total : [TX, RX] = [70, 292]
04-17 13:23:40.373741  1036  2796 I tftp_server: pid=1036 tid=2796 tftp-server : INF :[tftp_server.c, 1346] RRQ time stats [port: 542]: Tx/Rx [Min, Max] = [27, 43, 127, 165]
04-17 13:23:40.373804  1036  2796 I tftp_server: pid=1036 tid=2796 tftp-server : INF :[tftp_server.c, 1362] RRQ was successfully processed.
04-17 13:23:40.373869  1036  2796 I tftp_server: pid=1036 tid=2796 tftp-server : INF :[tftp_server.c, 1817] RRQ Total API = 1660
04-17 13:23:40.373869  1036  1036 I tftp_server: pid=1036 tid=1036 tftp-server : INF :[tftp_server.c, 659] rcvd request [1] [93] [1] [0] [543]
04-17 13:23:40.375575  1036  2797 I tftp_server: pid=1036 tid=2797 tftp-server : INF :[tftp_server_utils.c, 113] file [readonly/vendor/mbn/mcfg_sw/mbn_sw.dig] : [/vendor/rfs/msm/mpss/readonly/vendor/mbn/mcfg
04-17 13:23:40.376078  2608  2608 I WifiService: Registering wifi
04-17 13:23:40.376572  1036  2797 I tftp_server: pid=1036 tid=2797 tftp-server : INF :[tftp_server.c, 1211] OACK options [port: 543] : [7680, 1000, 32, 10, 0, 0, 0, 0]
04-17 13:23:40.376621  1036  2797 I tftp_server: pid=1036 tid=2797 tftp-server : INF :[tftp_os_la.c, 63] open : [-1] [-1] [384] [0] [/vendor/rfs/msm/mpss/readonly/vendor/mbn/mcfg_sw/mbn_sw.dig]
--------- switch to system
04-17 13:23:40.376750  2608  2608 D SystemServerTiming: StartWifi took to complete: 195ms
04-17 13:23:40.376797  2608  2608 I SystemServerTiming: StartWifiScanning
04-17 13:23:40.376898  2608  2608 I SystemServiceManager: Starting com.android.server.wifi.scanner.WifiScanningService
--------- switch to main
04-17 13:23:40.376985  2608  2608 I WifiScanningService: Creating wifiscanner
04-17 13:23:40.377109  1036  1036 I tftp_server: pid=1036 tid=1036 tftp-server : INF :[tftp_server.c, 659] rcvd request [1] [101] [1] [0] [544]
04-17 13:23:40.377405  1036  2798 I tftp_server: pid=1036 tid=2798 tftp-server : INF :[tftp_server_utils.c, 113] file [readonly/vendor/mbn/mcfg_sw/mbn_sw.dig] : [/vendor/rfs/msm/mpss/readonly/vendor/mbn/mcfg
04-17 13:23:40.377498  1036  2798 I tftp_server: pid=1036 tid=2798 tftp-server : INF :[tftp_server.c, 1211] OACK options [port: 544] : [7680, 1000, 0, 10, 32, 0, 0, 0]
04-17 13:23:40.377530  1036  2798 I tftp_server: pid=1036 tid=2798 tftp-server : INF :[tftp_os_la.c, 63] open : [-1] [-1] [384] [0] [/vendor/rfs/msm/mpss/readonly/vendor/mbn/mcfg_sw/mbn_sw.dig]
04-17 13:23:40.378745  1036  2797 I tftp_server: pid=1036 tid=2797 tftp-server : INF :[tftp_protocol.c, 744] Recd END OF TRANSFER pkt. Code = 9, Msg = End of Transfer
04-17 13:23:40.378804  1036  2797 I tftp_server: pid=1036 tid=2797 tftp-server : INF :[tftp_server.c, 1328] RRQ stats [port: 0]: sent_size = 543 total-blocks = 0 total-bytes = 0 timedout-pkts = 0, wrong-pkts
04-17 13:23:40.378828  1036  2797 I tftp_server: pid=1036 tid=2797 tftp-server : INF :[tftp_server.c, 1335] RRQ file stats [port: 543]: fread [Total, Max, Min] = [0, 0, 0]
04-17 13:23:40.378846  1036  2797 I tftp_server: pid=1036 tid=2797 tftp-server : INF :[tftp_server.c, 1339] RRQ time stats : Total : [TX, RX] = [52, 1962]
04-17 13:23:40.378865  1036  2797 I tftp_server: pid=1036 tid=2797 tftp-server : INF :[tftp_server.c, 1346] RRQ time stats [port: 543]: Tx/Rx [Min, Max] = [52, 52, 1962, 1962]
04-17 13:23:40.378883  1036  2797 I tftp_server: pid=1036 tid=2797 tftp-server : INF :[tftp_server.c, 1362] RRQ was successfully processed.
04-17 13:23:40.378932  1036  2797 I tftp_server: pid=1036 tid=2797 tftp-server : INF :[tftp_server.c, 1817] RRQ Total API = 3454
04-17 13:23:40.379651  1036  2798 I tftp_server: pid=1036 tid=2798 tftp-server : INF :[tftp_server.c, 1328] RRQ stats [port: 32]: sent_size = 544 total-blocks = 1 total-bytes = 32 timedout-pkts = 0, wrong-pk
04-17 13:23:40.379685  1036  2798 I tftp_server: pid=1036 tid=2798 tftp-server : INF :[tftp_server.c, 1335] RRQ file stats [port: 544]: fread [Total, Max, Min] = [1061, 1061, 0]
04-17 13:23:40.379705  1036  2798 I tftp_server: pid=1036 tid=2798 tftp-server : INF :[tftp_server.c, 1339] RRQ time stats : Total : [TX, RX] = [60, 874]
04-17 13:23:40.379723  1036  2798 I tftp_server: pid=1036 tid=2798 tftp-server : INF :[tftp_server.c, 1346] RRQ time stats [port: 544]: Tx/Rx [Min, Max] = [25, 35, 99, 775]
04-17 13:23:40.379741  1036  2798 I tftp_server: pid=1036 tid=2798 tftp-server : INF :[tftp_server.c, 1362] RRQ was successfully processed.
04-17 13:23:40.379777  1036  2798 I tftp_server: pid=1036 tid=2798 tftp-server : INF :[tftp_server.c, 1817] RRQ Total API = 2482
04-17 13:23:40.386327  2608  2608 I WifiScanningService: Publishing wifiscanner
--------- switch to system
04-17 13:23:40.386940  2608  2608 D SystemServerTiming: StartWifiScanning took to complete: 10ms
04-17 13:23:40.387101  2608  2608 I SystemServerTiming: StartRttService
04-17 13:23:40.387201  2608  2608 I SystemServiceManager: Starting com.android.server.wifi.rtt.RttService
--------- switch to main
04-17 13:23:40.387519  2608  2608 I RttService: Registering wifirtt
--------- switch to system
04-17 13:23:40.388094  2608  2608 D SystemServerTiming: StartRttService took to complete: 1ms
04-17 13:23:40.388211  2608  2608 I SystemServerTiming: StartWifiAware
04-17 13:23:40.388454  2608  2608 I SystemServiceManager: Starting com.android.server.wifi.aware.WifiAwareService
--------- switch to main
04-17 13:23:40.388778  2608  2608 I WifiAwareService: Registering wifiaware
--------- switch to system
04-17 13:23:40.389346  2608  2608 D SystemServerTiming: StartWifiAware took to complete: 1ms
04-17 13:23:40.389473  2608  2608 I SystemServerTiming: StartWifiP2P
04-17 13:23:40.389554  2608  2608 I SystemServiceManager: Starting com.android.server.wifi.p2p.WifiP2pService
--------- switch to main
04-17 13:23:40.406047  2608  2608 I WifiP2pService: Registering wifip2p
--------- switch to system
04-17 13:23:40.406683  2608  2608 D SystemServerTiming: StartWifiP2P took to complete: 17ms
04-17 13:23:40.406856  2608  2608 I SystemServerTiming: StartEthernet
04-17 13:23:40.407296  2608  2608 I SystemServiceManager: Starting com.android.server.ethernet.EthernetService
--------- switch to main
04-17 13:23:40.407666  2608  2608 I EthernetService: Registering service ethernet
--------- switch to system
04-17 13:23:40.408274  2608  2608 D SystemServerTiming: StartEthernet took to complete: 1ms
04-17 13:23:40.408323  2608  2608 I SystemServerTiming: StartPacProxyService
04-17 13:23:40.412852  2608  2608 D SystemServerTiming: StartPacProxyService took to complete: 5ms
04-17 13:23:40.412925  2608  2608 I SystemServerTiming: StartConnectivityService
--------- switch to main
04-17 13:23:40.427498   573   573 I servicemanager: Notifying apexservice they have clients: 1
04-17 13:23:40.427709   573   573 I servicemanager: Notifying apexservice they have clients: 0
--------- switch to kernel
04-17 13:23:40.427772     0     0 I         : c1    829 AidlLazyServiceRegistrar: Process has 1 (of 1 available) client(s) in use after notification apexservice has clients: 1
04-17 13:23:40.427796     0     0 I         : c1    829 AidlLazyServiceRegistrar: Shutdown prevented by forcePersist override flag.
04-17 13:23:40.428029     0     0 I         : c1    829 AidlLazyServiceRegistrar: Process has 0 (of 1 available) client(s) in use after notification apexservice has clients: 0
04-17 13:23:40.428042     0     0 I         : c1    829 AidlLazyServiceRegistrar: Shutdown prevented by forcePersist override flag.
--------- switch to system
04-17 13:23:40.432731  2608  2608 I SystemServiceManager: Starting com.android.server.ConnectivityServiceInitializer
--------- switch to main
04-17 13:23:40.493376  2608  2608 D ConnectivityService: ConnectivityService starting up
