04-17 11:58:56.054439   984  1089 W ASH     : @ 38265.730: touch gesture: no valid gesture detected
04-17 11:58:56.119476   984  1089 W ASH     : @ 38265.794: touch gesture: no valid gesture detected
04-17 11:58:56.184279   984  1089 W ASH     : @ 38265.859: touch gesture: no valid gesture detected
04-17 11:58:56.248848   984  1089 W ASH     : @ 38265.924: touch gesture: no valid gesture detected
04-17 11:58:56.313276   984  1089 W ASH     : @ 38265.988: touch gesture: no valid gesture detected
--------- switch to kernel
04-17 11:58:56.346368     0     0 I         : c2   5787 google_charger: usbchg=USB typec=C usbv=5035 usbc=0 usbMv=5000 usbMc=450
04-17 11:58:56.346552     0     0 I         : c2   5787 sm7250_bms: MSC_PCS chg_state=1c2112f01030001 [0x1:1:3:4399:450] chg=u
04-17 11:58:56.346625     0     0 I         : c2   5787 google_battery: MSC_DIN chg_state=1c2112f01030001 f=0x1 chg_s=Not Charging chg_t=None vchg=4399 icl=450
04-17 11:58:56.348021     0     0 I         : c2   5787 google_battery: MSC_DSG vbatt_idx:4->4 vbatt=4399769 ibatt=-5493 fv_uv=4430000 cv_cnt=0 ov_cnt=0
04-17 11:58:56.348078     0     0 I         : c2   5787 google_battery: MSC_VOTE msc_state=2 cv_cnt=0 ov_cnt=0 temp_idx:2, vbatt_idx:4  fv_uv=4430000 cc_max=0 update_interval=-1
04-17 11:58:56.348171     0     0 I         : c2   5787 google_charger: MSC_CHG fv_uv=4430000, cc_max=0, rerun in 2000 ms (0)
--------- switch to main
04-17 11:58:56.378034   984  1089 W ASH     : @ 38266.053: touch gesture: no valid gesture detected
04-17 11:58:56.441320   984  1089 W ASH     : @ 38266.118: touch gesture: no valid gesture detected
04-17 11:58:56.507490   984  1089 W ASH     : @ 38266.182: touch gesture: no valid gesture detected
04-17 11:58:56.571703   984  1089 W ASH     : @ 38266.247: touch gesture: no valid gesture detected
04-17 11:58:56.636826   984  1089 W ASH     : @ 38266.312: touch gesture: no valid gesture detected
04-17 11:58:56.701148   984  1089 W ASH     : @ 38266.376: touch gesture: no valid gesture detected
04-17 11:58:56.766304   984  1089 W ASH     : @ 38266.441: touch gesture: no valid gesture detected
04-17 11:58:56.830636   984  1089 W ASH     : @ 38266.505: touch gesture: no valid gesture detected
04-17 11:58:56.895011   984  1089 W ASH     : @ 38266.570: touch gesture: no valid gesture detected
04-17 11:58:56.959651   984  1089 W ASH     : @ 38266.635: touch gesture: no valid gesture detected
04-17 11:58:57.024438   984  1089 W ASH     : @ 38266.699: touch gesture: no valid gesture detected
04-17 11:58:57.088164   984  1089 W ASH     : @ 38266.763: touch gesture: no valid gesture detected
04-17 11:58:57.153405   984  1089 W ASH     : @ 38266.828: touch gesture: no valid gesture detected
04-17 11:58:57.218117   984  1089 W ASH     : @ 38266.893: touch gesture: no valid gesture detected
04-17 11:58:57.282594   984  1089 W ASH     : @ 38266.958: touch gesture: no valid gesture detected
04-17 11:58:57.346931   984  1089 W ASH     : @ 38267.022: touch gesture: no valid gesture detected
04-17 11:58:57.411785   984  1089 W ASH     : @ 38267.087: touch gesture: no valid gesture detected
04-17 11:58:57.475457   984  1089 W ASH     : @ 38267.151: touch gesture: no valid gesture detected
04-17 11:58:57.540955   984  1089 W ASH     : @ 38267.216: touch gesture: no valid gesture detected
04-17 11:58:57.605643   984  1089 W ASH     : @ 38267.280: touch gesture: no valid gesture detected
04-17 11:58:57.670185   984  1089 W ASH     : @ 38267.345: touch gesture: no valid gesture detected
--------- switch to radio
04-17 11:58:57.690282  3483  3483 D RILJ    : [0446]> GET_CELL_INFO_LIST [PHONE1]
04-17 11:58:57.702230  3483  3515 D RILJ    : [0446]< GET_CELL_INFO_LIST [] [PHONE1]
04-17 11:58:57.704174  3483  3483 D LocaleTracker-1: processCellInfo: cell info=[]
04-17 11:58:57.704520  3483  3483 D LocaleTracker-1: updateLocale: countryIso = , countryIsoDebugInfo = empty as default
04-17 11:58:57.704732  3483  3483 D LocaleTracker-1: updateLocale: timeZoneCountryIso = , timeZoneCountryIsoDebugInfo = Defaulted: empty as default
04-17 11:58:57.704932  3483  3483 D NewNitzStateMachineImpl: handleCountryUnavailable: mLatestNitzSignal=null
04-17 11:58:57.705848  3483  3483 D NewNitzStateMachineImpl: doTimeZoneDetection: countryIsoCode=null, nitzSignal=null, suggestion=TelephonyTimeZoneSuggestion{mSlotIndex=1, mZoneId='null', mMatchType=0, mQuality=0, mDebugInfo=[getTimeZoneSuggestion: nitzSignal=null, countryIsoCode=null, Detection reason=handleCountryUnavailable()]}, reason=handleCountryUnavailable()
04-17 11:58:57.706218  3483  3483 D LocaleTracker-1: processCellInfo: cell info=[]
04-17 11:58:57.706437  3483  3483 D LocaleTracker-1: updateLocale: countryIso = , countryIsoDebugInfo = empty as default
04-17 11:58:57.706718  3483  3483 D LocaleTracker-1: updateLocale: timeZoneCountryIso = , timeZoneCountryIsoDebugInfo = Defaulted: empty as default
04-17 11:58:57.706913  3483  3483 D NewNitzStateMachineImpl: handleCountryUnavailable: mLatestNitzSignal=null
04-17 11:58:57.707457  3483  3483 D NewNitzStateMachineImpl: doTimeZoneDetection: countryIsoCode=null, nitzSignal=null, suggestion=TelephonyTimeZoneSuggestion{mSlotIndex=1, mZoneId='null', mMatchType=0, mQuality=0, mDebugInfo=[getTimeZoneSuggestion: nitzSignal=null, countryIsoCode=null, Detection reason=handleCountryUnavailable()]}, reason=handleCountryUnavailable()
04-17 11:58:57.707787  3483  3483 D LocaleTracker-1: Can't get cell info. Try again in 600 secs.
--------- switch to main
04-17 11:58:57.734607   984  1089 W ASH     : @ 38267.410: touch gesture: no valid gesture detected
04-17 11:58:57.799241   984  1089 W ASH     : @ 38267.474: touch gesture: no valid gesture detected
04-17 11:58:57.864209   984  1089 W ASH     : @ 38267.539: touch gesture: no valid gesture detected
04-17 11:58:57.928527   984  1089 W ASH     : @ 38267.604: touch gesture: no valid gesture detected
04-17 11:58:57.993433   984  1089 W ASH     : @ 38267.668: touch gesture: no valid gesture detected
04-17 11:58:58.057635   984  1089 W ASH     : @ 38267.733: touch gesture: no valid gesture detected
04-17 11:58:58.122311   984  1089 W ASH     : @ 38267.797: touch gesture: no valid gesture detected
04-17 11:58:58.186912   984  1089 W ASH     : @ 38267.862: touch gesture: no valid gesture detected
04-17 11:58:58.251675   984  1089 W ASH     : @ 38267.927: touch gesture: no valid gesture detected
04-17 11:58:58.316303   984  1089 W ASH     : @ 38267.991: touch gesture: no valid gesture detected
--------- switch to kernel
04-17 11:58:58.360960     0     0 I         : c2   5787 google_charger: usbchg=USB typec=C usbv=5036 usbc=0 usbMv=5000 usbMc=450
04-17 11:58:58.361156     0     0 I         : c2   5787 sm7250_bms: MSC_PCS chg_state=1c2112f01030001 [0x1:1:3:4399:450] chg=u
04-17 11:58:58.361236     0     0 I         : c2   5787 google_battery: MSC_DIN chg_state=1c2112f01030001 f=0x1 chg_s=Not Charging chg_t=None vchg=4399 icl=450
04-17 11:58:58.362990     0     0 I         : c2   5787 google_battery: MSC_DSG vbatt_idx:4->4 vbatt=4399769 ibatt=-5493 fv_uv=4430000 cv_cnt=0 ov_cnt=0
04-17 11:58:58.363059     0     0 I         : c2   5787 google_battery: MSC_VOTE msc_state=2 cv_cnt=0 ov_cnt=0 temp_idx:2, vbatt_idx:4  fv_uv=4430000 cc_max=0 update_interval=-1
04-17 11:58:58.363160     0     0 I         : c2   5787 google_charger: MSC_CHG fv_uv=4430000, cc_max=0, rerun in 2000 ms (0)
--------- switch to main
04-17 11:58:58.381154   984  1089 W ASH     : @ 38268.056: touch gesture: no valid gesture detected
04-17 11:58:58.445955   984  1089 W ASH     : @ 38268.121: touch gesture: no valid gesture detected
04-17 11:58:58.510385   984  1089 W ASH     : @ 38268.185: touch gesture: no valid gesture detected
04-17 11:58:58.574237   984  1089 W ASH     : @ 38268.250: touch gesture: no valid gesture detected
04-17 11:58:58.639883   984  1089 W ASH     : @ 38268.315: touch gesture: no valid gesture detected
04-17 11:58:58.704425   984  1089 W ASH     : @ 38268.379: touch gesture: no valid gesture detected
04-17 11:58:58.769020   984  1089 W ASH     : @ 38268.444: touch gesture: no valid gesture detected
04-17 11:58:58.833485   984  1089 W ASH     : @ 38268.509: touch gesture: no valid gesture detected
04-17 11:58:58.898504   984  1089 W ASH     : @ 38268.573: touch gesture: no valid gesture detected
04-17 11:58:58.962942   984  1089 W ASH     : @ 38268.638: touch gesture: no valid gesture detected
04-17 11:58:59.027564   984  1089 W ASH     : @ 38268.703: touch gesture: no valid gesture detected
04-17 11:58:59.092420   984  1089 W ASH     : @ 38268.767: touch gesture: no valid gesture detected
04-17 11:58:59.156914   984  1089 W ASH     : @ 38268.832: touch gesture: no valid gesture detected
04-17 11:58:59.221317   984  1089 W ASH     : @ 38268.896: touch gesture: no valid gesture detected
04-17 11:58:59.286197   984  1089 W ASH     : @ 38268.961: touch gesture: no valid gesture detected
04-17 11:58:59.350750   984  1089 W ASH     : @ 38269.026: touch gesture: no valid gesture detected
04-17 11:58:59.415733   984  1089 W ASH     : @ 38269.090: touch gesture: no valid gesture detected
04-17 11:58:59.479143   984  1089 W ASH     : @ 38269.155: touch gesture: no valid gesture detected
04-17 11:58:59.544549   984  1089 W ASH     : @ 38269.219: touch gesture: no valid gesture detected
04-17 11:58:59.609143   984  1089 W ASH     : @ 38269.284: touch gesture: no valid gesture detected
04-17 11:58:59.673576   984  1089 W ASH     : @ 38269.349: touch gesture: no valid gesture detected
04-17 11:58:59.738389   984  1089 W ASH     : @ 38269.413: touch gesture: no valid gesture detected
04-17 11:58:59.803075   984  1089 W ASH     : @ 38269.478: touch gesture: no valid gesture detected
04-17 11:58:59.867448   984  1089 W ASH     : @ 38269.543: touch gesture: no valid gesture detected
04-17 11:58:59.932492   984  1089 W ASH     : @ 38269.607: touch gesture: no valid gesture detected
04-17 11:58:59.997411   984  1089 W ASH     : @ 38269.672: touch gesture: no valid gesture detected
04-17 11:59:00.061552   984  1089 W ASH     : @ 38269.737: touch gesture: no valid gesture detected
04-17 11:59:00.126082   984  1089 W ASH     : @ 38269.801: touch gesture: no valid gesture detected
04-17 11:59:00.191016   984  1089 W ASH     : @ 38269.866: touch gesture: no valid gesture detected
04-17 11:59:00.256140   984  1089 W ASH     : @ 38269.931: touch gesture: no valid gesture detected
04-17 11:59:00.320007   984  1089 W ASH     : @ 38269.995: touch gesture: no valid gesture detected
--------- switch to kernel
04-17 11:59:00.377541     0     0 I         : c2   5787 google_charger: usbchg=USB typec=C usbv=5051 usbc=0 usbMv=5000 usbMc=450
04-17 11:59:00.377897     0     0 I         : c2   5787 sm7250_bms: MSC_PCS chg_state=1c2112f01030001 [0x1:1:3:4399:450] chg=u
04-17 11:59:00.377980     0     0 I         : c2   5787 google_battery: MSC_DIN chg_state=1c2112f01030001 f=0x1 chg_s=Not Charging chg_t=None vchg=4399 icl=450
--------- switch to main
04-17 11:59:00.383997   984  1089 W ASH     : @ 38270.060: touch gesture: no valid gesture detected
--------- switch to kernel
04-17 11:59:00.379727     0     0 I         : c2   5787 google_battery: MSC_DSG vbatt_idx:4->4 vbatt=4399769 ibatt=-5493 fv_uv=4430000 cv_cnt=0 ov_cnt=0
04-17 11:59:00.379801     0     0 I         : c2   5787 google_battery: MSC_VOTE msc_state=2 cv_cnt=0 ov_cnt=0 temp_idx:2, vbatt_idx:4  fv_uv=4430000 cc_max=0 update_interval=-1
04-17 11:59:00.379910     0     0 I         : c2   5787 google_charger: MSC_CHG fv_uv=4430000, cc_max=0, rerun in 2000 ms (0)
--------- switch to main
04-17 11:59:00.449349   984  1089 W ASH     : @ 38270.124: touch gesture: no valid gesture detected
04-17 11:59:00.513771   984  1089 W ASH     : @ 38270.189: touch gesture: no valid gesture detected
04-17 11:59:00.578961   984  1089 W ASH     : @ 38270.254: touch gesture: no valid gesture detected
04-17 11:59:00.643434   984  1089 W ASH     : @ 38270.318: touch gesture: no valid gesture detected
04-17 11:59:00.707421   984  1089 W ASH     : @ 38270.383: touch gesture: no valid gesture detected
04-17 11:59:00.773315   984  1089 W ASH     : @ 38270.448: touch gesture: no valid gesture detected
04-17 11:59:00.837478   984  1089 W ASH     : @ 38270.512: touch gesture: no valid gesture detected
04-17 11:59:00.901945   984  1089 W ASH     : @ 38270.577: touch gesture: no valid gesture detected
04-17 11:59:00.966812   984  1089 W ASH     : @ 38270.642: touch gesture: no valid gesture detected
04-17 11:59:01.031498   984  1089 W ASH     : @ 38270.706: touch gesture: no valid gesture detected
04-17 11:59:01.096183   984  1089 W ASH     : @ 38270.771: touch gesture: no valid gesture detected
04-17 11:59:01.160469   984  1089 W ASH     : @ 38270.836: touch gesture: no valid gesture detected
04-17 11:59:01.225587   984  1089 W ASH     : @ 38270.900: touch gesture: no valid gesture detected
04-17 11:59:01.290209   984  1089 W ASH     : @ 38270.965: touch gesture: no valid gesture detected
04-17 11:59:01.354999   984  1089 W ASH     : @ 38271.030: touch gesture: no valid gesture detected
04-17 11:59:01.419565   984  1089 W ASH     : @ 38271.095: touch gesture: no valid gesture detected
04-17 11:59:01.484264   984  1089 W ASH     : @ 38271.159: touch gesture: no valid gesture detected
04-17 11:59:01.549209   984  1089 W ASH     : @ 38271.224: touch gesture: no valid gesture detected
04-17 11:59:01.613778   984  1089 W ASH     : @ 38271.289: touch gesture: no valid gesture detected
04-17 11:59:01.677336   984  1089 W ASH     : @ 38271.354: touch gesture: no valid gesture detected
04-17 11:59:01.743577   984  1089 W ASH     : @ 38271.418: touch gesture: no valid gesture detected
04-17 11:59:01.807997   984  1089 W ASH     : @ 38271.483: touch gesture: no valid gesture detected
04-17 11:59:01.812183   990  1023 D rlsservice: MonitorDisplayStatus client num 0, display status 0, sensor status 0
04-17 11:59:01.872615   984  1089 W ASH     : @ 38271.548: touch gesture: no valid gesture detected
04-17 11:59:01.937566   984  1089 W ASH     : @ 38271.612: touch gesture: no valid gesture detected
04-17 11:59:02.002220   984  1089 W ASH     : @ 38271.677: touch gesture: no valid gesture detected
04-17 11:59:02.067194   984  1089 W ASH     : @ 38271.742: touch gesture: no valid gesture detected
04-17 11:59:02.131759   984  1089 W ASH     : @ 38271.807: touch gesture: no valid gesture detected
04-17 11:59:02.196183   984  1089 W ASH     : @ 38271.871: touch gesture: no valid gesture detected
04-17 11:59:02.261322   984  1089 W ASH     : @ 38271.936: touch gesture: no valid gesture detected
04-17 11:59:02.326028   984  1089 W ASH     : @ 38272.001: touch gesture: no valid gesture detected
04-17 11:59:02.390526   984  1089 W ASH     : @ 38272.066: touch gesture: no valid gesture detected
--------- switch to kernel
04-17 11:59:02.390819     0     0 I         : c2   5787 google_charger: usbchg=USB typec=C usbv=5036 usbc=0 usbMv=5000 usbMc=450
04-17 11:59:02.391356     0     0 I         : c2   5787 sm7250_bms: MSC_PCS chg_state=1c2112f01030001 [0x1:1:3:4399:450] chg=u
04-17 11:59:02.391432     0     0 I         : c2   5787 google_battery: MSC_DIN chg_state=1c2112f01030001 f=0x1 chg_s=Not Charging chg_t=None vchg=4399 icl=450
04-17 11:59:02.392933     0     0 I         : c2   5787 google_battery: MSC_DSG vbatt_idx:4->4 vbatt=4399769 ibatt=-5493 fv_uv=4430000 cv_cnt=0 ov_cnt=0
04-17 11:59:02.392996     0     0 I         : c2   5787 google_battery: MSC_VOTE msc_state=2 cv_cnt=0 ov_cnt=0 temp_idx:2, vbatt_idx:4  fv_uv=4430000 cc_max=0 update_interval=-1
04-17 11:59:02.393084     0     0 I         : c2   5787 google_charger: MSC_CHG fv_uv=4430000, cc_max=0, rerun in 2000 ms (0)
--------- switch to main
04-17 11:59:02.455216   984  1089 W ASH     : @ 38272.130: touch gesture: no valid gesture detected
04-17 11:59:02.520028   984  1089 W ASH     : @ 38272.195: touch gesture: no valid gesture detected
04-17 11:59:02.584521   984  1089 W ASH     : @ 38272.260: touch gesture: no valid gesture detected
04-17 11:59:02.649609   984  1089 W ASH     : @ 38272.324: touch gesture: no valid gesture detected
04-17 11:59:02.714131   984  1089 W ASH     : @ 38272.389: touch gesture: no valid gesture detected
04-17 11:59:02.778808   984  1089 W ASH     : @ 38272.454: touch gesture: no valid gesture detected
04-17 11:59:02.842302   984  1089 W ASH     : @ 38272.518: touch gesture: no valid gesture detected
04-17 11:59:02.908100   984  1089 W ASH     : @ 38272.583: touch gesture: no valid gesture detected
04-17 11:59:02.972999   984  1089 W ASH     : @ 38272.648: touch gesture: no valid gesture detected
04-17 11:59:03.037460   984  1089 W ASH     : @ 38272.712: touch gesture: no valid gesture detected
04-17 11:59:03.101925   984  1089 W ASH     : @ 38272.777: touch gesture: no valid gesture detected
04-17 11:59:03.166795   984  1089 W ASH     : @ 38272.842: touch gesture: no valid gesture detected
04-17 11:59:03.231218   984  1089 W ASH     : @ 38272.906: touch gesture: no valid gesture detected
04-17 11:59:03.236746   960   960 D vendor.qti.bluetooth@1.0-uart_transport: SocRxDWakeup: Flow off->Change UART baudrate to 38.4kbs->send 0x00->Change UART baudrate to max->Flow on
04-17 11:59:03.237055   960   960 I vendor.qti.bluetooth@1.0-uart_transport: ## userial_vendor_ioctl: UART Flow Off 
--------- switch to kernel
04-17 11:59:03.233547     0     0 I         : c0    960 msm_geni_serial 894000.qcom,qup_uart: msm_geni_serial_set_termios: Start
04-17 11:59:03.234429     0     0 I         : c0    960 msm_geni_serial 894000.qcom,qup_uart: msm_geni_serial_set_termios: geni_se_clk_freq_match
04-17 11:59:03.234612     0     0 I         : c0    960 msm_geni_serial 894000.qcom,qup_uart: msm_geni_serial_set_termios: check parity
04-17 11:59:03.234644     0     0 I         : c0    960 msm_geni_serial 894000.qcom,qup_uart: msm_geni_serial_set_termios: geni_serial_write_term_regs
04-17 11:59:03.234712     0     0 I         : c0    960 msm_geni_serial 894000.qcom,qup_uart: msm_geni_serial_set_termios: End
04-17 11:59:03.235769     0     0 I         : c5    960 msm_geni_serial 894000.qcom,qup_uart: msm_geni_serial_set_termios: Start
--------- switch to main
04-17 11:59:03.239304   960   960 I vendor.qti.bluetooth@1.0-uart_transport: ## userial_vendor_set_baud: 17
--------- switch to kernel
04-17 11:59:03.245349     0     0 I         : c0    960 msm_geni_serial 894000.qcom,qup_uart: msm_geni_serial_set_termios: geni_se_clk_freq_match
04-17 11:59:03.245622     0     0 I         : c0    960 msm_geni_serial 894000.qcom,qup_uart: msm_geni_serial_set_termios: check parity
04-17 11:59:03.245654     0     0 I         : c0    960 msm_geni_serial 894000.qcom,qup_uart: msm_geni_serial_set_termios: geni_serial_write_term_regs
04-17 11:59:03.245730     0     0 I         : c0    960 msm_geni_serial 894000.qcom,qup_uart: msm_geni_serial_set_termios: End
--------- switch to main
04-17 11:59:03.249543   960   960 I vendor.qti.bluetooth@1.0-uart_transport: SetBaudRate: in BOTHER
04-17 11:59:03.249708   960   960 I vendor.qti.bluetooth@1.0-uart_transport: ## userial_vendor_ioctl: UART Flow On 
04-17 11:59:03.251132   960  3561 I vendor.qti.bluetooth@1.0-ibs_handler: ProcessIbsCmd: Received IBS_WAKE_ACK: 0xFC
04-17 11:59:03.251240   960  3561 I vendor.qti.bluetooth@1.0-ibs_handler: ProcessIbsCmd: Signal wack_cond_
04-17 11:59:03.251332   960  3561 I vendor.qti.bluetooth@1.0-ibs_handler: ProcessIbsCmd: Received IBS_WAKE_ACK: 0xFC
04-17 11:59:03.251373   960   960 D vendor.qti.bluetooth@1.0-ibs_handler: DeviceWakeUp: Unblocked from waiting for FC
04-17 11:59:03.251589   960  3561 I vendor.qti.bluetooth@1.0-ibs_handler: ProcessIbsCmd: Signal wack_cond_
04-17 11:59:03.295877   984  1089 W ASH     : @ 38272.971: touch gesture: no valid gesture detected
04-17 11:59:03.360289   984  1089 W ASH     : @ 38273.035: touch gesture: no valid gesture detected
04-17 11:59:03.424881   984  1089 W ASH     : @ 38273.100: touch gesture: no valid gesture detected
04-17 11:59:03.489670   984  1089 W ASH     : @ 38273.165: touch gesture: no valid gesture detected
04-17 11:59:03.554430   984  1089 W ASH     : @ 38273.229: touch gesture: no valid gesture detected
04-17 11:59:03.619462   984  1089 W ASH     : @ 38273.294: touch gesture: no valid gesture detected
04-17 11:59:03.683986   984  1089 W ASH     : @ 38273.359: touch gesture: no valid gesture detected
04-17 11:59:03.748413   984  1089 W ASH     : @ 38273.423: touch gesture: no valid gesture detected
04-17 11:59:03.812729   984  1089 W ASH     : @ 38273.488: touch gesture: no valid gesture detected
04-17 11:59:03.877535   984  1089 W ASH     : @ 38273.552: touch gesture: no valid gesture detected
04-17 11:59:03.942275   984  1089 W ASH     : @ 38273.617: touch gesture: no valid gesture detected
04-17 11:59:04.006797   984  1089 W ASH     : @ 38273.682: touch gesture: no valid gesture detected
04-17 11:59:04.071291   984  1089 W ASH     : @ 38273.746: touch gesture: no valid gesture detected
04-17 11:59:04.135761   984  1089 W ASH     : @ 38273.811: touch gesture: no valid gesture detected
04-17 11:59:04.200689   984  1089 W ASH     : @ 38273.876: touch gesture: no valid gesture detected
04-17 11:59:04.265105   984  1089 W ASH     : @ 38273.940: touch gesture: no valid gesture detected
04-17 11:59:04.329744   984  1089 W ASH     : @ 38274.005: touch gesture: no valid gesture detected
04-17 11:59:04.394341   984  1089 W ASH     : @ 38274.069: touch gesture: no valid gesture detected
--------- switch to kernel
04-17 11:59:04.408187     0     0 I         : c2   5787 google_charger: usbchg=USB typec=C usbv=5036 usbc=0 usbMv=5000 usbMc=450
04-17 11:59:04.408605     0     0 I         : c2   5787 sm7250_bms: MSC_PCS chg_state=1c2112f01030001 [0x1:1:3:4399:450] chg=u
04-17 11:59:04.408680     0     0 I         : c2   5787 google_battery: MSC_DIN chg_state=1c2112f01030001 f=0x1 chg_s=Not Charging chg_t=None vchg=4399 icl=450
04-17 11:59:04.410297     0     0 I         : c2   5787 google_battery: MSC_DSG vbatt_idx:4->4 vbatt=4399769 ibatt=-6713 fv_uv=4430000 cv_cnt=0 ov_cnt=0
04-17 11:59:04.410355     0     0 I         : c2   5787 google_battery: MSC_VOTE msc_state=2 cv_cnt=0 ov_cnt=0 temp_idx:2, vbatt_idx:4  fv_uv=4430000 cc_max=0 update_interval=-1
04-17 11:59:04.410449     0     0 I         : c2   5787 google_charger: MSC_CHG fv_uv=4430000, cc_max=0, rerun in 2000 ms (0)
--------- switch to main
04-17 11:59:04.459185   984  1089 W ASH     : @ 38274.134: touch gesture: no valid gesture detected
04-17 11:59:04.522283   984  1089 W ASH     : @ 38274.199: touch gesture: no valid gesture detected
04-17 11:59:04.588357   984  1089 W ASH     : @ 38274.263: touch gesture: no valid gesture detected
04-17 11:59:04.652985   984  1089 W ASH     : @ 38274.328: touch gesture: no valid gesture detected
04-17 11:59:04.717432   984  1089 W ASH     : @ 38274.392: touch gesture: no valid gesture detected
04-17 11:59:04.781785   984  1089 W ASH     : @ 38274.457: touch gesture: no valid gesture detected
04-17 11:59:04.846613   984  1089 W ASH     : @ 38274.522: touch gesture: no valid gesture detected
04-17 11:59:04.911205   984  1089 W ASH     : @ 38274.586: touch gesture: no valid gesture detected
04-17 11:59:04.975019   984  1089 W ASH     : @ 38274.651: touch gesture: no valid gesture detected
04-17 11:59:05.040578   984  1089 W ASH     : @ 38274.715: touch gesture: no valid gesture detected
04-17 11:59:05.105066   984  1089 W ASH     : @ 38274.780: touch gesture: no valid gesture detected
04-17 11:59:05.169854   984  1089 W ASH     : @ 38274.845: touch gesture: no valid gesture detected
04-17 11:59:05.235064   984  1089 W ASH     : @ 38274.909: touch gesture: no valid gesture detected
04-17 11:59:05.299148   984  1089 W ASH     : @ 38274.974: touch gesture: no valid gesture detected
04-17 11:59:05.363841   984  1089 W ASH     : @ 38275.039: touch gesture: no valid gesture detected
04-17 11:59:05.429052   984  1089 W ASH     : @ 38275.103: touch gesture: no valid gesture detected
04-17 11:59:05.493259   984  1089 W ASH     : @ 38275.168: touch gesture: no valid gesture detected
04-17 11:59:05.557918   984  1089 W ASH     : @ 38275.233: touch gesture: no valid gesture detected
04-17 11:59:05.622596   984  1089 W ASH     : @ 38275.297: touch gesture: no valid gesture detected
04-17 11:59:05.687286   984  1089 W ASH     : @ 38275.362: touch gesture: no valid gesture detected
04-17 11:59:05.752082   984  1089 W ASH     : @ 38275.427: touch gesture: no valid gesture detected
04-17 11:59:05.816649   984  1089 W ASH     : @ 38275.492: touch gesture: no valid gesture detected
04-17 11:59:05.881160   984  1089 W ASH     : @ 38275.556: touch gesture: no valid gesture detected
04-17 11:59:05.945798   984  1089 W ASH     : @ 38275.621: touch gesture: no valid gesture detected
04-17 11:59:06.010455   984  1089 W ASH     : @ 38275.685: touch gesture: no valid gesture detected
04-17 11:59:06.075160   984  1089 W ASH     : @ 38275.750: touch gesture: no valid gesture detected
04-17 11:59:06.139812   984  1089 W ASH     : @ 38275.815: touch gesture: no valid gesture detected
04-17 11:59:06.204448   984  1089 W ASH     : @ 38275.879: touch gesture: no valid gesture detected
04-17 11:59:06.268992   984  1089 W ASH     : @ 38275.944: touch gesture: no valid gesture detected
04-17 11:59:06.333797   984  1089 W ASH     : @ 38276.008: touch gesture: no valid gesture detected
04-17 11:59:06.397762   984  1089 W ASH     : @ 38276.073: touch gesture: no valid gesture detected
--------- switch to kernel
04-17 11:59:06.423895     0     0 I         : c2   5787 google_charger: usbchg=USB typec=C usbv=5051 usbc=0 usbMv=5000 usbMc=450
04-17 11:59:06.424077     0     0 I         : c2   5787 sm7250_bms: MSC_PCS chg_state=1c2112f01030001 [0x1:1:3:4399:450] chg=u
04-17 11:59:06.424148     0     0 I         : c2   5787 google_battery: MSC_DIN chg_state=1c2112f01030001 f=0x1 chg_s=Not Charging chg_t=None vchg=4399 icl=450
04-17 11:59:06.425956     0     0 I         : c2   5787 google_battery: MSC_DSG vbatt_idx:4->4 vbatt=4399769 ibatt=-6713 fv_uv=4430000 cv_cnt=0 ov_cnt=0
04-17 11:59:06.426012     0     0 I         : c2   5787 google_battery: MSC_VOTE msc_state=2 cv_cnt=0 ov_cnt=0 temp_idx:2, vbatt_idx:4  fv_uv=4430000 cc_max=0 update_interval=-1
04-17 11:59:06.426093     0     0 I         : c2   5787 google_charger: MSC_CHG fv_uv=4430000, cc_max=0, rerun in 2000 ms (0)
--------- switch to main
04-17 11:59:06.463019   984  1089 W ASH     : @ 38276.137: touch gesture: no valid gesture detected
04-17 11:59:06.527283   984  1089 W ASH     : @ 38276.202: touch gesture: no valid gesture detected
04-17 11:59:06.592178   984  1089 W ASH     : @ 38276.267: touch gesture: no valid gesture detected
04-17 11:59:06.656209   984  1089 W ASH     : @ 38276.331: touch gesture: no valid gesture detected
04-17 11:59:06.720944   984  1089 W ASH     : @ 38276.396: touch gesture: no valid gesture detected
04-17 11:59:06.785750   984  1089 W ASH     : @ 38276.460: touch gesture: no valid gesture detected
04-17 11:59:06.850565   984  1089 W ASH     : @ 38276.525: touch gesture: no valid gesture detected
04-17 11:59:06.914688   984  1089 W ASH     : @ 38276.590: touch gesture: no valid gesture detected
04-17 11:59:06.979007   984  1089 W ASH     : @ 38276.654: touch gesture: no valid gesture detected
04-17 11:59:07.043811   984  1089 W ASH     : @ 38276.719: touch gesture: no valid gesture detected
04-17 11:59:07.107723   984  1089 W ASH     : @ 38276.783: touch gesture: no valid gesture detected
04-17 11:59:07.172879   984  1089 W ASH     : @ 38276.848: touch gesture: no valid gesture detected
04-17 11:59:07.237469   984  1089 W ASH     : @ 38276.913: touch gesture: no valid gesture detected
04-17 11:59:07.301610   984  1089 W ASH     : @ 38276.977: touch gesture: no valid gesture detected
04-17 11:59:07.366417   984  1089 W ASH     : @ 38277.042: touch gesture: no valid gesture detected
04-17 11:59:07.431315   984  1089 W ASH     : @ 38277.106: touch gesture: no valid gesture detected
04-17 11:59:07.495639   984  1089 W ASH     : @ 38277.171: touch gesture: no valid gesture detected
04-17 11:59:07.560464   984  1089 W ASH     : @ 38277.235: touch gesture: no valid gesture detected
04-17 11:59:07.624889   984  1089 W ASH     : @ 38277.300: touch gesture: no valid gesture detected
04-17 11:59:07.689580   984  1089 W ASH     : @ 38277.365: touch gesture: no valid gesture detected
04-17 11:59:07.754074   984  1089 W ASH     : @ 38277.429: touch gesture: no valid gesture detected
04-17 11:59:07.819003   984  1089 W ASH     : @ 38277.494: touch gesture: no valid gesture detected
04-17 11:59:07.883182   984  1089 W ASH     : @ 38277.558: touch gesture: no valid gesture detected
04-17 11:59:07.947933   984  1089 W ASH     : @ 38277.623: touch gesture: no valid gesture detected
04-17 11:59:08.012546   984  1089 W ASH     : @ 38277.687: touch gesture: no valid gesture detected
04-17 11:59:08.077100   984  1089 W ASH     : @ 38277.752: touch gesture: no valid gesture detected
04-17 11:59:08.141747   984  1089 W ASH     : @ 38277.817: touch gesture: no valid gesture detected
04-17 11:59:08.206182   984  1089 W ASH     : @ 38277.881: touch gesture: no valid gesture detected
04-17 11:59:08.270870   984  1089 W ASH     : @ 38277.946: touch gesture: no valid gesture detected
04-17 11:59:08.335541   984  1089 W ASH     : @ 38278.010: touch gesture: no valid gesture detected
04-17 11:59:08.399806   984  1089 W ASH     : @ 38278.075: touch gesture: no valid gesture detected
--------- switch to kernel
04-17 11:59:08.440537     0     0 I         : c2   5787 google_charger: usbchg=USB typec=C usbv=5054 usbc=0 usbMv=5000 usbMc=450
04-17 11:59:08.440719     0     0 I         : c2   5787 sm7250_bms: MSC_PCS chg_state=1c2112f01030001 [0x1:1:3:4399:450] chg=u
04-17 11:59:08.440790     0     0 I         : c2   5787 google_battery: MSC_DIN chg_state=1c2112f01030001 f=0x1 chg_s=Not Charging chg_t=None vchg=4399 icl=450
04-17 11:59:08.442599     0     0 I         : c2   5787 google_battery: MSC_DSG vbatt_idx:4->4 vbatt=4399769 ibatt=-6713 fv_uv=4430000 cv_cnt=0 ov_cnt=0
04-17 11:59:08.442653     0     0 I         : c2   5787 google_battery: MSC_VOTE msc_state=2 cv_cnt=0 ov_cnt=0 temp_idx:2, vbatt_idx:4  fv_uv=4430000 cc_max=0 update_interval=-1
04-17 11:59:08.442732     0     0 I         : c2   5787 google_charger: MSC_CHG fv_uv=4430000, cc_max=0, rerun in 2000 ms (0)
--------- switch to main
04-17 11:59:08.464272   984  1089 W ASH     : @ 38278.139: touch gesture: no valid gesture detected
04-17 11:59:08.528930   984  1089 W ASH     : @ 38278.204: touch gesture: no valid gesture detected
04-17 11:59:08.593614   984  1089 W ASH     : @ 38278.269: touch gesture: no valid gesture detected
04-17 11:59:08.658066   984  1089 W ASH     : @ 38278.333: touch gesture: no valid gesture detected
04-17 11:59:08.722652   984  1089 W ASH     : @ 38278.398: touch gesture: no valid gesture detected
04-17 11:59:08.787585   984  1089 W ASH     : @ 38278.462: touch gesture: no valid gesture detected
04-17 11:59:08.851877   984  1089 W ASH     : @ 38278.527: touch gesture: no valid gesture detected
04-17 11:59:08.916857   984  1089 W ASH     : @ 38278.592: touch gesture: no valid gesture detected
04-17 11:59:08.981376   984  1089 W ASH     : @ 38278.656: touch gesture: no valid gesture detected
04-17 11:59:09.046213   984  1089 W ASH     : @ 38278.721: touch gesture: no valid gesture detected
04-17 11:59:09.110955   984  1089 W ASH     : @ 38278.786: touch gesture: no valid gesture detected
04-17 11:59:09.175534   984  1089 W ASH     : @ 38278.850: touch gesture: no valid gesture detected
04-17 11:59:09.240287   984  1089 W ASH     : @ 38278.915: touch gesture: no valid gesture detected
04-17 11:59:09.304933   984  1089 W ASH     : @ 38278.980: touch gesture: no valid gesture detected
04-17 11:59:09.369449   984  1089 W ASH     : @ 38279.044: touch gesture: no valid gesture detected
04-17 11:59:09.434102   984  1089 W ASH     : @ 38279.109: touch gesture: no valid gesture detected
04-17 11:59:09.499009   984  1089 W ASH     : @ 38279.174: touch gesture: no valid gesture detected
04-17 11:59:09.563418   984  1089 W ASH     : @ 38279.238: touch gesture: no valid gesture detected
04-17 11:59:09.628074   984  1089 W ASH     : @ 38279.303: touch gesture: no valid gesture detected
04-17 11:59:09.692860   984  1089 W ASH     : @ 38279.368: touch gesture: no valid gesture detected
04-17 11:59:09.757532   984  1089 W ASH     : @ 38279.432: touch gesture: no valid gesture detected
04-17 11:59:09.822100   984  1089 W ASH     : @ 38279.497: touch gesture: no valid gesture detected
04-17 11:59:09.886601   984  1089 W ASH     : @ 38279.561: touch gesture: no valid gesture detected
04-17 11:59:09.951112   984  1089 W ASH     : @ 38279.626: touch gesture: no valid gesture detected
04-17 11:59:10.015842   984  1089 W ASH     : @ 38279.691: touch gesture: no valid gesture detected
04-17 11:59:10.080447   984  1089 W ASH     : @ 38279.755: touch gesture: no valid gesture detected
04-17 11:59:10.144828   984  1089 W ASH     : @ 38279.820: touch gesture: no valid gesture detected
04-17 11:59:10.209769   984  1089 W ASH     : @ 38279.884: touch gesture: no valid gesture detected
04-17 11:59:10.274206   984  1089 W ASH     : @ 38279.949: touch gesture: no valid gesture detected
04-17 11:59:10.338832   984  1089 W ASH     : @ 38280.014: touch gesture: no valid gesture detected
04-17 11:59:10.403285   984  1089 W ASH     : @ 38280.078: touch gesture: no valid gesture detected
--------- switch to kernel
04-17 11:59:10.457583     0     0 I         : c2   5787 google_charger: usbchg=USB typec=C usbv=5053 usbc=0 usbMv=5000 usbMc=450
04-17 11:59:10.457802     0     0 I         : c2   5787 sm7250_bms: MSC_PCS chg_state=1c2112f01030001 [0x1:1:3:4399:450] chg=u
04-17 11:59:10.457896     0     0 I         : c2   5787 google_battery: MSC_DIN chg_state=1c2112f01030001 f=0x1 chg_s=Not Charging chg_t=None vchg=4399 icl=450
04-17 11:59:10.459491     0     0 I         : c2   5787 google_battery: MSC_DSG vbatt_idx:4->4 vbatt=4399769 ibatt=-6713 fv_uv=4430000 cv_cnt=0 ov_cnt=0
04-17 11:59:10.459572     0     0 I         : c2   5787 google_battery: MSC_VOTE msc_state=2 cv_cnt=0 ov_cnt=0 temp_idx:2, vbatt_idx:4  fv_uv=4430000 cc_max=0 update_interval=-1
04-17 11:59:10.459696     0     0 I         : c2   5787 google_charger: MSC_CHG fv_uv=4430000, cc_max=0, rerun in 2000 ms (0)
--------- switch to main
04-17 11:59:10.466965   984  1089 W ASH     : @ 38280.143: touch gesture: no valid gesture detected
04-17 11:59:10.532567   984  1089 W ASH     : @ 38280.208: touch gesture: no valid gesture detected
04-17 11:59:10.597134   984  1089 W ASH     : @ 38280.272: touch gesture: no valid gesture detected
04-17 11:59:10.661740   984  1089 W ASH     : @ 38280.337: touch gesture: no valid gesture detected
04-17 11:59:10.726371   984  1089 W ASH     : @ 38280.401: touch gesture: no valid gesture detected
04-17 11:59:10.791040   984  1089 W ASH     : @ 38280.466: touch gesture: no valid gesture detected
04-17 11:59:10.855670   984  1089 W ASH     : @ 38280.530: touch gesture: no valid gesture detected
04-17 11:59:10.919990   984  1089 W ASH     : @ 38280.595: touch gesture: no valid gesture detected
04-17 11:59:10.984884   984  1089 W ASH     : @ 38280.660: touch gesture: no valid gesture detected
04-17 11:59:11.049669   984  1089 W ASH     : @ 38280.724: touch gesture: no valid gesture detected
04-17 11:59:11.113855   984  1089 W ASH     : @ 38280.789: touch gesture: no valid gesture detected
04-17 11:59:11.178582   984  1089 W ASH     : @ 38280.853: touch gesture: no valid gesture detected
04-17 11:59:11.242916   984  1089 W ASH     : @ 38280.918: touch gesture: no valid gesture detected
04-17 11:59:11.307515   984  1089 W ASH     : @ 38280.983: touch gesture: no valid gesture detected
04-17 11:59:11.372550   984  1089 W ASH     : @ 38281.047: touch gesture: no valid gesture detected
04-17 11:59:11.436820   984  1089 W ASH     : @ 38281.112: touch gesture: no valid gesture detected
04-17 11:59:11.501567   984  1089 W ASH     : @ 38281.176: touch gesture: no valid gesture detected
04-17 11:59:11.566448   984  1089 W ASH     : @ 38281.241: touch gesture: no valid gesture detected
04-17 11:59:11.630925   984  1089 W ASH     : @ 38281.306: touch gesture: no valid gesture detected
04-17 11:59:11.695535   984  1089 W ASH     : @ 38281.370: touch gesture: no valid gesture detected
04-17 11:59:11.760254   984  1089 W ASH     : @ 38281.435: touch gesture: no valid gesture detected
04-17 11:59:11.824736   984  1089 W ASH     : @ 38281.499: touch gesture: no valid gesture detected
04-17 11:59:11.889048   984  1089 W ASH     : @ 38281.564: touch gesture: no valid gesture detected
04-17 11:59:11.953414   984  1089 W ASH     : @ 38281.628: touch gesture: no valid gesture detected
04-17 11:59:12.017917   984  1089 W ASH     : @ 38281.693: touch gesture: no valid gesture detected
04-17 11:59:12.082449   984  1089 W ASH     : @ 38281.757: touch gesture: no valid gesture detected
04-17 11:59:12.146847   984  1089 W ASH     : @ 38281.822: touch gesture: no valid gesture detected
04-17 11:59:12.211393   984  1089 W ASH     : @ 38281.886: touch gesture: no valid gesture detected
04-17 11:59:12.275684   984  1089 W ASH     : @ 38281.951: touch gesture: no valid gesture detected
04-17 11:59:12.340570   984  1089 W ASH     : @ 38282.015: touch gesture: no valid gesture detected
04-17 11:59:12.405102   984  1089 W ASH     : @ 38282.080: touch gesture: no valid gesture detected
04-17 11:59:12.468237   984  1089 W ASH     : @ 38282.144: touch gesture: no valid gesture detected
--------- switch to kernel
04-17 11:59:12.470215     0     0 I         : c2   5787 google_charger: usbchg=USB typec=C usbv=5024 usbc=0 usbMv=5000 usbMc=450
04-17 11:59:12.470398     0     0 I         : c2   5787 sm7250_bms: MSC_PCS chg_state=1c2112f01030001 [0x1:1:3:4399:450] chg=u
04-17 11:59:12.470459     0     0 I         : c2   5787 google_battery: MSC_DIN chg_state=1c2112f01030001 f=0x1 chg_s=Not Charging chg_t=None vchg=4399 icl=450
04-17 11:59:12.472712     0     0 I         : c2   5787 google_battery: MSC_DSG vbatt_idx:4->4 vbatt=4399769 ibatt=-6713 fv_uv=4430000 cv_cnt=0 ov_cnt=0
04-17 11:59:12.472781     0     0 I         : c2   5787 google_battery: MSC_VOTE msc_state=2 cv_cnt=0 ov_cnt=0 temp_idx:2, vbatt_idx:4  fv_uv=4430000 cc_max=0 update_interval=-1
04-17 11:59:12.472873     0     0 I         : c2   5787 google_charger: MSC_CHG fv_uv=4430000, cc_max=0, rerun in 2000 ms (0)
--------- switch to main
04-17 11:59:12.533874   984  1089 W ASH     : @ 38282.209: touch gesture: no valid gesture detected
04-17 11:59:12.598796   984  1089 W ASH     : @ 38282.274: touch gesture: no valid gesture detected
04-17 11:59:12.663487   984  1089 W ASH     : @ 38282.338: touch gesture: no valid gesture detected
04-17 11:59:12.727483   984  1089 W ASH     : @ 38282.403: touch gesture: no valid gesture detected
04-17 11:59:12.792319   984  1089 W ASH     : @ 38282.467: touch gesture: no valid gesture detected
04-17 11:59:12.857037   984  1089 W ASH     : @ 38282.532: touch gesture: no valid gesture detected
04-17 11:59:12.921658   984  1089 W ASH     : @ 38282.597: touch gesture: no valid gesture detected
04-17 11:59:12.986012   984  1089 W ASH     : @ 38282.661: touch gesture: no valid gesture detected
04-17 11:59:13.050814   984  1089 W ASH     : @ 38282.726: touch gesture: no valid gesture detected
04-17 11:59:13.115276   984  1089 W ASH     : @ 38282.790: touch gesture: no valid gesture detected
04-17 11:59:13.179049   984  1089 W ASH     : @ 38282.854: touch gesture: no valid gesture detected
04-17 11:59:13.244063   984  1089 W ASH     : @ 38282.919: touch gesture: no valid gesture detected
04-17 11:59:13.308744   984  1089 W ASH     : @ 38282.984: touch gesture: no valid gesture detected
04-17 11:59:13.373518   984  1089 W ASH     : @ 38283.048: touch gesture: no valid gesture detected
04-17 11:59:13.437931   984  1089 W ASH     : @ 38283.113: touch gesture: no valid gesture detected
04-17 11:59:13.502325   984  1089 W ASH     : @ 38283.177: touch gesture: no valid gesture detected
04-17 11:59:13.566916   984  1089 W ASH     : @ 38283.242: touch gesture: no valid gesture detected
04-17 11:59:13.631224   984  1089 W ASH     : @ 38283.306: touch gesture: no valid gesture detected
04-17 11:59:13.695754   984  1089 W ASH     : @ 38283.371: touch gesture: no valid gesture detected
04-17 11:59:13.760503   984  1089 W ASH     : @ 38283.435: touch gesture: no valid gesture detected
04-17 11:59:13.824926   984  1089 W ASH     : @ 38283.500: touch gesture: no valid gesture detected
04-17 11:59:13.889829   984  1089 W ASH     : @ 38283.564: touch gesture: no valid gesture detected
04-17 11:59:13.953840   984  1089 W ASH     : @ 38283.629: touch gesture: no valid gesture detected
04-17 11:59:14.018264   984  1089 W ASH     : @ 38283.693: touch gesture: no valid gesture detected
04-17 11:59:14.082879   984  1089 W ASH     : @ 38283.758: touch gesture: no valid gesture detected
04-17 11:59:14.147315   984  1089 W ASH     : @ 38283.822: touch gesture: no valid gesture detected
04-17 11:59:14.211789   984  1089 W ASH     : @ 38283.887: touch gesture: no valid gesture detected
04-17 11:59:14.276589   984  1089 W ASH     : @ 38283.951: touch gesture: no valid gesture detected
04-17 11:59:14.341323   984  1089 W ASH     : @ 38284.016: touch gesture: no valid gesture detected
04-17 11:59:14.405493   984  1089 W ASH     : @ 38284.081: touch gesture: no valid gesture detected
04-17 11:59:14.470213   984  1089 W ASH     : @ 38284.145: touch gesture: no valid gesture detected
--------- switch to kernel
04-17 11:59:14.488526     0     0 I         : c2   5787 google_charger: usbchg=USB typec=C usbv=5052 usbc=0 usbMv=5000 usbMc=450
04-17 11:59:14.488723     0     0 I         : c2   5787 sm7250_bms: MSC_PCS chg_state=1c2112f01030001 [0x1:1:3:4399:450] chg=u
04-17 11:59:14.488803     0     0 I         : c2   5787 google_battery: MSC_DIN chg_state=1c2112f01030001 f=0x1 chg_s=Not Charging chg_t=None vchg=4399 icl=450
04-17 11:59:14.490575     0     0 I         : c2   5787 google_battery: MSC_DSG vbatt_idx:4->4 vbatt=4399769 ibatt=-6713 fv_uv=4430000 cv_cnt=0 ov_cnt=0
04-17 11:59:14.490646     0     0 I         : c2   5787 google_battery: MSC_VOTE msc_state=2 cv_cnt=0 ov_cnt=0 temp_idx:2, vbatt_idx:4  fv_uv=4430000 cc_max=0 update_interval=-1
04-17 11:59:14.490758     0     0 I         : c2   5787 google_charger: MSC_CHG fv_uv=4430000, cc_max=0, rerun in 2000 ms (0)
--------- switch to main
04-17 11:59:14.535047   984  1089 W ASH     : @ 38284.210: touch gesture: no valid gesture detected
04-17 11:59:14.599210   984  1089 W ASH     : @ 38284.274: touch gesture: no valid gesture detected
04-17 11:59:14.663492   984  1089 W ASH     : @ 38284.339: touch gesture: no valid gesture detected
04-17 11:59:14.728183   984  1089 W ASH     : @ 38284.403: touch gesture: no valid gesture detected
04-17 11:59:14.792873   984  1089 W ASH     : @ 38284.468: touch gesture: no valid gesture detected
04-17 11:59:14.857363   984  1089 W ASH     : @ 38284.532: touch gesture: no valid gesture detected
04-17 11:59:14.921702   984  1089 W ASH     : @ 38284.597: touch gesture: no valid gesture detected
04-17 11:59:14.986062   984  1089 W ASH     : @ 38284.661: touch gesture: no valid gesture detected
04-17 11:59:15.050655   984  1089 W ASH     : @ 38284.726: touch gesture: no valid gesture detected
04-17 11:59:15.115611   984  1089 W ASH     : @ 38284.790: touch gesture: no valid gesture detected
04-17 11:59:15.179707   984  1089 W ASH     : @ 38284.855: touch gesture: no valid gesture detected
04-17 11:59:15.244419   984  1089 W ASH     : @ 38284.919: touch gesture: no valid gesture detected
04-17 11:59:15.309326   984  1089 W ASH     : @ 38284.984: touch gesture: no valid gesture detected
04-17 11:59:15.373530   984  1089 W ASH     : @ 38285.049: touch gesture: no valid gesture detected
04-17 11:59:15.438299   984  1089 W ASH     : @ 38285.113: touch gesture: no valid gesture detected
04-17 11:59:15.502764   984  1089 W ASH     : @ 38285.178: touch gesture: no valid gesture detected
04-17 11:59:15.567308   984  1089 W ASH     : @ 38285.242: touch gesture: no valid gesture detected
04-17 11:59:15.632159   984  1089 W ASH     : @ 38285.307: touch gesture: no valid gesture detected
04-17 11:59:15.696332   984  1089 W ASH     : @ 38285.371: touch gesture: no valid gesture detected
04-17 11:59:15.760734   984  1089 W ASH     : @ 38285.436: touch gesture: no valid gesture detected
04-17 11:59:15.825504   984  1089 W ASH     : @ 38285.500: touch gesture: no valid gesture detected
04-17 11:59:15.889955   984  1089 W ASH     : @ 38285.565: touch gesture: no valid gesture detected
04-17 11:59:15.954303   984  1089 W ASH     : @ 38285.629: touch gesture: no valid gesture detected
04-17 11:59:16.018918   984  1089 W ASH     : @ 38285.694: touch gesture: no valid gesture detected
04-17 11:59:16.083205   984  1089 W ASH     : @ 38285.758: touch gesture: no valid gesture detected
04-17 11:59:16.147771   984  1089 W ASH     : @ 38285.823: touch gesture: no valid gesture detected
04-17 11:59:16.212587   984  1089 W ASH     : @ 38285.887: touch gesture: no valid gesture detected
04-17 11:59:16.277632   984  1089 W ASH     : @ 38285.952: touch gesture: no valid gesture detected
04-17 11:59:16.341523   984  1089 W ASH     : @ 38286.017: touch gesture: no valid gesture detected
04-17 11:59:16.406077   984  1089 W ASH     : @ 38286.081: touch gesture: no valid gesture detected
04-17 11:59:16.470528   984  1089 W ASH     : @ 38286.146: touch gesture: no valid gesture detected
--------- switch to kernel
04-17 11:59:16.504398     0     0 I         : c2   5787 google_charger: usbchg=USB typec=C usbv=5041 usbc=0 usbMv=5000 usbMc=450
04-17 11:59:16.504580     0     0 I         : c2   5787 sm7250_bms: MSC_PCS chg_state=1c2112f01030001 [0x1:1:3:4399:450] chg=u
04-17 11:59:16.504651     0     0 I         : c2   5787 google_battery: MSC_DIN chg_state=1c2112f01030001 f=0x1 chg_s=Not Charging chg_t=None vchg=4399 icl=450
04-17 11:59:16.506025     0     0 I         : c2   5787 google_battery: MSC_DSG vbatt_idx:4->4 vbatt=4399769 ibatt=-6713 fv_uv=4430000 cv_cnt=0 ov_cnt=0
04-17 11:59:16.506080     0     0 I         : c2   5787 google_battery: MSC_VOTE msc_state=2 cv_cnt=0 ov_cnt=0 temp_idx:2, vbatt_idx:4  fv_uv=4430000 cc_max=0 update_interval=-1
04-17 11:59:16.506159     0     0 I         : c2   5787 google_charger: MSC_CHG fv_uv=4430000, cc_max=0, rerun in 2000 ms (0)
--------- switch to main
04-17 11:59:16.535884   984  1089 W ASH     : @ 38286.210: touch gesture: no valid gesture detected
04-17 11:59:16.600073   984  1089 W ASH     : @ 38286.275: touch gesture: no valid gesture detected
04-17 11:59:16.663182   984  1089 W ASH     : @ 38286.339: touch gesture: no valid gesture detected
04-17 11:59:16.728957   984  1089 W ASH     : @ 38286.404: touch gesture: no valid gesture detected
04-17 11:59:16.793993   984  1089 W ASH     : @ 38286.469: touch gesture: no valid gesture detected
04-17 11:59:16.858476   984  1089 W ASH     : @ 38286.533: touch gesture: no valid gesture detected
04-17 11:59:16.921862   984  1089 W ASH     : @ 38286.598: touch gesture: no valid gesture detected
04-17 11:59:16.987247   984  1089 W ASH     : @ 38286.662: touch gesture: no valid gesture detected
04-17 11:59:17.051825   984  1089 W ASH     : @ 38286.727: touch gesture: no valid gesture detected
04-17 11:59:17.116308   984  1089 W ASH     : @ 38286.792: touch gesture: no valid gesture detected
04-17 11:59:17.181147   984  1089 W ASH     : @ 38286.856: touch gesture: no valid gesture detected
04-17 11:59:17.245739   984  1089 W ASH     : @ 38286.921: touch gesture: no valid gesture detected
04-17 11:59:17.309870   984  1089 W ASH     : @ 38286.985: touch gesture: no valid gesture detected
04-17 11:59:17.373354   984  1089 W ASH     : @ 38287.050: touch gesture: no valid gesture detected
04-17 11:59:17.439415   984  1089 W ASH     : @ 38287.114: touch gesture: no valid gesture detected
04-17 11:59:17.504061   984  1089 W ASH     : @ 38287.179: touch gesture: no valid gesture detected
04-17 11:59:17.568436   984  1089 W ASH     : @ 38287.243: touch gesture: no valid gesture detected
04-17 11:59:17.633128   984  1089 W ASH     : @ 38287.308: touch gesture: no valid gesture detected
04-17 11:59:17.697807   984  1089 W ASH     : @ 38287.372: touch gesture: no valid gesture detected
04-17 11:59:17.762339   984  1089 W ASH     : @ 38287.437: touch gesture: no valid gesture detected
04-17 11:59:17.826839   984  1089 W ASH     : @ 38287.502: touch gesture: no valid gesture detected
04-17 11:59:17.891035   984  1089 W ASH     : @ 38287.566: touch gesture: no valid gesture detected
04-17 11:59:17.955776   984  1089 W ASH     : @ 38287.631: touch gesture: no valid gesture detected
04-17 11:59:18.020226   984  1089 W ASH     : @ 38287.695: touch gesture: no valid gesture detected
04-17 11:59:18.085141   984  1089 W ASH     : @ 38287.760: touch gesture: no valid gesture detected
04-17 11:59:18.149932   984  1089 W ASH     : @ 38287.825: touch gesture: no valid gesture detected
04-17 11:59:18.214285   984  1089 W ASH     : @ 38287.889: touch gesture: no valid gesture detected
04-17 11:59:18.278461   984  1089 W ASH     : @ 38287.954: touch gesture: no valid gesture detected
04-17 11:59:18.343154   984  1089 W ASH     : @ 38288.018: touch gesture: no valid gesture detected
04-17 11:59:18.407951   984  1089 W ASH     : @ 38288.083: touch gesture: no valid gesture detected
04-17 11:59:18.472590   984  1089 W ASH     : @ 38288.148: touch gesture: no valid gesture detected
--------- switch to kernel
04-17 11:59:18.519533     0     0 I         : c2   5787 google_charger: usbchg=USB typec=C usbv=5051 usbc=2 usbMv=5000 usbMc=450
