04-17 12:51:23.436873     0     0 I         : c4    960 msm_geni_serial 894000.qcom,qup_uart: msm_geni_serial_set_termios: Start
04-17 12:51:23.437623     0     0 I         : c1    960 msm_geni_serial 894000.qcom,qup_uart: msm_geni_serial_set_termios: geni_se_clk_freq_match
04-17 12:51:23.437829     0     0 I         : c1    960 msm_geni_serial 894000.qcom,qup_uart: msm_geni_serial_set_termios: check parity
04-17 12:51:23.437849     0     0 I         : c1    960 msm_geni_serial 894000.qcom,qup_uart: msm_geni_serial_set_termios: geni_serial_write_term_regs
04-17 12:51:23.437887     0     0 I         : c1    960 msm_geni_serial 894000.qcom,qup_uart: msm_geni_serial_set_termios: End
04-17 12:51:23.438794     0     0 I         : c4    960 msm_geni_serial 894000.qcom,qup_uart: msm_geni_serial_set_termios: Start
--------- switch to main
04-17 12:51:23.442574   960   960 I vendor.qti.bluetooth@1.0-uart_transport: ## userial_vendor_set_baud: 17
--------- switch to radio
04-17 12:51:23.446008  3483  3483 D RILJ    : [0458]> GET_ACTIVITY_INFO [PHONE0]
04-17 12:51:23.451350  3483  3515 D RILJ    : [0458]< GET_ACTIVITY_INFO ModemActivityInfo{ mTimestamp=41400288 mSleepTimeMs=1698620 mIdleTimeMs=10189 mTxTimeMs[]=[0, 0, 0, 0, 0] mRxTimeMs=91242} [PHONE0]
--------- switch to main
04-17 12:51:23.452324   960   960 I vendor.qti.bluetooth@1.0-uart_transport: SetBaudRate: in BOTHER
04-17 12:51:23.452383   960   960 I vendor.qti.bluetooth@1.0-uart_transport: ## userial_vendor_ioctl: UART Flow On 
04-17 12:51:23.453195   960  3561 I vendor.qti.bluetooth@1.0-ibs_handler: ProcessIbsCmd: Received IBS_WAKE_ACK: 0xFC
04-17 12:51:23.453234   960  3561 I vendor.qti.bluetooth@1.0-ibs_handler: ProcessIbsCmd: Signal wack_cond_
04-17 12:51:23.453311   960   960 D vendor.qti.bluetooth@1.0-ibs_handler: DeviceWakeUp: Unblocked from waiting for FC
04-17 12:51:23.453332   960  3561 I vendor.qti.bluetooth@1.0-ibs_handler: ProcessIbsCmd: Received IBS_WAKE_ACK: 0xFC
04-17 12:51:23.453367   960  3561 I vendor.qti.bluetooth@1.0-ibs_handler: ProcessIbsCmd: Signal wack_cond_
04-17 12:51:23.453675  2612  3024 D TelephonyManager: requestModemActivityInfo: Sending result to app: ModemActivityInfo{ mTimestamp=41400288 mSleepTimeMs=39070217 mIdleTimeMs=252547 mTxTimeMs[]=[0, 0, 0, 0, 0] mRxTimeMs=2067071}
--------- switch to kernel
04-17 12:51:23.447831     0     0 I         : c3    960 msm_geni_serial 894000.qcom,qup_uart: msm_geni_serial_set_termios: geni_se_clk_freq_match
04-17 12:51:23.448198     0     0 I         : c0    960 msm_geni_serial 894000.qcom,qup_uart: msm_geni_serial_set_termios: check parity
04-17 12:51:23.448221     0     0 I         : c0    960 msm_geni_serial 894000.qcom,qup_uart: msm_geni_serial_set_termios: geni_serial_write_term_regs
04-17 12:51:23.448267     0     0 I         : c0    960 msm_geni_serial 894000.qcom,qup_uart: msm_geni_serial_set_termios: End
--------- switch to main
04-17 12:51:23.458727   984  1089 W ASH     : @ 41413.135: touch gesture: no valid gesture detected
04-17 12:51:23.523198   984  1089 W ASH     : @ 41413.200: touch gesture: no valid gesture detected
--------- switch to events
04-17 12:51:23.560505  2612  2694 I commit_sys_config_file: [batterystats,6]
04-17 12:51:23.562800  2612  2694 I commit_sys_config_file: [batterystats,2]
--------- switch to main
04-17 12:51:23.588621   984  1089 W ASH     : @ 41413.264: touch gesture: no valid gesture detected
04-17 12:51:23.654036   984  1089 W ASH     : @ 41413.329: touch gesture: no valid gesture detected
04-17 12:51:23.718527   984  1089 W ASH     : @ 41413.393: touch gesture: no valid gesture detected
04-17 12:51:23.782636   984  1089 W ASH     : @ 41413.457: touch gesture: no valid gesture detected
04-17 12:51:23.846858   984  1089 W ASH     : @ 41413.522: touch gesture: no valid gesture detected
04-17 12:51:23.911217   984  1089 W ASH     : @ 41413.586: touch gesture: no valid gesture detected
04-17 12:51:23.976115   984  1089 W ASH     : @ 41413.651: touch gesture: no valid gesture detected
04-17 12:51:24.040681   984  1089 W ASH     : @ 41413.715: touch gesture: no valid gesture detected
04-17 12:51:24.104677   984  1089 W ASH     : @ 41413.779: touch gesture: no valid gesture detected
04-17 12:51:24.169041   984  1089 W ASH     : @ 41413.844: touch gesture: no valid gesture detected
04-17 12:51:24.233495   984  1089 W ASH     : @ 41413.908: touch gesture: no valid gesture detected
04-17 12:51:24.297833   984  1089 W ASH     : @ 41413.972: touch gesture: no valid gesture detected
04-17 12:51:24.362276   984  1089 W ASH     : @ 41414.037: touch gesture: no valid gesture detected
04-17 12:51:24.426665   984  1089 W ASH     : @ 41414.101: touch gesture: no valid gesture detected
04-17 12:51:24.490935   984  1089 W ASH     : @ 41414.165: touch gesture: no valid gesture detected
04-17 12:51:24.555360   984  1089 W ASH     : @ 41414.230: touch gesture: no valid gesture detected
04-17 12:51:24.619562   984  1089 W ASH     : @ 41414.294: touch gesture: no valid gesture detected
--------- switch to kernel
04-17 12:51:24.651727     0     0 I         : c2   5832 google_charger: usbchg=USB typec=C usbv=5030 usbc=0 usbMv=5000 usbMc=450
04-17 12:51:24.651908     0     0 I         : c2   5832 sm7250_bms: MSC_PCS chg_state=1c2112b01030001 [0x1:1:3:4395:450] chg=u
04-17 12:51:24.651980     0     0 I         : c2   5832 google_battery: MSC_DIN chg_state=1c2112b01030001 f=0x1 chg_s=Not Charging chg_t=None vchg=4395 icl=450
04-17 12:51:24.653613     0     0 I         : c2   5832 google_battery: MSC_DSG vbatt_idx:4->4 vbatt=4395876 ibatt=-6103 fv_uv=4430000 cv_cnt=0 ov_cnt=0
04-17 12:51:24.653675     0     0 I         : c2   5832 google_battery: MSC_VOTE msc_state=2 cv_cnt=0 ov_cnt=0 temp_idx:2, vbatt_idx:4  fv_uv=4430000 cc_max=0 update_interval=-1
04-17 12:51:24.653775     0     0 I         : c2   5832 google_charger: MSC_CHG fv_uv=4430000, cc_max=0, rerun in 2000 ms (0)
--------- switch to main
04-17 12:51:24.682494   984  1089 W ASH     : @ 41414.358: touch gesture: no valid gesture detected
04-17 12:51:24.748261   984  1089 W ASH     : @ 41414.423: touch gesture: no valid gesture detected
04-17 12:51:24.812355   984  1089 W ASH     : @ 41414.487: touch gesture: no valid gesture detected
04-17 12:51:24.877305   984  1089 W ASH     : @ 41414.552: touch gesture: no valid gesture detected
04-17 12:51:24.941259   984  1089 W ASH     : @ 41414.616: touch gesture: no valid gesture detected
04-17 12:51:25.006088   984  1089 W ASH     : @ 41414.680: touch gesture: no valid gesture detected
04-17 12:51:25.070124   984  1089 W ASH     : @ 41414.745: touch gesture: no valid gesture detected
04-17 12:51:25.134310   984  1089 W ASH     : @ 41414.809: touch gesture: no valid gesture detected
04-17 12:51:25.198607   984  1089 W ASH     : @ 41414.873: touch gesture: no valid gesture detected
04-17 12:51:25.263214   984  1089 W ASH     : @ 41414.938: touch gesture: no valid gesture detected
04-17 12:51:25.327549   984  1089 W ASH     : @ 41415.002: touch gesture: no valid gesture detected
04-17 12:51:25.392101   984  1089 W ASH     : @ 41415.066: touch gesture: no valid gesture detected
04-17 12:51:25.456255   984  1089 W ASH     : @ 41415.131: touch gesture: no valid gesture detected
04-17 12:51:25.520338   984  1089 W ASH     : @ 41415.195: touch gesture: no valid gesture detected
04-17 12:51:25.584535   984  1089 W ASH     : @ 41415.259: touch gesture: no valid gesture detected
04-17 12:51:25.649349   984  1089 W ASH     : @ 41415.324: touch gesture: no valid gesture detected
04-17 12:51:25.713483   984  1089 W ASH     : @ 41415.388: touch gesture: no valid gesture detected
04-17 12:51:25.777902   984  1089 W ASH     : @ 41415.453: touch gesture: no valid gesture detected
04-17 12:51:25.840876   984  1089 W ASH     : @ 41415.517: touch gesture: no valid gesture detected
04-17 12:51:25.906537   984  1089 W ASH     : @ 41415.581: touch gesture: no valid gesture detected
04-17 12:51:25.971152   984  1089 W ASH     : @ 41415.646: touch gesture: no valid gesture detected
04-17 12:51:26.035448   984  1089 W ASH     : @ 41415.710: touch gesture: no valid gesture detected
04-17 12:51:26.099875   984  1089 W ASH     : @ 41415.774: touch gesture: no valid gesture detected
04-17 12:51:26.164275   984  1089 W ASH     : @ 41415.839: touch gesture: no valid gesture detected
04-17 12:51:26.228701   984  1089 W ASH     : @ 41415.903: touch gesture: no valid gesture detected
04-17 12:51:26.293007   984  1089 W ASH     : @ 41415.968: touch gesture: no valid gesture detected
04-17 12:51:26.357645   984  1089 W ASH     : @ 41416.032: touch gesture: no valid gesture detected
04-17 12:51:26.421803   984  1089 W ASH     : @ 41416.096: touch gesture: no valid gesture detected
04-17 12:51:26.486419   984  1089 W ASH     : @ 41416.161: touch gesture: no valid gesture detected
04-17 12:51:26.549301   984  1089 W ASH     : @ 41416.225: touch gesture: no valid gesture detected
04-17 12:51:26.615318   984  1089 W ASH     : @ 41416.289: touch gesture: no valid gesture detected
--------- switch to kernel
04-17 12:51:26.662412     0     0 I         : c2   5832 google_charger: usbchg=USB typec=C usbv=5040 usbc=4 usbMv=5000 usbMc=450
04-17 12:51:26.662595     0     0 I         : c2   5832 sm7250_bms: MSC_PCS chg_state=1c2112b01030001 [0x1:1:3:4395:450] chg=u
04-17 12:51:26.662671     0     0 I         : c2   5832 google_battery: MSC_DIN chg_state=1c2112b01030001 f=0x1 chg_s=Not Charging chg_t=None vchg=4395 icl=450
04-17 12:51:26.664146     0     0 I         : c2   5832 google_battery: MSC_DSG vbatt_idx:4->4 vbatt=4395292 ibatt=-5493 fv_uv=4430000 cv_cnt=0 ov_cnt=0
04-17 12:51:26.664214     0     0 I         : c2   5832 google_battery: MSC_VOTE msc_state=2 cv_cnt=0 ov_cnt=0 temp_idx:2, vbatt_idx:4  fv_uv=4430000 cc_max=0 update_interval=-1
04-17 12:51:26.664606     0     0 I         : c2   5832 google_charger: MSC_CHG fv_uv=4430000, cc_max=0, rerun in 2000 ms (0)
--------- switch to main
04-17 12:51:26.678086   984  1089 W ASH     : @ 41416.354: touch gesture: no valid gesture detected
04-17 12:51:26.744038   984  1089 W ASH     : @ 41416.418: touch gesture: no valid gesture detected
04-17 12:51:26.807983   984  1089 W ASH     : @ 41416.483: touch gesture: no valid gesture detected
04-17 12:51:26.872735   984  1089 W ASH     : @ 41416.547: touch gesture: no valid gesture detected
04-17 12:51:26.936873   984  1089 W ASH     : @ 41416.611: touch gesture: no valid gesture detected
04-17 12:51:27.001628   984  1089 W ASH     : @ 41416.676: touch gesture: no valid gesture detected
04-17 12:51:27.065422   984  1089 W ASH     : @ 41416.740: touch gesture: no valid gesture detected
04-17 12:51:27.129903   984  1089 W ASH     : @ 41416.805: touch gesture: no valid gesture detected
04-17 12:51:27.194412   984  1089 W ASH     : @ 41416.869: touch gesture: no valid gesture detected
04-17 12:51:27.259023   984  1089 W ASH     : @ 41416.933: touch gesture: no valid gesture detected
04-17 12:51:27.323021   984  1089 W ASH     : @ 41416.998: touch gesture: no valid gesture detected
04-17 12:51:27.387715   984  1089 W ASH     : @ 41417.062: touch gesture: no valid gesture detected
04-17 12:51:27.451951   984  1089 W ASH     : @ 41417.127: touch gesture: no valid gesture detected
04-17 12:51:27.516441   984  1089 W ASH     : @ 41417.191: touch gesture: no valid gesture detected
04-17 12:51:27.580645   984  1089 W ASH     : @ 41417.255: touch gesture: no valid gesture detected
04-17 12:51:27.645354   984  1089 W ASH     : @ 41417.320: touch gesture: no valid gesture detected
04-17 12:51:27.709812   984  1089 W ASH     : @ 41417.384: touch gesture: no valid gesture detected
04-17 12:51:27.773780   984  1089 W ASH     : @ 41417.449: touch gesture: no valid gesture detected
04-17 12:51:27.838696   984  1089 W ASH     : @ 41417.513: touch gesture: no valid gesture detected
04-17 12:51:27.902991   984  1089 W ASH     : @ 41417.577: touch gesture: no valid gesture detected
04-17 12:51:27.967290   984  1089 W ASH     : @ 41417.642: touch gesture: no valid gesture detected
04-17 12:51:28.031353   984  1089 W ASH     : @ 41417.706: touch gesture: no valid gesture detected
04-17 12:51:28.096054   984  1089 W ASH     : @ 41417.771: touch gesture: no valid gesture detected
04-17 12:51:28.160309   984  1089 W ASH     : @ 41417.835: touch gesture: no valid gesture detected
04-17 12:51:28.224886   984  1089 W ASH     : @ 41417.899: touch gesture: no valid gesture detected
04-17 12:51:28.289413   984  1089 W ASH     : @ 41417.964: touch gesture: no valid gesture detected
04-17 12:51:28.353635   984  1089 W ASH     : @ 41418.028: touch gesture: no valid gesture detected
04-17 12:51:28.418056   984  1089 W ASH     : @ 41418.093: touch gesture: no valid gesture detected
04-17 12:51:28.482782   984  1089 W ASH     : @ 41418.157: touch gesture: no valid gesture detected
04-17 12:51:28.546755   984  1089 W ASH     : @ 41418.221: touch gesture: no valid gesture detected
04-17 12:51:28.611330   984  1089 W ASH     : @ 41418.286: touch gesture: no valid gesture detected
04-17 12:51:28.674365   984  1089 W ASH     : @ 41418.350: touch gesture: no valid gesture detected
--------- switch to kernel
04-17 12:51:28.673841     0     0 I         : c2   5832 google_charger: usbchg=USB typec=C usbv=5029 usbc=4 usbMv=5000 usbMc=450
04-17 12:51:28.674040     0     0 I         : c2   5832 sm7250_bms: MSC_PCS chg_state=1c2112b01030001 [0x1:1:3:4395:450] chg=u
04-17 12:51:28.674106     0     0 I         : c2   5832 google_battery: MSC_DIN chg_state=1c2112b01030001 f=0x1 chg_s=Not Charging chg_t=None vchg=4395 icl=450
04-17 12:51:28.675827     0     0 I         : c2   5832 google_battery: MSC_DSG vbatt_idx:4->4 vbatt=4395292 ibatt=-5493 fv_uv=4430000 cv_cnt=0 ov_cnt=0
04-17 12:51:28.675907     0     0 I         : c2   5832 google_battery: MSC_VOTE msc_state=2 cv_cnt=0 ov_cnt=0 temp_idx:2, vbatt_idx:4  fv_uv=4430000 cc_max=0 update_interval=-1
04-17 12:51:28.676009     0     0 I         : c2   5832 google_charger: MSC_CHG fv_uv=4430000, cc_max=0, rerun in 2000 ms (0)
--------- switch to main
04-17 12:51:28.740043   984  1089 W ASH     : @ 41418.415: touch gesture: no valid gesture detected
04-17 12:51:28.804055   984  1089 W ASH     : @ 41418.479: touch gesture: no valid gesture detected
04-17 12:51:28.867636   984  1089 W ASH     : @ 41418.543: touch gesture: no valid gesture detected
04-17 12:51:28.933162   984  1089 W ASH     : @ 41418.608: touch gesture: no valid gesture detected
04-17 12:51:28.997580   984  1089 W ASH     : @ 41418.672: touch gesture: no valid gesture detected
04-17 12:51:29.062108   984  1089 W ASH     : @ 41418.737: touch gesture: no valid gesture detected
04-17 12:51:29.126210   984  1089 W ASH     : @ 41418.801: touch gesture: no valid gesture detected
04-17 12:51:29.191108   984  1089 W ASH     : @ 41418.865: touch gesture: no valid gesture detected
04-17 12:51:29.255244   984  1089 W ASH     : @ 41418.930: touch gesture: no valid gesture detected
04-17 12:51:29.319853   984  1089 W ASH     : @ 41418.994: touch gesture: no valid gesture detected
04-17 12:51:29.384057   984  1089 W ASH     : @ 41419.059: touch gesture: no valid gesture detected
04-17 12:51:29.448791   984  1089 W ASH     : @ 41419.123: touch gesture: no valid gesture detected
04-17 12:51:29.513162   984  1089 W ASH     : @ 41419.187: touch gesture: no valid gesture detected
04-17 12:51:29.576989   984  1089 W ASH     : @ 41419.252: touch gesture: no valid gesture detected
04-17 12:51:29.641426   984  1089 W ASH     : @ 41419.316: touch gesture: no valid gesture detected
04-17 12:51:29.706089   984  1089 W ASH     : @ 41419.381: touch gesture: no valid gesture detected
04-17 12:51:29.770567   984  1089 W ASH     : @ 41419.445: touch gesture: no valid gesture detected
04-17 12:51:29.834614   984  1089 W ASH     : @ 41419.509: touch gesture: no valid gesture detected
04-17 12:51:29.899367   984  1089 W ASH     : @ 41419.574: touch gesture: no valid gesture detected
04-17 12:51:29.963688   984  1089 W ASH     : @ 41419.638: touch gesture: no valid gesture detected
04-17 12:51:30.028039   984  1089 W ASH     : @ 41419.703: touch gesture: no valid gesture detected
04-17 12:51:30.092742   984  1089 W ASH     : @ 41419.767: touch gesture: no valid gesture detected
04-17 12:51:30.156900   984  1089 W ASH     : @ 41419.832: touch gesture: no valid gesture detected
04-17 12:51:30.221598   984  1089 W ASH     : @ 41419.896: touch gesture: no valid gesture detected
04-17 12:51:30.286088   984  1089 W ASH     : @ 41419.961: touch gesture: no valid gesture detected
04-17 12:51:30.350868   984  1089 W ASH     : @ 41420.025: touch gesture: no valid gesture detected
04-17 12:51:30.415342   984  1089 W ASH     : @ 41420.090: touch gesture: no valid gesture detected
04-17 12:51:30.479528   984  1089 W ASH     : @ 41420.154: touch gesture: no valid gesture detected
04-17 12:51:30.543847   984  1089 W ASH     : @ 41420.218: touch gesture: no valid gesture detected
04-17 12:51:30.608222   984  1089 W ASH     : @ 41420.283: touch gesture: no valid gesture detected
04-17 12:51:30.672459   984  1089 W ASH     : @ 41420.347: touch gesture: no valid gesture detected
--------- switch to kernel
04-17 12:51:30.680686     0     0 I         : c2   5832 google_charger: usbchg=USB typec=C usbv=5047 usbc=0 usbMv=5000 usbMc=450
04-17 12:51:30.680875     0     0 I         : c2   5832 sm7250_bms: MSC_PCS chg_state=1c2112b01030001 [0x1:1:3:4395:450] chg=u
04-17 12:51:30.680937     0     0 I         : c2   5832 google_battery: MSC_DIN chg_state=1c2112b01030001 f=0x1 chg_s=Not Charging chg_t=None vchg=4395 icl=450
04-17 12:51:30.682320     0     0 I         : c2   5832 google_battery: MSC_DSG vbatt_idx:4->4 vbatt=4395292 ibatt=-5493 fv_uv=4430000 cv_cnt=0 ov_cnt=0
04-17 12:51:30.682395     0     0 I         : c2   5832 google_battery: MSC_VOTE msc_state=2 cv_cnt=0 ov_cnt=0 temp_idx:2, vbatt_idx:4  fv_uv=4430000 cc_max=0 update_interval=-1
04-17 12:51:30.682484     0     0 I         : c2   5832 google_charger: MSC_CHG fv_uv=4430000, cc_max=0, rerun in 2000 ms (0)
--------- switch to main
04-17 12:51:30.737033   984  1089 W ASH     : @ 41420.412: touch gesture: no valid gesture detected
04-17 12:51:30.801809   984  1089 W ASH     : @ 41420.476: touch gesture: no valid gesture detected
04-17 12:51:30.865705   984  1089 W ASH     : @ 41420.540: touch gesture: no valid gesture detected
04-17 12:51:30.929159   984  1089 W ASH     : @ 41420.605: touch gesture: no valid gesture detected
04-17 12:51:30.934781   973   973 I android.hardware.health@2.1-service: Recording a sample at time 41407
--------- switch to kernel
04-17 12:51:30.936303     0     0 W         : c3    973 healthd: battery l=100 v=4395 t=22.4 h=2 st=5 c=5493 fc=3349000 cc=353 chg=u
--------- switch to main
04-17 12:51:30.992872   984  1089 W ASH     : @ 41420.669: touch gesture: no valid gesture detected
04-17 12:51:31.058747   984  1089 W ASH     : @ 41420.734: touch gesture: no valid gesture detected
04-17 12:51:31.123578   984  1089 W ASH     : @ 41420.798: touch gesture: no valid gesture detected
04-17 12:51:31.188144   984  1089 W ASH     : @ 41420.863: touch gesture: no valid gesture detected
04-17 12:51:31.252135   984  1089 W ASH     : @ 41420.927: touch gesture: no valid gesture detected
04-17 12:51:31.316921   984  1089 W ASH     : @ 41420.992: touch gesture: no valid gesture detected
04-17 12:51:31.381208   984  1089 W ASH     : @ 41421.056: touch gesture: no valid gesture detected
04-17 12:51:31.445901   984  1089 W ASH     : @ 41421.121: touch gesture: no valid gesture detected
04-17 12:51:31.510382   984  1089 W ASH     : @ 41421.185: touch gesture: no valid gesture detected
04-17 12:51:31.574761   984  1089 W ASH     : @ 41421.249: touch gesture: no valid gesture detected
04-17 12:51:31.639181   984  1089 W ASH     : @ 41421.314: touch gesture: no valid gesture detected
04-17 12:51:31.703663   984  1089 W ASH     : @ 41421.378: touch gesture: no valid gesture detected
04-17 12:51:31.768237   984  1089 W ASH     : @ 41421.443: touch gesture: no valid gesture detected
04-17 12:51:31.832612   984  1089 W ASH     : @ 41421.507: touch gesture: no valid gesture detected
04-17 12:51:31.897041   984  1089 W ASH     : @ 41421.572: touch gesture: no valid gesture detected
04-17 12:51:31.961368   984  1089 W ASH     : @ 41421.636: touch gesture: no valid gesture detected
04-17 12:51:32.025706   984  1089 W ASH     : @ 41421.700: touch gesture: no valid gesture detected
04-17 12:51:32.043940   990  1023 D rlsservice: MonitorDisplayStatus client num 0, display status 0, sensor status 0
04-17 12:51:32.089758   984  1089 W ASH     : @ 41421.765: touch gesture: no valid gesture detected
04-17 12:51:32.154640   984  1089 W ASH     : @ 41421.829: touch gesture: no valid gesture detected
04-17 12:51:32.218788   984  1089 W ASH     : @ 41421.893: touch gesture: no valid gesture detected
04-17 12:51:32.282074   984  1089 W ASH     : @ 41421.958: touch gesture: no valid gesture detected
04-17 12:51:32.347691   984  1089 W ASH     : @ 41422.022: touch gesture: no valid gesture detected
04-17 12:51:32.412047   984  1089 W ASH     : @ 41422.087: touch gesture: no valid gesture detected
04-17 12:51:32.476408   984  1089 W ASH     : @ 41422.151: touch gesture: no valid gesture detected
04-17 12:51:32.540860   984  1089 W ASH     : @ 41422.215: touch gesture: no valid gesture detected
04-17 12:51:32.605089   984  1089 W ASH     : @ 41422.280: touch gesture: no valid gesture detected
04-17 12:51:32.669460   984  1089 W ASH     : @ 41422.344: touch gesture: no valid gesture detected
--------- switch to kernel
04-17 12:51:32.690659     0     0 I         : c2   5832 google_charger: usbchg=USB typec=C usbv=5033 usbc=0 usbMv=5000 usbMc=450
04-17 12:51:32.690850     0     0 I         : c2   5832 sm7250_bms: MSC_PCS chg_state=1c2112b01030001 [0x1:1:3:4395:450] chg=u
04-17 12:51:32.690927     0     0 I         : c2   5832 google_battery: MSC_DIN chg_state=1c2112b01030001 f=0x1 chg_s=Not Charging chg_t=None vchg=4395 icl=450
04-17 12:51:32.692932     0     0 I         : c2   5832 google_battery: MSC_DSG vbatt_idx:4->4 vbatt=4395292 ibatt=-5493 fv_uv=4430000 cv_cnt=0 ov_cnt=0
04-17 12:51:32.693005     0     0 I         : c2   5832 google_battery: MSC_VOTE msc_state=2 cv_cnt=0 ov_cnt=0 temp_idx:2, vbatt_idx:4  fv_uv=4430000 cc_max=0 update_interval=-1
04-17 12:51:32.693118     0     0 I         : c2   5832 google_charger: MSC_CHG fv_uv=4430000, cc_max=0, rerun in 2000 ms (0)
--------- switch to main
04-17 12:51:32.734155   984  1089 W ASH     : @ 41422.409: touch gesture: no valid gesture detected
04-17 12:51:32.798409   984  1089 W ASH     : @ 41422.473: touch gesture: no valid gesture detected
04-17 12:51:32.862823   984  1089 W ASH     : @ 41422.537: touch gesture: no valid gesture detected
04-17 12:51:32.927692   984  1089 W ASH     : @ 41422.602: touch gesture: no valid gesture detected
04-17 12:51:32.991521   984  1089 W ASH     : @ 41422.666: touch gesture: no valid gesture detected
04-17 12:51:33.055857   984  1089 W ASH     : @ 41422.731: touch gesture: no valid gesture detected
04-17 12:51:33.120490   984  1089 W ASH     : @ 41422.795: touch gesture: no valid gesture detected
04-17 12:51:33.184887   984  1089 W ASH     : @ 41422.859: touch gesture: no valid gesture detected
04-17 12:51:33.248982   984  1089 W ASH     : @ 41422.924: touch gesture: no valid gesture detected
04-17 12:51:33.313706   984  1089 W ASH     : @ 41422.988: touch gesture: no valid gesture detected
04-17 12:51:33.378075   984  1089 W ASH     : @ 41423.053: touch gesture: no valid gesture detected
04-17 12:51:33.442762   984  1089 W ASH     : @ 41423.117: touch gesture: no valid gesture detected
04-17 12:51:33.507225   984  1089 W ASH     : @ 41423.182: touch gesture: no valid gesture detected
04-17 12:51:33.571825   984  1089 W ASH     : @ 41423.246: touch gesture: no valid gesture detected
04-17 12:51:33.635838   984  1089 W ASH     : @ 41423.311: touch gesture: no valid gesture detected
04-17 12:51:33.700421   984  1089 W ASH     : @ 41423.375: touch gesture: no valid gesture detected
04-17 12:51:33.764952   984  1089 W ASH     : @ 41423.439: touch gesture: no valid gesture detected
04-17 12:51:33.829199   984  1089 W ASH     : @ 41423.504: touch gesture: no valid gesture detected
04-17 12:51:33.893746   984  1089 W ASH     : @ 41423.568: touch gesture: no valid gesture detected
04-17 12:51:33.958526   984  1089 W ASH     : @ 41423.633: touch gesture: no valid gesture detected
04-17 12:51:34.023023   984  1089 W ASH     : @ 41423.697: touch gesture: no valid gesture detected
04-17 12:51:34.087356   984  1089 W ASH     : @ 41423.762: touch gesture: no valid gesture detected
04-17 12:51:34.151838   984  1089 W ASH     : @ 41423.826: touch gesture: no valid gesture detected
04-17 12:51:34.216029   984  1089 W ASH     : @ 41423.891: touch gesture: no valid gesture detected
04-17 12:51:34.280761   984  1089 W ASH     : @ 41423.955: touch gesture: no valid gesture detected
04-17 12:51:34.344744   984  1089 W ASH     : @ 41424.020: touch gesture: no valid gesture detected
04-17 12:51:34.409723   984  1089 W ASH     : @ 41424.084: touch gesture: no valid gesture detected
04-17 12:51:34.474451   984  1089 W ASH     : @ 41424.149: touch gesture: no valid gesture detected
04-17 12:51:34.538808   984  1089 W ASH     : @ 41424.213: touch gesture: no valid gesture detected
04-17 12:51:34.603085   984  1089 W ASH     : @ 41424.278: touch gesture: no valid gesture detected
04-17 12:51:34.667853   984  1089 W ASH     : @ 41424.342: touch gesture: no valid gesture detected
--------- switch to kernel
04-17 12:51:34.699151     0     0 I         : c2   5832 google_charger: usbchg=USB typec=C usbv=5019 usbc=5 usbMv=5000 usbMc=450
04-17 12:51:34.699324     0     0 I         : c2   5832 sm7250_bms: MSC_PCS chg_state=1c2112b01030001 [0x1:1:3:4395:450] chg=u
04-17 12:51:34.699379     0     0 I         : c2   5832 google_battery: MSC_DIN chg_state=1c2112b01030001 f=0x1 chg_s=Not Charging chg_t=None vchg=4395 icl=450
04-17 12:51:34.700727     0     0 I         : c2   5832 google_battery: MSC_DSG vbatt_idx:4->4 vbatt=4395292 ibatt=-5493 fv_uv=4430000 cv_cnt=0 ov_cnt=0
04-17 12:51:34.700783     0     0 I         : c2   5832 google_battery: MSC_VOTE msc_state=2 cv_cnt=0 ov_cnt=0 temp_idx:2, vbatt_idx:4  fv_uv=4430000 cc_max=0 update_interval=-1
04-17 12:51:34.700850     0     0 I         : c2   5832 google_charger: MSC_CHG fv_uv=4430000, cc_max=0, rerun in 2000 ms (0)
--------- switch to main
04-17 12:51:34.732026   984  1089 W ASH     : @ 41424.407: touch gesture: no valid gesture detected
04-17 12:51:34.796500   984  1089 W ASH     : @ 41424.471: touch gesture: no valid gesture detected
04-17 12:51:34.859574   984  1089 W ASH     : @ 41424.536: touch gesture: no valid gesture detected
04-17 12:51:34.925425   984  1089 W ASH     : @ 41424.600: touch gesture: no valid gesture detected
04-17 12:51:34.990439   984  1089 W ASH     : @ 41424.665: touch gesture: no valid gesture detected
04-17 12:51:35.053730   984  1089 W ASH     : @ 41424.729: touch gesture: no valid gesture detected
04-17 12:51:35.118689   984  1089 W ASH     : @ 41424.794: touch gesture: no valid gesture detected
04-17 12:51:35.183454   984  1089 W ASH     : @ 41424.858: touch gesture: no valid gesture detected
04-17 12:51:35.247694   984  1089 W ASH     : @ 41424.923: touch gesture: no valid gesture detected
04-17 12:51:35.312360   984  1089 W ASH     : @ 41424.987: touch gesture: no valid gesture detected
04-17 12:51:35.376980   984  1089 W ASH     : @ 41425.051: touch gesture: no valid gesture detected
04-17 12:51:35.441402   984  1089 W ASH     : @ 41425.116: touch gesture: no valid gesture detected
04-17 12:51:35.505992   984  1089 W ASH     : @ 41425.180: touch gesture: no valid gesture detected
04-17 12:51:35.570058   984  1089 W ASH     : @ 41425.245: touch gesture: no valid gesture detected
04-17 12:51:35.634573   984  1089 W ASH     : @ 41425.309: touch gesture: no valid gesture detected
04-17 12:51:35.699364   984  1089 W ASH     : @ 41425.374: touch gesture: no valid gesture detected
04-17 12:51:35.763891   984  1089 W ASH     : @ 41425.438: touch gesture: no valid gesture detected
04-17 12:51:35.828026   984  1089 W ASH     : @ 41425.503: touch gesture: no valid gesture detected
04-17 12:51:35.892436   984  1089 W ASH     : @ 41425.567: touch gesture: no valid gesture detected
04-17 12:51:35.957428   984  1089 W ASH     : @ 41425.632: touch gesture: no valid gesture detected
04-17 12:51:36.021302   984  1089 W ASH     : @ 41425.696: touch gesture: no valid gesture detected
04-17 12:51:36.086431   984  1089 W ASH     : @ 41425.761: touch gesture: no valid gesture detected
04-17 12:51:36.150504   984  1089 W ASH     : @ 41425.825: touch gesture: no valid gesture detected
04-17 12:51:36.214614   984  1089 W ASH     : @ 41425.889: touch gesture: no valid gesture detected
04-17 12:51:36.279468   984  1089 W ASH     : @ 41425.954: touch gesture: no valid gesture detected
04-17 12:51:36.343551   984  1089 W ASH     : @ 41426.018: touch gesture: no valid gesture detected
04-17 12:51:36.408007   984  1089 W ASH     : @ 41426.083: touch gesture: no valid gesture detected
04-17 12:51:36.472471   984  1089 W ASH     : @ 41426.147: touch gesture: no valid gesture detected
04-17 12:51:36.536747   984  1089 W ASH     : @ 41426.211: touch gesture: no valid gesture detected
04-17 12:51:36.600841   984  1089 W ASH     : @ 41426.276: touch gesture: no valid gesture detected
04-17 12:51:36.664565   984  1089 W ASH     : @ 41426.340: touch gesture: no valid gesture detected
--------- switch to kernel
04-17 12:51:36.708676     0     0 I         : c2   5832 google_charger: usbchg=USB typec=C usbv=5039 usbc=0 usbMv=5000 usbMc=450
04-17 12:51:36.708849     0     0 I         : c2   5832 sm7250_bms: MSC_PCS chg_state=1c2112b01030001 [0x1:1:3:4395:450] chg=u
04-17 12:51:36.708915     0     0 I         : c2   5832 google_battery: MSC_DIN chg_state=1c2112b01030001 f=0x1 chg_s=Not Charging chg_t=None vchg=4395 icl=450
04-17 12:51:36.710539     0     0 I         : c2   5832 google_battery: MSC_DSG vbatt_idx:4->4 vbatt=4395292 ibatt=-5493 fv_uv=4430000 cv_cnt=0 ov_cnt=0
04-17 12:51:36.710600     0     0 I         : c2   5832 google_battery: MSC_VOTE msc_state=2 cv_cnt=0 ov_cnt=0 temp_idx:2, vbatt_idx:4  fv_uv=4430000 cc_max=0 update_interval=-1
04-17 12:51:36.710698     0     0 I         : c2   5832 google_charger: MSC_CHG fv_uv=4430000, cc_max=0, rerun in 2000 ms (0)
--------- switch to main
04-17 12:51:36.730024   984  1089 W ASH     : @ 41426.405: touch gesture: no valid gesture detected
04-17 12:51:36.794324   984  1089 W ASH     : @ 41426.469: touch gesture: no valid gesture detected
04-17 12:51:36.858961   984  1089 W ASH     : @ 41426.534: touch gesture: no valid gesture detected
04-17 12:51:36.923597   984  1089 W ASH     : @ 41426.598: touch gesture: no valid gesture detected
04-17 12:51:36.987826   984  1089 W ASH     : @ 41426.662: touch gesture: no valid gesture detected
04-17 12:51:37.052166   984  1089 W ASH     : @ 41426.727: touch gesture: no valid gesture detected
04-17 12:51:37.116643   984  1089 W ASH     : @ 41426.791: touch gesture: no valid gesture detected
04-17 12:51:37.180977   984  1089 W ASH     : @ 41426.856: touch gesture: no valid gesture detected
04-17 12:51:37.245819   984  1089 W ASH     : @ 41426.920: touch gesture: no valid gesture detected
04-17 12:51:37.310125   984  1089 W ASH     : @ 41426.985: touch gesture: no valid gesture detected
04-17 12:51:37.374604   984  1089 W ASH     : @ 41427.049: touch gesture: no valid gesture detected
04-17 12:51:37.438987   984  1089 W ASH     : @ 41427.114: touch gesture: no valid gesture detected
04-17 12:51:37.503330   984  1089 W ASH     : @ 41427.178: touch gesture: no valid gesture detected
04-17 12:51:37.568693   984  1089 W ASH     : @ 41427.243: touch gesture: no valid gesture detected
04-17 12:51:37.632563   984  1089 W ASH     : @ 41427.307: touch gesture: no valid gesture detected
04-17 12:51:37.697023   984  1089 W ASH     : @ 41427.372: touch gesture: no valid gesture detected
04-17 12:51:37.761555   984  1089 W ASH     : @ 41427.436: touch gesture: no valid gesture detected
04-17 12:51:37.825777   984  1089 W ASH     : @ 41427.501: touch gesture: no valid gesture detected
04-17 12:51:37.890396   984  1089 W ASH     : @ 41427.565: touch gesture: no valid gesture detected
04-17 12:51:37.954965   984  1089 W ASH     : @ 41427.630: touch gesture: no valid gesture detected
04-17 12:51:38.019234   984  1089 W ASH     : @ 41427.694: touch gesture: no valid gesture detected
04-17 12:51:38.083776   984  1089 W ASH     : @ 41427.758: touch gesture: no valid gesture detected
04-17 12:51:38.148638   984  1089 W ASH     : @ 41427.823: touch gesture: no valid gesture detected
04-17 12:51:38.212754   984  1089 W ASH     : @ 41427.887: touch gesture: no valid gesture detected
04-17 12:51:38.277175   984  1089 W ASH     : @ 41427.952: touch gesture: no valid gesture detected
04-17 12:51:38.342023   984  1089 W ASH     : @ 41428.016: touch gesture: no valid gesture detected
04-17 12:51:38.406347   984  1089 W ASH     : @ 41428.081: touch gesture: no valid gesture detected
04-17 12:51:38.470533   984  1089 W ASH     : @ 41428.145: touch gesture: no valid gesture detected
04-17 12:51:38.535294   984  1089 W ASH     : @ 41428.210: touch gesture: no valid gesture detected
04-17 12:51:38.599573   984  1089 W ASH     : @ 41428.274: touch gesture: no valid gesture detected
04-17 12:51:38.663606   984  1089 W ASH     : @ 41428.339: touch gesture: no valid gesture detected
--------- switch to kernel
04-17 12:51:38.719168     0     0 I         : c2   5832 google_charger: usbchg=USB typec=C usbv=5035 usbc=0 usbMv=5000 usbMc=450
04-17 12:51:38.719356     0     0 I         : c2   5832 sm7250_bms: MSC_PCS chg_state=1c2112b01030001 [0x1:1:3:4395:450] chg=u
04-17 12:51:38.719429     0     0 I         : c2   5832 google_battery: MSC_DIN chg_state=1c2112b01030001 f=0x1 chg_s=Not Charging chg_t=None vchg=4395 icl=450
04-17 12:51:38.720831     0     0 I         : c2   5832 google_battery: MSC_DSG vbatt_idx:4->4 vbatt=4395292 ibatt=-5493 fv_uv=4430000 cv_cnt=0 ov_cnt=0
04-17 12:51:38.720890     0     0 I         : c2   5832 google_battery: MSC_VOTE msc_state=2 cv_cnt=0 ov_cnt=0 temp_idx:2, vbatt_idx:4  fv_uv=4430000 cc_max=0 update_interval=-1
04-17 12:51:38.721300     0     0 I         : c2   5832 google_charger: MSC_CHG fv_uv=4430000, cc_max=0, rerun in 2000 ms (0)
--------- switch to main
04-17 12:51:38.727031   984  1089 W ASH     : @ 41428.403: touch gesture: no valid gesture detected
04-17 12:51:38.792675   984  1089 W ASH     : @ 41428.467: touch gesture: no valid gesture detected
04-17 12:51:38.857224   984  1089 W ASH     : @ 41428.532: touch gesture: no valid gesture detected
04-17 12:51:38.921786   984  1089 W ASH     : @ 41428.596: touch gesture: no valid gesture detected
04-17 12:51:38.985933   984  1089 W ASH     : @ 41428.661: touch gesture: no valid gesture detected
04-17 12:51:39.050535   984  1089 W ASH     : @ 41428.725: touch gesture: no valid gesture detected
04-17 12:51:39.115273   984  1089 W ASH     : @ 41428.790: touch gesture: no valid gesture detected
04-17 12:51:39.179456   984  1089 W ASH     : @ 41428.854: touch gesture: no valid gesture detected
04-17 12:51:39.244006   984  1089 W ASH     : @ 41428.919: touch gesture: no valid gesture detected
04-17 12:51:39.308181   984  1089 W ASH     : @ 41428.983: touch gesture: no valid gesture detected
04-17 12:51:39.372465   984  1089 W ASH     : @ 41429.047: touch gesture: no valid gesture detected
04-17 12:51:39.437038   984  1089 W ASH     : @ 41429.112: touch gesture: no valid gesture detected
04-17 12:51:39.501591   984  1089 W ASH     : @ 41429.176: touch gesture: no valid gesture detected
04-17 12:51:39.565280   984  1089 W ASH     : @ 41429.241: touch gesture: no valid gesture detected
04-17 12:51:39.630663   984  1089 W ASH     : @ 41429.305: touch gesture: no valid gesture detected
04-17 12:51:39.694853   984  1089 W ASH     : @ 41429.370: touch gesture: no valid gesture detected
04-17 12:51:39.759690   984  1089 W ASH     : @ 41429.434: touch gesture: no valid gesture detected
04-17 12:51:39.823948   984  1089 W ASH     : @ 41429.498: touch gesture: no valid gesture detected
04-17 12:51:39.888579   984  1089 W ASH     : @ 41429.563: touch gesture: no valid gesture detected
04-17 12:51:39.952934   984  1089 W ASH     : @ 41429.628: touch gesture: no valid gesture detected
04-17 12:51:40.016914   984  1089 W ASH     : @ 41429.692: touch gesture: no valid gesture detected
04-17 12:51:40.081959   984  1089 W ASH     : @ 41429.756: touch gesture: no valid gesture detected
04-17 12:51:40.146362   984  1089 W ASH     : @ 41429.821: touch gesture: no valid gesture detected
04-17 12:51:40.210584   984  1089 W ASH     : @ 41429.885: touch gesture: no valid gesture detected
04-17 12:51:40.274683   984  1089 W ASH     : @ 41429.950: touch gesture: no valid gesture detected
04-17 12:51:40.339491   984  1089 W ASH     : @ 41430.014: touch gesture: no valid gesture detected
04-17 12:51:40.403818   984  1089 W ASH     : @ 41430.078: touch gesture: no valid gesture detected
04-17 12:51:40.468135   984  1089 W ASH     : @ 41430.143: touch gesture: no valid gesture detected
04-17 12:51:40.533008   984  1089 W ASH     : @ 41430.208: touch gesture: no valid gesture detected
04-17 12:51:40.597256   984  1089 W ASH     : @ 41430.272: touch gesture: no valid gesture detected
04-17 12:51:40.661450   984  1089 W ASH     : @ 41430.336: touch gesture: no valid gesture detected
04-17 12:51:40.725753   984  1089 W ASH     : @ 41430.401: touch gesture: no valid gesture detected
--------- switch to kernel
04-17 12:51:40.725312     0     0 I         : c2   5832 google_charger: usbchg=USB typec=C usbv=5033 usbc=0 usbMv=5000 usbMc=450
04-17 12:51:40.725480     0     0 I         : c2   5832 sm7250_bms: MSC_PCS chg_state=1c2112b01030001 [0x1:1:3:4395:450] chg=u
04-17 12:51:40.725530     0     0 I         : c2   5832 google_battery: MSC_DIN chg_state=1c2112b01030001 f=0x1 chg_s=Not Charging chg_t=None vchg=4395 icl=450
04-17 12:51:40.726877     0     0 I         : c2   5832 google_battery: MSC_DSG vbatt_idx:4->4 vbatt=4395292 ibatt=-5493 fv_uv=4430000 cv_cnt=0 ov_cnt=0
04-17 12:51:40.726937     0     0 I         : c2   5832 google_battery: MSC_VOTE msc_state=2 cv_cnt=0 ov_cnt=0 temp_idx:2, vbatt_idx:4  fv_uv=4430000 cc_max=0 update_interval=-1
04-17 12:51:40.727015     0     0 I         : c2   5832 google_charger: MSC_CHG fv_uv=4430000, cc_max=0, rerun in 2000 ms (0)
--------- switch to main
04-17 12:51:40.790658   984  1089 W ASH     : @ 41430.465: touch gesture: no valid gesture detected
04-17 12:51:40.855335   984  1089 W ASH     : @ 41430.530: touch gesture: no valid gesture detected
04-17 12:51:40.919718   984  1089 W ASH     : @ 41430.594: touch gesture: no valid gesture detected
04-17 12:51:40.983747   984  1089 W ASH     : @ 41430.658: touch gesture: no valid gesture detected
04-17 12:51:41.048109   984  1089 W ASH     : @ 41430.723: touch gesture: no valid gesture detected
04-17 12:51:41.112274   984  1089 W ASH     : @ 41430.787: touch gesture: no valid gesture detected
04-17 12:51:41.177139   984  1089 W ASH     : @ 41430.851: touch gesture: no valid gesture detected
04-17 12:51:41.240462   984  1089 W ASH     : @ 41430.916: touch gesture: no valid gesture detected
04-17 12:51:41.305899   984  1089 W ASH     : @ 41430.980: touch gesture: no valid gesture detected
04-17 12:51:41.369987   984  1089 W ASH     : @ 41431.045: touch gesture: no valid gesture detected
04-17 12:51:41.434504   984  1089 W ASH     : @ 41431.109: touch gesture: no valid gesture detected
04-17 12:51:41.499375   984  1089 W ASH     : @ 41431.173: touch gesture: no valid gesture detected
04-17 12:51:41.563094   984  1089 W ASH     : @ 41431.238: touch gesture: no valid gesture detected
04-17 12:51:41.627492   984  1089 W ASH     : @ 41431.302: touch gesture: no valid gesture detected
04-17 12:51:41.691958   984  1089 W ASH     : @ 41431.367: touch gesture: no valid gesture detected
04-17 12:51:41.756477   984  1089 W ASH     : @ 41431.431: touch gesture: no valid gesture detected
04-17 12:51:41.821153   984  1089 W ASH     : @ 41431.496: touch gesture: no valid gesture detected
04-17 12:51:41.885331   984  1089 W ASH     : @ 41431.560: touch gesture: no valid gesture detected
04-17 12:51:41.949761   984  1089 W ASH     : @ 41431.625: touch gesture: no valid gesture detected
04-17 12:51:42.014433   984  1089 W ASH     : @ 41431.689: touch gesture: no valid gesture detected
04-17 12:51:42.078946   984  1089 W ASH     : @ 41431.754: touch gesture: no valid gesture detected
04-17 12:51:42.143591   984  1089 W ASH     : @ 41431.818: touch gesture: no valid gesture detected
04-17 12:51:42.208013   984  1089 W ASH     : @ 41431.882: touch gesture: no valid gesture detected
04-17 12:51:42.272333   984  1089 W ASH     : @ 41431.947: touch gesture: no valid gesture detected
04-17 12:51:42.336539   984  1089 W ASH     : @ 41432.011: touch gesture: no valid gesture detected
04-17 12:51:42.401035   984  1089 W ASH     : @ 41432.076: touch gesture: no valid gesture detected
04-17 12:51:42.465575   984  1089 W ASH     : @ 41432.140: touch gesture: no valid gesture detected
04-17 12:51:42.529675   984  1089 W ASH     : @ 41432.205: touch gesture: no valid gesture detected
04-17 12:51:42.594296   984  1089 W ASH     : @ 41432.269: touch gesture: no valid gesture detected
04-17 12:51:42.658922   984  1089 W ASH     : @ 41432.333: touch gesture: no valid gesture detected
04-17 12:51:42.723472   984  1089 W ASH     : @ 41432.398: touch gesture: no valid gesture detected
--------- switch to kernel
04-17 12:51:42.734227     0     0 I         : c2   5832 google_charger: usbchg=USB typec=C usbv=5049 usbc=0 usbMv=5000 usbMc=450
04-17 12:51:42.734752     0     0 I         : c2   5832 sm7250_bms: MSC_PCS chg_state=1c2112b01030001 [0x1:1:3:4395:450] chg=u
04-17 12:51:42.734847     0     0 I         : c2   5832 google_battery: MSC_DIN chg_state=1c2112b01030001 f=0x1 chg_s=Not Charging chg_t=None vchg=4395 icl=450
04-17 12:51:42.736594     0     0 I         : c2   5832 google_battery: MSC_DSG vbatt_idx:4->4 vbatt=4395292 ibatt=-4272 fv_uv=4430000 cv_cnt=0 ov_cnt=0
04-17 12:51:42.736676     0     0 I         : c2   5832 google_battery: MSC_VOTE msc_state=2 cv_cnt=0 ov_cnt=0 temp_idx:2, vbatt_idx:4  fv_uv=4430000 cc_max=0 update_interval=-1
04-17 12:51:42.736797     0     0 I         : c2   5832 google_charger: MSC_CHG fv_uv=4430000, cc_max=0, rerun in 2000 ms (0)
--------- switch to main
04-17 12:51:42.787808   984  1089 W ASH     : @ 41432.462: touch gesture: no valid gesture detected
04-17 12:51:42.852084   984  1089 W ASH     : @ 41432.527: touch gesture: no valid gesture detected
04-17 12:51:42.916589   984  1089 W ASH     : @ 41432.591: touch gesture: no valid gesture detected
04-17 12:51:42.980857   984  1089 W ASH     : @ 41432.656: touch gesture: no valid gesture detected
04-17 12:51:43.045481   984  1089 W ASH     : @ 41432.720: touch gesture: no valid gesture detected
04-17 12:51:43.110200   984  1089 W ASH     : @ 41432.785: touch gesture: no valid gesture detected
04-17 12:51:43.174463   984  1089 W ASH     : @ 41432.849: touch gesture: no valid gesture detected
04-17 12:51:43.239137   984  1089 W ASH     : @ 41432.913: touch gesture: no valid gesture detected
04-17 12:51:43.303550   984  1089 W ASH     : @ 41432.978: touch gesture: no valid gesture detected
04-17 12:51:43.367468   984  1089 W ASH     : @ 41433.042: touch gesture: no valid gesture detected
04-17 12:51:43.432239   984  1089 W ASH     : @ 41433.107: touch gesture: no valid gesture detected
04-17 12:51:43.496821   984  1089 W ASH     : @ 41433.171: touch gesture: no valid gesture detected
04-17 12:51:43.560824   984  1089 W ASH     : @ 41433.235: touch gesture: no valid gesture detected
04-17 12:51:43.624868   984  1089 W ASH     : @ 41433.300: touch gesture: no valid gesture detected
04-17 12:51:43.689509   984  1089 W ASH     : @ 41433.364: touch gesture: no valid gesture detected
04-17 12:51:43.753862   984  1089 W ASH     : @ 41433.429: touch gesture: no valid gesture detected
04-17 12:51:43.818710   984  1089 W ASH     : @ 41433.493: touch gesture: no valid gesture detected
04-17 12:51:43.882946   984  1089 W ASH     : @ 41433.557: touch gesture: no valid gesture detected
04-17 12:51:43.947513   984  1089 W ASH     : @ 41433.622: touch gesture: no valid gesture detected
04-17 12:51:44.012074   984  1089 W ASH     : @ 41433.686: touch gesture: no valid gesture detected
04-17 12:51:44.076361   984  1089 W ASH     : @ 41433.751: touch gesture: no valid gesture detected
04-17 12:51:44.140729   984  1089 W ASH     : @ 41433.815: touch gesture: no valid gesture detected
04-17 12:51:44.204930   984  1089 W ASH     : @ 41433.880: touch gesture: no valid gesture detected
04-17 12:51:44.269712   984  1089 W ASH     : @ 41433.944: touch gesture: no valid gesture detected
04-17 12:51:44.333976   984  1089 W ASH     : @ 41434.009: touch gesture: no valid gesture detected
04-17 12:51:44.398420   984  1089 W ASH     : @ 41434.073: touch gesture: no valid gesture detected
04-17 12:51:44.462822   984  1089 W ASH     : @ 41434.137: touch gesture: no valid gesture detected
04-17 12:51:44.527236   984  1089 W ASH     : @ 41434.202: touch gesture: no valid gesture detected
04-17 12:51:44.590272   984  1089 W ASH     : @ 41434.266: touch gesture: no valid gesture detected
04-17 12:51:44.654871   984  1089 W ASH     : @ 41434.331: touch gesture: no valid gesture detected
04-17 12:51:44.717255  1364  1380 W xtra-daemon: onRequestXtraData:190] On Req XTRA data Xtrastate:1 retry:1 curReqSource:0 newreqSource:0xffff              isCon:0 isNonMetered:0 isGpsEnabled:1
04-17 12:51:44.718937   984  1089 W ASH     : @ 41434.395: touch gesture: no valid gesture detected
04-17 12:51:44.720448  1364  1372 W xtra-daemon: onXtraDownloadResultInternal:361] XTRA download result status:4 starting timer for 300 sec mXtraRetryTimes:0 
--------- switch to kernel
04-17 12:51:44.740550     0     0 I         : c2   5832 google_charger: usbchg=USB typec=C usbv=5030 usbc=0 usbMv=5000 usbMc=450
04-17 12:51:44.740727     0     0 I         : c2   5832 sm7250_bms: MSC_PCS chg_state=1c2112b01030001 [0x1:1:3:4395:450] chg=u
04-17 12:51:44.740783     0     0 I         : c2   5832 google_battery: MSC_DIN chg_state=1c2112b01030001 f=0x1 chg_s=Not Charging chg_t=None vchg=4395 icl=450
04-17 12:51:44.742205     0     0 I         : c2   5832 google_battery: MSC_DSG vbatt_idx:4->4 vbatt=4395292 ibatt=-4272 fv_uv=4430000 cv_cnt=0 ov_cnt=0
04-17 12:51:44.742267     0     0 I         : c2   5832 google_battery: MSC_VOTE msc_state=2 cv_cnt=0 ov_cnt=0 temp_idx:2, vbatt_idx:4  fv_uv=4430000 cc_max=0 update_interval=-1
04-17 12:51:44.742349     0     0 I         : c2   5832 google_charger: MSC_CHG fv_uv=4430000, cc_max=0, rerun in 2000 ms (0)
--------- switch to main
04-17 12:51:44.785177   984  1089 W ASH     : @ 41434.460: touch gesture: no valid gesture detected
04-17 12:51:44.849613   984  1089 W ASH     : @ 41434.524: touch gesture: no valid gesture detected
04-17 12:51:44.913688   984  1089 W ASH     : @ 41434.588: touch gesture: no valid gesture detected
04-17 12:51:44.978531   984  1089 W ASH     : @ 41434.653: touch gesture: no valid gesture detected
04-17 12:51:45.042706   984  1089 W ASH     : @ 41434.717: touch gesture: no valid gesture detected
04-17 12:51:45.107059   984  1089 W ASH     : @ 41434.782: touch gesture: no valid gesture detected
04-17 12:51:45.171285   984  1089 W ASH     : @ 41434.846: touch gesture: no valid gesture detected
04-17 12:51:45.235872   984  1089 W ASH     : @ 41434.910: touch gesture: no valid gesture detected
04-17 12:51:45.300218   984  1089 W ASH     : @ 41434.975: touch gesture: no valid gesture detected
04-17 12:51:45.364884   984  1089 W ASH     : @ 41435.039: touch gesture: no valid gesture detected
04-17 12:51:45.429109   984  1089 W ASH     : @ 41435.104: touch gesture: no valid gesture detected
04-17 12:51:45.493337   984  1089 W ASH     : @ 41435.168: touch gesture: no valid gesture detected
04-17 12:51:45.557952   984  1089 W ASH     : @ 41435.233: touch gesture: no valid gesture detected
04-17 12:51:45.620844   984  1089 W ASH     : @ 41435.297: touch gesture: no valid gesture detected
04-17 12:51:45.686706   984  1089 W ASH     : @ 41435.361: touch gesture: no valid gesture detected
04-17 12:51:45.751065   984  1089 W ASH     : @ 41435.426: touch gesture: no valid gesture detected
04-17 12:51:45.815464   984  1089 W ASH     : @ 41435.490: touch gesture: no valid gesture detected
04-17 12:51:45.879724   984  1089 W ASH     : @ 41435.555: touch gesture: no valid gesture detected
04-17 12:51:45.944284   984  1089 W ASH     : @ 41435.619: touch gesture: no valid gesture detected
04-17 12:51:46.008616   984  1089 W ASH     : @ 41435.683: touch gesture: no valid gesture detected
04-17 12:51:46.073211   984  1089 W ASH     : @ 41435.748: touch gesture: no valid gesture detected
04-17 12:51:46.137261   984  1089 W ASH     : @ 41435.812: touch gesture: no valid gesture detected
04-17 12:51:46.202093   984  1089 W ASH     : @ 41435.877: touch gesture: no valid gesture detected
04-17 12:51:46.266433   984  1089 W ASH     : @ 41435.941: touch gesture: no valid gesture detected
04-17 12:51:46.331372   984  1089 W ASH     : @ 41436.006: touch gesture: no valid gesture detected
04-17 12:51:46.395641   984  1089 W ASH     : @ 41436.070: touch gesture: no valid gesture detected
04-17 12:51:46.459729   984  1089 W ASH     : @ 41436.135: touch gesture: no valid gesture detected
04-17 12:51:46.524401   984  1089 W ASH     : @ 41436.199: touch gesture: no valid gesture detected
