04-17 04:40:35.465500   984  1089 W ASH     : @ 11965.143: touch gesture: no valid gesture detected
04-17 04:40:35.530064   984  1089 W ASH     : @ 11965.208: touch gesture: no valid gesture detected
04-17 04:40:35.595024   984  1089 W ASH     : @ 11965.272: touch gesture: no valid gesture detected
04-17 04:40:35.659459   984  1089 W ASH     : @ 11965.337: touch gesture: no valid gesture detected
04-17 04:40:35.724199   984  1089 W ASH     : @ 11965.402: touch gesture: no valid gesture detected
04-17 04:40:35.788631   984  1089 W ASH     : @ 11965.466: touch gesture: no valid gesture detected
04-17 04:40:35.851740   984  1089 W ASH     : @ 11965.531: touch gesture: no valid gesture detected
--------- switch to kernel
04-17 04:40:35.852660     0     0 I         : c1   5397 google_charger: usbchg=USB typec=C usbv=4982 usbc=121 usbMv=5000 usbMc=450
04-17 04:40:35.852845     0     0 I         : c1   5397 sm7250_bms: MSC_PCS chg_state=1c2115f04010009 [0x9:4:1:4447:450] chg=u
04-17 04:40:35.852912     0     0 I         : c1   5397 google_battery: MSC_DIN chg_state=1c2115f04010009 f=0x9 chg_s=Charging chg_t=Taper vchg=4447 icl=450
04-17 04:40:35.855751     0     0 I         : c1   5397 google_battery: MSC_STEADY vt=4430000 vb=4447455 fv_uv=4430000 margin=100000
04-17 04:40:35.855786     0     0 I         : c1   5397 google_battery: hold not defined for msc_state=10
04-17 04:40:35.855815     0     0 I         : c1   5397 google_battery: MSC_RSTC vt=4430000 vb=4447455 fv_uv=4430000 ibatt=-135498 cc_next_max=120000 t_cnt=0
04-17 04:40:35.855834     0     0 I         : c1   5397 google_battery: hold not defined for msc_state=14
04-17 04:40:35.855903     0     0 I         : c1   5397 google_battery: MSC_VOTE msc_state=14 cv_cnt=0 ov_cnt=0 temp_idx:2, vbatt_idx:4  fv_uv=4430000 cc_max=600000 update_interval=2000
04-17 04:40:35.856008     0     0 I         : c1   5397 google_charger: MSC_CHG fv_uv=4430000, cc_max=600000, rerun in 2000 ms (0)
--------- switch to main
04-17 04:40:35.917705   984  1089 W ASH     : @ 11965.595: touch gesture: no valid gesture detected
04-17 04:40:35.982440   984  1089 W ASH     : @ 11965.660: touch gesture: no valid gesture detected
04-17 04:40:36.047078   984  1089 W ASH     : @ 11965.725: touch gesture: no valid gesture detected
04-17 04:40:36.111621   984  1089 W ASH     : @ 11965.789: touch gesture: no valid gesture detected
04-17 04:40:36.176175   984  1089 W ASH     : @ 11965.854: touch gesture: no valid gesture detected
04-17 04:40:36.240771   984  1089 W ASH     : @ 11965.918: touch gesture: no valid gesture detected
04-17 04:40:36.305516   984  1089 W ASH     : @ 11965.983: touch gesture: no valid gesture detected
04-17 04:40:36.368804   984  1089 W ASH     : @ 11966.048: touch gesture: no valid gesture detected
04-17 04:40:36.434834   984  1089 W ASH     : @ 11966.112: touch gesture: no valid gesture detected
04-17 04:40:36.499214   984  1089 W ASH     : @ 11966.177: touch gesture: no valid gesture detected
04-17 04:40:36.564162   984  1089 W ASH     : @ 11966.241: touch gesture: no valid gesture detected
04-17 04:40:36.628522   984  1089 W ASH     : @ 11966.306: touch gesture: no valid gesture detected
04-17 04:40:36.693285   984  1089 W ASH     : @ 11966.371: touch gesture: no valid gesture detected
04-17 04:40:36.757474   984  1089 W ASH     : @ 11966.435: touch gesture: no valid gesture detected
04-17 04:40:36.822341   984  1089 W ASH     : @ 11966.500: touch gesture: no valid gesture detected
04-17 04:40:36.886928   984  1089 W ASH     : @ 11966.564: touch gesture: no valid gesture detected
04-17 04:40:36.951435   984  1089 W ASH     : @ 11966.629: touch gesture: no valid gesture detected
04-17 04:40:37.015718   984  1089 W ASH     : @ 11966.693: touch gesture: no valid gesture detected
04-17 04:40:37.080250   984  1089 W ASH     : @ 11966.758: touch gesture: no valid gesture detected
04-17 04:40:37.145079   984  1089 W ASH     : @ 11966.822: touch gesture: no valid gesture detected
04-17 04:40:37.209133   984  1089 W ASH     : @ 11966.887: touch gesture: no valid gesture detected
04-17 04:40:37.273902   984  1089 W ASH     : @ 11966.952: touch gesture: no valid gesture detected
04-17 04:40:37.338456   984  1089 W ASH     : @ 11967.016: touch gesture: no valid gesture detected
04-17 04:40:37.403015   984  1089 W ASH     : @ 11967.081: touch gesture: no valid gesture detected
04-17 04:40:37.467288   984  1089 W ASH     : @ 11967.145: touch gesture: no valid gesture detected
04-17 04:40:37.531887   984  1089 W ASH     : @ 11967.210: touch gesture: no valid gesture detected
04-17 04:40:37.596437   984  1089 W ASH     : @ 11967.274: touch gesture: no valid gesture detected
04-17 04:40:37.660875   984  1089 W ASH     : @ 11967.338: touch gesture: no valid gesture detected
04-17 04:40:37.725486   984  1089 W ASH     : @ 11967.403: touch gesture: no valid gesture detected
04-17 04:40:37.789934   984  1089 W ASH     : @ 11967.468: touch gesture: no valid gesture detected
04-17 04:40:37.854240   984  1089 W ASH     : @ 11967.532: touch gesture: no valid gesture detected
--------- switch to kernel
04-17 04:40:37.861659     0     0 I         : c1   5397 google_charger: usbchg=USB typec=C usbv=4995 usbc=85 usbMv=5000 usbMc=450
04-17 04:40:37.861851     0     0 I         : c1   5397 sm7250_bms: MSC_PCS chg_state=1c2115f04010009 [0x9:4:1:4447:450] chg=u
04-17 04:40:37.861918     0     0 I         : c1   5397 google_battery: MSC_DIN chg_state=1c2115f04010009 f=0x9 chg_s=Charging chg_t=Taper vchg=4447 icl=450
04-17 04:40:37.863397     0     0 I         : c1   5397 google_battery: MSC_STEADY vt=4430000 vb=4447455 fv_uv=4430000 margin=100000
04-17 04:40:37.863423     0     0 I         : c1   5397 google_battery: hold not defined for msc_state=10
04-17 04:40:37.863665     0     0 I         : c1   5397 google_battery: MSC_RSTC vt=4430000 vb=4447455 fv_uv=4430000 ibatt=-127258 cc_next_max=120000 t_cnt=0
04-17 04:40:37.863689     0     0 I         : c1   5397 google_battery: hold not defined for msc_state=14
04-17 04:40:37.863754     0     0 I         : c1   5397 google_battery: MSC_VOTE msc_state=14 cv_cnt=0 ov_cnt=0 temp_idx:2, vbatt_idx:4  fv_uv=4430000 cc_max=600000 update_interval=2000
04-17 04:40:37.863847     0     0 I         : c1   5397 google_charger: MSC_CHG fv_uv=4430000, cc_max=600000, rerun in 2000 ms (0)
--------- switch to main
04-17 04:40:37.919195   984  1089 W ASH     : @ 11967.597: touch gesture: no valid gesture detected
04-17 04:40:37.983760   984  1089 W ASH     : @ 11967.661: touch gesture: no valid gesture detected
04-17 04:40:38.048210   984  1089 W ASH     : @ 11967.726: touch gesture: no valid gesture detected
04-17 04:40:38.113049   984  1089 W ASH     : @ 11967.790: touch gesture: no valid gesture detected
04-17 04:40:38.177184   984  1089 W ASH     : @ 11967.855: touch gesture: no valid gesture detected
04-17 04:40:38.241943   984  1089 W ASH     : @ 11967.920: touch gesture: no valid gesture detected
04-17 04:40:38.306510   984  1089 W ASH     : @ 11967.984: touch gesture: no valid gesture detected
04-17 04:40:38.371138   984  1089 W ASH     : @ 11968.049: touch gesture: no valid gesture detected
04-17 04:40:38.435841   984  1089 W ASH     : @ 11968.113: touch gesture: no valid gesture detected
04-17 04:40:38.499872   984  1089 W ASH     : @ 11968.178: touch gesture: no valid gesture detected
04-17 04:40:38.564759   984  1089 W ASH     : @ 11968.242: touch gesture: no valid gesture detected
04-17 04:40:38.629199   984  1089 W ASH     : @ 11968.307: touch gesture: no valid gesture detected
04-17 04:40:38.693737   984  1089 W ASH     : @ 11968.371: touch gesture: no valid gesture detected
04-17 04:40:38.758512   984  1089 W ASH     : @ 11968.436: touch gesture: no valid gesture detected
04-17 04:40:38.822760   984  1089 W ASH     : @ 11968.500: touch gesture: no valid gesture detected
04-17 04:40:38.887463   984  1089 W ASH     : @ 11968.565: touch gesture: no valid gesture detected
04-17 04:40:38.952016   984  1089 W ASH     : @ 11968.630: touch gesture: no valid gesture detected
04-17 04:40:39.016582   984  1089 W ASH     : @ 11968.694: touch gesture: no valid gesture detected
04-17 04:40:39.081043   984  1089 W ASH     : @ 11968.759: touch gesture: no valid gesture detected
04-17 04:40:39.145592   984  1089 W ASH     : @ 11968.823: touch gesture: no valid gesture detected
04-17 04:40:39.210222   984  1089 W ASH     : @ 11968.888: touch gesture: no valid gesture detected
04-17 04:40:39.275228   984  1089 W ASH     : @ 11968.953: touch gesture: no valid gesture detected
04-17 04:40:39.339461   984  1089 W ASH     : @ 11969.017: touch gesture: no valid gesture detected
04-17 04:40:39.404043   984  1089 W ASH     : @ 11969.082: touch gesture: no valid gesture detected
04-17 04:40:39.468662   984  1089 W ASH     : @ 11969.146: touch gesture: no valid gesture detected
04-17 04:40:39.533419   984  1089 W ASH     : @ 11969.211: touch gesture: no valid gesture detected
04-17 04:40:39.598264   984  1089 W ASH     : @ 11969.276: touch gesture: no valid gesture detected
04-17 04:40:39.662592   984  1089 W ASH     : @ 11969.340: touch gesture: no valid gesture detected
04-17 04:40:39.727024   984  1089 W ASH     : @ 11969.405: touch gesture: no valid gesture detected
04-17 04:40:39.791746   984  1089 W ASH     : @ 11969.469: touch gesture: no valid gesture detected
04-17 04:40:39.856383   984  1089 W ASH     : @ 11969.534: touch gesture: no valid gesture detected
--------- switch to kernel
04-17 04:40:39.868034     0     0 I         : c1   5397 google_charger: usbchg=USB typec=C usbv=4996 usbc=91 usbMv=5000 usbMc=450
04-17 04:40:39.868225     0     0 I         : c1   5397 sm7250_bms: MSC_PCS chg_state=1c2115e04010009 [0x9:4:1:4446:450] chg=u
04-17 04:40:39.868287     0     0 I         : c1   5397 google_battery: MSC_DIN chg_state=1c2115e04010009 f=0x9 chg_s=Charging chg_t=Taper vchg=4446 icl=450
04-17 04:40:39.869719     0     0 I         : c1   5397 google_battery: MSC_STEADY vt=4430000 vb=4446482 fv_uv=4430000 margin=100000
04-17 04:40:39.869744     0     0 I         : c1   5397 google_battery: hold not defined for msc_state=10
04-17 04:40:39.869767     0     0 I         : c1   5397 google_battery: MSC_RSTC vt=4430000 vb=4446482 fv_uv=4430000 ibatt=-124816 cc_next_max=120000 t_cnt=0
04-17 04:40:39.869784     0     0 I         : c1   5397 google_battery: hold not defined for msc_state=14
04-17 04:40:39.869841     0     0 I         : c1   5397 google_battery: MSC_VOTE msc_state=14 cv_cnt=0 ov_cnt=0 temp_idx:2, vbatt_idx:4  fv_uv=4430000 cc_max=600000 update_interval=2000
04-17 04:40:39.869931     0     0 I         : c1   5397 google_charger: MSC_CHG fv_uv=4430000, cc_max=600000, rerun in 2000 ms (0)
--------- switch to main
04-17 04:40:39.920978   984  1089 W ASH     : @ 11969.599: touch gesture: no valid gesture detected
04-17 04:40:39.985485   984  1089 W ASH     : @ 11969.663: touch gesture: no valid gesture detected
04-17 04:40:40.049996   984  1089 W ASH     : @ 11969.728: touch gesture: no valid gesture detected
04-17 04:40:40.114824   984  1089 W ASH     : @ 11969.792: touch gesture: no valid gesture detected
04-17 04:40:40.179100   984  1089 W ASH     : @ 11969.857: touch gesture: no valid gesture detected
04-17 04:40:40.244038   984  1089 W ASH     : @ 11969.921: touch gesture: no valid gesture detected
04-17 04:40:40.308220   984  1089 W ASH     : @ 11969.986: touch gesture: no valid gesture detected
04-17 04:40:40.372746   984  1089 W ASH     : @ 11970.051: touch gesture: no valid gesture detected
04-17 04:40:40.437494   984  1089 W ASH     : @ 11970.115: touch gesture: no valid gesture detected
04-17 04:40:40.502007   984  1089 W ASH     : @ 11970.180: touch gesture: no valid gesture detected
04-17 04:40:40.566948   984  1089 W ASH     : @ 11970.244: touch gesture: no valid gesture detected
04-17 04:40:40.631634   984  1089 W ASH     : @ 11970.309: touch gesture: no valid gesture detected
04-17 04:40:40.695900   984  1089 W ASH     : @ 11970.373: touch gesture: no valid gesture detected
04-17 04:40:40.760623   984  1089 W ASH     : @ 11970.438: touch gesture: no valid gesture detected
04-17 04:40:40.824921   984  1089 W ASH     : @ 11970.502: touch gesture: no valid gesture detected
04-17 04:40:40.889285   984  1089 W ASH     : @ 11970.567: touch gesture: no valid gesture detected
04-17 04:40:40.954034   984  1089 W ASH     : @ 11970.631: touch gesture: no valid gesture detected
04-17 04:40:41.018444   984  1089 W ASH     : @ 11970.696: touch gesture: no valid gesture detected
04-17 04:40:41.082825   984  1089 W ASH     : @ 11970.760: touch gesture: no valid gesture detected
04-17 04:40:41.147378   984  1089 W ASH     : @ 11970.825: touch gesture: no valid gesture detected
04-17 04:40:41.212050   984  1089 W ASH     : @ 11970.889: touch gesture: no valid gesture detected
04-17 04:40:41.276210   984  1089 W ASH     : @ 11970.954: touch gesture: no valid gesture detected
04-17 04:40:41.340854   984  1089 W ASH     : @ 11971.018: touch gesture: no valid gesture detected
04-17 04:40:41.404189   984  1089 W ASH     : @ 11971.083: touch gesture: no valid gesture detected
04-17 04:40:41.469850   984  1089 W ASH     : @ 11971.148: touch gesture: no valid gesture detected
04-17 04:40:41.534805   984  1089 W ASH     : @ 11971.212: touch gesture: no valid gesture detected
04-17 04:40:41.598921   984  1089 W ASH     : @ 11971.277: touch gesture: no valid gesture detected
04-17 04:40:41.662610   984  1089 W ASH     : @ 11971.341: touch gesture: no valid gesture detected
04-17 04:40:41.728347   984  1089 W ASH     : @ 11971.406: touch gesture: no valid gesture detected
04-17 04:40:41.792648   984  1089 W ASH     : @ 11971.470: touch gesture: no valid gesture detected
04-17 04:40:41.857534   984  1089 W ASH     : @ 11971.535: touch gesture: no valid gesture detected
--------- switch to kernel
04-17 04:40:41.876754     0     0 I         : c1   5397 google_charger: usbchg=USB typec=C usbv=4996 usbc=88 usbMv=5000 usbMc=450
04-17 04:40:41.877059     0     0 I         : c1   5397 sm7250_bms: MSC_PCS chg_state=1c2116004010009 [0x9:4:1:4448:450] chg=u
04-17 04:40:41.877144     0     0 I         : c1   5397 google_battery: MSC_DIN chg_state=1c2116004010009 f=0x9 chg_s=Charging chg_t=Taper vchg=4448 icl=450
04-17 04:40:41.878872     0     0 I         : c1   5397 google_battery: MSC_STEADY vt=4430000 vb=4448428 fv_uv=4430000 margin=100000
04-17 04:40:41.878900     0     0 I         : c1   5397 google_battery: hold not defined for msc_state=10
04-17 04:40:41.878926     0     0 I         : c1   5397 google_battery: MSC_RSTC vt=4430000 vb=4448428 fv_uv=4430000 ibatt=-129699 cc_next_max=120000 t_cnt=0
04-17 04:40:41.878942     0     0 I         : c1   5397 google_battery: hold not defined for msc_state=14
04-17 04:40:41.879000     0     0 I         : c1   5397 google_battery: MSC_VOTE msc_state=14 cv_cnt=0 ov_cnt=0 temp_idx:2, vbatt_idx:4  fv_uv=4430000 cc_max=600000 update_interval=2000
04-17 04:40:41.879106     0     0 I         : c1   5397 google_charger: MSC_CHG fv_uv=4430000, cc_max=600000, rerun in 2000 ms (0)
--------- switch to main
04-17 04:40:41.921707   984  1089 W ASH     : @ 11971.599: touch gesture: no valid gesture detected
04-17 04:40:41.985256   984  1089 W ASH     : @ 11971.664: touch gesture: no valid gesture detected
04-17 04:40:42.050963   984  1089 W ASH     : @ 11971.729: touch gesture: no valid gesture detected
04-17 04:40:42.115538   984  1089 W ASH     : @ 11971.793: touch gesture: no valid gesture detected
04-17 04:40:42.180196   984  1089 W ASH     : @ 11971.858: touch gesture: no valid gesture detected
04-17 04:40:42.244763   984  1089 W ASH     : @ 11971.922: touch gesture: no valid gesture detected
04-17 04:40:42.309325   984  1089 W ASH     : @ 11971.987: touch gesture: no valid gesture detected
04-17 04:40:42.373768   984  1089 W ASH     : @ 11972.051: touch gesture: no valid gesture detected
04-17 04:40:42.438459   984  1089 W ASH     : @ 11972.116: touch gesture: no valid gesture detected
04-17 04:40:42.503144   984  1089 W ASH     : @ 11972.180: touch gesture: no valid gesture detected
04-17 04:40:42.567561   984  1089 W ASH     : @ 11972.245: touch gesture: no valid gesture detected
04-17 04:40:42.632097   984  1089 W ASH     : @ 11972.310: touch gesture: no valid gesture detected
04-17 04:40:42.696554   984  1089 W ASH     : @ 11972.374: touch gesture: no valid gesture detected
04-17 04:40:42.761626   984  1089 W ASH     : @ 11972.439: touch gesture: no valid gesture detected
04-17 04:40:42.826053   984  1089 W ASH     : @ 11972.504: touch gesture: no valid gesture detected
04-17 04:40:42.890387   984  1089 W ASH     : @ 11972.568: touch gesture: no valid gesture detected
04-17 04:40:42.955257   984  1089 W ASH     : @ 11972.633: touch gesture: no valid gesture detected
04-17 04:40:43.019699   984  1089 W ASH     : @ 11972.697: touch gesture: no valid gesture detected
04-17 04:40:43.084236   984  1089 W ASH     : @ 11972.762: touch gesture: no valid gesture detected
04-17 04:40:43.148800   984  1089 W ASH     : @ 11972.826: touch gesture: no valid gesture detected
04-17 04:40:43.213448   984  1089 W ASH     : @ 11972.891: touch gesture: no valid gesture detected
04-17 04:40:43.277648   984  1089 W ASH     : @ 11972.955: touch gesture: no valid gesture detected
04-17 04:40:43.342405   984  1089 W ASH     : @ 11973.020: touch gesture: no valid gesture detected
04-17 04:40:43.407399   984  1089 W ASH     : @ 11973.085: touch gesture: no valid gesture detected
04-17 04:40:43.471783   984  1089 W ASH     : @ 11973.149: touch gesture: no valid gesture detected
04-17 04:40:43.536421   984  1089 W ASH     : @ 11973.214: touch gesture: no valid gesture detected
04-17 04:40:43.600676   984  1089 W ASH     : @ 11973.278: touch gesture: no valid gesture detected
04-17 04:40:43.665351   984  1089 W ASH     : @ 11973.343: touch gesture: no valid gesture detected
04-17 04:40:43.729921   984  1089 W ASH     : @ 11973.408: touch gesture: no valid gesture detected
04-17 04:40:43.794765   984  1089 W ASH     : @ 11973.472: touch gesture: no valid gesture detected
04-17 04:40:43.859122   984  1089 W ASH     : @ 11973.537: touch gesture: no valid gesture detected
--------- switch to kernel
04-17 04:40:43.887988     0     0 I         : c1   5397 google_charger: usbchg=USB typec=C usbv=5002 usbc=86 usbMv=5000 usbMc=450
04-17 04:40:43.888158     0     0 I         : c1   5397 sm7250_bms: MSC_PCS chg_state=1c2115e04010009 [0x9:4:1:4446:450] chg=u
04-17 04:40:43.888228     0     0 I         : c1   5397 google_battery: MSC_DIN chg_state=1c2115e04010009 f=0x9 chg_s=Charging chg_t=Taper vchg=4446 icl=450
04-17 04:40:43.889970     0     0 I         : c1   5397 google_battery: MSC_STEADY vt=4430000 vb=4446871 fv_uv=4430000 margin=100000
04-17 04:40:43.889995     0     0 I         : c1   5397 google_battery: hold not defined for msc_state=10
04-17 04:40:43.890018     0     0 I         : c1   5397 google_battery: MSC_RSTC vt=4430000 vb=4446871 fv_uv=4430000 ibatt=-132446 cc_next_max=120000 t_cnt=0
04-17 04:40:43.890034     0     0 I         : c1   5397 google_battery: hold not defined for msc_state=14
04-17 04:40:43.890084     0     0 I         : c1   5397 google_battery: MSC_VOTE msc_state=14 cv_cnt=0 ov_cnt=0 temp_idx:2, vbatt_idx:4  fv_uv=4430000 cc_max=600000 update_interval=2000
04-17 04:40:43.890336     0     0 I         : c1   5397 google_charger: MSC_CHG fv_uv=4430000, cc_max=600000, rerun in 2000 ms (0)
--------- switch to main
04-17 04:40:43.923532   984  1089 W ASH     : @ 11973.601: touch gesture: no valid gesture detected
04-17 04:40:43.988380   984  1089 W ASH     : @ 11973.666: touch gesture: no valid gesture detected
04-17 04:40:44.053089   984  1089 W ASH     : @ 11973.731: touch gesture: no valid gesture detected
04-17 04:40:44.117435   984  1089 W ASH     : @ 11973.795: touch gesture: no valid gesture detected
04-17 04:40:44.182170   984  1089 W ASH     : @ 11973.860: touch gesture: no valid gesture detected
04-17 04:40:44.246788   984  1089 W ASH     : @ 11973.924: touch gesture: no valid gesture detected
04-17 04:40:44.310879   984  1089 W ASH     : @ 11973.988: touch gesture: no valid gesture detected
04-17 04:40:44.375766   984  1089 W ASH     : @ 11974.053: touch gesture: no valid gesture detected
04-17 04:40:44.440212   984  1089 W ASH     : @ 11974.118: touch gesture: no valid gesture detected
04-17 04:40:44.504739   984  1089 W ASH     : @ 11974.182: touch gesture: no valid gesture detected
04-17 04:40:44.569181   984  1089 W ASH     : @ 11974.247: touch gesture: no valid gesture detected
04-17 04:40:44.633722   984  1089 W ASH     : @ 11974.311: touch gesture: no valid gesture detected
04-17 04:40:44.698454   984  1089 W ASH     : @ 11974.376: touch gesture: no valid gesture detected
04-17 04:40:44.763101   984  1089 W ASH     : @ 11974.441: touch gesture: no valid gesture detected
04-17 04:40:44.827456   984  1089 W ASH     : @ 11974.505: touch gesture: no valid gesture detected
04-17 04:40:44.892052   984  1089 W ASH     : @ 11974.570: touch gesture: no valid gesture detected
04-17 04:40:44.956838   984  1089 W ASH     : @ 11974.634: touch gesture: no valid gesture detected
04-17 04:40:45.021518   984  1089 W ASH     : @ 11974.699: touch gesture: no valid gesture detected
04-17 04:40:45.085581   984  1089 W ASH     : @ 11974.763: touch gesture: no valid gesture detected
04-17 04:40:45.149988   984  1089 W ASH     : @ 11974.828: touch gesture: no valid gesture detected
04-17 04:40:45.214811   984  1089 W ASH     : @ 11974.892: touch gesture: no valid gesture detected
04-17 04:40:45.279021   984  1089 W ASH     : @ 11974.957: touch gesture: no valid gesture detected
04-17 04:40:45.343671   984  1089 W ASH     : @ 11975.021: touch gesture: no valid gesture detected
04-17 04:40:45.408387   984  1089 W ASH     : @ 11975.086: touch gesture: no valid gesture detected
04-17 04:40:45.472714   984  1089 W ASH     : @ 11975.150: touch gesture: no valid gesture detected
04-17 04:40:45.537183   984  1089 W ASH     : @ 11975.215: touch gesture: no valid gesture detected
04-17 04:40:45.601624   984  1089 W ASH     : @ 11975.279: touch gesture: no valid gesture detected
04-17 04:40:45.666333   984  1089 W ASH     : @ 11975.344: touch gesture: no valid gesture detected
04-17 04:40:45.730836   984  1089 W ASH     : @ 11975.408: touch gesture: no valid gesture detected
04-17 04:40:45.795376   984  1089 W ASH     : @ 11975.473: touch gesture: no valid gesture detected
04-17 04:40:45.860051   984  1089 W ASH     : @ 11975.537: touch gesture: no valid gesture detected
--------- switch to kernel
04-17 04:40:45.909722     0     0 I         : c1   5397 google_charger: usbchg=USB typec=C usbv=5005 usbc=89 usbMv=5000 usbMc=450
04-17 04:40:45.909912     0     0 I         : c1   5397 sm7250_bms: MSC_PCS chg_state=1c2115f04010009 [0x9:4:1:4447:450] chg=u
04-17 04:40:45.909989     0     0 I         : c1   5397 google_battery: MSC_DIN chg_state=1c2115f04010009 f=0x9 chg_s=Charging chg_t=Taper vchg=4447 icl=450
04-17 04:40:45.911991     0     0 I         : c1   5397 google_battery: MSC_STEADY vt=4430000 vb=4447455 fv_uv=4430000 margin=100000
04-17 04:40:45.912021     0     0 I         : c1   5397 google_battery: hold not defined for msc_state=10
04-17 04:40:45.912046     0     0 I         : c1   5397 google_battery: MSC_RSTC vt=4430000 vb=4447455 fv_uv=4430000 ibatt=-136108 cc_next_max=120000 t_cnt=0
04-17 04:40:45.912062     0     0 I         : c1   5397 google_battery: hold not defined for msc_state=14
04-17 04:40:45.912116     0     0 I         : c1   5397 google_battery: MSC_VOTE msc_state=14 cv_cnt=0 ov_cnt=0 temp_idx:2, vbatt_idx:4  fv_uv=4430000 cc_max=600000 update_interval=2000
04-17 04:40:45.912224     0     0 I         : c1   5397 google_charger: MSC_CHG fv_uv=4430000, cc_max=600000, rerun in 2000 ms (0)
--------- switch to main
04-17 04:40:45.923135   984  1089 W ASH     : @ 11975.602: touch gesture: no valid gesture detected
04-17 04:40:45.989224   984  1089 W ASH     : @ 11975.667: touch gesture: no valid gesture detected
04-17 04:40:46.053778   984  1089 W ASH     : @ 11975.731: touch gesture: no valid gesture detected
04-17 04:40:46.118496   984  1089 W ASH     : @ 11975.796: touch gesture: no valid gesture detected
04-17 04:40:46.182857   984  1089 W ASH     : @ 11975.861: touch gesture: no valid gesture detected
04-17 04:40:46.247568   984  1089 W ASH     : @ 11975.925: touch gesture: no valid gesture detected
04-17 04:40:46.311411   984  1089 W ASH     : @ 11975.990: touch gesture: no valid gesture detected
04-17 04:40:46.375762   984  1089 W ASH     : @ 11976.054: touch gesture: no valid gesture detected
04-17 04:40:46.441178   984  1089 W ASH     : @ 11976.119: touch gesture: no valid gesture detected
04-17 04:40:46.506199   984  1089 W ASH     : @ 11976.184: touch gesture: no valid gesture detected
04-17 04:40:46.570271   984  1089 W ASH     : @ 11976.248: touch gesture: no valid gesture detected
04-17 04:40:46.635103   984  1089 W ASH     : @ 11976.313: touch gesture: no valid gesture detected
04-17 04:40:46.699796   984  1089 W ASH     : @ 11976.377: touch gesture: no valid gesture detected
04-17 04:40:46.764430   984  1089 W ASH     : @ 11976.442: touch gesture: no valid gesture detected
04-17 04:40:46.828595   984  1089 W ASH     : @ 11976.506: touch gesture: no valid gesture detected
04-17 04:40:46.893061   984  1089 W ASH     : @ 11976.571: touch gesture: no valid gesture detected
04-17 04:40:46.956689   984  1089 W ASH     : @ 11976.635: touch gesture: no valid gesture detected
04-17 04:40:47.022265   984  1089 W ASH     : @ 11976.700: touch gesture: no valid gesture detected
04-17 04:40:47.086934   984  1089 W ASH     : @ 11976.765: touch gesture: no valid gesture detected
04-17 04:40:47.151764   984  1089 W ASH     : @ 11976.829: touch gesture: no valid gesture detected
04-17 04:40:47.216281   984  1089 W ASH     : @ 11976.894: touch gesture: no valid gesture detected
04-17 04:40:47.280787   984  1089 W ASH     : @ 11976.958: touch gesture: no valid gesture detected
04-17 04:40:47.345528   984  1089 W ASH     : @ 11977.023: touch gesture: no valid gesture detected
04-17 04:40:47.410003   984  1089 W ASH     : @ 11977.088: touch gesture: no valid gesture detected
04-17 04:40:47.474930   984  1089 W ASH     : @ 11977.152: touch gesture: no valid gesture detected
04-17 04:40:47.539539   984  1089 W ASH     : @ 11977.217: touch gesture: no valid gesture detected
04-17 04:40:47.603955   984  1089 W ASH     : @ 11977.282: touch gesture: no valid gesture detected
04-17 04:40:47.668849   984  1089 W ASH     : @ 11977.346: touch gesture: no valid gesture detected
04-17 04:40:47.733350   984  1089 W ASH     : @ 11977.411: touch gesture: no valid gesture detected
04-17 04:40:47.798304   984  1089 W ASH     : @ 11977.476: touch gesture: no valid gesture detected
04-17 04:40:47.862825   984  1089 W ASH     : @ 11977.540: touch gesture: no valid gesture detected
--------- switch to kernel
04-17 04:40:47.921463     0     0 I         : c1   5397 google_charger: usbchg=USB typec=C usbv=5001 usbc=87 usbMv=5000 usbMc=450
04-17 04:40:47.921653     0     0 I         : c1   5397 sm7250_bms: MSC_PCS chg_state=1c2115f04010009 [0x9:4:1:4447:450] chg=u
04-17 04:40:47.921733     0     0 I         : c1   5397 google_battery: MSC_DIN chg_state=1c2115f04010009 f=0x9 chg_s=Charging chg_t=Taper vchg=4447 icl=450
04-17 04:40:47.923216     0     0 I         : c1   5397 google_battery: MSC_STEADY vt=4430000 vb=4447066 fv_uv=4430000 margin=100000
04-17 04:40:47.923242     0     0 I         : c1   5397 google_battery: hold not defined for msc_state=10
04-17 04:40:47.923266     0     0 I         : c1   5397 google_battery: MSC_RSTC vt=4430000 vb=4447066 fv_uv=4430000 ibatt=-130310 cc_next_max=120000 t_cnt=0
04-17 04:40:47.923283     0     0 I         : c1   5397 google_battery: hold not defined for msc_state=14
04-17 04:40:47.923340     0     0 I         : c1   5397 google_battery: MSC_VOTE msc_state=14 cv_cnt=0 ov_cnt=0 temp_idx:2, vbatt_idx:4  fv_uv=4430000 cc_max=600000 update_interval=2000
04-17 04:40:47.923765     0     0 I         : c1   5397 google_charger: MSC_CHG fv_uv=4430000, cc_max=600000, rerun in 2000 ms (0)
--------- switch to main
04-17 04:40:47.926264   984  1089 W ASH     : @ 11977.605: touch gesture: no valid gesture detected
04-17 04:40:47.992141   984  1089 W ASH     : @ 11977.670: touch gesture: no valid gesture detected
04-17 04:40:48.056962   984  1089 W ASH     : @ 11977.734: touch gesture: no valid gesture detected
04-17 04:40:48.121542   984  1089 W ASH     : @ 11977.799: touch gesture: no valid gesture detected
04-17 04:40:48.185793   984  1089 W ASH     : @ 11977.864: touch gesture: no valid gesture detected
04-17 04:40:48.250552   984  1089 W ASH     : @ 11977.928: touch gesture: no valid gesture detected
04-17 04:40:48.315214   984  1089 W ASH     : @ 11977.993: touch gesture: no valid gesture detected
04-17 04:40:48.379825   984  1089 W ASH     : @ 11978.057: touch gesture: no valid gesture detected
04-17 04:40:48.443619   984  1089 W ASH     : @ 11978.122: touch gesture: no valid gesture detected
04-17 04:40:48.508711   984  1089 W ASH     : @ 11978.187: touch gesture: no valid gesture detected
04-17 04:40:48.573684   984  1089 W ASH     : @ 11978.251: touch gesture: no valid gesture detected
04-17 04:40:48.638845   984  1089 W ASH     : @ 11978.316: touch gesture: no valid gesture detected
04-17 04:40:48.702894   984  1089 W ASH     : @ 11978.381: touch gesture: no valid gesture detected
04-17 04:40:48.767691   984  1089 W ASH     : @ 11978.445: touch gesture: no valid gesture detected
04-17 04:40:48.832306   984  1089 W ASH     : @ 11978.510: touch gesture: no valid gesture detected
04-17 04:40:48.897194   984  1089 W ASH     : @ 11978.575: touch gesture: no valid gesture detected
04-17 04:40:48.961786   984  1089 W ASH     : @ 11978.639: touch gesture: no valid gesture detected
04-17 04:40:49.026109   984  1089 W ASH     : @ 11978.704: touch gesture: no valid gesture detected
04-17 04:40:49.090919   984  1089 W ASH     : @ 11978.768: touch gesture: no valid gesture detected
04-17 04:40:49.155550   984  1089 W ASH     : @ 11978.833: touch gesture: no valid gesture detected
04-17 04:40:49.220217   984  1089 W ASH     : @ 11978.898: touch gesture: no valid gesture detected
04-17 04:40:49.285064   984  1089 W ASH     : @ 11978.962: touch gesture: no valid gesture detected
04-17 04:40:49.349654   984  1089 W ASH     : @ 11979.027: touch gesture: no valid gesture detected
04-17 04:40:49.414169   984  1089 W ASH     : @ 11979.092: touch gesture: no valid gesture detected
04-17 04:40:49.478819   984  1089 W ASH     : @ 11979.156: touch gesture: no valid gesture detected
04-17 04:40:49.543614   984  1089 W ASH     : @ 11979.221: touch gesture: no valid gesture detected
04-17 04:40:49.608558   984  1089 W ASH     : @ 11979.286: touch gesture: no valid gesture detected
04-17 04:40:49.673040   984  1089 W ASH     : @ 11979.350: touch gesture: no valid gesture detected
04-17 04:40:49.737413   984  1089 W ASH     : @ 11979.415: touch gesture: no valid gesture detected
04-17 04:40:49.802062   984  1089 W ASH     : @ 11979.480: touch gesture: no valid gesture detected
04-17 04:40:49.866413   984  1089 W ASH     : @ 11979.544: touch gesture: no valid gesture detected
04-17 04:40:49.930057   984  1089 W ASH     : @ 11979.609: touch gesture: no valid gesture detected
--------- switch to kernel
04-17 04:40:49.929241     0     0 I         : c1   5397 google_charger: usbchg=USB typec=C usbv=4984 usbc=124 usbMv=5000 usbMc=450
04-17 04:40:49.929412     0     0 I         : c1   5397 sm7250_bms: MSC_PCS chg_state=1c2116004010009 [0x9:4:1:4448:450] chg=u
04-17 04:40:49.929464     0     0 I         : c1   5397 google_battery: MSC_DIN chg_state=1c2116004010009 f=0x9 chg_s=Charging chg_t=Taper vchg=4448 icl=450
04-17 04:40:49.931228     0     0 I         : c1   5397 google_battery: MSC_STEADY vt=4430000 vb=4448039 fv_uv=4430000 margin=100000
04-17 04:40:49.931254     0     0 I         : c1   5397 google_battery: hold not defined for msc_state=10
04-17 04:40:49.931278     0     0 I         : c1   5397 google_battery: MSC_RSTC vt=4430000 vb=4448039 fv_uv=4430000 ibatt=-129089 cc_next_max=120000 t_cnt=0
04-17 04:40:49.931293     0     0 I         : c1   5397 google_battery: hold not defined for msc_state=14
04-17 04:40:49.931348     0     0 I         : c1   5397 google_battery: MSC_VOTE msc_state=14 cv_cnt=0 ov_cnt=0 temp_idx:2, vbatt_idx:4  fv_uv=4430000 cc_max=600000 update_interval=2000
04-17 04:40:49.931431     0     0 I         : c1   5397 google_charger: MSC_CHG fv_uv=4430000, cc_max=600000, rerun in 2000 ms (0)
--------- switch to main
04-17 04:40:49.995958   984  1089 W ASH     : @ 11979.673: touch gesture: no valid gesture detected
04-17 04:40:50.060378   984  1089 W ASH     : @ 11979.738: touch gesture: no valid gesture detected
04-17 04:40:50.125412   984  1089 W ASH     : @ 11979.803: touch gesture: no valid gesture detected
04-17 04:40:50.189751   984  1089 W ASH     : @ 11979.867: touch gesture: no valid gesture detected
04-17 04:40:50.254792   984  1089 W ASH     : @ 11979.932: touch gesture: no valid gesture detected
04-17 04:40:50.319084   984  1089 W ASH     : @ 11979.997: touch gesture: no valid gesture detected
04-17 04:40:50.383141   984  1089 W ASH     : @ 11980.061: touch gesture: no valid gesture detected
04-17 04:40:50.448128   984  1089 W ASH     : @ 11980.126: touch gesture: no valid gesture detected
04-17 04:40:50.512786   984  1089 W ASH     : @ 11980.190: touch gesture: no valid gesture detected
04-17 04:40:50.576659   984  1089 W ASH     : @ 11980.254: touch gesture: no valid gesture detected
04-17 04:40:50.641849   984  1089 W ASH     : @ 11980.319: touch gesture: no valid gesture detected
04-17 04:40:50.706511   984  1089 W ASH     : @ 11980.384: touch gesture: no valid gesture detected
04-17 04:40:50.771104   984  1089 W ASH     : @ 11980.449: touch gesture: no valid gesture detected
04-17 04:40:50.835458   984  1089 W ASH     : @ 11980.513: touch gesture: no valid gesture detected
04-17 04:40:50.900115   984  1089 W ASH     : @ 11980.578: touch gesture: no valid gesture detected
04-17 04:40:50.964844   984  1089 W ASH     : @ 11980.642: touch gesture: no valid gesture detected
04-17 04:40:51.029250   984  1089 W ASH     : @ 11980.707: touch gesture: no valid gesture detected
04-17 04:40:51.093884   984  1089 W ASH     : @ 11980.772: touch gesture: no valid gesture detected
04-17 04:40:51.158624   984  1089 W ASH     : @ 11980.836: touch gesture: no valid gesture detected
04-17 04:40:51.223167   984  1089 W ASH     : @ 11980.901: touch gesture: no valid gesture detected
04-17 04:40:51.287604   984  1089 W ASH     : @ 11980.965: touch gesture: no valid gesture detected
04-17 04:40:51.352485   984  1089 W ASH     : @ 11981.030: touch gesture: no valid gesture detected
04-17 04:40:51.417035   984  1089 W ASH     : @ 11981.094: touch gesture: no valid gesture detected
04-17 04:40:51.481604   984  1089 W ASH     : @ 11981.159: touch gesture: no valid gesture detected
04-17 04:40:51.546170   984  1089 W ASH     : @ 11981.224: touch gesture: no valid gesture detected
04-17 04:40:51.610378   984  1089 W ASH     : @ 11981.288: touch gesture: no valid gesture detected
04-17 04:40:51.675214   984  1089 W ASH     : @ 11981.353: touch gesture: no valid gesture detected
04-17 04:40:51.739616   984  1089 W ASH     : @ 11981.417: touch gesture: no valid gesture detected
04-17 04:40:51.804368   984  1089 W ASH     : @ 11981.482: touch gesture: no valid gesture detected
04-17 04:40:51.868962   984  1089 W ASH     : @ 11981.547: touch gesture: no valid gesture detected
04-17 04:40:51.933475   984  1089 W ASH     : @ 11981.611: touch gesture: no valid gesture detected
--------- switch to kernel
04-17 04:40:51.936612     0     0 I         : c1   5397 google_charger: usbchg=USB typec=C usbv=4989 usbc=100 usbMv=5000 usbMc=450
04-17 04:40:51.936999     0     0 I         : c1   5397 sm7250_bms: MSC_PCS chg_state=1c2115e04010009 [0x9:4:1:4446:450] chg=u
04-17 04:40:51.937068     0     0 I         : c1   5397 google_battery: MSC_DIN chg_state=1c2115e04010009 f=0x9 chg_s=Charging chg_t=Taper vchg=4446 icl=450
04-17 04:40:51.938646     0     0 I         : c1   5397 google_battery: MSC_STEADY vt=4430000 vb=4446871 fv_uv=4430000 margin=100000
04-17 04:40:51.938672     0     0 I         : c1   5397 google_battery: hold not defined for msc_state=10
04-17 04:40:51.938698     0     0 I         : c1   5397 google_battery: MSC_RSTC vt=4430000 vb=4446871 fv_uv=4430000 ibatt=-132141 cc_next_max=120000 t_cnt=0
04-17 04:40:51.938716     0     0 I         : c1   5397 google_battery: hold not defined for msc_state=14
04-17 04:40:51.938771     0     0 I         : c1   5397 google_battery: MSC_VOTE msc_state=14 cv_cnt=0 ov_cnt=0 temp_idx:2, vbatt_idx:4  fv_uv=4430000 cc_max=600000 update_interval=2000
04-17 04:40:51.938865     0     0 I         : c1   5397 google_charger: MSC_CHG fv_uv=4430000, cc_max=600000, rerun in 2000 ms (0)
--------- switch to main
04-17 04:40:51.998269   984  1089 W ASH     : @ 11981.676: touch gesture: no valid gesture detected
04-17 04:40:52.062653   984  1089 W ASH     : @ 11981.740: touch gesture: no valid gesture detected
04-17 04:40:52.126146   984  1089 W ASH     : @ 11981.805: touch gesture: no valid gesture detected
04-17 04:40:52.192421   984  1089 W ASH     : @ 11981.869: touch gesture: no valid gesture detected
04-17 04:40:52.256323   984  1089 W ASH     : @ 11981.934: touch gesture: no valid gesture detected
04-17 04:40:52.321457   984  1089 W ASH     : @ 11981.999: touch gesture: no valid gesture detected
04-17 04:40:52.385824   984  1089 W ASH     : @ 11982.063: touch gesture: no valid gesture detected
04-17 04:40:52.450445   984  1089 W ASH     : @ 11982.128: touch gesture: no valid gesture detected
04-17 04:40:52.515027   984  1089 W ASH     : @ 11982.192: touch gesture: no valid gesture detected
04-17 04:40:52.579586   984  1089 W ASH     : @ 11982.257: touch gesture: no valid gesture detected
04-17 04:40:52.643961   984  1089 W ASH     : @ 11982.321: touch gesture: no valid gesture detected
04-17 04:40:52.708468   984  1089 W ASH     : @ 11982.386: touch gesture: no valid gesture detected
04-17 04:40:52.772877   984  1089 W ASH     : @ 11982.450: touch gesture: no valid gesture detected
04-17 04:40:52.837602   984  1089 W ASH     : @ 11982.515: touch gesture: no valid gesture detected
04-17 04:40:52.902125   984  1089 W ASH     : @ 11982.580: touch gesture: no valid gesture detected
04-17 04:40:52.966612   984  1089 W ASH     : @ 11982.644: touch gesture: no valid gesture detected
04-17 04:40:53.031412   984  1089 W ASH     : @ 11982.709: touch gesture: no valid gesture detected
04-17 04:40:53.095736   984  1089 W ASH     : @ 11982.773: touch gesture: no valid gesture detected
04-17 04:40:53.160311   984  1089 W ASH     : @ 11982.838: touch gesture: no valid gesture detected
04-17 04:40:53.225074   984  1089 W ASH     : @ 11982.903: touch gesture: no valid gesture detected
04-17 04:40:53.289492   984  1089 W ASH     : @ 11982.967: touch gesture: no valid gesture detected
04-17 04:40:53.354036   984  1089 W ASH     : @ 11983.032: touch gesture: no valid gesture detected
04-17 04:40:53.418594   984  1089 W ASH     : @ 11983.096: touch gesture: no valid gesture detected
04-17 04:40:53.483266   984  1089 W ASH     : @ 11983.161: touch gesture: no valid gesture detected
04-17 04:40:53.547682   984  1089 W ASH     : @ 11983.225: touch gesture: no valid gesture detected
04-17 04:40:53.611982   984  1089 W ASH     : @ 11983.290: touch gesture: no valid gesture detected
--------- switch to kernel
04-17 04:40:53.634224     0     0 I         : c4   5402 qcom_rpmh DRV:apps_rsc TCS Busy, retrying RPMH message send: addr=0x30000
--------- switch to main
04-17 04:40:53.677047   984  1089 W ASH     : @ 11983.355: touch gesture: no valid gesture detected
04-17 04:40:53.741513   984  1089 W ASH     : @ 11983.419: touch gesture: no valid gesture detected
04-17 04:40:53.806298   984  1089 W ASH     : @ 11983.484: touch gesture: no valid gesture detected
04-17 04:40:53.870841   984  1089 W ASH     : @ 11983.548: touch gesture: no valid gesture detected
04-17 04:40:53.935523   984  1089 W ASH     : @ 11983.613: touch gesture: no valid gesture detected
--------- switch to kernel
04-17 04:40:53.943017     0     0 I         : c1   5397 google_charger: usbchg=USB typec=C usbv=4993 usbc=90 usbMv=5000 usbMc=450
04-17 04:40:53.943206     0     0 I         : c1   5397 sm7250_bms: MSC_PCS chg_state=1c2115f04010009 [0x9:4:1:4447:450] chg=u
04-17 04:40:53.943266     0     0 I         : c1   5397 google_battery: MSC_DIN chg_state=1c2115f04010009 f=0x9 chg_s=Charging chg_t=Taper vchg=4447 icl=450
04-17 04:40:53.944433     0     0 I         : c1   5397 google_battery: MSC_STEADY vt=4430000 vb=4447650 fv_uv=4430000 margin=100000
04-17 04:40:53.944461     0     0 I         : c1   5397 google_battery: hold not defined for msc_state=10
04-17 04:40:53.944486     0     0 I         : c1   5397 google_battery: MSC_RSTC vt=4430000 vb=4447650 fv_uv=4430000 ibatt=-129394 cc_next_max=120000 t_cnt=0
04-17 04:40:53.944503     0     0 I         : c1   5397 google_battery: hold not defined for msc_state=14
04-17 04:40:53.944561     0     0 I         : c1   5397 google_battery: MSC_VOTE msc_state=14 cv_cnt=0 ov_cnt=0 temp_idx:2, vbatt_idx:4  fv_uv=4430000 cc_max=600000 update_interval=2000
04-17 04:40:53.944659     0     0 I         : c1   5397 google_charger: MSC_CHG fv_uv=4430000, cc_max=600000, rerun in 2000 ms (0)
--------- switch to main
04-17 04:40:54.000146   984  1089 W ASH     : @ 11983.678: touch gesture: no valid gesture detected
04-17 04:40:54.064722   984  1089 W ASH     : @ 11983.742: touch gesture: no valid gesture detected
04-17 04:40:54.128369   984  1089 W ASH     : @ 11983.807: touch gesture: no valid gesture detected
04-17 04:40:54.193594   984  1089 W ASH     : @ 11983.871: touch gesture: no valid gesture detected
04-17 04:40:54.258486   984  1089 W ASH     : @ 11983.936: touch gesture: no valid gesture detected
04-17 04:40:54.322932   984  1089 W ASH     : @ 11984.000: touch gesture: no valid gesture detected
04-17 04:40:54.387326   984  1089 W ASH     : @ 11984.065: touch gesture: no valid gesture detected
04-17 04:40:54.451872   984  1089 W ASH     : @ 11984.129: touch gesture: no valid gesture detected
04-17 04:40:54.516289   984  1089 W ASH     : @ 11984.194: touch gesture: no valid gesture detected
04-17 04:40:54.580959   984  1089 W ASH     : @ 11984.259: touch gesture: no valid gesture detected
04-17 04:40:54.645522   984  1089 W ASH     : @ 11984.323: touch gesture: no valid gesture detected
04-17 04:40:54.710087   984  1089 W ASH     : @ 11984.388: touch gesture: no valid gesture detected
04-17 04:40:54.774820   984  1089 W ASH     : @ 11984.452: touch gesture: no valid gesture detected
04-17 04:40:54.839121   984  1089 W ASH     : @ 11984.517: touch gesture: no valid gesture detected
04-17 04:40:54.903624   984  1089 W ASH     : @ 11984.581: touch gesture: no valid gesture detected
04-17 04:40:54.968271   984  1089 W ASH     : @ 11984.646: touch gesture: no valid gesture detected
04-17 04:40:55.033280   984  1089 W ASH     : @ 11984.711: touch gesture: no valid gesture detected
04-17 04:40:55.097333   984  1089 W ASH     : @ 11984.775: touch gesture: no valid gesture detected
04-17 04:40:55.161957   984  1089 W ASH     : @ 11984.840: touch gesture: no valid gesture detected
04-17 04:40:55.226920   984  1089 W ASH     : @ 11984.904: touch gesture: no valid gesture detected
04-17 04:40:55.291243   984  1089 W ASH     : @ 11984.969: touch gesture: no valid gesture detected
04-17 04:40:55.355764   984  1089 W ASH     : @ 11985.033: touch gesture: no valid gesture detected
04-17 04:40:55.420378   984  1089 W ASH     : @ 11985.098: touch gesture: no valid gesture detected
04-17 04:40:55.483668   984  1089 W ASH     : @ 11985.163: touch gesture: no valid gesture detected
04-17 04:40:55.549402   984  1089 W ASH     : @ 11985.227: touch gesture: no valid gesture detected
04-17 04:40:55.614168   984  1089 W ASH     : @ 11985.292: touch gesture: no valid gesture detected
04-17 04:40:55.678564   984  1089 W ASH     : @ 11985.356: touch gesture: no valid gesture detected
04-17 04:40:55.743209   984  1089 W ASH     : @ 11985.421: touch gesture: no valid gesture detected
04-17 04:40:55.808228   984  1089 W ASH     : @ 11985.485: touch gesture: no valid gesture detected
04-17 04:40:55.872366   984  1089 W ASH     : @ 11985.550: touch gesture: no valid gesture detected
04-17 04:40:55.937173   984  1089 W ASH     : @ 11985.615: touch gesture: no valid gesture detected
--------- switch to kernel
04-17 04:40:55.949281     0     0 I         : c1   5397 google_charger: usbchg=USB typec=C usbv=4996 usbc=86 usbMv=5000 usbMc=450
04-17 04:40:55.949466     0     0 I         : c1   5397 sm7250_bms: MSC_PCS chg_state=1c2115f04010009 [0x9:4:1:4447:450] chg=u
04-17 04:40:55.949530     0     0 I         : c1   5397 google_battery: MSC_DIN chg_state=1c2115f04010009 f=0x9 chg_s=Charging chg_t=Taper vchg=4447 icl=450
04-17 04:40:55.950734     0     0 I         : c1   5397 google_battery: MSC_STEADY vt=4430000 vb=4447260 fv_uv=4430000 margin=100000
04-17 04:40:55.950765     0     0 I         : c1   5397 google_battery: hold not defined for msc_state=10
04-17 04:40:55.950792     0     0 I         : c1   5397 google_battery: MSC_RSTC vt=4430000 vb=4447260 fv_uv=4430000 ibatt=-130310 cc_next_max=120000 t_cnt=0
04-17 04:40:55.950807     0     0 I         : c1   5397 google_battery: hold not defined for msc_state=14
04-17 04:40:55.950865     0     0 I         : c1   5397 google_battery: MSC_VOTE msc_state=14 cv_cnt=0 ov_cnt=0 temp_idx:2, vbatt_idx:4  fv_uv=4430000 cc_max=600000 update_interval=2000
04-17 04:40:55.950961     0     0 I         : c1   5397 google_charger: MSC_CHG fv_uv=4430000, cc_max=600000, rerun in 2000 ms (0)
--------- switch to main
04-17 04:40:56.001771   984  1089 W ASH     : @ 11985.679: touch gesture: no valid gesture detected
04-17 04:40:56.066456   984  1089 W ASH     : @ 11985.744: touch gesture: no valid gesture detected
04-17 04:40:56.130905   984  1089 W ASH     : @ 11985.809: touch gesture: no valid gesture detected
04-17 04:40:56.195690   984  1089 W ASH     : @ 11985.873: touch gesture: no valid gesture detected
04-17 04:40:56.260071   984  1089 W ASH     : @ 11985.938: touch gesture: no valid gesture detected
04-17 04:40:56.324497   984  1089 W ASH     : @ 11986.002: touch gesture: no valid gesture detected
04-17 04:40:56.388450   984  1089 W ASH     : @ 11986.067: touch gesture: no valid gesture detected
04-17 04:40:56.453641   984  1089 W ASH     : @ 11986.131: touch gesture: no valid gesture detected
04-17 04:40:56.518669   984  1089 W ASH     : @ 11986.196: touch gesture: no valid gesture detected
04-17 04:40:56.583040   984  1089 W ASH     : @ 11986.261: touch gesture: no valid gesture detected
04-17 04:40:56.647499   984  1089 W ASH     : @ 11986.325: touch gesture: no valid gesture detected
04-17 04:40:56.711430   984  1089 W ASH     : @ 11986.390: touch gesture: no valid gesture detected
04-17 04:40:56.777270   984  1089 W ASH     : @ 11986.454: touch gesture: no valid gesture detected
04-17 04:40:56.841400   984  1089 W ASH     : @ 11986.519: touch gesture: no valid gesture detected
04-17 04:40:56.906069   984  1089 W ASH     : @ 11986.584: touch gesture: no valid gesture detected
04-17 04:40:56.970578   984  1089 W ASH     : @ 11986.648: touch gesture: no valid gesture detected
04-17 04:40:57.035068   984  1089 W ASH     : @ 11986.713: touch gesture: no valid gesture detected
04-17 04:40:57.099736   984  1089 W ASH     : @ 11986.777: touch gesture: no valid gesture detected
04-17 04:40:57.164434   984  1089 W ASH     : @ 11986.842: touch gesture: no valid gesture detected
04-17 04:40:57.229288   984  1089 W ASH     : @ 11986.906: touch gesture: no valid gesture detected
04-17 04:40:57.293840   984  1089 W ASH     : @ 11986.971: touch gesture: no valid gesture detected
04-17 04:40:57.358059   984  1089 W ASH     : @ 11987.036: touch gesture: no valid gesture detected
04-17 04:40:57.422570   984  1089 W ASH     : @ 11987.100: touch gesture: no valid gesture detected
04-17 04:40:57.487645   984  1089 W ASH     : @ 11987.165: touch gesture: no valid gesture detected
04-17 04:40:57.551706   984  1089 W ASH     : @ 11987.229: touch gesture: no valid gesture detected
04-17 04:40:57.616092   984  1089 W ASH     : @ 11987.294: touch gesture: no valid gesture detected
04-17 04:40:57.681417   984  1089 W ASH     : @ 11987.358: touch gesture: no valid gesture detected
04-17 04:40:57.746028   984  1089 W ASH     : @ 11987.423: touch gesture: no valid gesture detected
04-17 04:40:57.810437   984  1089 W ASH     : @ 11987.488: touch gesture: no valid gesture detected
04-17 04:40:57.874803   984  1089 W ASH     : @ 11987.552: touch gesture: no valid gesture detected
04-17 04:40:57.939516   984  1089 W ASH     : @ 11987.617: touch gesture: no valid gesture detected
--------- switch to kernel
04-17 04:40:57.954947     0     0 I         : c1   5397 google_charger: usbchg=USB typec=C usbv=4998 usbc=84 usbMv=5000 usbMc=450
04-17 04:40:57.955130     0     0 I         : c1   5397 sm7250_bms: MSC_PCS chg_state=1c2116004010009 [0x9:4:1:4448:450] chg=u
04-17 04:40:57.955191     0     0 I         : c1   5397 google_battery: MSC_DIN chg_state=1c2116004010009 f=0x9 chg_s=Charging chg_t=Taper vchg=4448 icl=450
04-17 04:40:57.956321     0     0 I         : c1   5397 google_battery: MSC_STEADY vt=4430000 vb=4448233 fv_uv=4430000 margin=100000
04-17 04:40:57.956650     0     0 I         : c1   5397 google_battery: hold not defined for msc_state=10
