04-17 13:44:59.278666     0     0 I         : c7   1008 subsys-pil-tz aae0000.qcom,venus: venus: loading from 0x0000000086a00000 to 0x0000000086f00000
04-17 13:44:59.278682     0     0 I         : c0      1 libprocessgroup: Successfully killed process cgroup uid 0 pid 1082 in 0ms
04-17 13:44:59.279469     0     0 I         : c7      1 init: starting service 'exec 20 (/vendor/bin/modprobe -a -d /vendor/lib/modules/5.4-gki rmnet_core)'...
04-17 13:44:59.280630     0     0 I         : c7      1 init: SVC_EXEC service 'exec 20 (/vendor/bin/modprobe -a -d /vendor/lib/modules/5.4-gki rmnet_core)' pid 1092 (uid 0 gid 0+0 context u:r:vendor_modprobe:s0) started; waiting...
--------- switch to main
04-17 13:44:59.281166   960  1054 W LocSvc_LocIpc: send:66] failed reason: No such file or directory
--------- switch to kernel
04-17 13:44:59.285236     0     0 I         : c2    207 platform soc:qcom,msm-audio-apr:qcom,q6core-audio:sound: Linked as a consumer to soc:qcom,msm-audio-apr:qcom,q6core-audio:vote_lpass_audio_hw
04-17 13:44:59.285346     0     0 I         : c2    207 platform soc:qcom,msm-audio-apr:qcom,q6core-audio:sound: Linked as a consumer to c440000.qcom,spmi:qcom,pm7250b@2:pinctrl@c000
04-17 13:44:59.285362     0     0 I         : c2    207 platform soc:qcom,msm-audio-apr:qcom,q6core-audio:sound: Linked as a consumer to c440000.qcom,spmi:qcom,pm8150l@4:pinctrl@c000
04-17 13:44:59.285384     0     0 I         : c2    207 platform soc:qcom,msm-audio-apr:qcom,q6core-audio:sound: Linked as a consumer to f000000.pinctrl
04-17 13:44:59.286024     0     0 I         : c2    207 kona-asoc-snd soc:qcom,msm-audio-apr:qcom,q6core-audio:sound: populate_snd_card_dailinks: no wcd audio interface
04-17 13:44:59.286599     0     0 I         : c2    207 kona-asoc-snd soc:qcom,msm-audio-apr:qcom,q6core-audio:sound: msm_init_aux_dev: Max WSA devices is 0 for this target?
--------- switch to main
04-17 13:44:59.288791   937   937 D AndroidRuntime: >>>>>> START com.android.internal.os.ZygoteInit uid 0 <<<<<<
--------- switch to kernel
04-17 13:44:59.296524     0     0 E         : c2    207 msm-pcm-routing soc:qcom,msm-pcm-routing: ASoC: no source widget found for AUDIO_REF_EC_UL30 MUX
04-17 13:44:59.296542     0     0 E         : c2    207 msm-pcm-routing soc:qcom,msm-pcm-routing: ASoC: Failed to add route AUDIO_REF_EC_UL30 MUX -> direct -> MM_UL30
04-17 13:44:59.298803     0     0 I         : c7      1 init: Service 'exec 20 (/vendor/bin/modprobe -a -d /vendor/lib/modules/5.4-gki rmnet_core)' (pid 1092) exited with status 1 waiting took 0.018000 seconds
04-17 13:44:59.298817     0     0 I         : c7      1 init: Sending signal 9 to service 'exec 20 (/vendor/bin/modprobe -a -d /vendor/lib/modules/5.4-gki rmnet_core)' (pid 1092) process group...
04-17 13:44:59.298892     0     0 I         : c7      1 libprocessgroup: Successfully killed process cgroup uid 0 pid 1092 in 0ms
04-17 13:44:59.299033     0     0 I         : c7      1 init: processing action (boot) from (/vendor/etc/init/port-bridge.rc:6)
04-17 13:44:59.299528     0     0 I         : c7      1 init: processing action (boot) from (/vendor/etc/init/shsusrd.rc:6)
04-17 13:44:59.299676     0     0 E         : c2    207 msm-pcm-routing soc:qcom,msm-pcm-routing: ASoC: no source widget found for AUX_PCM_TX
04-17 13:44:59.299687     0     0 E         : c2    207 msm-pcm-routing soc:qcom,msm-pcm-routing: ASoC: Failed to add route AUX_PCM_TX -> AUX_PCM_UL_TX -> VoLTE Stub Tx Mixer
04-17 13:44:59.301210     0     0 I         : c7      1 init: processing action (boot) from (/vendor/etc/init/vendor.qti.hardware.charger_monitor@1.0-service.rc:21)
04-17 13:44:59.301457     0     0 I         : c7      1 init: starting service 'vendor.qti-chg-policy-sh'...
04-17 13:44:59.301824     0     0 E         : c2    207 msm-pcm-routing soc:qcom,msm-pcm-routing: ASoC: no source widget found for AUX_PCM_RX
04-17 13:44:59.301835     0     0 E         : c2    207 msm-pcm-routing soc:qcom,msm-pcm-routing: ASoC: Failed to add route AUX_PCM_RX -> direct -> BE_OUT
04-17 13:44:59.303818     0     0 I         : c5      1 init: processing action (enable_property_trigger) from (<Builtin Action>:0)
04-17 13:44:59.304297     0     0 W         : c2    207 msm-pcm-routing soc:qcom,msm-pcm-routing: ASoC: no dapm match for MM_DL23 --> MultiMedia23 --> QUIN_TDM_RX_1 Audio Mixer
04-17 13:44:59.304310     0     0 E         : c2    207 msm-pcm-routing soc:qcom,msm-pcm-routing: ASoC: Failed to add route MM_DL23 -> MultiMedia23 -> QUIN_TDM_RX_1 Audio Mixer
04-17 13:44:59.304319     0     0 W         : c2    207 msm-pcm-routing soc:qcom,msm-pcm-routing: ASoC: no dapm match for MM_DL24 --> MultiMedia24 --> QUIN_TDM_RX_1 Audio Mixer
04-17 13:44:59.304326     0     0 E         : c2    207 msm-pcm-routing soc:qcom,msm-pcm-routing: ASoC: Failed to add route MM_DL24 -> MultiMedia24 -> QUIN_TDM_RX_1 Audio Mixer
04-17 13:44:59.304334     0     0 W         : c2    207 msm-pcm-routing soc:qcom,msm-pcm-routing: ASoC: no dapm match for MM_DL25 --> MultiMedia25 --> QUIN_TDM_RX_1 Audio Mixer
04-17 13:44:59.304340     0     0 E         : c2    207 msm-pcm-routing soc:qcom,msm-pcm-routing: ASoC: Failed to add route MM_DL25 -> MultiMedia25 -> QUIN_TDM_RX_1 Audio Mixer
04-17 13:44:59.304529     0     0 I         : c5      1 init: processing action (apexd.status=ready && ro.product.cpu.abilist32=*) from (/system/etc/init/hw/init.rc:94)
--------- switch to main
04-17 13:44:59.308480   572   581 I citadeld: A wild powerstats service has appeared!
04-17 13:44:59.308586   572   581 I citadeld: signing up for a notification if powerstats dies
04-17 13:44:59.308620   572   581 I citadeld: registering our callback with powerstats service
04-17 13:44:59.308840   967  1000 I libpixelpowerstats: Registering callback for Citadel
--------- switch to kernel
04-17 13:44:59.308766     0     0 I         : c3      1 init: starting service 'boringssl_self_test_apex32'...
04-17 13:44:59.315978     0     0 I         : c1      1 init: SVC_EXEC service 'boringssl_self_test_apex32' pid 1098 (uid 0 gid 0+0 context default) started; waiting...
--------- switch to main
04-17 13:44:59.317168  1018  1018 I ServiceManager: Waiting for service 'media.metrics' on '/dev/binder'...
04-17 13:44:59.323537   572   582 W ServiceManager: Waited one second for android.frameworks.stats.IStats/default (is service started? are binder threads started and available?)
04-17 13:44:59.323889   563   563 I servicemanager: Since 'android.frameworks.stats.IStats/default' could not be found, trying to start it as a lazy AIDL service
--------- switch to kernel
04-17 13:44:59.321695     0     0 I         : c1    849 sec_ts spi0.0: [sec_input] sec_ts_fw_update_work: Beginning firmware update after probe.
04-17 13:44:59.322318     0     0 I         : c7    849 sec_ts spi0.0: [sec_input] sec_ts_read_calibration_report: count:6, pass count:6, fail count:0, status:A2, param version:25 88 1 4
04-17 13:44:59.322327     0     0 I         : c7    849 sec_ts spi0.0: [sec_input] sec_ts_firmware_update_on_probe: initial firmware update s6sy79x.bin, cal:A2
04-17 13:44:59.322356     0     0 W         : c7    849 sec_ts spi0.0: Falling back to syfs fallback for: s6sy79x.bin
04-17 13:44:59.323683     0     0 I         : c7   1104 ueventd: firmware: loading 's6sy79x.bin' for '/devices/platform/soc/880000.spi/spi_master/spi0/spi0.0/firmware/s6sy79x.bin'
--------- switch to main
04-17 13:44:59.326803   563  1105 W libc    : Unable to set property "ctl.interface_start" to "aidl/android.frameworks.stats.IStats/default": error code: 0x20
04-17 13:44:59.326950   563  1105 I servicemanager: Tried to start aidl service android.frameworks.stats.IStats/default as a lazy service, but was unable to. Usually this happens when a service is not installed, but if the service is intended to be used as a lazy service, then it may be configured incorrectly.
--------- switch to kernel
04-17 13:44:59.325712     0     0 W         : c2    207 msm-pcm-routing soc:qcom,msm-pcm-routing: ASoC: no dapm match for PRI_TDM_TX_0 --> PRI_TDM_TX_0 --> QUIN_TDM_RX_0 Port Mixer
04-17 13:44:59.325731     0     0 E         : c2    207 msm-pcm-routing soc:qcom,msm-pcm-routing: ASoC: Failed to add route PRI_TDM_TX_0 -> PRI_TDM_TX_0 -> QUIN_TDM_RX_0 Port Mixer
04-17 13:44:59.325752     0     0 W         : c2    207 msm-pcm-routing soc:qcom,msm-pcm-routing: ASoC: no dapm match for USB_AUDIO_TX --> USB_AUDIO_TX --> QUIN_TDM_RX_0 Port Mixer
04-17 13:44:59.325758     0     0 I         : c7   1104 ueventd: loading /devices/platform/soc/880000.spi/spi_master/spi0/spi0.0/firmware/s6sy79x.bin took 2ms
04-17 13:44:59.325762     0     0 E         : c2    207 msm-pcm-routing soc:qcom,msm-pcm-routing: ASoC: Failed to add route USB_AUDIO_TX -> USB_AUDIO_TX -> QUIN_TDM_RX_0 Port Mixer
04-17 13:44:59.325793     0     0 E         : c3      1 init: Control message: Could not find 'aidl/android.frameworks.stats.IStats/default' for ctl.interface_start from pid: 563 (/system/bin/servicemanager)
04-17 13:44:59.325944     0     0 I         : c0    849 sec_ts spi0.0: [sec_input] sec_ts_firmware_update_on_probe: request firmware done! size = 199424
04-17 13:44:59.325955     0     0 I         : c0    849 sec_ts spi0.0: [sec_input] sec_ts_save_version_of_bin: img_ver of bin = 25.88.1.15
04-17 13:44:59.325962     0     0 I         : c0    849 sec_ts spi0.0: [sec_input] sec_ts_save_version_of_bin: core_ver of bin = 25.88.1.1
04-17 13:44:59.325970     0     0 I         : c0    849 sec_ts spi0.0: [sec_input] sec_ts_save_version_of_bin: config_ver of bin = 25.88.1.4
04-17 13:44:59.326862     0     0 I         : c7    849 sec_ts spi0.0: [sec_input] sec_ts_save_version_of_ic: IC Image version info : 25.88.1.15
04-17 13:44:59.327131     0     0 I         : c7    849 sec_ts spi0.0: [sec_input] sec_ts_save_version_of_ic: IC Core version info : 25.88.1.1,
04-17 13:44:59.327366     0     0 I         : c7    849 sec_ts spi0.0: [sec_input] sec_ts_save_version_of_ic: IC config version info : 25.88.1.4
04-17 13:44:59.327369     0     0 I         : c7    849 sec_ts spi0.0: [sec_input] sec_ts_firmware_update_on_probe: skip fw update
04-17 13:44:59.329947     0     0 W         : c2    207 msm-pcm-routing soc:qcom,msm-pcm-routing: ASoC: no dapm match for TERT_TDM_TX_0 --> TERT_TDM_TX_0 --> LSM1 Mixer
04-17 13:44:59.329965     0     0 E         : c2    207 msm-pcm-routing soc:qcom,msm-pcm-routing: ASoC: Failed to add route TERT_TDM_TX_0 -> TERT_TDM_TX_0 -> LSM1 Mixer
04-17 13:44:59.330040     0     0 W         : c2    207 msm-pcm-routing soc:qcom,msm-pcm-routing: ASoC: no dapm match for TERT_TDM_TX_0 --> TERT_TDM_TX_0 --> LSM2 Mixer
04-17 13:44:59.330046     0     0 E         : c2    207 msm-pcm-routing soc:qcom,msm-pcm-routing: ASoC: Failed to add route TERT_TDM_TX_0 -> TERT_TDM_TX_0 -> LSM2 Mixer
04-17 13:44:59.330126     0     0 W         : c2    207 msm-pcm-routing soc:qcom,msm-pcm-routing: ASoC: no dapm match for TERT_TDM_TX_0 --> TERT_TDM_TX_0 --> LSM3 Mixer
04-17 13:44:59.330134     0     0 E         : c2    207 msm-pcm-routing soc:qcom,msm-pcm-routing: ASoC: Failed to add route TERT_TDM_TX_0 -> TERT_TDM_TX_0 -> LSM3 Mixer
04-17 13:44:59.330206     0     0 W         : c2    207 msm-pcm-routing soc:qcom,msm-pcm-routing: ASoC: no dapm match for TERT_TDM_TX_0 --> TERT_TDM_TX_0 --> LSM4 Mixer
04-17 13:44:59.330213     0     0 E         : c2    207 msm-pcm-routing soc:qcom,msm-pcm-routing: ASoC: Failed to add route TERT_TDM_TX_0 -> TERT_TDM_TX_0 -> LSM4 Mixer
04-17 13:44:59.330285     0     0 W         : c2    207 msm-pcm-routing soc:qcom,msm-pcm-routing: ASoC: no dapm match for TERT_TDM_TX_0 --> TERT_TDM_TX_0 --> LSM5 Mixer
04-17 13:44:59.330292     0     0 E         : c2    207 msm-pcm-routing soc:qcom,msm-pcm-routing: ASoC: Failed to add route TERT_TDM_TX_0 -> TERT_TDM_TX_0 -> LSM5 Mixer
04-17 13:44:59.330361     0     0 W         : c2    207 msm-pcm-routing soc:qcom,msm-pcm-routing: ASoC: no dapm match for TERT_TDM_TX_0 --> TERT_TDM_TX_0 --> LSM6 Mixer
04-17 13:44:59.330368     0     0 E         : c2    207 msm-pcm-routing soc:qcom,msm-pcm-routing: ASoC: Failed to add route TERT_TDM_TX_0 -> TERT_TDM_TX_0 -> LSM6 Mixer
04-17 13:44:59.330439     0     0 W         : c2    207 msm-pcm-routing soc:qcom,msm-pcm-routing: ASoC: no dapm match for TERT_TDM_TX_0 --> TERT_TDM_TX_0 --> LSM7 Mixer
04-17 13:44:59.330445     0     0 E         : c2    207 msm-pcm-routing soc:qcom,msm-pcm-routing: ASoC: Failed to add route TERT_TDM_TX_0 -> TERT_TDM_TX_0 -> LSM7 Mixer
04-17 13:44:59.330536     0     0 W         : c2    207 msm-pcm-routing soc:qcom,msm-pcm-routing: ASoC: no dapm match for TERT_TDM_TX_0 --> TERT_TDM_TX_0 --> LSM8 Mixer
04-17 13:44:59.330545     0     0 E         : c2    207 msm-pcm-routing soc:qcom,msm-pcm-routing: ASoC: Failed to add route TERT_TDM_TX_0 -> TERT_TDM_TX_0 -> LSM8 Mixer
04-17 13:44:59.330647     0     0 E         : c2    207 msm-pcm-routing soc:qcom,msm-pcm-routing: ASoC: no source widget found for AUX_PCM_TX
04-17 13:44:59.330654     0     0 E         : c2    207 msm-pcm-routing soc:qcom,msm-pcm-routing: ASoC: Failed to add route AUX_PCM_TX -> AUX_PCM_UL_TX -> SLIMBUS_0_RX Port Mixer
04-17 13:44:59.330704     0     0 E         : c2    207 msm-pcm-routing soc:qcom,msm-pcm-routing: ASoC: no source widget found for SEC_AUX_PCM_TX
04-17 13:44:59.330711     0     0 E         : c2    207 msm-pcm-routing soc:qcom,msm-pcm-routing: ASoC: Failed to add route SEC_AUX_PCM_TX -> SEC_AUX_PCM_UL_TX -> SLIMBUS_0_RX Port Mixer
04-17 13:44:59.330761     0     0 E         : c2    207 msm-pcm-routing soc:qcom,msm-pcm-routing: ASoC: no source widget found for TERT_AUX_PCM_TX
04-17 13:44:59.330767     0     0 E         : c2    207 msm-pcm-routing soc:qcom,msm-pcm-routing: ASoC: Failed to add route TERT_AUX_PCM_TX -> TERT_AUXPCM_UL_TX -> SLIMBUS_0_RX Port Mixer
04-17 13:44:59.330813     0     0 E         : c2    207 msm-pcm-routing soc:qcom,msm-pcm-routing: ASoC: no source widget found for QUAT_AUX_PCM_TX
04-17 13:44:59.330820     0     0 E         : c2    207 msm-pcm-routing soc:qcom,msm-pcm-routing: ASoC: Failed to add route QUAT_AUX_PCM_TX -> QUAT_AUXPCM_UL_TX -> SLIMBUS_0_RX Port Mixer
04-17 13:44:59.330870     0     0 E         : c2    207 msm-pcm-routing soc:qcom,msm-pcm-routing: ASoC: no source widget found for QUIN_AUX_PCM_TX
04-17 13:44:59.330878     0     0 E         : c2    207 msm-pcm-routing soc:qcom,msm-pcm-routing: ASoC: Failed to add route QUIN_AUX_PCM_TX -> QUIN_AUXPCM_UL_TX -> SLIMBUS_0_RX Port Mixer
04-17 13:44:59.330924     0     0 E         : c2    207 msm-pcm-routing soc:qcom,msm-pcm-routing: ASoC: no source widget found for SEN_AUX_PCM_TX
04-17 13:44:59.330930     0     0 E         : c2    207 msm-pcm-routing soc:qcom,msm-pcm-routing: ASoC: Failed to add route SEN_AUX_PCM_TX -> SEN_AUXPCM_UL_TX -> SLIMBUS_0_RX Port Mixer
04-17 13:44:59.343585     0     0 I         : c0      1 init: Service 'boringssl_self_test_apex32' (pid 1098) exited with status 0 waiting took 0.033000 seconds
04-17 13:44:59.343621     0     0 I         : c0      1 init: Sending signal 9 to service 'boringssl_self_test_apex32' (pid 1098) process group...
04-17 13:44:59.343847     0     0 I         : c0      1 libprocessgroup: Successfully killed process cgroup uid 0 pid 1098 in 0ms
04-17 13:44:59.344753     0     0 I         : c6      1 init: processing action (apexd.status=ready && ro.product.cpu.abilist64=*) from (/system/etc/init/hw/init.rc:96)
04-17 13:44:59.344892     0     0 I         : c6      1 init: starting service 'boringssl_self_test_apex64'...
--------- switch to main
04-17 13:44:59.345961   937   937 I AndroidRuntime: Using default boot image
04-17 13:44:59.346019   937   937 I AndroidRuntime: Leaving lock profiling enabled
--------- switch to kernel
04-17 13:44:59.347119     0     0 I         : c1      1 init: SVC_EXEC service 'boringssl_self_test_apex64' pid 1111 (uid 0 gid 0+0 context default) started; waiting...
--------- switch to main
04-17 13:44:59.355173   937   937 I zygote  : option[0]=-Xzygote
04-17 13:44:59.355301   937   937 I zygote  : option[1]=exit
04-17 13:44:59.355324   937   937 I zygote  : option[2]=vfprintf
--------- switch to kernel
04-17 13:44:59.353251     0     0 I         : c0      1 init: Service 'init-modem-sh' (pid 1013) exited with status 0 oneshot service took 0.297000 seconds in background
--------- switch to main
04-17 13:44:59.355345   937   937 I zygote  : option[3]=sensitiveThread
--------- switch to kernel
04-17 13:44:59.353367     0     0 I         : c0      1 init: Sending signal 9 to service 'init-modem-sh' (pid 1013) process group...
--------- switch to main
04-17 13:44:59.355365   937   937 I zygote  : option[4]=-verbose:gc
--------- switch to kernel
04-17 13:44:59.353671     0     0 I         : c0      1 libprocessgroup: Successfully killed process cgroup uid 1001 pid 1013 in 0ms
--------- switch to main
04-17 13:44:59.355387   937   937 I zygote  : option[5]=-XX:PerfettoHprof=true
04-17 13:44:59.355407   937   937 I zygote  : option[6]=-XX:PerfettoJavaHeapStackProf=true
04-17 13:44:59.355429   937   937 I zygote  : option[7]=-Xms16m
04-17 13:44:59.355449   937   937 I zygote  : option[8]=-Xmx512m
04-17 13:44:59.355475   937   937 I zygote  : option[9]=-XX:HeapGrowthLimit=256m
04-17 13:44:59.355497   937   937 I zygote  : option[10]=-XX:HeapMinFree=8m
04-17 13:44:59.355518   937   937 I zygote  : option[11]=-XX:HeapMaxFree=32m
04-17 13:44:59.355545   937   937 I zygote  : option[12]=-XX:HeapTargetUtilization=0.5
04-17 13:44:59.355566   937   937 I zygote  : option[13]=-Xusejit:true
04-17 13:44:59.355589   937   937 I zygote  : option[14]=-Xjitsaveprofilinginfo
04-17 13:44:59.355612   937   937 I zygote  : option[15]=-XMadviseWillNeedVdexFileSize:104857600
04-17 13:44:59.355739   937   937 I zygote  : option[16]=-XMadviseWillNeedOdexFileSize:104857600
04-17 13:44:59.355757   937   937 I zygote  : option[17]=-XMadviseWillNeedArtFileSize:4294967295
04-17 13:44:59.355767   937   937 I zygote  : option[18]=-XjdwpOptions:suspend=n,server=y
04-17 13:44:59.355777   937   937 I zygote  : option[19]=-XjdwpProvider:default
04-17 13:44:59.355786   937   937 I zygote  : option[20]=-Xopaque-jni-ids:swapable
04-17 13:44:59.355794   937   937 I zygote  : option[21]=-Xlockprofthreshold:500
04-17 13:44:59.355803   937   937 I zygote  : option[22]=-Xcompiler-option
04-17 13:44:59.355813   937   937 I zygote  : option[23]=--instruction-set-variant=cortex-a76
04-17 13:44:59.355822   937   937 I zygote  : option[24]=-Xcompiler-option
04-17 13:44:59.355831   937   937 I zygote  : option[25]=--instruction-set-features=default
04-17 13:44:59.355839   937   937 I zygote  : option[26]=-Xcompiler-option
04-17 13:44:59.355848   937   937 I zygote  : option[27]=--generate-mini-debug-info
04-17 13:44:59.355856   937   937 I zygote  : option[28]=-Ximage-compiler-option
04-17 13:44:59.355865   937   937 I zygote  : option[29]=--runtime-arg
04-17 13:44:59.355874   937   937 I zygote  : option[30]=-Ximage-compiler-option
04-17 13:44:59.355886   937   937 I zygote  : option[31]=-Xms64m
04-17 13:44:59.355896   937   937 I zygote  : option[32]=-Ximage-compiler-option
04-17 13:44:59.355906   937   937 I zygote  : option[33]=--runtime-arg
04-17 13:44:59.355916   937   937 I zygote  : option[34]=-Ximage-compiler-option
04-17 13:44:59.355924   937   937 I zygote  : option[35]=-Xmx64m
04-17 13:44:59.355932   937   937 I zygote  : option[36]=-Ximage-compiler-option
04-17 13:44:59.355943   937   937 I zygote  : option[37]=--dirty-image-objects=/system/etc/dirty-image-objects
04-17 13:44:59.355953   937   937 I zygote  : option[38]=-Ximage-compiler-option
04-17 13:44:59.355961   937   937 I zygote  : option[39]=--instruction-set-variant=cortex-a76
04-17 13:44:59.355969   937   937 I zygote  : option[40]=-Ximage-compiler-option
04-17 13:44:59.355978   937   937 I zygote  : option[41]=--instruction-set-features=default
04-17 13:44:59.355987   937   937 I zygote  : option[42]=-Ximage-compiler-option
04-17 13:44:59.355995   937   937 I zygote  : option[43]=--generate-mini-debug-info
04-17 13:44:59.356004   937   937 I zygote  : option[44]=-Duser.locale=en-US
04-17 13:44:59.356012   937   937 I zygote  : option[45]=--cpu-abilist=armeabi-v7a,armeabi
04-17 13:44:59.356021   937   937 I zygote  : option[46]=-Xcore-platform-api-policy:just-warn
04-17 13:44:59.356053   937   937 I zygote  : option[47]=-Xfingerprint:Android/aosp_redfin/redfin:12/SQ1A.220205.002/eng.illusi.20220331.081552:userdebug/test-keys
04-17 13:44:59.374566   937   937 I zygote  : Core platform API reporting enabled, enforcing=false
04-17 13:44:59.377912   937   937 E zygote  : Could not create image space with image file '/apex/com.android.art/javalib/boot.art:/system/framework/boot-framework.art!/system/etc/boot-image.prof'. Attempting to fall back to imageless running. Error was: 
04-17 13:44:59.379421   950   950 E EcoServiceProxy: AcquireEcoService: Failed to connect to ecoservice.
--------- switch to kernel
04-17 13:44:59.380779     0     0 I         : c0      1 init: Service 'boringssl_self_test_apex64' (pid 1111) exited with status 0 waiting took 0.034000 seconds
04-17 13:44:59.380816     0     0 I         : c0      1 init: Sending signal 9 to service 'boringssl_self_test_apex64' (pid 1111) process group...
04-17 13:44:59.381027     0     0 I         : c0      1 libprocessgroup: Successfully killed process cgroup uid 0 pid 1111 in 0ms
04-17 13:44:59.381825     0     0 I         : c6      1 init: processing action (net.tcp_def_init_rwnd=*) from (/system/etc/init/hw/init.rc:1146)
04-17 13:44:59.382098     0     0 I         : c6      1 init: processing action (sys.init.perf_lsm_hooks=1) from (/system/etc/init/hw/init.rc:1157)
04-17 13:44:59.382292     0     0 I         : c6      1 init: processing action (security.perf_harden=1) from (/system/etc/init/hw/init.rc:1171)
04-17 13:44:59.382591     0     0 I         : c6      1 init: processing action (ro.debuggable=1) from (/system/etc/init/hw/init.rc:1206)
04-17 13:44:59.382698     0     0 I         : c6      1 init: processing action (graphics.display.kernel_idle_timer.enabled=true) from (/vendor/etc/init/hw/init.redfin.rc:19)
04-17 13:44:59.383079     0     0 I         : c6      1 init: processing action (vendor.all.modules.ready=1) from (/vendor/etc/init/hw/init.redfin.rc:27)
04-17 13:44:59.383431     0     0 I         : c6      1 init: processing action (persist.vendor.modem.esim.reset=done) from (/vendor/etc/init/hw/init.sm7250.rc:611)
04-17 13:44:59.384593     0     0 I         : c0      1 init: starting service 'vendor.per_mgr'...
04-17 13:44:59.391086     0     0 I         : c5      1 init: processing action (persist.vendor.sys.ssr.restart_level=*) from (/vendor/etc/init/hw/init.sm7250.rc:684)
04-17 13:44:59.391387     0     0 I         : c6      1 init: starting service 'vendor.ssr_setup'...
04-17 13:44:59.393367     0     0 I         : c7      1 init: processing action (init.svc.vendor.qti.hardware.display.composer=running) from (/vendor/etc/init/hw/init.sm7250.rc:701)
04-17 13:44:59.393482     0     0 I         : c7      1 init: Command 'start ppd' action=init.svc.vendor.qti.hardware.display.composer=running (/vendor/etc/init/hw/init.sm7250.rc:702) took 0ms and failed: service ppd not found
04-17 13:44:59.393503     0     0 I         : c7      1 init: processing action (vendor.all.modules.ready=1) from (/vendor/etc/init/hw/init.sm7250.rc:783)
04-17 13:44:59.393716     0     0 I         : c7      1 init: processing action (ro.boot.hardware.dsds=1) from (/vendor/etc/init/hw/init.sm7250.rc:800)
04-17 13:44:59.396616     0     0 I         : c6      1 init: processing action (persist.radio.multisim.config=dsds) from (/vendor/etc/init/hw/init.sm7250.rc:811)
04-17 13:44:59.396834     0     0 I         : c6      1 init: starting service 'vendor.qcrild2'...
04-17 13:44:59.400278     0     0 I         : c6      1 init: processing action (persist.sys.device_provisioned=1) from (/vendor/etc/init/hw/init.sm7250.rc:827)
04-17 13:44:59.400825     0     0 I         : c6      1 init: processing action (persist.vendor.verbose_logging_enabled=true && vendor.sys.modem.diag.mdlog=true) from (/vendor/etc/init/hw/init.sm7250.diag.rc:48)
04-17 13:44:59.401041     0     0 I         : c6      1 init: starting service 'diag_mdlog_start'...
04-17 13:44:59.401235     0     0 I         : c6      1 init: Created socket '/dev/socket/diag_router', mode 666, user 1000, group 1000
--------- switch to main
04-17 13:44:59.403839  1122  1122 I PerMgrSrv: Adding entry for modem : offTimeout : 500 ackTimeout : 200
04-17 13:44:59.406214  1122  1122 D ProcessState: Binder ioctl to enable oneway spam detection failed: Invalid argument
--------- switch to kernel
04-17 13:44:59.406167     0     0 I         : c3   1122 binder: 1122:1122 ioctl 40046210 7fe4e3dfc4 returned -22
04-17 13:44:59.406671     0     0 I         : c7      1 init: processing action (persist.vendor.usb.usbradio.config=*) from (/vendor/etc/init/hw/init.sm7250.diag.rc:110)
04-17 13:44:59.406954     0     0 I         : c7      1 init: starting service 'usbd'...
--------- switch to main
04-17 13:44:59.408117  1122  1122 I PerMgrSrv: Peripheral Mananager service start
04-17 13:44:59.408146  1122  1122 I PerMgrSrv: power-off timeout 500,ms; event-ack timeout 200,ms; debug-mode false
04-17 13:44:59.408153  1122  1122 I PerMgrSrv: Statistics for : modem
04-17 13:44:59.408160  1122  1122 I PerMgrSrv: modem: Current State : is off-line
04-17 13:44:59.408165  1122  1122 I PerMgrSrv: modem: Voter/Listener count : 0/0
04-17 13:44:59.408171  1122  1122 I PerMgrSrv: modem: Power on count : 0
04-17 13:44:59.408177  1122  1122 I PerMgrSrv: modem: Power off count: 0
04-17 13:44:59.408183  1122  1122 I PerMgrSrv: modem: Client list:
--------- switch to system
04-17 13:44:59.408501   928   931 I QMI_FW  : QCCI: Received NEW_SERVER cmd for 00000035:00001001
04-17 13:44:59.408522   970  1071 I QMI_FW  : QCCI: Received NEW_SERVER cmd for 00000035:00001001
04-17 13:44:59.408566   960  1063 I QMI_FW  : QCCI: Received NEW_SERVER cmd for 00000035:00001001
--------- switch to main
04-17 13:44:59.408674  1122  1132 I PerMgrSrv: QMI service start
--------- switch to kernel
04-17 13:44:59.409140     0     0 I         : c7      1 init: processing action (init.svc.audioserver=running) from (/system/etc/init/audioserver.rc:38)
04-17 13:44:59.409187     0     0 I         : c7      1 init: Command 'start vendor.audio-hal-4-0-msd' action=init.svc.audioserver=running (/system/etc/init/audioserver.rc:40) took 0ms and failed: service vendor.audio-hal-4-0-msd not found
04-17 13:44:59.409206     0     0 I         : c7      1 init: Command 'start audio_proxy_service' action=init.svc.audioserver=running (/system/etc/init/audioserver.rc:41) took 0ms and failed: service audio_proxy_service not found
04-17 13:44:59.409219     0     0 I         : c7      1 init: Command 'start vendor.audio-hal-2-0' action=init.svc.audioserver=running (/system/etc/init/audioserver.rc:43) took 0ms and failed: service vendor.audio-hal-2-0 not found
04-17 13:44:59.409234     0     0 I         : c7      1 init: Command 'start audio-hal-2-0' action=init.svc.audioserver=running (/system/etc/init/audioserver.rc:44) took 0ms and failed: service audio-hal-2-0 not found
04-17 13:44:59.409244     0     0 I         : c7      1 init: processing action (ro.persistent_properties.ready=true) from (/system/etc/init/bootstat.rc:67)
04-17 13:44:59.409472     0     0 I         : c7      1 init: processing action (ro.persistent_properties.ready=true) from (/system/etc/init/bootstat.rc:71)
04-17 13:44:59.409670     0     0 I         : c7      1 init: starting service 'exec 21 (/system/bin/bootstat --set_system_boot_reason)'...
04-17 13:44:59.410761     0     0 I         : c7      1 init: processing action (persist.heapprofd.enable= && traced.lazy.heapprofd=) from (/system/etc/init/heapprofd.rc:49)
--------- switch to main
04-17 13:44:59.411033  1125  1125 I ssr_setup: Using persist.vendor.sys.ssr.restart_level for ssr_setup
04-17 13:44:59.411353  1125  1125 I ssr_setup: Disabling ssr for subsys6
04-17 13:44:59.411390  1125  1125 I ssr_setup: Enabling SSR for subsys4
04-17 13:44:59.411412  1125  1125 I ssr_setup: Disabling ssr for subsys2
04-17 13:44:59.411436  1125  1125 I ssr_setup: Disabling ssr for subsys0
04-17 13:44:59.411458  1125  1125 I ssr_setup: Disabling ssr for subsys5
04-17 13:44:59.411480  1125  1125 I ssr_setup: Enabling SSR for subsys3
04-17 13:44:59.411501  1125  1125 I ssr_setup: Disabling ssr for subsys1
--------- switch to kernel
04-17 13:44:59.411708     0     0 I         : c7      1 init: processing action (ro.debuggable=1) from (/system/etc/init/llkd-debuggable.rc:1)
04-17 13:44:59.412447     0     0 I         : c7      1 init: processing action (ro.debuggable=*) from (/system/etc/init/llkd.rc:2)
04-17 13:44:59.412797     0     0 I         : c7      1 init: processing action (logd.logpersistd=logcatd && logd.logpersistd.enable=true) from (/system/etc/init/logcatd.rc:32)
04-17 13:44:59.412982     0     0 I         : c7      1 init: starting service 'logcatd'...
04-17 13:44:59.415091     0     0 I         : c7      1 init: processing action (debug.atrace.user_initiated= && persist.traced.enable=1) from (/system/etc/init/perfetto.rc:47)
--------- switch to main
04-17 13:44:59.414216   562   562 I lowmemorykiller: lmkd data connection established
--------- switch to kernel
04-17 13:44:59.415256     0     0 I         : c7      1 init: starting service 'traced_probes'...
04-17 13:44:59.415276     0     0 I         : c7      1 init: Opened file '/dev/kmsg', flags 1
04-17 13:44:59.417374     0     0 I         : c6      1 init: Service 'vendor.ssr_setup' (pid 1125) exited with status 0 oneshot service took 0.025000 seconds in background
04-17 13:44:59.417394     0     0 I         : c6      1 init: Sending signal 9 to service 'vendor.ssr_setup' (pid 1125) process group...
04-17 13:44:59.417484     0     0 I         : c6      1 libprocessgroup: Successfully killed process cgroup uid 0 pid 1125 in 0ms
04-17 13:44:59.429619     0     0 I         : c6      1 init: processing action (persist.traced.enable=1) from (/system/etc/init/perfetto.rc:50)
04-17 13:44:59.430602     0     0 I         : c6      1 init: starting service 'traced'...
04-17 13:44:59.430851     0     0 I         : c6      1 init: Created socket '/dev/socket/traced_consumer', mode 666, user 0, group 0
04-17 13:44:59.430961     0     0 I         : c6      1 init: Created socket '/dev/socket/traced_producer', mode 666, user 0, group 0
--------- switch to main
04-17 13:44:59.436317  1128  1128 D Diag_Lib: diag_mdlog: No parameter, reading conf file
04-17 13:44:59.436691  1128  1128 D Diag_Lib: Can not stat file: /data/vendor/radio/diag_logs/on-demand.conf [2]
04-17 13:44:59.436753  1128  1128 D Diag_Lib: Can not stat file: /data/vendor/radio/diag_logs/scenario-based.conf [2]
04-17 13:44:59.436793  1128  1128 D Diag_Lib: Can not stat file: /data/vendor/radio/diag_logs/diag.conf [2]
04-17 13:44:59.437713  1128  1128 D Diag_Lib: diag_mdlog: command = f
04-17 13:44:59.439034  1128  1128 D Diag_Lib: diag_mdlog: command = o
04-17 13:44:59.439131  1128  1128 D Diag_Lib: diag_mdlog: command = s
04-17 13:44:59.439157  1128  1128 D Diag_Lib: diag_mdlog: command = n
04-17 13:44:59.439177  1128  1128 D Diag_Lib: diag_mdlog: command = b
04-17 13:44:59.439196  1128  1128 D Diag_Lib: diag_mdlog: command = c
04-17 13:44:59.439220  1128  1128 D Diag_Lib: diag_mdlog: command = t
04-17 13:44:59.439241  1128  1128 D Diag_Lib: diag_mdlog: command = x
04-17 13:44:59.439279  1128  1128 D Diag_Lib: diag_mdlog: Buffering mode configuration for peripheral id mask: 16388
04-17 13:44:59.439300  1128  1128 D Diag_Lib: diag_mdlog: command = z
04-17 13:44:59.439319  1128  1128 D Diag_Lib: diag_mdlog: command = u
04-17 13:44:59.439340  1128  1128 D Diag_Lib: diag_mdlog: Found preloaded conf file
04-17 13:44:59.439709  1128  1128 D Diag_Lib: diag: poweron log file does not exist.
04-17 13:44:59.439743  1128  1128 D Diag_Lib: diag: init poweron log
04-17 13:44:59.439805  1128  1128 D Diag_Lib: diag: error opening /data/vendor/radio/diag_logs/poweron_mask_duration.conf
04-17 13:44:59.439830  1128  1128 D Diag_Lib: diag: clearing poweron log timer
04-17 13:44:59.439855  1128  1128 D Diag_Lib: diag: start poweron log timer
04-17 13:44:59.439874  1128  1128 D Diag_Lib: diag: clearing poweron log timer
04-17 13:44:59.439892  1128  1128 D Diag_Lib: diag: setting poweron log timer as 0 ms
04-17 13:44:59.439965  1128  1128 D Diag_Lib: diag: Kernel does not support PID query, err: -1, errno: 5
04-17 13:44:59.439995  1128  1128 D Diag_Lib: diag_mdlog: Directory /data/vendor/radio is accessible
04-17 13:44:59.440015  1128  1128 D Diag_Lib: diag_mdlog: ODL with no -p or -g option
04-17 13:44:59.440037  1128  1128 D Diag_Lib: diag_mdlog: Closing diag_fd_temp
04-17 13:44:59.441261  1128  1128 D Diag_Lib: diag_mdlog: successfully created pid file, pid: 1128
04-17 13:44:59.441429  1128  1128 D Diag_Lib: diag_mdlog: Warning output directory already exists: /data/vendor/radio/diag_logs/logs
--------- switch to kernel
04-17 13:44:59.436685     0     0 I         : c6      1 init: processing action (persist.traced_perf.enable= && sys.init.perf_lsm_hooks=1 && traced.lazy.traced_perf=) from (/system/etc/init/traced_perf.rc:43)
--------- switch to main
04-17 13:44:59.441467  1128  1128 D Diag_Lib: diag_mdlog: Proceeding...
--------- switch to kernel
04-17 13:44:59.437088     0     0 I         : c6      1 init: processing action (ro.boot.slot_suffix=*) from (/system/etc/init/update_engine.rc:8)
04-17 13:44:59.437112     0     0 I         : c6      1 init: processing action (persist.vendor.net.doxlat=true) from (/system/etc/init/vendor-464xlat.rc:11)
04-17 13:44:59.437507     0     0 I         : c6      1 init: processing action (vendor.all.modules.ready=1) from (/vendor/etc/init/citadeld.rc:1)
04-17 13:44:59.437617     0     0 I         : c6      1 init: processing action (init.svc.vendor.qti.hardware.display.composer=running) from (/vendor/etc/init/feature_enabler_client.rc:15)
04-17 13:44:59.437824     0     0 I         : c6      1 init: starting service 'feature_enabler_client'...
--------- switch to main
04-17 13:44:59.442368  1131  1131 D hw-ProcessState: Binder ioctl to enable oneway spam detection failed: Invalid argument
--------- switch to kernel
04-17 13:44:59.442340     0     0 I         : c6   1131 binder: 1131:1131 ioctl 40046210 7ff7efee74 returned -22
04-17 13:44:59.443175     0     0 I         : c6      1 init: processing action (persist.sys.device_provisioned=1) from (/vendor/etc/init/init.pixel.rc:7)
04-17 13:44:59.443439     0     0 I         : c6      1 init: starting service 'vendor.theme_set'...
04-17 13:44:59.448364     0     0 I         : c6      1 init: processing action (init.svc.vendor.citadeld=running) from (/vendor/etc/init/init_citadel.rc:2)
04-17 13:44:59.448607     0     0 I         : c6      1 init: starting service 'vendor.init_citadel'...
--------- switch to main
04-17 13:44:59.457541  1131  1131 I usbd    : Usb HAL found.
04-17 13:44:59.457667  1128  1138 D Diag_Lib: diag_trace_thread created
04-17 13:44:59.458034  1131  1131 I usbd    : peristent prop is adb
--------- switch to kernel
04-17 13:44:59.455554     0     0 I         : c6      1 init: processing action (persist.vendor.data.shs_ko_load=1) from (/vendor/etc/init/netmgrd.rc:47)
04-17 13:44:59.455758     0     0 I         : c6      1 init: starting service 'exec 22 (/vendor/bin/modprobe -a -d /vendor/lib/modules rmnet_shs)'...
04-17 13:44:59.457249     0     0 I         : c6      1 init: SVC_EXEC service 'exec 22 (/vendor/bin/modprobe -a -d /vendor/lib/modules rmnet_shs)' pid 1148 (uid 0 gid 0+0 context u:r:vendor_modprobe:s0) started; waiting...
04-17 13:44:59.459286     0     0 I         : c6      1 init: starting service 'adbd'...
04-17 13:44:59.459638     0     0 I         : c6      1 init: Created socket '/dev/socket/adbd', mode 660, user 1000, group 1000
--------- switch to main
04-17 13:44:59.461861   950   950 I android.hardware.camera.provider@2.7-service-google: vendor/qcom/proprietary/adsprpc/src/rpcmem_android.c:159: rpcmem_init_internal: opened ION device fd 8, configured heap IDs: system (0x2000000), contig (0x400000), secure (0x200), secure flags (0x80080000)
04-17 13:44:59.461972   950   950 I android.hardware.camera.provider@2.7-service-google: vendor/qcom/proprietary/adsprpc/src/fastrpc_apps_user.c:2961: fastrpc_apps_user_init done with default domain:3 and &fastrpc_trace:0x6f30700f20
04-17 13:44:59.465306  1135  1135 I bootstat: Service started: /system/bin/bootstat --set_system_boot_reason 
04-17 13:44:59.468011  1135  1135 I bootstat: Canonical boot reason: reboot,shell
04-17 13:44:59.468098  1135  1135 I bootstat: Canonical boot reason: reboot,shell
04-17 13:44:59.468345  1128  1142 D Diag_Lib: diag: CreateWaitThread (1142) created
04-17 13:44:59.472466  1135  1135 I bootstat: Last reboot reason read from /metadata/bootstat/persist.sys.boot.reason : reboot,shell. Last reboot reason read from persist.sys.boot.reason : reboot,shell
04-17 13:44:59.472521  1135  1135 I bootstat: Normalized last reboot reason : reboot,shell
04-17 13:44:59.472718  1128  1128 D Diag_Lib: 
04-17 13:44:59.472718  1128  1128 D Diag_Lib: diag_mdlog: Diag_LSM_Init succeeded.
04-17 13:44:59.472808  1128  1128 D Diag_Lib: 
04-17 13:44:59.472808  1128  1128 D Diag_Lib:  REMOTE PROCESSOR MASK 0
04-17 13:44:59.472831  1128  1128 D Diag_Lib: diag: Voting real_time: 0
04-17 13:44:59.472852  1128  1128 D Diag_Lib: diag: Requesting real_time: 1, current_buf_mode: 2
04-17 13:44:59.476615   972   972 I libpixelusb: setCurrentUsbFunctions None
04-17 13:44:59.476742   972   972 I libpixelusb: Gadget cannot be pulled down
04-17 13:44:59.476799   972   972 I android.hardware.usb.gadget@1.1-service.redfin: mMonitor not running
04-17 13:44:59.476806   972   972 I android.hardware.usb.gadget@1.1-service.redfin: Returned from tearDown gadget
--------- switch to kernel
04-17 13:44:59.475949     0     0 I         : c6      1 init: Control message: Processed ctl.start for 'adbd' from pid: 1131 (/system/bin/usbd)
04-17 13:44:59.476931     0     0 I         : c6      1 init: Service 'exec 21 (/system/bin/bootstat --set_system_boot_reason)' (pid 1135) exited with status 0 oneshot service took 0.065000 seconds in background
04-17 13:44:59.476952     0     0 I         : c6      1 init: Sending signal 9 to service 'exec 21 (/system/bin/bootstat --set_system_boot_reason)' (pid 1135) process group...
04-17 13:44:59.477037     0     0 I         : c6      1 libprocessgroup: Successfully killed process cgroup uid 1000 pid 1135 in 0ms
04-17 13:44:59.477184     0     0 I         : c6      1 init: Service 'usbd' (pid 1131) exited with status 0 oneshot service took 0.069000 seconds in background
04-17 13:44:59.477193     0     0 I         : c6      1 init: Sending signal 9 to service 'usbd' (pid 1131) process group...
04-17 13:44:59.477224     0     0 I         : c6      1 libprocessgroup: Successfully killed process cgroup uid 0 pid 1131 in 0ms
--------- switch to main
04-17 13:44:59.481036  1137  1137 I perfetto: probes.cc:84            Starting /system/bin/traced_probes service
04-17 13:44:59.491703  1137  1137 I perfetto: probes_producer.cc:129  Disconnected from tracing service
04-17 13:44:59.492140  1137  1152 I perfetto: _activity_trigger.cc:71 mm_events ftrace instance not found. Triggering of traces on memory pressure will not be available on this device.
--------- switch to kernel
04-17 13:44:59.491122     0     0 I         : c6      1 init: Service 'vendor.theme_set' (pid 1143) exited with status 0 oneshot service took 0.046000 seconds in background
04-17 13:44:59.491138     0     0 I         : c6      1 init: Sending signal 9 to service 'vendor.theme_set' (pid 1143) process group...
04-17 13:44:59.491205     0     0 I         : c6      1 libprocessgroup: Successfully killed process cgroup uid 0 pid 1143 in 0ms
--------- switch to main
04-17 13:44:59.493987  1139  1139 W perfetto: service.cc:207          Started traced, listening on /dev/socket/traced_producer /dev/socket/traced_consumer
--------- switch to kernel
04-17 13:44:59.504405     0     0 I         : c6      1 init: Service 'exec 22 (/vendor/bin/modprobe -a -d /vendor/lib/modules rmnet_shs)' (pid 1148) exited with status 1 waiting took 0.047000 seconds
04-17 13:44:59.504429     0     0 I         : c6      1 init: Sending signal 9 to service 'exec 22 (/vendor/bin/modprobe -a -d /vendor/lib/modules rmnet_shs)' (pid 1148) process group...
04-17 13:44:59.504551     0     0 I         : c6      1 libprocessgroup: Successfully killed process cgroup uid 0 pid 1148 in 0ms
--------- switch to main
04-17 13:44:59.509956  1141  1141 D ProcessState: Binder ioctl to enable oneway spam detection failed: Invalid argument
04-17 13:44:59.510461  1141  1141 D FEATURE_ENABLER_CLIENT: : Shared buffer size: 1040
04-17 13:44:59.510552  1141  1141 D QSEECOMAPI: QSEECom_get_handle sb_length = 0x1040
04-17 13:44:59.511031  1141  1141 D QSEECOMAPI: App is not loaded in QSEE
04-17 13:44:59.511194  1141  1141 E QSEECOMAPI: Error::Cannot open the file /vendor/firmware_mnt/image/featenabler.mdt errno = 2
04-17 13:44:59.511217  1141  1141 E QSEECOMAPI: Error::Loading image failed with ret = -1
04-17 13:44:59.511250  1141  1141 D QSEECOMAPI: QSEECom_get_handle sb_length = 0x1040
04-17 13:44:59.511551  1141  1141 D QSEECOMAPI: App is not loaded in QSEE
--------- switch to kernel
04-17 13:44:59.505227     0     0 I         : c6      1 init: starting service 'exec 23 (/vendor/bin/modprobe -a -d /vendor/lib/modules/5.4-gki rmnet_shs)'...
04-17 13:44:59.506633     0     0 I         : c6      1 init: SVC_EXEC service 'exec 23 (/vendor/bin/modprobe -a -d /vendor/lib/modules/5.4-gki rmnet_shs)' pid 1156 (uid 0 gid 0+0 context u:r:vendor_modprobe:s0) started; waiting...
04-17 13:44:59.509835     0     0 I         : c3   1141 binder: 1141:1141 ioctl 40046210 7fcd391dd4 returned -22
--------- switch to main
04-17 13:44:59.513015  1141  1141 D QSEECOMAPI: app_arch = 2, total_files = 9
04-17 13:44:59.513672  1141  1141 E ion     : ioctl c0044901 failed with code -1: Inappropriate ioctl for device
04-17 13:44:59.523710  1128  1128 D Diag_Lib: diag: New real_time: 1
04-17 13:44:59.523900  1128  1128 D Diag_Lib: diag: Requesting real_time: 0, current_buf_mode: 2
04-17 13:44:59.541920  1161  1161 I init_citadel: Starting round 0...
--------- switch to kernel
04-17 13:44:59.555296     0     0 I         : c1    849 sec_ts spi0.0: [sec_input] get_tsp_nvm_data: offset:0  data:00
04-17 13:44:59.556138     0     0 I         : c5      1 init: Service 'exec 23 (/vendor/bin/modprobe -a -d /vendor/lib/modules/5.4-gki rmnet_shs)' (pid 1156) exited with status 1 waiting took 0.049000 seconds
04-17 13:44:59.556190     0     0 I         : c5      1 init: Sending signal 9 to service 'exec 23 (/vendor/bin/modprobe -a -d /vendor/lib/modules/5.4-gki rmnet_shs)' (pid 1156) process group...
04-17 13:44:59.556503     0     0 I         : c5      1 libprocessgroup: Successfully killed process cgroup uid 0 pid 1156 in 0ms
04-17 13:44:59.557070     0     0 I         : c5      1 init: processing action (persist.vendor.data.perf_ko_load=3) from (/vendor/etc/init/netmgrd.rc:55)
04-17 13:44:59.557496     0     0 I         : c5      1 init: starting service 'exec 24 (/vendor/bin/modprobe -d /vendor/lib/modules rmnet_perf rmnet_perf_ingress_deag=N)'...
--------- switch to main
04-17 13:44:59.564266   950   950 V CamX    : [ VERB][UTILS  ] camxhashmap.cpp:210 GetInPlace() Key not found
04-17 13:44:59.566116   950   950 V CamX    : [ VERB][CORE   ] camxoverridesettingsfile.cpp:385 Initialize() Could not find override settings text file at: /vendor/etc/camera/camxoverridesettings.txt
04-17 13:44:59.566208   950   950 V CamX    : [ VERB][CORE   ] camxoverridesettingsfile.cpp:385 Initialize() Could not find override settings text file at: ./camxoverridesettings.txt
--------- switch to kernel
04-17 13:44:59.564550     0     0 I         : c5      1 init: SVC_EXEC service 'exec 24 (/vendor/bin/modprobe -d /vendor/lib/modules rmnet_perf rmnet_perf_ingress_deag=N)' pid 1166 (uid 0 gid 0+0 context u:r:vendor_modprobe:s0) started; waiting...
--------- switch to main
04-17 13:44:59.567217   950   950 V CamX    : [ VERB][UTILS  ] camxhashmap.cpp:210 GetInPlace() Key not found
04-17 13:44:59.567262   950   950 V CamX    : [ VERB][UTILS  ] camxhashmap.cpp:210 GetInPlace() Key not found
04-17 13:44:59.567278   950   950 V CamX    : [ VERB][UTILS  ] camxhashmap.cpp:210 GetInPlace() Key not found
04-17 13:44:59.567292   950   950 V CamX    : [ VERB][UTILS  ] camxhashmap.cpp:210 GetInPlace() Key not found
04-17 13:44:59.567307   950   950 V CamX    : [ VERB][UTILS  ] camxhashmap.cpp:210 GetInPlace() Key not found
04-17 13:44:59.567320   950   950 V CamX    : [ VERB][UTILS  ] camxhashmap.cpp:210 GetInPlace() Key not found
04-17 13:44:59.567333   950   950 V CamX    : [ VERB][UTILS  ] camxhashmap.cpp:210 GetInPlace() Key not found
04-17 13:44:59.567347   950   950 V CamX    : [ VERB][UTILS  ] camxhashmap.cpp:210 GetInPlace() Key not found
04-17 13:44:59.567360   950   950 V CamX    : [ VERB][UTILS  ] camxhashmap.cpp:210 GetInPlace() Key not found
04-17 13:44:59.567373   950   950 V CamX    : [ VERB][UTILS  ] camxhashmap.cpp:210 GetInPlace() Key not found
04-17 13:44:59.567386   950   950 V CamX    : [ VERB][UTILS  ] camxhashmap.cpp:210 GetInPlace() Key not found
04-17 13:44:59.567399   950   950 V CamX    : [ VERB][UTILS  ] camxhashmap.cpp:210 GetInPlace() Key not found
04-17 13:44:59.567412   950   950 V CamX    : [ VERB][UTILS  ] camxhashmap.cpp:210 GetInPlace() Key not found
04-17 13:44:59.567426   950   950 V CamX    : [ VERB][UTILS  ] camxhashmap.cpp:210 GetInPlace() Key not found
04-17 13:44:59.567439   950   950 V CamX    : [ VERB][UTILS  ] camxhashmap.cpp:210 GetInPlace() Key not found
04-17 13:44:59.567452   950   950 V CamX    : [ VERB][UTILS  ] camxhashmap.cpp:210 GetInPlace() Key not found
04-17 13:44:59.567466   950   950 V CamX    : [ VERB][UTILS  ] camxhashmap.cpp:210 GetInPlace() Key not found
04-17 13:44:59.567479   950   950 V CamX    : [ VERB][UTILS  ] camxhashmap.cpp:210 GetInPlace() Key not found
04-17 13:44:59.567493   950   950 V CamX    : [ VERB][UTILS  ] camxhashmap.cpp:210 GetInPlace() Key not found
04-17 13:44:59.567506   950   950 V CamX    : [ VERB][UTILS  ] camxhashmap.cpp:210 GetInPlace() Key not found
04-17 13:44:59.567519   950   950 V CamX    : [ VERB][UTILS  ] camxhashmap.cpp:210 GetInPlace() Key not found
04-17 13:44:59.567532   950   950 V CamX    : [ VERB][UTILS  ] camxhashmap.cpp:210 GetInPlace() Key not found
04-17 13:44:59.567545   950   950 V CamX    : [ VERB][UTILS  ] camxhashmap.cpp:210 GetInPlace() Key not found
04-17 13:44:59.567558   950   950 V CamX    : [ VERB][UTILS  ] camxhashmap.cpp:210 GetInPlace() Key not found
04-17 13:44:59.567570   950   950 V CamX    : [ VERB][UTILS  ] camxhashmap.cpp:210 GetInPlace() Key not found
04-17 13:44:59.567583   950   950 V CamX    : [ VERB][UTILS  ] camxhashmap.cpp:210 GetInPlace() Key not found
04-17 13:44:59.567596   950   950 V CamX    : [ VERB][UTILS  ] camxhashmap.cpp:210 GetInPlace() Key not found
04-17 13:44:59.567609   950   950 V CamX    : [ VERB][UTILS  ] camxhashmap.cpp:210 GetInPlace() Key not found
04-17 13:44:59.567621   950   950 V CamX    : [ VERB][UTILS  ] camxhashmap.cpp:210 GetInPlace() Key not found
04-17 13:44:59.567635   950   950 V CamX    : [ VERB][UTILS  ] camxhashmap.cpp:210 GetInPlace() Key not found
04-17 13:44:59.567647   950   950 V CamX    : [ VERB][UTILS  ] camxhashmap.cpp:210 GetInPlace() Key not found
04-17 13:44:59.567661   950   950 V CamX    : [ VERB][UTILS  ] camxhashmap.cpp:210 GetInPlace() Key not found
04-17 13:44:59.567674   950   950 V CamX    : [ VERB][UTILS  ] camxhashmap.cpp:210 GetInPlace() Key not found
04-17 13:44:59.567688   950   950 V CamX    : [ VERB][UTILS  ] camxhashmap.cpp:210 GetInPlace() Key not found
04-17 13:44:59.567701   950   950 V CamX    : [ VERB][UTILS  ] camxhashmap.cpp:210 GetInPlace() Key not found
04-17 13:44:59.567714   950   950 V CamX    : [ VERB][UTILS  ] camxhashmap.cpp:210 GetInPlace() Key not found
04-17 13:44:59.567727   950   950 V CamX    : [ VERB][UTILS  ] camxhashmap.cpp:210 GetInPlace() Key not found
04-17 13:44:59.567739   950   950 V CamX    : [ VERB][UTILS  ] camxhashmap.cpp:210 GetInPlace() Key not found
04-17 13:44:59.567751   950   950 V CamX    : [ VERB][UTILS  ] camxhashmap.cpp:210 GetInPlace() Key not found
04-17 13:44:59.567764   950   950 V CamX    : [ VERB][UTILS  ] camxhashmap.cpp:210 GetInPlace() Key not found
04-17 13:44:59.567778   950   950 V CamX    : [ VERB][UTILS  ] camxhashmap.cpp:210 GetInPlace() Key not found
04-17 13:44:59.567791   950   950 V CamX    : [ VERB][UTILS  ] camxhashmap.cpp:210 GetInPlace() Key not found
04-17 13:44:59.567803   950   950 V CamX    : [ VERB][UTILS  ] camxhashmap.cpp:210 GetInPlace() Key not found
04-17 13:44:59.567816   950   950 V CamX    : [ VERB][UTILS  ] camxhashmap.cpp:210 GetInPlace() Key not found
04-17 13:44:59.567829   950   950 V CamX    : [ VERB][UTILS  ] camxhashmap.cpp:210 GetInPlace() Key not found
04-17 13:44:59.567842   950   950 V CamX    : [ VERB][UTILS  ] camxhashmap.cpp:210 GetInPlace() Key not found
04-17 13:44:59.567855   950   950 V CamX    : [ VERB][UTILS  ] camxhashmap.cpp:210 GetInPlace() Key not found
04-17 13:44:59.567868   950   950 V CamX    : [ VERB][UTILS  ] camxhashmap.cpp:210 GetInPlace() Key not found
04-17 13:44:59.567882   950   950 V CamX    : [ VERB][UTILS  ] camxhashmap.cpp:210 GetInPlace() Key not found
04-17 13:44:59.567895   950   950 V CamX    : [ VERB][UTILS  ] camxhashmap.cpp:210 GetInPlace() Key not found
04-17 13:44:59.567909   950   950 V CamX    : [ VERB][UTILS  ] camxhashmap.cpp:210 GetInPlace() Key not found
