04-17 12:48:58.251237  3483  3483 D LocaleTracker-1: updateLocale: timeZoneCountryIso = , timeZoneCountryIsoDebugInfo = Defaulted: empty as default
04-17 12:48:58.251377  3483  3483 D NewNitzStateMachineImpl: handleCountryUnavailable: mLatestNitzSignal=null
04-17 12:48:58.252141  3483  3483 D NewNitzStateMachineImpl: doTimeZoneDetection: countryIsoCode=null, nitzSignal=null, suggestion=TelephonyTimeZoneSuggestion{mSlotIndex=1, mZoneId='null', mMatchType=0, mQuality=0, mDebugInfo=[getTimeZoneSuggestion: nitzSignal=null, countryIsoCode=null, Detection reason=handleCountryUnavailable()]}, reason=handleCountryUnavailable()
04-17 12:48:58.252455  3483  3483 D LocaleTracker-1: processCellInfo: cell info=[]
04-17 12:48:58.252663  3483  3483 D LocaleTracker-1: updateLocale: countryIso = , countryIsoDebugInfo = empty as default
04-17 12:48:58.252815  3483  3483 D LocaleTracker-1: updateLocale: timeZoneCountryIso = , timeZoneCountryIsoDebugInfo = Defaulted: empty as default
04-17 12:48:58.252993  3483  3483 D NewNitzStateMachineImpl: handleCountryUnavailable: mLatestNitzSignal=null
04-17 12:48:58.253418  3483  3483 D NewNitzStateMachineImpl: doTimeZoneDetection: countryIsoCode=null, nitzSignal=null, suggestion=TelephonyTimeZoneSuggestion{mSlotIndex=1, mZoneId='null', mMatchType=0, mQuality=0, mDebugInfo=[getTimeZoneSuggestion: nitzSignal=null, countryIsoCode=null, Detection reason=handleCountryUnavailable()]}, reason=handleCountryUnavailable()
04-17 12:48:58.253665  3483  3483 D LocaleTracker-1: Can't get cell info. Try again in 600 secs.
--------- switch to main
04-17 12:48:58.278304   984  1089 W ASH     : @ 41267.953: touch gesture: no valid gesture detected
04-17 12:48:58.342889   984  1089 W ASH     : @ 41268.017: touch gesture: no valid gesture detected
04-17 12:48:58.407223   984  1089 W ASH     : @ 41268.082: touch gesture: no valid gesture detected
04-17 12:48:58.471633   984  1089 W ASH     : @ 41268.146: touch gesture: no valid gesture detected
04-17 12:48:58.536187   984  1089 W ASH     : @ 41268.211: touch gesture: no valid gesture detected
04-17 12:48:58.600690   984  1089 W ASH     : @ 41268.275: touch gesture: no valid gesture detected
04-17 12:48:58.664948   984  1089 W ASH     : @ 41268.339: touch gesture: no valid gesture detected
04-17 12:48:58.729049   984  1089 W ASH     : @ 41268.404: touch gesture: no valid gesture detected
04-17 12:48:58.793909   984  1089 W ASH     : @ 41268.468: touch gesture: no valid gesture detected
04-17 12:48:58.857981   984  1089 W ASH     : @ 41268.533: touch gesture: no valid gesture detected
04-17 12:48:58.922916   984  1089 W ASH     : @ 41268.597: touch gesture: no valid gesture detected
04-17 12:48:58.987245   984  1089 W ASH     : @ 41268.662: touch gesture: no valid gesture detected
04-17 12:48:59.051210   984  1089 W ASH     : @ 41268.726: touch gesture: no valid gesture detected
04-17 12:48:59.115719   984  1089 W ASH     : @ 41268.790: touch gesture: no valid gesture detected
04-17 12:48:59.180330   984  1089 W ASH     : @ 41268.855: touch gesture: no valid gesture detected
04-17 12:48:59.244962   984  1089 W ASH     : @ 41268.919: touch gesture: no valid gesture detected
04-17 12:48:59.309368   984  1089 W ASH     : @ 41268.984: touch gesture: no valid gesture detected
04-17 12:48:59.373347   984  1089 W ASH     : @ 41269.048: touch gesture: no valid gesture detected
04-17 12:48:59.437989   984  1089 W ASH     : @ 41269.113: touch gesture: no valid gesture detected
04-17 12:48:59.502633   984  1089 W ASH     : @ 41269.177: touch gesture: no valid gesture detected
04-17 12:48:59.566664   984  1089 W ASH     : @ 41269.241: touch gesture: no valid gesture detected
04-17 12:48:59.631211   984  1089 W ASH     : @ 41269.306: touch gesture: no valid gesture detected
04-17 12:48:59.696147   984  1089 W ASH     : @ 41269.370: touch gesture: no valid gesture detected
04-17 12:48:59.760028   984  1089 W ASH     : @ 41269.435: touch gesture: no valid gesture detected
04-17 12:48:59.824224   984  1089 W ASH     : @ 41269.499: touch gesture: no valid gesture detected
04-17 12:48:59.889209   984  1089 W ASH     : @ 41269.563: touch gesture: no valid gesture detected
04-17 12:48:59.953340   984  1089 W ASH     : @ 41269.628: touch gesture: no valid gesture detected
--------- switch to kernel
04-17 12:48:59.950577     0     0 I         : c2   5832 google_charger: usbchg=USB typec=C usbv=5027 usbc=40 usbMv=5000 usbMc=450
04-17 12:48:59.950745     0     0 I         : c2   5832 sm7250_bms: MSC_PCS chg_state=1c2112c01030001 [0x1:1:3:4396:450] chg=u
04-17 12:48:59.950813     0     0 I         : c2   5832 google_battery: MSC_DIN chg_state=1c2112c01030001 f=0x1 chg_s=Not Charging chg_t=None vchg=4396 icl=450
04-17 12:48:59.957008     0     0 I         : c2   5832 google_battery: MSC_DSG vbatt_idx:4->4 vbatt=4396655 ibatt=-5798 fv_uv=4430000 cv_cnt=0 ov_cnt=0
04-17 12:48:59.957070     0     0 I         : c2   5832 google_battery: MSC_VOTE msc_state=2 cv_cnt=0 ov_cnt=0 temp_idx:2, vbatt_idx:4  fv_uv=4430000 cc_max=0 update_interval=-1
04-17 12:48:59.957164     0     0 I         : c2   5832 google_charger: MSC_CHG fv_uv=4430000, cc_max=0, rerun in 2000 ms (0)
--------- switch to main
04-17 12:49:00.017640   984  1089 W ASH     : @ 41269.692: touch gesture: no valid gesture detected
04-17 12:49:00.082006   984  1089 W ASH     : @ 41269.756: touch gesture: no valid gesture detected
04-17 12:49:00.146314   984  1089 W ASH     : @ 41269.821: touch gesture: no valid gesture detected
04-17 12:49:00.210861   984  1089 W ASH     : @ 41269.885: touch gesture: no valid gesture detected
04-17 12:49:00.275534   984  1089 W ASH     : @ 41269.950: touch gesture: no valid gesture detected
04-17 12:49:00.340149   984  1089 W ASH     : @ 41270.014: touch gesture: no valid gesture detected
04-17 12:49:00.404366   984  1089 W ASH     : @ 41270.079: touch gesture: no valid gesture detected
04-17 12:49:00.468195   984  1089 W ASH     : @ 41270.143: touch gesture: no valid gesture detected
04-17 12:49:00.532810   984  1089 W ASH     : @ 41270.208: touch gesture: no valid gesture detected
04-17 12:49:00.597295   984  1089 W ASH     : @ 41270.272: touch gesture: no valid gesture detected
04-17 12:49:00.661601   984  1089 W ASH     : @ 41270.336: touch gesture: no valid gesture detected
04-17 12:49:00.725959   984  1089 W ASH     : @ 41270.401: touch gesture: no valid gesture detected
04-17 12:49:00.790362   984  1089 W ASH     : @ 41270.465: touch gesture: no valid gesture detected
04-17 12:49:00.855232   984  1089 W ASH     : @ 41270.529: touch gesture: no valid gesture detected
04-17 12:49:00.919336   984  1089 W ASH     : @ 41270.594: touch gesture: no valid gesture detected
04-17 12:49:00.983317   984  1089 W ASH     : @ 41270.658: touch gesture: no valid gesture detected
04-17 12:49:01.048160   984  1089 W ASH     : @ 41270.722: touch gesture: no valid gesture detected
04-17 12:49:01.112252   984  1089 W ASH     : @ 41270.787: touch gesture: no valid gesture detected
04-17 12:49:01.176543   984  1089 W ASH     : @ 41270.851: touch gesture: no valid gesture detected
04-17 12:49:01.240414   984  1089 W ASH     : @ 41270.915: touch gesture: no valid gesture detected
04-17 12:49:01.305499   984  1089 W ASH     : @ 41270.980: touch gesture: no valid gesture detected
04-17 12:49:01.369596   984  1089 W ASH     : @ 41271.044: touch gesture: no valid gesture detected
04-17 12:49:01.434125   984  1089 W ASH     : @ 41271.109: touch gesture: no valid gesture detected
04-17 12:49:01.498250   984  1089 W ASH     : @ 41271.173: touch gesture: no valid gesture detected
04-17 12:49:01.563571   984  1089 W ASH     : @ 41271.238: touch gesture: no valid gesture detected
04-17 12:49:01.627720   984  1089 W ASH     : @ 41271.302: touch gesture: no valid gesture detected
04-17 12:49:01.691882   984  1089 W ASH     : @ 41271.366: touch gesture: no valid gesture detected
04-17 12:49:01.756184   984  1089 W ASH     : @ 41271.431: touch gesture: no valid gesture detected
04-17 12:49:01.820682   984  1089 W ASH     : @ 41271.495: touch gesture: no valid gesture detected
04-17 12:49:01.885379   984  1089 W ASH     : @ 41271.560: touch gesture: no valid gesture detected
04-17 12:49:01.949491   984  1089 W ASH     : @ 41271.624: touch gesture: no valid gesture detected
--------- switch to kernel
04-17 12:49:01.966480     0     0 I         : c2   5832 google_charger: usbchg=USB typec=C usbv=5038 usbc=0 usbMv=5000 usbMc=450
04-17 12:49:01.966662     0     0 I         : c2   5832 sm7250_bms: MSC_PCS chg_state=1c2112c01030001 [0x1:1:3:4396:450] chg=u
04-17 12:49:01.966733     0     0 I         : c2   5832 google_battery: MSC_DIN chg_state=1c2112c01030001 f=0x1 chg_s=Not Charging chg_t=None vchg=4396 icl=450
04-17 12:49:01.968776     0     0 I         : c2   5832 google_battery: MSC_DSG vbatt_idx:4->4 vbatt=4396655 ibatt=-5798 fv_uv=4430000 cv_cnt=0 ov_cnt=0
04-17 12:49:01.968831     0     0 I         : c2   5832 google_battery: MSC_VOTE msc_state=2 cv_cnt=0 ov_cnt=0 temp_idx:2, vbatt_idx:4  fv_uv=4430000 cc_max=0 update_interval=-1
04-17 12:49:01.968916     0     0 I         : c2   5832 google_charger: MSC_CHG fv_uv=4430000, cc_max=0, rerun in 2000 ms (0)
--------- switch to main
04-17 12:49:02.013885   984  1089 W ASH     : @ 41271.689: touch gesture: no valid gesture detected
04-17 12:49:02.033282   990  1023 D rlsservice: MonitorDisplayStatus client num 0, display status 0, sensor status 0
04-17 12:49:02.078590   984  1089 W ASH     : @ 41271.753: touch gesture: no valid gesture detected
04-17 12:49:02.142990   984  1089 W ASH     : @ 41271.818: touch gesture: no valid gesture detected
04-17 12:49:02.207655   984  1089 W ASH     : @ 41271.882: touch gesture: no valid gesture detected
04-17 12:49:02.271991   984  1089 W ASH     : @ 41271.947: touch gesture: no valid gesture detected
04-17 12:49:02.336217   984  1089 W ASH     : @ 41272.011: touch gesture: no valid gesture detected
04-17 12:49:02.401027   984  1089 W ASH     : @ 41272.075: touch gesture: no valid gesture detected
04-17 12:49:02.465287   984  1089 W ASH     : @ 41272.140: touch gesture: no valid gesture detected
04-17 12:49:02.530017   984  1089 W ASH     : @ 41272.204: touch gesture: no valid gesture detected
04-17 12:49:02.594104   984  1089 W ASH     : @ 41272.269: touch gesture: no valid gesture detected
04-17 12:49:02.658608   984  1089 W ASH     : @ 41272.333: touch gesture: no valid gesture detected
04-17 12:49:02.723103   984  1089 W ASH     : @ 41272.398: touch gesture: no valid gesture detected
04-17 12:49:02.786328   984  1089 W ASH     : @ 41272.462: touch gesture: no valid gesture detected
04-17 12:49:02.852051   984  1089 W ASH     : @ 41272.527: touch gesture: no valid gesture detected
04-17 12:49:02.916564   984  1089 W ASH     : @ 41272.591: touch gesture: no valid gesture detected
04-17 12:49:02.980900   984  1089 W ASH     : @ 41272.656: touch gesture: no valid gesture detected
04-17 12:49:03.045484   984  1089 W ASH     : @ 41272.720: touch gesture: no valid gesture detected
04-17 12:49:03.110027   984  1089 W ASH     : @ 41272.785: touch gesture: no valid gesture detected
04-17 12:49:03.174666   984  1089 W ASH     : @ 41272.849: touch gesture: no valid gesture detected
04-17 12:49:03.239184   984  1089 W ASH     : @ 41272.914: touch gesture: no valid gesture detected
04-17 12:49:03.303784   984  1089 W ASH     : @ 41272.978: touch gesture: no valid gesture detected
04-17 12:49:03.368485   984  1089 W ASH     : @ 41273.043: touch gesture: no valid gesture detected
04-17 12:49:03.432865   984  1089 W ASH     : @ 41273.108: touch gesture: no valid gesture detected
04-17 12:49:03.497501   984  1089 W ASH     : @ 41273.172: touch gesture: no valid gesture detected
04-17 12:49:03.561963   984  1089 W ASH     : @ 41273.237: touch gesture: no valid gesture detected
04-17 12:49:03.626206   984  1089 W ASH     : @ 41273.301: touch gesture: no valid gesture detected
04-17 12:49:03.690996   984  1089 W ASH     : @ 41273.366: touch gesture: no valid gesture detected
04-17 12:49:03.755488   984  1089 W ASH     : @ 41273.430: touch gesture: no valid gesture detected
04-17 12:49:03.819992   984  1089 W ASH     : @ 41273.495: touch gesture: no valid gesture detected
04-17 12:49:03.885163   984  1089 W ASH     : @ 41273.559: touch gesture: no valid gesture detected
04-17 12:49:03.948702   984  1089 W ASH     : @ 41273.624: touch gesture: no valid gesture detected
--------- switch to kernel
04-17 12:49:03.976629     0     0 I         : c2   5832 google_charger: usbchg=USB typec=C usbv=5040 usbc=0 usbMv=5000 usbMc=450
04-17 12:49:03.976837     0     0 I         : c2   5832 sm7250_bms: MSC_PCS chg_state=1c2112c01030001 [0x1:1:3:4396:450] chg=u
04-17 12:49:03.976927     0     0 I         : c2   5832 google_battery: MSC_DIN chg_state=1c2112c01030001 f=0x1 chg_s=Not Charging chg_t=None vchg=4396 icl=450
04-17 12:49:03.979027     0     0 I         : c2   5832 google_battery: MSC_DSG vbatt_idx:4->4 vbatt=4396655 ibatt=-3967 fv_uv=4430000 cv_cnt=0 ov_cnt=0
04-17 12:49:03.979104     0     0 I         : c2   5832 google_battery: MSC_VOTE msc_state=2 cv_cnt=0 ov_cnt=0 temp_idx:2, vbatt_idx:4  fv_uv=4430000 cc_max=0 update_interval=-1
04-17 12:49:03.979217     0     0 I         : c2   5832 google_charger: MSC_CHG fv_uv=4430000, cc_max=0, rerun in 2000 ms (0)
--------- switch to main
04-17 12:49:04.013325   984  1089 W ASH     : @ 41273.688: touch gesture: no valid gesture detected
04-17 12:49:04.077592   984  1089 W ASH     : @ 41273.752: touch gesture: no valid gesture detected
04-17 12:49:04.142236   984  1089 W ASH     : @ 41273.817: touch gesture: no valid gesture detected
04-17 12:49:04.206568   984  1089 W ASH     : @ 41273.881: touch gesture: no valid gesture detected
04-17 12:49:04.271043   984  1089 W ASH     : @ 41273.946: touch gesture: no valid gesture detected
04-17 12:49:04.335363   984  1089 W ASH     : @ 41274.010: touch gesture: no valid gesture detected
04-17 12:49:04.399611   984  1089 W ASH     : @ 41274.074: touch gesture: no valid gesture detected
04-17 12:49:04.464031   984  1089 W ASH     : @ 41274.139: touch gesture: no valid gesture detected
04-17 12:49:04.528277   984  1089 W ASH     : @ 41274.203: touch gesture: no valid gesture detected
04-17 12:49:04.592652   984  1089 W ASH     : @ 41274.267: touch gesture: no valid gesture detected
04-17 12:49:04.657160   984  1089 W ASH     : @ 41274.332: touch gesture: no valid gesture detected
04-17 12:49:04.721878   984  1089 W ASH     : @ 41274.396: touch gesture: no valid gesture detected
04-17 12:49:04.786191   984  1089 W ASH     : @ 41274.461: touch gesture: no valid gesture detected
04-17 12:49:04.850541   984  1089 W ASH     : @ 41274.525: touch gesture: no valid gesture detected
04-17 12:49:04.914527   984  1089 W ASH     : @ 41274.589: touch gesture: no valid gesture detected
04-17 12:49:04.979304   984  1089 W ASH     : @ 41274.654: touch gesture: no valid gesture detected
04-17 12:49:05.043383   984  1089 W ASH     : @ 41274.718: touch gesture: no valid gesture detected
04-17 12:49:05.107830   984  1089 W ASH     : @ 41274.782: touch gesture: no valid gesture detected
04-17 12:49:05.172101   984  1089 W ASH     : @ 41274.847: touch gesture: no valid gesture detected
04-17 12:49:05.236708   984  1089 W ASH     : @ 41274.911: touch gesture: no valid gesture detected
04-17 12:49:05.300931   984  1089 W ASH     : @ 41274.976: touch gesture: no valid gesture detected
04-17 12:49:05.365477   984  1089 W ASH     : @ 41275.040: touch gesture: no valid gesture detected
04-17 12:49:05.429607   984  1089 W ASH     : @ 41275.104: touch gesture: no valid gesture detected
04-17 12:49:05.493784   984  1089 W ASH     : @ 41275.169: touch gesture: no valid gesture detected
04-17 12:49:05.558645   984  1089 W ASH     : @ 41275.233: touch gesture: no valid gesture detected
04-17 12:49:05.623473   984  1089 W ASH     : @ 41275.297: touch gesture: no valid gesture detected
04-17 12:49:05.687550   984  1089 W ASH     : @ 41275.362: touch gesture: no valid gesture detected
04-17 12:49:05.752130   984  1089 W ASH     : @ 41275.426: touch gesture: no valid gesture detected
04-17 12:49:05.815996   984  1089 W ASH     : @ 41275.491: touch gesture: no valid gesture detected
04-17 12:49:05.880370   984  1089 W ASH     : @ 41275.555: touch gesture: no valid gesture detected
04-17 12:49:05.944691   984  1089 W ASH     : @ 41275.619: touch gesture: no valid gesture detected
--------- switch to kernel
04-17 12:49:05.988677     0     0 I         : c2   5832 google_charger: usbchg=USB typec=C usbv=5036 usbc=0 usbMv=5000 usbMc=450
04-17 12:49:05.988875     0     0 I         : c2   5832 sm7250_bms: MSC_PCS chg_state=1c2112c01030001 [0x1:1:3:4396:450] chg=u
04-17 12:49:05.988955     0     0 I         : c2   5832 google_battery: MSC_DIN chg_state=1c2112c01030001 f=0x1 chg_s=Not Charging chg_t=None vchg=4396 icl=450
04-17 12:49:05.990722     0     0 I         : c2   5832 google_battery: MSC_DSG vbatt_idx:4->4 vbatt=4396655 ibatt=-3967 fv_uv=4430000 cv_cnt=0 ov_cnt=0
04-17 12:49:05.990789     0     0 I         : c2   5832 google_battery: MSC_VOTE msc_state=2 cv_cnt=0 ov_cnt=0 temp_idx:2, vbatt_idx:4  fv_uv=4430000 cc_max=0 update_interval=-1
04-17 12:49:05.990899     0     0 I         : c2   5832 google_charger: MSC_CHG fv_uv=4430000, cc_max=0, rerun in 2000 ms (0)
--------- switch to main
04-17 12:49:06.009264   984  1089 W ASH     : @ 41275.684: touch gesture: no valid gesture detected
04-17 12:49:06.073565   984  1089 W ASH     : @ 41275.748: touch gesture: no valid gesture detected
04-17 12:49:06.138184   984  1089 W ASH     : @ 41275.813: touch gesture: no valid gesture detected
04-17 12:49:06.202481   984  1089 W ASH     : @ 41275.877: touch gesture: no valid gesture detected
04-17 12:49:06.267059   984  1089 W ASH     : @ 41275.942: touch gesture: no valid gesture detected
04-17 12:49:06.331380   984  1089 W ASH     : @ 41276.006: touch gesture: no valid gesture detected
04-17 12:49:06.395895   984  1089 W ASH     : @ 41276.070: touch gesture: no valid gesture detected
04-17 12:49:06.460255   984  1089 W ASH     : @ 41276.135: touch gesture: no valid gesture detected
04-17 12:49:06.524877   984  1089 W ASH     : @ 41276.199: touch gesture: no valid gesture detected
04-17 12:49:06.589207   984  1089 W ASH     : @ 41276.264: touch gesture: no valid gesture detected
04-17 12:49:06.653417   984  1089 W ASH     : @ 41276.328: touch gesture: no valid gesture detected
04-17 12:49:06.718231   984  1089 W ASH     : @ 41276.393: touch gesture: no valid gesture detected
04-17 12:49:06.782538   984  1089 W ASH     : @ 41276.457: touch gesture: no valid gesture detected
04-17 12:49:06.847118   984  1089 W ASH     : @ 41276.522: touch gesture: no valid gesture detected
04-17 12:49:06.911328   984  1089 W ASH     : @ 41276.586: touch gesture: no valid gesture detected
04-17 12:49:06.975559   984  1089 W ASH     : @ 41276.650: touch gesture: no valid gesture detected
04-17 12:49:07.040328   984  1089 W ASH     : @ 41276.715: touch gesture: no valid gesture detected
04-17 12:49:07.104488   984  1089 W ASH     : @ 41276.779: touch gesture: no valid gesture detected
04-17 12:49:07.168817   984  1089 W ASH     : @ 41276.844: touch gesture: no valid gesture detected
04-17 12:49:07.233500   984  1089 W ASH     : @ 41276.908: touch gesture: no valid gesture detected
04-17 12:49:07.297758   984  1089 W ASH     : @ 41276.972: touch gesture: no valid gesture detected
04-17 12:49:07.362271   984  1089 W ASH     : @ 41277.037: touch gesture: no valid gesture detected
04-17 12:49:07.426417   984  1089 W ASH     : @ 41277.101: touch gesture: no valid gesture detected
04-17 12:49:07.490716   984  1089 W ASH     : @ 41277.166: touch gesture: no valid gesture detected
04-17 12:49:07.555713   984  1089 W ASH     : @ 41277.230: touch gesture: no valid gesture detected
04-17 12:49:07.619484   984  1089 W ASH     : @ 41277.294: touch gesture: no valid gesture detected
04-17 12:49:07.684158   984  1089 W ASH     : @ 41277.359: touch gesture: no valid gesture detected
04-17 12:49:07.748292   984  1089 W ASH     : @ 41277.423: touch gesture: no valid gesture detected
04-17 12:49:07.812523   984  1089 W ASH     : @ 41277.487: touch gesture: no valid gesture detected
04-17 12:49:07.877158   984  1089 W ASH     : @ 41277.552: touch gesture: no valid gesture detected
04-17 12:49:07.941550   984  1089 W ASH     : @ 41277.616: touch gesture: no valid gesture detected
04-17 12:49:08.004515   984  1089 W ASH     : @ 41277.681: touch gesture: no valid gesture detected
--------- switch to kernel
04-17 12:49:08.000082     0     0 I         : c2   5832 google_charger: usbchg=USB typec=C usbv=5041 usbc=2 usbMv=5000 usbMc=450
04-17 12:49:08.000253     0     0 I         : c2   5832 sm7250_bms: MSC_PCS chg_state=1c2112c01030001 [0x1:1:3:4396:450] chg=u
04-17 12:49:08.000318     0     0 I         : c2   5832 google_battery: MSC_DIN chg_state=1c2112c01030001 f=0x1 chg_s=Not Charging chg_t=None vchg=4396 icl=450
04-17 12:49:08.001959     0     0 I         : c2   5832 google_battery: MSC_DSG vbatt_idx:4->4 vbatt=4396655 ibatt=-3967 fv_uv=4430000 cv_cnt=0 ov_cnt=0
04-17 12:49:08.002021     0     0 I         : c2   5832 google_battery: MSC_VOTE msc_state=2 cv_cnt=0 ov_cnt=0 temp_idx:2, vbatt_idx:4  fv_uv=4430000 cc_max=0 update_interval=-1
04-17 12:49:08.002112     0     0 I         : c2   5832 google_charger: MSC_CHG fv_uv=4430000, cc_max=0, rerun in 2000 ms (0)
--------- switch to main
04-17 12:49:08.069180   984  1089 W ASH     : @ 41277.745: touch gesture: no valid gesture detected
04-17 12:49:08.134750   984  1089 W ASH     : @ 41277.809: touch gesture: no valid gesture detected
04-17 12:49:08.199385   984  1089 W ASH     : @ 41277.874: touch gesture: no valid gesture detected
04-17 12:49:08.263276   984  1089 W ASH     : @ 41277.938: touch gesture: no valid gesture detected
04-17 12:49:08.327860   984  1089 W ASH     : @ 41278.002: touch gesture: no valid gesture detected
04-17 12:49:08.391961   984  1089 W ASH     : @ 41278.067: touch gesture: no valid gesture detected
04-17 12:49:08.456427   984  1089 W ASH     : @ 41278.131: touch gesture: no valid gesture detected
04-17 12:49:08.521060   984  1089 W ASH     : @ 41278.195: touch gesture: no valid gesture detected
04-17 12:49:08.585249   984  1089 W ASH     : @ 41278.260: touch gesture: no valid gesture detected
04-17 12:49:08.649933   984  1089 W ASH     : @ 41278.324: touch gesture: no valid gesture detected
04-17 12:49:08.714382   984  1089 W ASH     : @ 41278.389: touch gesture: no valid gesture detected
04-17 12:49:08.778616   984  1089 W ASH     : @ 41278.453: touch gesture: no valid gesture detected
04-17 12:49:08.842418   984  1089 W ASH     : @ 41278.517: touch gesture: no valid gesture detected
04-17 12:49:08.907329   984  1089 W ASH     : @ 41278.582: touch gesture: no valid gesture detected
04-17 12:49:08.971514   984  1089 W ASH     : @ 41278.646: touch gesture: no valid gesture detected
04-17 12:49:09.035843   984  1089 W ASH     : @ 41278.711: touch gesture: no valid gesture detected
04-17 12:49:09.100251   984  1089 W ASH     : @ 41278.775: touch gesture: no valid gesture detected
04-17 12:49:09.164620   984  1089 W ASH     : @ 41278.839: touch gesture: no valid gesture detected
04-17 12:49:09.228860   984  1089 W ASH     : @ 41278.904: touch gesture: no valid gesture detected
04-17 12:49:09.293234   984  1089 W ASH     : @ 41278.968: touch gesture: no valid gesture detected
04-17 12:49:09.357988   984  1089 W ASH     : @ 41279.032: touch gesture: no valid gesture detected
04-17 12:49:09.421934   984  1089 W ASH     : @ 41279.097: touch gesture: no valid gesture detected
04-17 12:49:09.486228   984  1089 W ASH     : @ 41279.161: touch gesture: no valid gesture detected
04-17 12:49:09.550749   984  1089 W ASH     : @ 41279.225: touch gesture: no valid gesture detected
04-17 12:49:09.615655   984  1089 W ASH     : @ 41279.290: touch gesture: no valid gesture detected
04-17 12:49:09.679548   984  1089 W ASH     : @ 41279.354: touch gesture: no valid gesture detected
04-17 12:49:09.743746   984  1089 W ASH     : @ 41279.419: touch gesture: no valid gesture detected
04-17 12:49:09.808116   984  1089 W ASH     : @ 41279.483: touch gesture: no valid gesture detected
04-17 12:49:09.872718   984  1089 W ASH     : @ 41279.547: touch gesture: no valid gesture detected
04-17 12:49:09.937446   984  1089 W ASH     : @ 41279.612: touch gesture: no valid gesture detected
04-17 12:49:10.001974   984  1089 W ASH     : @ 41279.676: touch gesture: no valid gesture detected
--------- switch to kernel
04-17 12:49:10.007158     0     0 I         : c2   5832 google_charger: usbchg=USB typec=C usbv=5044 usbc=0 usbMv=5000 usbMc=450
04-17 12:49:10.007361     0     0 I         : c2   5832 sm7250_bms: MSC_PCS chg_state=1c2112c01030001 [0x1:1:3:4396:450] chg=u
04-17 12:49:10.007431     0     0 I         : c2   5832 google_battery: MSC_DIN chg_state=1c2112c01030001 f=0x1 chg_s=Not Charging chg_t=None vchg=4396 icl=450
04-17 12:49:10.008977     0     0 I         : c2   5832 google_battery: MSC_DSG vbatt_idx:4->4 vbatt=4396655 ibatt=-3967 fv_uv=4430000 cv_cnt=0 ov_cnt=0
04-17 12:49:10.009058     0     0 I         : c2   5832 google_battery: MSC_VOTE msc_state=2 cv_cnt=0 ov_cnt=0 temp_idx:2, vbatt_idx:4  fv_uv=4430000 cc_max=0 update_interval=-1
04-17 12:49:10.009165     0     0 I         : c2   5832 google_charger: MSC_CHG fv_uv=4430000, cc_max=0, rerun in 2000 ms (0)
--------- switch to main
04-17 12:49:10.065907   984  1089 W ASH     : @ 41279.741: touch gesture: no valid gesture detected
04-17 12:49:10.130545   984  1089 W ASH     : @ 41279.805: touch gesture: no valid gesture detected
04-17 12:49:10.195275   984  1089 W ASH     : @ 41279.870: touch gesture: no valid gesture detected
04-17 12:49:10.259598   984  1089 W ASH     : @ 41279.934: touch gesture: no valid gesture detected
04-17 12:49:10.324397   984  1089 W ASH     : @ 41279.999: touch gesture: no valid gesture detected
04-17 12:49:10.388301   984  1089 W ASH     : @ 41280.063: touch gesture: no valid gesture detected
04-17 12:49:10.452651   984  1089 W ASH     : @ 41280.128: touch gesture: no valid gesture detected
04-17 12:49:10.517424   984  1089 W ASH     : @ 41280.192: touch gesture: no valid gesture detected
04-17 12:49:10.582114   984  1089 W ASH     : @ 41280.257: touch gesture: no valid gesture detected
04-17 12:49:10.644465   984  1089 W ASH     : @ 41280.321: touch gesture: no valid gesture detected
04-17 12:49:10.711086   984  1089 W ASH     : @ 41280.385: touch gesture: no valid gesture detected
04-17 12:49:10.775259   984  1089 W ASH     : @ 41280.450: touch gesture: no valid gesture detected
04-17 12:49:10.839294   984  1089 W ASH     : @ 41280.514: touch gesture: no valid gesture detected
04-17 12:49:10.904021   984  1089 W ASH     : @ 41280.579: touch gesture: no valid gesture detected
04-17 12:49:10.968231   984  1089 W ASH     : @ 41280.643: touch gesture: no valid gesture detected
04-17 12:49:11.032745   984  1089 W ASH     : @ 41280.707: touch gesture: no valid gesture detected
04-17 12:49:11.097288   984  1089 W ASH     : @ 41280.772: touch gesture: no valid gesture detected
04-17 12:49:11.161561   984  1089 W ASH     : @ 41280.836: touch gesture: no valid gesture detected
04-17 12:49:11.225918   984  1089 W ASH     : @ 41280.901: touch gesture: no valid gesture detected
04-17 12:49:11.290460   984  1089 W ASH     : @ 41280.965: touch gesture: no valid gesture detected
04-17 12:49:11.354569   984  1089 W ASH     : @ 41281.029: touch gesture: no valid gesture detected
04-17 12:49:11.419106   984  1089 W ASH     : @ 41281.094: touch gesture: no valid gesture detected
04-17 12:49:11.481812   984  1089 W ASH     : @ 41281.158: touch gesture: no valid gesture detected
04-17 12:49:11.548239   984  1089 W ASH     : @ 41281.222: touch gesture: no valid gesture detected
04-17 12:49:11.612443   984  1089 W ASH     : @ 41281.287: touch gesture: no valid gesture detected
04-17 12:49:11.676207   984  1089 W ASH     : @ 41281.351: touch gesture: no valid gesture detected
04-17 12:49:11.740569   984  1089 W ASH     : @ 41281.415: touch gesture: no valid gesture detected
04-17 12:49:11.805499   984  1089 W ASH     : @ 41281.480: touch gesture: no valid gesture detected
04-17 12:49:11.870214   984  1089 W ASH     : @ 41281.544: touch gesture: no valid gesture detected
04-17 12:49:11.934281   984  1089 W ASH     : @ 41281.609: touch gesture: no valid gesture detected
04-17 12:49:11.998708   984  1089 W ASH     : @ 41281.673: touch gesture: no valid gesture detected
--------- switch to kernel
04-17 12:49:12.016401     0     0 I         : c2   5832 google_charger: usbchg=USB typec=C usbv=5048 usbc=0 usbMv=5000 usbMc=450
04-17 12:49:12.016608     0     0 I         : c2   5832 sm7250_bms: MSC_PCS chg_state=1c2112c01030001 [0x1:1:3:4396:450] chg=u
04-17 12:49:12.016701     0     0 I         : c2   5832 google_battery: MSC_DIN chg_state=1c2112c01030001 f=0x1 chg_s=Not Charging chg_t=None vchg=4396 icl=450
04-17 12:49:12.019130     0     0 I         : c2   5832 google_battery: MSC_DSG vbatt_idx:4->4 vbatt=4396655 ibatt=-3967 fv_uv=4430000 cv_cnt=0 ov_cnt=0
04-17 12:49:12.019215     0     0 I         : c2   5832 google_battery: MSC_VOTE msc_state=2 cv_cnt=0 ov_cnt=0 temp_idx:2, vbatt_idx:4  fv_uv=4430000 cc_max=0 update_interval=-1
04-17 12:49:12.019345     0     0 I         : c2   5832 google_charger: MSC_CHG fv_uv=4430000, cc_max=0, rerun in 2000 ms (0)
--------- switch to main
04-17 12:49:12.062892   984  1089 W ASH     : @ 41281.738: touch gesture: no valid gesture detected
04-17 12:49:12.127302   984  1089 W ASH     : @ 41281.802: touch gesture: no valid gesture detected
04-17 12:49:12.192252   984  1089 W ASH     : @ 41281.867: touch gesture: no valid gesture detected
04-17 12:49:12.256244   984  1089 W ASH     : @ 41281.931: touch gesture: no valid gesture detected
04-17 12:49:12.320780   984  1089 W ASH     : @ 41281.996: touch gesture: no valid gesture detected
04-17 12:49:12.385460   984  1089 W ASH     : @ 41282.060: touch gesture: no valid gesture detected
04-17 12:49:12.449715   984  1089 W ASH     : @ 41282.124: touch gesture: no valid gesture detected
04-17 12:49:12.514597   984  1089 W ASH     : @ 41282.189: touch gesture: no valid gesture detected
04-17 12:49:12.578884   984  1089 W ASH     : @ 41282.254: touch gesture: no valid gesture detected
04-17 12:49:12.643463   984  1089 W ASH     : @ 41282.318: touch gesture: no valid gesture detected
04-17 12:49:12.707789   984  1089 W ASH     : @ 41282.382: touch gesture: no valid gesture detected
04-17 12:49:12.772412   984  1089 W ASH     : @ 41282.447: touch gesture: no valid gesture detected
04-17 12:49:12.836864   984  1089 W ASH     : @ 41282.511: touch gesture: no valid gesture detected
04-17 12:49:12.901397   984  1089 W ASH     : @ 41282.576: touch gesture: no valid gesture detected
04-17 12:49:12.965987   984  1089 W ASH     : @ 41282.640: touch gesture: no valid gesture detected
04-17 12:49:13.030246   984  1089 W ASH     : @ 41282.705: touch gesture: no valid gesture detected
04-17 12:49:13.094789   984  1089 W ASH     : @ 41282.769: touch gesture: no valid gesture detected
04-17 12:49:13.159550   984  1089 W ASH     : @ 41282.834: touch gesture: no valid gesture detected
04-17 12:49:13.223590   984  1089 W ASH     : @ 41282.898: touch gesture: no valid gesture detected
04-17 12:49:13.288159   984  1089 W ASH     : @ 41282.963: touch gesture: no valid gesture detected
04-17 12:49:13.352717   984  1089 W ASH     : @ 41283.027: touch gesture: no valid gesture detected
04-17 12:49:13.417185   984  1089 W ASH     : @ 41283.092: touch gesture: no valid gesture detected
04-17 12:49:13.481839   984  1089 W ASH     : @ 41283.156: touch gesture: no valid gesture detected
04-17 12:49:13.545934   984  1089 W ASH     : @ 41283.221: touch gesture: no valid gesture detected
04-17 12:49:13.610670   984  1089 W ASH     : @ 41283.285: touch gesture: no valid gesture detected
04-17 12:49:13.675132   984  1089 W ASH     : @ 41283.350: touch gesture: no valid gesture detected
04-17 12:49:13.739443   984  1089 W ASH     : @ 41283.414: touch gesture: no valid gesture detected
04-17 12:49:13.804105   984  1089 W ASH     : @ 41283.478: touch gesture: no valid gesture detected
04-17 12:49:13.868449   984  1089 W ASH     : @ 41283.543: touch gesture: no valid gesture detected
04-17 12:49:13.932906   984  1089 W ASH     : @ 41283.607: touch gesture: no valid gesture detected
04-17 12:49:13.997158   984  1089 W ASH     : @ 41283.672: touch gesture: no valid gesture detected
--------- switch to kernel
04-17 12:49:14.027557     0     0 I         : c2   5832 google_charger: usbchg=USB typec=C usbv=5039 usbc=1 usbMv=5000 usbMc=450
04-17 12:49:14.027996     0     0 I         : c2   5832 sm7250_bms: MSC_PCS chg_state=1c2112c01030001 [0x1:1:3:4396:450] chg=u
04-17 12:49:14.028075     0     0 I         : c2   5832 google_battery: MSC_DIN chg_state=1c2112c01030001 f=0x1 chg_s=Not Charging chg_t=None vchg=4396 icl=450
04-17 12:49:14.029480     0     0 I         : c2   5832 google_battery: MSC_DSG vbatt_idx:4->4 vbatt=4396655 ibatt=-3967 fv_uv=4430000 cv_cnt=0 ov_cnt=0
04-17 12:49:14.029541     0     0 I         : c2   5832 google_battery: MSC_VOTE msc_state=2 cv_cnt=0 ov_cnt=0 temp_idx:2, vbatt_idx:4  fv_uv=4430000 cc_max=0 update_interval=-1
04-17 12:49:14.029631     0     0 I         : c2   5832 google_charger: MSC_CHG fv_uv=4430000, cc_max=0, rerun in 2000 ms (0)
--------- switch to main
04-17 12:49:14.062162   984  1089 W ASH     : @ 41283.736: touch gesture: no valid gesture detected
04-17 12:49:14.126248   984  1089 W ASH     : @ 41283.801: touch gesture: no valid gesture detected
04-17 12:49:14.190696   984  1089 W ASH     : @ 41283.865: touch gesture: no valid gesture detected
04-17 12:49:14.254062   984  1089 W ASH     : @ 41283.930: touch gesture: no valid gesture detected
04-17 12:49:14.319938   984  1089 W ASH     : @ 41283.994: touch gesture: no valid gesture detected
04-17 12:49:14.384515   984  1089 W ASH     : @ 41284.059: touch gesture: no valid gesture detected
04-17 12:49:14.448575   984  1089 W ASH     : @ 41284.123: touch gesture: no valid gesture detected
04-17 12:49:14.512875   984  1089 W ASH     : @ 41284.188: touch gesture: no valid gesture detected
04-17 12:49:14.577865   984  1089 W ASH     : @ 41284.252: touch gesture: no valid gesture detected
04-17 12:49:14.642086   984  1089 W ASH     : @ 41284.317: touch gesture: no valid gesture detected
04-17 12:49:14.706738   984  1089 W ASH     : @ 41284.381: touch gesture: no valid gesture detected
04-17 12:49:14.771057   984  1089 W ASH     : @ 41284.446: touch gesture: no valid gesture detected
04-17 12:49:14.836065   984  1089 W ASH     : @ 41284.510: touch gesture: no valid gesture detected
04-17 12:49:14.899995   984  1089 W ASH     : @ 41284.575: touch gesture: no valid gesture detected
04-17 12:49:14.964725   984  1089 W ASH     : @ 41284.639: touch gesture: no valid gesture detected
04-17 12:49:15.029283   984  1089 W ASH     : @ 41284.704: touch gesture: no valid gesture detected
04-17 12:49:15.093650   984  1089 W ASH     : @ 41284.768: touch gesture: no valid gesture detected
04-17 12:49:15.157915   984  1089 W ASH     : @ 41284.833: touch gesture: no valid gesture detected
04-17 12:49:15.222452   984  1089 W ASH     : @ 41284.897: touch gesture: no valid gesture detected
04-17 12:49:15.286948   984  1089 W ASH     : @ 41284.962: touch gesture: no valid gesture detected
04-17 12:49:15.351426   984  1089 W ASH     : @ 41285.026: touch gesture: no valid gesture detected
04-17 12:49:15.415876   984  1089 W ASH     : @ 41285.091: touch gesture: no valid gesture detected
04-17 12:49:15.480410   984  1089 W ASH     : @ 41285.155: touch gesture: no valid gesture detected
04-17 12:49:15.544764   984  1089 W ASH     : @ 41285.219: touch gesture: no valid gesture detected
04-17 12:49:15.609121   984  1089 W ASH     : @ 41285.284: touch gesture: no valid gesture detected
04-17 12:49:15.673730   984  1089 W ASH     : @ 41285.348: touch gesture: no valid gesture detected
04-17 12:49:15.738457   984  1089 W ASH     : @ 41285.413: touch gesture: no valid gesture detected
04-17 12:49:15.802500   984  1089 W ASH     : @ 41285.477: touch gesture: no valid gesture detected
04-17 12:49:15.867629   984  1089 W ASH     : @ 41285.542: touch gesture: no valid gesture detected
04-17 12:49:15.931839   984  1089 W ASH     : @ 41285.606: touch gesture: no valid gesture detected
04-17 12:49:15.995981   984  1089 W ASH     : @ 41285.671: touch gesture: no valid gesture detected
--------- switch to kernel
04-17 12:49:16.038410     0     0 I         : c2   5832 google_charger: usbchg=USB typec=C usbv=5044 usbc=0 usbMv=5000 usbMc=450
04-17 12:49:16.038612     0     0 I         : c2   5832 sm7250_bms: MSC_PCS chg_state=1c2112c01030001 [0x1:1:3:4396:450] chg=u
04-17 12:49:16.038698     0     0 I         : c2   5832 google_battery: MSC_DIN chg_state=1c2112c01030001 f=0x1 chg_s=Not Charging chg_t=None vchg=4396 icl=450
04-17 12:49:16.040486     0     0 I         : c2   5832 google_battery: MSC_DSG vbatt_idx:4->4 vbatt=4396655 ibatt=-3967 fv_uv=4430000 cv_cnt=0 ov_cnt=0
04-17 12:49:16.040556     0     0 I         : c2   5832 google_battery: MSC_VOTE msc_state=2 cv_cnt=0 ov_cnt=0 temp_idx:2, vbatt_idx:4  fv_uv=4430000 cc_max=0 update_interval=-1
04-17 12:49:16.040673     0     0 I         : c2   5832 google_charger: MSC_CHG fv_uv=4430000, cc_max=0, rerun in 2000 ms (0)
--------- switch to main
04-17 12:49:16.060751   984  1089 W ASH     : @ 41285.735: touch gesture: no valid gesture detected
04-17 12:49:16.125351   984  1089 W ASH     : @ 41285.800: touch gesture: no valid gesture detected
04-17 12:49:16.189579   984  1089 W ASH     : @ 41285.864: touch gesture: no valid gesture detected
04-17 12:49:16.254047   984  1089 W ASH     : @ 41285.929: touch gesture: no valid gesture detected
04-17 12:49:16.318576   984  1089 W ASH     : @ 41285.993: touch gesture: no valid gesture detected
04-17 12:49:16.382674   984  1089 W ASH     : @ 41286.057: touch gesture: no valid gesture detected
04-17 12:49:16.447183   984  1089 W ASH     : @ 41286.122: touch gesture: no valid gesture detected
04-17 12:49:16.512081   984  1089 W ASH     : @ 41286.186: touch gesture: no valid gesture detected
04-17 12:49:16.576606   984  1089 W ASH     : @ 41286.251: touch gesture: no valid gesture detected
04-17 12:49:16.640565   984  1089 W ASH     : @ 41286.315: touch gesture: no valid gesture detected
04-17 12:49:16.705181   984  1089 W ASH     : @ 41286.380: touch gesture: no valid gesture detected
04-17 12:49:16.769269   984  1089 W ASH     : @ 41286.444: touch gesture: no valid gesture detected
04-17 12:49:16.834069   984  1089 W ASH     : @ 41286.509: touch gesture: no valid gesture detected
04-17 12:49:16.898752   984  1089 W ASH     : @ 41286.573: touch gesture: no valid gesture detected
04-17 12:49:16.963032   984  1089 W ASH     : @ 41286.638: touch gesture: no valid gesture detected
04-17 12:49:17.027567   984  1089 W ASH     : @ 41286.702: touch gesture: no valid gesture detected
04-17 12:49:17.092033   984  1089 W ASH     : @ 41286.767: touch gesture: no valid gesture detected
04-17 12:49:17.156693   984  1089 W ASH     : @ 41286.831: touch gesture: no valid gesture detected
04-17 12:49:17.221099   984  1089 W ASH     : @ 41286.896: touch gesture: no valid gesture detected
04-17 12:49:17.285455   984  1089 W ASH     : @ 41286.960: touch gesture: no valid gesture detected
04-17 12:49:17.349872   984  1089 W ASH     : @ 41287.025: touch gesture: no valid gesture detected
04-17 12:49:17.414404   984  1089 W ASH     : @ 41287.089: touch gesture: no valid gesture detected
04-17 12:49:17.478851   984  1089 W ASH     : @ 41287.154: touch gesture: no valid gesture detected
04-17 12:49:17.543476   984  1089 W ASH     : @ 41287.218: touch gesture: no valid gesture detected
04-17 12:49:17.608069   984  1089 W ASH     : @ 41287.283: touch gesture: no valid gesture detected
04-17 12:49:17.672281   984  1089 W ASH     : @ 41287.347: touch gesture: no valid gesture detected
04-17 12:49:17.736912   984  1089 W ASH     : @ 41287.411: touch gesture: no valid gesture detected
04-17 12:49:17.801137   984  1089 W ASH     : @ 41287.476: touch gesture: no valid gesture detected
04-17 12:49:17.865667   984  1089 W ASH     : @ 41287.540: touch gesture: no valid gesture detected
04-17 12:49:17.929890   984  1089 W ASH     : @ 41287.605: touch gesture: no valid gesture detected
04-17 12:49:17.994754   984  1089 W ASH     : @ 41287.669: touch gesture: no valid gesture detected
04-17 12:49:18.057618   984  1089 W ASH     : @ 41287.734: touch gesture: no valid gesture detected
--------- switch to kernel
04-17 12:49:18.054563     0     0 I         : c2   5832 google_charger: usbchg=USB typec=C usbv=5031 usbc=24 usbMv=5000 usbMc=450
04-17 12:49:18.054725     0     0 I         : c2   5832 sm7250_bms: MSC_PCS chg_state=1c2112b01030001 [0x1:1:3:4395:450] chg=u
04-17 12:49:18.054786     0     0 I         : c2   5832 google_battery: MSC_DIN chg_state=1c2112b01030001 f=0x1 chg_s=Not Charging chg_t=None vchg=4395 icl=450
04-17 12:49:18.056359     0     0 I         : c2   5832 google_battery: MSC_DSG vbatt_idx:4->4 vbatt=4395098 ibatt=-3967 fv_uv=4430000 cv_cnt=0 ov_cnt=0
04-17 12:49:18.056413     0     0 I         : c2   5832 google_battery: MSC_VOTE msc_state=2 cv_cnt=0 ov_cnt=0 temp_idx:2, vbatt_idx:4  fv_uv=4430000 cc_max=0 update_interval=-1
04-17 12:49:18.056491     0     0 I         : c2   5832 google_charger: MSC_CHG fv_uv=4430000, cc_max=0, rerun in 2000 ms (0)
--------- switch to main
04-17 12:49:18.123539   984  1089 W ASH     : @ 41287.798: touch gesture: no valid gesture detected
04-17 12:49:18.187883   984  1089 W ASH     : @ 41287.863: touch gesture: no valid gesture detected
04-17 12:49:18.252309   984  1089 W ASH     : @ 41287.927: touch gesture: no valid gesture detected
04-17 12:49:18.315733   984  1089 W ASH     : @ 41287.992: touch gesture: no valid gesture detected
04-17 12:49:18.381863   984  1089 W ASH     : @ 41288.056: touch gesture: no valid gesture detected
04-17 12:49:18.445643   984  1089 W ASH     : @ 41288.120: touch gesture: no valid gesture detected
04-17 12:49:18.510179   984  1089 W ASH     : @ 41288.185: touch gesture: no valid gesture detected
04-17 12:49:18.574720   984  1089 W ASH     : @ 41288.249: touch gesture: no valid gesture detected
04-17 12:49:18.639553   984  1089 W ASH     : @ 41288.314: touch gesture: no valid gesture detected
04-17 12:49:18.703248   984  1089 W ASH     : @ 41288.378: touch gesture: no valid gesture detected
04-17 12:49:18.767977   984  1089 W ASH     : @ 41288.442: touch gesture: no valid gesture detected
04-17 12:49:18.832153   984  1089 W ASH     : @ 41288.507: touch gesture: no valid gesture detected
04-17 12:49:18.896407   984  1089 W ASH     : @ 41288.571: touch gesture: no valid gesture detected
04-17 12:49:18.961155   984  1089 W ASH     : @ 41288.636: touch gesture: no valid gesture detected
04-17 12:49:19.025458   984  1089 W ASH     : @ 41288.700: touch gesture: no valid gesture detected
04-17 12:49:19.089875   984  1089 W ASH     : @ 41288.765: touch gesture: no valid gesture detected
04-17 12:49:19.154215   984  1089 W ASH     : @ 41288.829: touch gesture: no valid gesture detected
04-17 12:49:19.218661   984  1089 W ASH     : @ 41288.894: touch gesture: no valid gesture detected
04-17 12:49:19.283311   984  1089 W ASH     : @ 41288.958: touch gesture: no valid gesture detected
04-17 12:49:19.347874   984  1089 W ASH     : @ 41289.022: touch gesture: no valid gesture detected
04-17 12:49:19.412335   984  1089 W ASH     : @ 41289.087: touch gesture: no valid gesture detected
04-17 12:49:19.476589   984  1089 W ASH     : @ 41289.151: touch gesture: no valid gesture detected
04-17 12:49:19.541048   984  1089 W ASH     : @ 41289.216: touch gesture: no valid gesture detected
04-17 12:49:19.605644   984  1089 W ASH     : @ 41289.280: touch gesture: no valid gesture detected
04-17 12:49:19.669792   984  1089 W ASH     : @ 41289.344: touch gesture: no valid gesture detected
04-17 12:49:19.734431   984  1089 W ASH     : @ 41289.409: touch gesture: no valid gesture detected
04-17 12:49:19.798771   984  1089 W ASH     : @ 41289.473: touch gesture: no valid gesture detected
04-17 12:49:19.862783   984  1089 W ASH     : @ 41289.537: touch gesture: no valid gesture detected
04-17 12:49:19.927289   984  1089 W ASH     : @ 41289.602: touch gesture: no valid gesture detected
04-17 12:49:19.991216   984  1089 W ASH     : @ 41289.666: touch gesture: no valid gesture detected
04-17 12:49:20.055455   984  1089 W ASH     : @ 41289.730: touch gesture: no valid gesture detected
--------- switch to kernel
04-17 12:49:20.060956     0     0 I         : c2   5832 google_charger: usbchg=USB typec=C usbv=5020 usbc=1 usbMv=5000 usbMc=450
04-17 12:49:20.061339     0     0 I         : c2   5832 sm7250_bms: MSC_PCS chg_state=1c2112b01030001 [0x1:1:3:4395:450] chg=u
04-17 12:49:20.061401     0     0 I         : c2   5832 google_battery: MSC_DIN chg_state=1c2112b01030001 f=0x1 chg_s=Not Charging chg_t=None vchg=4395 icl=450
04-17 12:49:20.062566     0     0 I         : c2   5832 google_battery: MSC_DSG vbatt_idx:4->4 vbatt=4395292 ibatt=-3967 fv_uv=4430000 cv_cnt=0 ov_cnt=0
04-17 12:49:20.062631     0     0 I         : c2   5832 google_battery: MSC_VOTE msc_state=2 cv_cnt=0 ov_cnt=0 temp_idx:2, vbatt_idx:4  fv_uv=4430000 cc_max=0 update_interval=-1
04-17 12:49:20.062712     0     0 I         : c2   5832 google_charger: MSC_CHG fv_uv=4430000, cc_max=0, rerun in 2000 ms (0)
--------- switch to main
04-17 12:49:20.119621   984  1089 W ASH     : @ 41289.795: touch gesture: no valid gesture detected
04-17 12:49:20.184135   984  1089 W ASH     : @ 41289.859: touch gesture: no valid gesture detected
04-17 12:49:20.248483   984  1089 W ASH     : @ 41289.923: touch gesture: no valid gesture detected
04-17 12:49:20.312612   984  1089 W ASH     : @ 41289.987: touch gesture: no valid gesture detected
04-17 12:49:20.376850   984  1089 W ASH     : @ 41290.052: touch gesture: no valid gesture detected
04-17 12:49:20.440604   984  1089 W ASH     : @ 41290.116: touch gesture: no valid gesture detected
04-17 12:49:20.505380   984  1089 W ASH     : @ 41290.180: touch gesture: no valid gesture detected
04-17 12:49:20.569742   984  1089 W ASH     : @ 41290.244: touch gesture: no valid gesture detected
04-17 12:49:20.633766   984  1089 W ASH     : @ 41290.309: touch gesture: no valid gesture detected
04-17 12:49:20.697911   984  1089 W ASH     : @ 41290.373: touch gesture: no valid gesture detected
04-17 12:49:20.762529   984  1089 W ASH     : @ 41290.437: touch gesture: no valid gesture detected
04-17 12:49:20.825652   984  1089 W ASH     : @ 41290.501: touch gesture: no valid gesture detected
04-17 12:49:20.891181   984  1089 W ASH     : @ 41290.566: touch gesture: no valid gesture detected
04-17 12:49:20.955166   984  1089 W ASH     : @ 41290.630: touch gesture: no valid gesture detected
04-17 12:49:21.019544   984  1089 W ASH     : @ 41290.694: touch gesture: no valid gesture detected
04-17 12:49:21.083703   984  1089 W ASH     : @ 41290.758: touch gesture: no valid gesture detected
04-17 12:49:21.147965   984  1089 W ASH     : @ 41290.823: touch gesture: no valid gesture detected
04-17 12:49:21.212414   984  1089 W ASH     : @ 41290.887: touch gesture: no valid gesture detected
04-17 12:49:21.276386   984  1089 W ASH     : @ 41290.951: touch gesture: no valid gesture detected
04-17 12:49:21.340796   984  1089 W ASH     : @ 41291.015: touch gesture: no valid gesture detected
04-17 12:49:21.405164   984  1089 W ASH     : @ 41291.080: touch gesture: no valid gesture detected
04-17 12:49:21.469213   984  1089 W ASH     : @ 41291.144: touch gesture: no valid gesture detected
04-17 12:49:21.533563   984  1089 W ASH     : @ 41291.208: touch gesture: no valid gesture detected
04-17 12:49:21.597546   984  1089 W ASH     : @ 41291.272: touch gesture: no valid gesture detected
04-17 12:49:21.660810   984  1089 W ASH     : @ 41291.336: touch gesture: no valid gesture detected
04-17 12:49:21.725992   984  1089 W ASH     : @ 41291.401: touch gesture: no valid gesture detected
04-17 12:49:21.790291   984  1089 W ASH     : @ 41291.465: touch gesture: no valid gesture detected
04-17 12:49:21.854782   984  1089 W ASH     : @ 41291.529: touch gesture: no valid gesture detected
04-17 12:49:21.919211   984  1089 W ASH     : @ 41291.594: touch gesture: no valid gesture detected
04-17 12:49:21.983553   984  1089 W ASH     : @ 41291.658: touch gesture: no valid gesture detected
04-17 12:49:22.047621   984  1089 W ASH     : @ 41291.722: touch gesture: no valid gesture detected
--------- switch to kernel
04-17 12:49:22.070506     0     0 I         : c2   5832 google_charger: usbchg=USB typec=C usbv=5038 usbc=0 usbMv=5000 usbMc=450
04-17 12:49:22.070692     0     0 I         : c2   5832 sm7250_bms: MSC_PCS chg_state=1c2112b01030001 [0x1:1:3:4395:450] chg=u
04-17 12:49:22.070764     0     0 I         : c2   5832 google_battery: MSC_DIN chg_state=1c2112b01030001 f=0x1 chg_s=Not Charging chg_t=None vchg=4395 icl=450
04-17 12:49:22.072191     0     0 I         : c2   5832 google_battery: MSC_DSG vbatt_idx:4->4 vbatt=4395292 ibatt=-3967 fv_uv=4430000 cv_cnt=0 ov_cnt=0
04-17 12:49:22.072247     0     0 I         : c2   5832 google_battery: MSC_VOTE msc_state=2 cv_cnt=0 ov_cnt=0 temp_idx:2, vbatt_idx:4  fv_uv=4430000 cc_max=0 update_interval=-1
04-17 12:49:22.072331     0     0 I         : c2   5832 google_charger: MSC_CHG fv_uv=4430000, cc_max=0, rerun in 2000 ms (0)
--------- switch to main
04-17 12:49:22.112072   984  1089 W ASH     : @ 41291.787: touch gesture: no valid gesture detected
04-17 12:49:22.176256   984  1089 W ASH     : @ 41291.851: touch gesture: no valid gesture detected
