04-17 12:33:13.224811   984  1089 W ASH     : @ 40322.899: touch gesture: no valid gesture detected
04-17 12:33:13.289092   984  1089 W ASH     : @ 40322.964: touch gesture: no valid gesture detected
04-17 12:33:13.353912   984  1089 W ASH     : @ 40323.028: touch gesture: no valid gesture detected
04-17 12:33:13.418266   984  1089 W ASH     : @ 40323.093: touch gesture: no valid gesture detected
04-17 12:33:13.481345   984  1089 W ASH     : @ 40323.157: touch gesture: no valid gesture detected
--------- switch to kernel
04-17 12:33:13.476761     0     0 I         : c2   5809 google_charger: usbchg=USB typec=C usbv=5036 usbc=0 usbMv=5000 usbMc=450
04-17 12:33:13.476937     0     0 I         : c2   5809 sm7250_bms: MSC_PCS chg_state=1c2112c01030001 [0x1:1:3:4396:450] chg=u
04-17 12:33:13.477008     0     0 I         : c2   5809 google_battery: MSC_DIN chg_state=1c2112c01030001 f=0x1 chg_s=Not Charging chg_t=None vchg=4396 icl=450
04-17 12:33:13.478412     0     0 I         : c2   5809 google_battery: MSC_DSG vbatt_idx:4->4 vbatt=4396849 ibatt=-5187 fv_uv=4430000 cv_cnt=0 ov_cnt=0
04-17 12:33:13.478508     0     0 I         : c2   5809 google_battery: MSC_VOTE msc_state=2 cv_cnt=0 ov_cnt=0 temp_idx:2, vbatt_idx:4  fv_uv=4430000 cc_max=0 update_interval=-1
04-17 12:33:13.478598     0     0 I         : c2   5809 google_charger: MSC_CHG fv_uv=4430000, cc_max=0, rerun in 2000 ms (0)
--------- switch to main
04-17 12:33:13.547537   984  1089 W ASH     : @ 40323.222: touch gesture: no valid gesture detected
04-17 12:33:13.611740   984  1089 W ASH     : @ 40323.286: touch gesture: no valid gesture detected
04-17 12:33:13.676321   984  1089 W ASH     : @ 40323.351: touch gesture: no valid gesture detected
04-17 12:33:13.740739   984  1089 W ASH     : @ 40323.415: touch gesture: no valid gesture detected
04-17 12:33:13.805337   984  1089 W ASH     : @ 40323.480: touch gesture: no valid gesture detected
04-17 12:33:13.869845   984  1089 W ASH     : @ 40323.545: touch gesture: no valid gesture detected
04-17 12:33:13.934377   984  1089 W ASH     : @ 40323.609: touch gesture: no valid gesture detected
04-17 12:33:13.998894   984  1089 W ASH     : @ 40323.674: touch gesture: no valid gesture detected
04-17 12:33:14.063603   984  1089 W ASH     : @ 40323.738: touch gesture: no valid gesture detected
04-17 12:33:14.127365   984  1089 W ASH     : @ 40323.803: touch gesture: no valid gesture detected
04-17 12:33:14.192804   984  1089 W ASH     : @ 40323.867: touch gesture: no valid gesture detected
04-17 12:33:14.257108   984  1089 W ASH     : @ 40323.932: touch gesture: no valid gesture detected
04-17 12:33:14.321595   984  1089 W ASH     : @ 40323.996: touch gesture: no valid gesture detected
04-17 12:33:14.386520   984  1089 W ASH     : @ 40324.061: touch gesture: no valid gesture detected
04-17 12:33:14.450701   984  1089 W ASH     : @ 40324.126: touch gesture: no valid gesture detected
04-17 12:33:14.515451   984  1089 W ASH     : @ 40324.190: touch gesture: no valid gesture detected
04-17 12:33:14.580046   984  1089 W ASH     : @ 40324.255: touch gesture: no valid gesture detected
04-17 12:33:14.644556   984  1089 W ASH     : @ 40324.319: touch gesture: no valid gesture detected
04-17 12:33:14.709424   984  1089 W ASH     : @ 40324.384: touch gesture: no valid gesture detected
04-17 12:33:14.773513   984  1089 W ASH     : @ 40324.448: touch gesture: no valid gesture detected
04-17 12:33:14.838723   984  1089 W ASH     : @ 40324.513: touch gesture: no valid gesture detected
04-17 12:33:14.902822   984  1089 W ASH     : @ 40324.577: touch gesture: no valid gesture detected
04-17 12:33:14.967604   984  1089 W ASH     : @ 40324.642: touch gesture: no valid gesture detected
04-17 12:33:15.030865   984  1089 W ASH     : @ 40324.707: touch gesture: no valid gesture detected
04-17 12:33:15.096516   984  1089 W ASH     : @ 40324.771: touch gesture: no valid gesture detected
04-17 12:33:15.160999   984  1089 W ASH     : @ 40324.836: touch gesture: no valid gesture detected
04-17 12:33:15.225341   984  1089 W ASH     : @ 40324.900: touch gesture: no valid gesture detected
04-17 12:33:15.290095   984  1089 W ASH     : @ 40324.965: touch gesture: no valid gesture detected
04-17 12:33:15.354436   984  1089 W ASH     : @ 40325.029: touch gesture: no valid gesture detected
04-17 12:33:15.419078   984  1089 W ASH     : @ 40325.094: touch gesture: no valid gesture detected
04-17 12:33:15.483342   984  1089 W ASH     : @ 40325.158: touch gesture: no valid gesture detected
--------- switch to kernel
04-17 12:33:15.493302     0     0 I         : c2   5809 google_charger: usbchg=USB typec=C usbv=5038 usbc=0 usbMv=5000 usbMc=450
04-17 12:33:15.493480     0     0 I         : c2   5809 sm7250_bms: MSC_PCS chg_state=1c2112c01030001 [0x1:1:3:4396:450] chg=u
04-17 12:33:15.493551     0     0 I         : c2   5809 google_battery: MSC_DIN chg_state=1c2112c01030001 f=0x1 chg_s=Not Charging chg_t=None vchg=4396 icl=450
04-17 12:33:15.495334     0     0 I         : c2   5809 google_battery: MSC_DSG vbatt_idx:4->4 vbatt=4396849 ibatt=-5187 fv_uv=4430000 cv_cnt=0 ov_cnt=0
04-17 12:33:15.495402     0     0 I         : c2   5809 google_battery: MSC_VOTE msc_state=2 cv_cnt=0 ov_cnt=0 temp_idx:2, vbatt_idx:4  fv_uv=4430000 cc_max=0 update_interval=-1
04-17 12:33:15.495510     0     0 I         : c2   5809 google_charger: MSC_CHG fv_uv=4430000, cc_max=0, rerun in 2000 ms (0)
--------- switch to main
04-17 12:33:15.548087   984  1089 W ASH     : @ 40325.223: touch gesture: no valid gesture detected
04-17 12:33:15.612430   984  1089 W ASH     : @ 40325.287: touch gesture: no valid gesture detected
04-17 12:33:15.677124   984  1089 W ASH     : @ 40325.352: touch gesture: no valid gesture detected
04-17 12:33:15.741402   984  1089 W ASH     : @ 40325.416: touch gesture: no valid gesture detected
04-17 12:33:15.805947   984  1089 W ASH     : @ 40325.481: touch gesture: no valid gesture detected
04-17 12:33:15.870631   984  1089 W ASH     : @ 40325.545: touch gesture: no valid gesture detected
04-17 12:33:15.933780   984  1089 W ASH     : @ 40325.610: touch gesture: no valid gesture detected
04-17 12:33:15.999582   984  1089 W ASH     : @ 40325.674: touch gesture: no valid gesture detected
04-17 12:33:16.063923   984  1089 W ASH     : @ 40325.739: touch gesture: no valid gesture detected
04-17 12:33:16.127101   984  1089 W ASH     : @ 40325.803: touch gesture: no valid gesture detected
04-17 12:33:16.192852   984  1089 W ASH     : @ 40325.867: touch gesture: no valid gesture detected
04-17 12:33:16.257345   984  1089 W ASH     : @ 40325.932: touch gesture: no valid gesture detected
04-17 12:33:16.322247   984  1089 W ASH     : @ 40325.996: touch gesture: no valid gesture detected
04-17 12:33:16.385972   984  1089 W ASH     : @ 40326.061: touch gesture: no valid gesture detected
04-17 12:33:16.450728   984  1089 W ASH     : @ 40326.125: touch gesture: no valid gesture detected
04-17 12:33:16.514882   984  1089 W ASH     : @ 40326.190: touch gesture: no valid gesture detected
04-17 12:33:16.579670   984  1089 W ASH     : @ 40326.254: touch gesture: no valid gesture detected
04-17 12:33:16.644192   984  1089 W ASH     : @ 40326.319: touch gesture: no valid gesture detected
04-17 12:33:16.708217   984  1089 W ASH     : @ 40326.383: touch gesture: no valid gesture detected
04-17 12:33:16.773118   984  1089 W ASH     : @ 40326.448: touch gesture: no valid gesture detected
04-17 12:33:16.837620   984  1089 W ASH     : @ 40326.512: touch gesture: no valid gesture detected
04-17 12:33:16.901871   984  1089 W ASH     : @ 40326.577: touch gesture: no valid gesture detected
04-17 12:33:16.966872   984  1089 W ASH     : @ 40326.641: touch gesture: no valid gesture detected
04-17 12:33:17.031343   984  1089 W ASH     : @ 40326.706: touch gesture: no valid gesture detected
04-17 12:33:17.095637   984  1089 W ASH     : @ 40326.770: touch gesture: no valid gesture detected
04-17 12:33:17.160134   984  1089 W ASH     : @ 40326.835: touch gesture: no valid gesture detected
04-17 12:33:17.224875   984  1089 W ASH     : @ 40326.899: touch gesture: no valid gesture detected
04-17 12:33:17.288909   984  1089 W ASH     : @ 40326.963: touch gesture: no valid gesture detected
04-17 12:33:17.353541   984  1089 W ASH     : @ 40327.028: touch gesture: no valid gesture detected
04-17 12:33:17.418743   984  1089 W ASH     : @ 40327.093: touch gesture: no valid gesture detected
04-17 12:33:17.482792   984  1089 W ASH     : @ 40327.157: touch gesture: no valid gesture detected
--------- switch to kernel
04-17 12:33:17.509673     0     0 I         : c2   5809 google_charger: usbchg=USB typec=C usbv=5051 usbc=2 usbMv=5000 usbMc=450
04-17 12:33:17.509818     0     0 I         : c2   5809 sm7250_bms: MSC_PCS chg_state=1c2112c01030001 [0x1:1:3:4396:450] chg=u
04-17 12:33:17.509869     0     0 I         : c2   5809 google_battery: MSC_DIN chg_state=1c2112c01030001 f=0x1 chg_s=Not Charging chg_t=None vchg=4396 icl=450
04-17 12:33:17.511109     0     0 I         : c2   5809 google_battery: MSC_DSG vbatt_idx:4->4 vbatt=4396849 ibatt=-5187 fv_uv=4430000 cv_cnt=0 ov_cnt=0
04-17 12:33:17.511148     0     0 I         : c2   5809 google_battery: MSC_VOTE msc_state=2 cv_cnt=0 ov_cnt=0 temp_idx:2, vbatt_idx:4  fv_uv=4430000 cc_max=0 update_interval=-1
04-17 12:33:17.511337     0     0 I         : c2   5809 google_charger: MSC_CHG fv_uv=4430000, cc_max=0, rerun in 2000 ms (0)
--------- switch to main
04-17 12:33:17.547123   984  1089 W ASH     : @ 40327.222: touch gesture: no valid gesture detected
04-17 12:33:17.612219   984  1089 W ASH     : @ 40327.286: touch gesture: no valid gesture detected
04-17 12:33:17.676313   984  1089 W ASH     : @ 40327.351: touch gesture: no valid gesture detected
04-17 12:33:17.740748   984  1089 W ASH     : @ 40327.416: touch gesture: no valid gesture detected
04-17 12:33:17.805445   984  1089 W ASH     : @ 40327.480: touch gesture: no valid gesture detected
04-17 12:33:17.870104   984  1089 W ASH     : @ 40327.545: touch gesture: no valid gesture detected
04-17 12:33:17.934674   984  1089 W ASH     : @ 40327.609: touch gesture: no valid gesture detected
04-17 12:33:17.999063   984  1089 W ASH     : @ 40327.674: touch gesture: no valid gesture detected
04-17 12:33:18.063324   984  1089 W ASH     : @ 40327.738: touch gesture: no valid gesture detected
04-17 12:33:18.127253   984  1089 W ASH     : @ 40327.803: touch gesture: no valid gesture detected
04-17 12:33:18.192525   984  1089 W ASH     : @ 40327.867: touch gesture: no valid gesture detected
04-17 12:33:18.257372   984  1089 W ASH     : @ 40327.932: touch gesture: no valid gesture detected
04-17 12:33:18.321495   984  1089 W ASH     : @ 40327.996: touch gesture: no valid gesture detected
04-17 12:33:18.385968   984  1089 W ASH     : @ 40328.061: touch gesture: no valid gesture detected
04-17 12:33:18.450472   984  1089 W ASH     : @ 40328.125: touch gesture: no valid gesture detected
04-17 12:33:18.515282   984  1089 W ASH     : @ 40328.190: touch gesture: no valid gesture detected
04-17 12:33:18.579667   984  1089 W ASH     : @ 40328.254: touch gesture: no valid gesture detected
04-17 12:33:18.644283   984  1089 W ASH     : @ 40328.319: touch gesture: no valid gesture detected
04-17 12:33:18.708563   984  1089 W ASH     : @ 40328.384: touch gesture: no valid gesture detected
04-17 12:33:18.773145   984  1089 W ASH     : @ 40328.448: touch gesture: no valid gesture detected
04-17 12:33:18.837766   984  1089 W ASH     : @ 40328.513: touch gesture: no valid gesture detected
04-17 12:33:18.902316   984  1089 W ASH     : @ 40328.577: touch gesture: no valid gesture detected
04-17 12:33:18.966956   984  1089 W ASH     : @ 40328.642: touch gesture: no valid gesture detected
04-17 12:33:19.031348   984  1089 W ASH     : @ 40328.706: touch gesture: no valid gesture detected
04-17 12:33:19.095760   984  1089 W ASH     : @ 40328.771: touch gesture: no valid gesture detected
04-17 12:33:19.160320   984  1089 W ASH     : @ 40328.835: touch gesture: no valid gesture detected
04-17 12:33:19.224760   984  1089 W ASH     : @ 40328.900: touch gesture: no valid gesture detected
04-17 12:33:19.289121   984  1089 W ASH     : @ 40328.964: touch gesture: no valid gesture detected
04-17 12:33:19.353942   984  1089 W ASH     : @ 40329.029: touch gesture: no valid gesture detected
04-17 12:33:19.418314   984  1089 W ASH     : @ 40329.093: touch gesture: no valid gesture detected
04-17 12:33:19.482956   984  1089 W ASH     : @ 40329.158: touch gesture: no valid gesture detected
--------- switch to kernel
04-17 12:33:19.525393     0     0 I         : c2   5809 google_charger: usbchg=USB typec=C usbv=5048 usbc=0 usbMv=5000 usbMc=450
04-17 12:33:19.525585     0     0 I         : c2   5809 sm7250_bms: MSC_PCS chg_state=1c2112c01030001 [0x1:1:3:4396:450] chg=u
04-17 12:33:19.525665     0     0 I         : c2   5809 google_battery: MSC_DIN chg_state=1c2112c01030001 f=0x1 chg_s=Not Charging chg_t=None vchg=4396 icl=450
04-17 12:33:19.527395     0     0 I         : c2   5809 google_battery: MSC_DSG vbatt_idx:4->4 vbatt=4396849 ibatt=-5187 fv_uv=4430000 cv_cnt=0 ov_cnt=0
04-17 12:33:19.527461     0     0 I         : c2   5809 google_battery: MSC_VOTE msc_state=2 cv_cnt=0 ov_cnt=0 temp_idx:2, vbatt_idx:4  fv_uv=4430000 cc_max=0 update_interval=-1
04-17 12:33:19.527569     0     0 I         : c2   5809 google_charger: MSC_CHG fv_uv=4430000, cc_max=0, rerun in 2000 ms (0)
--------- switch to main
04-17 12:33:19.548014   984  1089 W ASH     : @ 40329.222: touch gesture: no valid gesture detected
04-17 12:33:19.612399   984  1089 W ASH     : @ 40329.287: touch gesture: no valid gesture detected
04-17 12:33:19.676790   984  1089 W ASH     : @ 40329.351: touch gesture: no valid gesture detected
04-17 12:33:19.740921   984  1089 W ASH     : @ 40329.416: touch gesture: no valid gesture detected
04-17 12:33:19.805595   984  1089 W ASH     : @ 40329.480: touch gesture: no valid gesture detected
04-17 12:33:19.870191   984  1089 W ASH     : @ 40329.545: touch gesture: no valid gesture detected
04-17 12:33:19.934430   984  1089 W ASH     : @ 40329.609: touch gesture: no valid gesture detected
04-17 12:33:19.999318   984  1089 W ASH     : @ 40329.674: touch gesture: no valid gesture detected
04-17 12:33:20.063454   984  1089 W ASH     : @ 40329.739: touch gesture: no valid gesture detected
04-17 12:33:20.127303   984  1089 W ASH     : @ 40329.803: touch gesture: no valid gesture detected
04-17 12:33:20.192852   984  1089 W ASH     : @ 40329.868: touch gesture: no valid gesture detected
04-17 12:33:20.257246   984  1089 W ASH     : @ 40329.932: touch gesture: no valid gesture detected
04-17 12:33:20.321686   984  1089 W ASH     : @ 40329.997: touch gesture: no valid gesture detected
04-17 12:33:20.386204   984  1089 W ASH     : @ 40330.061: touch gesture: no valid gesture detected
04-17 12:33:20.450886   984  1089 W ASH     : @ 40330.125: touch gesture: no valid gesture detected
04-17 12:33:20.515347   984  1089 W ASH     : @ 40330.190: touch gesture: no valid gesture detected
04-17 12:33:20.579612   984  1089 W ASH     : @ 40330.255: touch gesture: no valid gesture detected
04-17 12:33:20.644410   984  1089 W ASH     : @ 40330.319: touch gesture: no valid gesture detected
04-17 12:33:20.708672   984  1089 W ASH     : @ 40330.384: touch gesture: no valid gesture detected
04-17 12:33:20.773449   984  1089 W ASH     : @ 40330.448: touch gesture: no valid gesture detected
04-17 12:33:20.837893   984  1089 W ASH     : @ 40330.513: touch gesture: no valid gesture detected
04-17 12:33:20.902825   984  1089 W ASH     : @ 40330.577: touch gesture: no valid gesture detected
04-17 12:33:20.965519   984  1089 W ASH     : @ 40330.642: touch gesture: no valid gesture detected
04-17 12:33:21.031682   984  1089 W ASH     : @ 40330.706: touch gesture: no valid gesture detected
04-17 12:33:21.094866   984  1089 W ASH     : @ 40330.771: touch gesture: no valid gesture detected
04-17 12:33:21.160717   984  1089 W ASH     : @ 40330.835: touch gesture: no valid gesture detected
04-17 12:33:21.225050   984  1089 W ASH     : @ 40330.900: touch gesture: no valid gesture detected
04-17 12:33:21.289731   984  1089 W ASH     : @ 40330.964: touch gesture: no valid gesture detected
04-17 12:33:21.354006   984  1089 W ASH     : @ 40331.029: touch gesture: no valid gesture detected
04-17 12:33:21.418214   984  1089 W ASH     : @ 40331.093: touch gesture: no valid gesture detected
04-17 12:33:21.483115   984  1089 W ASH     : @ 40331.158: touch gesture: no valid gesture detected
--------- switch to kernel
04-17 12:33:21.539417     0     0 I         : c2   5809 google_charger: usbchg=USB typec=C usbv=5037 usbc=0 usbMv=5000 usbMc=450
04-17 12:33:21.539580     0     0 I         : c2   5809 sm7250_bms: MSC_PCS chg_state=1c2112d01030001 [0x1:1:3:4397:450] chg=u
04-17 12:33:21.539736     0     0 I         : c2   5809 google_battery: MSC_DIN chg_state=1c2112d01030001 f=0x1 chg_s=Not Charging chg_t=None vchg=4397 icl=450
--------- switch to main
04-17 12:33:21.545860   984  1089 W ASH     : @ 40331.222: touch gesture: no valid gesture detected
--------- switch to kernel
04-17 12:33:21.541304     0     0 I         : c2   5809 google_battery: MSC_DSG vbatt_idx:4->4 vbatt=4397239 ibatt=-5493 fv_uv=4430000 cv_cnt=0 ov_cnt=0
04-17 12:33:21.541356     0     0 I         : c2   5809 google_battery: MSC_VOTE msc_state=2 cv_cnt=0 ov_cnt=0 temp_idx:2, vbatt_idx:4  fv_uv=4430000 cc_max=0 update_interval=-1
04-17 12:33:21.541427     0     0 I         : c2   5809 google_charger: MSC_CHG fv_uv=4430000, cc_max=0, rerun in 2000 ms (0)
--------- switch to main
04-17 12:33:21.612174   984  1089 W ASH     : @ 40331.287: touch gesture: no valid gesture detected
04-17 12:33:21.676033   984  1089 W ASH     : @ 40331.351: touch gesture: no valid gesture detected
04-17 12:33:21.740984   984  1089 W ASH     : @ 40331.416: touch gesture: no valid gesture detected
04-17 12:33:21.805718   984  1089 W ASH     : @ 40331.480: touch gesture: no valid gesture detected
04-17 12:33:21.869903   984  1089 W ASH     : @ 40331.545: touch gesture: no valid gesture detected
04-17 12:33:21.934379   984  1089 W ASH     : @ 40331.609: touch gesture: no valid gesture detected
04-17 12:33:21.999025   984  1089 W ASH     : @ 40331.674: touch gesture: no valid gesture detected
04-17 12:33:22.063294   984  1089 W ASH     : @ 40331.738: touch gesture: no valid gesture detected
04-17 12:33:22.127151   984  1089 W ASH     : @ 40331.803: touch gesture: no valid gesture detected
04-17 12:33:22.193026   984  1089 W ASH     : @ 40331.867: touch gesture: no valid gesture detected
04-17 12:33:22.257535   984  1089 W ASH     : @ 40331.932: touch gesture: no valid gesture detected
04-17 12:33:22.321630   984  1089 W ASH     : @ 40331.996: touch gesture: no valid gesture detected
04-17 12:33:22.386074   984  1089 W ASH     : @ 40332.061: touch gesture: no valid gesture detected
04-17 12:33:22.450886   984  1089 W ASH     : @ 40332.125: touch gesture: no valid gesture detected
04-17 12:33:22.515315   984  1089 W ASH     : @ 40332.190: touch gesture: no valid gesture detected
04-17 12:33:22.579583   984  1089 W ASH     : @ 40332.255: touch gesture: no valid gesture detected
04-17 12:33:22.644069   984  1089 W ASH     : @ 40332.319: touch gesture: no valid gesture detected
04-17 12:33:22.708646   984  1089 W ASH     : @ 40332.384: touch gesture: no valid gesture detected
04-17 12:33:22.773165   984  1089 W ASH     : @ 40332.448: touch gesture: no valid gesture detected
04-17 12:33:22.837844   984  1089 W ASH     : @ 40332.513: touch gesture: no valid gesture detected
04-17 12:33:22.902262   984  1089 W ASH     : @ 40332.577: touch gesture: no valid gesture detected
04-17 12:33:22.966972   984  1089 W ASH     : @ 40332.642: touch gesture: no valid gesture detected
04-17 12:33:23.031400   984  1089 W ASH     : @ 40332.706: touch gesture: no valid gesture detected
04-17 12:33:23.095826   984  1089 W ASH     : @ 40332.771: touch gesture: no valid gesture detected
04-17 12:33:23.160212   984  1089 W ASH     : @ 40332.835: touch gesture: no valid gesture detected
04-17 12:33:23.224898   984  1089 W ASH     : @ 40332.900: touch gesture: no valid gesture detected
04-17 12:33:23.289255   984  1089 W ASH     : @ 40332.964: touch gesture: no valid gesture detected
04-17 12:33:23.353570   984  1089 W ASH     : @ 40333.029: touch gesture: no valid gesture detected
04-17 12:33:23.418363   984  1089 W ASH     : @ 40333.093: touch gesture: no valid gesture detected
04-17 12:33:23.482796   984  1089 W ASH     : @ 40333.158: touch gesture: no valid gesture detected
04-17 12:33:23.547095   984  1089 W ASH     : @ 40333.222: touch gesture: no valid gesture detected
--------- switch to kernel
04-17 12:33:23.555140     0     0 I         : c2   5809 google_charger: usbchg=USB typec=C usbv=5034 usbc=0 usbMv=5000 usbMc=450
04-17 12:33:23.555282     0     0 I         : c2   5809 sm7250_bms: MSC_PCS chg_state=1c2112d01030001 [0x1:1:3:4397:450] chg=u
04-17 12:33:23.555420     0     0 I         : c2   5809 google_battery: MSC_DIN chg_state=1c2112d01030001 f=0x1 chg_s=Not Charging chg_t=None vchg=4397 icl=450
04-17 12:33:23.556674     0     0 I         : c2   5809 google_battery: MSC_DSG vbatt_idx:4->4 vbatt=4397239 ibatt=-5493 fv_uv=4430000 cv_cnt=0 ov_cnt=0
04-17 12:33:23.556718     0     0 I         : c2   5809 google_battery: MSC_VOTE msc_state=2 cv_cnt=0 ov_cnt=0 temp_idx:2, vbatt_idx:4  fv_uv=4430000 cc_max=0 update_interval=-1
04-17 12:33:23.556783     0     0 I         : c2   5809 google_charger: MSC_CHG fv_uv=4430000, cc_max=0, rerun in 2000 ms (0)
--------- switch to main
04-17 12:33:23.612046   984  1089 W ASH     : @ 40333.287: touch gesture: no valid gesture detected
04-17 12:33:23.676503   984  1089 W ASH     : @ 40333.351: touch gesture: no valid gesture detected
04-17 12:33:23.741008   984  1089 W ASH     : @ 40333.416: touch gesture: no valid gesture detected
04-17 12:33:23.805563   984  1089 W ASH     : @ 40333.480: touch gesture: no valid gesture detected
04-17 12:33:23.870034   984  1089 W ASH     : @ 40333.545: touch gesture: no valid gesture detected
04-17 12:33:23.934606   984  1089 W ASH     : @ 40333.609: touch gesture: no valid gesture detected
04-17 12:33:23.999197   984  1089 W ASH     : @ 40333.674: touch gesture: no valid gesture detected
04-17 12:33:24.063791   984  1089 W ASH     : @ 40333.739: touch gesture: no valid gesture detected
04-17 12:33:24.126794   984  1089 W ASH     : @ 40333.803: touch gesture: no valid gesture detected
04-17 12:33:24.193028   984  1089 W ASH     : @ 40333.868: touch gesture: no valid gesture detected
04-17 12:33:24.258119   984  1089 W ASH     : @ 40333.933: touch gesture: no valid gesture detected
04-17 12:33:24.322088   984  1089 W ASH     : @ 40333.997: touch gesture: no valid gesture detected
04-17 12:33:24.386869   984  1089 W ASH     : @ 40334.062: touch gesture: no valid gesture detected
04-17 12:33:24.451722   984  1089 W ASH     : @ 40334.126: touch gesture: no valid gesture detected
04-17 12:33:24.516199   984  1089 W ASH     : @ 40334.191: touch gesture: no valid gesture detected
04-17 12:33:24.580779   984  1089 W ASH     : @ 40334.256: touch gesture: no valid gesture detected
04-17 12:33:24.645569   984  1089 W ASH     : @ 40334.320: touch gesture: no valid gesture detected
04-17 12:33:24.710187   984  1089 W ASH     : @ 40334.385: touch gesture: no valid gesture detected
04-17 12:33:24.774838   984  1089 W ASH     : @ 40334.449: touch gesture: no valid gesture detected
04-17 12:33:24.839042   984  1089 W ASH     : @ 40334.514: touch gesture: no valid gesture detected
04-17 12:33:24.903582   984  1089 W ASH     : @ 40334.579: touch gesture: no valid gesture detected
04-17 12:33:24.968586   984  1089 W ASH     : @ 40334.643: touch gesture: no valid gesture detected
04-17 12:33:25.032656   984  1089 W ASH     : @ 40334.708: touch gesture: no valid gesture detected
04-17 12:33:25.097242   984  1089 W ASH     : @ 40334.772: touch gesture: no valid gesture detected
04-17 12:33:25.162074   984  1089 W ASH     : @ 40334.837: touch gesture: no valid gesture detected
04-17 12:33:25.227012   984  1089 W ASH     : @ 40334.901: touch gesture: no valid gesture detected
04-17 12:33:25.291512   984  1089 W ASH     : @ 40334.966: touch gesture: no valid gesture detected
04-17 12:33:25.356298   984  1089 W ASH     : @ 40335.031: touch gesture: no valid gesture detected
04-17 12:33:25.420252   984  1089 W ASH     : @ 40335.095: touch gesture: no valid gesture detected
04-17 12:33:25.485220   984  1089 W ASH     : @ 40335.160: touch gesture: no valid gesture detected
04-17 12:33:25.549616   984  1089 W ASH     : @ 40335.225: touch gesture: no valid gesture detected
--------- switch to kernel
04-17 12:33:25.573621     0     0 I         : c2   5809 google_charger: usbchg=USB typec=C usbv=5051 usbc=0 usbMv=5000 usbMc=450
04-17 12:33:25.573819     0     0 I         : c2   5809 sm7250_bms: MSC_PCS chg_state=1c2112d01030001 [0x1:1:3:4397:450] chg=u
04-17 12:33:25.573901     0     0 I         : c2   5809 google_battery: MSC_DIN chg_state=1c2112d01030001 f=0x1 chg_s=Not Charging chg_t=None vchg=4397 icl=450
04-17 12:33:25.575834     0     0 I         : c2   5809 google_battery: MSC_DSG vbatt_idx:4->4 vbatt=4397239 ibatt=-5493 fv_uv=4430000 cv_cnt=0 ov_cnt=0
04-17 12:33:25.575906     0     0 I         : c2   5809 google_battery: MSC_VOTE msc_state=2 cv_cnt=0 ov_cnt=0 temp_idx:2, vbatt_idx:4  fv_uv=4430000 cc_max=0 update_interval=-1
04-17 12:33:25.576019     0     0 I         : c2   5809 google_charger: MSC_CHG fv_uv=4430000, cc_max=0, rerun in 2000 ms (0)
--------- switch to main
04-17 12:33:25.614222   984  1089 W ASH     : @ 40335.289: touch gesture: no valid gesture detected
04-17 12:33:25.678978   984  1089 W ASH     : @ 40335.354: touch gesture: no valid gesture detected
04-17 12:33:25.743522   984  1089 W ASH     : @ 40335.418: touch gesture: no valid gesture detected
04-17 12:33:25.807970   984  1089 W ASH     : @ 40335.483: touch gesture: no valid gesture detected
04-17 12:33:25.872729   984  1089 W ASH     : @ 40335.547: touch gesture: no valid gesture detected
04-17 12:33:25.937436   984  1089 W ASH     : @ 40335.612: touch gesture: no valid gesture detected
04-17 12:33:26.001879   984  1089 W ASH     : @ 40335.677: touch gesture: no valid gesture detected
04-17 12:33:26.066504   984  1089 W ASH     : @ 40335.741: touch gesture: no valid gesture detected
04-17 12:33:26.131044   984  1089 W ASH     : @ 40335.806: touch gesture: no valid gesture detected
04-17 12:33:26.195600   984  1089 W ASH     : @ 40335.870: touch gesture: no valid gesture detected
04-17 12:33:26.260153   984  1089 W ASH     : @ 40335.935: touch gesture: no valid gesture detected
04-17 12:33:26.324868   984  1089 W ASH     : @ 40335.999: touch gesture: no valid gesture detected
04-17 12:33:26.389446   984  1089 W ASH     : @ 40336.064: touch gesture: no valid gesture detected
04-17 12:33:26.454002   984  1089 W ASH     : @ 40336.128: touch gesture: no valid gesture detected
04-17 12:33:26.518385   984  1089 W ASH     : @ 40336.193: touch gesture: no valid gesture detected
04-17 12:33:26.582834   984  1089 W ASH     : @ 40336.258: touch gesture: no valid gesture detected
04-17 12:33:26.647530   984  1089 W ASH     : @ 40336.322: touch gesture: no valid gesture detected
04-17 12:33:26.710609   984  1089 W ASH     : @ 40336.387: touch gesture: no valid gesture detected
04-17 12:33:26.776556   984  1089 W ASH     : @ 40336.451: touch gesture: no valid gesture detected
04-17 12:33:26.841009   984  1089 W ASH     : @ 40336.516: touch gesture: no valid gesture detected
04-17 12:33:26.905542   984  1089 W ASH     : @ 40336.580: touch gesture: no valid gesture detected
04-17 12:33:26.970217   984  1089 W ASH     : @ 40336.645: touch gesture: no valid gesture detected
04-17 12:33:27.034655   984  1089 W ASH     : @ 40336.709: touch gesture: no valid gesture detected
04-17 12:33:27.098736   984  1089 W ASH     : @ 40336.774: touch gesture: no valid gesture detected
04-17 12:33:27.163625   984  1089 W ASH     : @ 40336.838: touch gesture: no valid gesture detected
04-17 12:33:27.227914   984  1089 W ASH     : @ 40336.903: touch gesture: no valid gesture detected
04-17 12:33:27.292474   984  1089 W ASH     : @ 40336.967: touch gesture: no valid gesture detected
04-17 12:33:27.357233   984  1089 W ASH     : @ 40337.032: touch gesture: no valid gesture detected
04-17 12:33:27.422150   984  1089 W ASH     : @ 40337.097: touch gesture: no valid gesture detected
04-17 12:33:27.486507   984  1089 W ASH     : @ 40337.161: touch gesture: no valid gesture detected
04-17 12:33:27.551065   984  1089 W ASH     : @ 40337.226: touch gesture: no valid gesture detected
--------- switch to kernel
04-17 12:33:27.587531     0     0 I         : c2   5809 google_charger: usbchg=USB typec=C usbv=5033 usbc=0 usbMv=5000 usbMc=450
04-17 12:33:27.587720     0     0 I         : c2   5809 sm7250_bms: MSC_PCS chg_state=1c2112d01030001 [0x1:1:3:4397:450] chg=u
04-17 12:33:27.587797     0     0 I         : c2   5809 google_battery: MSC_DIN chg_state=1c2112d01030001 f=0x1 chg_s=Not Charging chg_t=None vchg=4397 icl=450
04-17 12:33:27.589962     0     0 I         : c2   5809 google_battery: MSC_DSG vbatt_idx:4->4 vbatt=4397239 ibatt=-5493 fv_uv=4430000 cv_cnt=0 ov_cnt=0
04-17 12:33:27.590030     0     0 I         : c2   5809 google_battery: MSC_VOTE msc_state=2 cv_cnt=0 ov_cnt=0 temp_idx:2, vbatt_idx:4  fv_uv=4430000 cc_max=0 update_interval=-1
04-17 12:33:27.590130     0     0 I         : c2   5809 google_charger: MSC_CHG fv_uv=4430000, cc_max=0, rerun in 2000 ms (0)
--------- switch to main
04-17 12:33:27.615752   984  1089 W ASH     : @ 40337.290: touch gesture: no valid gesture detected
04-17 12:33:27.680047   984  1089 W ASH     : @ 40337.355: touch gesture: no valid gesture detected
04-17 12:33:27.744860   984  1089 W ASH     : @ 40337.420: touch gesture: no valid gesture detected
04-17 12:33:27.809365   984  1089 W ASH     : @ 40337.484: touch gesture: no valid gesture detected
04-17 12:33:27.873899   984  1089 W ASH     : @ 40337.549: touch gesture: no valid gesture detected
04-17 12:33:27.938933   984  1089 W ASH     : @ 40337.614: touch gesture: no valid gesture detected
04-17 12:33:28.003218   984  1089 W ASH     : @ 40337.678: touch gesture: no valid gesture detected
04-17 12:33:28.067736   984  1089 W ASH     : @ 40337.743: touch gesture: no valid gesture detected
04-17 12:33:28.130402   984  1089 W ASH     : @ 40337.807: touch gesture: no valid gesture detected
04-17 12:33:28.196701   984  1089 W ASH     : @ 40337.872: touch gesture: no valid gesture detected
04-17 12:33:28.261581   984  1089 W ASH     : @ 40337.936: touch gesture: no valid gesture detected
04-17 12:33:28.326288   984  1089 W ASH     : @ 40338.001: touch gesture: no valid gesture detected
04-17 12:33:28.390871   984  1089 W ASH     : @ 40338.066: touch gesture: no valid gesture detected
04-17 12:33:28.455744   984  1089 W ASH     : @ 40338.130: touch gesture: no valid gesture detected
04-17 12:33:28.520218   984  1089 W ASH     : @ 40338.195: touch gesture: no valid gesture detected
04-17 12:33:28.584933   984  1089 W ASH     : @ 40338.260: touch gesture: no valid gesture detected
04-17 12:33:28.649301   984  1089 W ASH     : @ 40338.324: touch gesture: no valid gesture detected
04-17 12:33:28.713906   984  1089 W ASH     : @ 40338.389: touch gesture: no valid gesture detected
04-17 12:33:28.778706   984  1089 W ASH     : @ 40338.453: touch gesture: no valid gesture detected
04-17 12:33:28.843295   984  1089 W ASH     : @ 40338.518: touch gesture: no valid gesture detected
04-17 12:33:28.907705   984  1089 W ASH     : @ 40338.583: touch gesture: no valid gesture detected
04-17 12:33:28.972533   984  1089 W ASH     : @ 40338.647: touch gesture: no valid gesture detected
04-17 12:33:29.037172   984  1089 W ASH     : @ 40338.712: touch gesture: no valid gesture detected
04-17 12:33:29.101661   984  1089 W ASH     : @ 40338.777: touch gesture: no valid gesture detected
04-17 12:33:29.166530   984  1089 W ASH     : @ 40338.841: touch gesture: no valid gesture detected
04-17 12:33:29.231002   984  1089 W ASH     : @ 40338.906: touch gesture: no valid gesture detected
04-17 12:33:29.295749   984  1089 W ASH     : @ 40338.970: touch gesture: no valid gesture detected
04-17 12:33:29.360363   984  1089 W ASH     : @ 40339.035: touch gesture: no valid gesture detected
04-17 12:33:29.425293   984  1089 W ASH     : @ 40339.100: touch gesture: no valid gesture detected
04-17 12:33:29.489294   984  1089 W ASH     : @ 40339.164: touch gesture: no valid gesture detected
04-17 12:33:29.554346   984  1089 W ASH     : @ 40339.229: touch gesture: no valid gesture detected
--------- switch to kernel
04-17 12:33:29.603481     0     0 I         : c2   5809 google_charger: usbchg=USB typec=C usbv=5043 usbc=0 usbMv=5000 usbMc=450
04-17 12:33:29.603676     0     0 I         : c2   5809 sm7250_bms: MSC_PCS chg_state=1c2112d01030001 [0x1:1:3:4397:450] chg=u
04-17 12:33:29.603753     0     0 I         : c2   5809 google_battery: MSC_DIN chg_state=1c2112d01030001 f=0x1 chg_s=Not Charging chg_t=None vchg=4397 icl=450
04-17 12:33:29.605702     0     0 I         : c2   5809 google_battery: MSC_DSG vbatt_idx:4->4 vbatt=4397239 ibatt=-5493 fv_uv=4430000 cv_cnt=0 ov_cnt=0
04-17 12:33:29.605767     0     0 I         : c2   5809 google_battery: MSC_VOTE msc_state=2 cv_cnt=0 ov_cnt=0 temp_idx:2, vbatt_idx:4  fv_uv=4430000 cc_max=0 update_interval=-1
04-17 12:33:29.605864     0     0 I         : c2   5809 google_charger: MSC_CHG fv_uv=4430000, cc_max=0, rerun in 2000 ms (0)
--------- switch to main
04-17 12:33:29.617274   984  1089 W ASH     : @ 40339.294: touch gesture: no valid gesture detected
04-17 12:33:29.683854   984  1089 W ASH     : @ 40339.358: touch gesture: no valid gesture detected
04-17 12:33:29.747381   984  1089 W ASH     : @ 40339.423: touch gesture: no valid gesture detected
04-17 12:33:29.812528   984  1089 W ASH     : @ 40339.487: touch gesture: no valid gesture detected
04-17 12:33:29.877399   984  1089 W ASH     : @ 40339.552: touch gesture: no valid gesture detected
04-17 12:33:29.941693   984  1089 W ASH     : @ 40339.617: touch gesture: no valid gesture detected
04-17 12:33:30.006601   984  1089 W ASH     : @ 40339.681: touch gesture: no valid gesture detected
04-17 12:33:30.071539   984  1089 W ASH     : @ 40339.746: touch gesture: no valid gesture detected
04-17 12:33:30.135749   984  1089 W ASH     : @ 40339.810: touch gesture: no valid gesture detected
04-17 12:33:30.200106   984  1089 W ASH     : @ 40339.875: touch gesture: no valid gesture detected
04-17 12:33:30.264831   984  1089 W ASH     : @ 40339.940: touch gesture: no valid gesture detected
04-17 12:33:30.329503   984  1089 W ASH     : @ 40340.004: touch gesture: no valid gesture detected
04-17 12:33:30.393886   984  1089 W ASH     : @ 40340.069: touch gesture: no valid gesture detected
04-17 12:33:30.458518   984  1089 W ASH     : @ 40340.133: touch gesture: no valid gesture detected
04-17 12:33:30.523767   984  1089 W ASH     : @ 40340.198: touch gesture: no valid gesture detected
04-17 12:33:30.587719   984  1089 W ASH     : @ 40340.263: touch gesture: no valid gesture detected
04-17 12:33:30.652825   984  1089 W ASH     : @ 40340.327: touch gesture: no valid gesture detected
04-17 12:33:30.716950   984  1089 W ASH     : @ 40340.392: touch gesture: no valid gesture detected
04-17 12:33:30.781685   984  1089 W ASH     : @ 40340.456: touch gesture: no valid gesture detected
04-17 12:33:30.846441   984  1089 W ASH     : @ 40340.521: touch gesture: no valid gesture detected
04-17 12:33:30.910643   984  1089 W ASH     : @ 40340.585: touch gesture: no valid gesture detected
--------- switch to kernel
04-17 12:33:30.937229     0     0 W         : c1    973 healthd: battery l=100 v=4397 t=22.6 h=2 st=5 c=5493 fc=3349000 cc=353 chg=u
--------- switch to main
04-17 12:33:30.973168   984  1089 W ASH     : @ 40340.650: touch gesture: no valid gesture detected
--------- switch to kernel
04-17 12:33:30.988453     0     0 I         : c4   5819 qcom_rpmh DRV:apps_rsc TCS Busy, retrying RPMH message send: addr=0x30000
04-17 12:33:30.988501     0     0 I         : c4   5819 qcom_rpmh DRV:apps_rsc TCS Busy, retrying RPMH message send: addr=0x30000
04-17 12:33:30.988528     0     0 I         : c4   5819 qcom_rpmh DRV:apps_rsc TCS Busy, retrying RPMH message send: addr=0x30000
--------- switch to main
04-17 12:33:31.037696   984  1089 W ASH     : @ 40340.714: touch gesture: no valid gesture detected
04-17 12:33:31.104017   984  1089 W ASH     : @ 40340.779: touch gesture: no valid gesture detected
04-17 12:33:31.168699   984  1089 W ASH     : @ 40340.843: touch gesture: no valid gesture detected
04-17 12:33:31.233087   984  1089 W ASH     : @ 40340.908: touch gesture: no valid gesture detected
04-17 12:33:31.297630   984  1089 W ASH     : @ 40340.972: touch gesture: no valid gesture detected
04-17 12:33:31.362103   984  1089 W ASH     : @ 40341.037: touch gesture: no valid gesture detected
04-17 12:33:31.426380   984  1089 W ASH     : @ 40341.101: touch gesture: no valid gesture detected
04-17 12:33:31.491453   984  1089 W ASH     : @ 40341.166: touch gesture: no valid gesture detected
04-17 12:33:31.556198   984  1089 W ASH     : @ 40341.230: touch gesture: no valid gesture detected
04-17 12:33:31.620567   984  1089 W ASH     : @ 40341.295: touch gesture: no valid gesture detected
--------- switch to kernel
04-17 12:33:31.617137     0     0 I         : c2   5809 google_charger: usbchg=USB typec=C usbv=5016 usbc=0 usbMv=5000 usbMc=450
04-17 12:33:31.617323     0     0 I         : c2   5809 sm7250_bms: MSC_PCS chg_state=1c2112d01030001 [0x1:1:3:4397:450] chg=u
04-17 12:33:31.617396     0     0 I         : c2   5809 google_battery: MSC_DIN chg_state=1c2112d01030001 f=0x1 chg_s=Not Charging chg_t=None vchg=4397 icl=450
04-17 12:33:31.619146     0     0 I         : c2   5809 google_battery: MSC_DSG vbatt_idx:4->4 vbatt=4397239 ibatt=-5493 fv_uv=4430000 cv_cnt=0 ov_cnt=0
04-17 12:33:31.619320     0     0 I         : c2   5809 google_battery: MSC_VOTE msc_state=2 cv_cnt=0 ov_cnt=0 temp_idx:2, vbatt_idx:4  fv_uv=4430000 cc_max=0 update_interval=-1
04-17 12:33:31.619445     0     0 I         : c2   5809 google_charger: MSC_CHG fv_uv=4430000, cc_max=0, rerun in 2000 ms (0)
--------- switch to main
04-17 12:33:31.685068   984  1089 W ASH     : @ 40341.359: touch gesture: no valid gesture detected
04-17 12:33:31.748323   984  1089 W ASH     : @ 40341.424: touch gesture: no valid gesture detected
04-17 12:33:31.813652   984  1089 W ASH     : @ 40341.489: touch gesture: no valid gesture detected
04-17 12:33:31.878294   984  1089 W ASH     : @ 40341.553: touch gesture: no valid gesture detected
04-17 12:33:31.942897   984  1089 W ASH     : @ 40341.618: touch gesture: no valid gesture detected
04-17 12:33:31.963974   990  1023 D rlsservice: MonitorDisplayStatus client num 0, display status 0, sensor status 0
04-17 12:33:32.007224   984  1089 W ASH     : @ 40341.682: touch gesture: no valid gesture detected
04-17 12:33:32.070551   984  1089 W ASH     : @ 40341.747: touch gesture: no valid gesture detected
04-17 12:33:32.136238   984  1089 W ASH     : @ 40341.811: touch gesture: no valid gesture detected
04-17 12:33:32.200850   984  1089 W ASH     : @ 40341.876: touch gesture: no valid gesture detected
04-17 12:33:32.265230   984  1089 W ASH     : @ 40341.940: touch gesture: no valid gesture detected
04-17 12:33:32.329686   984  1089 W ASH     : @ 40342.005: touch gesture: no valid gesture detected
04-17 12:33:32.394472   984  1089 W ASH     : @ 40342.069: touch gesture: no valid gesture detected
04-17 12:33:32.458990   984  1089 W ASH     : @ 40342.134: touch gesture: no valid gesture detected
04-17 12:33:32.523467   984  1089 W ASH     : @ 40342.198: touch gesture: no valid gesture detected
04-17 12:33:32.588060   984  1089 W ASH     : @ 40342.263: touch gesture: no valid gesture detected
04-17 12:33:32.652383   984  1089 W ASH     : @ 40342.327: touch gesture: no valid gesture detected
04-17 12:33:32.717077   984  1089 W ASH     : @ 40342.392: touch gesture: no valid gesture detected
04-17 12:33:32.781940   984  1089 W ASH     : @ 40342.456: touch gesture: no valid gesture detected
04-17 12:33:32.846334   984  1089 W ASH     : @ 40342.521: touch gesture: no valid gesture detected
04-17 12:33:32.910959   984  1089 W ASH     : @ 40342.585: touch gesture: no valid gesture detected
04-17 12:33:32.975742   984  1089 W ASH     : @ 40342.650: touch gesture: no valid gesture detected
04-17 12:33:33.038988   984  1089 W ASH     : @ 40342.714: touch gesture: no valid gesture detected
04-17 12:33:33.104627   984  1089 W ASH     : @ 40342.779: touch gesture: no valid gesture detected
04-17 12:33:33.169172   984  1089 W ASH     : @ 40342.844: touch gesture: no valid gesture detected
04-17 12:33:33.233230   984  1089 W ASH     : @ 40342.908: touch gesture: no valid gesture detected
04-17 12:33:33.298062   984  1089 W ASH     : @ 40342.973: touch gesture: no valid gesture detected
04-17 12:33:33.362597   984  1089 W ASH     : @ 40343.038: touch gesture: no valid gesture detected
04-17 12:33:33.427351   984  1089 W ASH     : @ 40343.102: touch gesture: no valid gesture detected
04-17 12:33:33.492068   984  1089 W ASH     : @ 40343.167: touch gesture: no valid gesture detected
04-17 12:33:33.556342   984  1089 W ASH     : @ 40343.231: touch gesture: no valid gesture detected
04-17 12:33:33.621106   984  1089 W ASH     : @ 40343.296: touch gesture: no valid gesture detected
--------- switch to kernel
04-17 12:33:33.634069     0     0 I         : c2   5809 google_charger: usbchg=USB typec=C usbv=5037 usbc=0 usbMv=5000 usbMc=450
04-17 12:33:33.634264     0     0 I         : c2   5809 sm7250_bms: MSC_PCS chg_state=1c2112d01030001 [0x1:1:3:4397:450] chg=u
04-17 12:33:33.634342     0     0 I         : c2   5809 google_battery: MSC_DIN chg_state=1c2112d01030001 f=0x1 chg_s=Not Charging chg_t=None vchg=4397 icl=450
04-17 12:33:33.636017     0     0 I         : c2   5809 google_battery: MSC_DSG vbatt_idx:4->4 vbatt=4397239 ibatt=-5493 fv_uv=4430000 cv_cnt=0 ov_cnt=0
04-17 12:33:33.636086     0     0 I         : c2   5809 google_battery: MSC_VOTE msc_state=2 cv_cnt=0 ov_cnt=0 temp_idx:2, vbatt_idx:4  fv_uv=4430000 cc_max=0 update_interval=-1
04-17 12:33:33.636189     0     0 I         : c2   5809 google_charger: MSC_CHG fv_uv=4430000, cc_max=0, rerun in 2000 ms (0)
--------- switch to main
04-17 12:33:33.685594   984  1089 W ASH     : @ 40343.360: touch gesture: no valid gesture detected
04-17 12:33:33.750103   984  1089 W ASH     : @ 40343.425: touch gesture: no valid gesture detected
04-17 12:33:33.814771   984  1089 W ASH     : @ 40343.489: touch gesture: no valid gesture detected
04-17 12:33:33.879595   984  1089 W ASH     : @ 40343.554: touch gesture: no valid gesture detected
04-17 12:33:33.944162   984  1089 W ASH     : @ 40343.619: touch gesture: no valid gesture detected
04-17 12:33:34.008765   984  1089 W ASH     : @ 40343.683: touch gesture: no valid gesture detected
04-17 12:33:34.072773   984  1089 W ASH     : @ 40343.748: touch gesture: no valid gesture detected
04-17 12:33:34.137875   984  1089 W ASH     : @ 40343.812: touch gesture: no valid gesture detected
04-17 12:33:34.202260   984  1089 W ASH     : @ 40343.877: touch gesture: no valid gesture detected
04-17 12:33:34.267022   984  1089 W ASH     : @ 40343.942: touch gesture: no valid gesture detected
04-17 12:33:34.331884   984  1089 W ASH     : @ 40344.006: touch gesture: no valid gesture detected
04-17 12:33:34.395880   984  1089 W ASH     : @ 40344.071: touch gesture: no valid gesture detected
04-17 12:33:34.460495   984  1089 W ASH     : @ 40344.135: touch gesture: no valid gesture detected
04-17 12:33:34.523492   984  1089 W ASH     : @ 40344.200: touch gesture: no valid gesture detected
04-17 12:33:34.589613   984  1089 W ASH     : @ 40344.264: touch gesture: no valid gesture detected
04-17 12:33:34.653640   984  1089 W ASH     : @ 40344.329: touch gesture: no valid gesture detected
04-17 12:33:34.718587   984  1089 W ASH     : @ 40344.393: touch gesture: no valid gesture detected
04-17 12:33:34.782938   984  1089 W ASH     : @ 40344.458: touch gesture: no valid gesture detected
04-17 12:33:34.847740   984  1089 W ASH     : @ 40344.522: touch gesture: no valid gesture detected
04-17 12:33:34.912372   984  1089 W ASH     : @ 40344.587: touch gesture: no valid gesture detected
04-17 12:33:34.976563   984  1089 W ASH     : @ 40344.651: touch gesture: no valid gesture detected
04-17 12:33:35.041449   984  1089 W ASH     : @ 40344.716: touch gesture: no valid gesture detected
04-17 12:33:35.105890   984  1089 W ASH     : @ 40344.781: touch gesture: no valid gesture detected
04-17 12:33:35.170206   984  1089 W ASH     : @ 40344.845: touch gesture: no valid gesture detected
04-17 12:33:35.234580   984  1089 W ASH     : @ 40344.910: touch gesture: no valid gesture detected
04-17 12:33:35.299387   984  1089 W ASH     : @ 40344.974: touch gesture: no valid gesture detected
04-17 12:33:35.364102   984  1089 W ASH     : @ 40345.039: touch gesture: no valid gesture detected
04-17 12:33:35.428620   984  1089 W ASH     : @ 40345.103: touch gesture: no valid gesture detected
04-17 12:33:35.493236   984  1089 W ASH     : @ 40345.168: touch gesture: no valid gesture detected
04-17 12:33:35.558064   984  1089 W ASH     : @ 40345.233: touch gesture: no valid gesture detected
04-17 12:33:35.622165   984  1089 W ASH     : @ 40345.297: touch gesture: no valid gesture detected
--------- switch to kernel
04-17 12:33:35.650576     0     0 I         : c2   5809 google_charger: usbchg=USB typec=C usbv=5050 usbc=0 usbMv=5000 usbMc=450
04-17 12:33:35.650757     0     0 I         : c2   5809 sm7250_bms: MSC_PCS chg_state=1c2112d01030001 [0x1:1:3:4397:450] chg=u
04-17 12:33:35.650827     0     0 I         : c2   5809 google_battery: MSC_DIN chg_state=1c2112d01030001 f=0x1 chg_s=Not Charging chg_t=None vchg=4397 icl=450
04-17 12:33:35.652242     0     0 I         : c2   5809 google_battery: MSC_DSG vbatt_idx:4->4 vbatt=4397239 ibatt=-5493 fv_uv=4430000 cv_cnt=0 ov_cnt=0
04-17 12:33:35.652297     0     0 I         : c2   5809 google_battery: MSC_VOTE msc_state=2 cv_cnt=0 ov_cnt=0 temp_idx:2, vbatt_idx:4  fv_uv=4430000 cc_max=0 update_interval=-1
04-17 12:33:35.652382     0     0 I         : c2   5809 google_charger: MSC_CHG fv_uv=4430000, cc_max=0, rerun in 2000 ms (0)
--------- switch to main
04-17 12:33:35.686693   984  1089 W ASH     : @ 40345.362: touch gesture: no valid gesture detected
04-17 12:33:35.751523   984  1089 W ASH     : @ 40345.426: touch gesture: no valid gesture detected
04-17 12:33:35.816181   984  1089 W ASH     : @ 40345.491: touch gesture: no valid gesture detected
04-17 12:33:35.880690   984  1089 W ASH     : @ 40345.555: touch gesture: no valid gesture detected
04-17 12:33:35.945415   984  1089 W ASH     : @ 40345.620: touch gesture: no valid gesture detected
04-17 12:33:36.009847   984  1089 W ASH     : @ 40345.685: touch gesture: no valid gesture detected
04-17 12:33:36.074542   984  1089 W ASH     : @ 40345.749: touch gesture: no valid gesture detected
04-17 12:33:36.138926   984  1089 W ASH     : @ 40345.814: touch gesture: no valid gesture detected
04-17 12:33:36.203512   984  1089 W ASH     : @ 40345.878: touch gesture: no valid gesture detected
04-17 12:33:36.267815   984  1089 W ASH     : @ 40345.943: touch gesture: no valid gesture detected
04-17 12:33:36.332504   984  1089 W ASH     : @ 40346.007: touch gesture: no valid gesture detected
04-17 12:33:36.396923   984  1089 W ASH     : @ 40346.072: touch gesture: no valid gesture detected
04-17 12:33:36.461415   984  1089 W ASH     : @ 40346.136: touch gesture: no valid gesture detected
04-17 12:33:36.526181   984  1089 W ASH     : @ 40346.201: touch gesture: no valid gesture detected
04-17 12:33:36.590480   984  1089 W ASH     : @ 40346.265: touch gesture: no valid gesture detected
04-17 12:33:36.654022   984  1089 W ASH     : @ 40346.330: touch gesture: no valid gesture detected
04-17 12:33:36.719859   984  1089 W ASH     : @ 40346.395: touch gesture: no valid gesture detected
--------- switch to kernel
04-17 12:33:36.722266     0     0 I         : c1   5798 qcom_rpmh DRV:apps_rsc TCS Busy, retrying RPMH message send: addr=0x30000
04-17 12:33:36.722336     0     0 I         : c1   5798 qcom_rpmh DRV:apps_rsc TCS Busy, retrying RPMH message send: addr=0x30000
--------- switch to main
04-17 12:33:36.784274   984  1089 W ASH     : @ 40346.459: touch gesture: no valid gesture detected
04-17 12:33:36.848725   984  1089 W ASH     : @ 40346.523: touch gesture: no valid gesture detected
04-17 12:33:36.913391   984  1089 W ASH     : @ 40346.588: touch gesture: no valid gesture detected
04-17 12:33:36.978081   984  1089 W ASH     : @ 40346.653: touch gesture: no valid gesture detected
04-17 12:33:37.042338   984  1089 W ASH     : @ 40346.717: touch gesture: no valid gesture detected
04-17 12:33:37.107077   984  1089 W ASH     : @ 40346.782: touch gesture: no valid gesture detected
04-17 12:33:37.172080   984  1089 W ASH     : @ 40346.847: touch gesture: no valid gesture detected
04-17 12:33:37.236277   984  1089 W ASH     : @ 40346.911: touch gesture: no valid gesture detected
04-17 12:33:37.300892   984  1089 W ASH     : @ 40346.976: touch gesture: no valid gesture detected
04-17 12:33:37.365520   984  1089 W ASH     : @ 40347.040: touch gesture: no valid gesture detected
04-17 12:33:37.429937   984  1089 W ASH     : @ 40347.105: touch gesture: no valid gesture detected
04-17 12:33:37.494707   984  1089 W ASH     : @ 40347.169: touch gesture: no valid gesture detected
