--------- switch to kernel
04-17 13:11:44.968907     0     0 I         : c2   5913 google_charger: usbchg=USB typec=C usbv=5038 usbc=0 usbMv=5000 usbMc=450
04-17 13:11:44.969081     0     0 I         : c2   5913 sm7250_bms: MSC_PCS chg_state=1c2112a01030001 [0x1:1:3:4394:450] chg=u
04-17 13:11:44.969149     0     0 I         : c2   5913 google_battery: MSC_DIN chg_state=1c2112a01030001 f=0x1 chg_s=Not Charging chg_t=None vchg=4394 icl=450
04-17 13:11:44.971215     0     0 I         : c2   5913 google_battery: MSC_DSG vbatt_idx:4->4 vbatt=4394124 ibatt=-4882 fv_uv=4430000 cv_cnt=0 ov_cnt=0
04-17 13:11:44.971274     0     0 I         : c2   5913 google_battery: MSC_VOTE msc_state=2 cv_cnt=0 ov_cnt=0 temp_idx:2, vbatt_idx:4  fv_uv=4430000 cc_max=0 update_interval=-1
04-17 13:11:44.971363     0     0 I         : c2   5913 google_charger: MSC_CHG fv_uv=4430000, cc_max=0, rerun in 2000 ms (0)
04-17 13:11:46.987124     0     0 I         : c2   5913 google_charger: usbchg=USB typec=C usbv=5050 usbc=0 usbMv=5000 usbMc=450
04-17 13:11:46.987316     0     0 I         : c2   5913 sm7250_bms: MSC_PCS chg_state=1c2112a01030001 [0x1:1:3:4394:450] chg=u
04-17 13:11:46.987392     0     0 I         : c2   5913 google_battery: MSC_DIN chg_state=1c2112a01030001 f=0x1 chg_s=Not Charging chg_t=None vchg=4394 icl=450
04-17 13:11:46.989173     0     0 I         : c2   5913 google_battery: MSC_DSG vbatt_idx:4->4 vbatt=4394124 ibatt=-4882 fv_uv=4430000 cv_cnt=0 ov_cnt=0
04-17 13:11:46.989240     0     0 I         : c2   5913 google_battery: MSC_VOTE msc_state=2 cv_cnt=0 ov_cnt=0 temp_idx:2, vbatt_idx:4  fv_uv=4430000 cc_max=0 update_interval=-1
04-17 13:11:46.989349     0     0 I         : c2   5913 google_charger: MSC_CHG fv_uv=4430000, cc_max=0, rerun in 2000 ms (0)
04-17 13:11:49.001571     0     0 I         : c2   5913 google_charger: usbchg=USB typec=C usbv=5039 usbc=0 usbMv=5000 usbMc=450
04-17 13:11:49.001880     0     0 I         : c2   5913 sm7250_bms: MSC_PCS chg_state=1c2112a01030001 [0x1:1:3:4394:450] chg=u
04-17 13:11:49.001953     0     0 I         : c2   5913 google_battery: MSC_DIN chg_state=1c2112a01030001 f=0x1 chg_s=Not Charging chg_t=None vchg=4394 icl=450
04-17 13:11:49.003588     0     0 I         : c2   5913 google_battery: MSC_DSG vbatt_idx:4->4 vbatt=4394124 ibatt=-4882 fv_uv=4430000 cv_cnt=0 ov_cnt=0
04-17 13:11:49.003652     0     0 I         : c2   5913 google_battery: MSC_VOTE msc_state=2 cv_cnt=0 ov_cnt=0 temp_idx:2, vbatt_idx:4  fv_uv=4430000 cc_max=0 update_interval=-1
04-17 13:11:49.003743     0     0 I         : c2   5913 google_charger: MSC_CHG fv_uv=4430000, cc_max=0, rerun in 2000 ms (0)
04-17 13:11:51.018224     0     0 I         : c2   5913 google_charger: usbchg=USB typec=C usbv=5051 usbc=0 usbMv=5000 usbMc=450
04-17 13:11:51.018412     0     0 I         : c2   5913 sm7250_bms: MSC_PCS chg_state=1c2112a01030001 [0x1:1:3:4394:450] chg=u
04-17 13:11:51.018593     0     0 I         : c2   5913 google_battery: MSC_DIN chg_state=1c2112a01030001 f=0x1 chg_s=Not Charging chg_t=None vchg=4394 icl=450
04-17 13:11:51.020305     0     0 I         : c2   5913 google_battery: MSC_DSG vbatt_idx:4->4 vbatt=4394124 ibatt=-4882 fv_uv=4430000 cv_cnt=0 ov_cnt=0
04-17 13:11:51.020376     0     0 I         : c2   5913 google_battery: MSC_VOTE msc_state=2 cv_cnt=0 ov_cnt=0 temp_idx:2, vbatt_idx:4  fv_uv=4430000 cc_max=0 update_interval=-1
04-17 13:11:51.020481     0     0 I         : c2   5913 google_charger: MSC_CHG fv_uv=4430000, cc_max=0, rerun in 2000 ms (0)
04-17 13:11:53.032035     0     0 I         : c2   5913 google_charger: usbchg=USB typec=C usbv=5044 usbc=0 usbMv=5000 usbMc=450
04-17 13:11:53.032217     0     0 I         : c2   5913 sm7250_bms: MSC_PCS chg_state=1c2112a01030001 [0x1:1:3:4394:450] chg=u
04-17 13:11:53.032277     0     0 I         : c2   5913 google_battery: MSC_DIN chg_state=1c2112a01030001 f=0x1 chg_s=Not Charging chg_t=None vchg=4394 icl=450
04-17 13:11:53.033709     0     0 I         : c2   5913 google_battery: MSC_DSG vbatt_idx:4->4 vbatt=4394124 ibatt=-4882 fv_uv=4430000 cv_cnt=0 ov_cnt=0
04-17 13:11:53.033770     0     0 I         : c2   5913 google_battery: MSC_VOTE msc_state=2 cv_cnt=0 ov_cnt=0 temp_idx:2, vbatt_idx:4  fv_uv=4430000 cc_max=0 update_interval=-1
04-17 13:11:53.033856     0     0 I         : c2   5913 google_charger: MSC_CHG fv_uv=4430000, cc_max=0, rerun in 2000 ms (0)
04-17 13:11:55.043768     0     0 I         : c2   5913 google_charger: usbchg=USB typec=C usbv=5028 usbc=18 usbMv=5000 usbMc=450
04-17 13:11:55.043952     0     0 I         : c2   5913 sm7250_bms: MSC_PCS chg_state=1c2112a01030001 [0x1:1:3:4394:450] chg=u
04-17 13:11:55.044029     0     0 I         : c2   5913 google_battery: MSC_DIN chg_state=1c2112a01030001 f=0x1 chg_s=Not Charging chg_t=None vchg=4394 icl=450
04-17 13:11:55.047985     0     0 I         : c2   5913 google_battery: MSC_DSG vbatt_idx:4->4 vbatt=4394124 ibatt=-5187 fv_uv=4430000 cv_cnt=0 ov_cnt=0
04-17 13:11:55.048048     0     0 I         : c2   5913 google_battery: MSC_VOTE msc_state=2 cv_cnt=0 ov_cnt=0 temp_idx:2, vbatt_idx:4  fv_uv=4430000 cc_max=0 update_interval=-1
04-17 13:11:55.048144     0     0 I         : c2   5913 google_charger: MSC_CHG fv_uv=4430000, cc_max=0, rerun in 2000 ms (0)
04-17 13:11:57.061583     0     0 I         : c2   5913 google_charger: usbchg=USB typec=C usbv=5054 usbc=0 usbMv=5000 usbMc=450
04-17 13:11:57.061785     0     0 I         : c2   5913 sm7250_bms: MSC_PCS chg_state=1c2112a01030001 [0x1:1:3:4394:450] chg=u
04-17 13:11:57.061866     0     0 I         : c2   5913 google_battery: MSC_DIN chg_state=1c2112a01030001 f=0x1 chg_s=Not Charging chg_t=None vchg=4394 icl=450
04-17 13:11:57.066504     0     0 I         : c2   5913 google_battery: MSC_DSG vbatt_idx:4->4 vbatt=4394124 ibatt=-5187 fv_uv=4430000 cv_cnt=0 ov_cnt=0
04-17 13:11:57.066577     0     0 I         : c2   5913 google_battery: MSC_VOTE msc_state=2 cv_cnt=0 ov_cnt=0 temp_idx:2, vbatt_idx:4  fv_uv=4430000 cc_max=0 update_interval=-1
04-17 13:11:57.066694     0     0 I         : c2   5913 google_charger: MSC_CHG fv_uv=4430000, cc_max=0, rerun in 2000 ms (0)
04-17 13:11:59.083021     0     0 I         : c2   5913 google_charger: usbchg=USB typec=C usbv=5051 usbc=0 usbMv=5000 usbMc=450
04-17 13:11:59.083326     0     0 I         : c2   5913 sm7250_bms: MSC_PCS chg_state=1c2112a01030001 [0x1:1:3:4394:450] chg=u
04-17 13:11:59.083426     0     0 I         : c2   5913 google_battery: MSC_DIN chg_state=1c2112a01030001 f=0x1 chg_s=Not Charging chg_t=None vchg=4394 icl=450
04-17 13:11:59.085332     0     0 I         : c2   5913 google_battery: MSC_DSG vbatt_idx:4->4 vbatt=4394124 ibatt=-5187 fv_uv=4430000 cv_cnt=0 ov_cnt=0
04-17 13:11:59.085402     0     0 I         : c2   5913 google_battery: MSC_VOTE msc_state=2 cv_cnt=0 ov_cnt=0 temp_idx:2, vbatt_idx:4  fv_uv=4430000 cc_max=0 update_interval=-1
04-17 13:11:59.085501     0     0 I         : c2   5913 google_charger: MSC_CHG fv_uv=4430000, cc_max=0, rerun in 2000 ms (0)
04-17 13:12:01.102273     0     0 I         : c2   5913 google_charger: usbchg=USB typec=C usbv=5052 usbc=0 usbMv=5000 usbMc=450
04-17 13:12:01.102461     0     0 I         : c2   5913 sm7250_bms: MSC_PCS chg_state=1c2112a01030001 [0x1:1:3:4394:450] chg=u
04-17 13:12:01.102536     0     0 I         : c2   5913 google_battery: MSC_DIN chg_state=1c2112a01030001 f=0x1 chg_s=Not Charging chg_t=None vchg=4394 icl=450
04-17 13:12:01.103968     0     0 I         : c2   5913 google_battery: MSC_DSG vbatt_idx:4->4 vbatt=4394124 ibatt=-5187 fv_uv=4430000 cv_cnt=0 ov_cnt=0
04-17 13:12:01.104030     0     0 I         : c2   5913 google_battery: MSC_VOTE msc_state=2 cv_cnt=0 ov_cnt=0 temp_idx:2, vbatt_idx:4  fv_uv=4430000 cc_max=0 update_interval=-1
04-17 13:12:01.104381     0     0 I         : c2   5913 google_charger: MSC_CHG fv_uv=4430000, cc_max=0, rerun in 2000 ms (0)
--------- switch to main
04-17 13:12:02.143456   990  1023 D rlsservice: MonitorDisplayStatus client num 0, display status 0, sensor status 0
--------- switch to kernel
04-17 13:12:03.111418     0     0 I         : c2   5913 google_charger: usbchg=USB typec=C usbv=5044 usbc=7 usbMv=5000 usbMc=450
04-17 13:12:03.111610     0     0 I         : c2   5913 sm7250_bms: MSC_PCS chg_state=1c2112a01030001 [0x1:1:3:4394:450] chg=u
04-17 13:12:03.111676     0     0 I         : c2   5913 google_battery: MSC_DIN chg_state=1c2112a01030001 f=0x1 chg_s=Not Charging chg_t=None vchg=4394 icl=450
04-17 13:12:03.116859     0     0 I         : c2   5913 google_battery: MSC_DSG vbatt_idx:4->4 vbatt=4394124 ibatt=-5187 fv_uv=4430000 cv_cnt=0 ov_cnt=0
04-17 13:12:03.116927     0     0 I         : c2   5913 google_battery: MSC_VOTE msc_state=2 cv_cnt=0 ov_cnt=0 temp_idx:2, vbatt_idx:4  fv_uv=4430000 cc_max=0 update_interval=-1
04-17 13:12:03.117016     0     0 I         : c2   5913 google_charger: MSC_CHG fv_uv=4430000, cc_max=0, rerun in 2000 ms (0)
04-17 13:12:05.133944     0     0 I         : c2   5913 google_charger: usbchg=USB typec=C usbv=5052 usbc=0 usbMv=5000 usbMc=450
04-17 13:12:05.134492     0     0 I         : c2   5913 sm7250_bms: MSC_PCS chg_state=1c2112a01030001 [0x1:1:3:4394:450] chg=u
04-17 13:12:05.134566     0     0 I         : c2   5913 google_battery: MSC_DIN chg_state=1c2112a01030001 f=0x1 chg_s=Not Charging chg_t=None vchg=4394 icl=450
04-17 13:12:05.136531     0     0 I         : c2   5913 google_battery: MSC_DSG vbatt_idx:4->4 vbatt=4394124 ibatt=-5187 fv_uv=4430000 cv_cnt=0 ov_cnt=0
04-17 13:12:05.136598     0     0 I         : c2   5913 google_battery: MSC_VOTE msc_state=2 cv_cnt=0 ov_cnt=0 temp_idx:2, vbatt_idx:4  fv_uv=4430000 cc_max=0 update_interval=-1
04-17 13:12:05.136694     0     0 I         : c2   5913 google_charger: MSC_CHG fv_uv=4430000, cc_max=0, rerun in 2000 ms (0)
04-17 13:12:07.152351     0     0 I         : c2   5913 google_charger: usbchg=USB typec=C usbv=5054 usbc=0 usbMv=5000 usbMc=450
04-17 13:12:07.152537     0     0 I         : c2   5913 sm7250_bms: MSC_PCS chg_state=1c2112a01030001 [0x1:1:3:4394:450] chg=u
04-17 13:12:07.152612     0     0 I         : c2   5913 google_battery: MSC_DIN chg_state=1c2112a01030001 f=0x1 chg_s=Not Charging chg_t=None vchg=4394 icl=450
04-17 13:12:07.154027     0     0 I         : c2   5913 google_battery: MSC_DSG vbatt_idx:4->4 vbatt=4394124 ibatt=-5187 fv_uv=4430000 cv_cnt=0 ov_cnt=0
04-17 13:12:07.154223     0     0 I         : c2   5913 google_battery: MSC_VOTE msc_state=2 cv_cnt=0 ov_cnt=0 temp_idx:2, vbatt_idx:4  fv_uv=4430000 cc_max=0 update_interval=-1
04-17 13:12:07.154325     0     0 I         : c2   5913 google_charger: MSC_CHG fv_uv=4430000, cc_max=0, rerun in 2000 ms (0)
04-17 13:12:07.549588     0     0 I         : c5   5920 qcom_rpmh DRV:apps_rsc TCS Busy, retrying RPMH message send: addr=0x30000
04-17 13:12:07.549652     0     0 I         : c5   5920 qcom_rpmh DRV:apps_rsc TCS Busy, retrying RPMH message send: addr=0x30000
04-17 13:12:09.168531     0     0 I         : c2   5913 google_charger: usbchg=USB typec=C usbv=5038 usbc=0 usbMv=5000 usbMc=450
04-17 13:12:09.168717     0     0 I         : c2   5913 sm7250_bms: MSC_PCS chg_state=1c2112a01030001 [0x1:1:3:4394:450] chg=u
04-17 13:12:09.168793     0     0 I         : c2   5913 google_battery: MSC_DIN chg_state=1c2112a01030001 f=0x1 chg_s=Not Charging chg_t=None vchg=4394 icl=450
04-17 13:12:09.171359     0     0 I         : c2   5913 google_battery: MSC_DSG vbatt_idx:4->4 vbatt=4394124 ibatt=-5187 fv_uv=4430000 cv_cnt=0 ov_cnt=0
04-17 13:12:09.171425     0     0 I         : c2   5913 google_battery: MSC_VOTE msc_state=2 cv_cnt=0 ov_cnt=0 temp_idx:2, vbatt_idx:4  fv_uv=4430000 cc_max=0 update_interval=-1
04-17 13:12:09.171534     0     0 I         : c2   5913 google_charger: MSC_CHG fv_uv=4430000, cc_max=0, rerun in 2000 ms (0)
04-17 13:12:11.185350     0     0 I         : c2   5913 google_charger: usbchg=USB typec=C usbv=5046 usbc=0 usbMv=5000 usbMc=450
04-17 13:12:11.185538     0     0 I         : c2   5913 sm7250_bms: MSC_PCS chg_state=1c2112a01030001 [0x1:1:3:4394:450] chg=u
04-17 13:12:11.185611     0     0 I         : c2   5913 google_battery: MSC_DIN chg_state=1c2112a01030001 f=0x1 chg_s=Not Charging chg_t=None vchg=4394 icl=450
04-17 13:12:11.187364     0     0 I         : c2   5913 google_battery: MSC_DSG vbatt_idx:4->4 vbatt=4394124 ibatt=-4272 fv_uv=4430000 cv_cnt=0 ov_cnt=0
04-17 13:12:11.187638     0     0 I         : c2   5913 google_battery: MSC_VOTE msc_state=2 cv_cnt=0 ov_cnt=0 temp_idx:2, vbatt_idx:4  fv_uv=4430000 cc_max=0 update_interval=-1
04-17 13:12:11.187746     0     0 I         : c2   5913 google_charger: MSC_CHG fv_uv=4430000, cc_max=0, rerun in 2000 ms (0)
04-17 13:12:13.196866     0     0 I         : c2   5913 google_charger: usbchg=USB typec=C usbv=5043 usbc=0 usbMv=5000 usbMc=450
04-17 13:12:13.197050     0     0 I         : c2   5913 sm7250_bms: MSC_PCS chg_state=1c2112a01030001 [0x1:1:3:4394:450] chg=u
04-17 13:12:13.197108     0     0 I         : c2   5913 google_battery: MSC_DIN chg_state=1c2112a01030001 f=0x1 chg_s=Not Charging chg_t=None vchg=4394 icl=450
04-17 13:12:13.202630     0     0 I         : c2   5913 google_battery: MSC_DSG vbatt_idx:4->4 vbatt=4394124 ibatt=-4272 fv_uv=4430000 cv_cnt=0 ov_cnt=0
04-17 13:12:13.202694     0     0 I         : c2   5913 google_battery: MSC_VOTE msc_state=2 cv_cnt=0 ov_cnt=0 temp_idx:2, vbatt_idx:4  fv_uv=4430000 cc_max=0 update_interval=-1
04-17 13:12:13.202772     0     0 I         : c2   5913 google_charger: MSC_CHG fv_uv=4430000, cc_max=0, rerun in 2000 ms (0)
04-17 13:12:15.219594     0     0 I         : c2   5913 google_charger: usbchg=USB typec=C usbv=5053 usbc=0 usbMv=5000 usbMc=450
04-17 13:12:15.219766     0     0 I         : c2   5913 sm7250_bms: MSC_PCS chg_state=1c2112a01030001 [0x1:1:3:4394:450] chg=u
04-17 13:12:15.219837     0     0 I         : c2   5913 google_battery: MSC_DIN chg_state=1c2112a01030001 f=0x1 chg_s=Not Charging chg_t=None vchg=4394 icl=450
04-17 13:12:15.221660     0     0 I         : c2   5913 google_battery: MSC_DSG vbatt_idx:4->4 vbatt=4394124 ibatt=-4272 fv_uv=4430000 cv_cnt=0 ov_cnt=0
04-17 13:12:15.221717     0     0 I         : c2   5913 google_battery: MSC_VOTE msc_state=2 cv_cnt=0 ov_cnt=0 temp_idx:2, vbatt_idx:4  fv_uv=4430000 cc_max=0 update_interval=-1
04-17 13:12:15.221798     0     0 I         : c2   5913 google_charger: MSC_CHG fv_uv=4430000, cc_max=0, rerun in 2000 ms (0)
04-17 13:12:17.236777     0     0 I         : c2   5913 google_charger: usbchg=USB typec=C usbv=5038 usbc=0 usbMv=5000 usbMc=450
04-17 13:12:17.236959     0     0 I         : c2   5913 sm7250_bms: MSC_PCS chg_state=1c2112a01030001 [0x1:1:3:4394:450] chg=u
04-17 13:12:17.237029     0     0 I         : c2   5913 google_battery: MSC_DIN chg_state=1c2112a01030001 f=0x1 chg_s=Not Charging chg_t=None vchg=4394 icl=450
04-17 13:12:17.238727     0     0 I         : c2   5913 google_battery: MSC_DSG vbatt_idx:4->4 vbatt=4394124 ibatt=-4272 fv_uv=4430000 cv_cnt=0 ov_cnt=0
04-17 13:12:17.238794     0     0 I         : c2   5913 google_battery: MSC_VOTE msc_state=2 cv_cnt=0 ov_cnt=0 temp_idx:2, vbatt_idx:4  fv_uv=4430000 cc_max=0 update_interval=-1
04-17 13:12:17.238892     0     0 I         : c2   5913 google_charger: MSC_CHG fv_uv=4430000, cc_max=0, rerun in 2000 ms (0)
04-17 13:12:19.254702     0     0 I         : c2   5913 google_charger: usbchg=USB typec=C usbv=5053 usbc=0 usbMv=5000 usbMc=450
04-17 13:12:19.254891     0     0 I         : c2   5913 sm7250_bms: MSC_PCS chg_state=1c2112a01030001 [0x1:1:3:4394:450] chg=u
04-17 13:12:19.254965     0     0 I         : c2   5913 google_battery: MSC_DIN chg_state=1c2112a01030001 f=0x1 chg_s=Not Charging chg_t=None vchg=4394 icl=450
04-17 13:12:19.256611     0     0 I         : c2   5913 google_battery: MSC_DSG vbatt_idx:4->4 vbatt=4394124 ibatt=-4272 fv_uv=4430000 cv_cnt=0 ov_cnt=0
04-17 13:12:19.256672     0     0 I         : c2   5913 google_battery: MSC_VOTE msc_state=2 cv_cnt=0 ov_cnt=0 temp_idx:2, vbatt_idx:4  fv_uv=4430000 cc_max=0 update_interval=-1
04-17 13:12:19.256772     0     0 I         : c2   5913 google_charger: MSC_CHG fv_uv=4430000, cc_max=0, rerun in 2000 ms (0)
04-17 13:12:21.270440     0     0 I         : c2   5913 google_charger: usbchg=USB typec=C usbv=5048 usbc=0 usbMv=5000 usbMc=450
04-17 13:12:21.270925     0     0 I         : c2   5913 sm7250_bms: MSC_PCS chg_state=1c2112a01030001 [0x1:1:3:4394:450] chg=u
04-17 13:12:21.271041     0     0 I         : c2   5913 google_battery: MSC_DIN chg_state=1c2112a01030001 f=0x1 chg_s=Not Charging chg_t=None vchg=4394 icl=450
04-17 13:12:21.272631     0     0 I         : c2   5913 google_battery: MSC_DSG vbatt_idx:4->4 vbatt=4394124 ibatt=-4272 fv_uv=4430000 cv_cnt=0 ov_cnt=0
04-17 13:12:21.272716     0     0 I         : c2   5913 google_battery: MSC_VOTE msc_state=2 cv_cnt=0 ov_cnt=0 temp_idx:2, vbatt_idx:4  fv_uv=4430000 cc_max=0 update_interval=-1
04-17 13:12:21.272827     0     0 I         : c2   5913 google_charger: MSC_CHG fv_uv=4430000, cc_max=0, rerun in 2000 ms (0)
04-17 13:12:23.286916     0     0 I         : c2   5913 google_charger: usbchg=USB typec=C usbv=5050 usbc=0 usbMv=5000 usbMc=450
04-17 13:12:23.287096     0     0 I         : c2   5913 sm7250_bms: MSC_PCS chg_state=1c2112a01030001 [0x1:1:3:4394:450] chg=u
04-17 13:12:23.287166     0     0 I         : c2   5913 google_battery: MSC_DIN chg_state=1c2112a01030001 f=0x1 chg_s=Not Charging chg_t=None vchg=4394 icl=450
04-17 13:12:23.288677     0     0 I         : c2   5913 google_battery: MSC_DSG vbatt_idx:4->4 vbatt=4394124 ibatt=-4272 fv_uv=4430000 cv_cnt=0 ov_cnt=0
04-17 13:12:23.288732     0     0 I         : c2   5913 google_battery: MSC_VOTE msc_state=2 cv_cnt=0 ov_cnt=0 temp_idx:2, vbatt_idx:4  fv_uv=4430000 cc_max=0 update_interval=-1
04-17 13:12:23.288810     0     0 I         : c2   5913 google_charger: MSC_CHG fv_uv=4430000, cc_max=0, rerun in 2000 ms (0)
04-17 13:12:25.302887     0     0 I         : c2   5913 google_charger: usbchg=USB typec=C usbv=5054 usbc=0 usbMv=5000 usbMc=450
04-17 13:12:25.303074     0     0 I         : c2   5913 sm7250_bms: MSC_PCS chg_state=1c2112a01030001 [0x1:1:3:4394:450] chg=u
04-17 13:12:25.303147     0     0 I         : c2   5913 google_battery: MSC_DIN chg_state=1c2112a01030001 f=0x1 chg_s=Not Charging chg_t=None vchg=4394 icl=450
04-17 13:12:25.304555     0     0 I         : c2   5913 google_battery: MSC_DSG vbatt_idx:4->4 vbatt=4394124 ibatt=-4272 fv_uv=4430000 cv_cnt=0 ov_cnt=0
04-17 13:12:25.304640     0     0 I         : c2   5913 google_battery: MSC_VOTE msc_state=2 cv_cnt=0 ov_cnt=0 temp_idx:2, vbatt_idx:4  fv_uv=4430000 cc_max=0 update_interval=-1
04-17 13:12:25.304724     0     0 I         : c2   5913 google_charger: MSC_CHG fv_uv=4430000, cc_max=0, rerun in 2000 ms (0)
04-17 13:12:27.317721     0     0 I         : c2   5913 google_charger: usbchg=USB typec=C usbv=5052 usbc=4 usbMv=5000 usbMc=450
04-17 13:12:27.317898     0     0 I         : c2   5913 sm7250_bms: MSC_PCS chg_state=1c2112a01030001 [0x1:1:3:4394:450] chg=u
04-17 13:12:27.317967     0     0 I         : c2   5913 google_battery: MSC_DIN chg_state=1c2112a01030001 f=0x1 chg_s=Not Charging chg_t=None vchg=4394 icl=450
04-17 13:12:27.319508     0     0 I         : c2   5913 google_battery: MSC_DSG vbatt_idx:4->4 vbatt=4394124 ibatt=-6103 fv_uv=4430000 cv_cnt=0 ov_cnt=0
04-17 13:12:27.319572     0     0 I         : c2   5913 google_battery: MSC_VOTE msc_state=2 cv_cnt=0 ov_cnt=0 temp_idx:2, vbatt_idx:4  fv_uv=4430000 cc_max=0 update_interval=-1
04-17 13:12:27.320480     0     0 I         : c2   5913 google_charger: MSC_CHG fv_uv=4430000, cc_max=0, rerun in 2000 ms (0)
04-17 13:12:29.328563     0     0 I         : c2   5913 google_charger: usbchg=USB typec=C usbv=5044 usbc=0 usbMv=5000 usbMc=450
04-17 13:12:29.328752     0     0 I         : c2   5913 sm7250_bms: MSC_PCS chg_state=1c2112a01030001 [0x1:1:3:4394:450] chg=u
04-17 13:12:29.328811     0     0 I         : c2   5913 google_battery: MSC_DIN chg_state=1c2112a01030001 f=0x1 chg_s=Not Charging chg_t=None vchg=4394 icl=450
04-17 13:12:29.334684     0     0 I         : c2   5913 google_battery: MSC_DSG vbatt_idx:4->4 vbatt=4394124 ibatt=-6103 fv_uv=4430000 cv_cnt=0 ov_cnt=0
04-17 13:12:29.334747     0     0 I         : c2   5913 google_battery: MSC_VOTE msc_state=2 cv_cnt=0 ov_cnt=0 temp_idx:2, vbatt_idx:4  fv_uv=4430000 cc_max=0 update_interval=-1
04-17 13:12:29.334931     0     0 I         : c2   5913 google_charger: MSC_CHG fv_uv=4430000, cc_max=0, rerun in 2000 ms (0)
04-17 13:12:30.936935     0     0 W         : c3    973 healthd: battery l=100 v=4394 t=22.0 h=2 st=5 c=6103 fc=3349000 cc=353 chg=u
04-17 13:12:31.005637     0     0 I         : c4   5920 qcom_rpmh DRV:apps_rsc TCS Busy, retrying RPMH message send: addr=0x30090
04-17 13:12:31.005685     0     0 I         : c4   5920 qcom_rpmh DRV:apps_rsc TCS Busy, retrying RPMH message send: addr=0x30090
04-17 13:12:31.005713     0     0 I         : c4   5920 qcom_rpmh DRV:apps_rsc TCS Busy, retrying RPMH message send: addr=0x30090
04-17 13:12:31.005740     0     0 I         : c4   5920 qcom_rpmh DRV:apps_rsc TCS Busy, retrying RPMH message send: addr=0x30090
04-17 13:12:31.005767     0     0 I         : c4   5920 qcom_rpmh DRV:apps_rsc TCS Busy, retrying RPMH message send: addr=0x30090
04-17 13:12:31.350932     0     0 I         : c2   5913 google_charger: usbchg=USB typec=C usbv=5052 usbc=0 usbMv=5000 usbMc=450
04-17 13:12:31.351221     0     0 I         : c2   5913 sm7250_bms: MSC_PCS chg_state=1c2112a01030001 [0x1:1:3:4394:450] chg=u
04-17 13:12:31.351292     0     0 I         : c2   5913 google_battery: MSC_DIN chg_state=1c2112a01030001 f=0x1 chg_s=Not Charging chg_t=None vchg=4394 icl=450
04-17 13:12:31.353578     0     0 I         : c2   5913 google_battery: MSC_DSG vbatt_idx:4->4 vbatt=4394124 ibatt=-6103 fv_uv=4430000 cv_cnt=0 ov_cnt=0
04-17 13:12:31.353638     0     0 I         : c2   5913 google_battery: MSC_VOTE msc_state=2 cv_cnt=0 ov_cnt=0 temp_idx:2, vbatt_idx:4  fv_uv=4430000 cc_max=0 update_interval=-1
04-17 13:12:31.353726     0     0 I         : c2   5913 google_charger: MSC_CHG fv_uv=4430000, cc_max=0, rerun in 2000 ms (0)
--------- switch to main
04-17 13:12:32.146211   990  1023 D rlsservice: MonitorDisplayStatus client num 0, display status 0, sensor status 0
--------- switch to kernel
04-17 13:12:33.367787     0     0 I         : c2   5913 google_charger: usbchg=USB typec=C usbv=5050 usbc=0 usbMv=5000 usbMc=450
04-17 13:12:33.367975     0     0 I         : c2   5913 sm7250_bms: MSC_PCS chg_state=1c2112a01030001 [0x1:1:3:4394:450] chg=u
04-17 13:12:33.368053     0     0 I         : c2   5913 google_battery: MSC_DIN chg_state=1c2112a01030001 f=0x1 chg_s=Not Charging chg_t=None vchg=4394 icl=450
04-17 13:12:33.369735     0     0 I         : c2   5913 google_battery: MSC_DSG vbatt_idx:4->4 vbatt=4394124 ibatt=-6103 fv_uv=4430000 cv_cnt=0 ov_cnt=0
04-17 13:12:33.369799     0     0 I         : c2   5913 google_battery: MSC_VOTE msc_state=2 cv_cnt=0 ov_cnt=0 temp_idx:2, vbatt_idx:4  fv_uv=4430000 cc_max=0 update_interval=-1
04-17 13:12:33.369903     0     0 I         : c2   5913 google_charger: MSC_CHG fv_uv=4430000, cc_max=0, rerun in 2000 ms (0)
04-17 13:12:35.383470     0     0 I         : c2   5913 google_charger: usbchg=USB typec=C usbv=5053 usbc=0 usbMv=5000 usbMc=450
04-17 13:12:35.383658     0     0 I         : c2   5913 sm7250_bms: MSC_PCS chg_state=1c2112a01030001 [0x1:1:3:4394:450] chg=u
04-17 13:12:35.383734     0     0 I         : c2   5913 google_battery: MSC_DIN chg_state=1c2112a01030001 f=0x1 chg_s=Not Charging chg_t=None vchg=4394 icl=450
04-17 13:12:35.385936     0     0 I         : c2   5913 google_battery: MSC_DSG vbatt_idx:4->4 vbatt=4394124 ibatt=-6103 fv_uv=4430000 cv_cnt=0 ov_cnt=0
04-17 13:12:35.385998     0     0 I         : c2   5913 google_battery: MSC_VOTE msc_state=2 cv_cnt=0 ov_cnt=0 temp_idx:2, vbatt_idx:4  fv_uv=4430000 cc_max=0 update_interval=-1
04-17 13:12:35.386097     0     0 I         : c2   5913 google_charger: MSC_CHG fv_uv=4430000, cc_max=0, rerun in 2000 ms (0)
04-17 13:12:36.557008     0     0 I         : c4   5920 qcom_rpmh DRV:apps_rsc TCS Busy, retrying RPMH message send: addr=0x30000
04-17 13:12:37.399641     0     0 I         : c2   5913 google_charger: usbchg=USB typec=C usbv=5052 usbc=0 usbMv=5000 usbMc=450
04-17 13:12:37.399818     0     0 I         : c2   5913 sm7250_bms: MSC_PCS chg_state=1c2112a01030001 [0x1:1:3:4394:450] chg=u
04-17 13:12:37.399887     0     0 I         : c2   5913 google_battery: MSC_DIN chg_state=1c2112a01030001 f=0x1 chg_s=Not Charging chg_t=None vchg=4394 icl=450
04-17 13:12:37.401508     0     0 I         : c2   5913 google_battery: MSC_DSG vbatt_idx:4->4 vbatt=4394124 ibatt=-6103 fv_uv=4430000 cv_cnt=0 ov_cnt=0
04-17 13:12:37.401565     0     0 I         : c2   5913 google_battery: MSC_VOTE msc_state=2 cv_cnt=0 ov_cnt=0 temp_idx:2, vbatt_idx:4  fv_uv=4430000 cc_max=0 update_interval=-1
04-17 13:12:37.401651     0     0 I         : c2   5913 google_charger: MSC_CHG fv_uv=4430000, cc_max=0, rerun in 2000 ms (0)
04-17 13:12:39.415142     0     0 I         : c2   5913 google_charger: usbchg=USB typec=C usbv=5051 usbc=0 usbMv=5000 usbMc=450
04-17 13:12:39.415326     0     0 I         : c2   5913 sm7250_bms: MSC_PCS chg_state=1c2112a01030001 [0x1:1:3:4394:450] chg=u
04-17 13:12:39.415399     0     0 I         : c2   5913 google_battery: MSC_DIN chg_state=1c2112a01030001 f=0x1 chg_s=Not Charging chg_t=None vchg=4394 icl=450
04-17 13:12:39.416874     0     0 I         : c2   5913 google_battery: MSC_DSG vbatt_idx:4->4 vbatt=4394124 ibatt=-6103 fv_uv=4430000 cv_cnt=0 ov_cnt=0
04-17 13:12:39.416939     0     0 I         : c2   5913 google_battery: MSC_VOTE msc_state=2 cv_cnt=0 ov_cnt=0 temp_idx:2, vbatt_idx:4  fv_uv=4430000 cc_max=0 update_interval=-1
04-17 13:12:39.417046     0     0 I         : c2   5913 google_charger: MSC_CHG fv_uv=4430000, cc_max=0, rerun in 2000 ms (0)
04-17 13:12:41.429539     0     0 I         : c2   5913 google_charger: usbchg=USB typec=C usbv=5051 usbc=0 usbMv=5000 usbMc=450
04-17 13:12:41.429722     0     0 I         : c2   5913 sm7250_bms: MSC_PCS chg_state=1c2112a01030001 [0x1:1:3:4394:450] chg=u
04-17 13:12:41.429795     0     0 I         : c2   5913 google_battery: MSC_DIN chg_state=1c2112a01030001 f=0x1 chg_s=Not Charging chg_t=None vchg=4394 icl=450
04-17 13:12:41.431459     0     0 I         : c2   5913 google_battery: MSC_DSG vbatt_idx:4->4 vbatt=4394124 ibatt=-6103 fv_uv=4430000 cv_cnt=0 ov_cnt=0
04-17 13:12:41.431517     0     0 I         : c2   5913 google_battery: MSC_VOTE msc_state=2 cv_cnt=0 ov_cnt=0 temp_idx:2, vbatt_idx:4  fv_uv=4430000 cc_max=0 update_interval=-1
04-17 13:12:41.431606     0     0 I         : c2   5913 google_charger: MSC_CHG fv_uv=4430000, cc_max=0, rerun in 2000 ms (0)
04-17 13:12:43.444290     0     0 I         : c2   5913 google_charger: usbchg=USB typec=C usbv=5032 usbc=0 usbMv=5000 usbMc=450
04-17 13:12:43.444604     0     0 I         : c2   5913 sm7250_bms: MSC_PCS chg_state=1c2112901030001 [0x1:1:3:4393:450] chg=u
04-17 13:12:43.444675     0     0 I         : c2   5913 google_battery: MSC_DIN chg_state=1c2112901030001 f=0x1 chg_s=Not Charging chg_t=None vchg=4393 icl=450
04-17 13:12:43.446084     0     0 I         : c2   5913 google_battery: MSC_DSG vbatt_idx:4->4 vbatt=4393930 ibatt=-5187 fv_uv=4430000 cv_cnt=0 ov_cnt=0
04-17 13:12:43.446147     0     0 I         : c2   5913 google_battery: MSC_VOTE msc_state=2 cv_cnt=0 ov_cnt=0 temp_idx:2, vbatt_idx:4  fv_uv=4430000 cc_max=0 update_interval=-1
04-17 13:12:43.446243     0     0 I         : c2   5913 google_charger: MSC_CHG fv_uv=4430000, cc_max=0, rerun in 2000 ms (0)
04-17 13:12:45.462472     0     0 I         : c2   5913 google_charger: usbchg=USB typec=C usbv=5046 usbc=2 usbMv=5000 usbMc=450
04-17 13:12:45.462656     0     0 I         : c2   5913 sm7250_bms: MSC_PCS chg_state=1c2112901030001 [0x1:1:3:4393:450] chg=u
04-17 13:12:45.462728     0     0 I         : c2   5913 google_battery: MSC_DIN chg_state=1c2112901030001 f=0x1 chg_s=Not Charging chg_t=None vchg=4393 icl=450
04-17 13:12:45.464312     0     0 I         : c2   5913 google_battery: MSC_DSG vbatt_idx:4->4 vbatt=4393930 ibatt=-5187 fv_uv=4430000 cv_cnt=0 ov_cnt=0
04-17 13:12:45.464372     0     0 I         : c2   5913 google_battery: MSC_VOTE msc_state=2 cv_cnt=0 ov_cnt=0 temp_idx:2, vbatt_idx:4  fv_uv=4430000 cc_max=0 update_interval=-1
04-17 13:12:45.464468     0     0 I         : c2   5913 google_charger: MSC_CHG fv_uv=4430000, cc_max=0, rerun in 2000 ms (0)
04-17 13:12:47.478884     0     0 I         : c2   5913 google_charger: usbchg=USB typec=C usbv=5049 usbc=0 usbMv=5000 usbMc=450
04-17 13:12:47.479074     0     0 I         : c2   5913 sm7250_bms: MSC_PCS chg_state=1c2112901030001 [0x1:1:3:4393:450] chg=u
04-17 13:12:47.479151     0     0 I         : c2   5913 google_battery: MSC_DIN chg_state=1c2112901030001 f=0x1 chg_s=Not Charging chg_t=None vchg=4393 icl=450
04-17 13:12:47.480598     0     0 I         : c2   5913 google_battery: MSC_DSG vbatt_idx:4->4 vbatt=4393930 ibatt=-5187 fv_uv=4430000 cv_cnt=0 ov_cnt=0
04-17 13:12:47.480661     0     0 I         : c2   5913 google_battery: MSC_VOTE msc_state=2 cv_cnt=0 ov_cnt=0 temp_idx:2, vbatt_idx:4  fv_uv=4430000 cc_max=0 update_interval=-1
04-17 13:12:47.480928     0     0 I         : c2   5913 google_charger: MSC_CHG fv_uv=4430000, cc_max=0, rerun in 2000 ms (0)
04-17 13:12:49.495583     0     0 I         : c2   5913 google_charger: usbchg=USB typec=C usbv=5050 usbc=0 usbMv=5000 usbMc=450
04-17 13:12:49.495771     0     0 I         : c2   5913 sm7250_bms: MSC_PCS chg_state=1c2112901030001 [0x1:1:3:4393:450] chg=u
04-17 13:12:49.495846     0     0 I         : c2   5913 google_battery: MSC_DIN chg_state=1c2112901030001 f=0x1 chg_s=Not Charging chg_t=None vchg=4393 icl=450
04-17 13:12:49.497318     0     0 I         : c2   5913 google_battery: MSC_DSG vbatt_idx:4->4 vbatt=4393930 ibatt=-5187 fv_uv=4430000 cv_cnt=0 ov_cnt=0
04-17 13:12:49.497379     0     0 I         : c2   5913 google_battery: MSC_VOTE msc_state=2 cv_cnt=0 ov_cnt=0 temp_idx:2, vbatt_idx:4  fv_uv=4430000 cc_max=0 update_interval=-1
04-17 13:12:49.497660     0     0 I         : c2   5913 google_charger: MSC_CHG fv_uv=4430000, cc_max=0, rerun in 2000 ms (0)
04-17 13:12:51.512750     0     0 I         : c2   5913 google_charger: usbchg=USB typec=C usbv=5053 usbc=0 usbMv=5000 usbMc=450
04-17 13:12:51.512942     0     0 I         : c2   5913 sm7250_bms: MSC_PCS chg_state=1c2112901030001 [0x1:1:3:4393:450] chg=u
04-17 13:12:51.513019     0     0 I         : c2   5913 google_battery: MSC_DIN chg_state=1c2112901030001 f=0x1 chg_s=Not Charging chg_t=None vchg=4393 icl=450
04-17 13:12:51.515365     0     0 I         : c2   5913 google_battery: MSC_DSG vbatt_idx:4->4 vbatt=4393930 ibatt=-5187 fv_uv=4430000 cv_cnt=0 ov_cnt=0
04-17 13:12:51.515429     0     0 I         : c2   5913 google_battery: MSC_VOTE msc_state=2 cv_cnt=0 ov_cnt=0 temp_idx:2, vbatt_idx:4  fv_uv=4430000 cc_max=0 update_interval=-1
04-17 13:12:51.515531     0     0 I         : c2   5913 google_charger: MSC_CHG fv_uv=4430000, cc_max=0, rerun in 2000 ms (0)
04-17 13:12:53.529017     0     0 I         : c2   5913 google_charger: usbchg=USB typec=C usbv=5053 usbc=0 usbMv=5000 usbMc=450
04-17 13:12:53.529313     0     0 I         : c2   5913 sm7250_bms: MSC_PCS chg_state=1c2112901030001 [0x1:1:3:4393:450] chg=u
04-17 13:12:53.529407     0     0 I         : c2   5913 google_battery: MSC_DIN chg_state=1c2112901030001 f=0x1 chg_s=Not Charging chg_t=None vchg=4393 icl=450
04-17 13:12:53.532325     0     0 I         : c2   5913 google_battery: MSC_DSG vbatt_idx:4->4 vbatt=4393930 ibatt=-5187 fv_uv=4430000 cv_cnt=0 ov_cnt=0
04-17 13:12:53.532387     0     0 I         : c2   5913 google_battery: MSC_VOTE msc_state=2 cv_cnt=0 ov_cnt=0 temp_idx:2, vbatt_idx:4  fv_uv=4430000 cc_max=0 update_interval=-1
04-17 13:12:53.532481     0     0 I         : c2   5913 google_charger: MSC_CHG fv_uv=4430000, cc_max=0, rerun in 2000 ms (0)
04-17 13:12:55.546099     0     0 I         : c2   5913 google_charger: usbchg=USB typec=C usbv=5044 usbc=0 usbMv=5000 usbMc=450
04-17 13:12:55.546303     0     0 I         : c2   5913 sm7250_bms: MSC_PCS chg_state=1c2112901030001 [0x1:1:3:4393:450] chg=u
04-17 13:12:55.546382     0     0 I         : c2   5913 google_battery: MSC_DIN chg_state=1c2112901030001 f=0x1 chg_s=Not Charging chg_t=None vchg=4393 icl=450
04-17 13:12:55.548809     0     0 I         : c2   5913 google_battery: MSC_DSG vbatt_idx:4->4 vbatt=4393930 ibatt=-5187 fv_uv=4430000 cv_cnt=0 ov_cnt=0
04-17 13:12:55.548883     0     0 I         : c2   5913 google_battery: MSC_VOTE msc_state=2 cv_cnt=0 ov_cnt=0 temp_idx:2, vbatt_idx:4  fv_uv=4430000 cc_max=0 update_interval=-1
04-17 13:12:55.548992     0     0 I         : c2   5913 google_charger: MSC_CHG fv_uv=4430000, cc_max=0, rerun in 2000 ms (0)
04-17 13:12:57.563822     0     0 I         : c2   5913 google_charger: usbchg=USB typec=C usbv=5043 usbc=0 usbMv=5000 usbMc=450
04-17 13:12:57.564011     0     0 I         : c2   5913 sm7250_bms: MSC_PCS chg_state=1c2112901030001 [0x1:1:3:4393:450] chg=u
04-17 13:12:57.564305     0     0 I         : c2   5913 google_battery: MSC_DIN chg_state=1c2112901030001 f=0x1 chg_s=Not Charging chg_t=None vchg=4393 icl=450
04-17 13:12:57.565774     0     0 I         : c2   5913 google_battery: MSC_DSG vbatt_idx:4->4 vbatt=4393930 ibatt=-5187 fv_uv=4430000 cv_cnt=0 ov_cnt=0
04-17 13:12:57.565840     0     0 I         : c2   5913 google_battery: MSC_VOTE msc_state=2 cv_cnt=0 ov_cnt=0 temp_idx:2, vbatt_idx:4  fv_uv=4430000 cc_max=0 update_interval=-1
04-17 13:12:57.565941     0     0 I         : c2   5913 google_charger: MSC_CHG fv_uv=4430000, cc_max=0, rerun in 2000 ms (0)
--------- switch to main
04-17 13:12:58.461376  2901  3188 D ControlsListingControllerImpl: Subscribing callback, service count: 0
04-17 13:12:58.492240  2901  3188 D ControlsListingControllerImpl: Unsubscribing callback
--------- switch to kernel
04-17 13:12:59.579676     0     0 I         : c2   5913 google_charger: usbchg=USB typec=C usbv=5048 usbc=0 usbMv=5000 usbMc=450
04-17 13:12:59.579848     0     0 I         : c2   5913 sm7250_bms: MSC_PCS chg_state=1c2112901030001 [0x1:1:3:4393:450] chg=u
04-17 13:12:59.580021     0     0 I         : c2   5913 google_battery: MSC_DIN chg_state=1c2112901030001 f=0x1 chg_s=Not Charging chg_t=None vchg=4393 icl=450
04-17 13:12:59.581703     0     0 I         : c2   5913 google_battery: MSC_DSG vbatt_idx:4->4 vbatt=4393930 ibatt=-4272 fv_uv=4430000 cv_cnt=0 ov_cnt=0
04-17 13:12:59.581764     0     0 I         : c2   5913 google_battery: MSC_VOTE msc_state=2 cv_cnt=0 ov_cnt=0 temp_idx:2, vbatt_idx:4  fv_uv=4430000 cc_max=0 update_interval=-1
04-17 13:12:59.581860     0     0 I         : c2   5913 google_charger: MSC_CHG fv_uv=4430000, cc_max=0, rerun in 2000 ms (0)
04-17 13:13:01.598636     0     0 I         : c2   5913 google_charger: usbchg=USB typec=C usbv=5053 usbc=0 usbMv=5000 usbMc=450
04-17 13:13:01.598831     0     0 I         : c2   5913 sm7250_bms: MSC_PCS chg_state=1c2112901030001 [0x1:1:3:4393:450] chg=u
04-17 13:13:01.598911     0     0 I         : c2   5913 google_battery: MSC_DIN chg_state=1c2112901030001 f=0x1 chg_s=Not Charging chg_t=None vchg=4393 icl=450
04-17 13:13:01.600381     0     0 I         : c2   5913 google_battery: MSC_DSG vbatt_idx:4->4 vbatt=4393930 ibatt=-4272 fv_uv=4430000 cv_cnt=0 ov_cnt=0
04-17 13:13:01.600443     0     0 I         : c2   5913 google_battery: MSC_VOTE msc_state=2 cv_cnt=0 ov_cnt=0 temp_idx:2, vbatt_idx:4  fv_uv=4430000 cc_max=0 update_interval=-1
04-17 13:13:01.600550     0     0 I         : c2   5913 google_charger: MSC_CHG fv_uv=4430000, cc_max=0, rerun in 2000 ms (0)
--------- switch to main
04-17 13:13:02.149014   990  1023 D rlsservice: MonitorDisplayStatus client num 0, display status 0, sensor status 0
--------- switch to kernel
04-17 13:13:03.614295     0     0 I         : c2   5913 google_charger: usbchg=USB typec=C usbv=5040 usbc=0 usbMv=5000 usbMc=450
04-17 13:13:03.614651     0     0 I         : c2   5913 sm7250_bms: MSC_PCS chg_state=1c2112901030001 [0x1:1:3:4393:450] chg=u
04-17 13:13:03.614743     0     0 I         : c2   5913 google_battery: MSC_DIN chg_state=1c2112901030001 f=0x1 chg_s=Not Charging chg_t=None vchg=4393 icl=450
04-17 13:13:03.616384     0     0 I         : c2   5913 google_battery: MSC_DSG vbatt_idx:4->4 vbatt=4393930 ibatt=-4272 fv_uv=4430000 cv_cnt=0 ov_cnt=0
04-17 13:13:03.616458     0     0 I         : c2   5913 google_battery: MSC_VOTE msc_state=2 cv_cnt=0 ov_cnt=0 temp_idx:2, vbatt_idx:4  fv_uv=4430000 cc_max=0 update_interval=-1
04-17 13:13:03.616580     0     0 I         : c2   5913 google_charger: MSC_CHG fv_uv=4430000, cc_max=0, rerun in 2000 ms (0)
04-17 13:13:05.630672     0     0 I         : c2   5913 google_charger: usbchg=USB typec=C usbv=5052 usbc=0 usbMv=5000 usbMc=450
04-17 13:13:05.631052     0     0 I         : c2   5913 sm7250_bms: MSC_PCS chg_state=1c2112901030001 [0x1:1:3:4393:450] chg=u
04-17 13:13:05.631134     0     0 I         : c2   5913 google_battery: MSC_DIN chg_state=1c2112901030001 f=0x1 chg_s=Not Charging chg_t=None vchg=4393 icl=450
04-17 13:13:05.632647     0     0 I         : c2   5913 google_battery: MSC_DSG vbatt_idx:4->4 vbatt=4393930 ibatt=-4272 fv_uv=4430000 cv_cnt=0 ov_cnt=0
04-17 13:13:05.632708     0     0 I         : c2   5913 google_battery: MSC_VOTE msc_state=2 cv_cnt=0 ov_cnt=0 temp_idx:2, vbatt_idx:4  fv_uv=4430000 cc_max=0 update_interval=-1
04-17 13:13:05.632809     0     0 I         : c2   5913 google_charger: MSC_CHG fv_uv=4430000, cc_max=0, rerun in 2000 ms (0)
04-17 13:13:06.856467     0     0 I         : c1   5899 qcom_rpmh DRV:apps_rsc TCS Busy, retrying RPMH message send: addr=0x30000
04-17 13:13:06.856523     0     0 I         : c1   5899 qcom_rpmh DRV:apps_rsc TCS Busy, retrying RPMH message send: addr=0x30000
04-17 13:13:06.856555     0     0 I         : c1   5899 qcom_rpmh DRV:apps_rsc TCS Busy, retrying RPMH message send: addr=0x30000
04-17 13:13:07.646572     0     0 I         : c2   5913 google_charger: usbchg=USB typec=C usbv=5053 usbc=0 usbMv=5000 usbMc=450
04-17 13:13:07.646757     0     0 I         : c2   5913 sm7250_bms: MSC_PCS chg_state=1c2112901030001 [0x1:1:3:4393:450] chg=u
04-17 13:13:07.646829     0     0 I         : c2   5913 google_battery: MSC_DIN chg_state=1c2112901030001 f=0x1 chg_s=Not Charging chg_t=None vchg=4393 icl=450
04-17 13:13:07.648220     0     0 I         : c2   5913 google_battery: MSC_DSG vbatt_idx:4->4 vbatt=4393930 ibatt=-4272 fv_uv=4430000 cv_cnt=0 ov_cnt=0
04-17 13:13:07.648275     0     0 I         : c2   5913 google_battery: MSC_VOTE msc_state=2 cv_cnt=0 ov_cnt=0 temp_idx:2, vbatt_idx:4  fv_uv=4430000 cc_max=0 update_interval=-1
04-17 13:13:07.648362     0     0 I         : c2   5913 google_charger: MSC_CHG fv_uv=4430000, cc_max=0, rerun in 2000 ms (0)
04-17 13:13:09.661177     0     0 I         : c2   5913 google_charger: usbchg=USB typec=C usbv=5042 usbc=0 usbMv=5000 usbMc=450
04-17 13:13:09.661369     0     0 I         : c2   5913 sm7250_bms: MSC_PCS chg_state=1c2112901030001 [0x1:1:3:4393:450] chg=u
04-17 13:13:09.661441     0     0 I         : c2   5913 google_battery: MSC_DIN chg_state=1c2112901030001 f=0x1 chg_s=Not Charging chg_t=None vchg=4393 icl=450
04-17 13:13:09.663303     0     0 I         : c2   5913 google_battery: MSC_DSG vbatt_idx:4->4 vbatt=4393930 ibatt=-4272 fv_uv=4430000 cv_cnt=0 ov_cnt=0
04-17 13:13:09.663371     0     0 I         : c2   5913 google_battery: MSC_VOTE msc_state=2 cv_cnt=0 ov_cnt=0 temp_idx:2, vbatt_idx:4  fv_uv=4430000 cc_max=0 update_interval=-1
04-17 13:13:09.663475     0     0 I         : c2   5913 google_charger: MSC_CHG fv_uv=4430000, cc_max=0, rerun in 2000 ms (0)
04-17 13:13:11.676824     0     0 I         : c2   5913 google_charger: usbchg=USB typec=C usbv=5024 usbc=0 usbMv=5000 usbMc=450
04-17 13:13:11.677013     0     0 I         : c2   5913 sm7250_bms: MSC_PCS chg_state=1c2112901030001 [0x1:1:3:4393:450] chg=u
04-17 13:13:11.677087     0     0 I         : c2   5913 google_battery: MSC_DIN chg_state=1c2112901030001 f=0x1 chg_s=Not Charging chg_t=None vchg=4393 icl=450
04-17 13:13:11.678328     0     0 I         : c2   5913 google_battery: MSC_DSG vbatt_idx:4->4 vbatt=4393930 ibatt=-4272 fv_uv=4430000 cv_cnt=0 ov_cnt=0
04-17 13:13:11.678419     0     0 I         : c2   5913 google_battery: MSC_VOTE msc_state=2 cv_cnt=0 ov_cnt=0 temp_idx:2, vbatt_idx:4  fv_uv=4430000 cc_max=0 update_interval=-1
04-17 13:13:11.678529     0     0 I         : c2   5913 google_charger: MSC_CHG fv_uv=4430000, cc_max=0, rerun in 2000 ms (0)
04-17 13:13:13.693829     0     0 I         : c2   5913 google_charger: usbchg=USB typec=C usbv=5052 usbc=0 usbMv=5000 usbMc=450
04-17 13:13:13.694015     0     0 I         : c2   5913 sm7250_bms: MSC_PCS chg_state=1c2112901030001 [0x1:1:3:4393:450] chg=u
04-17 13:13:13.694287     0     0 I         : c2   5913 google_battery: MSC_DIN chg_state=1c2112901030001 f=0x1 chg_s=Not Charging chg_t=None vchg=4393 icl=450
04-17 13:13:13.695948     0     0 I         : c2   5913 google_battery: MSC_DSG vbatt_idx:4->4 vbatt=4393930 ibatt=-4272 fv_uv=4430000 cv_cnt=0 ov_cnt=0
04-17 13:13:13.696010     0     0 I         : c2   5913 google_battery: MSC_VOTE msc_state=2 cv_cnt=0 ov_cnt=0 temp_idx:2, vbatt_idx:4  fv_uv=4430000 cc_max=0 update_interval=-1
04-17 13:13:13.696108     0     0 I         : c2   5913 google_charger: MSC_CHG fv_uv=4430000, cc_max=0, rerun in 2000 ms (0)
04-17 13:13:15.709860     0     0 I         : c2   5913 google_charger: usbchg=USB typec=C usbv=5041 usbc=0 usbMv=5000 usbMc=450
04-17 13:13:15.710040     0     0 I         : c2   5913 sm7250_bms: MSC_PCS chg_state=1c2112901030001 [0x1:1:3:4393:450] chg=u
04-17 13:13:15.710110     0     0 I         : c2   5913 google_battery: MSC_DIN chg_state=1c2112901030001 f=0x1 chg_s=Not Charging chg_t=None vchg=4393 icl=450
04-17 13:13:15.711586     0     0 I         : c2   5913 google_battery: MSC_DSG vbatt_idx:4->4 vbatt=4393930 ibatt=-5798 fv_uv=4430000 cv_cnt=0 ov_cnt=0
04-17 13:13:15.711645     0     0 I         : c2   5913 google_battery: MSC_VOTE msc_state=2 cv_cnt=0 ov_cnt=0 temp_idx:2, vbatt_idx:4  fv_uv=4430000 cc_max=0 update_interval=-1
04-17 13:13:15.711739     0     0 I         : c2   5913 google_charger: MSC_CHG fv_uv=4430000, cc_max=0, rerun in 2000 ms (0)
--------- switch to main
04-17 13:13:17.014832   984  1089 D VSC     : @ 42726.689: [Significant Motion] Stop motion_detect
04-17 13:13:17.015345   984  1089 D VSC     : @ 42726.689: [Significant Motion] Request accel, interval 20.0 ms, latency 3200.0 ms
04-17 13:13:17.015525   984  1089 D VSC     : @ 42726.690: [Device Pickup Sensor] Request accel, interval 20.0 ms, latency 0.0 ms
04-17 13:13:17.015691   984  1089 D VSC     : @ 42726.691: [Device Pickup Sensor] Stop motion_detect
04-17 13:13:17.017906   984  1089 D ASH     : @ 42726.694: SensorType 1 resampler quality 0
04-17 13:13:17.028622   984  1089 D ASH     : @ 42726.703: SensorType 195 resampler quality 0
04-17 13:13:17.028943   984  1089 D ASH     : @ 42726.703: SensorType 195 resampler quality 0
04-17 13:13:17.077081   984  1089 D ASH     : @ 42726.751: SensorType 1 resampler quality 1
--------- switch to kernel
04-17 13:13:17.727683     0     0 I         : c2   5913 google_charger: usbchg=USB typec=C usbv=5058 usbc=0 usbMv=5000 usbMc=450
04-17 13:13:17.727859     0     0 I         : c2   5913 sm7250_bms: MSC_PCS chg_state=1c2112901030001 [0x1:1:3:4393:450] chg=u
04-17 13:13:17.727928     0     0 I         : c2   5913 google_battery: MSC_DIN chg_state=1c2112901030001 f=0x1 chg_s=Not Charging chg_t=None vchg=4393 icl=450
04-17 13:13:17.729589     0     0 I         : c2   5913 google_battery: MSC_DSG vbatt_idx:4->4 vbatt=4393930 ibatt=-5798 fv_uv=4430000 cv_cnt=0 ov_cnt=0
04-17 13:13:17.729653     0     0 I         : c2   5913 google_battery: MSC_VOTE msc_state=2 cv_cnt=0 ov_cnt=0 temp_idx:2, vbatt_idx:4  fv_uv=4430000 cc_max=0 update_interval=-1
04-17 13:13:17.729751     0     0 I         : c2   5913 google_charger: MSC_CHG fv_uv=4430000, cc_max=0, rerun in 2000 ms (0)
--------- switch to main
04-17 13:13:19.126595   984  1089 D ASH     : @ 42728.800: AP has been up: last 42110758612, now 42728799984 usec
--------- switch to kernel
04-17 13:13:19.744208     0     0 I         : c2   5913 google_charger: usbchg=USB typec=C usbv=5056 usbc=0 usbMv=5000 usbMc=450
04-17 13:13:19.744406     0     0 I         : c2   5913 sm7250_bms: MSC_PCS chg_state=1c2112901030001 [0x1:1:3:4393:450] chg=u
04-17 13:13:19.744484     0     0 I         : c2   5913 google_battery: MSC_DIN chg_state=1c2112901030001 f=0x1 chg_s=Not Charging chg_t=None vchg=4393 icl=450
04-17 13:13:19.746220     0     0 I         : c2   5913 google_battery: MSC_DSG vbatt_idx:4->4 vbatt=4393930 ibatt=-5798 fv_uv=4430000 cv_cnt=0 ov_cnt=0
04-17 13:13:19.746288     0     0 I         : c2   5913 google_battery: MSC_VOTE msc_state=2 cv_cnt=0 ov_cnt=0 temp_idx:2, vbatt_idx:4  fv_uv=4430000 cc_max=0 update_interval=-1
04-17 13:13:19.746396     0     0 I         : c2   5913 google_charger: MSC_CHG fv_uv=4430000, cc_max=0, rerun in 2000 ms (0)
--------- switch to main
04-17 13:13:20.031912   984  1089 D VSC     : @ 42729.705: [Device Pickup Sensor] Request accel, interval 20.0 ms, latency 100.0 ms
04-17 13:13:20.032237   984  1089 D ASH     : @ 42729.706: SensorType 1 resampler quality 0
04-17 13:13:20.220252   984  1089 D ASH     : @ 42729.894: SensorType 195 resampler quality 1
04-17 13:13:20.221673   958  2013 I CapoDetector: handleNanoappMessage, Id 5147455389092024352, type 200, size 2
04-17 13:13:20.221933   958  2013 D CapoDetector: handleNanoappMessage, get position event from capo nanoapp, type 1
04-17 13:13:20.221997   958  2013 D CapoDetector: handleNanoappMessage, sent position type 1 to callback function
04-17 13:13:20.222066   958  2013 I audio_hw_primary: adev_on_devicestate_changed: devicestate status changed to 1
04-17 13:13:20.222666   984  1089 D ASH     : @ 42729.899: SensorType 195 resampler quality 0
04-17 13:13:20.224071  2612  3005 E ContextHubClientManager: Cannot send message to unregistered client (host endpoint ID = -28640)
04-17 13:13:20.224304   984  1089 D ASH     : @ 42729.900: SensorType 195 resampler quality 1
04-17 13:13:20.228394   984  1089 D ASH     : @ 42729.904: SensorType 195 resampler quality 0
--------- switch to kernel
04-17 13:13:21.760020     0     0 I         : c2   5913 google_charger: usbchg=USB typec=C usbv=5051 usbc=0 usbMv=5000 usbMc=450
04-17 13:13:21.760193     0     0 I         : c2   5913 sm7250_bms: MSC_PCS chg_state=1c2112901030001 [0x1:1:3:4393:450] chg=u
04-17 13:13:21.760260     0     0 I         : c2   5913 google_battery: MSC_DIN chg_state=1c2112901030001 f=0x1 chg_s=Not Charging chg_t=None vchg=4393 icl=450
04-17 13:13:21.761622     0     0 I         : c2   5913 google_battery: MSC_DSG vbatt_idx:4->4 vbatt=4393930 ibatt=-5798 fv_uv=4430000 cv_cnt=0 ov_cnt=0
04-17 13:13:21.761674     0     0 I         : c2   5913 google_battery: MSC_VOTE msc_state=2 cv_cnt=0 ov_cnt=0 temp_idx:2, vbatt_idx:4  fv_uv=4430000 cc_max=0 update_interval=-1
04-17 13:13:21.761751     0     0 I         : c2   5913 google_charger: MSC_CHG fv_uv=4430000, cc_max=0, rerun in 2000 ms (0)
04-17 13:13:23.777809     0     0 I         : c2   5913 google_charger: usbchg=USB typec=C usbv=5055 usbc=0 usbMv=5000 usbMc=450
04-17 13:13:23.778001     0     0 I         : c2   5913 sm7250_bms: MSC_PCS chg_state=1c2112901030001 [0x1:1:3:4393:450] chg=u
04-17 13:13:23.778080     0     0 I         : c2   5913 google_battery: MSC_DIN chg_state=1c2112901030001 f=0x1 chg_s=Not Charging chg_t=None vchg=4393 icl=450
04-17 13:13:23.779823     0     0 I         : c2   5913 google_battery: MSC_DSG vbatt_idx:4->4 vbatt=4393930 ibatt=-5798 fv_uv=4430000 cv_cnt=0 ov_cnt=0
04-17 13:13:23.779891     0     0 I         : c2   5913 google_battery: MSC_VOTE msc_state=2 cv_cnt=0 ov_cnt=0 temp_idx:2, vbatt_idx:4  fv_uv=4430000 cc_max=0 update_interval=-1
04-17 13:13:23.780000     0     0 I         : c2   5913 google_charger: MSC_CHG fv_uv=4430000, cc_max=0, rerun in 2000 ms (0)
04-17 13:13:25.793944     0     0 I         : c2   5913 google_charger: usbchg=USB typec=C usbv=5041 usbc=32 usbMv=5000 usbMc=450
04-17 13:13:25.794345     0     0 I         : c2   5913 sm7250_bms: MSC_PCS chg_state=1c2112901030001 [0x1:1:3:4393:450] chg=u
04-17 13:13:25.794426     0     0 I         : c2   5913 google_battery: MSC_DIN chg_state=1c2112901030001 f=0x1 chg_s=Not Charging chg_t=None vchg=4393 icl=450
04-17 13:13:25.796264     0     0 I         : c2   5913 google_battery: MSC_DSG vbatt_idx:4->4 vbatt=4393930 ibatt=-5798 fv_uv=4430000 cv_cnt=0 ov_cnt=0
04-17 13:13:25.796341     0     0 I         : c2   5913 google_battery: MSC_VOTE msc_state=2 cv_cnt=0 ov_cnt=0 temp_idx:2, vbatt_idx:4  fv_uv=4430000 cc_max=0 update_interval=-1
04-17 13:13:25.796454     0     0 I         : c2   5913 google_charger: MSC_CHG fv_uv=4430000, cc_max=0, rerun in 2000 ms (0)
--------- switch to main
04-17 13:13:26.868783   984  1089 D ASH     : @ 42736.542: SensorType 1 resampler quality 0
04-17 13:13:27.340598   984  1089 D VSC     : @ 42737.014: [Device Pickup Sensor] Stop accel
04-17 13:13:27.340854   984  1089 D VSC     : @ 42737.015: [Device Pickup Sensor] Request motion_detect, interval 18446744027136.0 ms, latency 0.0 ms
--------- switch to kernel
04-17 13:13:27.811236     0     0 I         : c2   5913 google_charger: usbchg=USB typec=C usbv=5057 usbc=0 usbMv=5000 usbMc=450
04-17 13:13:27.811428     0     0 I         : c2   5913 sm7250_bms: MSC_PCS chg_state=1c2112901030001 [0x1:1:3:4393:450] chg=u
04-17 13:13:27.811506     0     0 I         : c2   5913 google_battery: MSC_DIN chg_state=1c2112901030001 f=0x1 chg_s=Not Charging chg_t=None vchg=4393 icl=450
