04-17 05:21:29.250120   984  1089 W ASH     : @ 14418.927: touch gesture: no valid gesture detected
04-17 05:21:29.314035   984  1089 W ASH     : @ 14418.991: touch gesture: no valid gesture detected
04-17 05:21:29.379023   984  1089 W ASH     : @ 14419.056: touch gesture: no valid gesture detected
04-17 05:21:29.442877   984  1089 W ASH     : @ 14419.120: touch gesture: no valid gesture detected
04-17 05:21:29.507129   984  1089 W ASH     : @ 14419.185: touch gesture: no valid gesture detected
04-17 05:21:29.572023   984  1089 W ASH     : @ 14419.249: touch gesture: no valid gesture detected
04-17 05:21:29.636346   984  1089 W ASH     : @ 14419.313: touch gesture: no valid gesture detected
04-17 05:21:29.700637   984  1089 W ASH     : @ 14419.378: touch gesture: no valid gesture detected
04-17 05:21:29.764769   984  1089 W ASH     : @ 14419.442: touch gesture: no valid gesture detected
04-17 05:21:29.829437   984  1089 W ASH     : @ 14419.507: touch gesture: no valid gesture detected
04-17 05:21:29.893865   984  1089 W ASH     : @ 14419.571: touch gesture: no valid gesture detected
04-17 05:21:29.958199   984  1089 W ASH     : @ 14419.636: touch gesture: no valid gesture detected
04-17 05:21:30.022842   984  1089 W ASH     : @ 14419.700: touch gesture: no valid gesture detected
04-17 05:21:30.087233   984  1089 W ASH     : @ 14419.765: touch gesture: no valid gesture detected
04-17 05:21:30.125070   990  1023 D rlsservice: MonitorDisplayStatus client num 0, display status 0, sensor status 0
04-17 05:21:30.152048   984  1089 W ASH     : @ 14419.829: touch gesture: no valid gesture detected
04-17 05:21:30.216488   984  1089 W ASH     : @ 14419.894: touch gesture: no valid gesture detected
04-17 05:21:30.280939   984  1089 W ASH     : @ 14419.958: touch gesture: no valid gesture detected
04-17 05:21:30.345539   984  1089 W ASH     : @ 14420.023: touch gesture: no valid gesture detected
04-17 05:21:30.409708   984  1089 W ASH     : @ 14420.087: touch gesture: no valid gesture detected
04-17 05:21:30.474082   984  1089 W ASH     : @ 14420.151: touch gesture: no valid gesture detected
04-17 05:21:30.538659   984  1089 W ASH     : @ 14420.216: touch gesture: no valid gesture detected
04-17 05:21:30.603295   984  1089 W ASH     : @ 14420.280: touch gesture: no valid gesture detected
04-17 05:21:30.667411   984  1089 W ASH     : @ 14420.345: touch gesture: no valid gesture detected
04-17 05:21:30.731408   984  1089 W ASH     : @ 14420.409: touch gesture: no valid gesture detected
--------- switch to kernel
04-17 05:21:30.753569     0     0 I         : c4   5402 qcom_rpmh DRV:apps_rsc TCS Busy, retrying RPMH message send: addr=0x30000
--------- switch to main
04-17 05:21:30.796371   984  1089 W ASH     : @ 14420.474: touch gesture: no valid gesture detected
04-17 05:21:30.860833   984  1089 W ASH     : @ 14420.538: touch gesture: no valid gesture detected
04-17 05:21:30.925082   984  1089 W ASH     : @ 14420.603: touch gesture: no valid gesture detected
04-17 05:21:30.932858   973   973 I android.hardware.health@2.1-service: Recording a sample at time 14407
--------- switch to kernel
04-17 05:21:30.934460     0     0 W         : c2    973 healthd: battery l=100 v=4455 t=22.8 h=2 st=2 c=106506 fc=3349000 cc=353 chg=u
--------- switch to main
04-17 05:21:30.989480   984  1089 W ASH     : @ 14420.667: touch gesture: no valid gesture detected
04-17 05:21:31.054145   984  1089 W ASH     : @ 14420.731: touch gesture: no valid gesture detected
04-17 05:21:31.118599   984  1089 W ASH     : @ 14420.796: touch gesture: no valid gesture detected
04-17 05:21:31.183267   984  1089 W ASH     : @ 14420.861: touch gesture: no valid gesture detected
04-17 05:21:31.247422   984  1089 W ASH     : @ 14420.925: touch gesture: no valid gesture detected
04-17 05:21:31.311994   984  1089 W ASH     : @ 14420.989: touch gesture: no valid gesture detected
04-17 05:21:31.376488   984  1089 W ASH     : @ 14421.054: touch gesture: no valid gesture detected
04-17 05:21:31.440886   984  1089 W ASH     : @ 14421.118: touch gesture: no valid gesture detected
04-17 05:21:31.505812   984  1089 W ASH     : @ 14421.183: touch gesture: no valid gesture detected
04-17 05:21:31.569901   984  1089 W ASH     : @ 14421.247: touch gesture: no valid gesture detected
04-17 05:21:31.634638   984  1089 W ASH     : @ 14421.312: touch gesture: no valid gesture detected
04-17 05:21:31.698936   984  1089 W ASH     : @ 14421.376: touch gesture: no valid gesture detected
04-17 05:21:31.763214   984  1089 W ASH     : @ 14421.441: touch gesture: no valid gesture detected
04-17 05:21:31.827182   984  1089 W ASH     : @ 14421.505: touch gesture: no valid gesture detected
04-17 05:21:31.892329   984  1089 W ASH     : @ 14421.570: touch gesture: no valid gesture detected
04-17 05:21:31.956812   984  1089 W ASH     : @ 14421.634: touch gesture: no valid gesture detected
04-17 05:21:32.020857   984  1089 W ASH     : @ 14421.699: touch gesture: no valid gesture detected
04-17 05:21:32.085780   984  1089 W ASH     : @ 14421.763: touch gesture: no valid gesture detected
04-17 05:21:32.150065   984  1089 W ASH     : @ 14421.828: touch gesture: no valid gesture detected
04-17 05:21:32.214855   984  1089 W ASH     : @ 14421.892: touch gesture: no valid gesture detected
04-17 05:21:32.279029   984  1089 W ASH     : @ 14421.956: touch gesture: no valid gesture detected
04-17 05:21:32.343637   984  1089 W ASH     : @ 14422.021: touch gesture: no valid gesture detected
04-17 05:21:32.408022   984  1089 W ASH     : @ 14422.085: touch gesture: no valid gesture detected
04-17 05:21:32.472657   984  1089 W ASH     : @ 14422.150: touch gesture: no valid gesture detected
04-17 05:21:32.536998   984  1089 W ASH     : @ 14422.214: touch gesture: no valid gesture detected
04-17 05:21:32.601481   984  1089 W ASH     : @ 14422.279: touch gesture: no valid gesture detected
04-17 05:21:32.666526   984  1089 W ASH     : @ 14422.343: touch gesture: no valid gesture detected
04-17 05:21:32.730364   984  1089 W ASH     : @ 14422.408: touch gesture: no valid gesture detected
04-17 05:21:32.794967   984  1089 W ASH     : @ 14422.472: touch gesture: no valid gesture detected
04-17 05:21:32.859339   984  1089 W ASH     : @ 14422.537: touch gesture: no valid gesture detected
04-17 05:21:32.923790   984  1089 W ASH     : @ 14422.601: touch gesture: no valid gesture detected
04-17 05:21:32.988174   984  1089 W ASH     : @ 14422.666: touch gesture: no valid gesture detected
04-17 05:21:33.052803   984  1089 W ASH     : @ 14422.730: touch gesture: no valid gesture detected
04-17 05:21:33.117801   984  1089 W ASH     : @ 14422.795: touch gesture: no valid gesture detected
04-17 05:21:33.182024   984  1089 W ASH     : @ 14422.859: touch gesture: no valid gesture detected
04-17 05:21:33.244925   984  1089 W ASH     : @ 14422.923: touch gesture: no valid gesture detected
04-17 05:21:33.310628   984  1089 W ASH     : @ 14422.988: touch gesture: no valid gesture detected
04-17 05:21:33.374884   984  1089 W ASH     : @ 14423.052: touch gesture: no valid gesture detected
04-17 05:21:33.439584   984  1089 W ASH     : @ 14423.117: touch gesture: no valid gesture detected
04-17 05:21:33.503729   984  1089 W ASH     : @ 14423.181: touch gesture: no valid gesture detected
04-17 05:21:33.568630   984  1089 W ASH     : @ 14423.246: touch gesture: no valid gesture detected
04-17 05:21:33.633048   984  1089 W ASH     : @ 14423.310: touch gesture: no valid gesture detected
04-17 05:21:33.697480   984  1089 W ASH     : @ 14423.375: touch gesture: no valid gesture detected
04-17 05:21:33.762062   984  1089 W ASH     : @ 14423.439: touch gesture: no valid gesture detected
04-17 05:21:33.826103   984  1089 W ASH     : @ 14423.504: touch gesture: no valid gesture detected
04-17 05:21:33.890707   984  1089 W ASH     : @ 14423.568: touch gesture: no valid gesture detected
04-17 05:21:33.955420   984  1089 W ASH     : @ 14423.633: touch gesture: no valid gesture detected
04-17 05:21:34.020007   984  1089 W ASH     : @ 14423.697: touch gesture: no valid gesture detected
04-17 05:21:34.084623   984  1089 W ASH     : @ 14423.762: touch gesture: no valid gesture detected
04-17 05:21:34.148970   984  1089 W ASH     : @ 14423.826: touch gesture: no valid gesture detected
04-17 05:21:34.213553   984  1089 W ASH     : @ 14423.891: touch gesture: no valid gesture detected
04-17 05:21:34.278032   984  1089 W ASH     : @ 14423.955: touch gesture: no valid gesture detected
04-17 05:21:34.342274   984  1089 W ASH     : @ 14424.020: touch gesture: no valid gesture detected
04-17 05:21:34.406912   984  1089 W ASH     : @ 14424.084: touch gesture: no valid gesture detected
04-17 05:21:34.471344   984  1089 W ASH     : @ 14424.149: touch gesture: no valid gesture detected
04-17 05:21:34.535699   984  1089 W ASH     : @ 14424.213: touch gesture: no valid gesture detected
04-17 05:21:34.600049   984  1089 W ASH     : @ 14424.277: touch gesture: no valid gesture detected
04-17 05:21:34.664657   984  1089 W ASH     : @ 14424.342: touch gesture: no valid gesture detected
04-17 05:21:34.729134   984  1089 W ASH     : @ 14424.406: touch gesture: no valid gesture detected
04-17 05:21:34.793652   984  1089 W ASH     : @ 14424.471: touch gesture: no valid gesture detected
04-17 05:21:34.858062   984  1089 W ASH     : @ 14424.535: touch gesture: no valid gesture detected
04-17 05:21:34.922257   984  1089 W ASH     : @ 14424.600: touch gesture: no valid gesture detected
04-17 05:21:34.986696   984  1089 W ASH     : @ 14424.664: touch gesture: no valid gesture detected
04-17 05:21:35.051438   984  1089 W ASH     : @ 14424.728: touch gesture: no valid gesture detected
04-17 05:21:35.116024   984  1089 W ASH     : @ 14424.793: touch gesture: no valid gesture detected
04-17 05:21:35.180150   984  1089 W ASH     : @ 14424.857: touch gesture: no valid gesture detected
04-17 05:21:35.244249   984  1089 W ASH     : @ 14424.922: touch gesture: no valid gesture detected
04-17 05:21:35.308716   984  1089 W ASH     : @ 14424.986: touch gesture: no valid gesture detected
04-17 05:21:35.373467   984  1089 W ASH     : @ 14425.051: touch gesture: no valid gesture detected
04-17 05:21:35.437877   984  1089 W ASH     : @ 14425.115: touch gesture: no valid gesture detected
04-17 05:21:35.502344   984  1089 W ASH     : @ 14425.180: touch gesture: no valid gesture detected
04-17 05:21:35.566545   984  1089 W ASH     : @ 14425.244: touch gesture: no valid gesture detected
04-17 05:21:35.631413   984  1089 W ASH     : @ 14425.308: touch gesture: no valid gesture detected
04-17 05:21:35.695806   984  1089 W ASH     : @ 14425.373: touch gesture: no valid gesture detected
04-17 05:21:35.760195   984  1089 W ASH     : @ 14425.437: touch gesture: no valid gesture detected
04-17 05:21:35.824321   984  1089 W ASH     : @ 14425.502: touch gesture: no valid gesture detected
04-17 05:21:35.888657   984  1089 W ASH     : @ 14425.566: touch gesture: no valid gesture detected
04-17 05:21:35.953371   984  1089 W ASH     : @ 14425.630: touch gesture: no valid gesture detected
04-17 05:21:36.017535   984  1089 W ASH     : @ 14425.695: touch gesture: no valid gesture detected
04-17 05:21:36.082080   984  1089 W ASH     : @ 14425.759: touch gesture: no valid gesture detected
04-17 05:21:36.146415   984  1089 W ASH     : @ 14425.824: touch gesture: no valid gesture detected
04-17 05:21:36.210747   984  1089 W ASH     : @ 14425.888: touch gesture: no valid gesture detected
04-17 05:21:36.275054   984  1089 W ASH     : @ 14425.952: touch gesture: no valid gesture detected
04-17 05:21:36.339574   984  1089 W ASH     : @ 14426.017: touch gesture: no valid gesture detected
04-17 05:21:36.403746   984  1089 W ASH     : @ 14426.081: touch gesture: no valid gesture detected
04-17 05:21:36.468389   984  1089 W ASH     : @ 14426.146: touch gesture: no valid gesture detected
04-17 05:21:36.532697   984  1089 W ASH     : @ 14426.210: touch gesture: no valid gesture detected
04-17 05:21:36.596723   984  1089 W ASH     : @ 14426.274: touch gesture: no valid gesture detected
04-17 05:21:36.660255   984  1089 W ASH     : @ 14426.339: touch gesture: no valid gesture detected
04-17 05:21:36.725979   984  1089 W ASH     : @ 14426.403: touch gesture: no valid gesture detected
04-17 05:21:36.790108   984  1089 W ASH     : @ 14426.468: touch gesture: no valid gesture detected
04-17 05:21:36.854852   984  1089 W ASH     : @ 14426.532: touch gesture: no valid gesture detected
04-17 05:21:36.919106   984  1089 W ASH     : @ 14426.597: touch gesture: no valid gesture detected
04-17 05:21:36.983491   984  1089 W ASH     : @ 14426.661: touch gesture: no valid gesture detected
04-17 05:21:37.048158   984  1089 W ASH     : @ 14426.725: touch gesture: no valid gesture detected
04-17 05:21:37.112474   984  1089 W ASH     : @ 14426.790: touch gesture: no valid gesture detected
04-17 05:21:37.176884   984  1089 W ASH     : @ 14426.854: touch gesture: no valid gesture detected
04-17 05:21:37.241266   984  1089 W ASH     : @ 14426.919: touch gesture: no valid gesture detected
04-17 05:21:37.305990   984  1089 W ASH     : @ 14426.983: touch gesture: no valid gesture detected
04-17 05:21:37.370066   984  1089 W ASH     : @ 14427.047: touch gesture: no valid gesture detected
04-17 05:21:37.434314   984  1089 W ASH     : @ 14427.112: touch gesture: no valid gesture detected
04-17 05:21:37.498727   984  1089 W ASH     : @ 14427.176: touch gesture: no valid gesture detected
04-17 05:21:37.563315   984  1089 W ASH     : @ 14427.241: touch gesture: no valid gesture detected
04-17 05:21:37.627995   984  1089 W ASH     : @ 14427.305: touch gesture: no valid gesture detected
04-17 05:21:37.692107   984  1089 W ASH     : @ 14427.370: touch gesture: no valid gesture detected
04-17 05:21:37.756762   984  1089 W ASH     : @ 14427.434: touch gesture: no valid gesture detected
04-17 05:21:37.821294   984  1089 W ASH     : @ 14427.499: touch gesture: no valid gesture detected
04-17 05:21:37.885577   984  1089 W ASH     : @ 14427.563: touch gesture: no valid gesture detected
04-17 05:21:37.950200   984  1089 W ASH     : @ 14427.627: touch gesture: no valid gesture detected
04-17 05:21:38.014826   984  1089 W ASH     : @ 14427.692: touch gesture: no valid gesture detected
04-17 05:21:38.078700   984  1089 W ASH     : @ 14427.756: touch gesture: no valid gesture detected
04-17 05:21:38.143620   984  1089 W ASH     : @ 14427.821: touch gesture: no valid gesture detected
04-17 05:21:38.208033   984  1089 W ASH     : @ 14427.885: touch gesture: no valid gesture detected
04-17 05:21:38.272650   984  1089 W ASH     : @ 14427.950: touch gesture: no valid gesture detected
04-17 05:21:38.337004   984  1089 W ASH     : @ 14428.014: touch gesture: no valid gesture detected
04-17 05:21:38.401561   984  1089 W ASH     : @ 14428.079: touch gesture: no valid gesture detected
04-17 05:21:38.465811   984  1089 W ASH     : @ 14428.143: touch gesture: no valid gesture detected
04-17 05:21:38.530463   984  1089 W ASH     : @ 14428.208: touch gesture: no valid gesture detected
04-17 05:21:38.594911   984  1089 W ASH     : @ 14428.272: touch gesture: no valid gesture detected
04-17 05:21:38.659364   984  1089 W ASH     : @ 14428.337: touch gesture: no valid gesture detected
04-17 05:21:38.723958   984  1089 W ASH     : @ 14428.401: touch gesture: no valid gesture detected
04-17 05:21:38.788496   984  1089 W ASH     : @ 14428.465: touch gesture: no valid gesture detected
04-17 05:21:38.852765   984  1089 W ASH     : @ 14428.530: touch gesture: no valid gesture detected
04-17 05:21:38.917362   984  1089 W ASH     : @ 14428.594: touch gesture: no valid gesture detected
04-17 05:21:38.981528   984  1089 W ASH     : @ 14428.659: touch gesture: no valid gesture detected
04-17 05:21:39.045999   984  1089 W ASH     : @ 14428.723: touch gesture: no valid gesture detected
04-17 05:21:39.110470   984  1089 W ASH     : @ 14428.788: touch gesture: no valid gesture detected
04-17 05:21:39.174777   984  1089 W ASH     : @ 14428.852: touch gesture: no valid gesture detected
04-17 05:21:39.239466   984  1089 W ASH     : @ 14428.917: touch gesture: no valid gesture detected
--------- switch to kernel
04-17 05:21:39.290078     0     0 I         : c5   5418 google_charger: usbchg=USB typec=C usbv=4998 usbc=99 usbMv=5000 usbMc=450
04-17 05:21:39.290260     0     0 I         : c5   5418 sm7250_bms: MSC_PCS chg_state=1c2116603010005 [0x5:3:1:4454:450] chg=u
04-17 05:21:39.290336     0     0 I         : c5   5418 google_battery: MSC_DIN chg_state=1c2116603010005 f=0x5 chg_s=Charging chg_t=Fast vchg=4454 icl=450
04-17 05:21:39.292004     0     0 I         : c5   5418 google_battery: MSC_LAST vbatt=4454267 ibatt=-103759 fv_uv=4450000
04-17 05:21:39.292030     0     0 I         : c5   5418 google_battery: hold not defined for msc_state=7
04-17 05:21:39.292086     0     0 I         : c5   5418 google_battery: MSC_VOTE msc_state=7 cv_cnt=0 ov_cnt=0 temp_idx:2, vbatt_idx:5  fv_uv=4450000 cc_max=120000 update_interval=30000
04-17 05:21:39.292191     0     0 I         : c5   5418 google_charger: MSC_CHG fv_uv=4450000, cc_max=120000, rerun in 30000 ms (0)
--------- switch to main
04-17 05:21:39.302131   984  1089 W ASH     : @ 14428.981: touch gesture: no valid gesture detected
04-17 05:21:39.368370   984  1089 W ASH     : @ 14429.046: touch gesture: no valid gesture detected
04-17 05:21:39.432673   984  1089 W ASH     : @ 14429.110: touch gesture: no valid gesture detected
04-17 05:21:39.496920   984  1089 W ASH     : @ 14429.174: touch gesture: no valid gesture detected
04-17 05:21:39.561683   984  1089 W ASH     : @ 14429.239: touch gesture: no valid gesture detected
04-17 05:21:39.625828   984  1089 W ASH     : @ 14429.303: touch gesture: no valid gesture detected
04-17 05:21:39.690243   984  1089 W ASH     : @ 14429.368: touch gesture: no valid gesture detected
04-17 05:21:39.753882   984  1089 W ASH     : @ 14429.432: touch gesture: no valid gesture detected
04-17 05:21:39.819190   984  1089 W ASH     : @ 14429.497: touch gesture: no valid gesture detected
04-17 05:21:39.883633   984  1089 W ASH     : @ 14429.561: touch gesture: no valid gesture detected
04-17 05:21:39.948201   984  1089 W ASH     : @ 14429.625: touch gesture: no valid gesture detected
04-17 05:21:40.012578   984  1089 W ASH     : @ 14429.690: touch gesture: no valid gesture detected
04-17 05:21:40.076871   984  1089 W ASH     : @ 14429.754: touch gesture: no valid gesture detected
04-17 05:21:40.141579   984  1089 W ASH     : @ 14429.819: touch gesture: no valid gesture detected
04-17 05:21:40.205834   984  1089 W ASH     : @ 14429.883: touch gesture: no valid gesture detected
04-17 05:21:40.270273   984  1089 W ASH     : @ 14429.948: touch gesture: no valid gesture detected
04-17 05:21:40.335010   984  1089 W ASH     : @ 14430.012: touch gesture: no valid gesture detected
04-17 05:21:40.399156   984  1089 W ASH     : @ 14430.076: touch gesture: no valid gesture detected
04-17 05:21:40.463476   984  1089 W ASH     : @ 14430.141: touch gesture: no valid gesture detected
04-17 05:21:40.528048   984  1089 W ASH     : @ 14430.205: touch gesture: no valid gesture detected
04-17 05:21:40.592374   984  1089 W ASH     : @ 14430.270: touch gesture: no valid gesture detected
04-17 05:21:40.656869   984  1089 W ASH     : @ 14430.334: touch gesture: no valid gesture detected
04-17 05:21:40.721426   984  1089 W ASH     : @ 14430.399: touch gesture: no valid gesture detected
04-17 05:21:40.785767   984  1089 W ASH     : @ 14430.463: touch gesture: no valid gesture detected
04-17 05:21:40.850537   984  1089 W ASH     : @ 14430.528: touch gesture: no valid gesture detected
04-17 05:21:40.914327   984  1089 W ASH     : @ 14430.592: touch gesture: no valid gesture detected
04-17 05:21:40.979051   984  1089 W ASH     : @ 14430.656: touch gesture: no valid gesture detected
04-17 05:21:41.043239   984  1089 W ASH     : @ 14430.721: touch gesture: no valid gesture detected
04-17 05:21:41.108051   984  1089 W ASH     : @ 14430.785: touch gesture: no valid gesture detected
04-17 05:21:41.172414   984  1089 W ASH     : @ 14430.850: touch gesture: no valid gesture detected
04-17 05:21:41.236416   984  1089 W ASH     : @ 14430.914: touch gesture: no valid gesture detected
04-17 05:21:41.300840   984  1089 W ASH     : @ 14430.978: touch gesture: no valid gesture detected
04-17 05:21:41.365422   984  1089 W ASH     : @ 14431.043: touch gesture: no valid gesture detected
04-17 05:21:41.428431   984  1089 W ASH     : @ 14431.107: touch gesture: no valid gesture detected
04-17 05:21:41.494630   984  1089 W ASH     : @ 14431.172: touch gesture: no valid gesture detected
04-17 05:21:41.558612   984  1089 W ASH     : @ 14431.236: touch gesture: no valid gesture detected
04-17 05:21:41.622958   984  1089 W ASH     : @ 14431.301: touch gesture: no valid gesture detected
04-17 05:21:41.687476   984  1089 W ASH     : @ 14431.365: touch gesture: no valid gesture detected
04-17 05:21:41.752315   984  1089 W ASH     : @ 14431.430: touch gesture: no valid gesture detected
04-17 05:21:41.816937   984  1089 W ASH     : @ 14431.494: touch gesture: no valid gesture detected
04-17 05:21:41.881483   984  1089 W ASH     : @ 14431.559: touch gesture: no valid gesture detected
04-17 05:21:41.945875   984  1089 W ASH     : @ 14431.623: touch gesture: no valid gesture detected
04-17 05:21:42.010279   984  1089 W ASH     : @ 14431.688: touch gesture: no valid gesture detected
04-17 05:21:42.074631   984  1089 W ASH     : @ 14431.752: touch gesture: no valid gesture detected
04-17 05:21:42.139418   984  1089 W ASH     : @ 14431.816: touch gesture: no valid gesture detected
04-17 05:21:42.203582   984  1089 W ASH     : @ 14431.881: touch gesture: no valid gesture detected
04-17 05:21:42.268135   984  1089 W ASH     : @ 14431.945: touch gesture: no valid gesture detected
04-17 05:21:42.332581   984  1089 W ASH     : @ 14432.010: touch gesture: no valid gesture detected
04-17 05:21:42.396779   984  1089 W ASH     : @ 14432.074: touch gesture: no valid gesture detected
04-17 05:21:42.461597   984  1089 W ASH     : @ 14432.139: touch gesture: no valid gesture detected
04-17 05:21:42.525699   984  1089 W ASH     : @ 14432.203: touch gesture: no valid gesture detected
04-17 05:21:42.589937   984  1089 W ASH     : @ 14432.267: touch gesture: no valid gesture detected
--------- switch to events
04-17 05:21:42.601617  2612  2612 I sysui_multi_action: [757,803,799,note_enqueued,802,2]
04-17 05:21:42.602431  2612  2612 I sysui_multi_action: [757,803,799,note_post,802,2]
04-17 05:21:42.603042  2612  2612 I sysui_multi_action: [757,803,799,note_ongoing,802,2]
04-17 05:21:42.603473  2612  2612 I sysui_multi_action: [757,803,799,note_title,802,2]
04-17 05:21:42.603848  2612  2612 I sysui_multi_action: [757,803,799,note_text,802,2]
04-17 05:21:42.604301  2612  2612 I sysui_multi_action: [757,803,799,note_imp_noisy_default,802,2]
04-17 05:21:42.604766  2612  2612 I sysui_multi_action: [757,803,799,note_importance_min,802,1]
04-17 05:21:42.605117  2612  2612 I sysui_multi_action: [757,803,799,note_importance_high,802,1]
--------- switch to main
04-17 05:21:42.654767   984  1089 W ASH     : @ 14432.332: touch gesture: no valid gesture detected
04-17 05:21:42.718953   984  1089 W ASH     : @ 14432.396: touch gesture: no valid gesture detected
04-17 05:21:42.782076   984  1089 W ASH     : @ 14432.461: touch gesture: no valid gesture detected
04-17 05:21:42.845732   984  1089 W ASH     : @ 14432.525: touch gesture: no valid gesture detected
04-17 05:21:42.910348   984  1089 W ASH     : @ 14432.590: touch gesture: no valid gesture detected
04-17 05:21:42.974700   984  1089 W ASH     : @ 14432.654: touch gesture: no valid gesture detected
04-17 05:21:43.038975   984  1089 W ASH     : @ 14432.718: touch gesture: no valid gesture detected
04-17 05:21:43.103492   984  1089 W ASH     : @ 14432.783: touch gesture: no valid gesture detected
04-17 05:21:43.167954   984  1089 W ASH     : @ 14432.847: touch gesture: no valid gesture detected
04-17 05:21:43.232400   984  1089 W ASH     : @ 14432.912: touch gesture: no valid gesture detected
04-17 05:21:43.296811   984  1089 W ASH     : @ 14432.976: touch gesture: no valid gesture detected
04-17 05:21:43.361227   984  1089 W ASH     : @ 14433.041: touch gesture: no valid gesture detected
04-17 05:21:43.427997   984  1089 W ASH     : @ 14433.105: touch gesture: no valid gesture detected
04-17 05:21:43.491920   984  1089 W ASH     : @ 14433.170: touch gesture: no valid gesture detected
04-17 05:21:43.556629   984  1089 W ASH     : @ 14433.234: touch gesture: no valid gesture detected
04-17 05:21:43.621210   984  1089 W ASH     : @ 14433.298: touch gesture: no valid gesture detected
04-17 05:21:43.685491   984  1089 W ASH     : @ 14433.363: touch gesture: no valid gesture detected
04-17 05:21:43.750082   984  1089 W ASH     : @ 14433.427: touch gesture: no valid gesture detected
04-17 05:21:43.814280   984  1089 W ASH     : @ 14433.492: touch gesture: no valid gesture detected
04-17 05:21:43.878822   984  1089 W ASH     : @ 14433.556: touch gesture: no valid gesture detected
04-17 05:21:43.943116   984  1089 W ASH     : @ 14433.621: touch gesture: no valid gesture detected
04-17 05:21:44.007898   984  1089 W ASH     : @ 14433.685: touch gesture: no valid gesture detected
--------- switch to system
04-17 05:21:44.052269  2612  2694 I UsageStatsService: User[0] Flushing usage stats to disk
--------- switch to main
04-17 05:21:44.070684   984  1089 W ASH     : @ 14433.749: touch gesture: no valid gesture detected
04-17 05:21:44.134747   984  1089 W ASH     : @ 14433.814: touch gesture: no valid gesture detected
04-17 05:21:44.199915   984  1089 W ASH     : @ 14433.878: touch gesture: no valid gesture detected
04-17 05:21:44.218233  1364  1380 W xtra-daemon: onRequestXtraData:190] On Req XTRA data Xtrastate:1 retry:1 curReqSource:0 newreqSource:0xffff              isCon:0 isNonMetered:0 isGpsEnabled:1
04-17 05:21:44.221801  1364  1372 W xtra-daemon: onXtraDownloadResultInternal:361] XTRA download result status:4 starting timer for 300 sec mXtraRetryTimes:0 
04-17 05:21:44.265270   984  1089 W ASH     : @ 14433.943: touch gesture: no valid gesture detected
04-17 05:21:44.329988   984  1089 W ASH     : @ 14434.007: touch gesture: no valid gesture detected
04-17 05:21:44.394598   984  1089 W ASH     : @ 14434.072: touch gesture: no valid gesture detected
04-17 05:21:44.458983   984  1089 W ASH     : @ 14434.136: touch gesture: no valid gesture detected
04-17 05:21:44.522956   984  1089 W ASH     : @ 14434.201: touch gesture: no valid gesture detected
04-17 05:21:44.587604   984  1089 W ASH     : @ 14434.265: touch gesture: no valid gesture detected
04-17 05:21:44.651953   984  1089 W ASH     : @ 14434.329: touch gesture: no valid gesture detected
04-17 05:21:44.716455   984  1089 W ASH     : @ 14434.394: touch gesture: no valid gesture detected
04-17 05:21:44.780569   984  1089 W ASH     : @ 14434.458: touch gesture: no valid gesture detected
04-17 05:21:44.845067   984  1089 W ASH     : @ 14434.522: touch gesture: no valid gesture detected
04-17 05:21:44.909439   984  1089 W ASH     : @ 14434.587: touch gesture: no valid gesture detected
04-17 05:21:44.973653   984  1089 W ASH     : @ 14434.651: touch gesture: no valid gesture detected
04-17 05:21:45.037917   984  1089 W ASH     : @ 14434.716: touch gesture: no valid gesture detected
04-17 05:21:45.102417   984  1089 W ASH     : @ 14434.780: touch gesture: no valid gesture detected
04-17 05:21:45.166882   984  1089 W ASH     : @ 14434.844: touch gesture: no valid gesture detected
04-17 05:21:45.231141   984  1089 W ASH     : @ 14434.909: touch gesture: no valid gesture detected
04-17 05:21:45.295689   984  1089 W ASH     : @ 14434.973: touch gesture: no valid gesture detected
04-17 05:21:45.359938   984  1089 W ASH     : @ 14435.037: touch gesture: no valid gesture detected
04-17 05:21:45.424623   984  1089 W ASH     : @ 14435.102: touch gesture: no valid gesture detected
04-17 05:21:45.488850   984  1089 W ASH     : @ 14435.166: touch gesture: no valid gesture detected
04-17 05:21:45.553133   984  1089 W ASH     : @ 14435.231: touch gesture: no valid gesture detected
04-17 05:21:45.617422   984  1089 W ASH     : @ 14435.295: touch gesture: no valid gesture detected
04-17 05:21:45.682089   984  1089 W ASH     : @ 14435.359: touch gesture: no valid gesture detected
04-17 05:21:45.746635   984  1089 W ASH     : @ 14435.424: touch gesture: no valid gesture detected
04-17 05:21:45.811357   984  1089 W ASH     : @ 14435.488: touch gesture: no valid gesture detected
04-17 05:21:45.875275   984  1089 W ASH     : @ 14435.552: touch gesture: no valid gesture detected
04-17 05:21:45.939564   984  1089 W ASH     : @ 14435.617: touch gesture: no valid gesture detected
04-17 05:21:46.004097   984  1089 W ASH     : @ 14435.681: touch gesture: no valid gesture detected
04-17 05:21:46.068502   984  1089 W ASH     : @ 14435.746: touch gesture: no valid gesture detected
04-17 05:21:46.132864   984  1089 W ASH     : @ 14435.810: touch gesture: no valid gesture detected
04-17 05:21:46.197248   984  1089 W ASH     : @ 14435.875: touch gesture: no valid gesture detected
04-17 05:21:46.261544   984  1089 W ASH     : @ 14435.939: touch gesture: no valid gesture detected
04-17 05:21:46.325846   984  1089 W ASH     : @ 14436.003: touch gesture: no valid gesture detected
04-17 05:21:46.390342   984  1089 W ASH     : @ 14436.068: touch gesture: no valid gesture detected
04-17 05:21:46.454870   984  1089 W ASH     : @ 14436.132: touch gesture: no valid gesture detected
04-17 05:21:46.519258   984  1089 W ASH     : @ 14436.197: touch gesture: no valid gesture detected
04-17 05:21:46.583659   984  1089 W ASH     : @ 14436.261: touch gesture: no valid gesture detected
04-17 05:21:46.648006   984  1089 W ASH     : @ 14436.325: touch gesture: no valid gesture detected
04-17 05:21:46.711345   984  1089 W ASH     : @ 14436.390: touch gesture: no valid gesture detected
04-17 05:21:46.776816   984  1089 W ASH     : @ 14436.454: touch gesture: no valid gesture detected
04-17 05:21:46.841326   984  1089 W ASH     : @ 14436.519: touch gesture: no valid gesture detected
04-17 05:21:46.905764   984  1089 W ASH     : @ 14436.583: touch gesture: no valid gesture detected
04-17 05:21:46.970167   984  1089 W ASH     : @ 14436.647: touch gesture: no valid gesture detected
04-17 05:21:47.034293   984  1089 W ASH     : @ 14436.712: touch gesture: no valid gesture detected
04-17 05:21:47.098768   984  1089 W ASH     : @ 14436.776: touch gesture: no valid gesture detected
04-17 05:21:47.163139   984  1089 W ASH     : @ 14436.841: touch gesture: no valid gesture detected
04-17 05:21:47.227449   984  1089 W ASH     : @ 14436.905: touch gesture: no valid gesture detected
04-17 05:21:47.288463   960  3562 D vendor.qti.bluetooth@1.0-health-info: ReportHealthInfo:statistics:
04-17 05:21:47.288463   960  3562 D vendor.qti.bluetooth@1.0-health-info: ts <21:21:47:288331> rx_vote:0, tx_vote:0, wake_lock holding:0, maximum rx sleep-wake-interval:685sec, maximum tx packet-interval:685secWake_Req sent out:3, Wake_Req received:3Sleep_Ind sent out:3, Sleep_Ind received:3
04-17 05:21:47.290529   984  1089 W ASH     : @ 14436.969: touch gesture: no valid gesture detected
04-17 05:21:47.356588   984  1089 W ASH     : @ 14437.034: touch gesture: no valid gesture detected
04-17 05:21:47.420734   984  1089 W ASH     : @ 14437.098: touch gesture: no valid gesture detected
04-17 05:21:47.485098   984  1089 W ASH     : @ 14437.162: touch gesture: no valid gesture detected
04-17 05:21:47.549268   984  1089 W ASH     : @ 14437.227: touch gesture: no valid gesture detected
04-17 05:21:47.614031   984  1089 W ASH     : @ 14437.291: touch gesture: no valid gesture detected
04-17 05:21:47.678337   984  1089 W ASH     : @ 14437.356: touch gesture: no valid gesture detected
04-17 05:21:47.742915   984  1089 W ASH     : @ 14437.420: touch gesture: no valid gesture detected
04-17 05:21:47.806930   984  1089 W ASH     : @ 14437.484: touch gesture: no valid gesture detected
04-17 05:21:47.871637   984  1089 W ASH     : @ 14437.549: touch gesture: no valid gesture detected
04-17 05:21:47.936109   984  1089 W ASH     : @ 14437.613: touch gesture: no valid gesture detected
04-17 05:21:48.000353   984  1089 W ASH     : @ 14437.678: touch gesture: no valid gesture detected
04-17 05:21:48.064628   984  1089 W ASH     : @ 14437.742: touch gesture: no valid gesture detected
04-17 05:21:48.128995   984  1089 W ASH     : @ 14437.806: touch gesture: no valid gesture detected
04-17 05:21:48.191469   984  1089 W ASH     : @ 14437.871: touch gesture: no valid gesture detected
04-17 05:21:48.255789   984  1089 W ASH     : @ 14437.935: touch gesture: no valid gesture detected
04-17 05:21:48.320337   984  1089 W ASH     : @ 14437.999: touch gesture: no valid gesture detected
04-17 05:21:48.384702   984  1089 W ASH     : @ 14438.064: touch gesture: no valid gesture detected
04-17 05:21:48.448892   984  1089 W ASH     : @ 14438.128: touch gesture: no valid gesture detected
04-17 05:21:48.513398   984  1089 W ASH     : @ 14438.193: touch gesture: no valid gesture detected
04-17 05:21:48.579701   984  1089 W ASH     : @ 14438.257: touch gesture: no valid gesture detected
04-17 05:21:48.643635   984  1089 W ASH     : @ 14438.321: touch gesture: no valid gesture detected
04-17 05:21:48.708305   984  1089 W ASH     : @ 14438.386: touch gesture: no valid gesture detected
04-17 05:21:48.773012   984  1089 W ASH     : @ 14438.450: touch gesture: no valid gesture detected
04-17 05:21:48.837107   984  1089 W ASH     : @ 14438.514: touch gesture: no valid gesture detected
04-17 05:21:48.901530   984  1089 W ASH     : @ 14438.579: touch gesture: no valid gesture detected
04-17 05:21:48.966081   984  1089 W ASH     : @ 14438.643: touch gesture: no valid gesture detected
04-17 05:21:49.030102   984  1089 W ASH     : @ 14438.707: touch gesture: no valid gesture detected
04-17 05:21:49.094956   984  1089 W ASH     : @ 14438.772: touch gesture: no valid gesture detected
04-17 05:21:49.159089   984  1089 W ASH     : @ 14438.836: touch gesture: no valid gesture detected
04-17 05:21:49.223118   984  1089 W ASH     : @ 14438.900: touch gesture: no valid gesture detected
04-17 05:21:49.287990   984  1089 W ASH     : @ 14438.965: touch gesture: no valid gesture detected
04-17 05:21:49.352027   984  1089 W ASH     : @ 14439.029: touch gesture: no valid gesture detected
04-17 05:21:49.416072   984  1089 W ASH     : @ 14439.093: touch gesture: no valid gesture detected
04-17 05:21:49.480820   984  1089 W ASH     : @ 14439.158: touch gesture: no valid gesture detected
04-17 05:21:49.545630   984  1089 W ASH     : @ 14439.223: touch gesture: no valid gesture detected
04-17 05:21:49.609933   984  1089 W ASH     : @ 14439.287: touch gesture: no valid gesture detected
04-17 05:21:49.674300   984  1089 W ASH     : @ 14439.351: touch gesture: no valid gesture detected
04-17 05:21:49.738811   984  1089 W ASH     : @ 14439.416: touch gesture: no valid gesture detected
04-17 05:21:49.803131   984  1089 W ASH     : @ 14439.480: touch gesture: no valid gesture detected
04-17 05:21:49.867801   984  1089 W ASH     : @ 14439.545: touch gesture: no valid gesture detected
04-17 05:21:49.931993   984  1089 W ASH     : @ 14439.609: touch gesture: no valid gesture detected
04-17 05:21:49.996392   984  1089 W ASH     : @ 14439.674: touch gesture: no valid gesture detected
04-17 05:21:50.060591   984  1089 W ASH     : @ 14439.738: touch gesture: no valid gesture detected
04-17 05:21:50.125393   984  1089 W ASH     : @ 14439.803: touch gesture: no valid gesture detected
04-17 05:21:50.189961   984  1089 W ASH     : @ 14439.867: touch gesture: no valid gesture detected
04-17 05:21:50.254137   984  1089 W ASH     : @ 14439.932: touch gesture: no valid gesture detected
04-17 05:21:50.318447   984  1089 W ASH     : @ 14439.996: touch gesture: no valid gesture detected
04-17 05:21:50.382897   984  1089 W ASH     : @ 14440.060: touch gesture: no valid gesture detected
04-17 05:21:50.447641   984  1089 W ASH     : @ 14440.125: touch gesture: no valid gesture detected
04-17 05:21:50.511990   984  1089 W ASH     : @ 14440.189: touch gesture: no valid gesture detected
04-17 05:21:50.576439   984  1089 W ASH     : @ 14440.254: touch gesture: no valid gesture detected
04-17 05:21:50.640807   984  1089 W ASH     : @ 14440.318: touch gesture: no valid gesture detected
04-17 05:21:50.705413   984  1089 W ASH     : @ 14440.383: touch gesture: no valid gesture detected
04-17 05:21:50.769889   984  1089 W ASH     : @ 14440.447: touch gesture: no valid gesture detected
04-17 05:21:50.834625   984  1089 W ASH     : @ 14440.512: touch gesture: no valid gesture detected
04-17 05:21:50.898589   984  1089 W ASH     : @ 14440.576: touch gesture: no valid gesture detected
04-17 05:21:50.963340   984  1089 W ASH     : @ 14440.641: touch gesture: no valid gesture detected
04-17 05:21:51.027888   984  1089 W ASH     : @ 14440.705: touch gesture: no valid gesture detected
04-17 05:21:51.091939   984  1089 W ASH     : @ 14440.769: touch gesture: no valid gesture detected
04-17 05:21:51.156735   984  1089 W ASH     : @ 14440.834: touch gesture: no valid gesture detected
04-17 05:21:51.221146   984  1089 W ASH     : @ 14440.898: touch gesture: no valid gesture detected
04-17 05:21:51.285233   984  1089 W ASH     : @ 14440.963: touch gesture: no valid gesture detected
04-17 05:21:51.349994   984  1089 W ASH     : @ 14441.027: touch gesture: no valid gesture detected
04-17 05:21:51.414298   984  1089 W ASH     : @ 14441.092: touch gesture: no valid gesture detected
04-17 05:21:51.478879   984  1089 W ASH     : @ 14441.156: touch gesture: no valid gesture detected
04-17 05:21:51.543053   984  1089 W ASH     : @ 14441.220: touch gesture: no valid gesture detected
04-17 05:21:51.607504   984  1089 W ASH     : @ 14441.285: touch gesture: no valid gesture detected
04-17 05:21:51.671741   984  1089 W ASH     : @ 14441.349: touch gesture: no valid gesture detected
04-17 05:21:51.736167   984  1089 W ASH     : @ 14441.414: touch gesture: no valid gesture detected
04-17 05:21:51.800761   984  1089 W ASH     : @ 14441.478: touch gesture: no valid gesture detected
04-17 05:21:51.865009   984  1089 W ASH     : @ 14441.542: touch gesture: no valid gesture detected
04-17 05:21:51.929548   984  1089 W ASH     : @ 14441.607: touch gesture: no valid gesture detected
04-17 05:21:51.993949   984  1089 W ASH     : @ 14441.671: touch gesture: no valid gesture detected
04-17 05:21:52.058064   984  1089 W ASH     : @ 14441.736: touch gesture: no valid gesture detected
04-17 05:21:52.122664   984  1089 W ASH     : @ 14441.800: touch gesture: no valid gesture detected
04-17 05:21:52.187090   984  1089 W ASH     : @ 14441.864: touch gesture: no valid gesture detected
04-17 05:21:52.251424   984  1089 W ASH     : @ 14441.929: touch gesture: no valid gesture detected
04-17 05:21:52.315870   984  1089 W ASH     : @ 14441.993: touch gesture: no valid gesture detected
04-17 05:21:52.380230   984  1089 W ASH     : @ 14442.058: touch gesture: no valid gesture detected
04-17 05:21:52.443762   984  1089 W ASH     : @ 14442.122: touch gesture: no valid gesture detected
04-17 05:21:52.509306   984  1089 W ASH     : @ 14442.187: touch gesture: no valid gesture detected
04-17 05:21:52.573593   984  1089 W ASH     : @ 14442.251: touch gesture: no valid gesture detected
04-17 05:21:52.638238   984  1089 W ASH     : @ 14442.315: touch gesture: no valid gesture detected
04-17 05:21:52.702566   984  1089 W ASH     : @ 14442.380: touch gesture: no valid gesture detected
04-17 05:21:52.767401   984  1089 W ASH     : @ 14442.444: touch gesture: no valid gesture detected
04-17 05:21:52.831271   984  1089 W ASH     : @ 14442.509: touch gesture: no valid gesture detected
04-17 05:21:52.895549   984  1089 W ASH     : @ 14442.573: touch gesture: no valid gesture detected
04-17 05:21:52.960361   984  1089 W ASH     : @ 14442.637: touch gesture: no valid gesture detected
04-17 05:21:53.024258   984  1089 W ASH     : @ 14442.702: touch gesture: no valid gesture detected
04-17 05:21:53.088736   984  1089 W ASH     : @ 14442.766: touch gesture: no valid gesture detected
04-17 05:21:53.153082   984  1089 W ASH     : @ 14442.830: touch gesture: no valid gesture detected
04-17 05:21:53.217377   984  1089 W ASH     : @ 14442.895: touch gesture: no valid gesture detected
04-17 05:21:53.279740   984  1089 W ASH     : @ 14442.959: touch gesture: no valid gesture detected
04-17 05:21:53.346019   984  1089 W ASH     : @ 14443.023: touch gesture: no valid gesture detected
04-17 05:21:53.410632   984  1089 W ASH     : @ 14443.088: touch gesture: no valid gesture detected
04-17 05:21:53.474682   984  1089 W ASH     : @ 14443.152: touch gesture: no valid gesture detected
04-17 05:21:53.539260   984  1089 W ASH     : @ 14443.216: touch gesture: no valid gesture detected
04-17 05:21:53.603340   984  1089 W ASH     : @ 14443.281: touch gesture: no valid gesture detected
04-17 05:21:53.667634   984  1089 W ASH     : @ 14443.345: touch gesture: no valid gesture detected
04-17 05:21:53.731974   984  1089 W ASH     : @ 14443.409: touch gesture: no valid gesture detected
04-17 05:21:53.796263   984  1089 W ASH     : @ 14443.474: touch gesture: no valid gesture detected
04-17 05:21:53.860605   984  1089 W ASH     : @ 14443.538: touch gesture: no valid gesture detected
04-17 05:21:53.924960   984  1089 W ASH     : @ 14443.602: touch gesture: no valid gesture detected
04-17 05:21:53.989491   984  1089 W ASH     : @ 14443.667: touch gesture: no valid gesture detected
04-17 05:21:54.053698   984  1089 W ASH     : @ 14443.731: touch gesture: no valid gesture detected
04-17 05:21:54.118147   984  1089 W ASH     : @ 14443.796: touch gesture: no valid gesture detected
04-17 05:21:54.182560   984  1089 W ASH     : @ 14443.860: touch gesture: no valid gesture detected
04-17 05:21:54.246898   984  1089 W ASH     : @ 14443.924: touch gesture: no valid gesture detected
04-17 05:21:54.311471   984  1089 W ASH     : @ 14443.989: touch gesture: no valid gesture detected
04-17 05:21:54.376299   984  1089 W ASH     : @ 14444.053: touch gesture: no valid gesture detected
04-17 05:21:54.439828   984  1089 W ASH     : @ 14444.117: touch gesture: no valid gesture detected
04-17 05:21:54.504173   984  1089 W ASH     : @ 14444.182: touch gesture: no valid gesture detected
04-17 05:21:54.568616   984  1089 W ASH     : @ 14444.246: touch gesture: no valid gesture detected
04-17 05:21:54.633465   984  1089 W ASH     : @ 14444.311: touch gesture: no valid gesture detected
04-17 05:21:54.697903   984  1089 W ASH     : @ 14444.375: touch gesture: no valid gesture detected
04-17 05:21:54.762154   984  1089 W ASH     : @ 14444.439: touch gesture: no valid gesture detected
04-17 05:21:54.826120   984  1089 W ASH     : @ 14444.504: touch gesture: no valid gesture detected
04-17 05:21:54.891210   984  1089 W ASH     : @ 14444.568: touch gesture: no valid gesture detected
04-17 05:21:54.954964   984  1089 W ASH     : @ 14444.633: touch gesture: no valid gesture detected
04-17 05:21:55.019689   984  1089 W ASH     : @ 14444.697: touch gesture: no valid gesture detected
04-17 05:21:55.083905   984  1089 W ASH     : @ 14444.761: touch gesture: no valid gesture detected
04-17 05:21:55.148712   984  1089 W ASH     : @ 14444.826: touch gesture: no valid gesture detected
04-17 05:21:55.212607   984  1089 W ASH     : @ 14444.890: touch gesture: no valid gesture detected
04-17 05:21:55.277525   984  1089 W ASH     : @ 14444.954: touch gesture: no valid gesture detected
04-17 05:21:55.341500   984  1089 W ASH     : @ 14445.019: touch gesture: no valid gesture detected
04-17 05:21:55.406004   984  1089 W ASH     : @ 14445.083: touch gesture: no valid gesture detected
04-17 05:21:55.470282   984  1089 W ASH     : @ 14445.148: touch gesture: no valid gesture detected
04-17 05:21:55.534661   984  1089 W ASH     : @ 14445.212: touch gesture: no valid gesture detected
04-17 05:21:55.599005   984  1089 W ASH     : @ 14445.276: touch gesture: no valid gesture detected
04-17 05:21:55.663585   984  1089 W ASH     : @ 14445.341: touch gesture: no valid gesture detected
04-17 05:21:55.727876   984  1089 W ASH     : @ 14445.405: touch gesture: no valid gesture detected
04-17 05:21:55.791909   984  1089 W ASH     : @ 14445.469: touch gesture: no valid gesture detected
04-17 05:21:55.856382   984  1089 W ASH     : @ 14445.534: touch gesture: no valid gesture detected
04-17 05:21:55.920875   984  1089 W ASH     : @ 14445.598: touch gesture: no valid gesture detected
04-17 05:21:55.985387   984  1089 W ASH     : @ 14445.663: touch gesture: no valid gesture detected
04-17 05:21:56.049602   984  1089 W ASH     : @ 14445.727: touch gesture: no valid gesture detected
04-17 05:21:56.114200   984  1089 W ASH     : @ 14445.792: touch gesture: no valid gesture detected
04-17 05:21:56.178335   984  1089 W ASH     : @ 14445.856: touch gesture: no valid gesture detected
04-17 05:21:56.242822   984  1089 W ASH     : @ 14445.920: touch gesture: no valid gesture detected
04-17 05:21:56.307287   984  1089 W ASH     : @ 14445.985: touch gesture: no valid gesture detected
04-17 05:21:56.371687   984  1089 W ASH     : @ 14446.049: touch gesture: no valid gesture detected
04-17 05:21:56.435993   984  1089 W ASH     : @ 14446.113: touch gesture: no valid gesture detected
04-17 05:21:56.500428   984  1089 W ASH     : @ 14446.178: touch gesture: no valid gesture detected
04-17 05:21:56.564900   984  1089 W ASH     : @ 14446.242: touch gesture: no valid gesture detected
04-17 05:21:56.629236   984  1089 W ASH     : @ 14446.307: touch gesture: no valid gesture detected
04-17 05:21:56.693458   984  1089 W ASH     : @ 14446.371: touch gesture: no valid gesture detected
04-17 05:21:56.758026   984  1089 W ASH     : @ 14446.435: touch gesture: no valid gesture detected
04-17 05:21:56.822297   984  1089 W ASH     : @ 14446.500: touch gesture: no valid gesture detected
04-17 05:21:56.886574   984  1089 W ASH     : @ 14446.564: touch gesture: no valid gesture detected
04-17 05:21:56.951347   984  1089 W ASH     : @ 14446.629: touch gesture: no valid gesture detected
04-17 05:21:57.015688   984  1089 W ASH     : @ 14446.693: touch gesture: no valid gesture detected
04-17 05:21:57.080008   984  1089 W ASH     : @ 14446.757: touch gesture: no valid gesture detected
04-17 05:21:57.144267   984  1089 W ASH     : @ 14446.822: touch gesture: no valid gesture detected
04-17 05:21:57.208543   984  1089 W ASH     : @ 14446.886: touch gesture: no valid gesture detected
04-17 05:21:57.273283   984  1089 W ASH     : @ 14446.950: touch gesture: no valid gesture detected
04-17 05:21:57.337462   984  1089 W ASH     : @ 14447.015: touch gesture: no valid gesture detected
04-17 05:21:57.401799   984  1089 W ASH     : @ 14447.079: touch gesture: no valid gesture detected
04-17 05:21:57.464981   984  1089 W ASH     : @ 14447.144: touch gesture: no valid gesture detected
04-17 05:21:57.530739   984  1089 W ASH     : @ 14447.208: touch gesture: no valid gesture detected
04-17 05:21:57.595305   984  1089 W ASH     : @ 14447.272: touch gesture: no valid gesture detected
04-17 05:21:57.659432   984  1089 W ASH     : @ 14447.337: touch gesture: no valid gesture detected
04-17 05:21:57.723942   984  1089 W ASH     : @ 14447.401: touch gesture: no valid gesture detected
04-17 05:21:57.788835   984  1089 W ASH     : @ 14447.466: touch gesture: no valid gesture detected
04-17 05:21:57.852745   984  1089 W ASH     : @ 14447.530: touch gesture: no valid gesture detected
04-17 05:21:57.917075   984  1089 W ASH     : @ 14447.594: touch gesture: no valid gesture detected
04-17 05:21:57.981260   984  1089 W ASH     : @ 14447.659: touch gesture: no valid gesture detected
04-17 05:21:58.045310   984  1089 W ASH     : @ 14447.723: touch gesture: no valid gesture detected
04-17 05:21:58.109894   984  1089 W ASH     : @ 14447.787: touch gesture: no valid gesture detected
04-17 05:21:58.174136   984  1089 W ASH     : @ 14447.852: touch gesture: no valid gesture detected
04-17 05:21:58.238909   984  1089 W ASH     : @ 14447.916: touch gesture: no valid gesture detected
04-17 05:21:58.302999   984  1089 W ASH     : @ 14447.981: touch gesture: no valid gesture detected
04-17 05:21:58.367535   984  1089 W ASH     : @ 14448.045: touch gesture: no valid gesture detected
04-17 05:21:58.431973   984  1089 W ASH     : @ 14448.109: touch gesture: no valid gesture detected
04-17 05:21:58.496198   984  1089 W ASH     : @ 14448.174: touch gesture: no valid gesture detected
04-17 05:21:58.560700   984  1089 W ASH     : @ 14448.238: touch gesture: no valid gesture detected
04-17 05:21:58.624781   984  1089 W ASH     : @ 14448.302: touch gesture: no valid gesture detected
04-17 05:21:58.689414   984  1089 W ASH     : @ 14448.367: touch gesture: no valid gesture detected
04-17 05:21:58.753704   984  1089 W ASH     : @ 14448.431: touch gesture: no valid gesture detected
04-17 05:21:58.818150   984  1089 W ASH     : @ 14448.495: touch gesture: no valid gesture detected
04-17 05:21:58.882521   984  1089 W ASH     : @ 14448.560: touch gesture: no valid gesture detected
04-17 05:21:58.946700   984  1089 W ASH     : @ 14448.624: touch gesture: no valid gesture detected
04-17 05:21:59.011401   984  1089 W ASH     : @ 14448.688: touch gesture: no valid gesture detected
04-17 05:21:59.075398   984  1089 W ASH     : @ 14448.753: touch gesture: no valid gesture detected
04-17 05:21:59.140034   984  1089 W ASH     : @ 14448.817: touch gesture: no valid gesture detected
04-17 05:21:59.204137   984  1089 W ASH     : @ 14448.882: touch gesture: no valid gesture detected
