04-17 07:11:29.743971   984  1089 W ASH     : @ 21019.421: touch gesture: no valid gesture detected
04-17 07:11:29.809355   984  1089 W ASH     : @ 21019.486: touch gesture: no valid gesture detected
04-17 07:11:29.873431   984  1089 W ASH     : @ 21019.550: touch gesture: no valid gesture detected
04-17 07:11:29.937340   984  1089 W ASH     : @ 21019.615: touch gesture: no valid gesture detected
04-17 07:11:30.002283   984  1089 W ASH     : @ 21019.679: touch gesture: no valid gesture detected
04-17 07:11:30.066545   984  1089 W ASH     : @ 21019.743: touch gesture: no valid gesture detected
04-17 07:11:30.131138   984  1089 W ASH     : @ 21019.808: touch gesture: no valid gesture detected
04-17 07:11:30.195247   984  1089 W ASH     : @ 21019.872: touch gesture: no valid gesture detected
04-17 07:11:30.259559   984  1089 W ASH     : @ 21019.936: touch gesture: no valid gesture detected
04-17 07:11:30.324081   984  1089 W ASH     : @ 21020.001: touch gesture: no valid gesture detected
04-17 07:11:30.388523   984  1089 W ASH     : @ 21020.065: touch gesture: no valid gesture detected
04-17 07:11:30.453048   984  1089 W ASH     : @ 21020.130: touch gesture: no valid gesture detected
04-17 07:11:30.517507   984  1089 W ASH     : @ 21020.194: touch gesture: no valid gesture detected
04-17 07:11:30.581667   984  1089 W ASH     : @ 21020.258: touch gesture: no valid gesture detected
04-17 07:11:30.602231   990  1023 D rlsservice: MonitorDisplayStatus client num 0, display status 0, sensor status 0
04-17 07:11:30.646107   984  1089 W ASH     : @ 21020.323: touch gesture: no valid gesture detected
04-17 07:11:30.710715   984  1089 W ASH     : @ 21020.387: touch gesture: no valid gesture detected
04-17 07:11:30.774772   984  1089 W ASH     : @ 21020.452: touch gesture: no valid gesture detected
04-17 07:11:30.839258   984  1089 W ASH     : @ 21020.516: touch gesture: no valid gesture detected
04-17 07:11:30.903486   984  1089 W ASH     : @ 21020.580: touch gesture: no valid gesture detected
04-17 07:11:30.933074   973   973 I android.hardware.health@2.1-service: Recording a sample at time 21007
--------- switch to kernel
04-17 07:11:30.934122     0     0 W         : c1    973 healthd: battery l=100 v=4432 t=22.8 h=2 st=5 c=4272 fc=3349000 cc=353 chg=u
--------- switch to main
04-17 07:11:30.966744   984  1089 W ASH     : @ 21020.645: touch gesture: no valid gesture detected
04-17 07:11:31.032060   984  1089 W ASH     : @ 21020.709: touch gesture: no valid gesture detected
04-17 07:11:31.097341   984  1089 W ASH     : @ 21020.773: touch gesture: no valid gesture detected
04-17 07:11:31.161177   984  1089 W ASH     : @ 21020.838: touch gesture: no valid gesture detected
04-17 07:11:31.225598   984  1089 W ASH     : @ 21020.902: touch gesture: no valid gesture detected
04-17 07:11:31.289995   984  1089 W ASH     : @ 21020.967: touch gesture: no valid gesture detected
04-17 07:11:31.354588   984  1089 W ASH     : @ 21021.031: touch gesture: no valid gesture detected
04-17 07:11:31.418925   984  1089 W ASH     : @ 21021.095: touch gesture: no valid gesture detected
04-17 07:11:31.483167   984  1089 W ASH     : @ 21021.160: touch gesture: no valid gesture detected
04-17 07:11:31.547656   984  1089 W ASH     : @ 21021.224: touch gesture: no valid gesture detected
04-17 07:11:31.611974   984  1089 W ASH     : @ 21021.289: touch gesture: no valid gesture detected
04-17 07:11:31.676028   984  1089 W ASH     : @ 21021.353: touch gesture: no valid gesture detected
04-17 07:11:31.740622   984  1089 W ASH     : @ 21021.417: touch gesture: no valid gesture detected
04-17 07:11:31.804856   984  1089 W ASH     : @ 21021.482: touch gesture: no valid gesture detected
04-17 07:11:31.869296   984  1089 W ASH     : @ 21021.546: touch gesture: no valid gesture detected
04-17 07:11:31.934186   984  1089 W ASH     : @ 21021.611: touch gesture: no valid gesture detected
04-17 07:11:31.998262   984  1089 W ASH     : @ 21021.675: touch gesture: no valid gesture detected
04-17 07:11:32.062515   984  1089 W ASH     : @ 21021.739: touch gesture: no valid gesture detected
04-17 07:11:32.126083   984  1089 W ASH     : @ 21021.804: touch gesture: no valid gesture detected
04-17 07:11:32.191346   984  1089 W ASH     : @ 21021.868: touch gesture: no valid gesture detected
04-17 07:11:32.255888   984  1089 W ASH     : @ 21021.932: touch gesture: no valid gesture detected
04-17 07:11:32.320103   984  1089 W ASH     : @ 21021.997: touch gesture: no valid gesture detected
04-17 07:11:32.383499   984  1089 W ASH     : @ 21022.061: touch gesture: no valid gesture detected
04-17 07:11:32.449358   984  1089 W ASH     : @ 21022.126: touch gesture: no valid gesture detected
04-17 07:11:32.513172   984  1089 W ASH     : @ 21022.190: touch gesture: no valid gesture detected
04-17 07:11:32.577452   984  1089 W ASH     : @ 21022.254: touch gesture: no valid gesture detected
04-17 07:11:32.642069   984  1089 W ASH     : @ 21022.319: touch gesture: no valid gesture detected
04-17 07:11:32.706113   984  1089 W ASH     : @ 21022.383: touch gesture: no valid gesture detected
04-17 07:11:32.771016   984  1089 W ASH     : @ 21022.447: touch gesture: no valid gesture detected
04-17 07:11:32.835023   984  1089 W ASH     : @ 21022.512: touch gesture: no valid gesture detected
04-17 07:11:32.899111   984  1089 W ASH     : @ 21022.576: touch gesture: no valid gesture detected
04-17 07:11:32.963657   984  1089 W ASH     : @ 21022.640: touch gesture: no valid gesture detected
04-17 07:11:33.028427   984  1089 W ASH     : @ 21022.705: touch gesture: no valid gesture detected
04-17 07:11:33.092305   984  1089 W ASH     : @ 21022.769: touch gesture: no valid gesture detected
04-17 07:11:33.156977   984  1089 W ASH     : @ 21022.834: touch gesture: no valid gesture detected
04-17 07:11:33.221611   984  1089 W ASH     : @ 21022.898: touch gesture: no valid gesture detected
04-17 07:11:33.285936   984  1089 W ASH     : @ 21022.962: touch gesture: no valid gesture detected
04-17 07:11:33.350144   984  1089 W ASH     : @ 21023.027: touch gesture: no valid gesture detected
04-17 07:11:33.414615   984  1089 W ASH     : @ 21023.091: touch gesture: no valid gesture detected
04-17 07:11:33.478844   984  1089 W ASH     : @ 21023.156: touch gesture: no valid gesture detected
04-17 07:11:33.543201   984  1089 W ASH     : @ 21023.220: touch gesture: no valid gesture detected
04-17 07:11:33.607683   984  1089 W ASH     : @ 21023.284: touch gesture: no valid gesture detected
04-17 07:11:33.672326   984  1089 W ASH     : @ 21023.349: touch gesture: no valid gesture detected
04-17 07:11:33.736416   984  1089 W ASH     : @ 21023.413: touch gesture: no valid gesture detected
04-17 07:11:33.801406   984  1089 W ASH     : @ 21023.478: touch gesture: no valid gesture detected
04-17 07:11:33.865193   984  1089 W ASH     : @ 21023.542: touch gesture: no valid gesture detected
04-17 07:11:33.929852   984  1089 W ASH     : @ 21023.607: touch gesture: no valid gesture detected
04-17 07:11:33.994387   984  1089 W ASH     : @ 21023.671: touch gesture: no valid gesture detected
04-17 07:11:34.058711   984  1089 W ASH     : @ 21023.735: touch gesture: no valid gesture detected
04-17 07:11:34.123156   984  1089 W ASH     : @ 21023.800: touch gesture: no valid gesture detected
04-17 07:11:34.187633   984  1089 W ASH     : @ 21023.864: touch gesture: no valid gesture detected
04-17 07:11:34.252178   984  1089 W ASH     : @ 21023.929: touch gesture: no valid gesture detected
04-17 07:11:34.316324   984  1089 W ASH     : @ 21023.993: touch gesture: no valid gesture detected
04-17 07:11:34.380988   984  1089 W ASH     : @ 21024.058: touch gesture: no valid gesture detected
04-17 07:11:34.445077   984  1089 W ASH     : @ 21024.122: touch gesture: no valid gesture detected
04-17 07:11:34.509672   984  1089 W ASH     : @ 21024.187: touch gesture: no valid gesture detected
04-17 07:11:34.574144   984  1089 W ASH     : @ 21024.251: touch gesture: no valid gesture detected
04-17 07:11:34.638813   984  1089 W ASH     : @ 21024.315: touch gesture: no valid gesture detected
04-17 07:11:34.703171   984  1089 W ASH     : @ 21024.380: touch gesture: no valid gesture detected
04-17 07:11:34.767556   984  1089 W ASH     : @ 21024.444: touch gesture: no valid gesture detected
04-17 07:11:34.831764   984  1089 W ASH     : @ 21024.509: touch gesture: no valid gesture detected
04-17 07:11:34.896597   984  1089 W ASH     : @ 21024.573: touch gesture: no valid gesture detected
04-17 07:11:34.960784   984  1089 W ASH     : @ 21024.638: touch gesture: no valid gesture detected
04-17 07:11:35.024096   984  1089 W ASH     : @ 21024.702: touch gesture: no valid gesture detected
04-17 07:11:35.089817   984  1089 W ASH     : @ 21024.766: touch gesture: no valid gesture detected
04-17 07:11:35.154130   984  1089 W ASH     : @ 21024.831: touch gesture: no valid gesture detected
04-17 07:11:35.218450   984  1089 W ASH     : @ 21024.895: touch gesture: no valid gesture detected
04-17 07:11:35.283106   984  1089 W ASH     : @ 21024.960: touch gesture: no valid gesture detected
04-17 07:11:35.347384   984  1089 W ASH     : @ 21025.024: touch gesture: no valid gesture detected
04-17 07:11:35.411974   984  1089 W ASH     : @ 21025.089: touch gesture: no valid gesture detected
04-17 07:11:35.476471   984  1089 W ASH     : @ 21025.153: touch gesture: no valid gesture detected
04-17 07:11:35.540876   984  1089 W ASH     : @ 21025.218: touch gesture: no valid gesture detected
04-17 07:11:35.605593   984  1089 W ASH     : @ 21025.282: touch gesture: no valid gesture detected
04-17 07:11:35.670055   984  1089 W ASH     : @ 21025.347: touch gesture: no valid gesture detected
04-17 07:11:35.734340   984  1089 W ASH     : @ 21025.411: touch gesture: no valid gesture detected
04-17 07:11:35.799222   984  1089 W ASH     : @ 21025.476: touch gesture: no valid gesture detected
04-17 07:11:35.863321   984  1089 W ASH     : @ 21025.540: touch gesture: no valid gesture detected
04-17 07:11:35.927683   984  1089 W ASH     : @ 21025.604: touch gesture: no valid gesture detected
04-17 07:11:35.992215   984  1089 W ASH     : @ 21025.669: touch gesture: no valid gesture detected
04-17 07:11:36.056692   984  1089 W ASH     : @ 21025.733: touch gesture: no valid gesture detected
04-17 07:11:36.120836   984  1089 W ASH     : @ 21025.798: touch gesture: no valid gesture detected
04-17 07:11:36.185587   984  1089 W ASH     : @ 21025.862: touch gesture: no valid gesture detected
04-17 07:11:36.249802   984  1089 W ASH     : @ 21025.927: touch gesture: no valid gesture detected
04-17 07:11:36.314339   984  1089 W ASH     : @ 21025.991: touch gesture: no valid gesture detected
04-17 07:11:36.378752   984  1089 W ASH     : @ 21026.055: touch gesture: no valid gesture detected
04-17 07:11:36.443428   984  1089 W ASH     : @ 21026.120: touch gesture: no valid gesture detected
04-17 07:11:36.507880   984  1089 W ASH     : @ 21026.184: touch gesture: no valid gesture detected
04-17 07:11:36.572217   984  1089 W ASH     : @ 21026.249: touch gesture: no valid gesture detected
04-17 07:11:36.636725   984  1089 W ASH     : @ 21026.313: touch gesture: no valid gesture detected
04-17 07:11:36.700768   984  1089 W ASH     : @ 21026.378: touch gesture: no valid gesture detected
04-17 07:11:36.765280   984  1089 W ASH     : @ 21026.442: touch gesture: no valid gesture detected
04-17 07:11:36.830193   984  1089 W ASH     : @ 21026.506: touch gesture: no valid gesture detected
04-17 07:11:36.894455   984  1089 W ASH     : @ 21026.571: touch gesture: no valid gesture detected
04-17 07:11:36.958851   984  1089 W ASH     : @ 21026.635: touch gesture: no valid gesture detected
04-17 07:11:37.022909   984  1089 W ASH     : @ 21026.700: touch gesture: no valid gesture detected
04-17 07:11:37.087527   984  1089 W ASH     : @ 21026.764: touch gesture: no valid gesture detected
04-17 07:11:37.151866   984  1089 W ASH     : @ 21026.829: touch gesture: no valid gesture detected
04-17 07:11:37.216225   984  1089 W ASH     : @ 21026.893: touch gesture: no valid gesture detected
04-17 07:11:37.281026   984  1089 W ASH     : @ 21026.958: touch gesture: no valid gesture detected
04-17 07:11:37.345103   984  1089 W ASH     : @ 21027.022: touch gesture: no valid gesture detected
04-17 07:11:37.409686   984  1089 W ASH     : @ 21027.086: touch gesture: no valid gesture detected
04-17 07:11:37.474079   984  1089 W ASH     : @ 21027.151: touch gesture: no valid gesture detected
04-17 07:11:37.538438   984  1089 W ASH     : @ 21027.215: touch gesture: no valid gesture detected
04-17 07:11:37.603118   984  1089 W ASH     : @ 21027.280: touch gesture: no valid gesture detected
04-17 07:11:37.667572   984  1089 W ASH     : @ 21027.344: touch gesture: no valid gesture detected
04-17 07:11:37.731873   984  1089 W ASH     : @ 21027.409: touch gesture: no valid gesture detected
04-17 07:11:37.796336   984  1089 W ASH     : @ 21027.473: touch gesture: no valid gesture detected
04-17 07:11:37.860742   984  1089 W ASH     : @ 21027.537: touch gesture: no valid gesture detected
04-17 07:11:37.924955   984  1089 W ASH     : @ 21027.602: touch gesture: no valid gesture detected
04-17 07:11:37.989708   984  1089 W ASH     : @ 21027.666: touch gesture: no valid gesture detected
04-17 07:11:38.054052   984  1089 W ASH     : @ 21027.731: touch gesture: no valid gesture detected
04-17 07:11:38.118574   984  1089 W ASH     : @ 21027.795: touch gesture: no valid gesture detected
04-17 07:11:38.183590   984  1089 W ASH     : @ 21027.860: touch gesture: no valid gesture detected
04-17 07:11:38.247935   984  1089 W ASH     : @ 21027.924: touch gesture: no valid gesture detected
04-17 07:11:38.312422   984  1089 W ASH     : @ 21027.989: touch gesture: no valid gesture detected
04-17 07:11:38.376481   984  1089 W ASH     : @ 21028.053: touch gesture: no valid gesture detected
04-17 07:11:38.440967   984  1089 W ASH     : @ 21028.118: touch gesture: no valid gesture detected
04-17 07:11:38.505499   984  1089 W ASH     : @ 21028.182: touch gesture: no valid gesture detected
04-17 07:11:38.569672   984  1089 W ASH     : @ 21028.246: touch gesture: no valid gesture detected
04-17 07:11:38.634023   984  1089 W ASH     : @ 21028.311: touch gesture: no valid gesture detected
04-17 07:11:38.698503   984  1089 W ASH     : @ 21028.375: touch gesture: no valid gesture detected
04-17 07:11:38.762938   984  1089 W ASH     : @ 21028.440: touch gesture: no valid gesture detected
04-17 07:11:38.827646   984  1089 W ASH     : @ 21028.504: touch gesture: no valid gesture detected
04-17 07:11:38.891793   984  1089 W ASH     : @ 21028.569: touch gesture: no valid gesture detected
04-17 07:11:38.956465   984  1089 W ASH     : @ 21028.633: touch gesture: no valid gesture detected
04-17 07:11:39.020759   984  1089 W ASH     : @ 21028.697: touch gesture: no valid gesture detected
04-17 07:11:39.085066   984  1089 W ASH     : @ 21028.762: touch gesture: no valid gesture detected
04-17 07:11:39.149832   984  1089 W ASH     : @ 21028.826: touch gesture: no valid gesture detected
04-17 07:11:39.213875   984  1089 W ASH     : @ 21028.891: touch gesture: no valid gesture detected
04-17 07:11:39.278094   984  1089 W ASH     : @ 21028.955: touch gesture: no valid gesture detected
04-17 07:11:39.343122   984  1089 W ASH     : @ 21029.020: touch gesture: no valid gesture detected
04-17 07:11:39.407345   984  1089 W ASH     : @ 21029.084: touch gesture: no valid gesture detected
04-17 07:11:39.471320   984  1089 W ASH     : @ 21029.148: touch gesture: no valid gesture detected
04-17 07:11:39.536190   984  1089 W ASH     : @ 21029.213: touch gesture: no valid gesture detected
04-17 07:11:39.600626   984  1089 W ASH     : @ 21029.277: touch gesture: no valid gesture detected
04-17 07:11:39.664252   984  1089 W ASH     : @ 21029.341: touch gesture: no valid gesture detected
04-17 07:11:39.729233   984  1089 W ASH     : @ 21029.406: touch gesture: no valid gesture detected
04-17 07:11:39.794265   984  1089 W ASH     : @ 21029.471: touch gesture: no valid gesture detected
04-17 07:11:39.858215   984  1089 W ASH     : @ 21029.535: touch gesture: no valid gesture detected
04-17 07:11:39.922600   984  1089 W ASH     : @ 21029.600: touch gesture: no valid gesture detected
04-17 07:11:39.987371   984  1089 W ASH     : @ 21029.664: touch gesture: no valid gesture detected
04-17 07:11:40.051560   984  1089 W ASH     : @ 21029.728: touch gesture: no valid gesture detected
04-17 07:11:40.116006   984  1089 W ASH     : @ 21029.793: touch gesture: no valid gesture detected
04-17 07:11:40.180781   984  1089 W ASH     : @ 21029.857: touch gesture: no valid gesture detected
04-17 07:11:40.244983   984  1089 W ASH     : @ 21029.922: touch gesture: no valid gesture detected
04-17 07:11:40.309412   984  1089 W ASH     : @ 21029.986: touch gesture: no valid gesture detected
04-17 07:11:40.373592   984  1089 W ASH     : @ 21030.051: touch gesture: no valid gesture detected
04-17 07:11:40.438071   984  1089 W ASH     : @ 21030.115: touch gesture: no valid gesture detected
04-17 07:11:40.502717   984  1089 W ASH     : @ 21030.179: touch gesture: no valid gesture detected
04-17 07:11:40.567167   984  1089 W ASH     : @ 21030.244: touch gesture: no valid gesture detected
04-17 07:11:40.631659   984  1089 W ASH     : @ 21030.308: touch gesture: no valid gesture detected
04-17 07:11:40.696134   984  1089 W ASH     : @ 21030.373: touch gesture: no valid gesture detected
04-17 07:11:40.760745   984  1089 W ASH     : @ 21030.437: touch gesture: no valid gesture detected
04-17 07:11:40.825061   984  1089 W ASH     : @ 21030.502: touch gesture: no valid gesture detected
04-17 07:11:40.889197   984  1089 W ASH     : @ 21030.566: touch gesture: no valid gesture detected
04-17 07:11:40.954105   984  1089 W ASH     : @ 21030.631: touch gesture: no valid gesture detected
04-17 07:11:41.018126   984  1089 W ASH     : @ 21030.695: touch gesture: no valid gesture detected
04-17 07:11:41.082561   984  1089 W ASH     : @ 21030.760: touch gesture: no valid gesture detected
04-17 07:11:41.147446   984  1089 W ASH     : @ 21030.824: touch gesture: no valid gesture detected
04-17 07:11:41.211780   984  1089 W ASH     : @ 21030.888: touch gesture: no valid gesture detected
04-17 07:11:41.275920   984  1089 W ASH     : @ 21030.953: touch gesture: no valid gesture detected
04-17 07:11:41.340516   984  1089 W ASH     : @ 21031.017: touch gesture: no valid gesture detected
04-17 07:11:41.405083   984  1089 W ASH     : @ 21031.082: touch gesture: no valid gesture detected
04-17 07:11:41.469437   984  1089 W ASH     : @ 21031.146: touch gesture: no valid gesture detected
04-17 07:11:41.534048   984  1089 W ASH     : @ 21031.211: touch gesture: no valid gesture detected
04-17 07:11:41.598357   984  1089 W ASH     : @ 21031.275: touch gesture: no valid gesture detected
04-17 07:11:41.661721   984  1089 W ASH     : @ 21031.340: touch gesture: no valid gesture detected
04-17 07:11:41.727409   984  1089 W ASH     : @ 21031.404: touch gesture: no valid gesture detected
04-17 07:11:41.791695   984  1089 W ASH     : @ 21031.468: touch gesture: no valid gesture detected
04-17 07:11:41.855945   984  1089 W ASH     : @ 21031.533: touch gesture: no valid gesture detected
04-17 07:11:41.920633   984  1089 W ASH     : @ 21031.597: touch gesture: no valid gesture detected
04-17 07:11:41.985410   984  1089 W ASH     : @ 21031.662: touch gesture: no valid gesture detected
04-17 07:11:42.049533   984  1089 W ASH     : @ 21031.726: touch gesture: no valid gesture detected
04-17 07:11:42.113809   984  1089 W ASH     : @ 21031.791: touch gesture: no valid gesture detected
04-17 07:11:42.178076   984  1089 W ASH     : @ 21031.855: touch gesture: no valid gesture detected
04-17 07:11:42.242775   984  1089 W ASH     : @ 21031.919: touch gesture: no valid gesture detected
04-17 07:11:42.307104   984  1089 W ASH     : @ 21031.984: touch gesture: no valid gesture detected
04-17 07:11:42.371647   984  1089 W ASH     : @ 21032.048: touch gesture: no valid gesture detected
04-17 07:11:42.436054   984  1089 W ASH     : @ 21032.113: touch gesture: no valid gesture detected
04-17 07:11:42.500134   984  1089 W ASH     : @ 21032.177: touch gesture: no valid gesture detected
04-17 07:11:42.564978   984  1089 W ASH     : @ 21032.242: touch gesture: no valid gesture detected
04-17 07:11:42.629391   984  1089 W ASH     : @ 21032.306: touch gesture: no valid gesture detected
04-17 07:11:42.693903   984  1089 W ASH     : @ 21032.370: touch gesture: no valid gesture detected
04-17 07:11:42.757828   984  1089 W ASH     : @ 21032.435: touch gesture: no valid gesture detected
04-17 07:11:42.822350   984  1089 W ASH     : @ 21032.499: touch gesture: no valid gesture detected
04-17 07:11:42.886601   984  1089 W ASH     : @ 21032.563: touch gesture: no valid gesture detected
04-17 07:11:42.951171   984  1089 W ASH     : @ 21032.628: touch gesture: no valid gesture detected
04-17 07:11:43.015511   984  1089 W ASH     : @ 21032.692: touch gesture: no valid gesture detected
04-17 07:11:43.080008   984  1089 W ASH     : @ 21032.757: touch gesture: no valid gesture detected
04-17 07:11:43.144285   984  1089 W ASH     : @ 21032.821: touch gesture: no valid gesture detected
04-17 07:11:43.208648   984  1089 W ASH     : @ 21032.885: touch gesture: no valid gesture detected
04-17 07:11:43.273227   984  1089 W ASH     : @ 21032.950: touch gesture: no valid gesture detected
04-17 07:11:43.337596   984  1089 W ASH     : @ 21033.014: touch gesture: no valid gesture detected
04-17 07:11:43.402196   984  1089 W ASH     : @ 21033.079: touch gesture: no valid gesture detected
04-17 07:11:43.466344   984  1089 W ASH     : @ 21033.143: touch gesture: no valid gesture detected
04-17 07:11:43.530937   984  1089 W ASH     : @ 21033.207: touch gesture: no valid gesture detected
04-17 07:11:43.595416   984  1089 W ASH     : @ 21033.272: touch gesture: no valid gesture detected
04-17 07:11:43.659726   984  1089 W ASH     : @ 21033.336: touch gesture: no valid gesture detected
04-17 07:11:43.722914   984  1089 W ASH     : @ 21033.401: touch gesture: no valid gesture detected
04-17 07:11:43.788547   984  1089 W ASH     : @ 21033.465: touch gesture: no valid gesture detected
04-17 07:11:43.852708   984  1089 W ASH     : @ 21033.529: touch gesture: no valid gesture detected
04-17 07:11:43.916840   984  1089 W ASH     : @ 21033.594: touch gesture: no valid gesture detected
04-17 07:11:43.981272   984  1089 W ASH     : @ 21033.658: touch gesture: no valid gesture detected
04-17 07:11:44.044829   984  1089 W ASH     : @ 21033.722: touch gesture: no valid gesture detected
04-17 07:11:44.110771   984  1089 W ASH     : @ 21033.787: touch gesture: no valid gesture detected
04-17 07:11:44.174734   984  1089 W ASH     : @ 21033.851: touch gesture: no valid gesture detected
04-17 07:11:44.238966   984  1089 W ASH     : @ 21033.916: touch gesture: no valid gesture detected
04-17 07:11:44.304063   984  1089 W ASH     : @ 21033.980: touch gesture: no valid gesture detected
04-17 07:11:44.334573  1364  1380 W xtra-daemon: onRequestXtraData:190] On Req XTRA data Xtrastate:1 retry:1 curReqSource:0 newreqSource:0xffff              isCon:0 isNonMetered:0 isGpsEnabled:1
04-17 07:11:44.338063  1364  1372 W xtra-daemon: onXtraDownloadResultInternal:361] XTRA download result status:4 starting timer for 300 sec mXtraRetryTimes:0 
04-17 07:11:44.366696   984  1089 W ASH     : @ 21034.044: touch gesture: no valid gesture detected
04-17 07:11:44.432203   984  1089 W ASH     : @ 21034.109: touch gesture: no valid gesture detected
04-17 07:11:44.496694   984  1089 W ASH     : @ 21034.173: touch gesture: no valid gesture detected
04-17 07:11:44.560785   984  1089 W ASH     : @ 21034.238: touch gesture: no valid gesture detected
04-17 07:11:44.625418   984  1089 W ASH     : @ 21034.302: touch gesture: no valid gesture detected
04-17 07:11:44.689831   984  1089 W ASH     : @ 21034.367: touch gesture: no valid gesture detected
04-17 07:11:44.754250   984  1089 W ASH     : @ 21034.431: touch gesture: no valid gesture detected
04-17 07:11:44.818451   984  1089 W ASH     : @ 21034.495: touch gesture: no valid gesture detected
04-17 07:11:44.882923   984  1089 W ASH     : @ 21034.560: touch gesture: no valid gesture detected
04-17 07:11:44.947755   984  1089 W ASH     : @ 21034.624: touch gesture: no valid gesture detected
04-17 07:11:45.011998   984  1089 W ASH     : @ 21034.689: touch gesture: no valid gesture detected
04-17 07:11:45.076201   984  1089 W ASH     : @ 21034.753: touch gesture: no valid gesture detected
04-17 07:11:45.140829   984  1089 W ASH     : @ 21034.818: touch gesture: no valid gesture detected
04-17 07:11:45.205326   984  1089 W ASH     : @ 21034.882: touch gesture: no valid gesture detected
04-17 07:11:45.269806   984  1089 W ASH     : @ 21034.946: touch gesture: no valid gesture detected
04-17 07:11:45.334095   984  1089 W ASH     : @ 21035.011: touch gesture: no valid gesture detected
04-17 07:11:45.398260   984  1089 W ASH     : @ 21035.075: touch gesture: no valid gesture detected
04-17 07:11:45.462738   984  1089 W ASH     : @ 21035.140: touch gesture: no valid gesture detected
04-17 07:11:45.527262   984  1089 W ASH     : @ 21035.204: touch gesture: no valid gesture detected
04-17 07:11:45.592020   984  1089 W ASH     : @ 21035.268: touch gesture: no valid gesture detected
04-17 07:11:45.654876   984  1089 W ASH     : @ 21035.333: touch gesture: no valid gesture detected
04-17 07:11:45.671068  2612  2792 W BestClock: java.time.DateTimeException: Missing NTP fix
04-17 07:11:45.672263   950   950 I netd    : trafficSwapActiveStatsMap() <0.44ms>
04-17 07:11:45.676783   950   950 I netd    : tetherGetStats() -> {[]} <1.74ms>
04-17 07:11:45.679979  2612  2792 W BestClock: java.time.DateTimeException: Missing NTP fix
--------- switch to events
04-17 07:11:45.680287  2612  2792 I netstats_mobile_sample: [0,0,0,0,0,0,0,0,0,0,0,0,1650150705680]
04-17 07:11:45.680621  2612  2792 I netstats_wifi_sample: [0,0,0,0,0,0,0,0,0,0,0,0,1650150705680]
--------- switch to main
04-17 07:11:45.682522   950   950 I netd    : bandwidthSetGlobalAlert(2097152) <0.31ms>
--------- switch to events
04-17 07:11:45.685003  2612  2694 I am_pss  : [3334,10086,com.android.launcher3,69325824,50941952,0,196960256,0,5,14]
--------- switch to main
04-17 07:11:45.689227  2612  2793 W BestClock: java.time.DateTimeException: Missing NTP fix
04-17 07:11:45.690534  2612  2793 W BestClock: java.time.DateTimeException: Missing NTP fix
--------- switch to events
04-17 07:11:45.695598  2612  2694 I am_pss  : [3688,10095,com.android.providers.media.module,28919808,22872064,0,135741440,0,0,8]
04-17 07:11:45.704457  2612  2694 I am_pss  : [3169,10094,android.ext.services,11540480,7290880,0,107966464,0,5,7]
04-17 07:11:45.713643  2612  2694 I am_pss  : [4175,10082,com.android.inputmethod.latin,18796544,12316672,0,120975360,0,7,8]
--------- switch to main
04-17 07:11:45.718760   984  1089 W ASH     : @ 21035.397: touch gesture: no valid gesture detected
--------- switch to events
04-17 07:11:45.724037  2612  2694 I am_pss  : [2881,1002,com.android.bluetooth,34740224,28352512,0,143839232,0,0,9]
04-17 07:11:45.732088  2612  2694 I am_pss  : [3055,1073,com.android.networkstack.process,15307776,10776576,0,114130944,0,0,7]
04-17 07:11:45.747350  2612  2694 I am_pss  : [2901,10090,com.android.systemui,154343424,131530752,0,302112768,0,5,14]
04-17 07:11:45.769700  2612  2694 I am_pss  : [2612,1000,system,234514432,187424768,0,447860736,0,0,21]
--------- switch to main
04-17 07:11:45.782853   984  1089 W ASH     : @ 21035.462: touch gesture: no valid gesture detected
--------- switch to events
04-17 07:11:45.817749  2612  2694 I commit_sys_config_file: [procstats,5]
--------- switch to main
04-17 07:11:45.849330   984  1089 W ASH     : @ 21035.526: touch gesture: no valid gesture detected
--------- switch to kernel
04-17 07:11:45.866509     0     0 I         : c2   5490 qcom_rpmh DRV:apps_rsc TCS Busy, retrying RPMH message send: addr=0x30000
--------- switch to main
04-17 07:11:45.912677   984  1089 W ASH     : @ 21035.591: touch gesture: no valid gesture detected
04-17 07:11:45.977905   984  1089 W ASH     : @ 21035.655: touch gesture: no valid gesture detected
04-17 07:11:46.041916   984  1089 W ASH     : @ 21035.719: touch gesture: no valid gesture detected
04-17 07:11:46.106794   984  1089 W ASH     : @ 21035.784: touch gesture: no valid gesture detected
04-17 07:11:46.170688   984  1089 W ASH     : @ 21035.848: touch gesture: no valid gesture detected
04-17 07:11:46.235516   984  1089 W ASH     : @ 21035.913: touch gesture: no valid gesture detected
04-17 07:11:46.300308   984  1089 W ASH     : @ 21035.977: touch gesture: no valid gesture detected
04-17 07:11:46.363640   984  1089 W ASH     : @ 21036.041: touch gesture: no valid gesture detected
04-17 07:11:46.428076   984  1089 W ASH     : @ 21036.106: touch gesture: no valid gesture detected
04-17 07:11:46.493266   984  1089 W ASH     : @ 21036.170: touch gesture: no valid gesture detected
04-17 07:11:46.557443   984  1089 W ASH     : @ 21036.235: touch gesture: no valid gesture detected
04-17 07:11:46.622321   984  1089 W ASH     : @ 21036.299: touch gesture: no valid gesture detected
04-17 07:11:46.686507   984  1089 W ASH     : @ 21036.364: touch gesture: no valid gesture detected
04-17 07:11:46.751012   984  1089 W ASH     : @ 21036.428: touch gesture: no valid gesture detected
04-17 07:11:46.815714   984  1089 W ASH     : @ 21036.492: touch gesture: no valid gesture detected
04-17 07:11:46.880195   984  1089 W ASH     : @ 21036.557: touch gesture: no valid gesture detected
04-17 07:11:46.944378   984  1089 W ASH     : @ 21036.621: touch gesture: no valid gesture detected
04-17 07:11:47.008878   984  1089 W ASH     : @ 21036.686: touch gesture: no valid gesture detected
04-17 07:11:47.073145   984  1089 W ASH     : @ 21036.750: touch gesture: no valid gesture detected
04-17 07:11:47.102959  2612  2733 D WifiNl80211Manager: Scan result ready event
04-17 07:11:47.103372  2612  2733 D WifiNative: Scan result ready event
04-17 07:11:47.104613  1354  3445 I LOWI-9.0.0.89: [LOWI-Scan] lowi_close_record:Scan done in 21003752ms, 14 APs in scan results
04-17 07:11:47.136375   984  1089 W ASH     : @ 21036.814: touch gesture: no valid gesture detected
04-17 07:11:47.201059   984  1089 W ASH     : @ 21036.879: touch gesture: no valid gesture detected
04-17 07:11:47.266646   984  1089 W ASH     : @ 21036.943: touch gesture: no valid gesture detected
04-17 07:11:47.331117   984  1089 W ASH     : @ 21037.008: touch gesture: no valid gesture detected
04-17 07:11:47.395758   984  1089 W ASH     : @ 21037.072: touch gesture: no valid gesture detected
04-17 07:11:47.460171   984  1089 W ASH     : @ 21037.137: touch gesture: no valid gesture detected
04-17 07:11:47.524075   984  1089 W ASH     : @ 21037.201: touch gesture: no valid gesture detected
04-17 07:11:47.588975   984  1089 W ASH     : @ 21037.266: touch gesture: no valid gesture detected
04-17 07:11:47.652916   984  1089 W ASH     : @ 21037.330: touch gesture: no valid gesture detected
04-17 07:11:47.717696   984  1089 W ASH     : @ 21037.394: touch gesture: no valid gesture detected
04-17 07:11:47.782261   984  1089 W ASH     : @ 21037.459: touch gesture: no valid gesture detected
04-17 07:11:47.847167   984  1089 W ASH     : @ 21037.523: touch gesture: no valid gesture detected
04-17 07:11:47.911418   984  1089 W ASH     : @ 21037.588: touch gesture: no valid gesture detected
04-17 07:11:47.975055   984  1089 W ASH     : @ 21037.652: touch gesture: no valid gesture detected
04-17 07:11:48.039600   984  1089 W ASH     : @ 21037.716: touch gesture: no valid gesture detected
04-17 07:11:48.104228   984  1089 W ASH     : @ 21037.781: touch gesture: no valid gesture detected
04-17 07:11:48.169099   984  1089 W ASH     : @ 21037.845: touch gesture: no valid gesture detected
04-17 07:11:48.233003   984  1089 W ASH     : @ 21037.910: touch gesture: no valid gesture detected
04-17 07:11:48.297648   984  1089 W ASH     : @ 21037.974: touch gesture: no valid gesture detected
04-17 07:11:48.362190   984  1089 W ASH     : @ 21038.039: touch gesture: no valid gesture detected
04-17 07:11:48.426616   984  1089 W ASH     : @ 21038.103: touch gesture: no valid gesture detected
04-17 07:11:48.491432   984  1089 W ASH     : @ 21038.168: touch gesture: no valid gesture detected
04-17 07:11:48.555603   984  1089 W ASH     : @ 21038.232: touch gesture: no valid gesture detected
04-17 07:11:48.619684   984  1089 W ASH     : @ 21038.296: touch gesture: no valid gesture detected
04-17 07:11:48.684290   984  1089 W ASH     : @ 21038.361: touch gesture: no valid gesture detected
04-17 07:11:48.748451   984  1089 W ASH     : @ 21038.425: touch gesture: no valid gesture detected
04-17 07:11:48.812830   984  1089 W ASH     : @ 21038.490: touch gesture: no valid gesture detected
04-17 07:11:48.877566   984  1089 W ASH     : @ 21038.554: touch gesture: no valid gesture detected
04-17 07:11:48.941594   984  1089 W ASH     : @ 21038.619: touch gesture: no valid gesture detected
04-17 07:11:49.006189   984  1089 W ASH     : @ 21038.683: touch gesture: no valid gesture detected
04-17 07:11:49.070898   984  1089 W ASH     : @ 21038.747: touch gesture: no valid gesture detected
04-17 07:11:49.134966   984  1089 W ASH     : @ 21038.812: touch gesture: no valid gesture detected
04-17 07:11:49.199213   984  1089 W ASH     : @ 21038.876: touch gesture: no valid gesture detected
04-17 07:11:49.264136   984  1089 W ASH     : @ 21038.941: touch gesture: no valid gesture detected
04-17 07:11:49.326926   984  1089 W ASH     : @ 21039.005: touch gesture: no valid gesture detected
04-17 07:11:49.393009   984  1089 W ASH     : @ 21039.070: touch gesture: no valid gesture detected
04-17 07:11:49.457301   984  1089 W ASH     : @ 21039.134: touch gesture: no valid gesture detected
04-17 07:11:49.521645   984  1089 W ASH     : @ 21039.199: touch gesture: no valid gesture detected
04-17 07:11:49.584496   984  1089 W ASH     : @ 21039.263: touch gesture: no valid gesture detected
04-17 07:11:49.650712   984  1089 W ASH     : @ 21039.327: touch gesture: no valid gesture detected
04-17 07:11:49.715156   984  1089 W ASH     : @ 21039.392: touch gesture: no valid gesture detected
04-17 07:11:49.779542   984  1089 W ASH     : @ 21039.456: touch gesture: no valid gesture detected
04-17 07:11:49.843860   984  1089 W ASH     : @ 21039.521: touch gesture: no valid gesture detected
04-17 07:11:49.908455   984  1089 W ASH     : @ 21039.585: touch gesture: no valid gesture detected
04-17 07:11:49.972701   984  1089 W ASH     : @ 21039.650: touch gesture: no valid gesture detected
04-17 07:11:50.037211   984  1089 W ASH     : @ 21039.714: touch gesture: no valid gesture detected
04-17 07:11:50.101646   984  1089 W ASH     : @ 21039.779: touch gesture: no valid gesture detected
04-17 07:11:50.166387   984  1089 W ASH     : @ 21039.843: touch gesture: no valid gesture detected
04-17 07:11:50.230689   984  1089 W ASH     : @ 21039.908: touch gesture: no valid gesture detected
04-17 07:11:50.295586   984  1089 W ASH     : @ 21039.972: touch gesture: no valid gesture detected
04-17 07:11:50.359755   984  1089 W ASH     : @ 21040.036: touch gesture: no valid gesture detected
04-17 07:11:50.424898   984  1089 W ASH     : @ 21040.101: touch gesture: no valid gesture detected
04-17 07:11:50.489027   984  1089 W ASH     : @ 21040.165: touch gesture: no valid gesture detected
04-17 07:11:50.553073   984  1089 W ASH     : @ 21040.230: touch gesture: no valid gesture detected
04-17 07:11:50.617664   984  1089 W ASH     : @ 21040.294: touch gesture: no valid gesture detected
04-17 07:11:50.682047   984  1089 W ASH     : @ 21040.359: touch gesture: no valid gesture detected
04-17 07:11:50.746696   984  1089 W ASH     : @ 21040.423: touch gesture: no valid gesture detected
04-17 07:11:50.810707   984  1089 W ASH     : @ 21040.488: touch gesture: no valid gesture detected
04-17 07:11:50.875321   984  1089 W ASH     : @ 21040.552: touch gesture: no valid gesture detected
04-17 07:11:50.939665   984  1089 W ASH     : @ 21040.616: touch gesture: no valid gesture detected
04-17 07:11:51.004157   984  1089 W ASH     : @ 21040.681: touch gesture: no valid gesture detected
04-17 07:11:51.068301   984  1089 W ASH     : @ 21040.745: touch gesture: no valid gesture detected
04-17 07:11:51.133032   984  1089 W ASH     : @ 21040.810: touch gesture: no valid gesture detected
04-17 07:11:51.197391   984  1089 W ASH     : @ 21040.874: touch gesture: no valid gesture detected
04-17 07:11:51.262047   984  1089 W ASH     : @ 21040.938: touch gesture: no valid gesture detected
04-17 07:11:51.326148   984  1089 W ASH     : @ 21041.003: touch gesture: no valid gesture detected
04-17 07:11:51.390963   984  1089 W ASH     : @ 21041.067: touch gesture: no valid gesture detected
04-17 07:11:51.454933   984  1089 W ASH     : @ 21041.132: touch gesture: no valid gesture detected
04-17 07:11:51.519282   984  1089 W ASH     : @ 21041.196: touch gesture: no valid gesture detected
04-17 07:11:51.584332   984  1089 W ASH     : @ 21041.261: touch gesture: no valid gesture detected
04-17 07:11:51.648230   984  1089 W ASH     : @ 21041.325: touch gesture: no valid gesture detected
04-17 07:11:51.711572   984  1089 W ASH     : @ 21041.389: touch gesture: no valid gesture detected
04-17 07:11:51.777131   984  1089 W ASH     : @ 21041.454: touch gesture: no valid gesture detected
04-17 07:11:51.841833   984  1089 W ASH     : @ 21041.518: touch gesture: no valid gesture detected
04-17 07:11:51.905948   984  1089 W ASH     : @ 21041.583: touch gesture: no valid gesture detected
04-17 07:11:51.970777   984  1089 W ASH     : @ 21041.647: touch gesture: no valid gesture detected
04-17 07:11:52.034968   984  1089 W ASH     : @ 21041.711: touch gesture: no valid gesture detected
04-17 07:11:52.099046   984  1089 W ASH     : @ 21041.776: touch gesture: no valid gesture detected
04-17 07:11:52.163555   984  1089 W ASH     : @ 21041.840: touch gesture: no valid gesture detected
04-17 07:11:52.227700   984  1089 W ASH     : @ 21041.905: touch gesture: no valid gesture detected
04-17 07:11:52.292113   984  1089 W ASH     : @ 21041.969: touch gesture: no valid gesture detected
04-17 07:11:52.356575   984  1089 W ASH     : @ 21042.033: touch gesture: no valid gesture detected
04-17 07:11:52.421593   984  1089 W ASH     : @ 21042.098: touch gesture: no valid gesture detected
04-17 07:11:52.485566   984  1089 W ASH     : @ 21042.162: touch gesture: no valid gesture detected
04-17 07:11:52.549433   984  1089 W ASH     : @ 21042.227: touch gesture: no valid gesture detected
04-17 07:11:52.614374   984  1089 W ASH     : @ 21042.291: touch gesture: no valid gesture detected
04-17 07:11:52.679086   984  1089 W ASH     : @ 21042.355: touch gesture: no valid gesture detected
04-17 07:11:52.743260   984  1089 W ASH     : @ 21042.420: touch gesture: no valid gesture detected
04-17 07:11:52.808081   984  1089 W ASH     : @ 21042.484: touch gesture: no valid gesture detected
04-17 07:11:52.872209   984  1089 W ASH     : @ 21042.549: touch gesture: no valid gesture detected
04-17 07:11:52.936655   984  1089 W ASH     : @ 21042.613: touch gesture: no valid gesture detected
04-17 07:11:53.001221   984  1089 W ASH     : @ 21042.678: touch gesture: no valid gesture detected
04-17 07:11:53.064104   984  1089 W ASH     : @ 21042.742: touch gesture: no valid gesture detected
04-17 07:11:53.129837   984  1089 W ASH     : @ 21042.806: touch gesture: no valid gesture detected
04-17 07:11:53.194061   984  1089 W ASH     : @ 21042.871: touch gesture: no valid gesture detected
04-17 07:11:53.259083   984  1089 W ASH     : @ 21042.935: touch gesture: no valid gesture detected
04-17 07:11:53.322813   984  1089 W ASH     : @ 21043.000: touch gesture: no valid gesture detected
04-17 07:11:53.387931   984  1089 W ASH     : @ 21043.064: touch gesture: no valid gesture detected
04-17 07:11:53.452074   984  1089 W ASH     : @ 21043.129: touch gesture: no valid gesture detected
04-17 07:11:53.516383   984  1089 W ASH     : @ 21043.193: touch gesture: no valid gesture detected
04-17 07:11:53.580828   984  1089 W ASH     : @ 21043.258: touch gesture: no valid gesture detected
04-17 07:11:53.645208   984  1089 W ASH     : @ 21043.322: touch gesture: no valid gesture detected
04-17 07:11:53.709814   984  1089 W ASH     : @ 21043.387: touch gesture: no valid gesture detected
04-17 07:11:53.773989   984  1089 W ASH     : @ 21043.451: touch gesture: no valid gesture detected
04-17 07:11:53.838585   984  1089 W ASH     : @ 21043.515: touch gesture: no valid gesture detected
04-17 07:11:53.902830   984  1089 W ASH     : @ 21043.580: touch gesture: no valid gesture detected
04-17 07:11:53.967550   984  1089 W ASH     : @ 21043.644: touch gesture: no valid gesture detected
04-17 07:11:54.031569   984  1089 W ASH     : @ 21043.708: touch gesture: no valid gesture detected
04-17 07:11:54.095969   984  1089 W ASH     : @ 21043.773: touch gesture: no valid gesture detected
04-17 07:11:54.160820   984  1089 W ASH     : @ 21043.837: touch gesture: no valid gesture detected
04-17 07:11:54.224871   984  1089 W ASH     : @ 21043.902: touch gesture: no valid gesture detected
04-17 07:11:54.289647   984  1089 W ASH     : @ 21043.966: touch gesture: no valid gesture detected
04-17 07:11:54.354038   984  1089 W ASH     : @ 21044.031: touch gesture: no valid gesture detected
04-17 07:11:54.418410   984  1089 W ASH     : @ 21044.095: touch gesture: no valid gesture detected
04-17 07:11:54.482990   984  1089 W ASH     : @ 21044.160: touch gesture: no valid gesture detected
04-17 07:11:54.547235   984  1089 W ASH     : @ 21044.224: touch gesture: no valid gesture detected
04-17 07:11:54.611521   984  1089 W ASH     : @ 21044.288: touch gesture: no valid gesture detected
04-17 07:11:54.676354   984  1089 W ASH     : @ 21044.353: touch gesture: no valid gesture detected
04-17 07:11:54.740491   984  1089 W ASH     : @ 21044.417: touch gesture: no valid gesture detected
04-17 07:11:54.805064   984  1089 W ASH     : @ 21044.482: touch gesture: no valid gesture detected
04-17 07:11:54.869321   984  1089 W ASH     : @ 21044.546: touch gesture: no valid gesture detected
04-17 07:11:54.934281   984  1089 W ASH     : @ 21044.611: touch gesture: no valid gesture detected
04-17 07:11:54.998586   984  1089 W ASH     : @ 21044.675: touch gesture: no valid gesture detected
04-17 07:11:55.063240   984  1089 W ASH     : @ 21044.740: touch gesture: no valid gesture detected
04-17 07:11:55.126288   984  1089 W ASH     : @ 21044.804: touch gesture: no valid gesture detected
04-17 07:11:55.192066   984  1089 W ASH     : @ 21044.869: touch gesture: no valid gesture detected
04-17 07:11:55.256303   984  1089 W ASH     : @ 21044.933: touch gesture: no valid gesture detected
04-17 07:11:55.320838   984  1089 W ASH     : @ 21044.997: touch gesture: no valid gesture detected
04-17 07:11:55.384932   984  1089 W ASH     : @ 21045.062: touch gesture: no valid gesture detected
04-17 07:11:55.449424   984  1089 W ASH     : @ 21045.126: touch gesture: no valid gesture detected
04-17 07:11:55.514032   984  1089 W ASH     : @ 21045.191: touch gesture: no valid gesture detected
04-17 07:11:55.578570   984  1089 W ASH     : @ 21045.255: touch gesture: no valid gesture detected
04-17 07:11:55.641892   984  1089 W ASH     : @ 21045.319: touch gesture: no valid gesture detected
04-17 07:11:55.705285   984  1089 W ASH     : @ 21045.384: touch gesture: no valid gesture detected
04-17 07:11:55.771180   984  1089 W ASH     : @ 21045.448: touch gesture: no valid gesture detected
04-17 07:11:55.835778   984  1089 W ASH     : @ 21045.513: touch gesture: no valid gesture detected
04-17 07:11:55.900885   984  1089 W ASH     : @ 21045.577: touch gesture: no valid gesture detected
04-17 07:11:55.963441   984  1089 W ASH     : @ 21045.642: touch gesture: no valid gesture detected
04-17 07:11:56.029047   984  1089 W ASH     : @ 21045.706: touch gesture: no valid gesture detected
04-17 07:11:56.093539   984  1089 W ASH     : @ 21045.770: touch gesture: no valid gesture detected
04-17 07:11:56.158072   984  1089 W ASH     : @ 21045.835: touch gesture: no valid gesture detected
04-17 07:11:56.222647   984  1089 W ASH     : @ 21045.899: touch gesture: no valid gesture detected
04-17 07:11:56.285795   984  1089 W ASH     : @ 21045.964: touch gesture: no valid gesture detected
04-17 07:11:56.351427   984  1089 W ASH     : @ 21046.028: touch gesture: no valid gesture detected
04-17 07:11:56.415784   984  1089 W ASH     : @ 21046.093: touch gesture: no valid gesture detected
04-17 07:11:56.480041   984  1089 W ASH     : @ 21046.157: touch gesture: no valid gesture detected
04-17 07:11:56.544870   984  1089 W ASH     : @ 21046.222: touch gesture: no valid gesture detected
04-17 07:11:56.608092   984  1089 W ASH     : @ 21046.286: touch gesture: no valid gesture detected
04-17 07:11:56.674027   984  1089 W ASH     : @ 21046.350: touch gesture: no valid gesture detected
04-17 07:11:56.738645   984  1089 W ASH     : @ 21046.415: touch gesture: no valid gesture detected
04-17 07:11:56.802566   984  1089 W ASH     : @ 21046.479: touch gesture: no valid gesture detected
04-17 07:11:56.867203   984  1089 W ASH     : @ 21046.544: touch gesture: no valid gesture detected
04-17 07:11:56.931586   984  1089 W ASH     : @ 21046.608: touch gesture: no valid gesture detected
04-17 07:11:56.996113   984  1089 W ASH     : @ 21046.673: touch gesture: no valid gesture detected
04-17 07:11:57.060644   984  1089 W ASH     : @ 21046.737: touch gesture: no valid gesture detected
04-17 07:11:57.124744   984  1089 W ASH     : @ 21046.802: touch gesture: no valid gesture detected
04-17 07:11:57.189097   984  1089 W ASH     : @ 21046.866: touch gesture: no valid gesture detected
04-17 07:11:57.254133   984  1089 W ASH     : @ 21046.931: touch gesture: no valid gesture detected
04-17 07:11:57.318438   984  1089 W ASH     : @ 21046.995: touch gesture: no valid gesture detected
04-17 07:11:57.382541   984  1089 W ASH     : @ 21047.059: touch gesture: no valid gesture detected
04-17 07:11:57.447208   984  1089 W ASH     : @ 21047.124: touch gesture: no valid gesture detected
04-17 07:11:57.512203   984  1089 W ASH     : @ 21047.188: touch gesture: no valid gesture detected
04-17 07:11:57.575603   984  1089 W ASH     : @ 21047.252: touch gesture: no valid gesture detected
04-17 07:11:57.640707   984  1089 W ASH     : @ 21047.317: touch gesture: no valid gesture detected
04-17 07:11:57.705113   984  1089 W ASH     : @ 21047.382: touch gesture: no valid gesture detected
04-17 07:11:57.768808   984  1089 W ASH     : @ 21047.446: touch gesture: no valid gesture detected
04-17 07:11:57.833996   984  1089 W ASH     : @ 21047.510: touch gesture: no valid gesture detected
04-17 07:11:57.898279   984  1089 W ASH     : @ 21047.575: touch gesture: no valid gesture detected
04-17 07:11:57.963034   984  1089 W ASH     : @ 21047.640: touch gesture: no valid gesture detected
04-17 07:11:58.027290   984  1089 W ASH     : @ 21047.704: touch gesture: no valid gesture detected
04-17 07:11:58.091844   984  1089 W ASH     : @ 21047.768: touch gesture: no valid gesture detected
04-17 07:11:58.156810   984  1089 W ASH     : @ 21047.833: touch gesture: no valid gesture detected
04-17 07:11:58.220608   984  1089 W ASH     : @ 21047.897: touch gesture: no valid gesture detected
04-17 07:11:58.284760   984  1089 W ASH     : @ 21047.962: touch gesture: no valid gesture detected
04-17 07:11:58.349321   984  1089 W ASH     : @ 21048.026: touch gesture: no valid gesture detected
04-17 07:11:58.414021   984  1089 W ASH     : @ 21048.090: touch gesture: no valid gesture detected
04-17 07:11:58.478117   984  1089 W ASH     : @ 21048.155: touch gesture: no valid gesture detected
04-17 07:11:58.543087   984  1089 W ASH     : @ 21048.219: touch gesture: no valid gesture detected
04-17 07:11:58.607350   984  1089 W ASH     : @ 21048.284: touch gesture: no valid gesture detected
04-17 07:11:58.671363   984  1089 W ASH     : @ 21048.348: touch gesture: no valid gesture detected
04-17 07:11:58.736001   984  1089 W ASH     : @ 21048.413: touch gesture: no valid gesture detected
04-17 07:11:58.800753   984  1089 W ASH     : @ 21048.477: touch gesture: no valid gesture detected
04-17 07:11:58.864874   984  1089 W ASH     : @ 21048.541: touch gesture: no valid gesture detected
04-17 07:11:58.929003   984  1089 W ASH     : @ 21048.606: touch gesture: no valid gesture detected
04-17 07:11:58.993405   984  1089 W ASH     : @ 21048.670: touch gesture: no valid gesture detected
04-17 07:11:59.057820   984  1089 W ASH     : @ 21048.735: touch gesture: no valid gesture detected
04-17 07:11:59.122669   984  1089 W ASH     : @ 21048.799: touch gesture: no valid gesture detected
04-17 07:11:59.186645   984  1089 W ASH     : @ 21048.863: touch gesture: no valid gesture detected
04-17 07:11:59.250984   984  1089 W ASH     : @ 21048.928: touch gesture: no valid gesture detected
04-17 07:11:59.313786   984  1089 W ASH     : @ 21048.992: touch gesture: no valid gesture detected
04-17 07:11:59.378038   984  1089 W ASH     : @ 21049.057: touch gesture: no valid gesture detected
04-17 07:11:59.442540   984  1089 W ASH     : @ 21049.121: touch gesture: no valid gesture detected
04-17 07:11:59.506977   984  1089 W ASH     : @ 21049.186: touch gesture: no valid gesture detected
04-17 07:11:59.571347   984  1089 W ASH     : @ 21049.250: touch gesture: no valid gesture detected
04-17 07:11:59.635593   984  1089 W ASH     : @ 21049.314: touch gesture: no valid gesture detected
04-17 07:11:59.700760   984  1089 W ASH     : @ 21049.379: touch gesture: no valid gesture detected
