--------- switch to main
04-17 13:23:53.442531  2915  3201 D SplashScreenView: Build android.window.SplashScreenView{6ad807 V.E...... ......ID 0,0-0,0}
04-17 13:23:53.442531  2915  3201 D SplashScreenView: Icon: view: android.widget.ImageView{7ba4d34 V.ED..... ......I. 0,0-0,0 #10204a7 android:id/splashscreen_icon_view} drawable: com.android.wm.shell.startingsurface.SplashscreenIconDrawableFactory$ImmobileIconDrawable@810e75d size: 440
04-17 13:23:53.442531  2915  3201 D SplashScreenView: Branding: view: android.view.View{49f08d2 G.ED..... ......I. 0,0-0,0 #10204a6 android:id/splashscreen_branding_view} drawable: null size w: 0 h: 0
--------- switch to system
04-17 13:23:53.442676  2915  3201 D StartingSurfaceDrawer: fillViewWithIcon surfaceWindowView android.window.SplashScreenView{6ad807 V.E...... ......ID 0,0-0,0}
--------- switch to main
04-17 13:23:53.442937   633   633 I BpBinder: onLastStrongRef automatically unlinking death recipients: <uncached descriptor>
--------- switch to events
04-17 13:23:53.444369  2608  2767 I input_focus: [Focus leaving a0e0b86 com.android.launcher3/com.android.launcher3.uioverrides.QuickstepLauncher (server),reason=NO_WINDOW]
--------- switch to main
04-17 13:23:53.460605   936   936 D Zygote  : Forked child process 4448
--------- switch to events
04-17 13:23:53.461504  2608  2695 I am_proc_start: [0,4448,10102,com.pjh.jnidemo,pre-top-activity,{com.pjh.jnidemo/com.pjh.jnidemo.MainActivity}]
--------- switch to system
04-17 13:23:53.461744  2608  2695 I ActivityManager: Start proc 4448:com.pjh.jnidemo/u0a102 for pre-top-activity {com.pjh.jnidemo/com.pjh.jnidemo.MainActivity}
--------- switch to main
04-17 13:23:53.472609  1145  1170 I adbd    : jdwp connection from 4448
--------- switch to events
04-17 13:23:53.475847  2608  2736 I am_proc_died: [0,3992,com.android.dialer,985,19]
--------- switch to main
04-17 13:23:53.477504  4448  4448 D ProcessState: Binder ioctl to enable oneway spam detection failed: Invalid argument
--------- switch to kernel
04-17 13:23:53.477479     0     0 I         : c7   4448 binder: 4448:4448 ioctl 40046210 7fc006a324 returned -22
--------- switch to main
04-17 13:23:53.478496   936   936 I Zygote  : Process 3992 exited due to signal 9 (Killed)
--------- switch to events
04-17 13:23:53.479582  2608  2736 I am_uid_stopped: 10069
--------- switch to main
04-17 13:23:53.482125  2608  2696 I libprocessgroup: Successfully killed process cgroup uid 10069 pid 3992 in 39ms
--------- switch to events
04-17 13:23:53.485862  2608  2673 I am_proc_bound: [0,4448,com.pjh.jnidemo]
04-17 13:23:53.489060  2608  2673 I wm_restart_activity: [0,182655407,21,com.pjh.jnidemo/.MainActivity]
04-17 13:23:53.490197  2608  2673 I wm_set_resumed_activity: [0,com.pjh.jnidemo/.MainActivity,minimalResumeActivityLocked]
04-17 13:23:53.492310  2608  2685 I am_uid_active: 10102
--------- switch to kernel
04-17 13:23:53.492141     0     0 I         : c2     30 sm7250_bms: MSC_PCS chg_state=1c2111603010015 [0x15:3:1:4374:450] chg=u
04-17 13:23:53.492280     0     0 I         : c2     30 sm7250_bms: CHGR_ENG_CHARGING_CFG_REG = 0x04
--------- switch to main
04-17 13:23:53.496570  4448  4448 D CompatibilityChangeReporter: Compat change id reported: 171979766; UID 10102; state: ENABLED
--------- switch to kernel
04-17 13:23:53.500465     0     0 W         : c2    960 healthd: battery l=98 v=4374 t=22.4 h=2 st=2 c=-108642 fc=3349000 cc=353 chg=u
04-17 13:23:53.502521     0     0 I         : c2   4427 google_charger: usbchg=USB typec=C usbv=4857 usbc=443 usbMv=5000 usbMc=450
04-17 13:23:53.502653     0     0 I         : c2   4427 sm7250_bms: MSC_PCS chg_state=1c2111603010015 [0x15:3:1:4374:450] chg=u
04-17 13:23:53.502681     0     0 I         : c2   4427 google_battery: MSC_DIN chg_state=1c2111603010015 f=0x15 chg_s=Charging chg_t=Fast vchg=4374 icl=450
--------- switch to main
04-17 13:23:53.506868  4448  4448 W com.pjh.jnidem: JIT profile information will not be recorded: profile file does not exist.
--------- switch to kernel
04-17 13:23:53.504583     0     0 I         : c2   4427 google_battery: MSC_DSG vbatt_idx:2->3 vbatt=4374466 ibatt=108642 fv_uv=4390000 cv_cnt=2 ov_cnt=0
04-17 13:23:53.504624     0     0 I         : c2   4427 google_battery: MSC_VOTE msc_state=2 cv_cnt=2 ov_cnt=0 temp_idx:2, vbatt_idx:3  fv_uv=4410000 cc_max=1200000 update_interval=30000
04-17 13:23:53.504704     0     0 I         : c2   4427 sm7250_bms: CONSTANT_CHARGE_CURRENT_MAX : ivalue=1170000, val=23 pause=0 (0)
04-17 13:23:53.504725     0     0 I         : c2   4427 sm7250_bms: CONSTANT_CHARGE_VOLTAGE_MAX : ivalue=4410000, val=81 (0)
04-17 13:23:53.504732     0     0 I         : c2   4427 google_charger: MSC_CHG fv_uv=4390000->4410000 cc_max=2040000->1200000 rc=0
04-17 13:23:53.504757     0     0 I         : c2   4427 google_charger: MSC_CHG fv_uv=4410000, cc_max=1200000, rerun in 30000 ms (0)
--------- switch to main
04-17 13:23:53.510262  4448  4448 V GraphicsEnvironment: ANGLE Developer option for 'com.pjh.jnidemo' set to: 'default'
04-17 13:23:53.510733  4448  4448 V GraphicsEnvironment: ANGLE GameManagerService for com.pjh.jnidemo: false
04-17 13:23:53.510831  4448  4448 V GraphicsEnvironment: Neither updatable production driver nor prerelease driver is supported.
04-17 13:23:53.512411  4448  4448 D NetworkSecurityConfig: No Network Security Config specified, using platform default
04-17 13:23:53.512781  4448  4448 D NetworkSecurityConfig: No Network Security Config specified, using platform default
04-17 13:23:53.554912  2608  4470 I AdrenoGLES-0: QUALCOMM build                   : 4783c89, I46ff5fc46f
04-17 13:23:53.554912  2608  4470 I AdrenoGLES-0: Build Date                       : 11/30/20
04-17 13:23:53.554912  2608  4470 I AdrenoGLES-0: OpenGL ES Shader Compiler Version: EV031.31.04.01
04-17 13:23:53.554912  2608  4470 I AdrenoGLES-0: Local Branch                     : QPR2
04-17 13:23:53.554912  2608  4470 I AdrenoGLES-0: Remote Branch                    : 
04-17 13:23:53.554912  2608  4470 I AdrenoGLES-0: Remote Branch                    : 
04-17 13:23:53.554912  2608  4470 I AdrenoGLES-0: Reconstruct Branch               : 
04-17 13:23:53.554977  2608  4470 I AdrenoGLES-0: Build Config                     : S P 10.0.4 AArch64
04-17 13:23:53.555016  2608  4470 I AdrenoGLES-0: Driver Path                      : /vendor/lib64/egl/libGLESv2_adreno.so
04-17 13:23:53.555320  2608  4470 D hw-ProcessState: Binder ioctl to enable oneway spam detection failed: Invalid argument
--------- switch to kernel
04-17 13:23:53.555299     0     0 I         : c4   4470 binder: 2608:4470 ioctl 40046210 7474da9414 returned -22
--------- switch to main
04-17 13:23:53.561470  4448  4448 I JNITEST : JNI_OnLoad
04-17 13:23:53.561577  4448  4448 I JNITEST : call_java_static_method()
04-17 13:23:53.561647  4448  4448 I JNITEST : NOT FOUND CLASS
04-17 13:23:53.561688  4448  4448 F com.pjh.jnidem: java_vm_ext.cc:579] JNI DETECTED ERROR IN APPLICATION: java_class == null
04-17 13:23:53.561688  4448  4448 F com.pjh.jnidem: java_vm_ext.cc:579]     in call to GetStaticMethodID
04-17 13:23:53.561688  4448  4448 F com.pjh.jnidem: java_vm_ext.cc:579]     from void com.pjh.jnidemo.DynamicJniTest.callStaticMethodFromJni()
04-17 13:23:53.562870  2608  4470 I AdrenoGLES-0: PFP: 0x016dd093, ME: 0x00000000
04-17 13:23:53.575358  2608  4470 W AdrenoUtils: <ReadGpuID_from_sysfs:197>: Failed to open /sys/class/kgsl/kgsl-3d0/gpu_model
04-17 13:23:53.575417  2608  4470 W AdrenoUtils: <ReadGpuID:221>: Failed to read chip ID from gpu_model. Fallback to use the GSL path
04-17 13:23:53.664631  4448  4448 F com.pjh.jnidem: runtime.cc:669] Runtime aborting...
04-17 13:23:53.664631  4448  4448 F com.pjh.jnidem: runtime.cc:669] Dumping all threads without mutator lock held
04-17 13:23:53.664631  4448  4448 F com.pjh.jnidem: runtime.cc:669] All threads:
04-17 13:23:53.664631  4448  4448 F com.pjh.jnidem: runtime.cc:669] DALVIK THREADS (17):
04-17 13:23:53.664631  4448  4448 F com.pjh.jnidem: runtime.cc:669] "main" prio=10 tid=1 Runnable
04-17 13:23:53.664631  4448  4448 F com.pjh.jnidem: runtime.cc:669]   | group="" sCount=0 ucsCount=0 flags=0 obj=0xec00f40 self=0xb4000076979137b0
04-17 13:23:53.664631  4448  4448 F com.pjh.jnidem: runtime.cc:669]   | sysTid=4448 nice=-10 cgrp=system sched=0/0 handle=0x77d31b94f8
04-17 13:23:53.664631  4448  4448 F com.pjh.jnidem: runtime.cc:669]   | state=R schedstat=( 60482444 10605106 109 ) utm=4 stm=2 core=6 HZ=100
04-17 13:23:53.664631  4448  4448 F com.pjh.jnidem: runtime.cc:669]   | stack=0x7fbf86f000-0x7fbf871000 stackSize=8188KB
04-17 13:23:53.664631  4448  4448 F com.pjh.jnidem: runtime.cc:669]   | held mutexes= "abort lock" "mutator lock"(shared held)
04-17 13:23:53.664631  4448  4448 F com.pjh.jnidem: runtime.cc:669]   native: #00 pc 000000000055f850  /apex/com.android.art/lib64/libart.so (art::DumpNativeStack(std::__1::basic_ostream<char, std::__1::char_traits<char> >&, int, BacktraceMap*, char const*, art::ArtMethod*, void*, bool)+140)
04-17 13:23:53.664631  4448  4448 F com.pjh.jnidem: runtime.cc:669]   native: #01 pc 0000000000676270  /apex/com.android.art/lib64/libart.so (art::Thread::DumpStack(std::__1::basic_ostream<char, std::__1::char_traits<char> >&, bool, BacktraceMap*, bool) const+360)
04-17 13:23:53.664631  4448  4448 F com.pjh.jnidem: runtime.cc:669]   native: #02 pc 0000000000693f4c  /apex/com.android.art/lib64/libart.so (art::DumpCheckpoint::Run(art::Thread*)+920)
04-17 13:23:53.664631  4448  4448 F com.pjh.jnidem: runtime.cc:669]   native: #03 pc 000000000068da70  /apex/com.android.art/lib64/libart.so (art::ThreadList::RunCheckpoint(art::Closure*, art::Closure*)+520)
04-17 13:23:53.664631  4448  4448 F com.pjh.jnidem: runtime.cc:669]   native: #04 pc 000000000068cc84  /apex/com.android.art/lib64/libart.so (art::ThreadList::Dump(std::__1::basic_ostream<char, std::__1::char_traits<char> >&, bool)+1464)
04-17 13:23:53.664631  4448  4448 F com.pjh.jnidem: runtime.cc:669]   native: #05 pc 0000000000626d68  /apex/com.android.art/lib64/libart.so (art::Runtime::Abort(char const*)+2164)
04-17 13:23:53.664631  4448  4448 F com.pjh.jnidem: runtime.cc:669]   native: #06 pc 000000000001595c  /apex/com.android.art/lib64/libbase.so (android::base::SetAborter(std::__1::function<void (char const*)>&&)::$_3::__invoke(char const*)+76)
04-17 13:23:53.664631  4448  4448 F com.pjh.jnidem: runtime.cc:669]   native: #07 pc 0000000000014f8c  /apex/com.android.art/lib64/libbase.so (android::base::LogMessage::~LogMessage()+364)
04-17 13:23:53.664631  4448  4448 F com.pjh.jnidem: runtime.cc:669]   native: #08 pc 0000000000450114  /apex/com.android.art/lib64/libart.so (art::JavaVMExt::JniAbort(char const*, char const*)+2516)
04-17 13:23:53.664631  4448  4448 F com.pjh.jnidem: runtime.cc:669]   native: #09 pc 000000000048b744  /apex/com.android.art/lib64/libart.so (art::JNI<false>::GetStaticMethodID(_JNIEnv*, _jclass*, char const*, char const*)+1392)
04-17 13:23:53.664631  4448  4448 F com.pjh.jnidem: runtime.cc:669]   native: #10 pc 00000000000010b4  /system/lib64/libnative_dynamic_jni.so (call_java_static_method(_JNIEnv*, _jclass*)+132)
04-17 13:23:53.664631  4448  4448 F com.pjh.jnidem: runtime.cc:669]   native: #11 pc 0000000000222244  /apex/com.android.art/lib64/libart.so (art_quick_generic_jni_trampoline+148)
04-17 13:23:53.664631  4448  4448 F com.pjh.jnidem: runtime.cc:669]   native: #12 pc 0000000000211608  /apex/com.android.art/lib64/libart.so (nterp_helper+152)
04-17 13:23:53.664631  4448  4448 F com.pjh.jnidem: runtime.cc:669]   native: #13 pc 000000000000035c  [anon:dalvik-classes.dex extracted in memory from /system/app/JNIDemo/JNIDemo.apk] (com.pjh.jnidemo.MainActivity.onCreate+100)
04-17 13:23:53.664631  4448  4448 F com.pjh.jnidem: runtime.cc:669]   native: #14 pc 00000000002124c4  /apex/com.android.art/lib64/libart.so (nterp_helper+3924)
04-17 13:23:53.664631  4448  4448 F com.pjh.jnidem: runtime.cc:669]   native: #15 pc 00000000001d02f2  /system/framework/framework.jar (offset 4000) (android.app.Activity.performCreate+158)
04-17 13:23:53.664631  4448  4448 F com.pjh.jnidem: runtime.cc:669]   native: #16 pc 00000000002124c4  /apex/com.android.art/lib64/libart.so (nterp_helper+3924)
04-17 13:23:53.664631  4448  4448 F com.pjh.jnidem: runtime.cc:669]   native: #17 pc 00000000001d023a  /system/framework/framework.jar (offset 4000) (android.app.Activity.performCreate+2)
04-17 13:23:53.664631  4448  4448 F com.pjh.jnidem: runtime.cc:669]   native: #18 pc 00000000002124c4  /apex/com.android.art/lib64/libart.so (nterp_helper+3924)
04-17 13:23:53.664631  4448  4448 F com.pjh.jnidem: runtime.cc:669]   native: #19 pc 000000000023eaa2  /system/framework/framework.jar (offset 4000) (android.app.Instrumentation.callActivityOnCreate+6)
04-17 13:23:53.664631  4448  4448 F com.pjh.jnidem: runtime.cc:669]   native: #20 pc 00000000002124c4  /apex/com.android.art/lib64/libart.so (nterp_helper+3924)
04-17 13:23:53.664631  4448  4448 F com.pjh.jnidem: runtime.cc:669]   native: #21 pc 00000000001bf3ee  /system/framework/framework.jar (offset 4000) (android.app.ActivityThread.performLaunchActivity+866)
04-17 13:23:53.664631  4448  4448 F com.pjh.jnidem: runtime.cc:669]   native: #22 pc 00000000002124c4  /apex/com.android.art/lib64/libart.so (nterp_helper+3924)
04-17 13:23:53.664675  4448  4448 F com.pjh.jnidem: runtime.cc:669]   native: #23 pc 00000000001bf012  /system/framework/framework.jar (offset 4000) (android.app.ActivityThread.handleLaunchActivity+126)
04-17 13:23:53.664675  4448  4448 F com.pjh.jnidem: runtime.cc:669]   native: #24 pc 00000000002124c4  /apex/com.android.art/lib64/libart.so (nterp_helper+3924)
04-17 13:23:53.664675  4448  4448 F com.pjh.jnidem: runtime.cc:669]   native: #25 pc 00000000002c7edc  /system/framework/framework.jar (offset 4000) (android.app.servertransaction.LaunchActivityItem.execute+24)
04-17 13:23:53.664675  4448  4448 F com.pjh.jnidem: runtime.cc:669]   native: #26 pc 00000000002124c4  /apex/com.android.art/lib64/libart.so (nterp_helper+3924)
04-17 13:23:53.664675  4448  4448 F com.pjh.jnidem: runtime.cc:669]   native: #27 pc 00000000002ca432  /system/framework/framework.jar (offset 4000) (android.app.servertransaction.TransactionExecutor.executeCallbacks+154)
04-17 13:23:53.664675  4448  4448 F com.pjh.jnidem: runtime.cc:669]   native: #28 pc 00000000002124c4  /apex/com.android.art/lib64/libart.so (nterp_helper+3924)
04-17 13:23:53.664675  4448  4448 F com.pjh.jnidem: runtime.cc:669]   native: #29 pc 00000000002ca36e  /system/framework/framework.jar (offset 4000) (android.app.servertransaction.TransactionExecutor.execute+146)
04-17 13:23:53.664675  4448  4448 F com.pjh.jnidem: runtime.cc:669]   native: #30 pc 00000000002124c4  /apex/com.android.art/lib64/libart.so (nterp_helper+3924)
04-17 13:23:53.664675  4448  4448 F com.pjh.jnidem: runtime.cc:669]   native: #31 pc 00000000001be33a  /system/framework/framework.jar (offset 4000) (android.app.ActivityThread$H.handleMessage+254)
04-17 13:23:53.664675  4448  4448 F com.pjh.jnidem: runtime.cc:669]   native: #32 pc 00000000002124c4  /apex/com.android.art/lib64/libart.so (nterp_helper+3924)
04-17 13:23:53.664675  4448  4448 F com.pjh.jnidem: runtime.cc:669]   native: #33 pc 0000000000422a76  /system/framework/framework.jar (offset 98d000) (android.os.Handler.dispatchMessage+38)
04-17 13:23:53.664675  4448  4448 F com.pjh.jnidem: runtime.cc:669]   native: #34 pc 00000000002124c4  /apex/com.android.art/lib64/libart.so (nterp_helper+3924)
04-17 13:23:53.664675  4448  4448 F com.pjh.jnidem: runtime.cc:669]   native: #35 pc 000000000044c46e  /system/framework/framework.jar (offset 98d000) (android.os.Looper.loopOnce+334)
04-17 13:23:53.664675  4448  4448 F com.pjh.jnidem: runtime.cc:669]   native: #36 pc 00000000002115a4  /apex/com.android.art/lib64/libart.so (nterp_helper+52)
04-17 13:23:53.664675  4448  4448 F com.pjh.jnidem: runtime.cc:669]   native: #37 pc 000000000044cab0  /system/framework/framework.jar (offset 98d000) (android.os.Looper.loop+152)
04-17 13:23:53.664675  4448  4448 F com.pjh.jnidem: runtime.cc:669]   native: #38 pc 00000000002115a4  /apex/com.android.art/lib64/libart.so (nterp_helper+52)
04-17 13:23:53.664675  4448  4448 F com.pjh.jnidem: runtime.cc:669]   native: #39 pc 00000000001c8832  /system/framework/framework.jar (offset 4000) (android.app.ActivityThread.main+202)
04-17 13:23:53.664675  4448  4448 F com.pjh.jnidem: runtime.cc:669]   native: #40 pc 0000000000218be8  /apex/com.android.art/lib64/libart.so (art_quick_invoke_static_stub+568)
04-17 13:23:53.664675  4448  4448 F com.pjh.jnidem: runtime.cc:669]   native: #41 pc 0000000000284224  /apex/com.android.art/lib64/libart.so (art::ArtMethod::Invoke(art::Thread*, unsigned int*, unsigned int, art::JValue*, char const*)+216)
04-17 13:23:53.664675  4448  4448 F com.pjh.jnidem: runtime.cc:669]   native: #42 pc 000000000061e810  /apex/com.android.art/lib64/libart.so (_jobject* art::InvokeMethod<(art::PointerSize)8>(art::ScopedObjectAccessAlreadyRunnable const&, _jobject*, _jobject*, _jobject*, unsigned long)+1384)
04-17 13:23:53.664675  4448  4448 F com.pjh.jnidem: runtime.cc:669]   native: #43 pc 000000000058f980  /apex/com.android.art/lib64/libart.so (art::Method_invoke(_JNIEnv*, _jobject*, _jobject*, _jobjectArray*)+52)
04-17 13:23:53.664675  4448  4448 F com.pjh.jnidem: runtime.cc:669]   native: #44 pc 0000000000222244  /apex/com.android.art/lib64/libart.so (art_quick_generic_jni_trampoline+148)
04-17 13:23:53.664675  4448  4448 F com.pjh.jnidem: runtime.cc:669]   native: #45 pc 0000000000212520  /apex/com.android.art/lib64/libart.so (nterp_helper+4016)
04-17 13:23:53.664675  4448  4448 F com.pjh.jnidem: runtime.cc:669]   native: #46 pc 00000000002481d6  /system/framework/framework.jar (offset 1b32000) (com.android.internal.os.RuntimeInit$MethodAndArgsCaller.run+22)
04-17 13:23:53.664675  4448  4448 F com.pjh.jnidem: runtime.cc:669]   native: #47 pc 00000000002132e4  /apex/com.android.art/lib64/libart.so (nterp_helper+7540)
04-17 13:23:53.664675  4448  4448 F com.pjh.jnidem: runtime.cc:669]   native: #48 pc 000000000024e128  /system/framework/framework.jar (offset 1b32000) (com.android.internal.os.ZygoteInit.main+612)
04-17 13:23:53.664675  4448  4448 F com.pjh.jnidem: runtime.cc:669]   native: #49 pc 0000000000218be8  /apex/com.android.art/lib64/libart.so (art_quick_invoke_static_stub+568)
04-17 13:23:53.664675  4448  4448 F com.pjh.jnidem: runtime.cc:669]   native: #50 pc 0000000000284224  /apex/com.android.art/lib64/libart.so (art::ArtMethod::Invoke(art::Thread*, unsigned int*, unsigned int, art::JValue*, char const*)+216)
04-17 13:23:53.664691  4448  4448 F com.pjh.jnidem: runtime.cc:669]   native: #51 pc 000000000061ef68  /apex/com.android.art/lib64/libart.so (art::JValue art::InvokeWithVarArgs<art::ArtMethod*>(art::ScopedObjectAccessAlreadyRunnable const&, _jobject*, art::ArtMethod*, std::__va_list)+448)
04-17 13:23:53.664691  4448  4448 F com.pjh.jnidem: runtime.cc:669]   native: #52 pc 000000000061f42c  /apex/com.android.art/lib64/libart.so (art::JValue art::InvokeWithVarArgs<_jmethodID*>(art::ScopedObjectAccessAlreadyRunnable const&, _jobject*, _jmethodID*, std::__va_list)+92)
04-17 13:23:53.664691  4448  4448 F com.pjh.jnidem: runtime.cc:669]   native: #53 pc 00000000004fa69c  /apex/com.android.art/lib64/libart.so (art::JNI<true>::CallStaticVoidMethodV(_JNIEnv*, _jclass*, _jmethodID*, std::__va_list)+616)
04-17 13:23:53.664691  4448  4448 F com.pjh.jnidem: runtime.cc:669]   native: #54 pc 00000000000aeac4  /system/lib64/libandroid_runtime.so (_JNIEnv::CallStaticVoidMethod(_jclass*, _jmethodID*, ...)+120)
04-17 13:23:53.664691  4448  4448 F com.pjh.jnidem: runtime.cc:669]   native: #55 pc 00000000000ba05c  /system/lib64/libandroid_runtime.so (android::AndroidRuntime::start(char const*, android::Vector<android::String8> const&, bool)+836)
04-17 13:23:53.664691  4448  4448 F com.pjh.jnidem: runtime.cc:669]   native: #56 pc 000000000000258c  /system/bin/app_process64 (main+1336)
04-17 13:23:53.664691  4448  4448 F com.pjh.jnidem: runtime.cc:669]   native: #57 pc 00000000000488c8  /apex/com.android.runtime/lib64/bionic/libc.so (__libc_init+96)
04-17 13:23:53.664691  4448  4448 F com.pjh.jnidem: runtime.cc:669]   at com.pjh.jnidemo.DynamicJniTest.callStaticMethodFromJni(Native method)
04-17 13:23:53.664691  4448  4448 F com.pjh.jnidem: runtime.cc:669]   at com.pjh.jnidemo.MainActivity.onCreate(MainActivity.java:26)
04-17 13:23:53.664691  4448  4448 F com.pjh.jnidem: runtime.cc:669]   at android.app.Activity.performCreate(Activity.java:8050)
04-17 13:23:53.664691  4448  4448 F com.pjh.jnidem: runtime.cc:669]   at android.app.Activity.performCreate(Activity.java:8030)
04-17 13:23:53.664691  4448  4448 F com.pjh.jnidem: runtime.cc:669]   at android.app.Instrumentation.callActivityOnCreate(Instrumentation.java:1329)
04-17 13:23:53.664691  4448  4448 F com.pjh.jnidem: runtime.cc:669]   at android.app.ActivityThread.performLaunchActivity(ActivityThread.java:3608)
04-17 13:23:53.664691  4448  4448 F com.pjh.jnidem: runtime.cc:669]   at android.app.ActivityThread.handleLaunchActivity(ActivityThread.java:3792)
04-17 13:23:53.664691  4448  4448 F com.pjh.jnidem: runtime.cc:669]   at android.app.servertransaction.LaunchActivityItem.execute(LaunchActivityItem.java:103)
04-17 13:23:53.664691  4448  4448 F com.pjh.jnidem: runtime.cc:669]   at android.app.servertransaction.TransactionExecutor.executeCallbacks(TransactionExecutor.java:135)
04-17 13:23:53.664691  4448  4448 F com.pjh.jnidem: runtime.cc:669]   at android.app.servertransaction.TransactionExecutor.execute(TransactionExecutor.java:95)
04-17 13:23:53.664691  4448  4448 F com.pjh.jnidem: runtime.cc:669]   at android.app.ActivityThread$H.handleMessage(ActivityThread.java:2210)
04-17 13:23:53.664691  4448  4448 F com.pjh.jnidem: runtime.cc:669]   at android.os.Handler.dispatchMessage(Handler.java:106)
04-17 13:23:53.664691  4448  4448 F com.pjh.jnidem: runtime.cc:669]   at android.os.Looper.loopOnce(Looper.java:201)
04-17 13:23:53.664691  4448  4448 F com.pjh.jnidem: runtime.cc:669]   at android.os.Looper.loop(Looper.java:288)
04-17 13:23:53.664691  4448  4448 F com.pjh.jnidem: runtime.cc:669]   at android.app.ActivityThread.main(ActivityThread.java:7839)
04-17 13:23:53.664691  4448  4448 F com.pjh.jnidem: runtime.cc:669]   at java.lang.reflect.Method.invoke(Native method)
04-17 13:23:53.664691  4448  4448 F com.pjh.jnidem: runtime.cc:669]   at com.android.internal.os.RuntimeInit$MethodAndArgsCaller.run(RuntimeInit.java:548)
04-17 13:23:53.664691  4448  4448 F com.pjh.jnidem: runtime.cc:669]   at com.android.internal.os.ZygoteInit.main(ZygoteInit.java:1003)
04-17 13:23:53.664691  4448  4448 F com.pjh.jnidem: runtime.cc:669] 
04-17 13:23:53.664691  4448  4448 F com.pjh.jnidem: runtime.cc:669] "Runtime worker thread 0" prio=10 tid=2 Native (still starting up)
04-17 13:23:53.664691  4448  4448 F com.pjh.jnidem: runtime.cc:669]   | group="" sCount=1 ucsCount=0 flags=1 obj=0x0 self=0xb4000076979363f0
04-17 13:23:53.664691  4448  4448 F com.pjh.jnidem: runtime.cc:669]   | sysTid=4449 nice=-20 cgrp=system sched=0/0 handle=0x77d1c7ecb0
04-17 13:23:53.664691  4448  4448 F com.pjh.jnidem: runtime.cc:669]   | state=S schedstat=( 229166 0 7 ) utm=0 stm=0 core=0 HZ=100
04-17 13:23:53.664691  4448  4448 F com.pjh.jnidem: runtime.cc:669]   | stack=0x77d1c6f000-0x77d1c71000 stackSize=63KB
04-17 13:23:53.664691  4448  4448 F com.pjh.jnidem: runtime.cc:669]   | held mutexes=
04-17 13:23:53.664691  4448  4448 F com.pjh.jnidem: runtime.cc:669]   native: #00 pc 000000000004c35c  /apex/com.android.runtime/lib64/bionic/libc.so (syscall+28)
04-17 13:23:53.664691  4448  4448 F com.pjh.jnidem: runtime.cc:669]   native: #01 pc 000000000028bba8  /apex/com.android.art/lib64/libart.so (art::ConditionVariable::WaitHoldingLocks(art::Thread*)+148)
04-17 13:23:53.664691  4448  4448 F com.pjh.jnidem: runtime.cc:669]   native: #02 pc 0000000000695914  /apex/com.android.art/lib64/libart.so (art::ThreadPool::GetTask(art::Thread*)+120)
04-17 13:23:53.664691  4448  4448 F com.pjh.jnidem: runtime.cc:669]   native: #03 pc 0000000000694cf8  /apex/com.android.art/lib64/libart.so (art::ThreadPoolWorker::Run()+80)
04-17 13:23:53.664691  4448  4448 F com.pjh.jnidem: runtime.cc:669]   native: #04 pc 00000000006947e8  /apex/com.android.art/lib64/libart.so (art::ThreadPoolWorker::Callback(void*)+192)
04-17 13:23:53.664691  4448  4448 F com.pjh.jnidem: runtime.cc:669]   native: #05 pc 00000000000b1910  /apex/com.android.runtime/lib64/bionic/libc.so (__pthread_start(void*)+264)
04-17 13:23:53.664707  4448  4448 F com.pjh.jnidem: runtime.cc:669]   native: #06 pc 00000000000513f0  /apex/com.android.runtime/lib64/bionic/libc.so (__start_thread+64)
04-17 13:23:53.664707  4448  4448 F com.pjh.jnidem: runtime.cc:669]   (no managed stack frames)
04-17 13:23:53.664707  4448  4448 F com.pjh.jnidem: runtime.cc:669] 
04-17 13:23:53.664707  4448  4448 F com.pjh.jnidem: runtime.cc:669] "Runtime worker thread 1" prio=10 tid=3 Native (still starting up)
04-17 13:23:53.664707  4448  4448 F com.pjh.jnidem: runtime.cc:669]   | group="" sCount=1 ucsCount=0 flags=1 obj=0x0 self=0xb40000769791de90
04-17 13:23:53.664707  4448  4448 F com.pjh.jnidem: runtime.cc:669]   | sysTid=4450 nice=-20 cgrp=system sched=0/0 handle=0x77ca872cb0
04-17 13:23:53.664707  4448  4448 F com.pjh.jnidem: runtime.cc:669]   | state=S schedstat=( 255625 24219 4 ) utm=0 stm=0 core=2 HZ=100
04-17 13:23:53.664707  4448  4448 F com.pjh.jnidem: runtime.cc:669]   | stack=0x77ca863000-0x77ca865000 stackSize=63KB
04-17 13:23:53.664707  4448  4448 F com.pjh.jnidem: runtime.cc:669]   | held mutexes=
04-17 13:23:53.664707  4448  4448 F com.pjh.jnidem: runtime.cc:669]   native: #00 pc 000000000004c35c  /apex/com.android.runtime/lib64/bionic/libc.so (syscall+28)
04-17 13:23:53.664707  4448  4448 F com.pjh.jnidem: runtime.cc:669]   native: #01 pc 000000000028bba8  /apex/com.android.art/lib64/libart.so (art::ConditionVariable::WaitHoldingLocks(art::Thread*)+148)
04-17 13:23:53.664707  4448  4448 F com.pjh.jnidem: runtime.cc:669]   native: #02 pc 0000000000695914  /apex/com.android.art/lib64/libart.so (art::ThreadPool::GetTask(art::Thread*)+120)
04-17 13:23:53.664707  4448  4448 F com.pjh.jnidem: runtime.cc:669]   native: #03 pc 0000000000694cf8  /apex/com.android.art/lib64/libart.so (art::ThreadPoolWorker::Run()+80)
04-17 13:23:53.664707  4448  4448 F com.pjh.jnidem: runtime.cc:669]   native: #04 pc 00000000006947e8  /apex/com.android.art/lib64/libart.so (art::ThreadPoolWorker::Callback(void*)+192)
04-17 13:23:53.664707  4448  4448 F com.pjh.jnidem: runtime.cc:669]   native: #05 pc 00000000000b1910  /apex/com.android.runtime/lib64/bionic/libc.so (__pthread_start(void*)+264)
04-17 13:23:53.664707  4448  4448 F com.pjh.jnidem: runtime.cc:669]   native: #06 pc 00000000000513f0  /apex/com.android.runtime/lib64/bionic/libc.so (__start_thread+64)
04-17 13:23:53.664707  4448  4448 F com.pjh.jnidem: runtime.cc:669]   (no managed stack frames)
04-17 13:23:53.664707  4448  4448 F com.pjh.jnidem: runtime.cc:669] 
04-17 13:23:53.664707  4448  4448 F com.pjh.jnidem: runtime.cc:669] "Runtime worker thread 2" prio=10 tid=4 Native (still starting up)
04-17 13:23:53.664707  4448  4448 F com.pjh.jnidem: runtime.cc:669]   | group="" sCount=1 ucsCount=0 flags=1 obj=0x0 self=0xb400007697916f50
04-17 13:23:53.664707  4448  4448 F com.pjh.jnidem: runtime.cc:669]   | sysTid=4451 nice=-20 cgrp=system sched=0/0 handle=0x77ca668cb0
04-17 13:23:53.664707  4448  4448 F com.pjh.jnidem: runtime.cc:669]   | state=S schedstat=( 248959 162916 4 ) utm=0 stm=0 core=3 HZ=100
04-17 13:23:53.664707  4448  4448 F com.pjh.jnidem: runtime.cc:669]   | stack=0x77ca659000-0x77ca65b000 stackSize=63KB
04-17 13:23:53.664707  4448  4448 F com.pjh.jnidem: runtime.cc:669]   | held mutexes=
04-17 13:23:53.664707  4448  4448 F com.pjh.jnidem: runtime.cc:669]   native: #00 pc 000000000004c35c  /apex/com.android.runtime/lib64/bionic/libc.so (syscall+28)
04-17 13:23:53.664707  4448  4448 F com.pjh.jnidem: runtime.cc:669]   native: #01 pc 000000000028bba8  /apex/com.android.art/lib64/libart.so (art::ConditionVariable::WaitHoldingLocks(art::Thread*)+148)
04-17 13:23:53.664707  4448  4448 F com.pjh.jnidem: runtime.cc:669]   native: #02 pc 0000000000695914  /apex/com.android.art/lib64/libart.so (art::ThreadPool::GetTask(art::Thread*)+120)
04-17 13:23:53.664707  4448  4448 F com.pjh.jnidem: runtime.cc:669]   native: #03 pc 0000000000694cf8  /apex/com.android.art/lib64/libart.so (art::ThreadPoolWorker::Run()+80)
04-17 13:23:53.664707  4448  4448 F com.pjh.jnidem: runtime.cc:669]   native: #04 pc 00000000006947e8  /apex/com.android.art/lib64/libart.so (art::ThreadPoolWorker::Callback(void*)+192)
04-17 13:23:53.664707  4448  4448 F com.pjh.jnidem: runtime.cc:669]   native: #05 pc 00000000000b1910  /apex/com.android.runtime/lib64/bionic/libc.so (__pthread_start(void*)+264)
04-17 13:23:53.664707  4448  4448 F com.pjh.jnidem: runtime.cc:669]   native: #06 pc 00000000000513f0  /apex/com.android.runtime/lib64/bionic/libc.so (__start_thread+64)
04-17 13:23:53.664707  4448  4448 F com.pjh.jnidem: runtime.cc:669]   (no managed stack frames)
04-17 13:23:53.664707  4448  4448 F com.pjh.jnidem: runtime.cc:669] 
04-17 13:23:53.664707  4448  4448 F com.pjh.jnidem: runtime.cc:669] "Signal Catcher" prio=10 tid=5 WaitingInMainSignalCatcherLoop
04-17 13:23:53.664707  4448  4448 F com.pjh.jnidem: runtime.cc:669]   | group="" sCount=1 ucsCount=0 flags=1 obj=0x12c401a0 self=0xb400007697923200
04-17 13:23:53.664707  4448  4448 F com.pjh.jnidem: runtime.cc:669]   | sysTid=4453 nice=-20 cgrp=system sched=0/0 handle=0x750f355cb0
04-17 13:23:53.664707  4448  4448 F com.pjh.jnidem: runtime.cc:669]   | state=S schedstat=( 227761 16302 3 ) utm=0 stm=0 core=6 HZ=100
04-17 13:23:53.664707  4448  4448 F com.pjh.jnidem: runtime.cc:669]   | stack=0x750f25e000-0x750f260000 stackSize=991KB
04-17 13:23:53.664707  4448  4448 F com.pjh.jnidem: runtime.cc:669]   | held mutexes=
04-17 13:23:53.664707  4448  4448 F com.pjh.jnidem: runtime.cc:669]   native: #00 pc 000000000009dfd8  /apex/com.android.runtime/lib64/bionic/libc.so (__rt_sigtimedwait+8)
04-17 13:23:53.664707  4448  4448 F com.pjh.jnidem: runtime.cc:669]   native: #01 pc 000000000005e6b8  /apex/com.android.runtime/lib64/bionic/libc.so (sigwait64+88)
04-17 13:23:53.664707  4448  4448 F com.pjh.jnidem: runtime.cc:669]   native: #02 pc 000000000064db6c  /apex/com.android.art/lib64/libart.so (art::SignalCatcher::WaitForSignal(art::Thread*, art::SignalSet&)+420)
04-17 13:23:53.664707  4448  4448 F com.pjh.jnidem: runtime.cc:669]   native: #03 pc 000000000064c798  /apex/com.android.art/lib64/libart.so (art::SignalCatcher::Run(void*)+268)
04-17 13:23:53.664722  4448  4448 F com.pjh.jnidem: runtime.cc:669]   native: #04 pc 00000000000b1910  /apex/com.android.runtime/lib64/bionic/libc.so (__pthread_start(void*)+264)
04-17 13:23:53.664722  4448  4448 F com.pjh.jnidem: runtime.cc:669]   native: #05 pc 00000000000513f0  /apex/com.android.runtime/lib64/bionic/libc.so (__start_thread+64)
04-17 13:23:53.664722  4448  4448 F com.pjh.jnidem: runtime.cc:669]   (no managed stack frames)
04-17 13:23:53.664722  4448  4448 F com.pjh.jnidem: runtime.cc:669] 
04-17 13:23:53.664722  4448  4448 F com.pjh.jnidem: runtime.cc:669] "Runtime worker thread 3" prio=10 tid=6 Native (still starting up)
04-17 13:23:53.664722  4448  4448 F com.pjh.jnidem: runtime.cc:669]   | group="" sCount=1 ucsCount=0 flags=1 obj=0x0 self=0xb40000769792a140
04-17 13:23:53.664722  4448  4448 F com.pjh.jnidem: runtime.cc:669]   | sysTid=4452 nice=-20 cgrp=system sched=0/0 handle=0x77ca548cb0
04-17 13:23:53.664722  4448  4448 F com.pjh.jnidem: runtime.cc:669]   | state=S schedstat=( 120729 297969 4 ) utm=0 stm=0 core=6 HZ=100
04-17 13:23:53.664722  4448  4448 F com.pjh.jnidem: runtime.cc:669]   | stack=0x77ca539000-0x77ca53b000 stackSize=63KB
04-17 13:23:53.664722  4448  4448 F com.pjh.jnidem: runtime.cc:669]   | held mutexes=
04-17 13:23:53.664722  4448  4448 F com.pjh.jnidem: runtime.cc:669]   native: #00 pc 000000000004c35c  /apex/com.android.runtime/lib64/bionic/libc.so (syscall+28)
04-17 13:23:53.664722  4448  4448 F com.pjh.jnidem: runtime.cc:669]   native: #01 pc 000000000028bba8  /apex/com.android.art/lib64/libart.so (art::ConditionVariable::WaitHoldingLocks(art::Thread*)+148)
04-17 13:23:53.664722  4448  4448 F com.pjh.jnidem: runtime.cc:669]   native: #02 pc 0000000000695914  /apex/com.android.art/lib64/libart.so (art::ThreadPool::GetTask(art::Thread*)+120)
04-17 13:23:53.664722  4448  4448 F com.pjh.jnidem: runtime.cc:669]   native: #03 pc 0000000000694cf8  /apex/com.android.art/lib64/libart.so (art::ThreadPoolWorker::Run()+80)
04-17 13:23:53.664722  4448  4448 F com.pjh.jnidem: runtime.cc:669]   native: #04 pc 00000000006947e8  /apex/com.android.art/lib64/libart.so (art::ThreadPoolWorker::Callback(void*)+192)
04-17 13:23:53.664722  4448  4448 F com.pjh.jnidem: runtime.cc:669]   native: #05 pc 00000000000b1910  /apex/com.android.runtime/lib64/bionic/libc.so (__pthread_start(void*)+264)
04-17 13:23:53.664722  4448  4448 F com.pjh.jnidem: runtime.cc:669]   native: #06 pc 00000000000513f0  /apex/com.android.runtime/lib64/bionic/libc.so (__start_thread+64)
04-17 13:23:53.664722  4448  4448 F com.pjh.jnidem: runtime.cc:669]   (no managed stack frames)
04-17 13:23:53.664722  4448  4448 F com.pjh.jnidem: runtime.cc:669] 
04-17 13:23:53.664722  4448  4448 F com.pjh.jnidem: runtime.cc:669] "perfetto_hprof_listener" prio=10 tid=7 Native (still starting up)
04-17 13:23:53.664722  4448  4448 F com.pjh.jnidem: runtime.cc:669]   | group="" sCount=1 ucsCount=0 flags=1 obj=0x0 self=0xb40000769791a6f0
04-17 13:23:53.664722  4448  4448 F com.pjh.jnidem: runtime.cc:669]   | sysTid=4454 nice=-20 cgrp=system sched=0/0 handle=0x750f257cb0
04-17 13:23:53.664722  4448  4448 F com.pjh.jnidem: runtime.cc:669]   | state=S schedstat=( 308541 0 6 ) utm=0 stm=0 core=1 HZ=100
04-17 13:23:53.664722  4448  4448 F com.pjh.jnidem: runtime.cc:669]   | stack=0x750f160000-0x750f162000 stackSize=991KB
04-17 13:23:53.664722  4448  4448 F com.pjh.jnidem: runtime.cc:669]   | held mutexes=
04-17 13:23:53.664722  4448  4448 F com.pjh.jnidem: runtime.cc:669]   native: #00 pc 000000000009d334  /apex/com.android.runtime/lib64/bionic/libc.so (read+4)
04-17 13:23:53.664722  4448  4448 F com.pjh.jnidem: runtime.cc:669]   native: #01 pc 0000000000021110  /apex/com.android.art/lib64/libperfetto_hprof.so (void* std::__1::__thread_proxy<std::__1::tuple<std::__1::unique_ptr<std::__1::__thread_struct, std::__1::default_delete<std::__1::__thread_struct> >, ArtPlugin_Initialize::$_33> >(void*)+280)
04-17 13:23:53.664722  4448  4448 F com.pjh.jnidem: runtime.cc:669]   native: #02 pc 00000000000b1910  /apex/com.android.runtime/lib64/bionic/libc.so (__pthread_start(void*)+264)
04-17 13:23:53.664722  4448  4448 F com.pjh.jnidem: runtime.cc:669]   native: #03 pc 00000000000513f0  /apex/com.android.runtime/lib64/bionic/libc.so (__start_thread+64)
04-17 13:23:53.664722  4448  4448 F com.pjh.jnidem: runtime.cc:669]   (no managed stack frames)
04-17 13:23:53.664722  4448  4448 F com.pjh.jnidem: runtime.cc:669] 
04-17 13:23:53.664722  4448  4448 F com.pjh.jnidem: runtime.cc:669] "ADB-JDWP Connection Control Thread" prio=10 tid=8 WaitingInMainDebuggerLoop
04-17 13:23:53.664722  4448  4448 F com.pjh.jnidem: runtime.cc:669]   | group="" sCount=1 ucsCount=0 flags=1 obj=0x12c05f30 self=0xb40000769791c2c0
04-17 13:23:53.664722  4448  4448 F com.pjh.jnidem: runtime.cc:669]   | sysTid=4455 nice=-20 cgrp=system sched=0/0 handle=0x750f159cb0
04-17 13:23:53.664722  4448  4448 F com.pjh.jnidem: runtime.cc:669]   | state=S schedstat=( 1369842 0 12 ) utm=0 stm=0 core=7 HZ=100
04-17 13:23:53.664722  4448  4448 F com.pjh.jnidem: runtime.cc:669]   | stack=0x750f062000-0x750f064000 stackSize=991KB
04-17 13:23:53.664722  4448  4448 F com.pjh.jnidem: runtime.cc:669]   | held mutexes=
04-17 13:23:53.664722  4448  4448 F com.pjh.jnidem: runtime.cc:669]   native: #00 pc 000000000009e698  /apex/com.android.runtime/lib64/bionic/libc.so (__ppoll+8)
04-17 13:23:53.664722  4448  4448 F com.pjh.jnidem: runtime.cc:669]   native: #01 pc 000000000005bb10  /apex/com.android.runtime/lib64/bionic/libc.so (poll+92)
04-17 13:23:53.664722  4448  4448 F com.pjh.jnidem: runtime.cc:669]   native: #02 pc 0000000000009dac  /apex/com.android.art/lib64/libadbconnection.so (adbconnection::AdbConnectionState::RunPollLoop(art::Thread*)+752)
04-17 13:23:53.664722  4448  4448 F com.pjh.jnidem: runtime.cc:669]   native: #03 pc 000000000000840c  /apex/com.android.art/lib64/libadbconnection.so (adbconnection::CallbackFunction(void*)+1484)
04-17 13:23:53.664722  4448  4448 F com.pjh.jnidem: runtime.cc:669]   native: #04 pc 00000000000b1910  /apex/com.android.runtime/lib64/bionic/libc.so (__pthread_start(void*)+264)
04-17 13:23:53.664738  4448  4448 F com.pjh.jnidem: runtime.cc:669]   native: #05 pc 00000000000513f0  /apex/com.android.runtime/lib64/bionic/libc.so (__start_thread+64)
04-17 13:23:53.664738  4448  4448 F com.pjh.jnidem: runtime.cc:669]   (no managed stack frames)
04-17 13:23:53.664738  4448  4448 F com.pjh.jnidem: runtime.cc:669] 
04-17 13:23:53.664738  4448  4448 F com.pjh.jnidem: runtime.cc:669] "Jit thread pool worker thread 0" prio=5 tid=9 Native
04-17 13:23:53.664738  4448  4448 F com.pjh.jnidem: runtime.cc:669]   | group="" sCount=1 ucsCount=0 flags=1 obj=0x12cc0298 self=0xb40000769793d330
04-17 13:23:53.664738  4448  4448 F com.pjh.jnidem: runtime.cc:669]   | sysTid=4456 nice=9 cgrp=system sched=0/0 handle=0x750f05bcb0
04-17 13:23:53.664738  4448  4448 F com.pjh.jnidem: runtime.cc:669]   | state=S schedstat=( 9043695 5395678 28 ) utm=0 stm=0 core=4 HZ=100
04-17 13:23:53.664738  4448  4448 F com.pjh.jnidem: runtime.cc:669]   | stack=0x750ef5c000-0x750ef5e000 stackSize=1023KB
04-17 13:23:53.664738  4448  4448 F com.pjh.jnidem: runtime.cc:669]   | held mutexes=
04-17 13:23:53.664738  4448  4448 F com.pjh.jnidem: runtime.cc:669]   native: #00 pc 000000000004c35c  /apex/com.android.runtime/lib64/bionic/libc.so (syscall+28)
04-17 13:23:53.664738  4448  4448 F com.pjh.jnidem: runtime.cc:669]   native: #01 pc 000000000028bba8  /apex/com.android.art/lib64/libart.so (art::ConditionVariable::WaitHoldingLocks(art::Thread*)+148)
04-17 13:23:53.664738  4448  4448 F com.pjh.jnidem: runtime.cc:669]   native: #02 pc 0000000000695914  /apex/com.android.art/lib64/libart.so (art::ThreadPool::GetTask(art::Thread*)+120)
04-17 13:23:53.664738  4448  4448 F com.pjh.jnidem: runtime.cc:669]   native: #03 pc 0000000000694d38  /apex/com.android.art/lib64/libart.so (art::ThreadPoolWorker::Run()+144)
04-17 13:23:53.664738  4448  4448 F com.pjh.jnidem: runtime.cc:669]   native: #04 pc 00000000006947e8  /apex/com.android.art/lib64/libart.so (art::ThreadPoolWorker::Callback(void*)+192)
04-17 13:23:53.664738  4448  4448 F com.pjh.jnidem: runtime.cc:669]   native: #05 pc 00000000000b1910  /apex/com.android.runtime/lib64/bionic/libc.so (__pthread_start(void*)+264)
04-17 13:23:53.664738  4448  4448 F com.pjh.jnidem: runtime.cc:669]   native: #06 pc 00000000000513f0  /apex/com.android.runtime/lib64/bionic/libc.so (__start_thread+64)
04-17 13:23:53.664738  4448  4448 F com.pjh.jnidem: runtime.cc:669]   (no managed stack frames)
04-17 13:23:53.664738  4448  4448 F com.pjh.jnidem: runtime.cc:669] 
04-17 13:23:53.664738  4448  4448 F com.pjh.jnidem: runtime.cc:669] "ReferenceQueueDaemon" prio=5 tid=10 Waiting
04-17 13:23:53.664738  4448  4448 F com.pjh.jnidem: runtime.cc:669]   | group="" sCount=1 ucsCount=0 flags=1 obj=0x12c06080 self=0xb40000769793b760
04-17 13:23:53.664738  4448  4448 F com.pjh.jnidem: runtime.cc:669]   | sysTid=4458 nice=4 cgrp=system sched=0/0 handle=0x750eaffcb0
04-17 13:23:53.664738  4448  4448 F com.pjh.jnidem: runtime.cc:669]   | state=S schedstat=( 193698 2216876 6 ) utm=0 stm=0 core=7 HZ=100
04-17 13:23:53.664738  4448  4448 F com.pjh.jnidem: runtime.cc:669]   | stack=0x750e9fc000-0x750e9fe000 stackSize=1039KB
04-17 13:23:53.664738  4448  4448 F com.pjh.jnidem: runtime.cc:669]   | held mutexes=
04-17 13:23:53.664738  4448  4448 F com.pjh.jnidem: runtime.cc:669]   native: #00 pc 000000000004c35c  /apex/com.android.runtime/lib64/bionic/libc.so (syscall+28)
04-17 13:23:53.664738  4448  4448 F com.pjh.jnidem: runtime.cc:669]   native: #01 pc 000000000028bba8  /apex/com.android.art/lib64/libart.so (art::ConditionVariable::WaitHoldingLocks(art::Thread*)+148)
04-17 13:23:53.664738  4448  4448 F com.pjh.jnidem: runtime.cc:669]   native: #02 pc 000000000055a998  /apex/com.android.art/lib64/libart.so (art::Monitor::Wait(art::Thread*, long, int, bool, art::ThreadState)+540)
04-17 13:23:53.664738  4448  4448 F com.pjh.jnidem: runtime.cc:669]   native: #03 pc 000000000055c17c  /apex/com.android.art/lib64/libart.so (art::Monitor::Wait(art::Thread*, art::ObjPtr<art::mirror::Object>, long, int, bool, art::ThreadState)+296)
04-17 13:23:53.664738  4448  4448 F com.pjh.jnidem: runtime.cc:669]   native: #04 pc 0000000000222244  /apex/com.android.art/lib64/libart.so (art_quick_generic_jni_trampoline+148)
04-17 13:23:53.664738  4448  4448 F com.pjh.jnidem: runtime.cc:669]   native: #05 pc 0000000000212b80  /apex/com.android.art/lib64/libart.so (nterp_helper+5648)
04-17 13:23:53.664738  4448  4448 F com.pjh.jnidem: runtime.cc:669]   native: #06 pc 00000000000e24fe  /apex/com.android.art/javalib/core-oj.jar (java.lang.Object.wait+2)
04-17 13:23:53.664738  4448  4448 F com.pjh.jnidem: runtime.cc:669]   native: #07 pc 00000000002124c4  /apex/com.android.art/lib64/libart.so (nterp_helper+3924)
04-17 13:23:53.664738  4448  4448 F com.pjh.jnidem: runtime.cc:669]   native: #08 pc 00000000000e24e4  /apex/com.android.art/javalib/core-oj.jar (java.lang.Object.wait+4)
04-17 13:23:53.664738  4448  4448 F com.pjh.jnidem: runtime.cc:669]   native: #09 pc 00000000002124c4  /apex/com.android.art/lib64/libart.so (nterp_helper+3924)
04-17 13:23:53.664738  4448  4448 F com.pjh.jnidem: runtime.cc:669]   native: #10 pc 0000000000029f7a  /apex/com.android.art/javalib/core-libart.jar (java.lang.Daemons$ReferenceQueueDaemon.runInternal+30)
04-17 13:23:53.664738  4448  4448 F com.pjh.jnidem: runtime.cc:669]   native: #11 pc 00000000002124c4  /apex/com.android.art/lib64/libart.so (nterp_helper+3924)
04-17 13:23:53.664738  4448  4448 F com.pjh.jnidem: runtime.cc:669]   native: #12 pc 00000000000296b6  /apex/com.android.art/javalib/core-libart.jar (java.lang.Daemons$Daemon.run+50)
04-17 13:23:53.664738  4448  4448 F com.pjh.jnidem: runtime.cc:669]   native: #13 pc 00000000002132e4  /apex/com.android.art/lib64/libart.so (nterp_helper+7540)
04-17 13:23:53.664738  4448  4448 F com.pjh.jnidem: runtime.cc:669]   native: #14 pc 00000000000eda70  /apex/com.android.art/javalib/core-oj.jar (java.lang.Thread.run+8)
04-17 13:23:53.664753  4448  4448 F com.pjh.jnidem: runtime.cc:669]   native: #15 pc 0000000000218964  /apex/com.android.art/lib64/libart.so (art_quick_invoke_stub+548)
04-17 13:23:53.664753  4448  4448 F com.pjh.jnidem: runtime.cc:669]   native: #16 pc 0000000000284208  /apex/com.android.art/lib64/libart.so (art::ArtMethod::Invoke(art::Thread*, unsigned int*, unsigned int, art::JValue*, char const*)+188)
04-17 13:23:53.664753  4448  4448 F com.pjh.jnidem: runtime.cc:669]   native: #17 pc 000000000061fab0  /apex/com.android.art/lib64/libart.so (art::JValue art::InvokeVirtualOrInterfaceWithJValues<art::ArtMethod*>(art::ScopedObjectAccessAlreadyRunnable const&, _jobject*, art::ArtMethod*, jvalue const*)+460)
04-17 13:23:53.664753  4448  4448 F com.pjh.jnidem: runtime.cc:669]   native: #18 pc 000000000066e674  /apex/com.android.art/lib64/libart.so (art::Thread::CreateCallback(void*)+1184)
04-17 13:23:53.664753  4448  4448 F com.pjh.jnidem: runtime.cc:669]   native: #19 pc 00000000000b1910  /apex/com.android.runtime/lib64/bionic/libc.so (__pthread_start(void*)+264)
04-17 13:23:53.664753  4448  4448 F com.pjh.jnidem: runtime.cc:669]   native: #20 pc 00000000000513f0  /apex/com.android.runtime/lib64/bionic/libc.so (__start_thread+64)
04-17 13:23:53.664753  4448  4448 F com.pjh.jnidem: runtime.cc:669]   at java.lang.Object.wait(Native method)
04-17 13:23:53.664753  4448  4448 F com.pjh.jnidem: runtime.cc:669]   - waiting on <0x068175d2> (a java.lang.Class<java.lang.ref.ReferenceQueue>)
04-17 13:23:53.664753  4448  4448 F com.pjh.jnidem: runtime.cc:669]   at java.lang.Object.wait(Object.java:442)
04-17 13:23:53.664753  4448  4448 F com.pjh.jnidem: runtime.cc:669]   at java.lang.Object.wait(Object.java:568)
04-17 13:23:53.664753  4448  4448 F com.pjh.jnidem: runtime.cc:669]   at java.lang.Daemons$ReferenceQueueDaemon.runInternal(Daemons.java:217)
04-17 13:23:53.664753  4448  4448 F com.pjh.jnidem: runtime.cc:669]   - locked <0x068175d2> (a java.lang.Class<java.lang.ref.ReferenceQueue>)
04-17 13:23:53.664753  4448  4448 F com.pjh.jnidem: runtime.cc:669]   at java.lang.Daemons$Daemon.run(Daemons.java:139)
04-17 13:23:53.664753  4448  4448 F com.pjh.jnidem: runtime.cc:669]   at java.lang.Thread.run(Thread.java:920)
04-17 13:23:53.664753  4448  4448 F com.pjh.jnidem: runtime.cc:669] 
04-17 13:23:53.664753  4448  4448 F com.pjh.jnidem: runtime.cc:669] "HeapTaskDaemon" prio=5 tid=11 WaitingForTaskProcessor
04-17 13:23:53.664753  4448  4448 F com.pjh.jnidem: runtime.cc:669]   | group="" sCount=1 ucsCount=0 flags=1 obj=0x12c05ff0 self=0xb400007697924dd0
04-17 13:23:53.664753  4448  4448 F com.pjh.jnidem: runtime.cc:669]   | sysTid=4457 nice=4 cgrp=system sched=0/0 handle=0x750ef35cb0
04-17 13:23:53.664753  4448  4448 F com.pjh.jnidem: runtime.cc:669]   | state=S schedstat=( 364632 170157 12 ) utm=0 stm=0 core=3 HZ=100
04-17 13:23:53.664753  4448  4448 F com.pjh.jnidem: runtime.cc:669]   | stack=0x750ee32000-0x750ee34000 stackSize=1039KB
04-17 13:23:53.664753  4448  4448 F com.pjh.jnidem: runtime.cc:669]   | held mutexes=
04-17 13:23:53.664753  4448  4448 F com.pjh.jnidem: runtime.cc:669]   native: #00 pc 000000000004c360  /apex/com.android.runtime/lib64/bionic/libc.so (syscall+32)
04-17 13:23:53.664753  4448  4448 F com.pjh.jnidem: runtime.cc:669]   native: #01 pc 000000000028bf78  /apex/com.android.art/lib64/libart.so (art::ConditionVariable::TimedWait(art::Thread*, long, int)+172)
04-17 13:23:53.664753  4448  4448 F com.pjh.jnidem: runtime.cc:669]   native: #02 pc 00000000003b55ac  /apex/com.android.art/lib64/libart.so (art::gc::TaskProcessor::GetTask(art::Thread*)+508)
04-17 13:23:53.664753  4448  4448 F com.pjh.jnidem: runtime.cc:669]   native: #03 pc 00000000003b5ec4  /apex/com.android.art/lib64/libart.so (art::gc::TaskProcessor::RunAllTasks(art::Thread*)+92)
04-17 13:23:53.664753  4448  4448 F com.pjh.jnidem: runtime.cc:669]   native: #04 pc 0000000000222244  /apex/com.android.art/lib64/libart.so (art_quick_generic_jni_trampoline+148)
04-17 13:23:53.664753  4448  4448 F com.pjh.jnidem: runtime.cc:669]   native: #05 pc 0000000000212520  /apex/com.android.art/lib64/libart.so (nterp_helper+4016)
04-17 13:23:53.664753  4448  4448 F com.pjh.jnidem: runtime.cc:669]   native: #06 pc 0000000000029ed6  /apex/com.android.art/javalib/core-libart.jar (java.lang.Daemons$HeapTaskDaemon.runInternal+38)
04-17 13:23:53.664753  4448  4448 F com.pjh.jnidem: runtime.cc:669]   native: #07 pc 00000000002124c4  /apex/com.android.art/lib64/libart.so (nterp_helper+3924)
04-17 13:23:53.664753  4448  4448 F com.pjh.jnidem: runtime.cc:669]   native: #08 pc 00000000000296b6  /apex/com.android.art/javalib/core-libart.jar (java.lang.Daemons$Daemon.run+50)
04-17 13:23:53.664753  4448  4448 F com.pjh.jnidem: runtime.cc:669]   native: #09 pc 00000000002132e4  /apex/com.android.art/lib64/libart.so (nterp_helper+7540)
04-17 13:23:53.664753  4448  4448 F com.pjh.jnidem: runtime.cc:669]   native: #10 pc 00000000000eda70  /apex/com.android.art/javalib/core-oj.jar (java.lang.Thread.run+8)
04-17 13:23:53.664753  4448  4448 F com.pjh.jnidem: runtime.cc:669]   native: #11 pc 0000000000218964  /apex/com.android.art/lib64/libart.so (art_quick_invoke_stub+548)
04-17 13:23:53.664753  4448  4448 F com.pjh.jnidem: runtime.cc:669]   native: #12 pc 0000000000284208  /apex/com.android.art/lib64/libart.so (art::ArtMethod::Invoke(art::Thread*, unsigned int*, unsigned int, art::JValue*, char const*)+188)
04-17 13:23:53.664753  4448  4448 F com.pjh.jnidem: runtime.cc:669]   native: #13 pc 000000000061fab0  /apex/com.android.art/lib64/libart.so (art::JValue art::InvokeVirtualOrInterfaceWithJValues<art::ArtMethod*>(art::ScopedObjectAccessAlreadyRunnable const&, _jobject*, art::ArtMethod*, jvalue const*)+460)
04-17 13:23:53.664767  4448  4448 F com.pjh.jnidem: runtime.cc:669]   native: #14 pc 000000000066e674  /apex/com.android.art/lib64/libart.so (art::Thread::CreateCallback(void*)+1184)
04-17 13:23:53.664767  4448  4448 F com.pjh.jnidem: runtime.cc:669]   native: #15 pc 00000000000b1910  /apex/com.android.runtime/lib64/bionic/libc.so (__pthread_start(void*)+264)
04-17 13:23:53.664767  4448  4448 F com.pjh.jnidem: runtime.cc:669]   native: #16 pc 00000000000513f0  /apex/com.android.runtime/lib64/bionic/libc.so (__start_thread+64)
04-17 13:23:53.664767  4448  4448 F com.pjh.jnidem: runtime.cc:669]   at dalvik.system.VMRuntime.runHeapTasks(Native method)
04-17 13:23:53.664767  4448  4448 F com.pjh.jnidem: runtime.cc:669]   at java.lang.Daemons$HeapTaskDaemon.runInternal(Daemons.java:531)
04-17 13:23:53.664767  4448  4448 F com.pjh.jnidem: runtime.cc:669]   at java.lang.Daemons$Daemon.run(Daemons.java:139)
04-17 13:23:53.664767  4448  4448 F com.pjh.jnidem: runtime.cc:669]   at java.lang.Thread.run(Thread.java:920)
04-17 13:23:53.664767  4448  4448 F com.pjh.jnidem: runtime.cc:669] 
04-17 13:23:53.664767  4448  4448 F com.pjh.jnidem: runtime.cc:669] "FinalizerDaemon" prio=5 tid=12 Waiting
04-17 13:23:53.664767  4448  4448 F com.pjh.jnidem: runtime.cc:669]   | group="" sCount=1 ucsCount=0 flags=1 obj=0x12c06110 self=0xb40000769793ef00
