04-17 04:26:52.829923     0     0 I         : c1   5371 google_battery: MSC_STEADY vt=4430000 vb=4447844 fv_uv=4430000 margin=100000
04-17 04:26:52.829953     0     0 I         : c1   5371 google_battery: hold not defined for msc_state=10
04-17 04:26:52.829979     0     0 I         : c1   5371 google_battery: MSC_RSTC vt=4430000 vb=4447844 fv_uv=4430000 ibatt=-153503 cc_next_max=120000 t_cnt=0
04-17 04:26:52.829998     0     0 I         : c1   5371 google_battery: hold not defined for msc_state=14
04-17 04:26:52.830053     0     0 I         : c1   5371 google_battery: MSC_VOTE msc_state=14 cv_cnt=0 ov_cnt=0 temp_idx:2, vbatt_idx:4  fv_uv=4430000 cc_max=600000 update_interval=2000
04-17 04:26:52.830162     0     0 I         : c1   5371 google_charger: MSC_CHG fv_uv=4430000, cc_max=600000, rerun in 2000 ms (0)
04-17 04:26:54.835844     0     0 I         : c1   5371 sm7250_bms: MSC_PCS chg_state=1c2115f04010009 [0x9:4:1:4447:450] chg=u
04-17 04:26:54.835913     0     0 I         : c1   5371 google_battery: MSC_DIN chg_state=1c2115f04010009 f=0x9 chg_s=Charging chg_t=Taper vchg=4447 icl=450
04-17 04:26:54.837298     0     0 I         : c1   5371 google_battery: MSC_STEADY vt=4430000 vb=4447844 fv_uv=4430000 margin=100000
04-17 04:26:54.837330     0     0 I         : c1   5371 google_battery: hold not defined for msc_state=10
04-17 04:26:54.837360     0     0 I         : c1   5371 google_battery: MSC_RSTC vt=4430000 vb=4447844 fv_uv=4430000 ibatt=-154113 cc_next_max=120000 t_cnt=0
04-17 04:26:54.837381     0     0 I         : c1   5371 google_battery: hold not defined for msc_state=14
04-17 04:26:54.837442     0     0 I         : c1   5371 google_battery: MSC_VOTE msc_state=14 cv_cnt=0 ov_cnt=0 temp_idx:2, vbatt_idx:4  fv_uv=4430000 cc_max=600000 update_interval=2000
04-17 04:26:54.837554     0     0 I         : c1   5371 google_charger: MSC_CHG fv_uv=4430000, cc_max=600000, rerun in 2000 ms (0)
--------- switch to main
04-17 04:26:54.895249   984  1089 W ASH     : @ 11144.573: touch gesture: no valid gesture detected
04-17 04:26:54.959692   984  1089 W ASH     : @ 11144.637: touch gesture: no valid gesture detected
04-17 04:26:55.024507   984  1089 W ASH     : @ 11144.702: touch gesture: no valid gesture detected
04-17 04:26:55.088392   984  1089 W ASH     : @ 11144.766: touch gesture: no valid gesture detected
04-17 04:26:55.153169   984  1089 W ASH     : @ 11144.831: touch gesture: no valid gesture detected
04-17 04:26:55.217601   984  1089 W ASH     : @ 11144.895: touch gesture: no valid gesture detected
04-17 04:26:55.282613   984  1089 W ASH     : @ 11144.960: touch gesture: no valid gesture detected
04-17 04:26:55.347224   984  1089 W ASH     : @ 11145.024: touch gesture: no valid gesture detected
04-17 04:26:55.411650   984  1089 W ASH     : @ 11145.089: touch gesture: no valid gesture detected
04-17 04:26:55.474453   984  1089 W ASH     : @ 11145.153: touch gesture: no valid gesture detected
04-17 04:26:55.539923   984  1089 W ASH     : @ 11145.218: touch gesture: no valid gesture detected
04-17 04:26:55.604410   984  1089 W ASH     : @ 11145.282: touch gesture: no valid gesture detected
04-17 04:26:55.668946   984  1089 W ASH     : @ 11145.346: touch gesture: no valid gesture detected
04-17 04:26:55.733237   984  1089 W ASH     : @ 11145.411: touch gesture: no valid gesture detected
04-17 04:26:55.797395   984  1089 W ASH     : @ 11145.475: touch gesture: no valid gesture detected
04-17 04:26:55.862165   984  1089 W ASH     : @ 11145.540: touch gesture: no valid gesture detected
04-17 04:26:55.926389   984  1089 W ASH     : @ 11145.604: touch gesture: no valid gesture detected
04-17 04:26:55.990767   984  1089 W ASH     : @ 11145.668: touch gesture: no valid gesture detected
04-17 04:26:56.055589   984  1089 W ASH     : @ 11145.733: touch gesture: no valid gesture detected
04-17 04:26:56.119678   984  1089 W ASH     : @ 11145.797: touch gesture: no valid gesture detected
04-17 04:26:56.183717   984  1089 W ASH     : @ 11145.862: touch gesture: no valid gesture detected
04-17 04:26:56.249051   984  1089 W ASH     : @ 11145.926: touch gesture: no valid gesture detected
04-17 04:26:56.313210   984  1089 W ASH     : @ 11145.991: touch gesture: no valid gesture detected
04-17 04:26:56.377528   984  1089 W ASH     : @ 11146.055: touch gesture: no valid gesture detected
04-17 04:26:56.441957   984  1089 W ASH     : @ 11146.120: touch gesture: no valid gesture detected
04-17 04:26:56.506623   984  1089 W ASH     : @ 11146.184: touch gesture: no valid gesture detected
04-17 04:26:56.570261   984  1089 W ASH     : @ 11146.248: touch gesture: no valid gesture detected
04-17 04:26:56.635135   984  1089 W ASH     : @ 11146.313: touch gesture: no valid gesture detected
04-17 04:26:56.699770   984  1089 W ASH     : @ 11146.377: touch gesture: no valid gesture detected
04-17 04:26:56.764028   984  1089 W ASH     : @ 11146.442: touch gesture: no valid gesture detected
04-17 04:26:56.828944   984  1089 W ASH     : @ 11146.506: touch gesture: no valid gesture detected
--------- switch to kernel
04-17 04:26:56.841176     0     0 I         : c1   5371 google_charger: usbchg=USB typec=C usbv=4997 usbc=91 usbMv=5000 usbMc=450
04-17 04:26:56.841361     0     0 I         : c1   5371 sm7250_bms: MSC_PCS chg_state=1c2116004010009 [0x9:4:1:4448:450] chg=u
04-17 04:26:56.841420     0     0 I         : c1   5371 google_battery: MSC_DIN chg_state=1c2116004010009 f=0x9 chg_s=Charging chg_t=Taper vchg=4448 icl=450
04-17 04:26:56.842545     0     0 I         : c1   5371 google_battery: MSC_STEADY vt=4430000 vb=4448428 fv_uv=4430000 margin=100000
04-17 04:26:56.842568     0     0 I         : c1   5371 google_battery: hold not defined for msc_state=10
04-17 04:26:56.842593     0     0 I         : c1   5371 google_battery: MSC_RSTC vt=4430000 vb=4448428 fv_uv=4430000 ibatt=-152282 cc_next_max=120000 t_cnt=0
04-17 04:26:56.842609     0     0 I         : c1   5371 google_battery: hold not defined for msc_state=14
04-17 04:26:56.842664     0     0 I         : c1   5371 google_battery: MSC_VOTE msc_state=14 cv_cnt=0 ov_cnt=0 temp_idx:2, vbatt_idx:4  fv_uv=4430000 cc_max=600000 update_interval=2000
04-17 04:26:56.842748     0     0 I         : c1   5371 google_charger: MSC_CHG fv_uv=4430000, cc_max=600000, rerun in 2000 ms (0)
--------- switch to main
04-17 04:26:56.893029   984  1089 W ASH     : @ 11146.571: touch gesture: no valid gesture detected
04-17 04:26:56.957877   984  1089 W ASH     : @ 11146.635: touch gesture: no valid gesture detected
04-17 04:26:57.022189   984  1089 W ASH     : @ 11146.700: touch gesture: no valid gesture detected
04-17 04:26:57.086492   984  1089 W ASH     : @ 11146.764: touch gesture: no valid gesture detected
04-17 04:26:57.151218   984  1089 W ASH     : @ 11146.829: touch gesture: no valid gesture detected
04-17 04:26:57.215775   984  1089 W ASH     : @ 11146.893: touch gesture: no valid gesture detected
04-17 04:26:57.280319   984  1089 W ASH     : @ 11146.958: touch gesture: no valid gesture detected
04-17 04:26:57.344830   984  1089 W ASH     : @ 11147.022: touch gesture: no valid gesture detected
04-17 04:26:57.409289   984  1089 W ASH     : @ 11147.087: touch gesture: no valid gesture detected
04-17 04:26:57.473757   984  1089 W ASH     : @ 11147.151: touch gesture: no valid gesture detected
04-17 04:26:57.536434   984  1089 W ASH     : @ 11147.216: touch gesture: no valid gesture detected
04-17 04:26:57.602647   984  1089 W ASH     : @ 11147.280: touch gesture: no valid gesture detected
04-17 04:26:57.667243   984  1089 W ASH     : @ 11147.345: touch gesture: no valid gesture detected
04-17 04:26:57.731840   984  1089 W ASH     : @ 11147.409: touch gesture: no valid gesture detected
04-17 04:26:57.796285   984  1089 W ASH     : @ 11147.474: touch gesture: no valid gesture detected
04-17 04:26:57.860890   984  1089 W ASH     : @ 11147.538: touch gesture: no valid gesture detected
04-17 04:26:57.925209   984  1089 W ASH     : @ 11147.603: touch gesture: no valid gesture detected
04-17 04:26:57.989545   984  1089 W ASH     : @ 11147.667: touch gesture: no valid gesture detected
04-17 04:26:58.053709   984  1089 W ASH     : @ 11147.732: touch gesture: no valid gesture detected
04-17 04:26:58.118417   984  1089 W ASH     : @ 11147.796: touch gesture: no valid gesture detected
04-17 04:26:58.182729   984  1089 W ASH     : @ 11147.860: touch gesture: no valid gesture detected
04-17 04:26:58.247145   984  1089 W ASH     : @ 11147.925: touch gesture: no valid gesture detected
04-17 04:26:58.311714   984  1089 W ASH     : @ 11147.989: touch gesture: no valid gesture detected
04-17 04:26:58.375928   984  1089 W ASH     : @ 11148.054: touch gesture: no valid gesture detected
04-17 04:26:58.440358   984  1089 W ASH     : @ 11148.118: touch gesture: no valid gesture detected
04-17 04:26:58.505050   984  1089 W ASH     : @ 11148.182: touch gesture: no valid gesture detected
04-17 04:26:58.569202   984  1089 W ASH     : @ 11148.247: touch gesture: no valid gesture detected
04-17 04:26:58.633537   984  1089 W ASH     : @ 11148.311: touch gesture: no valid gesture detected
04-17 04:26:58.698182   984  1089 W ASH     : @ 11148.376: touch gesture: no valid gesture detected
04-17 04:26:58.762577   984  1089 W ASH     : @ 11148.440: touch gesture: no valid gesture detected
04-17 04:26:58.826741   984  1089 W ASH     : @ 11148.504: touch gesture: no valid gesture detected
--------- switch to kernel
04-17 04:26:58.852767     0     0 I         : c1   5371 google_charger: usbchg=USB typec=C usbv=4993 usbc=109 usbMv=5000 usbMc=450
04-17 04:26:58.852961     0     0 I         : c1   5371 sm7250_bms: MSC_PCS chg_state=1c2116004010009 [0x9:4:1:4448:450] chg=u
04-17 04:26:58.853040     0     0 I         : c1   5371 google_battery: MSC_DIN chg_state=1c2116004010009 f=0x9 chg_s=Charging chg_t=Taper vchg=4448 icl=450
04-17 04:26:58.854673     0     0 I         : c1   5371 google_battery: MSC_STEADY vt=4430000 vb=4448233 fv_uv=4430000 margin=100000
04-17 04:26:58.854698     0     0 I         : c1   5371 google_battery: hold not defined for msc_state=10
04-17 04:26:58.854720     0     0 I         : c1   5371 google_battery: MSC_RSTC vt=4430000 vb=4448233 fv_uv=4430000 ibatt=-153503 cc_next_max=120000 t_cnt=0
04-17 04:26:58.854735     0     0 I         : c1   5371 google_battery: hold not defined for msc_state=14
04-17 04:26:58.854787     0     0 I         : c1   5371 google_battery: MSC_VOTE msc_state=14 cv_cnt=0 ov_cnt=0 temp_idx:2, vbatt_idx:4  fv_uv=4430000 cc_max=600000 update_interval=2000
04-17 04:26:58.854878     0     0 I         : c1   5371 google_charger: MSC_CHG fv_uv=4430000, cc_max=600000, rerun in 2000 ms (0)
--------- switch to main
04-17 04:26:58.891244   984  1089 W ASH     : @ 11148.569: touch gesture: no valid gesture detected
04-17 04:26:58.955802   984  1089 W ASH     : @ 11148.633: touch gesture: no valid gesture detected
04-17 04:26:59.020328   984  1089 W ASH     : @ 11148.698: touch gesture: no valid gesture detected
04-17 04:26:59.084810   984  1089 W ASH     : @ 11148.762: touch gesture: no valid gesture detected
04-17 04:26:59.149093   984  1089 W ASH     : @ 11148.827: touch gesture: no valid gesture detected
04-17 04:26:59.213549   984  1089 W ASH     : @ 11148.891: touch gesture: no valid gesture detected
04-17 04:26:59.278352   984  1089 W ASH     : @ 11148.956: touch gesture: no valid gesture detected
04-17 04:26:59.342887   984  1089 W ASH     : @ 11149.020: touch gesture: no valid gesture detected
04-17 04:26:59.407208   984  1089 W ASH     : @ 11149.085: touch gesture: no valid gesture detected
04-17 04:26:59.471740   984  1089 W ASH     : @ 11149.149: touch gesture: no valid gesture detected
04-17 04:26:59.536275   984  1089 W ASH     : @ 11149.214: touch gesture: no valid gesture detected
04-17 04:26:59.600648   984  1089 W ASH     : @ 11149.278: touch gesture: no valid gesture detected
04-17 04:26:59.664893   984  1089 W ASH     : @ 11149.343: touch gesture: no valid gesture detected
04-17 04:26:59.729590   984  1089 W ASH     : @ 11149.407: touch gesture: no valid gesture detected
04-17 04:26:59.794003   984  1089 W ASH     : @ 11149.472: touch gesture: no valid gesture detected
04-17 04:26:59.856967   984  1089 W ASH     : @ 11149.536: touch gesture: no valid gesture detected
04-17 04:26:59.913146   990  1023 D rlsservice: MonitorDisplayStatus client num 0, display status 0, sensor status 0
04-17 04:26:59.921637   984  1089 W ASH     : @ 11149.601: touch gesture: no valid gesture detected
04-17 04:26:59.987523   984  1089 W ASH     : @ 11149.665: touch gesture: no valid gesture detected
04-17 04:27:00.052311   984  1089 W ASH     : @ 11149.730: touch gesture: no valid gesture detected
04-17 04:27:00.116636   984  1089 W ASH     : @ 11149.794: touch gesture: no valid gesture detected
04-17 04:27:00.180826   984  1089 W ASH     : @ 11149.859: touch gesture: no valid gesture detected
04-17 04:27:00.245737   984  1089 W ASH     : @ 11149.923: touch gesture: no valid gesture detected
04-17 04:27:00.309998   984  1089 W ASH     : @ 11149.988: touch gesture: no valid gesture detected
04-17 04:27:00.373729   984  1089 W ASH     : @ 11150.052: touch gesture: no valid gesture detected
04-17 04:27:00.438918   984  1089 W ASH     : @ 11150.117: touch gesture: no valid gesture detected
04-17 04:27:00.503561   984  1089 W ASH     : @ 11150.181: touch gesture: no valid gesture detected
04-17 04:27:00.567723   984  1089 W ASH     : @ 11150.246: touch gesture: no valid gesture detected
04-17 04:27:00.632745   984  1089 W ASH     : @ 11150.310: touch gesture: no valid gesture detected
04-17 04:27:00.696979   984  1089 W ASH     : @ 11150.375: touch gesture: no valid gesture detected
04-17 04:27:00.761263   984  1089 W ASH     : @ 11150.439: touch gesture: no valid gesture detected
04-17 04:27:00.825901   984  1089 W ASH     : @ 11150.504: touch gesture: no valid gesture detected
--------- switch to kernel
04-17 04:27:00.863980     0     0 I         : c1   5371 google_charger: usbchg=USB typec=C usbv=4984 usbc=111 usbMv=5000 usbMc=450
04-17 04:27:00.864172     0     0 I         : c1   5371 sm7250_bms: MSC_PCS chg_state=1c2115f04010009 [0x9:4:1:4447:450] chg=u
04-17 04:27:00.864248     0     0 I         : c1   5371 google_battery: MSC_DIN chg_state=1c2115f04010009 f=0x9 chg_s=Charging chg_t=Taper vchg=4447 icl=450
04-17 04:27:00.865947     0     0 I         : c1   5371 google_battery: MSC_STEADY vt=4430000 vb=4447650 fv_uv=4430000 margin=100000
04-17 04:27:00.865973     0     0 I         : c1   5371 google_battery: hold not defined for msc_state=10
04-17 04:27:00.865998     0     0 I         : c1   5371 google_battery: MSC_RSTC vt=4430000 vb=4447650 fv_uv=4430000 ibatt=-152893 cc_next_max=120000 t_cnt=0
04-17 04:27:00.866014     0     0 I         : c1   5371 google_battery: hold not defined for msc_state=14
04-17 04:27:00.866068     0     0 I         : c1   5371 google_battery: MSC_VOTE msc_state=14 cv_cnt=0 ov_cnt=0 temp_idx:2, vbatt_idx:4  fv_uv=4430000 cc_max=600000 update_interval=2000
04-17 04:27:00.866174     0     0 I         : c1   5371 google_charger: MSC_CHG fv_uv=4430000, cc_max=600000, rerun in 2000 ms (0)
--------- switch to main
04-17 04:27:00.889902   984  1089 W ASH     : @ 11150.568: touch gesture: no valid gesture detected
04-17 04:27:00.955221   984  1089 W ASH     : @ 11150.633: touch gesture: no valid gesture detected
04-17 04:27:01.019274   984  1089 W ASH     : @ 11150.697: touch gesture: no valid gesture detected
04-17 04:27:01.083998   984  1089 W ASH     : @ 11150.762: touch gesture: no valid gesture detected
04-17 04:27:01.148546   984  1089 W ASH     : @ 11150.826: touch gesture: no valid gesture detected
04-17 04:27:01.212828   984  1089 W ASH     : @ 11150.890: touch gesture: no valid gesture detected
04-17 04:27:01.277562   984  1089 W ASH     : @ 11150.955: touch gesture: no valid gesture detected
04-17 04:27:01.341614   984  1089 W ASH     : @ 11151.019: touch gesture: no valid gesture detected
04-17 04:27:01.404760   984  1089 W ASH     : @ 11151.084: touch gesture: no valid gesture detected
04-17 04:27:01.470191   984  1089 W ASH     : @ 11151.148: touch gesture: no valid gesture detected
04-17 04:27:01.535376   984  1089 W ASH     : @ 11151.213: touch gesture: no valid gesture detected
04-17 04:27:01.599587   984  1089 W ASH     : @ 11151.277: touch gesture: no valid gesture detected
04-17 04:27:01.662200   984  1089 W ASH     : @ 11151.341: touch gesture: no valid gesture detected
04-17 04:27:01.728203   984  1089 W ASH     : @ 11151.406: touch gesture: no valid gesture detected
04-17 04:27:01.792586   984  1089 W ASH     : @ 11151.470: touch gesture: no valid gesture detected
04-17 04:27:01.856938   984  1089 W ASH     : @ 11151.535: touch gesture: no valid gesture detected
04-17 04:27:01.921303   984  1089 W ASH     : @ 11151.599: touch gesture: no valid gesture detected
04-17 04:27:01.985952   984  1089 W ASH     : @ 11151.664: touch gesture: no valid gesture detected
04-17 04:27:02.050761   984  1089 W ASH     : @ 11151.728: touch gesture: no valid gesture detected
04-17 04:27:02.115008   984  1089 W ASH     : @ 11151.793: touch gesture: no valid gesture detected
04-17 04:27:02.179318   984  1089 W ASH     : @ 11151.857: touch gesture: no valid gesture detected
04-17 04:27:02.243902   984  1089 W ASH     : @ 11151.922: touch gesture: no valid gesture detected
04-17 04:27:02.308383   984  1089 W ASH     : @ 11151.986: touch gesture: no valid gesture detected
04-17 04:27:02.372831   984  1089 W ASH     : @ 11152.050: touch gesture: no valid gesture detected
04-17 04:27:02.437061   984  1089 W ASH     : @ 11152.115: touch gesture: no valid gesture detected
04-17 04:27:02.501635   984  1089 W ASH     : @ 11152.179: touch gesture: no valid gesture detected
04-17 04:27:02.566006   984  1089 W ASH     : @ 11152.244: touch gesture: no valid gesture detected
04-17 04:27:02.630436   984  1089 W ASH     : @ 11152.308: touch gesture: no valid gesture detected
04-17 04:27:02.695180   984  1089 W ASH     : @ 11152.373: touch gesture: no valid gesture detected
04-17 04:27:02.759799   984  1089 W ASH     : @ 11152.437: touch gesture: no valid gesture detected
04-17 04:27:02.824254   984  1089 W ASH     : @ 11152.502: touch gesture: no valid gesture detected
--------- switch to kernel
04-17 04:27:02.874488     0     0 I         : c1   5371 google_charger: usbchg=USB typec=C usbv=4989 usbc=132 usbMv=5000 usbMc=450
04-17 04:27:02.874654     0     0 I         : c1   5371 sm7250_bms: MSC_PCS chg_state=1c2115f04010009 [0x9:4:1:4447:450] chg=u
04-17 04:27:02.874723     0     0 I         : c1   5371 google_battery: MSC_DIN chg_state=1c2115f04010009 f=0x9 chg_s=Charging chg_t=Taper vchg=4447 icl=450
04-17 04:27:02.876427     0     0 I         : c1   5371 google_battery: MSC_STEADY vt=4430000 vb=4447844 fv_uv=4430000 margin=100000
04-17 04:27:02.876452     0     0 I         : c1   5371 google_battery: hold not defined for msc_state=10
04-17 04:27:02.876478     0     0 I         : c1   5371 google_battery: MSC_RSTC vt=4430000 vb=4447844 fv_uv=4430000 ibatt=-155029 cc_next_max=120000 t_cnt=0
04-17 04:27:02.876494     0     0 I         : c1   5371 google_battery: hold not defined for msc_state=14
04-17 04:27:02.876551     0     0 I         : c1   5371 google_battery: MSC_VOTE msc_state=14 cv_cnt=0 ov_cnt=0 temp_idx:2, vbatt_idx:4  fv_uv=4430000 cc_max=600000 update_interval=2000
04-17 04:27:02.876657     0     0 I         : c1   5371 google_charger: MSC_CHG fv_uv=4430000, cc_max=600000, rerun in 2000 ms (0)
--------- switch to main
04-17 04:27:02.886989   984  1089 W ASH     : @ 11152.566: touch gesture: no valid gesture detected
04-17 04:27:02.953034   984  1089 W ASH     : @ 11152.631: touch gesture: no valid gesture detected
04-17 04:27:03.017402   984  1089 W ASH     : @ 11152.695: touch gesture: no valid gesture detected
04-17 04:27:03.081936   984  1089 W ASH     : @ 11152.760: touch gesture: no valid gesture detected
04-17 04:27:03.146364   984  1089 W ASH     : @ 11152.824: touch gesture: no valid gesture detected
04-17 04:27:03.210701   984  1089 W ASH     : @ 11152.889: touch gesture: no valid gesture detected
04-17 04:27:03.275383   984  1089 W ASH     : @ 11152.953: touch gesture: no valid gesture detected
04-17 04:27:03.339482   984  1089 W ASH     : @ 11153.017: touch gesture: no valid gesture detected
04-17 04:27:03.404300   984  1089 W ASH     : @ 11153.082: touch gesture: no valid gesture detected
04-17 04:27:03.468582   984  1089 W ASH     : @ 11153.146: touch gesture: no valid gesture detected
04-17 04:27:03.532922   984  1089 W ASH     : @ 11153.211: touch gesture: no valid gesture detected
04-17 04:27:03.597520   984  1089 W ASH     : @ 11153.275: touch gesture: no valid gesture detected
04-17 04:27:03.662058   984  1089 W ASH     : @ 11153.340: touch gesture: no valid gesture detected
04-17 04:27:03.726546   984  1089 W ASH     : @ 11153.404: touch gesture: no valid gesture detected
04-17 04:27:03.790814   984  1089 W ASH     : @ 11153.468: touch gesture: no valid gesture detected
04-17 04:27:03.855126   984  1089 W ASH     : @ 11153.533: touch gesture: no valid gesture detected
04-17 04:27:03.919709   984  1089 W ASH     : @ 11153.597: touch gesture: no valid gesture detected
04-17 04:27:03.984020   984  1089 W ASH     : @ 11153.662: touch gesture: no valid gesture detected
04-17 04:27:04.048739   984  1089 W ASH     : @ 11153.726: touch gesture: no valid gesture detected
04-17 04:27:04.113220   984  1089 W ASH     : @ 11153.791: touch gesture: no valid gesture detected
04-17 04:27:04.177266   984  1089 W ASH     : @ 11153.855: touch gesture: no valid gesture detected
04-17 04:27:04.241965   984  1089 W ASH     : @ 11153.920: touch gesture: no valid gesture detected
04-17 04:27:04.306340   984  1089 W ASH     : @ 11153.984: touch gesture: no valid gesture detected
04-17 04:27:04.370721   984  1089 W ASH     : @ 11154.048: touch gesture: no valid gesture detected
04-17 04:27:04.435065   984  1089 W ASH     : @ 11154.113: touch gesture: no valid gesture detected
04-17 04:27:04.499553   984  1089 W ASH     : @ 11154.177: touch gesture: no valid gesture detected
04-17 04:27:04.564342   984  1089 W ASH     : @ 11154.242: touch gesture: no valid gesture detected
04-17 04:27:04.628747   984  1089 W ASH     : @ 11154.306: touch gesture: no valid gesture detected
04-17 04:27:04.693128   984  1089 W ASH     : @ 11154.371: touch gesture: no valid gesture detected
04-17 04:27:04.757431   984  1089 W ASH     : @ 11154.435: touch gesture: no valid gesture detected
04-17 04:27:04.821686   984  1089 W ASH     : @ 11154.499: touch gesture: no valid gesture detected
04-17 04:27:04.886069   984  1089 W ASH     : @ 11154.564: touch gesture: no valid gesture detected
--------- switch to kernel
04-17 04:27:04.891557     0     0 I         : c1   5371 google_charger: usbchg=USB typec=C usbv=4987 usbc=109 usbMv=5000 usbMc=450
04-17 04:27:04.891744     0     0 I         : c1   5371 sm7250_bms: MSC_PCS chg_state=1c2116004010009 [0x9:4:1:4448:450] chg=u
04-17 04:27:04.891816     0     0 I         : c1   5371 google_battery: MSC_DIN chg_state=1c2116004010009 f=0x9 chg_s=Charging chg_t=Taper vchg=4448 icl=450
04-17 04:27:04.893241     0     0 I         : c1   5371 google_battery: MSC_STEADY vt=4430000 vb=4448233 fv_uv=4430000 margin=100000
04-17 04:27:04.893266     0     0 I         : c1   5371 google_battery: hold not defined for msc_state=10
04-17 04:27:04.893292     0     0 I         : c1   5371 google_battery: MSC_RSTC vt=4430000 vb=4448233 fv_uv=4430000 ibatt=-147094 cc_next_max=120000 t_cnt=0
04-17 04:27:04.893308     0     0 I         : c1   5371 google_battery: hold not defined for msc_state=14
04-17 04:27:04.893363     0     0 I         : c1   5371 google_battery: MSC_VOTE msc_state=14 cv_cnt=0 ov_cnt=0 temp_idx:2, vbatt_idx:4  fv_uv=4430000 cc_max=600000 update_interval=2000
04-17 04:27:04.893458     0     0 I         : c1   5371 google_charger: MSC_CHG fv_uv=4430000, cc_max=600000, rerun in 2000 ms (0)
--------- switch to main
04-17 04:27:04.950401   984  1089 W ASH     : @ 11154.628: touch gesture: no valid gesture detected
04-17 04:27:05.015060   984  1089 W ASH     : @ 11154.693: touch gesture: no valid gesture detected
04-17 04:27:05.079317   984  1089 W ASH     : @ 11154.757: touch gesture: no valid gesture detected
04-17 04:27:05.143787   984  1089 W ASH     : @ 11154.821: touch gesture: no valid gesture detected
04-17 04:27:05.208244   984  1089 W ASH     : @ 11154.886: touch gesture: no valid gesture detected
04-17 04:27:05.272531   984  1089 W ASH     : @ 11154.950: touch gesture: no valid gesture detected
04-17 04:27:05.337133   984  1089 W ASH     : @ 11155.015: touch gesture: no valid gesture detected
04-17 04:27:05.401825   984  1089 W ASH     : @ 11155.079: touch gesture: no valid gesture detected
04-17 04:27:05.466130   984  1089 W ASH     : @ 11155.144: touch gesture: no valid gesture detected
04-17 04:27:05.530749   984  1089 W ASH     : @ 11155.208: touch gesture: no valid gesture detected
04-17 04:27:05.595027   984  1089 W ASH     : @ 11155.273: touch gesture: no valid gesture detected
04-17 04:27:05.659636   984  1089 W ASH     : @ 11155.337: touch gesture: no valid gesture detected
04-17 04:27:05.723840   984  1089 W ASH     : @ 11155.402: touch gesture: no valid gesture detected
04-17 04:27:05.788224   984  1089 W ASH     : @ 11155.466: touch gesture: no valid gesture detected
04-17 04:27:05.852569   984  1089 W ASH     : @ 11155.530: touch gesture: no valid gesture detected
04-17 04:27:05.916993   984  1089 W ASH     : @ 11155.595: touch gesture: no valid gesture detected
04-17 04:27:05.981642   984  1089 W ASH     : @ 11155.659: touch gesture: no valid gesture detected
04-17 04:27:06.044781   984  1089 W ASH     : @ 11155.723: touch gesture: no valid gesture detected
04-17 04:27:06.110511   984  1089 W ASH     : @ 11155.788: touch gesture: no valid gesture detected
04-17 04:27:06.174331   984  1089 W ASH     : @ 11155.852: touch gesture: no valid gesture detected
04-17 04:27:06.238933   984  1089 W ASH     : @ 11155.917: touch gesture: no valid gesture detected
04-17 04:27:06.303413   984  1089 W ASH     : @ 11155.981: touch gesture: no valid gesture detected
04-17 04:27:06.367734   984  1089 W ASH     : @ 11156.046: touch gesture: no valid gesture detected
04-17 04:27:06.432305   984  1089 W ASH     : @ 11156.110: touch gesture: no valid gesture detected
04-17 04:27:06.496628   984  1089 W ASH     : @ 11156.174: touch gesture: no valid gesture detected
04-17 04:27:06.561177   984  1089 W ASH     : @ 11156.239: touch gesture: no valid gesture detected
04-17 04:27:06.625547   984  1089 W ASH     : @ 11156.303: touch gesture: no valid gesture detected
04-17 04:27:06.689828   984  1089 W ASH     : @ 11156.367: touch gesture: no valid gesture detected
04-17 04:27:06.754928   984  1089 W ASH     : @ 11156.432: touch gesture: no valid gesture detected
04-17 04:27:06.819048   984  1089 W ASH     : @ 11156.497: touch gesture: no valid gesture detected
04-17 04:27:06.882757   984  1089 W ASH     : @ 11156.561: touch gesture: no valid gesture detected
--------- switch to kernel
04-17 04:27:06.897418     0     0 I         : c1   5371 google_charger: usbchg=USB typec=C usbv=4997 usbc=104 usbMv=5000 usbMc=450
04-17 04:27:06.897599     0     0 I         : c1   5371 sm7250_bms: MSC_PCS chg_state=1c2116004010009 [0x9:4:1:4448:450] chg=u
04-17 04:27:06.897658     0     0 I         : c1   5371 google_battery: MSC_DIN chg_state=1c2116004010009 f=0x9 chg_s=Charging chg_t=Taper vchg=4448 icl=450
04-17 04:27:06.898793     0     0 I         : c1   5371 google_battery: MSC_STEADY vt=4430000 vb=4448623 fv_uv=4430000 margin=100000
04-17 04:27:06.898817     0     0 I         : c1   5371 google_battery: hold not defined for msc_state=10
04-17 04:27:06.898840     0     0 I         : c1   5371 google_battery: MSC_RSTC vt=4430000 vb=4448623 fv_uv=4430000 ibatt=-149231 cc_next_max=120000 t_cnt=0
04-17 04:27:06.898856     0     0 I         : c1   5371 google_battery: hold not defined for msc_state=14
04-17 04:27:06.898912     0     0 I         : c1   5371 google_battery: MSC_VOTE msc_state=14 cv_cnt=0 ov_cnt=0 temp_idx:2, vbatt_idx:4  fv_uv=4430000 cc_max=600000 update_interval=2000
04-17 04:27:06.898992     0     0 I         : c1   5371 google_charger: MSC_CHG fv_uv=4430000, cc_max=600000, rerun in 2000 ms (0)
--------- switch to main
04-17 04:27:06.947712   984  1089 W ASH     : @ 11156.625: touch gesture: no valid gesture detected
04-17 04:27:07.011860   984  1089 W ASH     : @ 11156.690: touch gesture: no valid gesture detected
04-17 04:27:07.075862   984  1089 W ASH     : @ 11156.754: touch gesture: no valid gesture detected
04-17 04:27:07.141231   984  1089 W ASH     : @ 11156.819: touch gesture: no valid gesture detected
04-17 04:27:07.205671   984  1089 W ASH     : @ 11156.883: touch gesture: no valid gesture detected
04-17 04:27:07.269772   984  1089 W ASH     : @ 11156.947: touch gesture: no valid gesture detected
04-17 04:27:07.333903   984  1089 W ASH     : @ 11157.012: touch gesture: no valid gesture detected
04-17 04:27:07.398647   984  1089 W ASH     : @ 11157.076: touch gesture: no valid gesture detected
04-17 04:27:07.462381   984  1089 W ASH     : @ 11157.140: touch gesture: no valid gesture detected
04-17 04:27:07.527566   984  1089 W ASH     : @ 11157.205: touch gesture: no valid gesture detected
04-17 04:27:07.592155   984  1089 W ASH     : @ 11157.270: touch gesture: no valid gesture detected
04-17 04:27:07.656298   984  1089 W ASH     : @ 11157.334: touch gesture: no valid gesture detected
04-17 04:27:07.720689   984  1089 W ASH     : @ 11157.398: touch gesture: no valid gesture detected
04-17 04:27:07.785121   984  1089 W ASH     : @ 11157.463: touch gesture: no valid gesture detected
04-17 04:27:07.849669   984  1089 W ASH     : @ 11157.527: touch gesture: no valid gesture detected
04-17 04:27:07.914486   984  1089 W ASH     : @ 11157.592: touch gesture: no valid gesture detected
04-17 04:27:07.979012   984  1089 W ASH     : @ 11157.656: touch gesture: no valid gesture detected
04-17 04:27:08.043317   984  1089 W ASH     : @ 11157.721: touch gesture: no valid gesture detected
04-17 04:27:08.107559   984  1089 W ASH     : @ 11157.785: touch gesture: no valid gesture detected
04-17 04:27:08.172314   984  1089 W ASH     : @ 11157.850: touch gesture: no valid gesture detected
04-17 04:27:08.236485   984  1089 W ASH     : @ 11157.914: touch gesture: no valid gesture detected
04-17 04:27:08.301089   984  1089 W ASH     : @ 11157.979: touch gesture: no valid gesture detected
04-17 04:27:08.365392   984  1089 W ASH     : @ 11158.043: touch gesture: no valid gesture detected
04-17 04:27:08.429977   984  1089 W ASH     : @ 11158.108: touch gesture: no valid gesture detected
04-17 04:27:08.494498   984  1089 W ASH     : @ 11158.172: touch gesture: no valid gesture detected
04-17 04:27:08.558710   984  1089 W ASH     : @ 11158.237: touch gesture: no valid gesture detected
04-17 04:27:08.623504   984  1089 W ASH     : @ 11158.301: touch gesture: no valid gesture detected
04-17 04:27:08.687917   984  1089 W ASH     : @ 11158.366: touch gesture: no valid gesture detected
04-17 04:27:08.752649   984  1089 W ASH     : @ 11158.430: touch gesture: no valid gesture detected
04-17 04:27:08.816994   984  1089 W ASH     : @ 11158.495: touch gesture: no valid gesture detected
04-17 04:27:08.881599   984  1089 W ASH     : @ 11158.559: touch gesture: no valid gesture detected
--------- switch to kernel
04-17 04:27:08.907468     0     0 I         : c1   5371 google_charger: usbchg=USB typec=C usbv=4974 usbc=116 usbMv=5000 usbMc=450
04-17 04:27:08.907657     0     0 I         : c1   5371 sm7250_bms: MSC_PCS chg_state=1c2115f04010009 [0x9:4:1:4447:450] chg=u
04-17 04:27:08.907734     0     0 I         : c1   5371 google_battery: MSC_DIN chg_state=1c2115f04010009 f=0x9 chg_s=Charging chg_t=Taper vchg=4447 icl=450
04-17 04:27:08.909436     0     0 I         : c1   5371 google_battery: MSC_STEADY vt=4430000 vb=4447455 fv_uv=4430000 margin=100000
04-17 04:27:08.909462     0     0 I         : c1   5371 google_battery: hold not defined for msc_state=10
04-17 04:27:08.909485     0     0 I         : c1   5371 google_battery: MSC_RSTC vt=4430000 vb=4447455 fv_uv=4430000 ibatt=-148925 cc_next_max=120000 t_cnt=0
04-17 04:27:08.909502     0     0 I         : c1   5371 google_battery: hold not defined for msc_state=14
04-17 04:27:08.909557     0     0 I         : c1   5371 google_battery: MSC_VOTE msc_state=14 cv_cnt=0 ov_cnt=0 temp_idx:2, vbatt_idx:4  fv_uv=4430000 cc_max=600000 update_interval=2000
04-17 04:27:08.909659     0     0 I         : c1   5371 google_charger: MSC_CHG fv_uv=4430000, cc_max=600000, rerun in 2000 ms (0)
--------- switch to main
04-17 04:27:08.946004   984  1089 W ASH     : @ 11158.624: touch gesture: no valid gesture detected
04-17 04:27:09.010446   984  1089 W ASH     : @ 11158.688: touch gesture: no valid gesture detected
04-17 04:27:09.075019   984  1089 W ASH     : @ 11158.753: touch gesture: no valid gesture detected
04-17 04:27:09.138256   984  1089 W ASH     : @ 11158.817: touch gesture: no valid gesture detected
04-17 04:27:09.203691   984  1089 W ASH     : @ 11158.882: touch gesture: no valid gesture detected
04-17 04:27:09.268505   984  1089 W ASH     : @ 11158.946: touch gesture: no valid gesture detected
04-17 04:27:09.333127   984  1089 W ASH     : @ 11159.011: touch gesture: no valid gesture detected
04-17 04:27:09.397455   984  1089 W ASH     : @ 11159.075: touch gesture: no valid gesture detected
04-17 04:27:09.461745   984  1089 W ASH     : @ 11159.140: touch gesture: no valid gesture detected
04-17 04:27:09.526526   984  1089 W ASH     : @ 11159.204: touch gesture: no valid gesture detected
04-17 04:27:09.590953   984  1089 W ASH     : @ 11159.269: touch gesture: no valid gesture detected
04-17 04:27:09.655295   984  1089 W ASH     : @ 11159.333: touch gesture: no valid gesture detected
04-17 04:27:09.719488   984  1089 W ASH     : @ 11159.398: touch gesture: no valid gesture detected
04-17 04:27:09.784277   984  1089 W ASH     : @ 11159.462: touch gesture: no valid gesture detected
04-17 04:27:09.848926   984  1089 W ASH     : @ 11159.526: touch gesture: no valid gesture detected
04-17 04:27:09.913279   984  1089 W ASH     : @ 11159.591: touch gesture: no valid gesture detected
04-17 04:27:09.977797   984  1089 W ASH     : @ 11159.655: touch gesture: no valid gesture detected
04-17 04:27:10.042329   984  1089 W ASH     : @ 11159.720: touch gesture: no valid gesture detected
04-17 04:27:10.106438   984  1089 W ASH     : @ 11159.784: touch gesture: no valid gesture detected
04-17 04:27:10.171243   984  1089 W ASH     : @ 11159.849: touch gesture: no valid gesture detected
04-17 04:27:10.235596   984  1089 W ASH     : @ 11159.913: touch gesture: no valid gesture detected
04-17 04:27:10.299969   984  1089 W ASH     : @ 11159.978: touch gesture: no valid gesture detected
04-17 04:27:10.364778   984  1089 W ASH     : @ 11160.042: touch gesture: no valid gesture detected
04-17 04:27:10.429401   984  1089 W ASH     : @ 11160.107: touch gesture: no valid gesture detected
04-17 04:27:10.493889   984  1089 W ASH     : @ 11160.171: touch gesture: no valid gesture detected
04-17 04:27:10.558228   984  1089 W ASH     : @ 11160.236: touch gesture: no valid gesture detected
04-17 04:27:10.622555   984  1089 W ASH     : @ 11160.300: touch gesture: no valid gesture detected
04-17 04:27:10.687207   984  1089 W ASH     : @ 11160.365: touch gesture: no valid gesture detected
04-17 04:27:10.751700   984  1089 W ASH     : @ 11160.429: touch gesture: no valid gesture detected
04-17 04:27:10.816251   984  1089 W ASH     : @ 11160.494: touch gesture: no valid gesture detected
04-17 04:27:10.880405   984  1089 W ASH     : @ 11160.558: touch gesture: no valid gesture detected
--------- switch to kernel
04-17 04:27:10.918572     0     0 I         : c1   5371 google_charger: usbchg=USB typec=C usbv=4983 usbc=125 usbMv=5000 usbMc=450
04-17 04:27:10.918766     0     0 I         : c1   5371 sm7250_bms: MSC_PCS chg_state=1c2115f04010009 [0x9:4:1:4447:450] chg=u
04-17 04:27:10.918846     0     0 I         : c1   5371 google_battery: MSC_DIN chg_state=1c2115f04010009 f=0x9 chg_s=Charging chg_t=Taper vchg=4447 icl=450
04-17 04:27:10.920648     0     0 I         : c1   5371 google_battery: MSC_STEADY vt=4430000 vb=4447066 fv_uv=4430000 margin=100000
04-17 04:27:10.920675     0     0 I         : c1   5371 google_battery: hold not defined for msc_state=10
04-17 04:27:10.920698     0     0 I         : c1   5371 google_battery: MSC_RSTC vt=4430000 vb=4447066 fv_uv=4430000 ibatt=-146789 cc_next_max=120000 t_cnt=0
04-17 04:27:10.920715     0     0 I         : c1   5371 google_battery: hold not defined for msc_state=14
04-17 04:27:10.920769     0     0 I         : c1   5371 google_battery: MSC_VOTE msc_state=14 cv_cnt=0 ov_cnt=0 temp_idx:2, vbatt_idx:4  fv_uv=4430000 cc_max=600000 update_interval=2000
04-17 04:27:10.920877     0     0 I         : c1   5371 google_charger: MSC_CHG fv_uv=4430000, cc_max=600000, rerun in 2000 ms (0)
--------- switch to main
04-17 04:27:10.944065   984  1089 W ASH     : @ 11160.623: touch gesture: no valid gesture detected
04-17 04:27:11.009704   984  1089 W ASH     : @ 11160.687: touch gesture: no valid gesture detected
04-17 04:27:11.073909   984  1089 W ASH     : @ 11160.752: touch gesture: no valid gesture detected
04-17 04:27:11.138967   984  1089 W ASH     : @ 11160.816: touch gesture: no valid gesture detected
04-17 04:27:11.203093   984  1089 W ASH     : @ 11160.881: touch gesture: no valid gesture detected
04-17 04:27:11.267665   984  1089 W ASH     : @ 11160.945: touch gesture: no valid gesture detected
04-17 04:27:11.331978   984  1089 W ASH     : @ 11161.010: touch gesture: no valid gesture detected
04-17 04:27:11.396452   984  1089 W ASH     : @ 11161.074: touch gesture: no valid gesture detected
04-17 04:27:11.460971   984  1089 W ASH     : @ 11161.139: touch gesture: no valid gesture detected
04-17 04:27:11.525109   984  1089 W ASH     : @ 11161.203: touch gesture: no valid gesture detected
04-17 04:27:11.589836   984  1089 W ASH     : @ 11161.267: touch gesture: no valid gesture detected
04-17 04:27:11.655079   984  1089 W ASH     : @ 11161.332: touch gesture: no valid gesture detected
04-17 04:27:11.719201   984  1089 W ASH     : @ 11161.396: touch gesture: no valid gesture detected
04-17 04:27:11.783095   984  1089 W ASH     : @ 11161.461: touch gesture: no valid gesture detected
04-17 04:27:11.847345   984  1089 W ASH     : @ 11161.525: touch gesture: no valid gesture detected
04-17 04:27:11.910676   984  1089 W ASH     : @ 11161.590: touch gesture: no valid gesture detected
04-17 04:27:11.976412   984  1089 W ASH     : @ 11161.654: touch gesture: no valid gesture detected
04-17 04:27:12.040613   984  1089 W ASH     : @ 11161.718: touch gesture: no valid gesture detected
04-17 04:27:12.105141   984  1089 W ASH     : @ 11161.783: touch gesture: no valid gesture detected
04-17 04:27:12.169736   984  1089 W ASH     : @ 11161.847: touch gesture: no valid gesture detected
04-17 04:27:12.234002   984  1089 W ASH     : @ 11161.912: touch gesture: no valid gesture detected
04-17 04:27:12.298360   984  1089 W ASH     : @ 11161.976: touch gesture: no valid gesture detected
04-17 04:27:12.362957   984  1089 W ASH     : @ 11162.041: touch gesture: no valid gesture detected
04-17 04:27:12.427317   984  1089 W ASH     : @ 11162.105: touch gesture: no valid gesture detected
04-17 04:27:12.491692   984  1089 W ASH     : @ 11162.169: touch gesture: no valid gesture detected
04-17 04:27:12.555940   984  1089 W ASH     : @ 11162.234: touch gesture: no valid gesture detected
04-17 04:27:12.620579   984  1089 W ASH     : @ 11162.298: touch gesture: no valid gesture detected
04-17 04:27:12.685248   984  1089 W ASH     : @ 11162.363: touch gesture: no valid gesture detected
04-17 04:27:12.749419   984  1089 W ASH     : @ 11162.427: touch gesture: no valid gesture detected
04-17 04:27:12.813774   984  1089 W ASH     : @ 11162.491: touch gesture: no valid gesture detected
04-17 04:27:12.876932   984  1089 W ASH     : @ 11162.556: touch gesture: no valid gesture detected
--------- switch to kernel
04-17 04:27:12.930458     0     0 I         : c1   5371 google_charger: usbchg=USB typec=C usbv=4986 usbc=129 usbMv=5000 usbMc=450
04-17 04:27:12.930657     0     0 I         : c1   5371 sm7250_bms: MSC_PCS chg_state=1c2116004010009 [0x9:4:1:4448:450] chg=u
04-17 04:27:12.930736     0     0 I         : c1   5371 google_battery: MSC_DIN chg_state=1c2116004010009 f=0x9 chg_s=Charging chg_t=Taper vchg=4448 icl=450
04-17 04:27:12.932484     0     0 I         : c1   5371 google_battery: MSC_STEADY vt=4430000 vb=4448233 fv_uv=4430000 margin=100000
04-17 04:27:12.932512     0     0 I         : c1   5371 google_battery: hold not defined for msc_state=10
04-17 04:27:12.932537     0     0 I         : c1   5371 google_battery: MSC_RSTC vt=4430000 vb=4448233 fv_uv=4430000 ibatt=-149231 cc_next_max=120000 t_cnt=0
04-17 04:27:12.932553     0     0 I         : c1   5371 google_battery: hold not defined for msc_state=14
04-17 04:27:12.932609     0     0 I         : c1   5371 google_battery: MSC_VOTE msc_state=14 cv_cnt=0 ov_cnt=0 temp_idx:2, vbatt_idx:4  fv_uv=4430000 cc_max=600000 update_interval=2000
04-17 04:27:12.932715     0     0 I         : c1   5371 google_charger: MSC_CHG fv_uv=4430000, cc_max=600000, rerun in 2000 ms (0)
--------- switch to main
04-17 04:27:12.941636   984  1089 W ASH     : @ 11162.620: touch gesture: no valid gesture detected
04-17 04:27:13.006888   984  1089 W ASH     : @ 11162.685: touch gesture: no valid gesture detected
04-17 04:27:13.071886   984  1089 W ASH     : @ 11162.749: touch gesture: no valid gesture detected
04-17 04:27:13.135785   984  1089 W ASH     : @ 11162.813: touch gesture: no valid gesture detected
04-17 04:27:13.199925   984  1089 W ASH     : @ 11162.878: touch gesture: no valid gesture detected
04-17 04:27:13.264892   984  1089 W ASH     : @ 11162.942: touch gesture: no valid gesture detected
04-17 04:27:13.329117   984  1089 W ASH     : @ 11163.007: touch gesture: no valid gesture detected
04-17 04:27:13.393555   984  1089 W ASH     : @ 11163.071: touch gesture: no valid gesture detected
04-17 04:27:13.457823   984  1089 W ASH     : @ 11163.136: touch gesture: no valid gesture detected
04-17 04:27:13.522260   984  1089 W ASH     : @ 11163.200: touch gesture: no valid gesture detected
04-17 04:27:13.586694   984  1089 W ASH     : @ 11163.264: touch gesture: no valid gesture detected
04-17 04:27:13.651102   984  1089 W ASH     : @ 11163.329: touch gesture: no valid gesture detected
04-17 04:27:13.715838   984  1089 W ASH     : @ 11163.393: touch gesture: no valid gesture detected
04-17 04:27:13.780307   984  1089 W ASH     : @ 11163.458: touch gesture: no valid gesture detected
04-17 04:27:13.844888   984  1089 W ASH     : @ 11163.522: touch gesture: no valid gesture detected
04-17 04:27:13.909358   984  1089 W ASH     : @ 11163.587: touch gesture: no valid gesture detected
04-17 04:27:13.973633   984  1089 W ASH     : @ 11163.651: touch gesture: no valid gesture detected
04-17 04:27:14.038238   984  1089 W ASH     : @ 11163.716: touch gesture: no valid gesture detected
04-17 04:27:14.102425   984  1089 W ASH     : @ 11163.780: touch gesture: no valid gesture detected
04-17 04:27:14.167100   984  1089 W ASH     : @ 11163.845: touch gesture: no valid gesture detected
04-17 04:27:14.231734   984  1089 W ASH     : @ 11163.909: touch gesture: no valid gesture detected
04-17 04:27:14.295795   984  1089 W ASH     : @ 11163.974: touch gesture: no valid gesture detected
04-17 04:27:14.360560   984  1089 W ASH     : @ 11164.038: touch gesture: no valid gesture detected
04-17 04:27:14.425041   984  1089 W ASH     : @ 11164.103: touch gesture: no valid gesture detected
04-17 04:27:14.489545   984  1089 W ASH     : @ 11164.167: touch gesture: no valid gesture detected
04-17 04:27:14.553559   984  1089 W ASH     : @ 11164.231: touch gesture: no valid gesture detected
04-17 04:27:14.617974   984  1089 W ASH     : @ 11164.296: touch gesture: no valid gesture detected
04-17 04:27:14.682452   984  1089 W ASH     : @ 11164.360: touch gesture: no valid gesture detected
04-17 04:27:14.746765   984  1089 W ASH     : @ 11164.424: touch gesture: no valid gesture detected
04-17 04:27:14.810998   984  1089 W ASH     : @ 11164.489: touch gesture: no valid gesture detected
04-17 04:27:14.875535   984  1089 W ASH     : @ 11164.553: touch gesture: no valid gesture detected
04-17 04:27:14.939015   984  1089 W ASH     : @ 11164.618: touch gesture: no valid gesture detected
--------- switch to kernel
04-17 04:27:14.939051     0     0 I         : c1   5371 google_charger: usbchg=USB typec=C usbv=4977 usbc=146 usbMv=5000 usbMc=450
04-17 04:27:14.939228     0     0 I         : c1   5371 sm7250_bms: MSC_PCS chg_state=1c2115f04010009 [0x9:4:1:4447:450] chg=u
04-17 04:27:14.939286     0     0 I         : c1   5371 google_battery: MSC_DIN chg_state=1c2115f04010009 f=0x9 chg_s=Charging chg_t=Taper vchg=4447 icl=450
04-17 04:27:14.941084     0     0 I         : c1   5371 google_battery: MSC_STEADY vt=4430000 vb=4447844 fv_uv=4430000 margin=100000
04-17 04:27:14.941111     0     0 I         : c1   5371 google_battery: hold not defined for msc_state=10
04-17 04:27:14.941136     0     0 I         : c1   5371 google_battery: MSC_RSTC vt=4430000 vb=4447844 fv_uv=4430000 ibatt=-148620 cc_next_max=120000 t_cnt=0
04-17 04:27:14.941152     0     0 I         : c1   5371 google_battery: hold not defined for msc_state=14
04-17 04:27:14.941318     0     0 I         : c1   5371 google_battery: MSC_VOTE msc_state=14 cv_cnt=0 ov_cnt=0 temp_idx:2, vbatt_idx:4  fv_uv=4430000 cc_max=600000 update_interval=2000
04-17 04:27:14.941413     0     0 I         : c1   5371 google_charger: MSC_CHG fv_uv=4430000, cc_max=600000, rerun in 2000 ms (0)
--------- switch to main
04-17 04:27:15.004014   984  1089 W ASH     : @ 11164.682: touch gesture: no valid gesture detected
04-17 04:27:15.068768   984  1089 W ASH     : @ 11164.746: touch gesture: no valid gesture detected
04-17 04:27:15.132997   984  1089 W ASH     : @ 11164.811: touch gesture: no valid gesture detected
04-17 04:27:15.197377   984  1089 W ASH     : @ 11164.875: touch gesture: no valid gesture detected
04-17 04:27:15.261763   984  1089 W ASH     : @ 11164.940: touch gesture: no valid gesture detected
04-17 04:27:15.326337   984  1089 W ASH     : @ 11165.004: touch gesture: no valid gesture detected
04-17 04:27:15.389497   984  1089 W ASH     : @ 11165.068: touch gesture: no valid gesture detected
04-17 04:27:15.455195   984  1089 W ASH     : @ 11165.133: touch gesture: no valid gesture detected
04-17 04:27:15.518141   984  1089 W ASH     : @ 11165.197: touch gesture: no valid gesture detected
04-17 04:27:15.584441   984  1089 W ASH     : @ 11165.262: touch gesture: no valid gesture detected
04-17 04:27:15.648491   984  1089 W ASH     : @ 11165.326: touch gesture: no valid gesture detected
04-17 04:27:15.712782   984  1089 W ASH     : @ 11165.391: touch gesture: no valid gesture detected
04-17 04:27:15.777469   984  1089 W ASH     : @ 11165.455: touch gesture: no valid gesture detected
04-17 04:27:15.841866   984  1089 W ASH     : @ 11165.519: touch gesture: no valid gesture detected
04-17 04:27:15.906101   984  1089 W ASH     : @ 11165.584: touch gesture: no valid gesture detected
04-17 04:27:15.970884   984  1089 W ASH     : @ 11165.648: touch gesture: no valid gesture detected
04-17 04:27:16.035803   984  1089 W ASH     : @ 11165.713: touch gesture: no valid gesture detected
04-17 04:27:16.099644   984  1089 W ASH     : @ 11165.777: touch gesture: no valid gesture detected
04-17 04:27:16.164234   984  1089 W ASH     : @ 11165.842: touch gesture: no valid gesture detected
04-17 04:27:16.228689   984  1089 W ASH     : @ 11165.906: touch gesture: no valid gesture detected
04-17 04:27:16.293806   984  1089 W ASH     : @ 11165.971: touch gesture: no valid gesture detected
04-17 04:27:16.357764   984  1089 W ASH     : @ 11166.035: touch gesture: no valid gesture detected
04-17 04:27:16.422206   984  1089 W ASH     : @ 11166.100: touch gesture: no valid gesture detected
04-17 04:27:16.486606   984  1089 W ASH     : @ 11166.164: touch gesture: no valid gesture detected
04-17 04:27:16.551537   984  1089 W ASH     : @ 11166.229: touch gesture: no valid gesture detected
04-17 04:27:16.615874   984  1089 W ASH     : @ 11166.294: touch gesture: no valid gesture detected
04-17 04:27:16.680241   984  1089 W ASH     : @ 11166.358: touch gesture: no valid gesture detected
04-17 04:27:16.744862   984  1089 W ASH     : @ 11166.423: touch gesture: no valid gesture detected
04-17 04:27:16.809293   984  1089 W ASH     : @ 11166.487: touch gesture: no valid gesture detected
04-17 04:27:16.873795   984  1089 W ASH     : @ 11166.551: touch gesture: no valid gesture detected
04-17 04:27:16.938841   984  1089 W ASH     : @ 11166.616: touch gesture: no valid gesture detected
--------- switch to kernel
04-17 04:27:16.945983     0     0 I         : c1   5371 google_charger: usbchg=USB typec=C usbv=4994 usbc=96 usbMv=5000 usbMc=450
04-17 04:27:16.946170     0     0 I         : c1   5371 sm7250_bms: MSC_PCS chg_state=1c2115f04010009 [0x9:4:1:4447:450] chg=u
04-17 04:27:16.946235     0     0 I         : c1   5371 google_battery: MSC_DIN chg_state=1c2115f04010009 f=0x9 chg_s=Charging chg_t=Taper vchg=4447 icl=450
04-17 04:27:16.947399     0     0 I         : c1   5371 google_battery: MSC_STEADY vt=4430000 vb=4447650 fv_uv=4430000 margin=100000
04-17 04:27:16.947447     0     0 I         : c1   5371 google_battery: hold not defined for msc_state=10
