04-17 13:43:52.317600  3735  3800 W MediaProvider: 	at android.os.Binder.execTransactInternal(Binder.java:1184)
04-17 13:43:52.317600  3735  3800 W MediaProvider: 	at android.os.Binder.execTransact(Binder.java:1143)
04-17 13:43:52.318424  1251  1308 D NuPlayerDriver: NuPlayerDriver(0xf4601870) created, clientPid(2608)
04-17 13:43:52.325263  1251  9260 D GenericSource: FileSource remote
04-17 13:43:52.332224  2608  2608 D Ringtone: Successfully created local player
04-17 13:43:52.368853   971  1076 D VSC     : @ 1243.242: [Gravity Sensor] Stop accel
04-17 13:43:52.369100   971  1076 D VSC     : @ 1243.242: [Gravity Sensor] Stop gyro
04-17 13:43:52.371831  9207  9207 I adbd    : UsbFfs: already offline
04-17 13:43:52.372133  9207  9207 I adbd    : authentication not required
04-17 13:43:52.425906  9264  9264 D ProcessState: Binder ioctl to enable oneway spam detection failed: Invalid argument
--------- switch to kernel
04-17 13:43:52.425698     0     0 I         : c3   9264 binder: 9264:9264 ioctl 40046210 7fdfc6a944 returned -22
--------- switch to events
04-17 13:43:52.436000  9264  9264 I auditd  : type=1400 audit(0.0:4): avc: denied { getattr } for comm="remount" name="/" dev="sda12" ino=1 scontext=u:r:su:s0 tcontext=u:object_r:firmware_file:s0 tclass=filesystem permissive=1
--------- switch to main
04-17 13:43:52.436000  9264  9264 I remount : type=1400 audit(0.0:4): avc: denied { getattr } for name="/" dev="sda12" ino=1 scontext=u:r:su:s0 tcontext=u:object_r:firmware_file:s0 tclass=filesystem permissive=1
04-17 13:43:52.448222   971  1076 D ASH     : @ 1243.321: SensorType 195 resampler quality 2
--------- switch to kernel
04-17 13:43:52.476104     0     0 I         : c5    576 logd: logdr: UID=0 GID=0 PID=9268 b tail=0 logMask=99 pid=0 start=0ns deadline=0ns
--------- switch to main
04-17 13:43:52.599073   971  2667 I sensors-hal: [ssc_utils]get_qmi_debug_flag:243, support_qmi_debug : false
04-17 13:43:52.655530   971  2667 I sensors-hal: [ssc_utils]get_qmi_debug_flag:243, support_qmi_debug : false
--------- switch to kernel
04-17 13:43:52.723331     0     0 W         : c4    960 healthd: battery l=100 v=4411 t=23.2 h=2 st=2 c=77209 fc=3349000 cc=353 chg=u
--------- switch to main
04-17 13:43:52.734342   935   935 I netd    : firewallReplaceUidChain(fw_standby, false, []) -> {true} <0.07ms>
--------- switch to radio
04-17 13:43:52.738123  3140  3140 D RILJ    : [0210]> SEND_DEVICE_STATE 1:true [PHONE0]
04-17 13:43:52.739645  3140  3275 D RILJ    : [0210]< SEND_DEVICE_STATE  [PHONE0]
04-17 13:43:52.741466  3140  3140 D RILJ    : [0211]> SEND_DEVICE_STATE 1:true [PHONE1]
04-17 13:43:52.742902  3140  3275 D RILJ    : [0211]< SEND_DEVICE_STATE  [PHONE1]
--------- switch to main
04-17 13:43:53.015207  2608  2815 D WifiNl80211Manager: Scan result ready event
04-17 13:43:53.015468  2608  2815 D WifiNative: Scan result ready event
04-17 13:43:53.016177  1347  3469 I LOWI-9.0.0.89: [LOWI-Scan] lowi_close_record:Scan done in 1211643ms, 10 APs in scan results
04-17 13:43:53.199791   971  2667 I sensors-hal: [ssc_utils]get_qmi_debug_flag:243, support_qmi_debug : false
--------- switch to kernel
04-17 13:43:54.672312     0     0 I         : c0    836 sec_ts spi0.0: [sec_input] sec_ts_populate_mutual_channel: ms_frame_type change from 0xff
04-17 13:43:54.673168     0     0 I         : c0    836 sec_ts spi0.0: [sec_input] sec_ts_populate_self_channel: ss_frame_type change from 0xff
--------- switch to events
04-17 13:43:54.674774  2608  2767 I input_interaction: Interaction with: 6098470 NotificationShade (server), PointerEventDispatcher0 (server), 
--------- switch to main
04-17 13:43:54.679698   971  2667 I sensors-hal: [ssc_utils]get_qmi_debug_flag:243, support_qmi_debug : false
--------- switch to events
04-17 13:43:54.693550  2915  2915 I sysui_multi_action: [757,188,758,4,826,0,827,0]
04-17 13:43:54.693736  2915  2915 I sysui_lockscreen_gesture: [3,0,0]
--------- switch to main
04-17 13:43:54.794623  2915  2915 I FalsingManager: {belief=0.8903552200121156 confidence=1.0}
04-17 13:43:55.575665   971  2667 I sensors-hal: [ssc_utils]get_qmi_debug_flag:243, support_qmi_debug : false
04-17 13:43:56.233085   971  2667 I sensors-hal: [ssc_utils]get_qmi_debug_flag:243, support_qmi_debug : false
--------- switch to events
04-17 13:43:56.265451  2915  2915 I sysui_multi_action: [757,188,758,4,826,0,827,0]
04-17 13:43:56.265650  2915  2915 I sysui_lockscreen_gesture: [3,0,0]
--------- switch to main
04-17 13:43:56.339114  2915  2915 I FalsingManager: {belief=0.9660000104496529 confidence=1.0}
04-17 13:43:56.342268  2915  2915 D StatusBar: disable<e i a s b H R c s > disable2<q i n >
04-17 13:43:56.342978  2915  2915 D StatusBar: disable<e i a s b H R c s > disable2<q i n >
04-17 13:43:56.346021  2915  2915 I FalsingManager: Triggering False Event (Threshold: 0.9)
04-17 13:43:57.018655   971  2667 I sensors-hal: [ssc_utils]get_qmi_debug_flag:243, support_qmi_debug : false
04-17 13:43:57.236209   985  1032 D rlsservice: MonitorDisplayStatus client num 1, display status 1, sensor status 0
04-17 13:43:58.217950   971  2667 I sensors-hal: [ssc_utils]get_qmi_debug_flag:243, support_qmi_debug : false
04-17 13:43:58.231461   636   697 I SDM     : HWDeviceDRM::UpdateMixerAttributes: Mixer WxH 1080x2340-1 for Peripheral
04-17 13:43:58.231606   636   697 I SDM     : DisplayBase::SetActiveConfig: Active configuration changed to: 0
04-17 13:43:58.231782   636   697 I SDM     : StrategyImpl::SetIdleTimeoutMs: Idle timeout set to zero for command mode panels
--------- switch to kernel
04-17 13:43:58.235433     0     0 I         : c2    513 [drm:dsi_display_set_mode [msm_drm]] [msm-dsi-info]: mdp_transfer_time_us=14000 us
04-17 13:43:58.235598     0     0 I         : c2    513 [drm:dsi_display_set_mode [msm_drm]] [msm-dsi-info]: hactive= 1080,vactive= 2340,fps=60
--------- switch to main
04-17 13:43:58.237404   971  2667 I sensors-hal: [ssc_utils]get_qmi_debug_flag:243, support_qmi_debug : false
--------- switch to system
04-17 13:43:58.238970  2608  2685 I DisplayDeviceRepository: Display device changed: DisplayDeviceInfo{"Built-in Screen": uniqueId="local:4630946523002478721", 1080 x 2340, modeId 1, defaultModeId 1, supportedModes [{id=1, width=1080, height=2340, fps=60.000004, alternativeRefreshRates=[90.0]}, {id=2, width=1080, height=2340, fps=90.0, alternativeRefreshRates=[60.000004]}], colorMode 0, supportedColorModes [0, 7, 9], hdrCapabilities HdrCapabilities{mSupportedHdrTypes=[2, 3], mMaxLuminance=500.0, mMaxAverageLuminance=500.0, mMinLuminance=0.0}, allmSupported false, gameContentTypeSupported false, density 440, 435.428 x 433.839 dpi, appVsyncOff 2333332, presDeadline 11500000, cutout DisplayCutout{insets=Rect(0, 136 - 0, 0) waterfall=Insets{left=0, top=0, right=0, bottom=0} boundingRect={Bounds=[Rect(0, 0 - 0, 0), Rect(0, 0 - 136, 136), Rect(0, 0 - 0, 0), Rect(0, 0 - 0, 0)]} cutoutPathParserInfo={CutoutPathParserInfo{displayWidth=1080 displayHeight=2340 density={2.75} cutoutSpec={M 41,77 a 40,40 0 1 0 80,0 40,40 0 1 0 -80,0 Z @left} rotation={0} scale={1.0}}}}, touch INTERNAL, rotation 0, type INTERNAL, address {port=129, model=0x40446d53ad64a0}, deviceProductInfo DeviceProductInfo{name=, manufacturerPnpId=QCM, productId=1, modelYear=null, manufactureDate=ManufactureDate{week=27, year=2006}, connectionToSinkType=0}, state ON, frameRateOverride , brightnessMinimum 0.0, brightnessMaximum 1.0, brightnessDefault 0.2901961, roundedCorners RoundedCorners{[RoundedCorner{position=TopLeft, radius=108, center=Point(108, 108)}, RoundedCorner{position=TopRight, radius=108, center=Point(972, 108)}, RoundedCorner{position=BottomRight, radius=108, center=Point(972, 2232)}, RoundedCorner{position=BottomLeft, radius=108, center=Point(108, 2232)}]}, FLAG_DEFAULT_DISPLAY, FLAG_ROTATES_WITH_CONTENT, FLAG_SECURE, FLAG_SUPPORTS_PROTECTED_BUFFERS}
--------- switch to main
04-17 13:43:58.239977   636   697 I SDM     : StrategyImpl::SetIdleTimeoutMs: Idle timeout set to zero for command mode panels
04-17 13:43:58.247936   636   697 I SDM     : HWDeviceDRM::UpdateMixerAttributes: Mixer WxH 1080x2340-1 for Peripheral
04-17 13:43:58.248021   636   697 I SDM     : DisplayBase::SetActiveConfig: Active configuration changed to: 1
04-17 13:43:58.248168   636   697 I SDM     : StrategyImpl::SetIdleTimeoutMs: Idle timeout set to zero for command mode panels
--------- switch to kernel
04-17 13:43:58.277934     0     0 I         : c3    513 [drm:dsi_display_set_mode [msm_drm]] [msm-dsi-info]: mdp_transfer_time_us=9000 us
04-17 13:43:58.278255     0     0 I         : c3    513 [drm:dsi_display_set_mode [msm_drm]] [msm-dsi-info]: hactive= 1080,vactive= 2340,fps=90
--------- switch to main
04-17 13:44:00.108295   636   697 I SDM     : DisplayBase::SetActiveConfig: Active configuration changed to: 0
04-17 13:44:00.108490   636   697 I SDM     : StrategyImpl::SetIdleTimeoutMs: Idle timeout set to zero for command mode panels
04-17 13:44:00.113529   971  2667 I sensors-hal: [ssc_utils]get_qmi_debug_flag:243, support_qmi_debug : false
--------- switch to kernel
04-17 13:44:00.111694     0     0 I         : c3    513 [drm:dsi_display_set_mode [msm_drm]] [msm-dsi-info]: mdp_transfer_time_us=14000 us
04-17 13:44:00.111821     0     0 I         : c3    513 [drm:dsi_display_set_mode [msm_drm]] [msm-dsi-info]: hactive= 1080,vactive= 2340,fps=60
--------- switch to system
04-17 13:44:00.114892  2608  2685 I DisplayDeviceRepository: Display device changed: DisplayDeviceInfo{"Built-in Screen": uniqueId="local:4630946523002478721", 1080 x 2340, modeId 1, defaultModeId 1, supportedModes [{id=1, width=1080, height=2340, fps=60.000004, alternativeRefreshRates=[90.0]}, {id=2, width=1080, height=2340, fps=90.0, alternativeRefreshRates=[60.000004]}], colorMode 0, supportedColorModes [0, 7, 9], hdrCapabilities HdrCapabilities{mSupportedHdrTypes=[2, 3], mMaxLuminance=500.0, mMaxAverageLuminance=500.0, mMinLuminance=0.0}, allmSupported false, gameContentTypeSupported false, density 440, 435.428 x 433.839 dpi, appVsyncOff 2333332, presDeadline 11500000, cutout DisplayCutout{insets=Rect(0, 136 - 0, 0) waterfall=Insets{left=0, top=0, right=0, bottom=0} boundingRect={Bounds=[Rect(0, 0 - 0, 0), Rect(0, 0 - 136, 136), Rect(0, 0 - 0, 0), Rect(0, 0 - 0, 0)]} cutoutPathParserInfo={CutoutPathParserInfo{displayWidth=1080 displayHeight=2340 density={2.75} cutoutSpec={M 41,77 a 40,40 0 1 0 80,0 40,40 0 1 0 -80,0 Z @left} rotation={0} scale={1.0}}}}, touch INTERNAL, rotation 0, type INTERNAL, address {port=129, model=0x40446d53ad64a0}, deviceProductInfo DeviceProductInfo{name=, manufacturerPnpId=QCM, productId=1, modelYear=null, manufactureDate=ManufactureDate{week=27, year=2006}, connectionToSinkType=0}, state ON, frameRateOverride , brightnessMinimum 0.0, brightnessMaximum 1.0, brightnessDefault 0.2901961, roundedCorners RoundedCorners{[RoundedCorner{position=TopLeft, radius=108, center=Point(108, 108)}, RoundedCorner{position=TopRight, radius=108, center=Point(972, 108)}, RoundedCorner{position=BottomRight, radius=108, center=Point(972, 2232)}, RoundedCorner{position=BottomLeft, radius=108, center=Point(108, 2232)}]}, FLAG_DEFAULT_DISPLAY, FLAG_ROTATES_WITH_CONTENT, FLAG_SECURE, FLAG_SUPPORTS_PROTECTED_BUFFERS}
04-17 13:44:04.242425  2608  2709 V DisplayPowerController[0]: Brightness [0.05] reason changing to: 'manual [ dim ]', previous reason: 'manual'.
--------- switch to events
04-17 13:44:04.242865  2608  2709 I sysui_multi_action: [757,1696,758,6,759,2]
--------- switch to kernel
04-17 13:44:04.249455     0     0 I         : c5    697 dsi_backlight_update_status:468: req:292 bl:294 state:0x0
04-17 13:44:04.265872     0     0 I         : c5    697 dsi_backlight_update_status:468: req:280 bl:282 state:0x0
04-17 13:44:04.282335     0     0 I         : c3    697 dsi_backlight_update_status:468: req:268 bl:270 state:0x0
04-17 13:44:04.296986     0     0 I         : c5    697 dsi_backlight_update_status:468: req:258 bl:260 state:0x0
04-17 13:44:04.315302     0     0 I         : c3    697 dsi_backlight_update_status:468: req:246 bl:248 state:0x0
04-17 13:44:04.330865     0     0 I         : c2    697 dsi_backlight_update_status:468: req:234 bl:236 state:0x0
04-17 13:44:04.347612     0     0 I         : c3    697 dsi_backlight_update_status:468: req:222 bl:224 state:0x0
04-17 13:44:04.363750     0     0 I         : c2    697 dsi_backlight_update_status:468: req:210 bl:212 state:0x0
04-17 13:44:04.380665     0     0 I         : c3    697 dsi_backlight_update_status:468: req:198 bl:200 state:0x0
04-17 13:44:04.398181     0     0 I         : c4    697 dsi_backlight_update_status:468: req:186 bl:188 state:0x0
04-17 13:44:04.413047     0     0 I         : c3    697 dsi_backlight_update_status:468: req:174 bl:176 state:0x0
04-17 13:44:04.432023     0     0 I         : c5    697 dsi_backlight_update_status:468: req:162 bl:165 state:0x0
--------- switch to main
04-17 13:44:04.437500   971  2667 I sensors-hal: [ssc_utils]get_qmi_debug_flag:243, support_qmi_debug : false
04-17 13:44:04.445525   971  1076 I ASH     : @ 1255.319: tcs3701: display status: 1
04-17 13:44:04.445620   971  1076 I ASH     : @ 1255.319: tcs3701: display brightness: 162
04-17 13:44:04.445686   971  1076 I ASH     : @ 1255.319: tcs3701: display refresh_rate: 60
--------- switch to kernel
04-17 13:44:04.447192     0     0 I         : c5    697 dsi_backlight_update_status:468: req:150 bl:153 state:0x0
04-17 13:44:04.463197     0     0 I         : c3    697 dsi_backlight_update_status:468: req:138 bl:141 state:0x0
--------- switch to main
04-17 13:44:04.466835   971  2667 I sensors-hal: [ssc_utils]get_qmi_debug_flag:243, support_qmi_debug : false
04-17 13:44:04.480509   971  1076 I ASH     : @ 1255.354: tcs3701: display status: 1
04-17 13:44:04.480600   971  1076 I ASH     : @ 1255.354: tcs3701: display brightness: 138
04-17 13:44:04.480648   971  1076 I ASH     : @ 1255.354: tcs3701: display refresh_rate: 60
--------- switch to kernel
04-17 13:44:04.479564     0     0 I         : c5    697 dsi_backlight_update_status:468: req:126 bl:129 state:0x0
04-17 13:44:04.495881     0     0 I         : c3    697 dsi_backlight_update_status:468: req:114 bl:117 state:0x0
--------- switch to main
04-17 13:44:04.499830   971  2667 I sensors-hal: [ssc_utils]get_qmi_debug_flag:243, support_qmi_debug : false
04-17 13:44:04.510012   971  1076 I ASH     : @ 1255.383: tcs3701: display status: 1
04-17 13:44:04.510070   971  1076 I ASH     : @ 1255.383: tcs3701: display brightness: 114
04-17 13:44:04.510111   971  1076 I ASH     : @ 1255.383: tcs3701: display refresh_rate: 60
--------- switch to kernel
04-17 13:44:04.512795     0     0 I         : c2    697 dsi_backlight_update_status:468: req:102 bl:105 state:0x0
04-17 13:44:04.531553     0     0 I         : c3    697 dsi_backlight_update_status:468: req:90 bl:93 state:0x0
04-17 13:44:04.547087     0     0 I         : c3    697 dsi_backlight_update_status:468: req:78 bl:81 state:0x0
04-17 13:44:04.564799     0     0 I         : c4    697 dsi_backlight_update_status:468: req:66 bl:69 state:0x0
04-17 13:44:04.580610     0     0 I         : c2    697 dsi_backlight_update_status:468: req:54 bl:57 state:0x0
04-17 13:44:04.597399     0     0 I         : c4    697 dsi_backlight_update_status:468: req:52 bl:55 state:0x0
--------- switch to system
04-17 13:44:06.235451  2608  2709 I PowerManagerService: Powering off display group due to timeout (groupId= 0, uid= 1000)...
04-17 13:44:06.235904  2608  2709 I PowerManagerService: Going to sleep due to timeout (uid 1000)...
--------- switch to events
04-17 13:44:06.238655  2608  2709 I power_sleep_requested: 0
--------- switch to main
04-17 13:44:06.241204   636   697 I SDM     : HWCDisplay::GetColorModeCount: Supported color mode count = 3
04-17 13:44:06.241284   636   697 I SDM     : HWCDisplay::GetColorModes: Color mode = 0 is supported
04-17 13:44:06.241318   636   697 I SDM     : HWCDisplay::GetColorModes: Color mode = 7 is supported
04-17 13:44:06.241346   636   697 I SDM     : HWCDisplay::GetColorModes: Color mode = 9 is supported
04-17 13:44:06.269024   636   697 I SDM     : HWDeviceDRM::UpdateMixerAttributes: Mixer WxH 1080x2340-1 for Peripheral
04-17 13:44:06.269146   636   697 I SDM     : DisplayBase::SetActiveConfig: Active configuration changed to: 1
04-17 13:44:06.269369   636   697 I SDM     : StrategyImpl::SetIdleTimeoutMs: Idle timeout set to zero for command mode panels
04-17 13:44:06.276776   971  2667 I sensors-hal: [ssc_utils]get_qmi_debug_flag:243, support_qmi_debug : false
--------- switch to kernel
04-17 13:44:06.274233     0     0 I         : c5    513 [drm:dsi_display_set_mode [msm_drm]] [msm-dsi-info]: mdp_transfer_time_us=9000 us
04-17 13:44:06.274569     0     0 I         : c5    513 [drm:dsi_display_set_mode [msm_drm]] [msm-dsi-info]: hactive= 1080,vactive= 2340,fps=90
--------- switch to system
04-17 13:44:06.295945  2608  2685 I DisplayDeviceRepository: Display device changed: DisplayDeviceInfo{"Built-in Screen": uniqueId="local:4630946523002478721", 1080 x 2340, modeId 2, defaultModeId 1, supportedModes [{id=1, width=1080, height=2340, fps=60.000004, alternativeRefreshRates=[90.0]}, {id=2, width=1080, height=2340, fps=90.0, alternativeRefreshRates=[60.000004]}], colorMode 0, supportedColorModes [0, 7, 9], hdrCapabilities HdrCapabilities{mSupportedHdrTypes=[2, 3], mMaxLuminance=500.0, mMaxAverageLuminance=500.0, mMinLuminance=0.0}, allmSupported false, gameContentTypeSupported false, density 440, 435.428 x 433.839 dpi, appVsyncOff 2333333, presDeadline 11500000, cutout DisplayCutout{insets=Rect(0, 136 - 0, 0) waterfall=Insets{left=0, top=0, right=0, bottom=0} boundingRect={Bounds=[Rect(0, 0 - 0, 0), Rect(0, 0 - 136, 136), Rect(0, 0 - 0, 0), Rect(0, 0 - 0, 0)]} cutoutPathParserInfo={CutoutPathParserInfo{displayWidth=1080 displayHeight=2340 density={2.75} cutoutSpec={M 41,77 a 40,40 0 1 0 80,0 40,40 0 1 0 -80,0 Z @left} rotation={0} scale={1.0}}}}, touch INTERNAL, rotation 0, type INTERNAL, address {port=129, model=0x40446d53ad64a0}, deviceProductInfo DeviceProductInfo{name=, manufacturerPnpId=QCM, productId=1, modelYear=null, manufactureDate=ManufactureDate{week=27, year=2006}, connectionToSinkType=0}, state ON, frameRateOverride , brightnessMinimum 0.0, brightnessMaximum 1.0, brightnessDefault 0.2901961, roundedCorners RoundedCorners{[RoundedCorner{position=TopLeft, radius=108, center=Point(108, 108)}, RoundedCorner{position=TopRight, radius=108, center=Point(972, 108)}, RoundedCorner{position=BottomRight, radius=108, center=Point(972, 2232)}, RoundedCorner{position=BottomLeft, radius=108, center=Point(108, 2232)}]}, FLAG_DEFAULT_DISPLAY, FLAG_ROTATES_WITH_CONTENT, FLAG_SECURE, FLAG_SUPPORTS_PROTECTED_BUFFERS}
--------- switch to main
04-17 13:44:06.297369   636   697 I SDM     : HWDeviceDRM::UpdateMixerAttributes: Mixer WxH 1080x2340-1 for Peripheral
04-17 13:44:06.297422   636   697 I SDM     : DisplayBase::SetActiveConfig: Active configuration changed to: 0
04-17 13:44:06.297572   636   697 I SDM     : StrategyImpl::SetIdleTimeoutMs: Idle timeout set to zero for command mode panels
--------- switch to system
04-17 13:44:06.298361  2608  2709 V DisplayPowerController[0]: Brightness [0.2901961] reason changing to: 'manual', previous reason: 'manual [ dim ]'.
--------- switch to events
04-17 13:44:06.298626  2608  2709 I sysui_multi_action: [757,1696,758,6,759,0]
--------- switch to kernel
04-17 13:44:06.301540     0     0 I         : c4    513 [drm:dsi_display_set_mode [msm_drm]] [msm-dsi-info]: mdp_transfer_time_us=14000 us
04-17 13:44:06.301663     0     0 I         : c4    513 [drm:dsi_display_set_mode [msm_drm]] [msm-dsi-info]: hactive= 1080,vactive= 2340,fps=60
--------- switch to main
04-17 13:44:06.302985   971  2667 I sensors-hal: [ssc_utils]get_qmi_debug_flag:243, support_qmi_debug : false
--------- switch to system
04-17 13:44:06.315896  2608  2685 I DisplayDeviceRepository: Display device changed: DisplayDeviceInfo{"Built-in Screen": uniqueId="local:4630946523002478721", 1080 x 2340, modeId 1, defaultModeId 1, supportedModes [{id=1, width=1080, height=2340, fps=60.000004, alternativeRefreshRates=[90.0]}, {id=2, width=1080, height=2340, fps=90.0, alternativeRefreshRates=[60.000004]}], colorMode 0, supportedColorModes [0, 7, 9], hdrCapabilities HdrCapabilities{mSupportedHdrTypes=[2, 3], mMaxLuminance=500.0, mMaxAverageLuminance=500.0, mMinLuminance=0.0}, allmSupported false, gameContentTypeSupported false, density 440, 435.428 x 433.839 dpi, appVsyncOff 2333332, presDeadline 11500000, cutout DisplayCutout{insets=Rect(0, 136 - 0, 0) waterfall=Insets{left=0, top=0, right=0, bottom=0} boundingRect={Bounds=[Rect(0, 0 - 0, 0), Rect(0, 0 - 136, 136), Rect(0, 0 - 0, 0), Rect(0, 0 - 0, 0)]} cutoutPathParserInfo={CutoutPathParserInfo{displayWidth=1080 displayHeight=2340 density={2.75} cutoutSpec={M 41,77 a 40,40 0 1 0 80,0 40,40 0 1 0 -80,0 Z @left} rotation={0} scale={1.0}}}}, touch INTERNAL, rotation 0, type INTERNAL, address {port=129, model=0x40446d53ad64a0}, deviceProductInfo DeviceProductInfo{name=, manufacturerPnpId=QCM, productId=1, modelYear=null, manufactureDate=ManufactureDate{week=27, year=2006}, connectionToSinkType=0}, state ON, frameRateOverride , brightnessMinimum 0.0, brightnessMaximum 1.0, brightnessDefault 0.2901961, roundedCorners RoundedCorners{[RoundedCorner{position=TopLeft, radius=108, center=Point(108, 108)}, RoundedCorner{position=TopRight, radius=108, center=Point(972, 108)}, RoundedCorner{position=BottomRight, radius=108, center=Point(972, 2232)}, RoundedCorner{position=BottomLeft, radius=108, center=Point(108, 2232)}]}, FLAG_DEFAULT_DISPLAY, FLAG_ROTATES_WITH_CONTENT, FLAG_SECURE, FLAG_SUPPORTS_PROTECTED_BUFFERS}
--------- switch to main
04-17 13:44:06.316068   636   697 I SDM     : HWDeviceDRM::UpdateMixerAttributes: Mixer WxH 1080x2340-1 for Peripheral
04-17 13:44:06.316097   636   697 I SDM     : DisplayBase::SetActiveConfig: Active configuration changed to: 1
04-17 13:44:06.316209   636   697 I SDM     : StrategyImpl::SetIdleTimeoutMs: Idle timeout set to zero for command mode panels
--------- switch to kernel
04-17 13:44:06.323454     0     0 I         : c1    513 [drm:dsi_display_set_mode [msm_drm]] [msm-dsi-info]: mdp_transfer_time_us=9000 us
04-17 13:44:06.323599     0     0 I         : c1    513 [drm:dsi_display_set_mode [msm_drm]] [msm-dsi-info]: hactive= 1080,vactive= 2340,fps=90
--------- switch to main
04-17 13:44:06.324735   971  2667 I sensors-hal: [ssc_utils]get_qmi_debug_flag:243, support_qmi_debug : false
--------- switch to system
04-17 13:44:06.344540  2608  2685 I DisplayDeviceRepository: Display device changed: DisplayDeviceInfo{"Built-in Screen": uniqueId="local:4630946523002478721", 1080 x 2340, modeId 2, defaultModeId 1, supportedModes [{id=1, width=1080, height=2340, fps=60.000004, alternativeRefreshRates=[90.0]}, {id=2, width=1080, height=2340, fps=90.0, alternativeRefreshRates=[60.000004]}], colorMode 0, supportedColorModes [0, 7, 9], hdrCapabilities HdrCapabilities{mSupportedHdrTypes=[2, 3], mMaxLuminance=500.0, mMaxAverageLuminance=500.0, mMinLuminance=0.0}, allmSupported false, gameContentTypeSupported false, density 440, 435.428 x 433.839 dpi, appVsyncOff 2333333, presDeadline 11500000, cutout DisplayCutout{insets=Rect(0, 136 - 0, 0) waterfall=Insets{left=0, top=0, right=0, bottom=0} boundingRect={Bounds=[Rect(0, 0 - 0, 0), Rect(0, 0 - 136, 136), Rect(0, 0 - 0, 0), Rect(0, 0 - 0, 0)]} cutoutPathParserInfo={CutoutPathParserInfo{displayWidth=1080 displayHeight=2340 density={2.75} cutoutSpec={M 41,77 a 40,40 0 1 0 80,0 40,40 0 1 0 -80,0 Z @left} rotation={0} scale={1.0}}}}, touch INTERNAL, rotation 0, type INTERNAL, address {port=129, model=0x40446d53ad64a0}, deviceProductInfo DeviceProductInfo{name=, manufacturerPnpId=QCM, productId=1, modelYear=null, manufactureDate=ManufactureDate{week=27, year=2006}, connectionToSinkType=0}, state ON, frameRateOverride , brightnessMinimum 0.0, brightnessMaximum 1.0, brightnessDefault 0.2901961, roundedCorners RoundedCorners{[RoundedCorner{position=TopLeft, radius=108, center=Point(108, 108)}, RoundedCorner{position=TopRight, radius=108, center=Point(972, 108)}, RoundedCorner{position=BottomRight, radius=108, center=Point(972, 2232)}, RoundedCorner{position=BottomLeft, radius=108, center=Point(108, 2232)}]}, FLAG_DEFAULT_DISPLAY, FLAG_ROTATES_WITH_CONTENT, FLAG_SECURE, FLAG_SUPPORTS_PROTECTED_BUFFERS}
04-17 13:44:06.709898  2608  2709 I DisplayPowerController[0]: Blocking screen off
04-17 13:44:06.710729  2608  2709 I DisplayPowerController[0]: Unblocked screen off after 0 ms
--------- switch to kernel
04-17 13:44:06.711314     0     0 I         : c2    697 dsi_backlight_update_status:468: req:0 bl:0 state:0x0
--------- switch to main
04-17 13:44:06.718447   971  1076 D VSC     : @ 1257.591: [Device Orientation] Stop accel
04-17 13:44:06.719738   971   971 I sensors-hal: [hal]activate_physical_sensor:251, android.sensor.light/51 en=0
04-17 13:44:06.720492  2915  2915 D StatusBar: disable<e i a s b H R c s > disable2<q i n >
04-17 13:44:06.722336   971   971 I sensors-hal: [hal]activate_physical_sensor:262, android.sensor.light/51 en=0 completed
04-17 13:44:06.722349   971  1076 D VSC     : @ 1257.592: [Device Orientation] Stop gyro
04-17 13:44:06.722434   971  1076 I ASH     : @ 1257.594: tcs3701: Client count (type)cur/new: (0)2/1
04-17 13:44:06.723071  2915  2915 D StatusBar: disable<e i a s b H R c s > disable2<q i n >
--------- switch to system
04-17 13:44:06.726570  2608  2709 V DisplayPowerController[0]: Brightness [0.0] reason changing to: 'screen_off', previous reason: 'manual'.
--------- switch to main
04-17 13:44:06.728385   633   633 D SurfaceFlinger: Setting power mode 0 on display 4630946523002478721
--------- switch to system
04-17 13:44:06.728935  2608  2685 I DisplayDeviceRepository: Display device changed state: "Built-in Screen", OFF
--------- switch to main
04-17 13:44:06.728992   636   697 I SDM     : DisplayBase::SetDisplayState: Set state = 0, display 29-0, teardown = 0
04-17 13:44:06.732147  2608  2685 I InputManager-JNI: Viewport [0] to add: local:4630946523002478721, isActive: false
04-17 13:44:06.734123  2608  2768 I InputReader: Reconfiguring input devices, changes=DISPLAY_INFO | 
04-17 13:44:06.734295  2608  2768 I InputReader: Disabling sec_touchscreen (device 4) because the associated viewport is not active
04-17 13:44:06.740224   971   971 I sensors-hal: [hal]activate_physical_sensor:251, com.google.sensor.combo_light/11101 en=0
04-17 13:44:06.741314   971   971 I sensors-hal: [hal]activate_physical_sensor:262, com.google.sensor.combo_light/11101 en=0 completed
04-17 13:44:06.741831   985  1034 I rlsservice: DisableInternal handle 846930887, mode 1
04-17 13:44:06.742644   985  1034 I BpBinder: onLastStrongRef automatically unlinking death recipients: <uncached descriptor>
04-17 13:44:06.742660   971  1076 I ASH     : @ 1257.616: tcs3701: Client count (type)cur/new: (0)1/0
04-17 13:44:06.742720   971  1076 I ASH     : @ 1257.616: tcs3701: Disabling sensor 0
04-17 13:44:06.742782   971  1076 I ASH     : @ 1257.616: tcs3701: Disabling ALS
04-17 13:44:06.743083   971  1076 D ASH     : @ 1257.616: tcs3701: start power rail timer, state:3
04-17 13:44:06.743157   971  1076 I ASH     : @ 1257.616: tcs3701: Instance deinit
--------- switch to kernel
04-17 13:44:06.746819     0     0 I         : c4    513 dsi_backlight_early_dpms:925: power_mode:5 state:0x0
04-17 13:44:06.746825     0     0 I         : c5   9226 sec_ts spi0.0: [sec_input] sec_ts_suspend_work
04-17 13:44:06.746840     0     0 I         : c5   9226 sec_ts spi0.0: [sec_input] sec_ts_fix_tmode: mode 6 state 1
--------- switch to main
04-17 13:44:06.796750   971  1076 I ASH     : @ 1257.670: touch gesture: received SNS_TBN_RELEASE_BUS_REQ_V01: kernel releasing bus
--------- switch to kernel
04-17 13:44:06.794700     0     0 I         : c5   9226 sec_ts spi0.0: [sec_input] sec_ts_pinctrl_configure: SUSPEND
04-17 13:44:06.794785     0     0 I         : c5   9226 sec_ts spi0.0: [sec_input] sec_set_switch_gpio: toggling switch to SLPI
04-17 13:44:06.794897     0     0 I         : c1    872 sec_ts spi0.0: kernel releasing bus access from SLPI
04-17 13:44:06.797176     0     0 I         : c0    836 sec_ts spi0.0: [sec_input] sec_ts_irq_thread: Skipping stray interrupt since bus is suspended(power_status: 1)
--------- switch to main
04-17 13:44:06.889905   971  2667 I sensors-hal: [DPInfo]file_contents_parse:176, _status = 0
04-17 13:44:06.890289   971  2667 I sensors-hal: [ssc_utils]get_qmi_debug_flag:243, support_qmi_debug : false
--------- switch to kernel
04-17 13:44:06.888889     0     0 I         : c4    513 dsi_backlight_late_dpms:970: sysfs_notify state:0x2
04-17 13:44:06.892981     0     0 I         : c2    513 [drm:__sde_crtc_early_wakeup_work:6297] sde crtc is not enabled
--------- switch to main
04-17 13:44:06.891745   633   633 D SurfaceFlinger: Finished setting power mode 0 on display 4630946523002478721
04-17 13:44:06.892140  2608  2850 D SurfaceControl: Excessive delay in setPowerMode()
--------- switch to system
04-17 13:44:06.895461  2608  2709 I DreamManagerService: Entering dreamland.
--------- switch to kernel
04-17 13:44:06.896854     0     0 I         : c5      1 init: processing action (graphics.display.kernel_idle_timer.enabled=false) from (/vendor/etc/init/hw/init.redfin.rc:23)
--------- switch to system
04-17 13:44:06.897855  2608  2709 I PowerManagerService: Dozing...
04-17 13:44:06.899720  2608  2682 I DreamController: Starting dream: name=ComponentInfo{com.android.systemui/com.android.systemui.doze.DozeService}, isTest=false, canDoze=true, userId=0
--------- switch to events
04-17 13:44:06.900022  2608  2682 I sysui_multi_action: [757,223,758,1]
--------- switch to main
04-17 13:44:06.900936   971  1076 I ASH     : @ 1257.774: tcs3701: stop power rail pending_off timer
04-17 13:44:06.901013   971  1076 I ASH     : @ 1257.774: tcs3701: Instance init
04-17 13:44:06.901481   971  1076 I ASH     : @ 1257.775: tcs3701: Slow filter size: 255
04-17 13:44:06.901508   971  1076 I ASH     : @ 1257.775: tcs3701: Fast filter size: 10
04-17 13:44:06.901569   971  1076 I ASH     : @ 1257.775: tcs3701: display status: 0
04-17 13:44:06.901599   971  1076 I ASH     : @ 1257.775: tcs3701: display brightness: 114
04-17 13:44:06.901616   971  1076 I ASH     : @ 1257.775: tcs3701: display refresh_rate: 0
04-17 13:44:06.901781   971  1076 I ASH     : @ 1257.775: tcs3701: ALS trigger disabled!!
04-17 13:44:06.902871   971  1076 I ASH     : @ 1257.776: tcs3701: PROX trigger disabled!!
04-17 13:44:06.903986   971  1076 I ASH     : @ 1257.777: tcs3701: PERS: 40
04-17 13:44:06.904574   971  1076 D ASH     : @ 1257.778: tcs3701: start power rail timer, state:3
04-17 13:44:06.904723   971  1076 I ASH     : @ 1257.778: tcs3701: Instance deinit
--------- switch to system
04-17 13:44:06.917680  2608  2682 D AutofillManagerService: Close system dialogs
--------- switch to main
04-17 13:44:06.939185  2915  2915 D StatusBar: updateQsExpansionEnabled - QS Expand enabled: false
--------- switch to events
04-17 13:44:06.942541  2608  4273 I wm_set_keyguard_shown: [1,1,0,setKeyguardShown]
--------- switch to main
04-17 13:44:06.958161  2915  2915 D StatusBar: updateQsExpansionEnabled - QS Expand enabled: false
--------- switch to events
04-17 13:44:06.967608  2608  4273 I sysui_multi_action: [757,128,758,2,793,1220986,794,14881,795,1220986,796,26,798,0,806,android,857,DEVELOPER_IMPORTANT,858,4,947,0,1395,2,1500,1220735,1688,1]
04-17 13:44:06.968248  2608  4273 I notification_visibility: [-1|android|26|null|1000,0,1220986,1220986,0,0]
--------- switch to main
04-17 13:44:06.970937  2915  2915 D StatusBar: disable<e i a s b H R c s > disable2<q i n >
04-17 13:44:06.971779  2915  2915 D StatusBar: disable<e i a s b H R c s > disable2<q i n >
04-17 13:44:06.972832  2915  2915 D StatusBar: disable<e i a s b H R c s > disable2<q i n >
04-17 13:44:06.973357  2915  2915 D StatusBar: disable<e i a s b H R c s > disable2<q i n >
04-17 13:44:06.979591  2915  2915 D StatusBar: disable<e i a s b H R c s > disable2<q i n >
04-17 13:44:06.980054  2915  2915 D StatusBar: disable<e i a s b H R c s > disable2<q i n >
04-17 13:44:06.980734  2915  2915 D StatusBar: disable<e i a s b H R c s > disable2<q i n >
04-17 13:44:06.981071  2915  2915 D StatusBar: disable<e i a s b H R c s > disable2<q i n >
04-17 13:44:06.986745  2608  3157 W ServiceManager: Permission failure: android.permission.HIGH_SAMPLING_RATE_SENSORS from uid=10090 pid=2915
--------- switch to events
04-17 13:44:06.990631  2608  2709 I sysui_multi_action: [757,1696,758,6,759,1]
--------- switch to main
04-17 13:44:06.991056   971  1076 D VSC     : @ 1257.863: [Device Pickup Sensor] Request accel, interval 20.0 ms, latency 0.0 ms
04-17 13:44:06.991463   971  1076 D ASH     : @ 1257.865: SensorType 1 resampler quality 0
--------- switch to events
04-17 13:44:06.992002  2608  2608 I sysui_multi_action: [757,198,758,2,759,3,1359,757,1695,2]
04-17 13:44:06.992291  2608  2608 I power_screen_state: [0,3,0,0,757]
04-17 13:44:06.992352  2608  2608 I screen_toggled: 0
04-17 13:44:06.992481  2608  2608 I sysui_multi_action: [757,804,799,screen_timeout,801,60,802,1]
--------- switch to main
04-17 13:44:06.992761  2608  3230 W ServiceManager: Permission failure: android.permission.HIGH_SAMPLING_RATE_SENSORS from uid=10090 pid=2915
--------- switch to events
04-17 13:44:06.993047  2608  2608 I sysui_multi_action: [757,1594,758,4,759,-2147483648,1359,15278]
04-17 13:44:06.993269  2608  2608 I power_screen_broadcast_send: 1
--------- switch to main
04-17 13:44:06.994696   971  1076 I VSC     : @ 1257.868: [single-tap-prox-gated] configuring sensor with interval: 1000000, latency: 0
04-17 13:44:06.994744   971  1076 D VSC     : @ 1257.868: [Proximity Gated Single Tap Gesture] Request proximity, interval 100.0 ms, latency 0.0 ms
04-17 13:44:06.994966   971  1076 I ASH     : @ 1257.868: tcs3701: Instance init
04-17 13:44:06.995045   971  1076 D VSC     : @ 1257.868: [Proximity Gated Single Tap Gesture] Request touch_gesture, interval 18446744027136.0 ms, latency 0.0 ms
04-17 13:44:06.995622   971  1076 I ASH     : @ 1257.869: tcs3701: Slow filter size: 255
04-17 13:44:06.995647   971  1076 I ASH     : @ 1257.869: tcs3701: Fast filter size: 10
04-17 13:44:06.995706   971  1076 I ASH     : @ 1257.869: tcs3701: Client count (type)cur/new: (3)0/1
04-17 13:44:06.995727   971  1076 I ASH     : @ 1257.869: tcs3701: Enabling sensor 3
04-17 13:44:06.998589   971  1076 I ASH     : @ 1257.872: tcs3701: PCFG1: 00
04-17 13:44:06.998641   971  1076 I ASH     : @ 1257.872: tcs3701: PCFG2: 0d
04-17 13:44:06.998684   971  1076 I ASH     : @ 1257.872: tcs3701: PCFG4: 0b
04-17 13:44:07.000688   971   971 I sensors-hal: [hal]activate_physical_sensor:251, android.sensor.accelerometer/11 en=0
04-17 13:44:07.001791   971  1076 I ASH     : @ 1257.874: tcs3701: New TH: 110 0 200 0
04-17 13:44:07.002342   971  1076 I ASH     : @ 1257.876: tcs3701: PROX trigger disabled!!
04-17 13:44:07.004790   971  1076 I ASH     : @ 1257.878: tcs3701: ALS trigger disabled!!
04-17 13:44:07.004880   971   971 I sensors-hal: [hal]activate_physical_sensor:262, android.sensor.accelerometer/11 en=0 completed
04-17 13:44:07.019336  2915  2915 D StatusBar: disable<e i a s b H R c s > disable2<q i n >
04-17 13:44:07.019561   943   943 D audio_hw_primary: adev_set_parameters: enter: screen_state=off
04-17 13:44:07.019710   943   943 W sound_trigger_hw: sound_trigger_hw_call_back: Unknown event 17
04-17 13:44:07.019744  2915  2915 D StatusBar: disable<e i a s b H R c s > disable2<q i n >
04-17 13:44:07.020237  2915  2915 D StatusBar: disable<e i a s b H R c s > disable2<q i n >
04-17 13:44:07.020460  2915  2915 D StatusBar: disable<e i a s b H R c s > disable2<q i n >
--------- switch to events
04-17 13:44:07.024764  2608  4273 I sysui_multi_action: [757,127,758,2]
--------- switch to main
04-17 13:44:07.024829  2915  2915 D StatusBar: disable<e i a s b H R c s > disable2<q i n >
04-17 13:44:07.025146  2915  2915 D StatusBar: disable<e i a s b H R c s > disable2<q i n >
--------- switch to events
04-17 13:44:07.025149  2608  4273 I notification_panel_hidden: 
--------- switch to main
04-17 13:44:07.025597  2915  2915 D StatusBar: disable<e i a s b H R c s > disable2<q i n >
04-17 13:44:07.025815  2915  2915 D StatusBar: disable<e i a s b H R c s > disable2<q i n >
--------- switch to events
04-17 13:44:07.032049  2608  2608 I battery_saving_stats: [0,1,0,14768,0,0,144016,-4353,-1]
--------- switch to radio
04-17 13:44:07.034473  3140  3140 D DCT-C-0 : screen off
04-17 13:44:07.034588  3140  3140 D DCT-C-0 : stopNetStatPoll
04-17 13:44:07.036931  3140  3140 D DCT-I-0 : screen off
04-17 13:44:07.036977  3140  3140 D DCT-I-0 : stopNetStatPoll
04-17 13:44:07.040780  3140  3140 D DCT-C-1 : screen off
04-17 13:44:07.040842  3140  3140 D DCT-C-1 : stopNetStatPoll
04-17 13:44:07.043074  3140  3140 D DCT-I-1 : screen off
04-17 13:44:07.043131  3140  3140 D DCT-I-1 : stopNetStatPoll
--------- switch to main
04-17 13:44:07.050693  3779  3779 D NfcService: MSG_APPLY_SCREEN_STATE 2
--------- switch to kernel
04-17 13:44:07.052449     0     0 E         : c4   3948 i2c_geni 984000.i2c: i2c error :-107
04-17 13:44:07.052473     0     0 E         : c4   3948 st21nfc_dev_write : i2c_master_send returned -107
--------- switch to main
04-17 13:44:07.058860  3779  3779 W libnfc_nci: [WARNING:NativeNfcTag.cpp(869)] nativeNfcTag_doDisconnect: tag already deactivated
--------- switch to events
04-17 13:44:07.063718  2608  2608 I power_screen_broadcast_done: [0,70,1]
--------- switch to main
04-17 13:44:07.067332   971  1076 I ASH     : @ 1257.940: touch gesture: update charger mode: 0x02
04-17 13:44:07.121004   971  1076 E ASH     : @ 1257.992: touch gesture: updating gesture: double_tap [x], single_tap [v]
04-17 13:44:07.121330   971  1076 I ASH     : @ 1257.993: touch gesture: sttw params: max x/y 540 550, mi/max frame 2 26, tolerance 150, recess size 136
04-17 13:44:07.121427   971  1076 I ASH     : @ 1257.993: touch gesture: [touch gesture] subscribed
04-17 13:44:07.163079   971  1076 I ASH     : @ 1258.035: tcs3701: PROX sample: FAR (003e), POFFSET: 0015, ORE: -1
04-17 13:44:07.907824   971  1076 D ASH     : @ 1258.779: tcs3701: TCS3701_POWER_RAIL_PENDING_OFF
04-17 13:44:07.908042   971  1076 D ASH     : @ 1258.779: tcs3701: update_rail_vote: 2->0
04-17 13:44:07.908174   971  1076 D ASH     : @ 1258.779: tcs3701: power vote set to 0
04-17 13:44:07.908235   971  1076 D ASH     : @ 1258.779: tcs3701: TCS3701_POWER_RAIL_PENDING_NONE
04-17 13:44:10.000678   971  1076 D VSC     : @ 1260.871: [Device Pickup Sensor] Request accel, interval 20.0 ms, latency 100.0 ms
04-17 13:44:10.001057   971  1076 D ASH     : @ 1260.872: SensorType 1 resampler quality 0
04-17 13:44:11.985202   971  1076 D VSC     : @ 1262.855: [Device Pickup Sensor] Stop accel
04-17 13:44:11.985515   971  1076 D VSC     : @ 1262.856: [Device Pickup Sensor] Request motion_detect, interval 18446744027136.0 ms, latency 0.0 ms
--------- switch to kernel
04-17 13:44:22.264961     0     0 I         : c1   8975 google_charger: usbchg=USB typec=C usbv=5001 usbc=94 usbMv=5000 usbMc=450
04-17 13:44:22.265147     0     0 I         : c1   8975 sm7250_bms: MSC_PCS chg_state=1c2114a03010005 [0x5:3:1:4426:450] chg=u
04-17 13:44:22.265227     0     0 I         : c1   8975 google_battery: MSC_DIN chg_state=1c2114a03010005 f=0x5 chg_s=Charging chg_t=Fast vchg=4426 icl=450
04-17 13:44:22.266660     0     0 I         : c1   8975 google_battery: MSC_LAST vbatt=4426434 ibatt=-106506 fv_uv=4450000
04-17 13:44:22.266684     0     0 I         : c1   8975 google_battery: hold not defined for msc_state=7
04-17 13:44:22.266740     0     0 I         : c1   8975 google_battery: MSC_VOTE msc_state=7 cv_cnt=0 ov_cnt=0 temp_idx:2, vbatt_idx:5  fv_uv=4450000 cc_max=120000 update_interval=30000
04-17 13:44:22.266845     0     0 I         : c1   8975 google_charger: MSC_CHG fv_uv=4450000, cc_max=120000, rerun in 30000 ms (0)
--------- switch to main
04-17 13:44:24.155667   971  1076 I ASH     : @ 1275.026: tcs3701: Recording lux = 24.871662 when prox NEAR
04-17 13:44:24.155865   971  1076 I ASH     : @ 1275.027: tcs3701: PROX sample: NEAR (018f), POFFSET: 0015, ORE: -1
04-17 13:44:24.156942   971  1076 D VSC     : @ 1275.029: [Proximity Gated Single Tap Gesture] Stop touch_gesture
04-17 13:44:24.157180   971  1076 I ASH     : @ 1275.030: touch gesture: [touch gesture] unsubscribed
04-17 13:44:24.157412   971  1076 E ASH     : @ 1275.030: touch gesture: updating gesture: double_tap [x], single_tap [x]
04-17 13:44:24.906918   971  1076 I ASH     : @ 1275.777: tcs3701: PROX sample: FAR (0054), POFFSET: 0015, ORE: -1
04-17 13:44:24.908246   971  1076 D VSC     : @ 1275.781: [Proximity Gated Single Tap Gesture] Request touch_gesture, interval 18446744027136.0 ms, latency 0.0 ms
04-17 13:44:24.981988   971  1076 I ASH     : @ 1275.853: touch gesture: update charger mode: 0x02
04-17 13:44:25.033502   971  1076 E ASH     : @ 1275.905: touch gesture: updating gesture: double_tap [x], single_tap [v]
04-17 13:44:25.033837   971  1076 I ASH     : @ 1275.905: touch gesture: sttw params: max x/y 540 550, mi/max frame 2 26, tolerance 150, recess size 136
04-17 13:44:25.034102   971  1076 I ASH     : @ 1275.906: touch gesture: [touch gesture] subscribed
04-17 13:44:25.145245   971  1076 I ASH     : @ 1276.016: tcs3701: Recording lux = 25.985883 when prox NEAR
04-17 13:44:25.145439   971  1076 I ASH     : @ 1276.016: tcs3701: PROX sample: NEAR (0189), POFFSET: 0015, ORE: -1
04-17 13:44:25.146354   971  1076 D VSC     : @ 1276.019: [Proximity Gated Single Tap Gesture] Stop touch_gesture
04-17 13:44:25.146576   971  1076 I ASH     : @ 1276.019: touch gesture: [touch gesture] unsubscribed
04-17 13:44:25.146703   971  1076 E ASH     : @ 1276.019: touch gesture: updating gesture: double_tap [x], single_tap [x]
--------- switch to kernel
04-17 13:44:25.459895     0     0 I         : c0    357 qcom_rpmh DRV:apps_rsc TCS Busy, retrying RPMH message send: addr=0x30000
04-17 13:44:25.459956     0     0 I         : c0    357 qcom_rpmh DRV:apps_rsc TCS Busy, retrying RPMH message send: addr=0x30000
04-17 13:44:25.459991     0     0 I         : c0    357 qcom_rpmh DRV:apps_rsc TCS Busy, retrying RPMH message send: addr=0x30000
--------- switch to main
04-17 13:44:27.238919   985  1032 D rlsservice: MonitorDisplayStatus client num 0, display status 0, sensor status 0
04-17 13:44:29.163710   971  1076 I ASH     : @ 1280.034: tcs3701: PROX sample: FAR (0048), POFFSET: 0015, ORE: -1
04-17 13:44:29.165128   971  1076 D VSC     : @ 1280.038: [Proximity Gated Single Tap Gesture] Request touch_gesture, interval 18446744027136.0 ms, latency 0.0 ms
04-17 13:44:29.238682   971  1076 I ASH     : @ 1280.110: touch gesture: update charger mode: 0x02
04-17 13:44:29.290538   971  1076 E ASH     : @ 1280.162: touch gesture: updating gesture: double_tap [x], single_tap [v]
04-17 13:44:29.291001   971  1076 I ASH     : @ 1280.163: touch gesture: sttw params: max x/y 540 550, mi/max frame 2 26, tolerance 150, recess size 136
04-17 13:44:29.291270   971  1076 I ASH     : @ 1280.163: touch gesture: [touch gesture] subscribed
--------- switch to kernel
04-17 13:44:30.584344     0     0 I         : c0   4578 qcom_rpmh DRV:apps_rsc TCS Busy, retrying RPMH message send: addr=0x30000
--------- switch to main
04-17 13:44:31.922468   971  1076 I ASH     : @ 1282.793: tcs3701: Recording lux = 30.069547 when prox NEAR
04-17 13:44:31.922704   971  1076 I ASH     : @ 1282.793: tcs3701: PROX sample: NEAR (00de), POFFSET: 0015, ORE: -1
04-17 13:44:31.923728   971  1076 D VSC     : @ 1282.796: [Proximity Gated Single Tap Gesture] Stop touch_gesture
04-17 13:44:31.924094   971  1076 I ASH     : @ 1282.796: touch gesture: [touch gesture] unsubscribed
04-17 13:44:31.924280   971  1076 E ASH     : @ 1282.796: touch gesture: updating gesture: double_tap [x], single_tap [x]
04-17 13:44:34.066055   971  1076 I ASH     : @ 1284.936: tcs3701: PROX sample: FAR (0020), POFFSET: 0015, ORE: -1
04-17 13:44:34.066817   971  1076 D VSC     : @ 1284.939: [Proximity Gated Single Tap Gesture] Request touch_gesture, interval 18446744027136.0 ms, latency 0.0 ms
04-17 13:44:34.140853   971  1076 I ASH     : @ 1285.012: touch gesture: update charger mode: 0x02
04-17 13:44:34.192434   971  1076 E ASH     : @ 1285.063: touch gesture: updating gesture: double_tap [x], single_tap [v]
04-17 13:44:34.192720   971  1076 I ASH     : @ 1285.064: touch gesture: sttw params: max x/y 540 550, mi/max frame 2 26, tolerance 150, recess size 136
04-17 13:44:34.192948   971  1076 I ASH     : @ 1285.065: touch gesture: [touch gesture] subscribed
--------- switch to kernel
04-17 13:44:34.291711     0     0 I         : c1    537 init: Received sys.powerctl='reboot,shell' from pid: 9341 (/system/bin/reboot)
04-17 13:44:34.291803     0     0 I         : c1    537 init: sys.powerctl: do_shutdown: 0 IsShuttingDown: 0
04-17 13:44:34.292303     0     0 I         : c0      1 init: Got shutdown_command 'reboot,shell' Calling HandlePowerctlMessage()
04-17 13:44:34.292370     0     0 I         : c0      1 init: Clear action queue and start shutdown trigger
04-17 13:44:34.292515     0     0 I         : c0      1 init: Entering shutdown mode
04-17 13:44:34.293025     0     0 I         : c0      1 init: processing action (shutdown_done) from (<Builtin Action>:0)
04-17 13:44:34.293096     0     0 I         : c0      1 init: Reboot start, reason: reboot,shell, reboot_target: shell
04-17 13:44:34.293172     0     0 I         : c0      1 init: Shutdown timeout: 6000 ms
04-17 13:44:34.293217     0     0 I         : c0      1 init: Create reboot monitor thread.
04-17 13:44:34.293955     0     0 I         : c0   9343 init: shutdown_timeout_timespec.tv_sec: 1578
04-17 13:44:34.304473     0     0 I         : c1      1 init: starting service 'blank_screen'...
--------- switch to main
04-17 13:44:34.311736  7548  7548 D Diag_Lib: diag_mdlog_exit signal:15
04-17 13:44:34.311892  7548  7548 D Diag_Lib: diag_mdlog_exit set tx_mode to 0
04-17 13:44:34.311929  7548  7548 D Diag_Lib: diag: In diag_configure_peripheral_buffering_tx_mode, request for buffer configuring pd 1
04-17 13:44:34.312109  7548  7548 D Diag_Lib: diag: diag_configure_peripheral_buffering_tx_mode: update current_tx_mode_params, per: 1, mode: 0
04-17 13:44:34.312146  7548  7548 D Diag_Lib: diag: In diag_configure_peripheral_buffering_tx_mode, request for buffer configuring pd 10
04-17 13:44:34.312235  7548  7548 D Diag_Lib: diag: diag_configure_peripheral_buffering_tx_mode: update current_tx_mode_params, per: 10, mode: 0
04-17 13:44:34.312267  7548  7548 D Diag_Lib: diag: Voting real_time: 0
04-17 13:44:34.312291  7548  7548 D Diag_Lib: diag: Requesting real_time: 1, current_buf_mode: 0
04-17 13:44:34.314194  2880  2880 I wpa_supplicant: wlan0: Do not deauthenticate as part of interface deinit since WoWLAN is enabled
--------- switch to kernel
04-17 13:44:34.311385     0     0 I         : c1      1 init: Sending signal 15 to service 'diag_mdlog_start' (pid 7548) process group...
04-17 13:44:34.311982     0     0 I         : c1      1 init: Sending signal 15 to service 'vendor.ssgtzd' (pid 3650) process group...
04-17 13:44:34.313638     0     0 I         : c1      1 init: Sending signal 15 to service 'wpa_supplicant' (pid 2880) process group...
--------- switch to main
04-17 13:44:34.324174  2608  3088 E InputClassifier: Error communicating with InputClassifier HAL. Exiting MotionClassifier HAL thread
04-17 13:44:34.324901  9344  9344 D ProcessState: Binder ioctl to enable oneway spam detection failed: Invalid argument
04-17 13:44:34.325429   573   573 E servicemanager: Could not find android.hardware.light.ILights/default in the VINTF manifest.
04-17 13:44:34.325605  9344  9344 D hw-ProcessState: Binder ioctl to enable oneway spam detection failed: Invalid argument
--------- switch to kernel
04-17 13:44:34.314619     0     0 I         : c1      1 init: Sending signal 15 to service 'vendor.input.classifier-1-0' (pid 2772) process group...
04-17 13:44:34.316893     0     0 I         : c1      1 init: Sending signal 15 to service 'vendor.ims_rtp_daemon' (pid 2517) process group...
04-17 13:44:34.317928     0     0 I         : c1      1 init: Sending signal 15 to service 'vendor.imsrcsservice' (pid 2120) process group...
04-17 13:44:34.318786     0     0 I         : c1      1 init: Sending signal 15 to service 'vendor.thermal-hal-2-0' (pid 1971) process group...
04-17 13:44:34.322995     0     0 E         : c5   3731 smcinvoke: process_tzcb_req: sever is either invalid or defunct
04-17 13:44:34.323011     0     0 E         : c5   3731 smcinvoke: process_tzcb_req: server invalid, res: -90
04-17 13:44:34.324746     0     0 I         : c7   9344 binder: 9344:9344 ioctl 40046210 7fc25cd3c4 returned -22
04-17 13:44:34.325299     0     0 E         : c5   3731 smcinvoke: process_tzcb_req: sever is either invalid or defunct
04-17 13:44:34.325309     0     0 E         : c5   3731 smcinvoke: process_tzcb_req: server invalid, res: -90
04-17 13:44:34.325482     0     0 I         : c7   9344 binder: 9344:9344 ioctl 40046210 7fc25cd284 returned -22
--------- switch to main
04-17 13:44:34.326083   575   575 I hwservicemanager: getTransport: Cannot find entry android.hardware.light@2.0::ILight/default in either framework or device VINTF manifest.
04-17 13:44:34.326227  9344  9344 E blank_screen: Could not retrieve light service.
04-17 13:44:34.326894  2880  2880 I wpa_supplicant: nl80211: deinit ifname=wlan0 disabled_11b_rates=0
04-17 13:44:34.327519  2880  2880 I wpa_supplicant: wlan0: CTRL-EVENT-TERMINATING 
04-17 13:44:34.328154  2608  2882 E HardwarePropertiesManagerService-JNI: ThermalHAL just died
