04-17 13:45:13.055442  2857  2857 D wpa_supplicant: nl80211: Supported vendor command: vendor_id=0x1374 subcmd=30
04-17 13:45:13.055447  2857  2857 D wpa_supplicant: nl80211: Supported vendor command: vendor_id=0x1374 subcmd=32
04-17 13:45:13.055452  2857  2857 D wpa_supplicant: nl80211: Supported vendor command: vendor_id=0x1374 subcmd=33
04-17 13:45:13.055457  2857  2857 D wpa_supplicant: nl80211: Supported vendor command: vendor_id=0x1374 subcmd=69
04-17 13:45:13.055462  2857  2857 D wpa_supplicant: nl80211: Supported vendor command: vendor_id=0x1374 subcmd=16
04-17 13:45:13.055466  2857  2857 D wpa_supplicant: nl80211: Supported vendor command: vendor_id=0x1374 subcmd=14
04-17 13:45:13.055471  2857  2857 D wpa_supplicant: nl80211: Supported vendor command: vendor_id=0x1374 subcmd=15
04-17 13:45:13.055476  2857  2857 D wpa_supplicant: nl80211: Supported vendor command: vendor_id=0x1374 subcmd=34
04-17 13:45:13.055480  2857  2857 D wpa_supplicant: nl80211: Supported vendor command: vendor_id=0x1374 subcmd=35
04-17 13:45:13.055486  2857  2857 D wpa_supplicant: nl80211: Supported vendor command: vendor_id=0x1374 subcmd=36
04-17 13:45:13.055490  2857  2857 D wpa_supplicant: nl80211: Supported vendor command: vendor_id=0x1374 subcmd=38
04-17 13:45:13.055495  2857  2857 D wpa_supplicant: nl80211: Supported vendor command: vendor_id=0x1374 subcmd=39
04-17 13:45:13.055500  2857  2857 D wpa_supplicant: nl80211: Supported vendor command: vendor_id=0x1374 subcmd=42
04-17 13:45:13.055504  2857  2857 D wpa_supplicant: nl80211: Supported vendor command: vendor_id=0x1374 subcmd=40
04-17 13:45:13.055510  2857  2857 D wpa_supplicant: nl80211: Supported vendor command: vendor_id=0x1374 subcmd=120
04-17 13:45:13.055514  2857  2857 D wpa_supplicant: nl80211: Supported vendor command: vendor_id=0x1374 subcmd=121
04-17 13:45:13.055519  2857  2857 D wpa_supplicant: nl80211: Supported vendor command: vendor_id=0x1374 subcmd=54
04-17 13:45:13.055524  2857  2857 D wpa_supplicant: nl80211: Supported vendor command: vendor_id=0x1374 subcmd=55
04-17 13:45:13.055529  2857  2857 D wpa_supplicant: nl80211: Supported vendor command: vendor_id=0x1374 subcmd=50
04-17 13:45:13.055533  2857  2857 D wpa_supplicant: nl80211: Supported vendor command: vendor_id=0x1374 subcmd=70
04-17 13:45:13.055538  2857  2857 D wpa_supplicant: nl80211: Supported vendor command: vendor_id=0x1374 subcmd=71
04-17 13:45:13.055543  2857  2857 D wpa_supplicant: nl80211: Supported vendor command: vendor_id=0x1374 subcmd=61
04-17 13:45:13.055548  2857  2857 D wpa_supplicant: nl80211: Supported vendor command: vendor_id=0x1374 subcmd=74
04-17 13:45:13.055552  2857  2857 D wpa_supplicant: nl80211: Supported vendor command: vendor_id=0x1374 subcmd=75
04-17 13:45:13.055557  2857  2857 D wpa_supplicant: nl80211: Supported vendor command: vendor_id=0x1374 subcmd=169
04-17 13:45:13.055562  2857  2857 D wpa_supplicant: nl80211: Supported vendor command: vendor_id=0x1374 subcmd=64
04-17 13:45:13.055567  2857  2857 D wpa_supplicant: nl80211: Supported vendor command: vendor_id=0x1374 subcmd=62
04-17 13:45:13.055571  2857  2857 D wpa_supplicant: nl80211: Supported vendor command: vendor_id=0x1374 subcmd=77
04-17 13:45:13.055576  2857  2857 D wpa_supplicant: nl80211: Supported vendor command: vendor_id=0x1374 subcmd=103
04-17 13:45:13.055581  2857  2857 D wpa_supplicant: nl80211: Supported vendor command: vendor_id=0x1374 subcmd=104
04-17 13:45:13.055585  2857  2857 D wpa_supplicant: nl80211: Supported vendor command: vendor_id=0x1374 subcmd=119
04-17 13:45:13.055590  2857  2857 D wpa_supplicant: nl80211: Supported vendor command: vendor_id=0x1374 subcmd=78
04-17 13:45:13.055595  2857  2857 D wpa_supplicant: nl80211: Supported vendor command: vendor_id=0x1374 subcmd=79
04-17 13:45:13.055600  2857  2857 D wpa_supplicant: nl80211: Supported vendor command: vendor_id=0x1374 subcmd=80
04-17 13:45:13.055604  2857  2857 D wpa_supplicant: nl80211: Supported vendor command: vendor_id=0x1374 subcmd=182
04-17 13:45:13.055609  2857  2857 D wpa_supplicant: nl80211: Supported vendor command: vendor_id=0x1374 subcmd=181
04-17 13:45:13.055614  2857  2857 D wpa_supplicant: nl80211: Supported vendor command: vendor_id=0x1374 subcmd=82
04-17 13:45:13.055619  2857  2857 D wpa_supplicant: nl80211: Supported vendor command: vendor_id=0x1374 subcmd=76
04-17 13:45:13.055624  2857  2857 D wpa_supplicant: nl80211: Supported vendor command: vendor_id=0x1374 subcmd=106
04-17 13:45:13.055629  2857  2857 D wpa_supplicant: nl80211: Supported vendor command: vendor_id=0x1374 subcmd=145
04-17 13:45:13.055634  2857  2857 D wpa_supplicant: nl80211: Supported vendor command: vendor_id=0x1374 subcmd=92
04-17 13:45:13.055639  2857  2857 D wpa_supplicant: nl80211: Supported vendor command: vendor_id=0x1374 subcmd=93
04-17 13:45:13.055644  2857  2857 D wpa_supplicant: nl80211: Supported vendor command: vendor_id=0x1374 subcmd=94
04-17 13:45:13.055649  2857  2857 D wpa_supplicant: nl80211: Supported vendor command: vendor_id=0x1374 subcmd=95
04-17 13:45:13.055654  2857  2857 D wpa_supplicant: nl80211: Supported vendor command: vendor_id=0x1374 subcmd=96
04-17 13:45:13.055659  2857  2857 D wpa_supplicant: nl80211: Supported vendor command: vendor_id=0x1374 subcmd=97
04-17 13:45:13.055664  2857  2857 D wpa_supplicant: nl80211: Supported vendor command: vendor_id=0x1374 subcmd=98
04-17 13:45:13.055669  2857  2857 D wpa_supplicant: nl80211: Supported vendor command: vendor_id=0x1374 subcmd=99
04-17 13:45:13.055674  2857  2857 D wpa_supplicant: nl80211: Supported vendor command: vendor_id=0x1374 subcmd=101
04-17 13:45:13.055679  2857  2857 D wpa_supplicant: nl80211: Supported vendor command: vendor_id=0x1374 subcmd=108
04-17 13:45:13.055684  2857  2857 D wpa_supplicant: nl80211: Supported vendor command: vendor_id=0x1374 subcmd=102
04-17 13:45:13.055688  2857  2857 D wpa_supplicant: nl80211: Supported vendor command: vendor_id=0x1374 subcmd=109
04-17 13:45:13.055693  2857  2857 D wpa_supplicant: nl80211: Supported vendor command: vendor_id=0x1374 subcmd=115
04-17 13:45:13.055698  2857  2857 D wpa_supplicant: nl80211: Supported vendor command: vendor_id=0x1374 subcmd=83
04-17 13:45:13.055703  2857  2857 D wpa_supplicant: nl80211: Supported vendor command: vendor_id=0x1374 subcmd=116
04-17 13:45:13.055708  2857  2857 D wpa_supplicant: nl80211: Supported vendor command: vendor_id=0x1374 subcmd=117
04-17 13:45:13.055713  2857  2857 D wpa_supplicant: nl80211: Supported vendor command: vendor_id=0x1374 subcmd=10
04-17 13:45:13.055718  2857  2857 D wpa_supplicant: nl80211: Supported vendor command: vendor_id=0x1374 subcmd=118
04-17 13:45:13.055724  2857  2857 D wpa_supplicant: nl80211: Supported vendor command: vendor_id=0x1374 subcmd=122
04-17 13:45:13.055729  2857  2857 D wpa_supplicant: nl80211: Supported vendor command: vendor_id=0x1374 subcmd=123
04-17 13:45:13.055733  2857  2857 D wpa_supplicant: nl80211: Supported vendor command: vendor_id=0x1374 subcmd=124
04-17 13:45:13.055738  2857  2857 D wpa_supplicant: nl80211: Supported vendor command: vendor_id=0x1374 subcmd=85
04-17 13:45:13.055744  2857  2857 D wpa_supplicant: nl80211: Supported vendor command: vendor_id=0x1374 subcmd=84
04-17 13:45:13.055749  2857  2857 D wpa_supplicant: nl80211: Supported vendor command: vendor_id=0x1374 subcmd=147
04-17 13:45:13.055754  2857  2857 D wpa_supplicant: nl80211: Supported vendor command: vendor_id=0x1374 subcmd=105
04-17 13:45:13.055759  2857  2857 D wpa_supplicant: nl80211: Supported vendor command: vendor_id=0x1374 subcmd=9
04-17 13:45:13.055764  2857  2857 D wpa_supplicant: nl80211: Supported vendor command: vendor_id=0x1374 subcmd=137
04-17 13:45:13.055769  2857  2857 D wpa_supplicant: nl80211: Supported vendor command: vendor_id=0x1374 subcmd=143
04-17 13:45:13.055774  2857  2857 D wpa_supplicant: nl80211: Supported vendor command: vendor_id=0x1374 subcmd=164
04-17 13:45:13.055779  2857  2857 D wpa_supplicant: nl80211: Supported vendor command: vendor_id=0x1374 subcmd=180
04-17 13:45:13.055784  2857  2857 D wpa_supplicant: nl80211: Supported vendor command: vendor_id=0x1374 subcmd=146
04-17 13:45:13.055789  2857  2857 D wpa_supplicant: nl80211: Supported vendor command: vendor_id=0x1374 subcmd=152
04-17 13:45:13.055794  2857  2857 D wpa_supplicant: nl80211: Supported vendor command: vendor_id=0x1374 subcmd=127
04-17 13:45:13.055799  2857  2857 D wpa_supplicant: nl80211: Supported vendor command: vendor_id=0x1374 subcmd=149
04-17 13:45:13.055804  2857  2857 D wpa_supplicant: nl80211: Supported vendor command: vendor_id=0x1374 subcmd=150
04-17 13:45:13.055809  2857  2857 D wpa_supplicant: nl80211: Supported vendor command: vendor_id=0x1374 subcmd=151
04-17 13:45:13.055814  2857  2857 D wpa_supplicant: nl80211: Supported vendor command: vendor_id=0x1374 subcmd=154
04-17 13:45:13.055819  2857  2857 D wpa_supplicant: nl80211: Supported vendor command: vendor_id=0x1374 subcmd=155
04-17 13:45:13.055824  2857  2857 D wpa_supplicant: nl80211: Supported vendor command: vendor_id=0x1374 subcmd=158
04-17 13:45:13.055829  2857  2857 D wpa_supplicant: nl80211: Supported vendor command: vendor_id=0x1374 subcmd=159
04-17 13:45:13.055834  2857  2857 D wpa_supplicant: nl80211: Supported vendor command: vendor_id=0x1374 subcmd=160
04-17 13:45:13.055838  2857  2857 D wpa_supplicant: nl80211: Supported vendor command: vendor_id=0x1374 subcmd=161
04-17 13:45:13.055843  2857  2857 D wpa_supplicant: nl80211: Supported vendor command: vendor_id=0x1374 subcmd=138
04-17 13:45:13.055848  2857  2857 D wpa_supplicant: nl80211: Supported vendor command: vendor_id=0x1374 subcmd=156
04-17 13:45:13.055853  2857  2857 D wpa_supplicant: nl80211: Supported vendor command: vendor_id=0x1374 subcmd=12
04-17 13:45:13.055857  2857  2857 D wpa_supplicant: nl80211: Supported vendor command: vendor_id=0x1374 subcmd=171
04-17 13:45:13.055862  2857  2857 D wpa_supplicant: nl80211: Supported vendor command: vendor_id=0x1374 subcmd=81
04-17 13:45:13.055867  2857  2857 D wpa_supplicant: nl80211: Supported vendor command: vendor_id=0x1374 subcmd=177
04-17 13:45:13.055872  2857  2857 D wpa_supplicant: nl80211: Supported vendor command: vendor_id=0x1374 subcmd=167
04-17 13:45:13.055877  2857  2857 D wpa_supplicant: nl80211: Supported vendor event: vendor_id=0x1374 subcmd=10
04-17 13:45:13.055881  2857  2857 D wpa_supplicant: nl80211: Supported vendor event: vendor_id=0x1374 subcmd=12
04-17 13:45:13.055886  2857  2857 D wpa_supplicant: nl80211: Supported vendor event: vendor_id=0x1374 subcmd=13
04-17 13:45:13.055891  2857  2857 D wpa_supplicant: nl80211: Supported vendor event: vendor_id=0x1374 subcmd=20
04-17 13:45:13.055896  2857  2857 D wpa_supplicant: nl80211: Supported vendor event: vendor_id=0x1374 subcmd=21
04-17 13:45:13.055904  2857  2857 D wpa_supplicant: nl80211: Supported vendor event: vendor_id=0x1374 subcmd=23
04-17 13:45:13.055908  2857  2857 D wpa_supplicant: nl80211: Supported vendor event: vendor_id=0x1374 subcmd=24
04-17 13:45:13.055915  2857  2857 D wpa_supplicant: nl80211: Supported vendor event: vendor_id=0x1374 subcmd=25
04-17 13:45:13.055919  2857  2857 D wpa_supplicant: nl80211: Supported vendor event: vendor_id=0x1374 subcmd=26
04-17 13:45:13.055924  2857  2857 D wpa_supplicant: nl80211: Supported vendor event: vendor_id=0x1374 subcmd=27
04-17 13:45:13.055928  2857  2857 D wpa_supplicant: nl80211: Supported vendor event: vendor_id=0x1374 subcmd=28
04-17 13:45:13.055933  2857  2857 D wpa_supplicant: nl80211: Supported vendor event: vendor_id=0x1374 subcmd=29
04-17 13:45:13.055938  2857  2857 D wpa_supplicant: nl80211: Supported vendor event: vendor_id=0x1374 subcmd=30
04-17 13:45:13.055942  2857  2857 D wpa_supplicant: nl80211: Supported vendor event: vendor_id=0x1374 subcmd=31
04-17 13:45:13.055947  2857  2857 D wpa_supplicant: nl80211: Supported vendor event: vendor_id=0x1374 subcmd=32
04-17 13:45:13.055951  2857  2857 D wpa_supplicant: nl80211: Supported vendor event: vendor_id=0x1374 subcmd=33
04-17 13:45:13.055956  2857  2857 D wpa_supplicant: nl80211: Supported vendor event: vendor_id=0x1374 subcmd=14
04-17 13:45:13.055960  2857  2857 D wpa_supplicant: nl80211: Supported vendor event: vendor_id=0x1374 subcmd=15
04-17 13:45:13.055965  2857  2857 D wpa_supplicant: nl80211: Supported vendor event: vendor_id=0x1374 subcmd=16
04-17 13:45:13.055969  2857  2857 D wpa_supplicant: nl80211: Supported vendor event: vendor_id=0x1374 subcmd=17
04-17 13:45:13.055973  2857  2857 D wpa_supplicant: nl80211: Supported vendor event: vendor_id=0x1374 subcmd=18
04-17 13:45:13.055978  2857  2857 D wpa_supplicant: nl80211: Supported vendor event: vendor_id=0x1374 subcmd=19
04-17 13:45:13.055982  2857  2857 D wpa_supplicant: nl80211: Supported vendor event: vendor_id=0x1374 subcmd=127
04-17 13:45:13.055987  2857  2857 D wpa_supplicant: nl80211: Supported vendor event: vendor_id=0x1374 subcmd=37
04-17 13:45:13.055991  2857  2857 D wpa_supplicant: nl80211: Supported vendor event: vendor_id=0x1374 subcmd=54
04-17 13:45:13.055996  2857  2857 D wpa_supplicant: nl80211: Supported vendor event: vendor_id=0x1374 subcmd=51
04-17 13:45:13.056001  2857  2857 D wpa_supplicant: nl80211: Supported vendor event: vendor_id=0x1374 subcmd=56
04-17 13:45:13.056005  2857  2857 D wpa_supplicant: nl80211: Supported vendor event: vendor_id=0x1374 subcmd=57
04-17 13:45:13.056010  2857  2857 D wpa_supplicant: nl80211: Supported vendor event: vendor_id=0x1374 subcmd=58
04-17 13:45:13.056014  2857  2857 D wpa_supplicant: nl80211: Supported vendor event: vendor_id=0x1374 subcmd=59
04-17 13:45:13.056019  2857  2857 D wpa_supplicant: nl80211: Supported vendor event: vendor_id=0x1374 subcmd=60
04-17 13:45:13.056023  2857  2857 D wpa_supplicant: nl80211: Supported vendor event: vendor_id=0x1374 subcmd=41
04-17 13:45:13.056028  2857  2857 D wpa_supplicant: nl80211: Supported vendor event: vendor_id=0x1374 subcmd=72
04-17 13:45:13.056033  2857  2857 D wpa_supplicant: nl80211: Supported vendor event: vendor_id=0x1374 subcmd=73
04-17 13:45:13.056037  2857  2857 D wpa_supplicant: nl80211: Supported vendor event: vendor_id=0x0 subcmd=0
04-17 13:45:13.056042  2857  2857 D wpa_supplicant: nl80211: Supported vendor event: vendor_id=0x0 subcmd=0
04-17 13:45:13.056047  2857  2857 D wpa_supplicant: nl80211: Supported vendor event: vendor_id=0x0 subcmd=0
04-17 13:45:13.056053  2857  2857 D wpa_supplicant: nl80211: Supported vendor event: vendor_id=0x0 subcmd=0
04-17 13:45:13.056058  2857  2857 D wpa_supplicant: nl80211: Supported vendor event: vendor_id=0x0 subcmd=0
04-17 13:45:13.056064  2857  2857 D wpa_supplicant: nl80211: Supported vendor event: vendor_id=0x1374 subcmd=80
04-17 13:45:13.056069  2857  2857 D wpa_supplicant: nl80211: Supported vendor event: vendor_id=0x1374 subcmd=100
04-17 13:45:13.056073  2857  2857 D wpa_supplicant: nl80211: Supported vendor event: vendor_id=0x1374 subcmd=106
04-17 13:45:13.056078  2857  2857 D wpa_supplicant: nl80211: Supported vendor event: vendor_id=0x1374 subcmd=107
04-17 13:45:13.056082  2857  2857 D wpa_supplicant: nl80211: Supported vendor event: vendor_id=0x1374 subcmd=102
04-17 13:45:13.056087  2857  2857 D wpa_supplicant: nl80211: Supported vendor event: vendor_id=0x1374 subcmd=181
04-17 13:45:13.056092  2857  2857 D wpa_supplicant: nl80211: Supported vendor event: vendor_id=0x1374 subcmd=119
04-17 13:45:13.056096  2857  2857 D wpa_supplicant: nl80211: Supported vendor event: vendor_id=0x1374 subcmd=81
04-17 13:45:13.056101  2857  2857 D wpa_supplicant: nl80211: Supported vendor event: vendor_id=0x1374 subcmd=123
04-17 13:45:13.056106  2857  2857 D wpa_supplicant: nl80211: Supported vendor event: vendor_id=0x1374 subcmd=124
04-17 13:45:13.056110  2857  2857 D wpa_supplicant: nl80211: Supported vendor event: vendor_id=0x1374 subcmd=147
04-17 13:45:13.056115  2857  2857 D wpa_supplicant: nl80211: Supported vendor event: vendor_id=0x1374 subcmd=148
04-17 13:45:13.056119  2857  2857 D wpa_supplicant: nl80211: Supported vendor event: vendor_id=0x1374 subcmd=150
04-17 13:45:13.056124  2857  2857 D wpa_supplicant: nl80211: Supported vendor event: vendor_id=0x1374 subcmd=157
04-17 13:45:13.056129  2857  2857 D wpa_supplicant: nl80211: Supported vendor event: vendor_id=0x0 subcmd=0
04-17 13:45:13.056133  2857  2857 D wpa_supplicant: nl80211: Supported vendor event: vendor_id=0x1374 subcmd=165
04-17 13:45:13.056138  2857  2857 D wpa_supplicant: nl80211: Supported vendor event: vendor_id=0x1374 subcmd=171
04-17 13:45:13.056142  2857  2857 D wpa_supplicant: nl80211: Supported vendor event: vendor_id=0x1374 subcmd=174
04-17 13:45:13.056147  2857  2857 D wpa_supplicant: nl80211: Supported vendor event: vendor_id=0x1374 subcmd=101
04-17 13:45:13.056152  2857  2857 D wpa_supplicant: nl80211: Supported vendor event: vendor_id=0x0 subcmd=0
04-17 13:45:13.056156  2857  2857 D wpa_supplicant: nl80211: Supported vendor event: vendor_id=0x1374 subcmd=180
04-17 13:45:13.056161  2857  2857 D wpa_supplicant: nl80211: Supported vendor event: vendor_id=0x1374 subcmd=64
04-17 13:45:13.056166  2857  2857 D wpa_supplicant: nl80211: Supported vendor event: vendor_id=0x1374 subcmd=182
04-17 13:45:13.056170  2857  2857 D wpa_supplicant: nl80211: Supported vendor event: vendor_id=0x1374 subcmd=187
04-17 13:45:13.056175  2857  2857 D wpa_supplicant: nl80211: Supported vendor event: vendor_id=0x1374 subcmd=188
04-17 13:45:13.056183  2857  2857 D wpa_supplicant: nl80211: STATION supported key_mgmt 0x1fff6f
04-17 13:45:13.056189  2857  2857 D wpa_supplicant: nl80211: P2P_CLIENT supported key_mgmt 0x1fff6f
04-17 13:45:13.056195  2857  2857 D wpa_supplicant: nl80211: AP supported key_mgmt 0x1040c
04-17 13:45:13.056200  2857  2857 D wpa_supplicant: nl80211: P2P_GO supported key_mgmt 0x1040c
04-17 13:45:13.056209  2857  2857 D wpa_supplicant: nl80211: Use separate P2P group interface (driver advertised support)
04-17 13:45:13.056218  2857  2857 D wpa_supplicant: nl80211: Enable multi-channel concurrent (driver advertised support)
04-17 13:45:13.056260  2857  2857 D wpa_supplicant: nl80211: DFS offload capability: 0
04-17 13:45:13.056309  2857  2857 D wpa_supplicant: nl80211: key_mgmt=0x1fff6f enc=0x76f auth=0x7 flags=0x108d7a769abcfbc0 rrm_flags=0x0 probe_resp_offloads=0x0 max_stations=32 max_remain_on_chan=5000 max_scan_ssids=10
04-17 13:45:13.056316  2857  2857 D wpa_supplicant: nl80211: interface wlan0 in phy phy0
04-17 13:45:13.056353  2857  2857 D wpa_supplicant: nl80211: Set mode ifindex 20 iftype 2 (STATION)
04-17 13:45:13.056383  2857  2857 D wpa_supplicant: nl80211: Subscribe to mgmt frames with non-AP handle 0xb40000774dc35eb0
04-17 13:45:13.056391  2857  2857 D wpa_supplicant: nl80211: Register frame type=0xb0 (WLAN_FC_STYPE_AUTH) nl_handle=0xb40000774dc35eb0 match=0300 multicast=0
04-17 13:45:13.056405  2857  2857 D wpa_supplicant: nl80211: Register frame type=0xd0 (WLAN_FC_STYPE_ACTION) nl_handle=0xb40000774dc35eb0 match=0104 multicast=0
04-17 13:45:13.056416  2857  2857 D wpa_supplicant: nl80211: Register frame type=0xd0 (WLAN_FC_STYPE_ACTION) nl_handle=0xb40000774dc35eb0 match=040a multicast=0
04-17 13:45:13.056427  2857  2857 D wpa_supplicant: nl80211: Register frame type=0xd0 (WLAN_FC_STYPE_ACTION) nl_handle=0xb40000774dc35eb0 match=040b multicast=0
04-17 13:45:13.056437  2857  2857 D wpa_supplicant: nl80211: Register frame type=0xd0 (WLAN_FC_STYPE_ACTION) nl_handle=0xb40000774dc35eb0 match=040c multicast=0
04-17 13:45:13.056448  2857  2857 D wpa_supplicant: nl80211: Register frame type=0xd0 (WLAN_FC_STYPE_ACTION) nl_handle=0xb40000774dc35eb0 match=040d multicast=0
04-17 13:45:13.056458  2857  2857 D wpa_supplicant: nl80211: Register frame type=0xd0 (WLAN_FC_STYPE_ACTION) nl_handle=0xb40000774dc35eb0 match=090a multicast=0
04-17 13:45:13.056468  2857  2857 D wpa_supplicant: nl80211: Register frame type=0xd0 (WLAN_FC_STYPE_ACTION) nl_handle=0xb40000774dc35eb0 match=090b multicast=0
04-17 13:45:13.056479  2857  2857 D wpa_supplicant: nl80211: Register frame type=0xd0 (WLAN_FC_STYPE_ACTION) nl_handle=0xb40000774dc35eb0 match=090c multicast=0
04-17 13:45:13.056489  2857  2857 D wpa_supplicant: nl80211: Register frame type=0xd0 (WLAN_FC_STYPE_ACTION) nl_handle=0xb40000774dc35eb0 match=090d multicast=0
04-17 13:45:13.056501  2857  2857 D wpa_supplicant: nl80211: Register frame type=0xd0 (WLAN_FC_STYPE_ACTION) nl_handle=0xb40000774dc35eb0 match=0409506f9a09 multicast=0
04-17 13:45:13.056512  2857  2857 D wpa_supplicant: nl80211: Register frame type=0xd0 (WLAN_FC_STYPE_ACTION) nl_handle=0xb40000774dc35eb0 match=7f506f9a09 multicast=0
04-17 13:45:13.056523  2857  2857 D wpa_supplicant: nl80211: Register frame type=0xd0 (WLAN_FC_STYPE_ACTION) nl_handle=0xb40000774dc35eb0 match=0409506f9a1a multicast=0
04-17 13:45:13.056533  2857  2857 D wpa_supplicant: nl80211: Register frame type=0xd0 (WLAN_FC_STYPE_ACTION) nl_handle=0xb40000774dc35eb0 match=0801 multicast=0
04-17 13:45:13.056543  2857  2857 D wpa_supplicant: nl80211: Register frame type=0xd0 (WLAN_FC_STYPE_ACTION) nl_handle=0xb40000774dc35eb0 match=040e multicast=0
04-17 13:45:13.056554  2857  2857 D wpa_supplicant: nl80211: Register frame type=0xd0 (WLAN_FC_STYPE_ACTION) nl_handle=0xb40000774dc35eb0 match=06 multicast=0
04-17 13:45:13.056565  2857  2857 D wpa_supplicant: nl80211: Register frame type=0xd0 (WLAN_FC_STYPE_ACTION) nl_handle=0xb40000774dc35eb0 match=0a07 multicast=0
04-17 13:45:13.056577  2857  2857 D wpa_supplicant: nl80211: Register frame type=0xd0 (WLAN_FC_STYPE_ACTION) nl_handle=0xb40000774dc35eb0 match=0a11 multicast=0
04-17 13:45:13.056588  2857  2857 D wpa_supplicant: nl80211: Register frame type=0xd0 (WLAN_FC_STYPE_ACTION) nl_handle=0xb40000774dc35eb0 match=0a0b multicast=0
04-17 13:45:13.056598  2857  2857 D wpa_supplicant: nl80211: Register frame type=0xd0 (WLAN_FC_STYPE_ACTION) nl_handle=0xb40000774dc35eb0 match=0a1a multicast=0
04-17 13:45:13.056609  2857  2857 D wpa_supplicant: nl80211: Register frame type=0xd0 (WLAN_FC_STYPE_ACTION) nl_handle=0xb40000774dc35eb0 match=1101 multicast=0
04-17 13:45:13.056619  2857  2857 D wpa_supplicant: nl80211: Register frame type=0xd0 (WLAN_FC_STYPE_ACTION) nl_handle=0xb40000774dc35eb0 match=1102 multicast=0
04-17 13:45:13.056630  2857  2857 D wpa_supplicant: nl80211: Register frame type=0xd0 (WLAN_FC_STYPE_ACTION) nl_handle=0xb40000774dc35eb0 match=0505 multicast=0
04-17 13:45:13.056640  2857  2857 D wpa_supplicant: nl80211: Register frame type=0xd0 (WLAN_FC_STYPE_ACTION) nl_handle=0xb40000774dc35eb0 match=0500 multicast=0
04-17 13:45:13.056651  2857  2857 D wpa_supplicant: nl80211: Register frame type=0xd0 (WLAN_FC_STYPE_ACTION) nl_handle=0xb40000774dc35eb0 match=1305 multicast=0
04-17 13:45:13.056791  2857  2857 I wpa_supplicant: rfkill: Cannot open RFKILL control device
04-17 13:45:13.056798  2857  2857 D wpa_supplicant: nl80211: RFKILL status not available
04-17 13:45:13.056833  2857  2857 D wpa_supplicant: netlink: Operstate: ifindex=20 linkmode=1 (userspace-control), operstate=5 (IF_OPER_DORMANT)
04-17 13:45:13.057640  2857  2857 D wpa_supplicant: nl80211: driver param='use_p2p_group_interface=1'
04-17 13:45:13.057668  2857  2857 D wpa_supplicant: nl80211: Use separate P2P group interface
04-17 13:45:13.057676  2857  2857 D wpa_supplicant: Add interface wlan0 to a new radio phy0
04-17 13:45:13.057943  2594  2662 I EthernetTracker: interfaceLinkStateChanged, iface: wlan0, up: false
04-17 13:45:13.059171  2857  2857 D wpa_supplicant: nl80211: Regulatory information - country=US (DFS-FCC)
04-17 13:45:13.059213  2857  2857 D wpa_supplicant: nl80211: 2402-2472 @ 40 MHz 30 mBm
04-17 13:45:13.059231  2857  2857 D wpa_supplicant: nl80211: 5170-5250 @ 80 MHz 24 mBm
04-17 13:45:13.059247  2857  2857 D wpa_supplicant: nl80211: 5250-5330 @ 80 MHz 24 mBm (DFS)
04-17 13:45:13.059262  2857  2857 D wpa_supplicant: nl80211: 5490-5730 @ 160 MHz 24 mBm (DFS)
04-17 13:45:13.059277  2857  2857 D wpa_supplicant: nl80211: 5735-5835 @ 80 MHz 30 mBm
04-17 13:45:13.059318  2857  2857 D wpa_supplicant: nl80211: Added 802.11b mode based on 802.11g information
04-17 13:45:13.059345  2857  2857 D wpa_supplicant: nl80211: Mode IEEE 802.11g: 2412 2417 2422 2427 2432 2437 2442 2447 2452 2457 2462 2467[DISABLED] 2472[DISABLED] 2484[DISABLED]
04-17 13:45:13.059371  2857  2857 D wpa_supplicant: nl80211: Mode IEEE 802.11a: 5180 5200 5220 5240 5260[RADAR] 5280[RADAR] 5300[RADAR] 5320[RADAR] 5500[RADAR] 5520[RADAR] 5540[RADAR] 5560[RADAR] 5580[RADAR] 5600[RADAR] 5620[RADAR] 5640[RADAR] 5660[RADAR] 5680[RADAR]
04-17 13:45:13.059393  2857  2857 D wpa_supplicant: nl80211: Mode IEEE 802.11b: 2412 2417 2422 2427 2432 2437 2442 2447 2452 2457 2462 2467[DISABLED] 2472[DISABLED] 2484[DISABLED]
04-17 13:45:13.060661  2857  2857 D wpa_supplicant: wlan0: Own MAC address: 58:24:29:49:70:19
04-17 13:45:13.060822  2857  2857 D wpa_supplicant: wpa_driver_nl80211_set_key: ifindex=20 (wlan0) alg=0 addr=0x0 key_idx=0 set_tx=0 seq_len=0 key_len=0 key_flag=0x10
04-17 13:45:13.060842  2857  2857 D wpa_supplicant: nl80211: DEL_KEY
04-17 13:45:13.060860  2857  2857 D wpa_supplicant:    broadcast key
04-17 13:45:13.061004  2857  2857 D wpa_supplicant: wpa_driver_nl80211_set_key: ifindex=20 (wlan0) alg=0 addr=0x0 key_idx=1 set_tx=0 seq_len=0 key_len=0 key_flag=0x10
04-17 13:45:13.061022  2857  2857 D wpa_supplicant: nl80211: DEL_KEY
04-17 13:45:13.061036  2857  2857 D wpa_supplicant:    broadcast key
04-17 13:45:13.061143  2857  2857 D wpa_supplicant: wpa_driver_nl80211_set_key: ifindex=20 (wlan0) alg=0 addr=0x0 key_idx=2 set_tx=0 seq_len=0 key_len=0 key_flag=0x10
04-17 13:45:13.061162  2857  2857 D wpa_supplicant: nl80211: DEL_KEY
04-17 13:45:13.061176  2857  2857 D wpa_supplicant:    broadcast key
04-17 13:45:13.061431  2594  2594 E BitmapFactory: Unable to decode stream: java.io.FileNotFoundException: /data/system/users/0/wallpaper_orig: open failed: ENOENT (No such file or directory)
--------- switch to system
04-17 13:45:13.061482  2594  2594 W WallpaperManagerService: Invalid wallpaper data
04-17 13:45:13.061517  2594  2594 E WallpaperManagerService: Unable to apply new wallpaper
--------- switch to main
04-17 13:45:13.061653  2857  2857 D wpa_supplicant: wpa_driver_nl80211_set_key: ifindex=20 (wlan0) alg=0 addr=0x0 key_idx=3 set_tx=0 seq_len=0 key_len=0 key_flag=0x10
04-17 13:45:13.061681  2857  2857 D wpa_supplicant: nl80211: DEL_KEY
04-17 13:45:13.061697  2857  2857 D wpa_supplicant:    broadcast key
04-17 13:45:13.061817  2857  2857 D wpa_supplicant: wpa_driver_nl80211_set_key: ifindex=20 (wlan0) alg=0 addr=0x0 key_idx=4 set_tx=0 seq_len=0 key_len=0 key_flag=0x10
04-17 13:45:13.061835  2857  2857 D wpa_supplicant: nl80211: DEL_KEY
04-17 13:45:13.061849  2857  2857 D wpa_supplicant:    broadcast key
04-17 13:45:13.061949  2857  2857 D wpa_supplicant: wpa_driver_nl80211_set_key: ifindex=20 (wlan0) alg=0 addr=0x0 key_idx=5 set_tx=0 seq_len=0 key_len=0 key_flag=0x10
04-17 13:45:13.061967  2857  2857 D wpa_supplicant: nl80211: DEL_KEY
04-17 13:45:13.061980  2857  2857 D wpa_supplicant:    broadcast key
04-17 13:45:13.062021  2857  2857 D wpa_supplicant: wlan0: RSN: flushing PMKID list in the driver
04-17 13:45:13.062039  2857  2857 D wpa_supplicant: nl80211: Flush PMKIDs
04-17 13:45:13.062169  2857  2857 D wpa_supplicant: wlan0: State: DISCONNECTED -> INACTIVE
04-17 13:45:13.062199  2857  2857 D wpa_supplicant: Notifying state change event to hidl control: 2
04-17 13:45:13.062506  2868  2868 V GraphicsEnvironment: ANGLE Developer option for 'com.android.bluetooth' set to: 'default'
04-17 13:45:13.063131  2868  2868 V GraphicsEnvironment: ANGLE GameManagerService for com.android.bluetooth: false
04-17 13:45:13.063234  2868  2868 V GraphicsEnvironment: Neither updatable production driver nor prerelease driver is supported.
04-17 13:45:13.063780  2857  2857 D wpa_supplicant: TDLS: TDLS operation supported by driver
04-17 13:45:13.063816  2857  2857 D wpa_supplicant: TDLS: Driver uses external link setup
04-17 13:45:13.063830  2857  2857 D wpa_supplicant: TDLS: Driver does not support TDLS channel switching
--------- switch to system
04-17 13:45:13.064063  2594  2594 D SystemServerTiming: OnBootPhase_550_com.android.server.wallpaper.WallpaperManagerService$Lifecycle took to complete: 37ms
04-17 13:45:13.064133  2594  2594 I SystemServerTiming: OnBootPhase_550_com.android.server.audio.AudioService$Lifecycle
04-17 13:45:13.064295  2594  2594 D SystemServerTiming: OnBootPhase_550_com.android.server.audio.AudioService$Lifecycle took to complete: 0ms
04-17 13:45:13.064365  2594  2594 I SystemServerTiming: OnBootPhase_550_com.android.server.soundtrigger_middleware.SoundTriggerMiddlewareService$Lifecycle
04-17 13:45:13.064408  2594  2594 D SystemServerTiming: OnBootPhase_550_com.android.server.soundtrigger_middleware.SoundTriggerMiddlewareService$Lifecycle took to complete: 0ms
04-17 13:45:13.064439  2594  2594 I SystemServerTiming: OnBootPhase_550_com.android.server.DockObserver
--------- switch to main
04-17 13:45:13.064486  2857  2857 D wpa_supplicant: wlan0: WPS: UUID based on MAC address: b3ee406f-0a91-59f0-9ec8-5f442deac961
--------- switch to system
04-17 13:45:13.064491  2594  2594 D SystemServerTiming: OnBootPhase_550_com.android.server.DockObserver took to complete: 0ms
04-17 13:45:13.064528  2594  2594 I SystemServerTiming: OnBootPhase_550_com.android.server.midi.MidiService$Lifecycle
04-17 13:45:13.064566  2594  2594 D SystemServerTiming: OnBootPhase_550_com.android.server.midi.MidiService$Lifecycle took to complete: 0ms
04-17 13:45:13.064597  2594  2594 I SystemServerTiming: OnBootPhase_550_com.android.server.adb.AdbService$Lifecycle
--------- switch to main
04-17 13:45:13.064634  1149  1187 I adbd    : jdwp connection from 2890
04-17 13:45:13.065361   946  2803 D audio_hw_primary: adev_set_parameters: enter: A2dpSuspended=false
04-17 13:45:13.065440  2868  2868 D NetworkSecurityConfig: No Network Security Config specified, using platform default
04-17 13:45:13.065897  2868  2868 D NetworkSecurityConfig: No Network Security Config specified, using platform default
--------- switch to system
04-17 13:45:13.066218  2594  2801 D BluetoothManagerService: Trying to bind to profile: 1, while Bluetooth was disabled
--------- switch to main
04-17 13:45:13.066250  2857  2857 D wpa_supplicant: EAPOL: SUPP_PAE entering state DISCONNECTED
04-17 13:45:13.066279  2857  2857 D wpa_supplicant: EAPOL: Supplicant port status: Unauthorized
04-17 13:45:13.066295  2857  2857 D wpa_supplicant: nl80211: Skip set_supp_port(unauthorized) while not associated
04-17 13:45:13.066308  2857  2857 D wpa_supplicant: EAPOL: KEY_RX entering state NO_KEY_RECEIVE
04-17 13:45:13.066320  2857  2857 D wpa_supplicant: EAPOL: SUPP_BE entering state INITIALIZE
04-17 13:45:13.066335  2857  2857 D wpa_supplicant: EAP: EAP entering state DISABLED
04-17 13:45:13.066416  2857  2857 D wpa_supplicant: Using existing control interface directory.
--------- switch to system
04-17 13:45:13.066461  2594  2594 D SystemServerTiming: OnBootPhase_550_com.android.server.adb.AdbService$Lifecycle took to complete: 1ms
04-17 13:45:13.066510  2594  2594 I SystemServerTiming: OnBootPhase_550_com.android.server.usb.UsbService$Lifecycle
--------- switch to main
04-17 13:45:13.066636  2857  2857 D wpa_supplicant: nl80211: Setting wowlan
04-17 13:45:13.066825  2857  2857 D wpa_supplicant: MBO: Update non-preferred channels, non_pref_chan=N/A
04-17 13:45:13.066876  2857  2857 D wpa_supplicant: nl80211: Scan default IEs - hexdump(len=30): 7f 0b 00 00 0a 82 00 40 00 00 00 01 20 ff 03 02 00 ff dd 0a 50 6f 9a 16 03 01 03 65 01 01
04-17 13:45:13.066891  2594  2801 D BluetoothA2dp: Binding service...
--------- switch to system
04-17 13:45:13.066944  2594  2594 D SystemServerTiming: OnBootPhase_550_com.android.server.usb.UsbService$Lifecycle took to complete: 1ms
04-17 13:45:13.066987  2594  2594 I SystemServerTiming: OnBootPhase_550_com.android.server.twilight.TwilightService
04-17 13:45:13.067032  2594  2594 D SystemServerTiming: OnBootPhase_550_com.android.server.twilight.TwilightService took to complete: 0ms
--------- switch to main
04-17 13:45:13.067042  2857  2857 D wpa_supplicant: Registering interface to hidl control: wlan0
--------- switch to system
04-17 13:45:13.067064  2594  2594 I SystemServerTiming: OnBootPhase_550_com.android.server.display.color.ColorDisplayService
--------- switch to main
04-17 13:45:13.067085  2857  2857 D wpa_supplicant: wlan0: Added interface wlan0
--------- switch to system
04-17 13:45:13.067113  2594  2594 D SystemServerTiming: OnBootPhase_550_com.android.server.display.color.ColorDisplayService took to complete: 0ms
--------- switch to main
04-17 13:45:13.067136  2857  2857 D wpa_supplicant: wlan0: State: INACTIVE -> DISCONNECTED
--------- switch to system
04-17 13:45:13.067149  2594  2711 I SystemServerTimingAsync: InitThreadPoolExec:UsbService$Lifecycle#onBootPhase
--------- switch to main
04-17 13:45:13.067157  2857  2857 D wpa_supplicant: nl80211: Set wlan0 operstate 0->0 (DORMANT)
04-17 13:45:13.067179  2857  2857 D wpa_supplicant: netlink: Operstate: ifindex=20 linkmode=-1 (no change), operstate=5 (IF_OPER_DORMANT)
--------- switch to system
04-17 13:45:13.067199  2594  2594 I SystemServerTiming: OnBootPhase_550_com.android.server.job.JobSchedulerService
04-17 13:45:13.067218  2594  2711 D SystemServerInitThreadPool: Started executing UsbService$Lifecycle#onBootPhase
--------- switch to main
04-17 13:45:13.067240  2857  2857 D wpa_supplicant: Notifying state change event to hidl control: 0
--------- switch to system
04-17 13:45:13.067249  2594  2594 D SystemServerTiming: OnBootPhase_550_com.android.server.job.JobSchedulerService took to complete: 0ms
04-17 13:45:13.067281  2594  2594 I SystemServerTiming: OnBootPhase_550_com.android.server.soundtrigger.SoundTriggerService
04-17 13:45:13.067373  2594  2594 D SoundTriggerService: onBootPhase: 550 : false
04-17 13:45:13.067463  2594  2594 D SystemServerTiming: OnBootPhase_550_com.android.server.soundtrigger.SoundTriggerService took to complete: 0ms
04-17 13:45:13.067497  2594  2594 I SystemServerTiming: OnBootPhase_550_com.android.server.trust.TrustManagerService
--------- switch to main
04-17 13:45:13.067507  2857  2857 D wpa_supplicant: RTM_NEWLINK: ifi_index=20 ifname=wlan0 operstate=2 linkmode=1 ifi_family=0 ifi_flags=0x1003 ([UP])
--------- switch to system
04-17 13:45:13.067550  2594  2594 D SystemServerTiming: OnBootPhase_550_com.android.server.trust.TrustManagerService took to complete: 0ms
04-17 13:45:13.067582  2594  2594 I SystemServerTiming: OnBootPhase_550_com.android.server.backup.BackupManagerService$Lifecycle
04-17 13:45:13.067630  2594  2594 D SystemServerTiming: OnBootPhase_550_com.android.server.backup.BackupManagerService$Lifecycle took to complete: 0ms
--------- switch to events
04-17 13:45:13.067638  2594  2729 I commit_sys_config_file: [log-files,168]
--------- switch to system
04-17 13:45:13.067661  2594  2594 I SystemServerTiming: OnBootPhase_550_com.android.server.appwidget.AppWidgetService
04-17 13:45:13.067739  2594  2594 D SystemServerTiming: OnBootPhase_550_com.android.server.appwidget.AppWidgetService took to complete: 0ms
04-17 13:45:13.067772  2594  2594 I SystemServerTiming: OnBootPhase_550_com.android.server.voiceinteraction.VoiceInteractionManagerService
04-17 13:45:13.067810  2594  2594 D SystemServerTiming: OnBootPhase_550_com.android.server.voiceinteraction.VoiceInteractionManagerService took to complete: 0ms
04-17 13:45:13.067841  2594  2594 I SystemServerTiming: OnBootPhase_550_com.android.server.apphibernation.AppHibernationService
04-17 13:45:13.067878  2594  2594 D SystemServerTiming: OnBootPhase_550_com.android.server.apphibernation.AppHibernationService took to complete: 0ms
04-17 13:45:13.067938  2594  2594 I SystemServerTiming: OnBootPhase_550_com.android.server.GestureLauncherService
04-17 13:45:13.068014  2594  2594 D SystemServerTiming: OnBootPhase_550_com.android.server.GestureLauncherService took to complete: 0ms
04-17 13:45:13.068046  2594  2594 I SystemServerTiming: OnBootPhase_550_com.android.server.SensorNotificationService
04-17 13:45:13.068097  2594  2594 D SystemServerTiming: OnBootPhase_550_com.android.server.SensorNotificationService took to complete: 0ms
04-17 13:45:13.068138  2594  2594 I SystemServerTiming: OnBootPhase_550_com.android.server.ContextHubSystemService
04-17 13:45:13.068178  2594  2594 D SystemServerTiming: OnBootPhase_550_com.android.server.ContextHubSystemService took to complete: 0ms
04-17 13:45:13.068212  2594  2594 I SystemServerTiming: OnBootPhase_550_com.android.server.emergency.EmergencyAffordanceService
--------- switch to main
04-17 13:45:13.068259  2594  2801 D BluetoothHearingAid: Binding service...
--------- switch to system
04-17 13:45:13.068309  2594  2594 D SystemServerTiming: OnBootPhase_550_com.android.server.emergency.EmergencyAffordanceService took to complete: 0ms
04-17 13:45:13.068343  2594  2594 I SystemServerTiming: OnBootPhase_550_com.android.server.blob.BlobStoreManagerService
04-17 13:45:13.070434  2594  2711 D SystemServerInitThreadPool: Finished executing UsbService$Lifecycle#onBootPhase
--------- switch to main
04-17 13:45:13.070589  2890  2890 D ProcessState: Binder ioctl to enable oneway spam detection failed: Invalid argument
--------- switch to kernel
04-17 13:45:13.070574     0     0 I         : c6   2890 binder: 2890:2890 ioctl 40046210 7fd6f79ef4 returned -22
--------- switch to system
04-17 13:45:13.070989  2594  2711 D SystemServerTimingAsync: InitThreadPoolExec:UsbService$Lifecycle#onBootPhase took to complete: 3ms
--------- switch to main
04-17 13:45:13.071323   946  2803 D audio_hw_primary: adev_set_parameters: enter: BT_SCO=off
04-17 13:45:13.071765   572   580 D libnos_transport: Calling App 0 with params 0x0200
04-17 13:45:13.072050  2594  2805 I AS.AudioDeviceInventory: removePreferredDevicesForStrategySync, strategy: 14
04-17 13:45:13.072580  2594  2783 D SupplicantStaIfaceHal: Newer HAL is found, skip V1_3 remaining init flow.
04-17 13:45:13.072603  2594  2783 D SupplicantStaIfaceHal: Newer HAL is found, skip V1_2 remaining init flow.
04-17 13:45:13.072616  2594  2783 D SupplicantStaIfaceHal: Newer HAL is found, skip V1_1 remaining init flow.
04-17 13:45:13.072634  2594  2783 D SupplicantStaIfaceHal: Newer HAL is found, skip V1_0 remaining init flow.
04-17 13:45:13.073026   972   972 I android.hardware.usb@1.3-service.redfin: port0
04-17 13:45:13.073181   972   972 I android.hardware.usb@1.3-service.redfin: HAL version V1_2
04-17 13:45:13.073188   972   972 I android.hardware.usb@1.3-service.redfin: 0:port0 connected:1 canChangeMode:1 canChagedata:0 canChangePower:0 supportedModes:3
04-17 13:45:13.073234   972   972 I android.hardware.usb@1.3-service.redfin: ContaminantDetectionStatus:2 ContaminantProtectionStatus:0
--------- switch to system
04-17 13:45:13.073561  2594  2594 D SystemServerTiming: OnBootPhase_550_com.android.server.blob.BlobStoreManagerService took to complete: 5ms
04-17 13:45:13.073628  2594  2594 I SystemServerTiming: OnBootPhase_550_com.android.server.dreams.DreamManagerService
04-17 13:45:13.073682  2594  2594 D SystemServerTiming: OnBootPhase_550_com.android.server.dreams.DreamManagerService took to complete: 0ms
04-17 13:45:13.073713  2594  2594 I SystemServerTiming: OnBootPhase_550_com.android.server.print.PrintManagerService
04-17 13:45:13.073751  2594  2594 D SystemServerTiming: OnBootPhase_550_com.android.server.print.PrintManagerService took to complete: 0ms
04-17 13:45:13.073782  2594  2594 I SystemServerTiming: OnBootPhase_550_com.android.server.companion.CompanionDeviceManagerService
04-17 13:45:13.073828  2594  2594 D SystemServerTiming: OnBootPhase_550_com.android.server.companion.CompanionDeviceManagerService took to complete: 0ms
04-17 13:45:13.073859  2594  2594 I SystemServerTiming: OnBootPhase_550_com.android.server.restrictions.RestrictionsManagerService
04-17 13:45:13.073895  2594  2594 D SystemServerTiming: OnBootPhase_550_com.android.server.restrictions.RestrictionsManagerService took to complete: 0ms
04-17 13:45:13.073924  2594  2594 I SystemServerTiming: OnBootPhase_550_com.android.server.media.MediaSessionService
04-17 13:45:13.074147  2594  2679 I UsbPortManager: ClientCallback V1_2: port0
--------- switch to main
04-17 13:45:13.074274   997   997 V WifiHAL : WifiVendorCommand 0x7ff9e06590 created vendor_id:0x1374 subcmd:38
04-17 13:45:13.074349   572   580 D libnos_transport: App 0 inspection status=0x00000000 reply_len=0 protocol=1 flags=0x0000
04-17 13:45:13.074377   572   580 D libnos_transport: Send app 0 command data (0 bytes)
04-17 13:45:13.074487   997   997 V WifiHAL : Got a Wi-Fi HAL module message from Driver
04-17 13:45:13.074498   997   997 V WifiHAL : Supported feature set : 0x44ed9dff
04-17 13:45:13.074509   997   997 V WifiHAL : Supported feature set acquired : 0x44ed9dff
04-17 13:45:13.074518   997   997 V WifiHAL : WifiVendorCommand 0xb400007bfa496fd0 created vendor_id:0x1374 subcmd:76
04-17 13:45:13.074526   997   997 V WifiHAL : create: mVendor_id = 4980, Subcmd = 76.
04-17 13:45:13.074780   572   580 D libnos_transport: Send app 0 go command 0x00000200
04-17 13:45:13.074807   997   997 V WifiHAL : WifiVendorCommand 0x7ff9e06920 created vendor_id:0x1374 subcmd:38
04-17 13:45:13.074911   997   997 V WifiHAL : Got a Wi-Fi HAL module message from Driver
04-17 13:45:13.074920   997   997 V WifiHAL : Supported feature set : 0x44ed9dff
04-17 13:45:13.074957   997   997 V WifiHAL : Supported feature set acquired : 0x44ed9dff
04-17 13:45:13.074967   997   997 V WifiHAL : WifiVendorCommand 0xb400007bfa496fd0 created vendor_id:0x1374 subcmd:76
04-17 13:45:13.074975   997   997 V WifiHAL : create: mVendor_id = 4980, Subcmd = 76.
04-17 13:45:13.075221   572   580 D libnos_transport: Polling app 0
--------- switch to system
04-17 13:45:13.075278  2594  2662 I UsbPortManager: USB port added: port=UsbPort{id=port0, supportedModes=dualsupportedContaminantProtectionModes=1supportsEnableContaminantPresenceProtection=falsesupportsEnableContaminantPresenceDetection=true, status=UsbPortStatus{connected=true, currentMode=ufp, currentPowerRole=sink, currentDataRole=device, supportedRoleCombinations=[source:host, sink:device], contaminantDetectionStatus=2, contaminantProtectionStatus=0}, canChangeMode=true, canChangePowerRole=false, canChangeDataRole=false, connectedAtMillis=19033, lastConnectDurationMillis=0
04-17 13:45:13.075614  2594  2594 D SystemServerTiming: OnBootPhase_550_com.android.server.media.MediaSessionService took to complete: 1ms
04-17 13:45:13.075668  2594  2594 I SystemServerTiming: OnBootPhase_550_com.android.server.media.MediaResourceMonitorService
--------- switch to main
04-17 13:45:13.075707  2857  2857 D wpa_supplicant: Driver capability mask: 0xf
04-17 13:45:13.075989  2594  2783 I WifiNative: Successfully switched to connectivity mode on iface=Iface:{Name=wlan0,Id=0,Type=STA_CONNECTIVITY}
04-17 13:45:13.076057  2594  2783 D WifiClientModeManager[wlan0]: entering ConnectModeState, starting ClientModeImpl
--------- switch to system
04-17 13:45:13.076584  2594  2594 D SystemServerTiming: OnBootPhase_550_com.android.server.media.MediaResourceMonitorService took to complete: 0ms
04-17 13:45:13.076627  2594  2594 I SystemServerTiming: OnBootPhase_550_com.android.server.biometrics.sensors.fingerprint.FingerprintService
04-17 13:45:13.076668  2594  2594 D SystemServerTiming: OnBootPhase_550_com.android.server.biometrics.sensors.fingerprint.FingerprintService took to complete: 0ms
04-17 13:45:13.076734  2594  2594 I SystemServerTiming: OnBootPhase_550_com.android.server.biometrics.BiometricService
04-17 13:45:13.076777  2594  2594 D SystemServerTiming: OnBootPhase_550_com.android.server.biometrics.BiometricService took to complete: 0ms
04-17 13:45:13.076807  2594  2594 I SystemServerTiming: OnBootPhase_550_com.android.server.biometrics.AuthService
04-17 13:45:13.076854  2594  2594 D SystemServerTiming: OnBootPhase_550_com.android.server.biometrics.AuthService took to complete: 0ms
04-17 13:45:13.076886  2594  2594 I SystemServerTiming: OnBootPhase_550_com.android.server.pm.ShortcutService$Lifecycle
04-17 13:45:13.076937  2594  2594 D SystemServerTiming: OnBootPhase_550_com.android.server.pm.ShortcutService$Lifecycle took to complete: 0ms
04-17 13:45:13.076969  2594  2594 I SystemServerTiming: OnBootPhase_550_com.android.server.pm.LauncherAppsService
04-17 13:45:13.077006  2594  2594 D SystemServerTiming: OnBootPhase_550_com.android.server.pm.LauncherAppsService took to complete: 0ms
04-17 13:45:13.077037  2594  2594 I SystemServerTiming: OnBootPhase_550_com.android.server.pm.CrossProfileAppsService
04-17 13:45:13.077073  2594  2594 D SystemServerTiming: OnBootPhase_550_com.android.server.pm.CrossProfileAppsService took to complete: 0ms
04-17 13:45:13.077103  2594  2594 I SystemServerTiming: OnBootPhase_550_com.android.server.people.PeopleService
04-17 13:45:13.077139  2594  2594 D SystemServerTiming: OnBootPhase_550_com.android.server.people.PeopleService took to complete: 0ms
04-17 13:45:13.077185  2594  2594 I SystemServerTiming: OnBootPhase_550_com.android.server.media.metrics.MediaMetricsManagerService
04-17 13:45:13.077264  2594  2594 D SystemServerTiming: OnBootPhase_550_com.android.server.media.metrics.MediaMetricsManagerService took to complete: 0ms
04-17 13:45:13.077298  2594  2594 I SystemServerTiming: OnBootPhase_550_com.android.server.media.projection.MediaProjectionManagerService
04-17 13:45:13.077346  2594  2594 D SystemServerTiming: OnBootPhase_550_com.android.server.media.projection.MediaProjectionManagerService took to complete: 0ms
04-17 13:45:13.077376  2594  2594 I SystemServerTiming: OnBootPhase_550_com.android.server.slice.SliceManagerService$Lifecycle
04-17 13:45:13.077445  2594  2594 D SystemServerTiming: OnBootPhase_550_com.android.server.slice.SliceManagerService$Lifecycle took to complete: 0ms
04-17 13:45:13.077496  2594  2594 I SystemServerTiming: OnBootPhase_550_com.android.server.stats.StatsCompanion$Lifecycle
04-17 13:45:13.077541  2594  2594 D SystemServerTiming: OnBootPhase_550_com.android.server.stats.StatsCompanion$Lifecycle took to complete: 0ms
04-17 13:45:13.077571  2594  2594 I SystemServerTiming: OnBootPhase_550_com.android.server.scheduling.RebootReadinessManagerService$Lifecycle
04-17 13:45:13.077614  2594  2594 D SystemServerTiming: OnBootPhase_550_com.android.server.scheduling.RebootReadinessManagerService$Lifecycle took to complete: 0ms
04-17 13:45:13.077644  2594  2594 I SystemServerTiming: OnBootPhase_550_com.android.server.stats.pull.StatsPullAtomService
04-17 13:45:13.077681  2594  2594 D SystemServerTiming: OnBootPhase_550_com.android.server.stats.pull.StatsPullAtomService took to complete: 0ms
04-17 13:45:13.077709  2594  2594 I SystemServerTiming: OnBootPhase_550_com.android.server.incident.IncidentCompanionService
04-17 13:45:13.077749  2594  2594 D SystemServerTiming: OnBootPhase_550_com.android.server.incident.IncidentCompanionService took to complete: 0ms
04-17 13:45:13.077779  2594  2594 I SystemServerTiming: OnBootPhase_550_com.android.server.MmsServiceBroker
04-17 13:45:13.077816  2594  2594 D SystemServerTiming: OnBootPhase_550_com.android.server.MmsServiceBroker took to complete: 0ms
04-17 13:45:13.077855  2594  2594 I SystemServerTiming: OnBootPhase_550_com.android.server.autofill.AutofillManagerService
04-17 13:45:13.077893  2594  2594 D SystemServerTiming: OnBootPhase_550_com.android.server.autofill.AutofillManagerService took to complete: 0ms
04-17 13:45:13.077934  2594  2594 I SystemServerTiming: OnBootPhase_550_com.android.server.clipboard.ClipboardService
04-17 13:45:13.077972  2594  2594 D SystemServerTiming: OnBootPhase_550_com.android.server.clipboard.ClipboardService took to complete: 0ms
04-17 13:45:13.078002  2594  2594 I SystemServerTiming: OnBootPhase_550_com.android.server.appbinding.AppBindingService$Lifecycle
--------- switch to main
04-17 13:45:13.078840  1018  1018 I AudioFlinger: systemReady
--------- switch to system
04-17 13:45:13.079101  2594  2594 I AppBindingService: Updating constants with: null
--------- switch to main
04-17 13:45:13.079142   970  2673 I sensors-hal: [ssc_utils]get_qmi_debug_flag:243, support_qmi_debug : false
--------- switch to system
04-17 13:45:13.079195  2594  2594 D SystemServerTiming: OnBootPhase_550_com.android.server.appbinding.AppBindingService$Lifecycle took to complete: 1ms
04-17 13:45:13.079220  2594  2594 I SystemServerTiming: OnBootPhase_550_com.android.server.tracing.TracingServiceProxy
04-17 13:45:13.079248  2594  2594 D SystemServerTiming: OnBootPhase_550_com.android.server.tracing.TracingServiceProxy took to complete: 0ms
04-17 13:45:13.079265  2594  2594 I SystemServerTiming: OnBootPhase_550_com.android.server.policy.PermissionPolicyService
--------- switch to main
04-17 13:45:13.079334   572   580 D libnos_transport: App 0 polled=2 status=0x80000000 reply_len=92 flags=0x0000
04-17 13:45:13.079359   572   580 D libnos_transport: Read app 0 reply data (92 bytes)
04-17 13:45:13.081086  2594  2783 D WifiScoreReport: setShouldReduceNetworkScore=false mNetworkAgent is null? true
04-17 13:45:13.081264  2594  2783 V WifiClientModeManager[wlan0]: ClientModeManager started in role: Role: ROLE_CLIENT_PRIMARY, RequestorWs: WorkSource{1000 com.android.settings}, ModeListener: com.android.server.wifi.ActiveModeWarden$ClientListener@97298e9
--------- switch to events
04-17 13:45:13.081676  2594  2692 I am_proc_bound: [0,2890,com.android.systemui]
--------- switch to main
04-17 13:45:13.084711  2594  2783 D WifiScanRequestProxy: Sending scan available broadcast: true
04-17 13:45:13.085201   572   580 D libnos_transport: App 0 returning 0x0
04-17 13:45:13.085216  2594  2787 I WifiScanningService: Received a request to enable scanning, UID = 1000
04-17 13:45:13.089046  2594  2787 I WifiScanningService: Created a new impl for wlan0
04-17 13:45:13.089424  2594  2787 I WifiScanningService: wifi driver loaded with scan capabilities: max buckets=6
