04-17 13:21:32.522758     0     0 I         : c2   5913 sm7250_bms: MSC_PCS chg_state=1c2112901030001 [0x1:1:3:4393:450] chg=u
04-17 13:21:32.522921     0     0 I         : c2   5913 google_battery: MSC_DIN chg_state=1c2112901030001 f=0x1 chg_s=Not Charging chg_t=None vchg=4393 icl=450
04-17 13:21:32.524545     0     0 I         : c2   5913 google_battery: MSC_DSG vbatt_idx:4->4 vbatt=4393151 ibatt=-5187 fv_uv=4430000 cv_cnt=0 ov_cnt=0
04-17 13:21:32.524604     0     0 I         : c2   5913 google_battery: MSC_VOTE msc_state=2 cv_cnt=0 ov_cnt=0 temp_idx:2, vbatt_idx:4  fv_uv=4430000 cc_max=0 update_interval=-1
04-17 13:21:32.524692     0     0 I         : c2   5913 google_charger: MSC_CHG fv_uv=4430000, cc_max=0, rerun in 2000 ms (0)
--------- switch to main
04-17 13:21:34.397015   984  1089 D ASH     : @ 43224.071: AP has been up: last 42728800800, now 43224070752 usec
--------- switch to kernel
04-17 13:21:34.527892     0     0 I         : c2   5913 google_charger: usbchg=USB typec=C usbv=4987 usbc=122 usbMv=5000 usbMc=450
04-17 13:21:34.528075     0     0 I         : c2   5913 sm7250_bms: MSC_PCS chg_state=1c2112901030001 [0x1:1:3:4393:450] chg=u
04-17 13:21:34.528134     0     0 I         : c2   5913 google_battery: MSC_DIN chg_state=1c2112901030001 f=0x1 chg_s=Not Charging chg_t=None vchg=4393 icl=450
04-17 13:21:34.529267     0     0 I         : c2   5913 google_battery: MSC_DSG vbatt_idx:4->4 vbatt=4393151 ibatt=-5187 fv_uv=4430000 cv_cnt=0 ov_cnt=0
04-17 13:21:34.529328     0     0 I         : c2   5913 google_battery: MSC_VOTE msc_state=2 cv_cnt=0 ov_cnt=0 temp_idx:2, vbatt_idx:4  fv_uv=4430000 cc_max=0 update_interval=-1
04-17 13:21:34.529406     0     0 I         : c2   5913 google_charger: MSC_CHG fv_uv=4430000, cc_max=0, rerun in 2000 ms (0)
04-17 13:21:36.538061     0     0 I         : c2   5913 google_charger: usbchg=USB typec=C usbv=5038 usbc=0 usbMv=5000 usbMc=450
04-17 13:21:36.538257     0     0 I         : c2   5913 sm7250_bms: MSC_PCS chg_state=1c2112901030001 [0x1:1:3:4393:450] chg=u
04-17 13:21:36.538335     0     0 I         : c2   5913 google_battery: MSC_DIN chg_state=1c2112901030001 f=0x1 chg_s=Not Charging chg_t=None vchg=4393 icl=450
04-17 13:21:36.540064     0     0 I         : c2   5913 google_battery: MSC_DSG vbatt_idx:4->4 vbatt=4393151 ibatt=-5187 fv_uv=4430000 cv_cnt=0 ov_cnt=0
04-17 13:21:36.540131     0     0 I         : c2   5913 google_battery: MSC_VOTE msc_state=2 cv_cnt=0 ov_cnt=0 temp_idx:2, vbatt_idx:4  fv_uv=4430000 cc_max=0 update_interval=-1
04-17 13:21:36.540237     0     0 I         : c2   5913 google_charger: MSC_CHG fv_uv=4430000, cc_max=0, rerun in 2000 ms (0)
04-17 13:21:38.548825     0     0 I         : c2   5913 google_charger: usbchg=USB typec=C usbv=5036 usbc=0 usbMv=5000 usbMc=450
04-17 13:21:38.549020     0     0 I         : c2   5913 sm7250_bms: MSC_PCS chg_state=1c2112901030001 [0x1:1:3:4393:450] chg=u
04-17 13:21:38.549099     0     0 I         : c2   5913 google_battery: MSC_DIN chg_state=1c2112901030001 f=0x1 chg_s=Not Charging chg_t=None vchg=4393 icl=450
04-17 13:21:38.550582     0     0 I         : c2   5913 google_battery: MSC_DSG vbatt_idx:4->4 vbatt=4393151 ibatt=-5187 fv_uv=4430000 cv_cnt=0 ov_cnt=0
04-17 13:21:38.551008     0     0 I         : c2   5913 google_battery: MSC_VOTE msc_state=2 cv_cnt=0 ov_cnt=0 temp_idx:2, vbatt_idx:4  fv_uv=4430000 cc_max=0 update_interval=-1
04-17 13:21:38.551114     0     0 I         : c2   5913 google_charger: MSC_CHG fv_uv=4430000, cc_max=0, rerun in 2000 ms (0)
04-17 13:21:40.558965     0     0 I         : c2   5913 google_charger: usbchg=USB typec=C usbv=5040 usbc=3 usbMv=5000 usbMc=450
04-17 13:21:40.559163     0     0 I         : c2   5913 sm7250_bms: MSC_PCS chg_state=1c2112901030001 [0x1:1:3:4393:450] chg=u
04-17 13:21:40.559242     0     0 I         : c2   5913 google_battery: MSC_DIN chg_state=1c2112901030001 f=0x1 chg_s=Not Charging chg_t=None vchg=4393 icl=450
04-17 13:21:40.561032     0     0 I         : c2   5913 google_battery: MSC_DSG vbatt_idx:4->4 vbatt=4393151 ibatt=-5187 fv_uv=4430000 cv_cnt=0 ov_cnt=0
04-17 13:21:40.561100     0     0 I         : c2   5913 google_battery: MSC_VOTE msc_state=2 cv_cnt=0 ov_cnt=0 temp_idx:2, vbatt_idx:4  fv_uv=4430000 cc_max=0 update_interval=-1
04-17 13:21:40.561210     0     0 I         : c2   5913 google_charger: MSC_CHG fv_uv=4430000, cc_max=0, rerun in 2000 ms (0)
04-17 13:21:40.993944     0     0 I         : c2   5827 qcom_rpmh DRV:apps_rsc TCS Busy, retrying RPMH message send: addr=0x30000
--------- switch to system
04-17 13:21:41.525377  2612  2686 I EntropyMixer: Writing entropy...
--------- switch to kernel
04-17 13:21:41.583476     0     0 I         : c1   5928 qcom_rpmh DRV:apps_rsc TCS Busy, retrying RPMH message send: addr=0x30000
04-17 13:21:41.583540     0     0 I         : c1   5928 qcom_rpmh DRV:apps_rsc TCS Busy, retrying RPMH message send: addr=0x30000
04-17 13:21:41.583576     0     0 I         : c1   5928 qcom_rpmh DRV:apps_rsc TCS Busy, retrying RPMH message send: addr=0x30000
04-17 13:21:42.569013     0     0 I         : c2   5913 google_charger: usbchg=USB typec=C usbv=5038 usbc=0 usbMv=5000 usbMc=450
04-17 13:21:42.569203     0     0 I         : c2   5913 sm7250_bms: MSC_PCS chg_state=1c2112901030001 [0x1:1:3:4393:450] chg=u
04-17 13:21:42.569279     0     0 I         : c2   5913 google_battery: MSC_DIN chg_state=1c2112901030001 f=0x1 chg_s=Not Charging chg_t=None vchg=4393 icl=450
04-17 13:21:42.570956     0     0 I         : c2   5913 google_battery: MSC_DSG vbatt_idx:4->4 vbatt=4393151 ibatt=-5187 fv_uv=4430000 cv_cnt=0 ov_cnt=0
04-17 13:21:42.571016     0     0 I         : c2   5913 google_battery: MSC_VOTE msc_state=2 cv_cnt=0 ov_cnt=0 temp_idx:2, vbatt_idx:4  fv_uv=4430000 cc_max=0 update_interval=-1
04-17 13:21:42.571114     0     0 I         : c2   5913 google_charger: MSC_CHG fv_uv=4430000, cc_max=0, rerun in 2000 ms (0)
04-17 13:21:44.582047     0     0 I         : c2   5913 google_charger: usbchg=USB typec=C usbv=5038 usbc=0 usbMv=5000 usbMc=450
04-17 13:21:44.582233     0     0 I         : c2   5913 sm7250_bms: MSC_PCS chg_state=1c2112901030001 [0x1:1:3:4393:450] chg=u
04-17 13:21:44.582306     0     0 I         : c2   5913 google_battery: MSC_DIN chg_state=1c2112901030001 f=0x1 chg_s=Not Charging chg_t=None vchg=4393 icl=450
04-17 13:21:44.583697     0     0 I         : c2   5913 google_battery: MSC_DSG vbatt_idx:4->4 vbatt=4393151 ibatt=-5187 fv_uv=4430000 cv_cnt=0 ov_cnt=0
04-17 13:21:44.583757     0     0 I         : c2   5913 google_battery: MSC_VOTE msc_state=2 cv_cnt=0 ov_cnt=0 temp_idx:2, vbatt_idx:4  fv_uv=4430000 cc_max=0 update_interval=-1
04-17 13:21:44.583853     0     0 I         : c2   5913 google_charger: MSC_CHG fv_uv=4430000, cc_max=0, rerun in 2000 ms (0)
--------- switch to main
04-17 13:21:44.752882  1364  1380 W xtra-daemon: onRequestXtraData:190] On Req XTRA data Xtrastate:1 retry:1 curReqSource:0 newreqSource:0xffff              isCon:0 isNonMetered:0 isGpsEnabled:1
04-17 13:21:44.757164  1364  1372 W xtra-daemon: onXtraDownloadResultInternal:361] XTRA download result status:4 starting timer for 300 sec mXtraRetryTimes:0 
--------- switch to kernel
04-17 13:21:46.596009     0     0 I         : c2   5913 google_charger: usbchg=USB typec=C usbv=5055 usbc=0 usbMv=5000 usbMc=450
04-17 13:21:46.596200     0     0 I         : c2   5913 sm7250_bms: MSC_PCS chg_state=1c2112901030001 [0x1:1:3:4393:450] chg=u
04-17 13:21:46.596279     0     0 I         : c2   5913 google_battery: MSC_DIN chg_state=1c2112901030001 f=0x1 chg_s=Not Charging chg_t=None vchg=4393 icl=450
04-17 13:21:46.599119     0     0 I         : c2   5913 google_battery: MSC_DSG vbatt_idx:4->4 vbatt=4393151 ibatt=-4272 fv_uv=4430000 cv_cnt=0 ov_cnt=0
04-17 13:21:46.599188     0     0 I         : c2   5913 google_battery: MSC_VOTE msc_state=2 cv_cnt=0 ov_cnt=0 temp_idx:2, vbatt_idx:4  fv_uv=4430000 cc_max=0 update_interval=-1
04-17 13:21:46.599298     0     0 I         : c2   5913 google_charger: MSC_CHG fv_uv=4430000, cc_max=0, rerun in 2000 ms (0)
--------- switch to main
04-17 13:21:47.288589   960  3562 D vendor.qti.bluetooth@1.0-health-info: ReportHealthInfo:statistics:
04-17 13:21:47.288589   960  3562 D vendor.qti.bluetooth@1.0-health-info: ts <05:21:47:288440> rx_vote:0, tx_vote:0, wake_lock holding:0, maximum rx sleep-wake-interval:607sec, maximum tx packet-interval:607secWake_Req sent out:2, Wake_Req received:2Sleep_Ind sent out:2, Sleep_Ind received:2
--------- switch to system
04-17 13:21:48.191812  2612  2694 I UsageStatsService: User[0] Flushing usage stats to disk
--------- switch to kernel
04-17 13:21:48.324554     0     0 I         : c5   5827 qcom_rpmh DRV:apps_rsc TCS Busy, retrying RPMH message send: addr=0x30000
04-17 13:21:48.324621     0     0 I         : c5   5827 qcom_rpmh DRV:apps_rsc TCS Busy, retrying RPMH message send: addr=0x30000
04-17 13:21:48.324657     0     0 I         : c5   5827 qcom_rpmh DRV:apps_rsc TCS Busy, retrying RPMH message send: addr=0x30000
04-17 13:21:48.610073     0     0 I         : c2   5913 google_charger: usbchg=USB typec=C usbv=5054 usbc=0 usbMv=5000 usbMc=450
04-17 13:21:48.610258     0     0 I         : c2   5913 sm7250_bms: MSC_PCS chg_state=1c2112901030001 [0x1:1:3:4393:450] chg=u
04-17 13:21:48.610324     0     0 I         : c2   5913 google_battery: MSC_DIN chg_state=1c2112901030001 f=0x1 chg_s=Not Charging chg_t=None vchg=4393 icl=450
04-17 13:21:48.612002     0     0 I         : c2   5913 google_battery: MSC_DSG vbatt_idx:4->4 vbatt=4393151 ibatt=-4272 fv_uv=4430000 cv_cnt=0 ov_cnt=0
04-17 13:21:48.612064     0     0 I         : c2   5913 google_battery: MSC_VOTE msc_state=2 cv_cnt=0 ov_cnt=0 temp_idx:2, vbatt_idx:4  fv_uv=4430000 cc_max=0 update_interval=-1
04-17 13:21:48.612149     0     0 I         : c2   5913 google_charger: MSC_CHG fv_uv=4430000, cc_max=0, rerun in 2000 ms (0)
04-17 13:21:50.187048     0     0 I         : c3    282 qcom_rpmh DRV:apps_rsc TCS Busy, retrying RPMH message send: addr=0x30000
04-17 13:21:50.627197     0     0 I         : c2   5913 google_charger: usbchg=USB typec=C usbv=5054 usbc=0 usbMv=5000 usbMc=450
04-17 13:21:50.627608     0     0 I         : c2   5913 sm7250_bms: MSC_PCS chg_state=1c2112901030001 [0x1:1:3:4393:450] chg=u
04-17 13:21:50.627691     0     0 I         : c2   5913 google_battery: MSC_DIN chg_state=1c2112901030001 f=0x1 chg_s=Not Charging chg_t=None vchg=4393 icl=450
04-17 13:21:50.629427     0     0 I         : c2   5913 google_battery: MSC_DSG vbatt_idx:4->4 vbatt=4393151 ibatt=-4272 fv_uv=4430000 cv_cnt=0 ov_cnt=0
04-17 13:21:50.629492     0     0 I         : c2   5913 google_battery: MSC_VOTE msc_state=2 cv_cnt=0 ov_cnt=0 temp_idx:2, vbatt_idx:4  fv_uv=4430000 cc_max=0 update_interval=-1
04-17 13:21:50.629587     0     0 I         : c2   5913 google_charger: MSC_CHG fv_uv=4430000, cc_max=0, rerun in 2000 ms (0)
04-17 13:21:52.641193     0     0 I         : c2   5913 google_charger: usbchg=USB typec=C usbv=5040 usbc=0 usbMv=5000 usbMc=450
04-17 13:21:52.641368     0     0 I         : c2   5913 sm7250_bms: MSC_PCS chg_state=1c2112901030001 [0x1:1:3:4393:450] chg=u
04-17 13:21:52.641436     0     0 I         : c2   5913 google_battery: MSC_DIN chg_state=1c2112901030001 f=0x1 chg_s=Not Charging chg_t=None vchg=4393 icl=450
04-17 13:21:52.643089     0     0 I         : c2   5913 google_battery: MSC_DSG vbatt_idx:4->4 vbatt=4393151 ibatt=-4272 fv_uv=4430000 cv_cnt=0 ov_cnt=0
04-17 13:21:52.643150     0     0 I         : c2   5913 google_battery: MSC_VOTE msc_state=2 cv_cnt=0 ov_cnt=0 temp_idx:2, vbatt_idx:4  fv_uv=4430000 cc_max=0 update_interval=-1
04-17 13:21:52.643238     0     0 I         : c2   5913 google_charger: MSC_CHG fv_uv=4430000, cc_max=0, rerun in 2000 ms (0)
04-17 13:21:54.657966     0     0 I         : c2   5913 google_charger: usbchg=USB typec=C usbv=5055 usbc=0 usbMv=5000 usbMc=450
04-17 13:21:54.658148     0     0 I         : c2   5913 sm7250_bms: MSC_PCS chg_state=1c2112901030001 [0x1:1:3:4393:450] chg=u
04-17 13:21:54.658217     0     0 I         : c2   5913 google_battery: MSC_DIN chg_state=1c2112901030001 f=0x1 chg_s=Not Charging chg_t=None vchg=4393 icl=450
04-17 13:21:54.659789     0     0 I         : c2   5913 google_battery: MSC_DSG vbatt_idx:4->4 vbatt=4393151 ibatt=-4272 fv_uv=4430000 cv_cnt=0 ov_cnt=0
04-17 13:21:54.659847     0     0 I         : c2   5913 google_battery: MSC_VOTE msc_state=2 cv_cnt=0 ov_cnt=0 temp_idx:2, vbatt_idx:4  fv_uv=4430000 cc_max=0 update_interval=-1
04-17 13:21:54.659937     0     0 I         : c2   5913 google_charger: MSC_CHG fv_uv=4430000, cc_max=0, rerun in 2000 ms (0)
04-17 13:21:56.673573     0     0 I         : c2   5913 google_charger: usbchg=USB typec=C usbv=5051 usbc=0 usbMv=5000 usbMc=450
04-17 13:21:56.673758     0     0 I         : c2   5913 sm7250_bms: MSC_PCS chg_state=1c2112901030001 [0x1:1:3:4393:450] chg=u
04-17 13:21:56.673833     0     0 I         : c2   5913 google_battery: MSC_DIN chg_state=1c2112901030001 f=0x1 chg_s=Not Charging chg_t=None vchg=4393 icl=450
04-17 13:21:56.675656     0     0 I         : c2   5913 google_battery: MSC_DSG vbatt_idx:4->4 vbatt=4393151 ibatt=-4272 fv_uv=4430000 cv_cnt=0 ov_cnt=0
04-17 13:21:56.675715     0     0 I         : c2   5913 google_battery: MSC_VOTE msc_state=2 cv_cnt=0 ov_cnt=0 temp_idx:2, vbatt_idx:4  fv_uv=4430000 cc_max=0 update_interval=-1
04-17 13:21:56.675806     0     0 I         : c2   5913 google_charger: MSC_CHG fv_uv=4430000, cc_max=0, rerun in 2000 ms (0)
04-17 13:21:58.689418     0     0 I         : c2   5913 google_charger: usbchg=USB typec=C usbv=5051 usbc=0 usbMv=5000 usbMc=450
04-17 13:21:58.689630     0     0 I         : c2   5913 sm7250_bms: MSC_PCS chg_state=1c2112901030001 [0x1:1:3:4393:450] chg=u
04-17 13:21:58.689720     0     0 I         : c2   5913 google_battery: MSC_DIN chg_state=1c2112901030001 f=0x1 chg_s=Not Charging chg_t=None vchg=4393 icl=450
04-17 13:21:58.692758     0     0 I         : c2   5913 google_battery: MSC_DSG vbatt_idx:4->4 vbatt=4393151 ibatt=-4272 fv_uv=4430000 cv_cnt=0 ov_cnt=0
04-17 13:21:58.692839     0     0 I         : c2   5913 google_battery: MSC_VOTE msc_state=2 cv_cnt=0 ov_cnt=0 temp_idx:2, vbatt_idx:4  fv_uv=4430000 cc_max=0 update_interval=-1
04-17 13:21:58.694317     0     0 I         : c2   5913 google_charger: MSC_CHG fv_uv=4430000, cc_max=0, rerun in 2000 ms (0)
--------- switch to main
04-17 13:21:59.240039   989   989 I pixelstats: MmMetrics: Unable to read /sys/kernel/pixel_stat/gpu/mem/total_page_count - No such file or directory
--------- switch to kernel
04-17 13:22:00.706382     0     0 I         : c2   5913 google_charger: usbchg=USB typec=C usbv=5047 usbc=0 usbMv=5000 usbMc=450
04-17 13:22:00.706568     0     0 I         : c2   5913 sm7250_bms: MSC_PCS chg_state=1c2112901030001 [0x1:1:3:4393:450] chg=u
04-17 13:22:00.706642     0     0 I         : c2   5913 google_battery: MSC_DIN chg_state=1c2112901030001 f=0x1 chg_s=Not Charging chg_t=None vchg=4393 icl=450
04-17 13:22:00.708561     0     0 I         : c2   5913 google_battery: MSC_DSG vbatt_idx:4->4 vbatt=4393151 ibatt=-6103 fv_uv=4430000 cv_cnt=0 ov_cnt=0
04-17 13:22:00.708624     0     0 I         : c2   5913 google_battery: MSC_VOTE msc_state=2 cv_cnt=0 ov_cnt=0 temp_idx:2, vbatt_idx:4  fv_uv=4430000 cc_max=0 update_interval=-1
04-17 13:22:00.708719     0     0 I         : c2   5913 google_charger: MSC_CHG fv_uv=4430000, cc_max=0, rerun in 2000 ms (0)
--------- switch to main
04-17 13:22:02.199553   990  1023 D rlsservice: MonitorDisplayStatus client num 0, display status 0, sensor status 0
--------- switch to kernel
04-17 13:22:02.722319     0     0 I         : c2   5913 google_charger: usbchg=USB typec=C usbv=5040 usbc=0 usbMv=5000 usbMc=450
04-17 13:22:02.722503     0     0 I         : c2   5913 sm7250_bms: MSC_PCS chg_state=1c2112901030001 [0x1:1:3:4393:450] chg=u
04-17 13:22:02.722573     0     0 I         : c2   5913 google_battery: MSC_DIN chg_state=1c2112901030001 f=0x1 chg_s=Not Charging chg_t=None vchg=4393 icl=450
04-17 13:22:02.724196     0     0 I         : c2   5913 google_battery: MSC_DSG vbatt_idx:4->4 vbatt=4393151 ibatt=-6103 fv_uv=4430000 cv_cnt=0 ov_cnt=0
04-17 13:22:02.724258     0     0 I         : c2   5913 google_battery: MSC_VOTE msc_state=2 cv_cnt=0 ov_cnt=0 temp_idx:2, vbatt_idx:4  fv_uv=4430000 cc_max=0 update_interval=-1
04-17 13:22:02.724361     0     0 I         : c2   5913 google_charger: MSC_CHG fv_uv=4430000, cc_max=0, rerun in 2000 ms (0)
04-17 13:22:04.735679     0     0 I         : c2   5913 google_charger: usbchg=USB typec=C usbv=5040 usbc=0 usbMv=5000 usbMc=450
04-17 13:22:04.735857     0     0 I         : c2   5913 sm7250_bms: MSC_PCS chg_state=1c2112901030001 [0x1:1:3:4393:450] chg=u
04-17 13:22:04.735929     0     0 I         : c2   5913 google_battery: MSC_DIN chg_state=1c2112901030001 f=0x1 chg_s=Not Charging chg_t=None vchg=4393 icl=450
04-17 13:22:04.737510     0     0 I         : c2   5913 google_battery: MSC_DSG vbatt_idx:4->4 vbatt=4393151 ibatt=-6103 fv_uv=4430000 cv_cnt=0 ov_cnt=0
04-17 13:22:04.737571     0     0 I         : c2   5913 google_battery: MSC_VOTE msc_state=2 cv_cnt=0 ov_cnt=0 temp_idx:2, vbatt_idx:4  fv_uv=4430000 cc_max=0 update_interval=-1
04-17 13:22:04.737665     0     0 I         : c2   5913 google_charger: MSC_CHG fv_uv=4430000, cc_max=0, rerun in 2000 ms (0)
04-17 13:22:06.746156     0     0 I         : c2   5913 google_charger: usbchg=USB typec=C usbv=5007 usbc=72 usbMv=5000 usbMc=450
04-17 13:22:06.746350     0     0 I         : c2   5913 sm7250_bms: MSC_PCS chg_state=1c2112901030001 [0x1:1:3:4393:450] chg=u
04-17 13:22:06.746411     0     0 I         : c2   5913 google_battery: MSC_DIN chg_state=1c2112901030001 f=0x1 chg_s=Not Charging chg_t=None vchg=4393 icl=450
04-17 13:22:06.747885     0     0 I         : c2   5913 google_battery: MSC_DSG vbatt_idx:4->4 vbatt=4393151 ibatt=-6103 fv_uv=4430000 cv_cnt=0 ov_cnt=0
04-17 13:22:06.747952     0     0 I         : c2   5913 google_battery: MSC_VOTE msc_state=2 cv_cnt=0 ov_cnt=0 temp_idx:2, vbatt_idx:4  fv_uv=4430000 cc_max=0 update_interval=-1
04-17 13:22:06.748079     0     0 I         : c2   5913 google_charger: MSC_CHG fv_uv=4430000, cc_max=0, rerun in 2000 ms (0)
04-17 13:22:08.763711     0     0 I         : c2   5913 google_charger: usbchg=USB typec=C usbv=5060 usbc=0 usbMv=5000 usbMc=450
04-17 13:22:08.763920     0     0 I         : c2   5913 sm7250_bms: MSC_PCS chg_state=1c2112901030001 [0x1:1:3:4393:450] chg=u
04-17 13:22:08.764266     0     0 I         : c2   5913 google_battery: MSC_DIN chg_state=1c2112901030001 f=0x1 chg_s=Not Charging chg_t=None vchg=4393 icl=450
04-17 13:22:08.767694     0     0 I         : c2   5913 google_battery: MSC_DSG vbatt_idx:4->4 vbatt=4393151 ibatt=-6103 fv_uv=4430000 cv_cnt=0 ov_cnt=0
04-17 13:22:08.767769     0     0 I         : c2   5913 google_battery: MSC_VOTE msc_state=2 cv_cnt=0 ov_cnt=0 temp_idx:2, vbatt_idx:4  fv_uv=4430000 cc_max=0 update_interval=-1
04-17 13:22:08.767882     0     0 I         : c2   5913 google_charger: MSC_CHG fv_uv=4430000, cc_max=0, rerun in 2000 ms (0)
--------- switch to main
04-17 13:22:09.528912   984  1089 I ASH     : @ 43259.203: tcs3701: Recording lux = 12.101569 when prox NEAR
04-17 13:22:09.529271   984  1089 I ASH     : @ 43259.203: tcs3701: PROX sample: NEAR (01dc), POFFSET: 0015, ORE: -1
04-17 13:22:09.530252   984  1089 D VSC     : @ 43259.206: [Proximity Gated Single Tap Gesture] Stop touch_gesture
04-17 13:22:09.530562   984  1089 I ASH     : @ 43259.206: touch gesture: [touch gesture] unsubscribed
04-17 13:22:09.530699   984  1089 E ASH     : @ 43259.207: touch gesture: updating gesture: double_tap [x], single_tap [x]
04-17 13:22:10.276417   984  1089 I ASH     : @ 43259.950: tcs3701: lux: 15.642297, set TH2 and skip a FAR event.
04-17 13:22:10.276704   984  1089 I ASH     : @ 43259.952: tcs3701: New TH: 80 0 200 0
04-17 13:22:10.346188   984  1089 I ASH     : @ 43260.020: tcs3701: PROX sample: FAR (0049), POFFSET: 0015, ORE: -1
04-17 13:22:10.347332   984  1089 D VSC     : @ 43260.024: [Proximity Gated Single Tap Gesture] Request touch_gesture, interval 18446744027136.0 ms, latency 0.0 ms
04-17 13:22:10.421913   984  1089 I ASH     : @ 43260.096: touch gesture: update charger mode: 0x02
04-17 13:22:10.471753   984  1089 E ASH     : @ 43260.148: touch gesture: updating gesture: double_tap [x], single_tap [v]
04-17 13:22:10.471990   984  1089 I ASH     : @ 43260.148: touch gesture: sttw params: max x/y 540 550, mi/max frame 2 26, tolerance 150, recess size 136
04-17 13:22:10.472096   984  1089 I ASH     : @ 43260.149: touch gesture: [touch gesture] subscribed
--------- switch to kernel
04-17 13:22:10.779453     0     0 I         : c2   5913 google_charger: usbchg=USB typec=C usbv=5050 usbc=0 usbMv=5000 usbMc=450
04-17 13:22:10.779644     0     0 I         : c2   5913 sm7250_bms: MSC_PCS chg_state=1c2112901030001 [0x1:1:3:4393:450] chg=u
04-17 13:22:10.779710     0     0 I         : c2   5913 google_battery: MSC_DIN chg_state=1c2112901030001 f=0x1 chg_s=Not Charging chg_t=None vchg=4393 icl=450
04-17 13:22:10.781865     0     0 I         : c2   5913 google_battery: MSC_DSG vbatt_idx:4->4 vbatt=4393151 ibatt=-6103 fv_uv=4430000 cv_cnt=0 ov_cnt=0
04-17 13:22:10.781933     0     0 I         : c2   5913 google_battery: MSC_VOTE msc_state=2 cv_cnt=0 ov_cnt=0 temp_idx:2, vbatt_idx:4  fv_uv=4430000 cc_max=0 update_interval=-1
04-17 13:22:10.782022     0     0 I         : c2   5913 google_charger: MSC_CHG fv_uv=4430000, cc_max=0, rerun in 2000 ms (0)
04-17 13:22:12.793284     0     0 I         : c2   5913 google_charger: usbchg=USB typec=C usbv=5050 usbc=0 usbMv=5000 usbMc=450
04-17 13:22:12.793475     0     0 I         : c2   5913 sm7250_bms: MSC_PCS chg_state=1c2112901030001 [0x1:1:3:4393:450] chg=u
04-17 13:22:12.793554     0     0 I         : c2   5913 google_battery: MSC_DIN chg_state=1c2112901030001 f=0x1 chg_s=Not Charging chg_t=None vchg=4393 icl=450
04-17 13:22:12.795023     0     0 I         : c2   5913 google_battery: MSC_DSG vbatt_idx:4->4 vbatt=4393151 ibatt=-6103 fv_uv=4430000 cv_cnt=0 ov_cnt=0
04-17 13:22:12.795083     0     0 I         : c2   5913 google_battery: MSC_VOTE msc_state=2 cv_cnt=0 ov_cnt=0 temp_idx:2, vbatt_idx:4  fv_uv=4430000 cc_max=0 update_interval=-1
04-17 13:22:12.795179     0     0 I         : c2   5913 google_charger: MSC_CHG fv_uv=4430000, cc_max=0, rerun in 2000 ms (0)
--------- switch to main
04-17 13:22:13.614627   984  1089 I ASH     : @ 43263.288: tcs3701: Recording lux = 8.766014 when prox NEAR
04-17 13:22:13.614990   984  1089 I ASH     : @ 43263.289: tcs3701: PROX sample: NEAR (021a), POFFSET: 0015, ORE: -1
04-17 13:22:13.616116   984  1089 D VSC     : @ 43263.291: [Proximity Gated Single Tap Gesture] Stop touch_gesture
04-17 13:22:13.616342   984  1089 I ASH     : @ 43263.292: touch gesture: [touch gesture] unsubscribed
04-17 13:22:13.616489   984  1089 E ASH     : @ 43263.292: touch gesture: updating gesture: double_tap [x], single_tap [x]
--------- switch to kernel
04-17 13:22:14.809268     0     0 I         : c2   5913 google_charger: usbchg=USB typec=C usbv=5051 usbc=0 usbMv=5000 usbMc=450
04-17 13:22:14.809442     0     0 I         : c2   5913 sm7250_bms: MSC_PCS chg_state=1c2112901030001 [0x1:1:3:4393:450] chg=u
04-17 13:22:14.809509     0     0 I         : c2   5913 google_battery: MSC_DIN chg_state=1c2112901030001 f=0x1 chg_s=Not Charging chg_t=None vchg=4393 icl=450
04-17 13:22:14.812173     0     0 I         : c2   5913 google_battery: MSC_DSG vbatt_idx:4->4 vbatt=4393151 ibatt=-6103 fv_uv=4430000 cv_cnt=0 ov_cnt=0
04-17 13:22:14.812230     0     0 I         : c2   5913 google_battery: MSC_VOTE msc_state=2 cv_cnt=0 ov_cnt=0 temp_idx:2, vbatt_idx:4  fv_uv=4430000 cc_max=0 update_interval=-1
04-17 13:22:14.812313     0     0 I         : c2   5913 google_charger: MSC_CHG fv_uv=4430000, cc_max=0, rerun in 2000 ms (0)
04-17 13:22:16.826447     0     0 I         : c2   5913 google_charger: usbchg=USB typec=C usbv=5030 usbc=27 usbMv=5000 usbMc=450
04-17 13:22:16.826651     0     0 I         : c2   5913 sm7250_bms: MSC_PCS chg_state=1c2112901030001 [0x1:1:3:4393:450] chg=u
04-17 13:22:16.826734     0     0 I         : c2   5913 google_battery: MSC_DIN chg_state=1c2112901030001 f=0x1 chg_s=Not Charging chg_t=None vchg=4393 icl=450
04-17 13:22:16.828309     0     0 I         : c2   5913 google_battery: MSC_DSG vbatt_idx:4->4 vbatt=4393541 ibatt=-5798 fv_uv=4430000 cv_cnt=0 ov_cnt=0
04-17 13:22:16.828379     0     0 I         : c2   5913 google_battery: MSC_VOTE msc_state=2 cv_cnt=0 ov_cnt=0 temp_idx:2, vbatt_idx:4  fv_uv=4430000 cc_max=0 update_interval=-1
04-17 13:22:16.828484     0     0 I         : c2   5913 google_charger: MSC_CHG fv_uv=4430000, cc_max=0, rerun in 2000 ms (0)
--------- switch to main
04-17 13:22:18.690711   984  1089 I ASH     : @ 43268.364: tcs3701: PROX sample: FAR (0008), POFFSET: 0015, ORE: -1
04-17 13:22:18.691900   984  1089 D VSC     : @ 43268.368: [Proximity Gated Single Tap Gesture] Request touch_gesture, interval 18446744027136.0 ms, latency 0.0 ms
04-17 13:22:18.766083   984  1089 I ASH     : @ 43268.440: touch gesture: update charger mode: 0x02
04-17 13:22:18.803424   984  1089 I ASH     : @ 43268.478: tcs3701: lux: 53.284034, set prox thresholds from TH2 to TH1.
04-17 13:22:18.803721   984  1089 I ASH     : @ 43268.479: tcs3701: New TH: 110 0 200 0
04-17 13:22:18.816361   984  1089 E ASH     : @ 43268.492: touch gesture: updating gesture: double_tap [x], single_tap [v]
04-17 13:22:18.816591   984  1089 I ASH     : @ 43268.493: touch gesture: sttw params: max x/y 540 550, mi/max frame 2 26, tolerance 150, recess size 136
04-17 13:22:18.816709   984  1089 I ASH     : @ 43268.493: touch gesture: [touch gesture] subscribed
--------- switch to kernel
04-17 13:22:18.843036     0     0 I         : c2   5913 google_charger: usbchg=USB typec=C usbv=5050 usbc=0 usbMv=5000 usbMc=450
04-17 13:22:18.843224     0     0 I         : c2   5913 sm7250_bms: MSC_PCS chg_state=1c2112901030001 [0x1:1:3:4393:450] chg=u
04-17 13:22:18.843299     0     0 I         : c2   5913 google_battery: MSC_DIN chg_state=1c2112901030001 f=0x1 chg_s=Not Charging chg_t=None vchg=4393 icl=450
04-17 13:22:18.845581     0     0 I         : c2   5913 google_battery: MSC_DSG vbatt_idx:4->4 vbatt=4393541 ibatt=-5798 fv_uv=4430000 cv_cnt=0 ov_cnt=0
04-17 13:22:18.845651     0     0 I         : c2   5913 google_battery: MSC_VOTE msc_state=2 cv_cnt=0 ov_cnt=0 temp_idx:2, vbatt_idx:4  fv_uv=4430000 cc_max=0 update_interval=-1
04-17 13:22:18.845751     0     0 I         : c2   5913 google_charger: MSC_CHG fv_uv=4430000, cc_max=0, rerun in 2000 ms (0)
04-17 13:22:20.858974     0     0 I         : c2   5913 google_charger: usbchg=USB typec=C usbv=5034 usbc=0 usbMv=5000 usbMc=450
04-17 13:22:20.859144     0     0 I         : c2   5913 sm7250_bms: MSC_PCS chg_state=1c2112901030001 [0x1:1:3:4393:450] chg=u
04-17 13:22:20.859215     0     0 I         : c2   5913 google_battery: MSC_DIN chg_state=1c2112901030001 f=0x1 chg_s=Not Charging chg_t=None vchg=4393 icl=450
04-17 13:22:20.860600     0     0 I         : c2   5913 google_battery: MSC_DSG vbatt_idx:4->4 vbatt=4393541 ibatt=-5798 fv_uv=4430000 cv_cnt=0 ov_cnt=0
04-17 13:22:20.860847     0     0 I         : c2   5913 google_battery: MSC_VOTE msc_state=2 cv_cnt=0 ov_cnt=0 temp_idx:2, vbatt_idx:4  fv_uv=4430000 cc_max=0 update_interval=-1
04-17 13:22:20.860941     0     0 I         : c2   5913 google_charger: MSC_CHG fv_uv=4430000, cc_max=0, rerun in 2000 ms (0)
--------- switch to main
04-17 13:22:21.279318   984  1089 I ASH     : @ 43270.953: tcs3701: Recording lux = 7.589889 when prox NEAR
04-17 13:22:21.279535   984  1089 I ASH     : @ 43270.954: tcs3701: PROX sample: NEAR (00f7), POFFSET: 0015, ORE: -1
04-17 13:22:21.281158   984  1089 D VSC     : @ 43270.956: [Proximity Gated Single Tap Gesture] Stop touch_gesture
04-17 13:22:21.281378   984  1089 I ASH     : @ 43270.956: touch gesture: [touch gesture] unsubscribed
04-17 13:22:21.281708   984  1089 E ASH     : @ 43270.957: touch gesture: updating gesture: double_tap [x], single_tap [x]
04-17 13:22:22.809943   984  1089 I ASH     : @ 43272.484: tcs3701: lux: 12.824904, set TH2 and skip a FAR event.
04-17 13:22:22.810218   984  1089 I ASH     : @ 43272.486: tcs3701: New TH: 80 0 200 0
04-17 13:22:22.878780   984  1089 I ASH     : @ 43272.554: tcs3701: PROX sample: FAR (000f), POFFSET: 0015, ORE: -1
04-17 13:22:22.881116   984  1089 D VSC     : @ 43272.557: [Proximity Gated Single Tap Gesture] Request touch_gesture, interval 18446744027136.0 ms, latency 0.0 ms
--------- switch to kernel
04-17 13:22:22.874255     0     0 I         : c2   5913 google_charger: usbchg=USB typec=C usbv=5039 usbc=0 usbMv=5000 usbMc=450
04-17 13:22:22.874435     0     0 I         : c2   5913 sm7250_bms: MSC_PCS chg_state=1c2112901030001 [0x1:1:3:4393:450] chg=u
04-17 13:22:22.874505     0     0 I         : c2   5913 google_battery: MSC_DIN chg_state=1c2112901030001 f=0x1 chg_s=Not Charging chg_t=None vchg=4393 icl=450
04-17 13:22:22.875931     0     0 I         : c2   5913 google_battery: MSC_DSG vbatt_idx:4->4 vbatt=4393541 ibatt=-5798 fv_uv=4430000 cv_cnt=0 ov_cnt=0
04-17 13:22:22.875991     0     0 I         : c2   5913 google_battery: MSC_VOTE msc_state=2 cv_cnt=0 ov_cnt=0 temp_idx:2, vbatt_idx:4  fv_uv=4430000 cc_max=0 update_interval=-1
04-17 13:22:22.876085     0     0 I         : c2   5913 google_charger: MSC_CHG fv_uv=4430000, cc_max=0, rerun in 2000 ms (0)
--------- switch to main
04-17 13:22:22.955163   984  1089 I ASH     : @ 43272.629: touch gesture: update charger mode: 0x02
04-17 13:22:23.006474   984  1089 E ASH     : @ 43272.681: touch gesture: updating gesture: double_tap [x], single_tap [v]
04-17 13:22:23.006729   984  1089 I ASH     : @ 43272.682: touch gesture: sttw params: max x/y 540 550, mi/max frame 2 26, tolerance 150, recess size 136
04-17 13:22:23.006846   984  1089 I ASH     : @ 43272.682: touch gesture: [touch gesture] subscribed
04-17 13:22:23.697205   984  1089 I ASH     : @ 43273.371: tcs3701: Recording lux = 8.510443 when prox NEAR
04-17 13:22:23.697382   984  1089 I ASH     : @ 43273.372: tcs3701: PROX sample: NEAR (00e0), POFFSET: 0015, ORE: -1
04-17 13:22:23.698450   984  1089 D VSC     : @ 43273.374: [Proximity Gated Single Tap Gesture] Stop touch_gesture
04-17 13:22:23.698636   984  1089 I ASH     : @ 43273.375: touch gesture: [touch gesture] unsubscribed
04-17 13:22:23.698761   984  1089 E ASH     : @ 43273.375: touch gesture: updating gesture: double_tap [x], single_tap [x]
--------- switch to kernel
04-17 13:22:24.888924     0     0 I         : c2   5913 google_charger: usbchg=USB typec=C usbv=5044 usbc=0 usbMv=5000 usbMc=450
04-17 13:22:24.889105     0     0 I         : c2   5913 sm7250_bms: MSC_PCS chg_state=1c2112901030001 [0x1:1:3:4393:450] chg=u
04-17 13:22:24.889175     0     0 I         : c2   5913 google_battery: MSC_DIN chg_state=1c2112901030001 f=0x1 chg_s=Not Charging chg_t=None vchg=4393 icl=450
04-17 13:22:24.890548     0     0 I         : c2   5913 google_battery: MSC_DSG vbatt_idx:4->4 vbatt=4393541 ibatt=-5798 fv_uv=4430000 cv_cnt=0 ov_cnt=0
04-17 13:22:24.890604     0     0 I         : c2   5913 google_battery: MSC_VOTE msc_state=2 cv_cnt=0 ov_cnt=0 temp_idx:2, vbatt_idx:4  fv_uv=4430000 cc_max=0 update_interval=-1
04-17 13:22:24.890818     0     0 I         : c2   5913 google_charger: MSC_CHG fv_uv=4430000, cc_max=0, rerun in 2000 ms (0)
--------- switch to main
04-17 13:22:25.466446   984  1089 I ASH     : @ 43275.140: tcs3701: PROX sample: FAR (0038), POFFSET: 0015, ORE: -1
04-17 13:22:25.467629   984  1089 D VSC     : @ 43275.144: [Proximity Gated Single Tap Gesture] Request touch_gesture, interval 18446744027136.0 ms, latency 0.0 ms
04-17 13:22:25.537860  1146  5932 I adbd    : adbd restarting as root
04-17 13:22:25.540308   984  1089 I ASH     : @ 43275.216: touch gesture: update charger mode: 0x02
--------- switch to system
04-17 13:22:25.570477  2612  3630 W AdbDebuggingManager: Read failed with count -1
--------- switch to kernel
04-17 13:22:25.571257     0     0 I         : c4      1 init: Untracked pid 1580 received signal 1
04-17 13:22:25.571544     0     0 I         : c4      1 init: Service 'adbd' (pid 1146) exited with status 1
04-17 13:22:25.571583     0     0 I         : c4      1 init: Sending signal 9 to service 'adbd' (pid 1146) process group...
04-17 13:22:25.571884     0     0 I         : c4      1 libprocessgroup: Successfully killed process cgroup uid 0 pid 1146 in 0ms
04-17 13:22:25.573627     0     0 I         : c5      1 init: starting service 'adbd'...
04-17 13:22:25.574828     0     0 I         : c4      1 init: Created socket '/dev/socket/adbd', mode 660, user 1000, group 1000
--------- switch to main
04-17 13:22:25.592068   984  1089 E ASH     : @ 43275.268: touch gesture: updating gesture: double_tap [x], single_tap [v]
04-17 13:22:25.592357   984  1089 I ASH     : @ 43275.269: touch gesture: sttw params: max x/y 540 550, mi/max frame 2 26, tolerance 150, recess size 136
04-17 13:22:25.592444   984  1089 I ASH     : @ 43275.269: touch gesture: [touch gesture] subscribed
04-17 13:22:25.593095  5933  5933 I adbd    : persist.adb.watchdog set to ''
04-17 13:22:25.593261  5933  5933 I adbd    : persist.sys.test_harness set to ''
04-17 13:22:25.593294  5933  5933 I adbd    : adb watchdog timeout set to 600 seconds
04-17 13:22:25.594492  5933  5935 I adbd    : Waiting for persist.adb.tls_server.enable=1
04-17 13:22:25.596411  5933  5933 I adbd    : adbd started
04-17 13:22:25.596563  5933  5937 I adbd    : opening control endpoint /dev/usb-ffs/adb/ep0
--------- switch to kernel
04-17 13:22:25.596560     0     0 I         : c3   5937 read descriptors
04-17 13:22:25.596589     0     0 I         : c3   5937 read strings
--------- switch to main
04-17 13:22:25.601861  5933  5937 I adbd    : UsbFfsConnection constructed
04-17 13:22:25.602537  5933  5939 I adbd    : UsbFfs-monitor thread spawned
04-17 13:22:25.820230   984  1089 I ASH     : @ 43275.494: tcs3701: lux: 51.475650, set prox thresholds from TH2 to TH1.
04-17 13:22:25.820549   984  1089 I ASH     : @ 43275.496: tcs3701: New TH: 110 0 200 0
04-17 13:22:26.076338  5933  5938 I adbd    : jdwp connection from 3144
04-17 13:22:26.076525  5933  5938 I adbd    : jdwp connection from 3735
04-17 13:22:26.076582  5933  5938 I adbd    : jdwp connection from 2612
04-17 13:22:26.076644  5933  5938 I adbd    : jdwp connection from 2881
04-17 13:22:26.076695  5933  5938 I adbd    : jdwp connection from 3688
04-17 13:22:26.076739  5933  5938 I adbd    : jdwp connection from 3055
04-17 13:22:26.076816  5933  5938 I adbd    : jdwp connection from 3483
04-17 13:22:26.076847  5933  5938 I adbd    : jdwp connection from 2901
04-17 13:22:26.076872  5933  5938 I adbd    : jdwp connection from 3169
04-17 13:22:26.076895  5933  5938 I adbd    : jdwp connection from 3334
04-17 13:22:26.077492  5933  5938 I adbd    : jdwp connection from 3138
04-17 13:22:26.077603  5933  5938 I adbd    : jdwp connection from 3127
04-17 13:22:26.077625  5933  5938 I adbd    : jdwp connection from 3104
04-17 13:22:26.102608  5933  5939 I adbd    : USB event: FUNCTIONFS_BIND
04-17 13:22:26.102890  5933  5938 I adbd    : jdwp connection from 4175
04-17 13:22:26.103118  5933  5938 I adbd    : jdwp connection from 4472
--------- switch to kernel
04-17 13:22:26.164769     0     0 I         : c5   5775 android_work: sent uevent USB_STATE=DISCONNECTED
--------- switch to main
04-17 13:22:26.170152   985  1175 I libpixelusb: GADGET pulled up
--------- switch to kernel
04-17 13:22:26.261619     0     0 I         : c1   5834 msm-dwc3 a600000.ssusb: Avail curr from USB = 2
04-17 13:22:26.263298     0     0 I         : c0   5925 sm7250_bms: MSC_PCS chg_state=112901030001 [0x1:1:3:4393:0] chg=
04-17 13:22:26.263545     0     0 I         : c0   5925 sm7250_bms: CHGR_ENG_CHARGING_CFG_REG = 0x04
04-17 13:22:26.271215     0     0 W         : c2    973 healthd: battery l=100 v=4393 t=22.1 h=2 st=5 c=5798 fc=3349000 cc=353 chg=
04-17 13:22:26.273296     0     0 I         : c0   5922 google_charger: usbchg=USB typec=C usbv=5070 usbc=0 usbMv=5000 usbMc=450
04-17 13:22:26.273423     0     0 I         : c0   5922 sm7250_bms: MSC_PCS chg_state=112901030001 [0x1:1:3:4393:0] chg=
04-17 13:22:26.273453     0     0 I         : c0   5922 google_battery: MSC_DIN chg_state=112901030001 f=0x1 chg_s=Not Charging chg_t=None vchg=4393 icl=0
--------- switch to events
04-17 13:22:26.281066  2612  3005 I battery_status: [5,2,1,0,Unknown]
--------- switch to kernel
04-17 13:22:26.275308     0     0 I         : c0   5922 google_battery: MSC_DSG vbatt_idx:4->4 vbatt=4393541 ibatt=-5798 fv_uv=4430000 cv_cnt=0 ov_cnt=0
04-17 13:22:26.275339     0     0 I         : c0   5922 google_battery: MSC_VOTE msc_state=2 cv_cnt=0 ov_cnt=0 temp_idx:2, vbatt_idx:4  fv_uv=4430000 cc_max=0 update_interval=-1
04-17 13:22:26.275379     0     0 I         : c0   5922 google_charger: MSC_CHG fv_uv=4430000, cc_max=0, rerun in 2000 ms (0)
--------- switch to system
04-17 13:22:26.284771  2612  2711 I PowerManagerService: Powering on display group fromDozing (groupId=0, uid=1000, reason=WAKE_REASON_PLUGGED_IN, details=android.server.power:PLUGGED:false)...
04-17 13:22:26.284950  2612  2711 I PowerManagerService: Waking up from Dozing (uid=1000, reason=WAKE_REASON_PLUGGED_IN, details=android.server.power:PLUGGED:false)...
--------- switch to events
04-17 13:22:26.289768  2612  2612 I battery_saving_stats: [0,0,0,1157784,3014,0,43162125,-630951,-20]
--------- switch to system
04-17 13:22:26.290653  2612  2711 I DisplayPowerController[0]: Blocking screen on until initial contents have been drawn.
04-17 13:22:26.292955  2612  2711 V DisplayPowerController[0]: Brightness [0.2901961] reason changing to: 'manual', previous reason: 'screen_off'.
--------- switch to events
04-17 13:22:26.293159  2612  2711 I sysui_multi_action: [757,1696,758,6,759,3]
04-17 13:22:26.295252  2612  2612 I screen_toggled: 1
--------- switch to main
04-17 13:22:26.295547   960   960 D vendor.qti.bluetooth@1.0-uart_transport: SocRxDWakeup: Flow off->Change UART baudrate to 38.4kbs->send 0x00->Change UART baudrate to max->Flow on
04-17 13:22:26.295613   960   960 I vendor.qti.bluetooth@1.0-uart_transport: ## userial_vendor_ioctl: UART Flow Off 
04-17 13:22:26.296917   960   960 I vendor.qti.bluetooth@1.0-uart_transport: ## userial_vendor_set_baud: 17
--------- switch to events
04-17 13:22:26.298288  2612  2612 I power_screen_broadcast_send: 1
--------- switch to main
04-17 13:22:26.299040   615   615 D SurfaceFlinger: Setting power mode 2 on display 4630946523002478721
--------- switch to system
04-17 13:22:26.299287  2612  2687 I DisplayDeviceRepository: Display device changed state: "Built-in Screen", ON
--------- switch to main
04-17 13:22:26.299642   617   681 I SDM     : DisplayBase::SetDisplayState: Set state = 1, display 29-0, teardown = 0
04-17 13:22:26.301173  2612  2687 I InputManager-JNI: Viewport [0] to add: local:4630946523002478721, isActive: true
04-17 13:22:26.302223  2612  2776 I InputReader: Reconfiguring input devices, changes=DISPLAY_INFO | 
04-17 13:22:26.302290  2612  2776 I InputReader: Device reconfigured: id=4, name='sec_touchscreen', size 1080x2340, orientation 0, mode 1, display id 0
--------- switch to kernel
04-17 13:22:26.291516     0     0 I         : c4    960 msm_geni_serial 894000.qcom,qup_uart: msm_geni_serial_set_termios: Start
04-17 13:22:26.292204     0     0 I         : c4    960 msm_geni_serial 894000.qcom,qup_uart: msm_geni_serial_set_termios: geni_se_clk_freq_match
04-17 13:22:26.292281     0     0 I         : c4    960 msm_geni_serial 894000.qcom,qup_uart: msm_geni_serial_set_termios: check parity
04-17 13:22:26.292293     0     0 I         : c4    960 msm_geni_serial 894000.qcom,qup_uart: msm_geni_serial_set_termios: geni_serial_write_term_regs
04-17 13:22:26.292325     0     0 I         : c4    960 msm_geni_serial 894000.qcom,qup_uart: msm_geni_serial_set_termios: End
04-17 13:22:26.292785     0     0 I         : c4    960 msm_geni_serial 894000.qcom,qup_uart: msm_geni_serial_set_termios: Start
04-17 13:22:26.297307     0     0 I         : c1    515 [drm:dsi_display_set_mode [msm_drm]] [msm-dsi-info]: mdp_transfer_time_us=9000 us
04-17 13:22:26.297446     0     0 I         : c1    515 [drm:dsi_display_set_mode [msm_drm]] [msm-dsi-info]: hactive= 1080,vactive= 2340,fps=90
04-17 13:22:26.297632     0     0 I         : c1    515 [drm:dsi_ctrl_isr_configure [msm_drm]] [msm-dsi-info]: dsi-ctrl-0: IRQ 355 registered
04-17 13:22:26.300564     0     0 I         : c5    515 dsi_backlight_early_dpms:925: power_mode:0 state:0x2
04-17 13:22:26.301733     0     0 I         : c1    960 msm_geni_serial 894000.qcom,qup_uart: msm_geni_serial_set_termios: geni_se_clk_freq_match
04-17 13:22:26.301871     0     0 I         : c1    960 msm_geni_serial 894000.qcom,qup_uart: msm_geni_serial_set_termios: check parity
04-17 13:22:26.301883     0     0 I         : c1    960 msm_geni_serial 894000.qcom,qup_uart: msm_geni_serial_set_termios: geni_serial_write_term_regs
04-17 13:22:26.301913     0     0 I         : c1    960 msm_geni_serial 894000.qcom,qup_uart: msm_geni_serial_set_termios: End
--------- switch to main
04-17 13:22:26.306141   960   960 I vendor.qti.bluetooth@1.0-uart_transport: SetBaudRate: in BOTHER
04-17 13:22:26.306194   960   960 I vendor.qti.bluetooth@1.0-uart_transport: ## userial_vendor_ioctl: UART Flow On 
04-17 13:22:26.306425   960  3561 I vendor.qti.bluetooth@1.0-ibs_handler: ProcessIbsCmd: Received IBS_WAKE_ACK: 0xFC
04-17 13:22:26.306450   960  3561 I vendor.qti.bluetooth@1.0-ibs_handler: ProcessIbsCmd: Signal wack_cond_
04-17 13:22:26.306774   984   984 I sensors-hal: [hal]batch_physical_sensor:314, com.google.sensor.combo_light/11101, period=250000000, max_latency=0
04-17 13:22:26.306828   984   984 I sensors-hal: [sensor]set_config:64, sample_period_ns is adjusted to 0 based on min/max delay_ns
04-17 13:22:26.306835   960  3561 I vendor.qti.bluetooth@1.0-ibs_handler: ProcessIbsCmd: Received IBS_WAKE_ACK: 0xFC
04-17 13:22:26.306862   960  3561 I vendor.qti.bluetooth@1.0-ibs_handler: ProcessIbsCmd: Signal wack_cond_
04-17 13:22:26.306866   984   984 I sensors-hal: [hal]batch_physical_sensor:323, com.google.sensor.combo_light/11101, period=250000000, max_latency=0 request completed
04-17 13:22:26.306913   960   960 D vendor.qti.bluetooth@1.0-ibs_handler: DeviceWakeUp: Unblocked from waiting for FC
04-17 13:22:26.307036   984   984 I sensors-hal: [hal]activate_physical_sensor:251, com.google.sensor.combo_light/11101 en=1
04-17 13:22:26.307499   984   984 I sensors-hal: [ssc_utils]get_qmi_debug_flag:243, support_qmi_debug : false
04-17 13:22:26.313307   984   984 I sensors-hal: [hal]activate_physical_sensor:262, com.google.sensor.combo_light/11101 en=1 completed
04-17 13:22:26.313753  2612  3024 W ServiceManager: Permission failure: android.permission.HIGH_SAMPLING_RATE_SENSORS from uid=10090 pid=2901
--------- switch to radio
04-17 13:22:26.314414  3483  3483 D RILJ    : [0466]> GET_ACTIVITY_INFO [PHONE0]
--------- switch to main
04-17 13:22:26.314623   990  1028 D rlsservice: DisableInternal already in disable state 1681692778
04-17 13:22:26.314664   984   984 I sensors-hal: [hal]batch_physical_sensor:314, android.sensor.light/51, period=20000000, max_latency=0
04-17 13:22:26.314691   984   984 I sensors-hal: [sensor]set_config:64, sample_period_ns is adjusted to 0 based on min/max delay_ns
04-17 13:22:26.314707   984   984 I sensors-hal: [hal]batch_physical_sensor:323, android.sensor.light/51, period=20000000, max_latency=0 request completed
04-17 13:22:26.314886   984  1089 D ASH     : @ 43275.992: tcs3701: update_rail_vote: 0->2
04-17 13:22:26.314920   984  1089 D ASH     : @ 43275.992: tcs3701: rail already ON
04-17 13:22:26.314936   984  1089 D ASH     : @ 43275.992: tcs3701: power vote set to 1
04-17 13:22:26.314972   984   984 I sensors-hal: [hal]activate_physical_sensor:251, android.sensor.light/51 en=1
04-17 13:22:26.314992   984  1089 I ASH     : @ 43275.992: tcs3701: Client count (type)cur/new: (0)0/1
04-17 13:22:26.315010   984  1089 I ASH     : @ 43275.992: tcs3701: Enabling sensor 0
04-17 13:22:26.315126   984   984 I sensors-hal: [ssc_utils]get_qmi_debug_flag:243, support_qmi_debug : false
04-17 13:22:26.315530   990  1028 I rlsservice: Enable handle 1681692778, mode 1
04-17 13:22:26.317355   984  1089 I ASH     : @ 43275.994: tcs3701: ALS trigger disabled!!
04-17 13:22:26.317395   984   984 I sensors-hal: [hal]activate_physical_sensor:262, android.sensor.light/51 en=1 completed
04-17 13:22:26.318473   984   984 I sensors-hal: [hal]batch_physical_sensor:314, android.sensor.accelerometer/11, period=200000000, max_latency=2000000000
04-17 13:22:26.318504   984   984 I sensors-hal: [sensor]set_config:64, sample_period_ns is adjusted to 200000000 based on min/max delay_ns
04-17 13:22:26.318520   984   984 I sensors-hal: [hal]batch_physical_sensor:323, android.sensor.accelerometer/11, period=200000000, max_latency=2000000000 request completed
04-17 13:22:26.318655   984   984 I sensors-hal: [hal]activate_physical_sensor:251, android.sensor.accelerometer/11 en=1
04-17 13:22:26.318814   984   984 I sensors-hal: [ssc_utils]get_qmi_debug_flag:243, support_qmi_debug : false
04-17 13:22:26.318825   984  5944 I sensors-hal: [ssc_sensor]ssc_conn_resp_cb:686, resp_value = 0
04-17 13:22:26.318901   984  1089 I ASH     : @ 43275.996: tcs3701: Client count (type)cur/new: (0)1/2
04-17 13:22:26.319552   984  5948 I sensors-hal: [ssc_sensor]ssc_conn_resp_cb:686, resp_value = 0
04-17 13:22:26.321903  2901  2901 D StatusBar: disable<e i a s b H R c s > disable2<q i n >
--------- switch to events
04-17 13:22:26.321927  2612  4887 I sysui_multi_action: [757,127,758,1]
04-17 13:22:26.322265  2612  4887 I sysui_multi_action: [757,804,799,note_load,801,2,802,1]
--------- switch to main
04-17 13:22:26.322392  2901  2901 D StatusBar: disable<e i a s b H R c s > disable2<q i n >
--------- switch to radio
04-17 13:22:26.322388  3483  3515 D RILJ    : [0466]< GET_ACTIVITY_INFO ModemActivityInfo{ mTimestamp=43263159 mSleepTimeMs=59512 mIdleTimeMs=311 mTxTimeMs[]=[0, 0, 0, 0, 0] mRxTimeMs=3042} [PHONE0]
--------- switch to events
04-17 13:22:26.322455  2612  4887 I notification_panel_revealed: 2
--------- switch to main
04-17 13:22:26.323978   984  2673 I sensors-hal: [ssc_utils]get_qmi_debug_flag:243, support_qmi_debug : false
04-17 13:22:26.324366   984   984 I sensors-hal: [ssc_utils]get_qmi_debug_flag:243, support_qmi_debug : false
04-17 13:22:26.324522  2612  4887 D TelephonyManager: requestModemActivityInfo: Sending result to app: ModemActivityInfo{ mTimestamp=43263159 mSleepTimeMs=40828407 mIdleTimeMs=264138 mTxTimeMs[]=[0, 0, 0, 0, 0] mRxTimeMs=2160161}
--------- switch to kernel
04-17 13:22:26.319414     0     0 I         : c5    515 dsi_backlight_late_dpms:970: sysfs_notify state:0x2
--------- switch to main
04-17 13:22:26.324987  2901  2901 D StatusBar: updateQsExpansionEnabled - QS Expand enabled: true
04-17 13:22:26.332290  2901  2901 D StatusBar: updateQsExpansionEnabled - QS Expand enabled: true
04-17 13:22:26.333997   984  1089 I ASH     : @ 43276.011: tcs3701: ALS trigger disabled!!
04-17 13:22:26.335102   984  1089 I ASH     : @ 43276.012: tcs3701: PROX trigger disabled!!
04-17 13:22:26.336247   984  1089 I ASH     : @ 43276.013: tcs3701: PERS: 40
04-17 13:22:26.337008   984   984 I sensors-hal: [hal]activate_physical_sensor:262, android.sensor.accelerometer/11 en=1 completed
04-17 13:22:26.338024   984  5961 I sensors-hal: [ssc_sensor]ssc_conn_resp_cb:686, resp_value = 0
04-17 13:22:26.340690  2612  2795 E WifiScoringParams: Invalid frequency(-1), using 5G as default rssi array
04-17 13:22:26.346843   958  4015 D audio_hw_primary: adev_set_parameters: enter: screen_state=on
04-17 13:22:26.346977   958  4015 W sound_trigger_hw: sound_trigger_hw_call_back: Unknown event 17
--------- switch to events
04-17 13:22:26.349699  2612  4887 I wm_set_keyguard_shown: [1,0,0,setKeyguardShown]
--------- switch to kernel
04-17 13:22:26.355100     0     0 I         : c1   5834 msm-dwc3 a600000.ssusb: Avail curr from USB = 100
04-17 13:22:26.355388     0     0 I         : c1   5834 android_work: did not send uevent (0 0 0000000000000000)
--------- switch to radio
04-17 13:22:26.363111  3483  3483 D DCT-C-0 : screen on
04-17 13:22:26.363195  3483  3483 D DCT-C-0 : stopNetStatPoll
--------- switch to system
04-17 13:22:26.365140  2612  2703 I BatteryStatsImpl: Resetting battery stats: level=100 status=5 dischargeLevel=100 lowAmount=99 highAmount=101
--------- switch to radio
04-17 13:22:26.365993  3483  3483 D DCT-I-0 : screen on
04-17 13:22:26.366060  3483  3483 D DCT-I-0 : stopNetStatPoll
04-17 13:22:26.368829  3483  3483 D DCT-C-1 : screen on
04-17 13:22:26.368915  3483  3483 D DCT-C-1 : stopNetStatPoll
04-17 13:22:26.371060  3483  3483 D DCT-I-1 : screen on
04-17 13:22:26.371126  3483  3483 D DCT-I-1 : stopNetStatPoll
--------- switch to main
04-17 13:22:26.374550  3735  3735 D NfcService: MSG_APPLY_SCREEN_STATE 4
--------- switch to events
04-17 13:22:26.374744  2612  2612 I power_screen_broadcast_done: [1,77,1]
--------- switch to kernel
04-17 13:22:26.371189     0     0 E         : c3   3938 i2c_geni 984000.i2c: i2c error :-107
04-17 13:22:26.371208     0     0 E         : c3   3938 st21nfc_dev_write : i2c_master_send returned -107
04-17 13:22:26.425812     0     0 I         : c1   5834 android_work: sent uevent USB_STATE=CONNECTED
--------- switch to main
04-17 13:22:26.432714  5933  5939 I adbd    : USB event: FUNCTIONFS_ENABLE
04-17 13:22:26.434093  3055  3236 I Tethering: USB bcast connected:true configured:false rndis:false ncm:false
--------- switch to system
04-17 13:22:26.434362  2612  2695 D ActivityManager: sync unfroze 4091 android.process.media
