04-17 12:16:40.081020   984  1089 W ASH     : @ 39329.756: touch gesture: no valid gesture detected
04-17 12:16:40.145424   984  1089 W ASH     : @ 39329.820: touch gesture: no valid gesture detected
04-17 12:16:40.210231   984  1089 W ASH     : @ 39329.885: touch gesture: no valid gesture detected
04-17 12:16:40.274663   984  1089 W ASH     : @ 39329.950: touch gesture: no valid gesture detected
04-17 12:16:40.339177   984  1089 W ASH     : @ 39330.014: touch gesture: no valid gesture detected
04-17 12:16:40.403834   984  1089 W ASH     : @ 39330.079: touch gesture: no valid gesture detected
04-17 12:16:40.468723   984  1089 W ASH     : @ 39330.143: touch gesture: no valid gesture detected
04-17 12:16:40.532976   984  1089 W ASH     : @ 39330.208: touch gesture: no valid gesture detected
04-17 12:16:40.597473   984  1089 W ASH     : @ 39330.273: touch gesture: no valid gesture detected
04-17 12:16:40.662323   984  1089 W ASH     : @ 39330.337: touch gesture: no valid gesture detected
04-17 12:16:40.726925   984  1089 W ASH     : @ 39330.402: touch gesture: no valid gesture detected
04-17 12:16:40.791774   984  1089 W ASH     : @ 39330.466: touch gesture: no valid gesture detected
04-17 12:16:40.856257   984  1089 W ASH     : @ 39330.531: touch gesture: no valid gesture detected
04-17 12:16:40.920681   984  1089 W ASH     : @ 39330.596: touch gesture: no valid gesture detected
04-17 12:16:40.985597   984  1089 W ASH     : @ 39330.660: touch gesture: no valid gesture detected
04-17 12:16:41.050100   984  1089 W ASH     : @ 39330.725: touch gesture: no valid gesture detected
04-17 12:16:41.115111   984  1089 W ASH     : @ 39330.790: touch gesture: no valid gesture detected
04-17 12:16:41.179340   984  1089 W ASH     : @ 39330.854: touch gesture: no valid gesture detected
04-17 12:16:41.243913   984  1089 W ASH     : @ 39330.919: touch gesture: no valid gesture detected
04-17 12:16:41.308386   984  1089 W ASH     : @ 39330.983: touch gesture: no valid gesture detected
04-17 12:16:41.372841   984  1089 W ASH     : @ 39331.048: touch gesture: no valid gesture detected
04-17 12:16:41.438237   984  1089 W ASH     : @ 39331.113: touch gesture: no valid gesture detected
04-17 12:16:41.502725   984  1089 W ASH     : @ 39331.177: touch gesture: no valid gesture detected
04-17 12:16:41.566612   984  1089 W ASH     : @ 39331.242: touch gesture: no valid gesture detected
04-17 12:16:41.631573   984  1089 W ASH     : @ 39331.306: touch gesture: no valid gesture detected
04-17 12:16:41.695982   984  1089 W ASH     : @ 39331.371: touch gesture: no valid gesture detected
04-17 12:16:41.760548   984  1089 W ASH     : @ 39331.435: touch gesture: no valid gesture detected
04-17 12:16:41.824958   984  1089 W ASH     : @ 39331.500: touch gesture: no valid gesture detected
--------- switch to kernel
04-17 12:16:41.878250     0     0 I         : c2   5809 google_charger: usbchg=USB typec=C usbv=5035 usbc=0 usbMv=5000 usbMc=450
04-17 12:16:41.878442     0     0 I         : c2   5809 sm7250_bms: MSC_PCS chg_state=1c2112e01030001 [0x1:1:3:4398:450] chg=u
04-17 12:16:41.878518     0     0 I         : c2   5809 google_battery: MSC_DIN chg_state=1c2112e01030001 f=0x1 chg_s=Not Charging chg_t=None vchg=4398 icl=450
04-17 12:16:41.880172     0     0 I         : c2   5809 google_battery: MSC_DSG vbatt_idx:4->4 vbatt=4398212 ibatt=-6408 fv_uv=4430000 cv_cnt=0 ov_cnt=0
04-17 12:16:41.880235     0     0 I         : c2   5809 google_battery: MSC_VOTE msc_state=2 cv_cnt=0 ov_cnt=0 temp_idx:2, vbatt_idx:4  fv_uv=4430000 cc_max=0 update_interval=-1
04-17 12:16:41.880334     0     0 I         : c2   5809 google_charger: MSC_CHG fv_uv=4430000, cc_max=0, rerun in 2000 ms (0)
--------- switch to main
04-17 12:16:41.888419   984  1089 W ASH     : @ 39331.565: touch gesture: no valid gesture detected
04-17 12:16:41.954104   984  1089 W ASH     : @ 39331.629: touch gesture: no valid gesture detected
04-17 12:16:42.018731   984  1089 W ASH     : @ 39331.694: touch gesture: no valid gesture detected
04-17 12:16:42.083651   984  1089 W ASH     : @ 39331.758: touch gesture: no valid gesture detected
04-17 12:16:42.148024   984  1089 W ASH     : @ 39331.823: touch gesture: no valid gesture detected
04-17 12:16:42.212708   984  1089 W ASH     : @ 39331.888: touch gesture: no valid gesture detected
04-17 12:16:42.277015   984  1089 W ASH     : @ 39331.952: touch gesture: no valid gesture detected
04-17 12:16:42.342297   984  1089 W ASH     : @ 39332.017: touch gesture: no valid gesture detected
04-17 12:16:42.406312   984  1089 W ASH     : @ 39332.081: touch gesture: no valid gesture detected
04-17 12:16:42.470976   984  1089 W ASH     : @ 39332.146: touch gesture: no valid gesture detected
04-17 12:16:42.535525   984  1089 W ASH     : @ 39332.210: touch gesture: no valid gesture detected
04-17 12:16:42.600261   984  1089 W ASH     : @ 39332.275: touch gesture: no valid gesture detected
04-17 12:16:42.664899   984  1089 W ASH     : @ 39332.340: touch gesture: no valid gesture detected
04-17 12:16:42.729647   984  1089 W ASH     : @ 39332.404: touch gesture: no valid gesture detected
04-17 12:16:42.793933   984  1089 W ASH     : @ 39332.469: touch gesture: no valid gesture detected
04-17 12:16:42.858441   984  1089 W ASH     : @ 39332.533: touch gesture: no valid gesture detected
04-17 12:16:42.923298   984  1089 W ASH     : @ 39332.598: touch gesture: no valid gesture detected
04-17 12:16:42.987784   984  1089 W ASH     : @ 39332.663: touch gesture: no valid gesture detected
04-17 12:16:43.052511   984  1089 W ASH     : @ 39332.727: touch gesture: no valid gesture detected
04-17 12:16:43.117000   984  1089 W ASH     : @ 39332.792: touch gesture: no valid gesture detected
04-17 12:16:43.181627   984  1089 W ASH     : @ 39332.856: touch gesture: no valid gesture detected
04-17 12:16:43.246299   984  1089 W ASH     : @ 39332.921: touch gesture: no valid gesture detected
04-17 12:16:43.310972   984  1089 W ASH     : @ 39332.986: touch gesture: no valid gesture detected
04-17 12:16:43.375933   984  1089 W ASH     : @ 39333.050: touch gesture: no valid gesture detected
04-17 12:16:43.440038   984  1089 W ASH     : @ 39333.115: touch gesture: no valid gesture detected
04-17 12:16:43.504556   984  1089 W ASH     : @ 39333.179: touch gesture: no valid gesture detected
04-17 12:16:43.569256   984  1089 W ASH     : @ 39333.244: touch gesture: no valid gesture detected
04-17 12:16:43.634109   984  1089 W ASH     : @ 39333.309: touch gesture: no valid gesture detected
04-17 12:16:43.698964   984  1089 W ASH     : @ 39333.373: touch gesture: no valid gesture detected
04-17 12:16:43.762986   984  1089 W ASH     : @ 39333.438: touch gesture: no valid gesture detected
04-17 12:16:43.827564   984  1089 W ASH     : @ 39333.502: touch gesture: no valid gesture detected
04-17 12:16:43.891032   984  1089 W ASH     : @ 39333.567: touch gesture: no valid gesture detected
--------- switch to kernel
04-17 12:16:43.888263     0     0 I         : c2   5809 google_charger: usbchg=USB typec=C usbv=5032 usbc=7 usbMv=5000 usbMc=450
04-17 12:16:43.888468     0     0 I         : c2   5809 sm7250_bms: MSC_PCS chg_state=1c2112e01030001 [0x1:1:3:4398:450] chg=u
04-17 12:16:43.888557     0     0 I         : c2   5809 google_battery: MSC_DIN chg_state=1c2112e01030001 f=0x1 chg_s=Not Charging chg_t=None vchg=4398 icl=450
04-17 12:16:43.890143     0     0 I         : c2   5809 google_battery: MSC_DSG vbatt_idx:4->4 vbatt=4398212 ibatt=-6408 fv_uv=4430000 cv_cnt=0 ov_cnt=0
04-17 12:16:43.890218     0     0 I         : c2   5809 google_battery: MSC_VOTE msc_state=2 cv_cnt=0 ov_cnt=0 temp_idx:2, vbatt_idx:4  fv_uv=4430000 cc_max=0 update_interval=-1
04-17 12:16:43.890341     0     0 I         : c2   5809 google_charger: MSC_CHG fv_uv=4430000, cc_max=0, rerun in 2000 ms (0)
--------- switch to main
04-17 12:16:43.956517   984  1089 W ASH     : @ 39333.632: touch gesture: no valid gesture detected
04-17 12:16:44.021234   984  1089 W ASH     : @ 39333.696: touch gesture: no valid gesture detected
04-17 12:16:44.085815   984  1089 W ASH     : @ 39333.761: touch gesture: no valid gesture detected
04-17 12:16:44.150371   984  1089 W ASH     : @ 39333.825: touch gesture: no valid gesture detected
04-17 12:16:44.214921   984  1089 W ASH     : @ 39333.890: touch gesture: no valid gesture detected
04-17 12:16:44.279243   984  1089 W ASH     : @ 39333.954: touch gesture: no valid gesture detected
04-17 12:16:44.344075   984  1089 W ASH     : @ 39334.019: touch gesture: no valid gesture detected
04-17 12:16:44.408135   984  1089 W ASH     : @ 39334.083: touch gesture: no valid gesture detected
04-17 12:16:44.473176   984  1089 W ASH     : @ 39334.148: touch gesture: no valid gesture detected
04-17 12:16:44.537764   984  1089 W ASH     : @ 39334.213: touch gesture: no valid gesture detected
04-17 12:16:44.600918   984  1089 W ASH     : @ 39334.277: touch gesture: no valid gesture detected
04-17 12:16:44.666442   984  1089 W ASH     : @ 39334.342: touch gesture: no valid gesture detected
04-17 12:16:44.675140  1364  1380 W xtra-daemon: onRequestXtraData:190] On Req XTRA data Xtrastate:1 retry:1 curReqSource:0 newreqSource:0xffff              isCon:0 isNonMetered:0 isGpsEnabled:1
04-17 12:16:44.678397  1364  1372 W xtra-daemon: onXtraDownloadResultInternal:361] XTRA download result status:4 starting timer for 300 sec mXtraRetryTimes:0 
04-17 12:16:44.731196   984  1089 W ASH     : @ 39334.406: touch gesture: no valid gesture detected
04-17 12:16:44.795965   984  1089 W ASH     : @ 39334.471: touch gesture: no valid gesture detected
04-17 12:16:44.860823   984  1089 W ASH     : @ 39334.535: touch gesture: no valid gesture detected
04-17 12:16:44.925633   984  1089 W ASH     : @ 39334.600: touch gesture: no valid gesture detected
04-17 12:16:44.990187   984  1089 W ASH     : @ 39334.665: touch gesture: no valid gesture detected
04-17 12:16:45.054467   984  1089 W ASH     : @ 39334.729: touch gesture: no valid gesture detected
04-17 12:16:45.119325   984  1089 W ASH     : @ 39334.794: touch gesture: no valid gesture detected
04-17 12:16:45.183468   984  1089 W ASH     : @ 39334.858: touch gesture: no valid gesture detected
04-17 12:16:45.247988   984  1089 W ASH     : @ 39334.923: touch gesture: no valid gesture detected
04-17 12:16:45.312931   984  1089 W ASH     : @ 39334.987: touch gesture: no valid gesture detected
04-17 12:16:45.377430   984  1089 W ASH     : @ 39335.052: touch gesture: no valid gesture detected
04-17 12:16:45.441749   984  1089 W ASH     : @ 39335.117: touch gesture: no valid gesture detected
04-17 12:16:45.506185   984  1089 W ASH     : @ 39335.181: touch gesture: no valid gesture detected
04-17 12:16:45.570699   984  1089 W ASH     : @ 39335.246: touch gesture: no valid gesture detected
04-17 12:16:45.635957   984  1089 W ASH     : @ 39335.310: touch gesture: no valid gesture detected
04-17 12:16:45.699843   984  1089 W ASH     : @ 39335.375: touch gesture: no valid gesture detected
04-17 12:16:45.764331   984  1089 W ASH     : @ 39335.439: touch gesture: no valid gesture detected
04-17 12:16:45.828874   984  1089 W ASH     : @ 39335.504: touch gesture: no valid gesture detected
04-17 12:16:45.893043   984  1089 W ASH     : @ 39335.568: touch gesture: no valid gesture detected
--------- switch to kernel
04-17 12:16:45.894886     0     0 I         : c2   5809 google_charger: usbchg=USB typec=C usbv=5013 usbc=50 usbMv=5000 usbMc=450
04-17 12:16:45.895066     0     0 I         : c2   5809 sm7250_bms: MSC_PCS chg_state=1c2112e01030001 [0x1:1:3:4398:450] chg=u
04-17 12:16:45.895120     0     0 I         : c2   5809 google_battery: MSC_DIN chg_state=1c2112e01030001 f=0x1 chg_s=Not Charging chg_t=None vchg=4398 icl=450
04-17 12:16:45.896726     0     0 I         : c2   5809 google_battery: MSC_DSG vbatt_idx:4->4 vbatt=4398212 ibatt=-6408 fv_uv=4430000 cv_cnt=0 ov_cnt=0
04-17 12:16:45.896786     0     0 I         : c2   5809 google_battery: MSC_VOTE msc_state=2 cv_cnt=0 ov_cnt=0 temp_idx:2, vbatt_idx:4  fv_uv=4430000 cc_max=0 update_interval=-1
04-17 12:16:45.896867     0     0 I         : c2   5809 google_charger: MSC_CHG fv_uv=4430000, cc_max=0, rerun in 2000 ms (0)
--------- switch to main
04-17 12:16:45.957833   984  1089 W ASH     : @ 39335.633: touch gesture: no valid gesture detected
04-17 12:16:46.022437   984  1089 W ASH     : @ 39335.697: touch gesture: no valid gesture detected
04-17 12:16:46.087223   984  1089 W ASH     : @ 39335.762: touch gesture: no valid gesture detected
04-17 12:16:46.151263   984  1089 W ASH     : @ 39335.826: touch gesture: no valid gesture detected
04-17 12:16:46.216118   984  1089 W ASH     : @ 39335.891: touch gesture: no valid gesture detected
04-17 12:16:46.280518   984  1089 W ASH     : @ 39335.955: touch gesture: no valid gesture detected
04-17 12:16:46.344872   984  1089 W ASH     : @ 39336.020: touch gesture: no valid gesture detected
04-17 12:16:46.409586   984  1089 W ASH     : @ 39336.084: touch gesture: no valid gesture detected
04-17 12:16:46.474371   984  1089 W ASH     : @ 39336.149: touch gesture: no valid gesture detected
04-17 12:16:46.538717   984  1089 W ASH     : @ 39336.214: touch gesture: no valid gesture detected
04-17 12:16:46.603240   984  1089 W ASH     : @ 39336.278: touch gesture: no valid gesture detected
04-17 12:16:46.667665   984  1089 W ASH     : @ 39336.343: touch gesture: no valid gesture detected
04-17 12:16:46.733035   984  1089 W ASH     : @ 39336.407: touch gesture: no valid gesture detected
04-17 12:16:46.797342   984  1089 W ASH     : @ 39336.472: touch gesture: no valid gesture detected
04-17 12:16:46.861795   984  1089 W ASH     : @ 39336.537: touch gesture: no valid gesture detected
04-17 12:16:46.926124   984  1089 W ASH     : @ 39336.601: touch gesture: no valid gesture detected
04-17 12:16:46.991324   984  1089 W ASH     : @ 39336.666: touch gesture: no valid gesture detected
04-17 12:16:47.055635   984  1089 W ASH     : @ 39336.730: touch gesture: no valid gesture detected
04-17 12:16:47.120380   984  1089 W ASH     : @ 39336.795: touch gesture: no valid gesture detected
04-17 12:16:47.184943   984  1089 W ASH     : @ 39336.860: touch gesture: no valid gesture detected
04-17 12:16:47.249581   984  1089 W ASH     : @ 39336.924: touch gesture: no valid gesture detected
04-17 12:16:47.313792   984  1089 W ASH     : @ 39336.989: touch gesture: no valid gesture detected
04-17 12:16:47.378858   984  1089 W ASH     : @ 39337.053: touch gesture: no valid gesture detected
04-17 12:16:47.442968   984  1089 W ASH     : @ 39337.118: touch gesture: no valid gesture detected
04-17 12:16:47.508207   984  1089 W ASH     : @ 39337.183: touch gesture: no valid gesture detected
04-17 12:16:47.573066   984  1089 W ASH     : @ 39337.247: touch gesture: no valid gesture detected
04-17 12:16:47.635372   984  1089 W ASH     : @ 39337.312: touch gesture: no valid gesture detected
04-17 12:16:47.702193   984  1089 W ASH     : @ 39337.377: touch gesture: no valid gesture detected
04-17 12:16:47.766283   984  1089 W ASH     : @ 39337.441: touch gesture: no valid gesture detected
04-17 12:16:47.831034   984  1089 W ASH     : @ 39337.506: touch gesture: no valid gesture detected
04-17 12:16:47.895704   984  1089 W ASH     : @ 39337.570: touch gesture: no valid gesture detected
--------- switch to kernel
04-17 12:16:47.902014     0     0 I         : c2   5809 google_charger: usbchg=USB typec=C usbv=5036 usbc=0 usbMv=5000 usbMc=450
04-17 12:16:47.902197     0     0 I         : c2   5809 sm7250_bms: MSC_PCS chg_state=1c2112e01030001 [0x1:1:3:4398:450] chg=u
04-17 12:16:47.902259     0     0 I         : c2   5809 google_battery: MSC_DIN chg_state=1c2112e01030001 f=0x1 chg_s=Not Charging chg_t=None vchg=4398 icl=450
04-17 12:16:47.903402     0     0 I         : c2   5809 google_battery: MSC_DSG vbatt_idx:4->4 vbatt=4398212 ibatt=-6408 fv_uv=4430000 cv_cnt=0 ov_cnt=0
04-17 12:16:47.903465     0     0 I         : c2   5809 google_battery: MSC_VOTE msc_state=2 cv_cnt=0 ov_cnt=0 temp_idx:2, vbatt_idx:4  fv_uv=4430000 cc_max=0 update_interval=-1
04-17 12:16:47.903548     0     0 I         : c2   5809 google_charger: MSC_CHG fv_uv=4430000, cc_max=0, rerun in 2000 ms (0)
--------- switch to main
04-17 12:16:47.960070   984  1089 W ASH     : @ 39337.635: touch gesture: no valid gesture detected
04-17 12:16:48.024769   984  1089 W ASH     : @ 39337.699: touch gesture: no valid gesture detected
04-17 12:16:48.089385   984  1089 W ASH     : @ 39337.764: touch gesture: no valid gesture detected
04-17 12:16:48.154162   984  1089 W ASH     : @ 39337.829: touch gesture: no valid gesture detected
04-17 12:16:48.218731   984  1089 W ASH     : @ 39337.893: touch gesture: no valid gesture detected
04-17 12:16:48.283107   984  1089 W ASH     : @ 39337.958: touch gesture: no valid gesture detected
04-17 12:16:48.348256   984  1089 W ASH     : @ 39338.023: touch gesture: no valid gesture detected
04-17 12:16:48.412742   984  1089 W ASH     : @ 39338.087: touch gesture: no valid gesture detected
04-17 12:16:48.477435   984  1089 W ASH     : @ 39338.152: touch gesture: no valid gesture detected
04-17 12:16:48.542309   984  1089 W ASH     : @ 39338.217: touch gesture: no valid gesture detected
04-17 12:16:48.605125   984  1089 W ASH     : @ 39338.281: touch gesture: no valid gesture detected
04-17 12:16:48.670706   984  1089 W ASH     : @ 39338.346: touch gesture: no valid gesture detected
04-17 12:16:48.735509   984  1089 W ASH     : @ 39338.410: touch gesture: no valid gesture detected
04-17 12:16:48.800220   984  1089 W ASH     : @ 39338.475: touch gesture: no valid gesture detected
04-17 12:16:48.865153   984  1089 W ASH     : @ 39338.540: touch gesture: no valid gesture detected
04-17 12:16:48.929642   984  1089 W ASH     : @ 39338.604: touch gesture: no valid gesture detected
04-17 12:16:48.994162   984  1089 W ASH     : @ 39338.669: touch gesture: no valid gesture detected
04-17 12:16:49.059216   984  1089 W ASH     : @ 39338.734: touch gesture: no valid gesture detected
04-17 12:16:49.123605   984  1089 W ASH     : @ 39338.798: touch gesture: no valid gesture detected
04-17 12:16:49.188038   984  1089 W ASH     : @ 39338.863: touch gesture: no valid gesture detected
04-17 12:16:49.253101   984  1089 W ASH     : @ 39338.928: touch gesture: no valid gesture detected
04-17 12:16:49.317423   984  1089 W ASH     : @ 39338.992: touch gesture: no valid gesture detected
04-17 12:16:49.382124   984  1089 W ASH     : @ 39339.057: touch gesture: no valid gesture detected
04-17 12:16:49.446616   984  1089 W ASH     : @ 39339.121: touch gesture: no valid gesture detected
04-17 12:16:49.511407   984  1089 W ASH     : @ 39339.186: touch gesture: no valid gesture detected
04-17 12:16:49.575704   984  1089 W ASH     : @ 39339.251: touch gesture: no valid gesture detected
04-17 12:16:49.640265   984  1089 W ASH     : @ 39339.315: touch gesture: no valid gesture detected
04-17 12:16:49.704898   984  1089 W ASH     : @ 39339.380: touch gesture: no valid gesture detected
04-17 12:16:49.769165   984  1089 W ASH     : @ 39339.444: touch gesture: no valid gesture detected
04-17 12:16:49.834405   984  1089 W ASH     : @ 39339.509: touch gesture: no valid gesture detected
04-17 12:16:49.899094   984  1089 W ASH     : @ 39339.574: touch gesture: no valid gesture detected
--------- switch to kernel
04-17 12:16:49.911382     0     0 I         : c2   5809 google_charger: usbchg=USB typec=C usbv=5039 usbc=0 usbMv=5000 usbMc=450
04-17 12:16:49.911741     0     0 I         : c2   5809 sm7250_bms: MSC_PCS chg_state=1c2112e01030001 [0x1:1:3:4398:450] chg=u
04-17 12:16:49.911823     0     0 I         : c2   5809 google_battery: MSC_DIN chg_state=1c2112e01030001 f=0x1 chg_s=Not Charging chg_t=None vchg=4398 icl=450
04-17 12:16:49.913577     0     0 I         : c2   5809 google_battery: MSC_DSG vbatt_idx:4->4 vbatt=4398212 ibatt=-6408 fv_uv=4430000 cv_cnt=0 ov_cnt=0
04-17 12:16:49.913643     0     0 I         : c2   5809 google_battery: MSC_VOTE msc_state=2 cv_cnt=0 ov_cnt=0 temp_idx:2, vbatt_idx:4  fv_uv=4430000 cc_max=0 update_interval=-1
04-17 12:16:49.913750     0     0 I         : c2   5809 google_charger: MSC_CHG fv_uv=4430000, cc_max=0, rerun in 2000 ms (0)
--------- switch to main
04-17 12:16:49.963627   984  1089 W ASH     : @ 39339.638: touch gesture: no valid gesture detected
04-17 12:16:50.028029   984  1089 W ASH     : @ 39339.703: touch gesture: no valid gesture detected
04-17 12:16:50.091201   984  1089 W ASH     : @ 39339.767: touch gesture: no valid gesture detected
04-17 12:16:50.157422   984  1089 W ASH     : @ 39339.832: touch gesture: no valid gesture detected
04-17 12:16:50.222189   984  1089 W ASH     : @ 39339.897: touch gesture: no valid gesture detected
04-17 12:16:50.286421   984  1089 W ASH     : @ 39339.961: touch gesture: no valid gesture detected
04-17 12:16:50.351195   984  1089 W ASH     : @ 39340.026: touch gesture: no valid gesture detected
04-17 12:16:50.415694   984  1089 W ASH     : @ 39340.091: touch gesture: no valid gesture detected
04-17 12:16:50.480521   984  1089 W ASH     : @ 39340.155: touch gesture: no valid gesture detected
04-17 12:16:50.544946   984  1089 W ASH     : @ 39340.220: touch gesture: no valid gesture detected
04-17 12:16:50.609379   984  1089 W ASH     : @ 39340.284: touch gesture: no valid gesture detected
04-17 12:16:50.674085   984  1089 W ASH     : @ 39340.349: touch gesture: no valid gesture detected
04-17 12:16:50.738795   984  1089 W ASH     : @ 39340.414: touch gesture: no valid gesture detected
04-17 12:16:50.803100   984  1089 W ASH     : @ 39340.478: touch gesture: no valid gesture detected
04-17 12:16:50.868035   984  1089 W ASH     : @ 39340.543: touch gesture: no valid gesture detected
04-17 12:16:50.932519   984  1089 W ASH     : @ 39340.607: touch gesture: no valid gesture detected
04-17 12:16:50.996941   984  1089 W ASH     : @ 39340.672: touch gesture: no valid gesture detected
04-17 12:16:51.061713   984  1089 W ASH     : @ 39340.737: touch gesture: no valid gesture detected
04-17 12:16:51.126152   984  1089 W ASH     : @ 39340.801: touch gesture: no valid gesture detected
04-17 12:16:51.190944   984  1089 W ASH     : @ 39340.866: touch gesture: no valid gesture detected
04-17 12:16:51.256294   984  1089 W ASH     : @ 39340.931: touch gesture: no valid gesture detected
04-17 12:16:51.320818   984  1089 W ASH     : @ 39340.995: touch gesture: no valid gesture detected
04-17 12:16:51.384819   984  1089 W ASH     : @ 39341.060: touch gesture: no valid gesture detected
04-17 12:16:51.449750   984  1089 W ASH     : @ 39341.124: touch gesture: no valid gesture detected
04-17 12:16:51.514240   984  1089 W ASH     : @ 39341.189: touch gesture: no valid gesture detected
04-17 12:16:51.578475   984  1089 W ASH     : @ 39341.254: touch gesture: no valid gesture detected
04-17 12:16:51.641720   984  1089 W ASH     : @ 39341.318: touch gesture: no valid gesture detected
04-17 12:16:51.707763   984  1089 W ASH     : @ 39341.383: touch gesture: no valid gesture detected
04-17 12:16:51.772472   984  1089 W ASH     : @ 39341.447: touch gesture: no valid gesture detected
04-17 12:16:51.837157   984  1089 W ASH     : @ 39341.512: touch gesture: no valid gesture detected
04-17 12:16:51.901586   984  1089 W ASH     : @ 39341.577: touch gesture: no valid gesture detected
--------- switch to kernel
04-17 12:16:51.919270     0     0 I         : c2   5809 google_charger: usbchg=USB typec=C usbv=5043 usbc=0 usbMv=5000 usbMc=450
04-17 12:16:51.919456     0     0 I         : c2   5809 sm7250_bms: MSC_PCS chg_state=1c2112e01030001 [0x1:1:3:4398:450] chg=u
04-17 12:16:51.919518     0     0 I         : c2   5809 google_battery: MSC_DIN chg_state=1c2112e01030001 f=0x1 chg_s=Not Charging chg_t=None vchg=4398 icl=450
04-17 12:16:51.920646     0     0 I         : c2   5809 google_battery: MSC_DSG vbatt_idx:4->4 vbatt=4398212 ibatt=-4272 fv_uv=4430000 cv_cnt=0 ov_cnt=0
04-17 12:16:51.920708     0     0 I         : c2   5809 google_battery: MSC_VOTE msc_state=2 cv_cnt=0 ov_cnt=0 temp_idx:2, vbatt_idx:4  fv_uv=4430000 cc_max=0 update_interval=-1
04-17 12:16:51.920790     0     0 I         : c2   5809 google_charger: MSC_CHG fv_uv=4430000, cc_max=0, rerun in 2000 ms (0)
--------- switch to main
04-17 12:16:51.966239   984  1089 W ASH     : @ 39341.641: touch gesture: no valid gesture detected
04-17 12:16:52.030695   984  1089 W ASH     : @ 39341.706: touch gesture: no valid gesture detected
04-17 12:16:52.094938   984  1089 W ASH     : @ 39341.770: touch gesture: no valid gesture detected
04-17 12:16:52.160107   984  1089 W ASH     : @ 39341.835: touch gesture: no valid gesture detected
04-17 12:16:52.224444   984  1089 W ASH     : @ 39341.899: touch gesture: no valid gesture detected
04-17 12:16:52.289408   984  1089 W ASH     : @ 39341.964: touch gesture: no valid gesture detected
04-17 12:16:52.353824   984  1089 W ASH     : @ 39342.029: touch gesture: no valid gesture detected
04-17 12:16:52.418270   984  1089 W ASH     : @ 39342.093: touch gesture: no valid gesture detected
04-17 12:16:52.482660   984  1089 W ASH     : @ 39342.158: touch gesture: no valid gesture detected
04-17 12:16:52.547314   984  1089 W ASH     : @ 39342.222: touch gesture: no valid gesture detected
04-17 12:16:52.612086   984  1089 W ASH     : @ 39342.287: touch gesture: no valid gesture detected
04-17 12:16:52.676392   984  1089 W ASH     : @ 39342.352: touch gesture: no valid gesture detected
04-17 12:16:52.740978   984  1089 W ASH     : @ 39342.416: touch gesture: no valid gesture detected
04-17 12:16:52.805688   984  1089 W ASH     : @ 39342.481: touch gesture: no valid gesture detected
04-17 12:16:52.870257   984  1089 W ASH     : @ 39342.545: touch gesture: no valid gesture detected
04-17 12:16:52.933618   984  1089 W ASH     : @ 39342.610: touch gesture: no valid gesture detected
04-17 12:16:52.999110   984  1089 W ASH     : @ 39342.674: touch gesture: no valid gesture detected
04-17 12:16:53.063953   984  1089 W ASH     : @ 39342.739: touch gesture: no valid gesture detected
04-17 12:16:53.127467   984  1089 W ASH     : @ 39342.803: touch gesture: no valid gesture detected
04-17 12:16:53.193294   984  1089 W ASH     : @ 39342.868: touch gesture: no valid gesture detected
04-17 12:16:53.257921   984  1089 W ASH     : @ 39342.933: touch gesture: no valid gesture detected
04-17 12:16:53.322199   984  1089 W ASH     : @ 39342.997: touch gesture: no valid gesture detected
04-17 12:16:53.386940   984  1089 W ASH     : @ 39343.062: touch gesture: no valid gesture detected
04-17 12:16:53.451736   984  1089 W ASH     : @ 39343.127: touch gesture: no valid gesture detected
04-17 12:16:53.515869   984  1089 W ASH     : @ 39343.191: touch gesture: no valid gesture detected
04-17 12:16:53.580608   984  1089 W ASH     : @ 39343.256: touch gesture: no valid gesture detected
04-17 12:16:53.645599   984  1089 W ASH     : @ 39343.320: touch gesture: no valid gesture detected
04-17 12:16:53.710129   984  1089 W ASH     : @ 39343.385: touch gesture: no valid gesture detected
04-17 12:16:53.774064   984  1089 W ASH     : @ 39343.450: touch gesture: no valid gesture detected
04-17 12:16:53.839027   984  1089 W ASH     : @ 39343.514: touch gesture: no valid gesture detected
04-17 12:16:53.903773   984  1089 W ASH     : @ 39343.579: touch gesture: no valid gesture detected
--------- switch to kernel
04-17 12:16:53.930318     0     0 I         : c2   5809 google_charger: usbchg=USB typec=C usbv=5041 usbc=0 usbMv=5000 usbMc=450
04-17 12:16:53.930488     0     0 I         : c2   5809 sm7250_bms: MSC_PCS chg_state=1c2112e01030001 [0x1:1:3:4398:450] chg=u
04-17 12:16:53.930555     0     0 I         : c2   5809 google_battery: MSC_DIN chg_state=1c2112e01030001 f=0x1 chg_s=Not Charging chg_t=None vchg=4398 icl=450
04-17 12:16:53.931979     0     0 I         : c2   5809 google_battery: MSC_DSG vbatt_idx:4->4 vbatt=4398212 ibatt=-4272 fv_uv=4430000 cv_cnt=0 ov_cnt=0
04-17 12:16:53.932035     0     0 I         : c2   5809 google_battery: MSC_VOTE msc_state=2 cv_cnt=0 ov_cnt=0 temp_idx:2, vbatt_idx:4  fv_uv=4430000 cc_max=0 update_interval=-1
04-17 12:16:53.932114     0     0 I         : c2   5809 google_charger: MSC_CHG fv_uv=4430000, cc_max=0, rerun in 2000 ms (0)
--------- switch to main
04-17 12:16:53.968056   984  1089 W ASH     : @ 39343.643: touch gesture: no valid gesture detected
04-17 12:16:54.033305   984  1089 W ASH     : @ 39343.708: touch gesture: no valid gesture detected
04-17 12:16:54.096457   984  1089 W ASH     : @ 39343.772: touch gesture: no valid gesture detected
04-17 12:16:54.162217   984  1089 W ASH     : @ 39343.837: touch gesture: no valid gesture detected
04-17 12:16:54.226701   984  1089 W ASH     : @ 39343.901: touch gesture: no valid gesture detected
04-17 12:16:54.291422   984  1089 W ASH     : @ 39343.966: touch gesture: no valid gesture detected
04-17 12:16:54.356445   984  1089 W ASH     : @ 39344.031: touch gesture: no valid gesture detected
04-17 12:16:54.420155   984  1089 W ASH     : @ 39344.095: touch gesture: no valid gesture detected
04-17 12:16:54.484764   984  1089 W ASH     : @ 39344.160: touch gesture: no valid gesture detected
04-17 12:16:54.549460   984  1089 W ASH     : @ 39344.224: touch gesture: no valid gesture detected
04-17 12:16:54.614115   984  1089 W ASH     : @ 39344.289: touch gesture: no valid gesture detected
04-17 12:16:54.678709   984  1089 W ASH     : @ 39344.353: touch gesture: no valid gesture detected
04-17 12:16:54.743395   984  1089 W ASH     : @ 39344.418: touch gesture: no valid gesture detected
04-17 12:16:54.807636   984  1089 W ASH     : @ 39344.483: touch gesture: no valid gesture detected
04-17 12:16:54.872457   984  1089 W ASH     : @ 39344.547: touch gesture: no valid gesture detected
04-17 12:16:54.937007   984  1089 W ASH     : @ 39344.612: touch gesture: no valid gesture detected
04-17 12:16:55.001182   984  1089 W ASH     : @ 39344.676: touch gesture: no valid gesture detected
04-17 12:16:55.066073   984  1089 W ASH     : @ 39344.741: touch gesture: no valid gesture detected
04-17 12:16:55.130534   984  1089 W ASH     : @ 39344.805: touch gesture: no valid gesture detected
04-17 12:16:55.195101   984  1089 W ASH     : @ 39344.870: touch gesture: no valid gesture detected
04-17 12:16:55.259771   984  1089 W ASH     : @ 39344.934: touch gesture: no valid gesture detected
04-17 12:16:55.324650   984  1089 W ASH     : @ 39344.999: touch gesture: no valid gesture detected
04-17 12:16:55.388927   984  1089 W ASH     : @ 39345.064: touch gesture: no valid gesture detected
04-17 12:16:55.453154   984  1089 W ASH     : @ 39345.128: touch gesture: no valid gesture detected
04-17 12:16:55.517983   984  1089 W ASH     : @ 39345.193: touch gesture: no valid gesture detected
04-17 12:16:55.582456   984  1089 W ASH     : @ 39345.257: touch gesture: no valid gesture detected
04-17 12:16:55.647133   984  1089 W ASH     : @ 39345.322: touch gesture: no valid gesture detected
04-17 12:16:55.711460   984  1089 W ASH     : @ 39345.386: touch gesture: no valid gesture detected
04-17 12:16:55.775796   984  1089 W ASH     : @ 39345.451: touch gesture: no valid gesture detected
04-17 12:16:55.840387   984  1089 W ASH     : @ 39345.515: touch gesture: no valid gesture detected
04-17 12:16:55.904887   984  1089 W ASH     : @ 39345.580: touch gesture: no valid gesture detected
--------- switch to kernel
04-17 12:16:55.941192     0     0 I         : c2   5809 google_charger: usbchg=USB typec=C usbv=5037 usbc=0 usbMv=5000 usbMc=450
04-17 12:16:55.941378     0     0 I         : c2   5809 sm7250_bms: MSC_PCS chg_state=1c2112e01030001 [0x1:1:3:4398:450] chg=u
04-17 12:16:55.941713     0     0 I         : c2   5809 google_battery: MSC_DIN chg_state=1c2112e01030001 f=0x1 chg_s=Not Charging chg_t=None vchg=4398 icl=450
04-17 12:16:55.943497     0     0 I         : c2   5809 google_battery: MSC_DSG vbatt_idx:4->4 vbatt=4398212 ibatt=-4272 fv_uv=4430000 cv_cnt=0 ov_cnt=0
04-17 12:16:55.943561     0     0 I         : c2   5809 google_battery: MSC_VOTE msc_state=2 cv_cnt=0 ov_cnt=0 temp_idx:2, vbatt_idx:4  fv_uv=4430000 cc_max=0 update_interval=-1
04-17 12:16:55.943660     0     0 I         : c2   5809 google_charger: MSC_CHG fv_uv=4430000, cc_max=0, rerun in 2000 ms (0)
--------- switch to main
04-17 12:16:55.968764   984  1089 W ASH     : @ 39345.644: touch gesture: no valid gesture detected
04-17 12:16:56.034424   984  1089 W ASH     : @ 39345.709: touch gesture: no valid gesture detected
04-17 12:16:56.099465   984  1089 W ASH     : @ 39345.774: touch gesture: no valid gesture detected
04-17 12:16:56.163419   984  1089 W ASH     : @ 39345.838: touch gesture: no valid gesture detected
04-17 12:16:56.227936   984  1089 W ASH     : @ 39345.903: touch gesture: no valid gesture detected
04-17 12:16:56.292301   984  1089 W ASH     : @ 39345.967: touch gesture: no valid gesture detected
04-17 12:16:56.356936   984  1089 W ASH     : @ 39346.032: touch gesture: no valid gesture detected
04-17 12:16:56.421718   984  1089 W ASH     : @ 39346.096: touch gesture: no valid gesture detected
04-17 12:16:56.486421   984  1089 W ASH     : @ 39346.161: touch gesture: no valid gesture detected
04-17 12:16:56.549929   984  1089 W ASH     : @ 39346.226: touch gesture: no valid gesture detected
04-17 12:16:56.615655   984  1089 W ASH     : @ 39346.290: touch gesture: no valid gesture detected
04-17 12:16:56.679141   984  1089 W ASH     : @ 39346.355: touch gesture: no valid gesture detected
04-17 12:16:56.744827   984  1089 W ASH     : @ 39346.419: touch gesture: no valid gesture detected
04-17 12:16:56.809035   984  1089 W ASH     : @ 39346.484: touch gesture: no valid gesture detected
04-17 12:16:56.873517   984  1089 W ASH     : @ 39346.548: touch gesture: no valid gesture detected
04-17 12:16:56.938180   984  1089 W ASH     : @ 39346.613: touch gesture: no valid gesture detected
04-17 12:16:57.003047   984  1089 W ASH     : @ 39346.678: touch gesture: no valid gesture detected
04-17 12:16:57.066951   984  1089 W ASH     : @ 39346.742: touch gesture: no valid gesture detected
04-17 12:16:57.131713   984  1089 W ASH     : @ 39346.807: touch gesture: no valid gesture detected
04-17 12:16:57.196450   984  1089 W ASH     : @ 39346.871: touch gesture: no valid gesture detected
04-17 12:16:57.260858   984  1089 W ASH     : @ 39346.936: touch gesture: no valid gesture detected
04-17 12:16:57.325497   984  1089 W ASH     : @ 39347.001: touch gesture: no valid gesture detected
04-17 12:16:57.390446   984  1089 W ASH     : @ 39347.065: touch gesture: no valid gesture detected
04-17 12:16:57.455038   984  1089 W ASH     : @ 39347.130: touch gesture: no valid gesture detected
04-17 12:16:57.519514   984  1089 W ASH     : @ 39347.194: touch gesture: no valid gesture detected
04-17 12:16:57.584096   984  1089 W ASH     : @ 39347.259: touch gesture: no valid gesture detected
04-17 12:16:57.648307   984  1089 W ASH     : @ 39347.323: touch gesture: no valid gesture detected
04-17 12:16:57.713317   984  1089 W ASH     : @ 39347.388: touch gesture: no valid gesture detected
04-17 12:16:57.777380   984  1089 W ASH     : @ 39347.452: touch gesture: no valid gesture detected
04-17 12:16:57.842350   984  1089 W ASH     : @ 39347.517: touch gesture: no valid gesture detected
04-17 12:16:57.907087   984  1089 W ASH     : @ 39347.582: touch gesture: no valid gesture detected
--------- switch to kernel
04-17 12:16:57.952090     0     0 I         : c2   5809 google_charger: usbchg=USB typec=C usbv=5038 usbc=0 usbMv=5000 usbMc=450
04-17 12:16:57.952273     0     0 I         : c2   5809 sm7250_bms: MSC_PCS chg_state=1c2112e01030001 [0x1:1:3:4398:450] chg=u
04-17 12:16:57.952345     0     0 I         : c2   5809 google_battery: MSC_DIN chg_state=1c2112e01030001 f=0x1 chg_s=Not Charging chg_t=None vchg=4398 icl=450
04-17 12:16:57.954001     0     0 I         : c2   5809 google_battery: MSC_DSG vbatt_idx:4->4 vbatt=4398212 ibatt=-4272 fv_uv=4430000 cv_cnt=0 ov_cnt=0
04-17 12:16:57.954063     0     0 I         : c2   5809 google_battery: MSC_VOTE msc_state=2 cv_cnt=0 ov_cnt=0 temp_idx:2, vbatt_idx:4  fv_uv=4430000 cc_max=0 update_interval=-1
04-17 12:16:57.954161     0     0 I         : c2   5809 google_charger: MSC_CHG fv_uv=4430000, cc_max=0, rerun in 2000 ms (0)
--------- switch to main
04-17 12:16:57.969945   984  1089 W ASH     : @ 39347.646: touch gesture: no valid gesture detected
04-17 12:16:58.036508   984  1089 W ASH     : @ 39347.711: touch gesture: no valid gesture detected
04-17 12:16:58.100493   984  1089 W ASH     : @ 39347.776: touch gesture: no valid gesture detected
04-17 12:16:58.165605   984  1089 W ASH     : @ 39347.840: touch gesture: no valid gesture detected
04-17 12:16:58.230334   984  1089 W ASH     : @ 39347.905: touch gesture: no valid gesture detected
04-17 12:16:58.294334   984  1089 W ASH     : @ 39347.969: touch gesture: no valid gesture detected
04-17 12:16:58.358860   984  1089 W ASH     : @ 39348.034: touch gesture: no valid gesture detected
04-17 12:16:58.424036   984  1089 W ASH     : @ 39348.098: touch gesture: no valid gesture detected
04-17 12:16:58.488215   984  1089 W ASH     : @ 39348.163: touch gesture: no valid gesture detected
04-17 12:16:58.552654   984  1089 W ASH     : @ 39348.228: touch gesture: no valid gesture detected
04-17 12:16:58.617329   984  1089 W ASH     : @ 39348.292: touch gesture: no valid gesture detected
04-17 12:16:58.680833   984  1089 W ASH     : @ 39348.357: touch gesture: no valid gesture detected
04-17 12:16:58.746283   984  1089 W ASH     : @ 39348.421: touch gesture: no valid gesture detected
04-17 12:16:58.810942   984  1089 W ASH     : @ 39348.486: touch gesture: no valid gesture detected
04-17 12:16:58.875755   984  1089 W ASH     : @ 39348.551: touch gesture: no valid gesture detected
04-17 12:16:58.940382   984  1089 W ASH     : @ 39348.615: touch gesture: no valid gesture detected
04-17 12:16:59.004957   984  1089 W ASH     : @ 39348.680: touch gesture: no valid gesture detected
04-17 12:16:59.069098   984  1089 W ASH     : @ 39348.744: touch gesture: no valid gesture detected
04-17 12:16:59.133822   984  1089 W ASH     : @ 39348.809: touch gesture: no valid gesture detected
04-17 12:16:59.198360   984  1089 W ASH     : @ 39348.873: touch gesture: no valid gesture detected
04-17 12:16:59.262762   984  1089 W ASH     : @ 39348.938: touch gesture: no valid gesture detected
04-17 12:16:59.327293   984  1089 W ASH     : @ 39349.002: touch gesture: no valid gesture detected
04-17 12:16:59.391443   984  1089 W ASH     : @ 39349.067: touch gesture: no valid gesture detected
04-17 12:16:59.456222   984  1089 W ASH     : @ 39349.131: touch gesture: no valid gesture detected
04-17 12:16:59.520931   984  1089 W ASH     : @ 39349.196: touch gesture: no valid gesture detected
04-17 12:16:59.585043   984  1089 W ASH     : @ 39349.260: touch gesture: no valid gesture detected
04-17 12:16:59.649994   984  1089 W ASH     : @ 39349.325: touch gesture: no valid gesture detected
04-17 12:16:59.714569   984  1089 W ASH     : @ 39349.389: touch gesture: no valid gesture detected
04-17 12:16:59.778716   984  1089 W ASH     : @ 39349.453: touch gesture: no valid gesture detected
04-17 12:16:59.843734   984  1089 W ASH     : @ 39349.518: touch gesture: no valid gesture detected
04-17 12:16:59.908486   984  1089 W ASH     : @ 39349.583: touch gesture: no valid gesture detected
--------- switch to kernel
04-17 12:16:59.962619     0     0 I         : c2   5809 google_charger: usbchg=USB typec=C usbv=5037 usbc=0 usbMv=5000 usbMc=450
04-17 12:16:59.962807     0     0 I         : c2   5809 sm7250_bms: MSC_PCS chg_state=1c2112e01030001 [0x1:1:3:4398:450] chg=u
04-17 12:16:59.962882     0     0 I         : c2   5809 google_battery: MSC_DIN chg_state=1c2112e01030001 f=0x1 chg_s=Not Charging chg_t=None vchg=4398 icl=450
04-17 12:16:59.964301     0     0 I         : c2   5809 google_battery: MSC_DSG vbatt_idx:4->4 vbatt=4398212 ibatt=-4272 fv_uv=4430000 cv_cnt=0 ov_cnt=0
04-17 12:16:59.964358     0     0 I         : c2   5809 google_battery: MSC_VOTE msc_state=2 cv_cnt=0 ov_cnt=0 temp_idx:2, vbatt_idx:4  fv_uv=4430000 cc_max=0 update_interval=-1
04-17 12:16:59.964457     0     0 I         : c2   5809 google_charger: MSC_CHG fv_uv=4430000, cc_max=0, rerun in 2000 ms (0)
--------- switch to main
04-17 12:16:59.971188   984  1089 W ASH     : @ 39349.648: touch gesture: no valid gesture detected
04-17 12:17:00.037397   984  1089 W ASH     : @ 39349.712: touch gesture: no valid gesture detected
04-17 12:17:00.102175   984  1089 W ASH     : @ 39349.777: touch gesture: no valid gesture detected
04-17 12:17:00.166377   984  1089 W ASH     : @ 39349.841: touch gesture: no valid gesture detected
04-17 12:17:00.231074   984  1089 W ASH     : @ 39349.906: touch gesture: no valid gesture detected
04-17 12:17:00.295510   984  1089 W ASH     : @ 39349.970: touch gesture: no valid gesture detected
04-17 12:17:00.360046   984  1089 W ASH     : @ 39350.035: touch gesture: no valid gesture detected
04-17 12:17:00.424539   984  1089 W ASH     : @ 39350.100: touch gesture: no valid gesture detected
04-17 12:17:00.489249   984  1089 W ASH     : @ 39350.164: touch gesture: no valid gesture detected
04-17 12:17:00.553821   984  1089 W ASH     : @ 39350.229: touch gesture: no valid gesture detected
04-17 12:17:00.618430   984  1089 W ASH     : @ 39350.293: touch gesture: no valid gesture detected
04-17 12:17:00.683246   984  1089 W ASH     : @ 39350.358: touch gesture: no valid gesture detected
04-17 12:17:00.748112   984  1089 W ASH     : @ 39350.422: touch gesture: no valid gesture detected
04-17 12:17:00.812226   984  1089 W ASH     : @ 39350.487: touch gesture: no valid gesture detected
04-17 12:17:00.876859   984  1089 W ASH     : @ 39350.552: touch gesture: no valid gesture detected
04-17 12:17:00.941765   984  1089 W ASH     : @ 39350.616: touch gesture: no valid gesture detected
04-17 12:17:01.006155   984  1089 W ASH     : @ 39350.681: touch gesture: no valid gesture detected
04-17 12:17:01.070826   984  1089 W ASH     : @ 39350.745: touch gesture: no valid gesture detected
04-17 12:17:01.135139   984  1089 W ASH     : @ 39350.810: touch gesture: no valid gesture detected
04-17 12:17:01.199410   984  1089 W ASH     : @ 39350.875: touch gesture: no valid gesture detected
04-17 12:17:01.264375   984  1089 W ASH     : @ 39350.939: touch gesture: no valid gesture detected
04-17 12:17:01.328999   984  1089 W ASH     : @ 39351.004: touch gesture: no valid gesture detected
04-17 12:17:01.393309   984  1089 W ASH     : @ 39351.068: touch gesture: no valid gesture detected
04-17 12:17:01.458257   984  1089 W ASH     : @ 39351.133: touch gesture: no valid gesture detected
04-17 12:17:01.522764   984  1089 W ASH     : @ 39351.198: touch gesture: no valid gesture detected
04-17 12:17:01.587208   984  1089 W ASH     : @ 39351.262: touch gesture: no valid gesture detected
04-17 12:17:01.651649   984  1089 W ASH     : @ 39351.327: touch gesture: no valid gesture detected
04-17 12:17:01.716194   984  1089 W ASH     : @ 39351.391: touch gesture: no valid gesture detected
04-17 12:17:01.781099   984  1089 W ASH     : @ 39351.456: touch gesture: no valid gesture detected
04-17 12:17:01.845594   984  1089 W ASH     : @ 39351.520: touch gesture: no valid gesture detected
04-17 12:17:01.891543   990  1023 D rlsservice: MonitorDisplayStatus client num 0, display status 0, sensor status 0
04-17 12:17:01.909226   984  1089 W ASH     : @ 39351.585: touch gesture: no valid gesture detected
04-17 12:17:01.973340   984  1089 W ASH     : @ 39351.649: touch gesture: no valid gesture detected
--------- switch to kernel
04-17 12:17:01.971507     0     0 I         : c2   5809 google_charger: usbchg=USB typec=C usbv=5027 usbc=0 usbMv=5000 usbMc=450
04-17 12:17:01.971710     0     0 I         : c2   5809 sm7250_bms: MSC_PCS chg_state=1c2112e01030001 [0x1:1:3:4398:450] chg=u
04-17 12:17:01.971772     0     0 I         : c2   5809 google_battery: MSC_DIN chg_state=1c2112e01030001 f=0x1 chg_s=Not Charging chg_t=None vchg=4398 icl=450
04-17 12:17:01.973641     0     0 I         : c2   5809 google_battery: MSC_DSG vbatt_idx:4->4 vbatt=4398212 ibatt=-4272 fv_uv=4430000 cv_cnt=0 ov_cnt=0
04-17 12:17:01.973707     0     0 I         : c2   5809 google_battery: MSC_VOTE msc_state=2 cv_cnt=0 ov_cnt=0 temp_idx:2, vbatt_idx:4  fv_uv=4430000 cc_max=0 update_interval=-1
04-17 12:17:01.973806     0     0 I         : c2   5809 google_charger: MSC_CHG fv_uv=4430000, cc_max=0, rerun in 2000 ms (0)
--------- switch to main
04-17 12:17:02.039044   984  1089 W ASH     : @ 39351.714: touch gesture: no valid gesture detected
04-17 12:17:02.103600   984  1089 W ASH     : @ 39351.778: touch gesture: no valid gesture detected
04-17 12:17:02.168219   984  1089 W ASH     : @ 39351.843: touch gesture: no valid gesture detected
04-17 12:17:02.232757   984  1089 W ASH     : @ 39351.908: touch gesture: no valid gesture detected
04-17 12:17:02.297317   984  1089 W ASH     : @ 39351.972: touch gesture: no valid gesture detected
04-17 12:17:02.362067   984  1089 W ASH     : @ 39352.037: touch gesture: no valid gesture detected
04-17 12:17:02.426821   984  1089 W ASH     : @ 39352.101: touch gesture: no valid gesture detected
04-17 12:17:02.491031   984  1089 W ASH     : @ 39352.166: touch gesture: no valid gesture detected
04-17 12:17:02.555915   984  1089 W ASH     : @ 39352.231: touch gesture: no valid gesture detected
04-17 12:17:02.620417   984  1089 W ASH     : @ 39352.295: touch gesture: no valid gesture detected
04-17 12:17:02.684659   984  1089 W ASH     : @ 39352.360: touch gesture: no valid gesture detected
04-17 12:17:02.747630   984  1089 W ASH     : @ 39352.424: touch gesture: no valid gesture detected
04-17 12:17:02.813685   984  1089 W ASH     : @ 39352.489: touch gesture: no valid gesture detected
04-17 12:17:02.878688   984  1089 W ASH     : @ 39352.553: touch gesture: no valid gesture detected
04-17 12:17:02.943335   984  1089 W ASH     : @ 39352.618: touch gesture: no valid gesture detected
04-17 12:17:03.007770   984  1089 W ASH     : @ 39352.682: touch gesture: no valid gesture detected
04-17 12:17:03.072563   984  1089 W ASH     : @ 39352.747: touch gesture: no valid gesture detected
04-17 12:17:03.136781   984  1089 W ASH     : @ 39352.812: touch gesture: no valid gesture detected
04-17 12:17:03.201529   984  1089 W ASH     : @ 39352.876: touch gesture: no valid gesture detected
04-17 12:17:03.266062   984  1089 W ASH     : @ 39352.941: touch gesture: no valid gesture detected
04-17 12:17:03.330567   984  1089 W ASH     : @ 39353.005: touch gesture: no valid gesture detected
04-17 12:17:03.395170   984  1089 W ASH     : @ 39353.070: touch gesture: no valid gesture detected
04-17 12:17:03.459711   984  1089 W ASH     : @ 39353.135: touch gesture: no valid gesture detected
04-17 12:17:03.524094   984  1089 W ASH     : @ 39353.199: touch gesture: no valid gesture detected
04-17 12:17:03.587868   984  1089 W ASH     : @ 39353.264: touch gesture: no valid gesture detected
04-17 12:17:03.653858   984  1089 W ASH     : @ 39353.328: touch gesture: no valid gesture detected
04-17 12:17:03.718146   984  1089 W ASH     : @ 39353.393: touch gesture: no valid gesture detected
04-17 12:17:03.782629   984  1089 W ASH     : @ 39353.458: touch gesture: no valid gesture detected
04-17 12:17:03.847593   984  1089 W ASH     : @ 39353.522: touch gesture: no valid gesture detected
04-17 12:17:03.912010   984  1089 W ASH     : @ 39353.587: touch gesture: no valid gesture detected
04-17 12:17:03.976480   984  1089 W ASH     : @ 39353.651: touch gesture: no valid gesture detected
--------- switch to kernel
04-17 12:17:03.978593     0     0 I         : c2   5809 google_charger: usbchg=USB typec=C usbv=5040 usbc=0 usbMv=5000 usbMc=450
04-17 12:17:03.978779     0     0 I         : c2   5809 sm7250_bms: MSC_PCS chg_state=1c2112e01030001 [0x1:1:3:4398:450] chg=u
04-17 12:17:03.978839     0     0 I         : c2   5809 google_battery: MSC_DIN chg_state=1c2112e01030001 f=0x1 chg_s=Not Charging chg_t=None vchg=4398 icl=450
04-17 12:17:03.980247     0     0 I         : c2   5809 google_battery: MSC_DSG vbatt_idx:4->4 vbatt=4398212 ibatt=-4272 fv_uv=4430000 cv_cnt=0 ov_cnt=0
04-17 12:17:03.980310     0     0 I         : c2   5809 google_battery: MSC_VOTE msc_state=2 cv_cnt=0 ov_cnt=0 temp_idx:2, vbatt_idx:4  fv_uv=4430000 cc_max=0 update_interval=-1
04-17 12:17:03.980397     0     0 I         : c2   5809 google_charger: MSC_CHG fv_uv=4430000, cc_max=0, rerun in 2000 ms (0)
--------- switch to main
04-17 12:17:04.041087   984  1089 W ASH     : @ 39353.716: touch gesture: no valid gesture detected
04-17 12:17:04.105579   984  1089 W ASH     : @ 39353.781: touch gesture: no valid gesture detected
04-17 12:17:04.170126   984  1089 W ASH     : @ 39353.845: touch gesture: no valid gesture detected
04-17 12:17:04.234877   984  1089 W ASH     : @ 39353.910: touch gesture: no valid gesture detected
04-17 12:17:04.299354   984  1089 W ASH     : @ 39353.974: touch gesture: no valid gesture detected
04-17 12:17:04.364194   984  1089 W ASH     : @ 39354.039: touch gesture: no valid gesture detected
04-17 12:17:04.428451   984  1089 W ASH     : @ 39354.104: touch gesture: no valid gesture detected
04-17 12:17:04.493548   984  1089 W ASH     : @ 39354.168: touch gesture: no valid gesture detected
04-17 12:17:04.558355   984  1089 W ASH     : @ 39354.233: touch gesture: no valid gesture detected
04-17 12:17:04.622483   984  1089 W ASH     : @ 39354.297: touch gesture: no valid gesture detected
04-17 12:17:04.687258   984  1089 W ASH     : @ 39354.362: touch gesture: no valid gesture detected
04-17 12:17:04.752272   984  1089 W ASH     : @ 39354.427: touch gesture: no valid gesture detected
04-17 12:17:04.816069   984  1089 W ASH     : @ 39354.491: touch gesture: no valid gesture detected
