04-17 13:45:12.682091  2594  2594 I SystemServerTiming: OnBootPhase_500_com.android.server.voiceinteraction.VoiceInteractionManagerService
04-17 13:45:12.682160  2594  2594 D SystemServerTiming: OnBootPhase_500_com.android.server.voiceinteraction.VoiceInteractionManagerService took to complete: 0ms
04-17 13:45:12.682195  2594  2594 I SystemServerTiming: OnBootPhase_500_com.android.server.apphibernation.AppHibernationService
04-17 13:45:12.684407  2594  2594 D SystemServerTiming: OnBootPhase_500_com.android.server.apphibernation.AppHibernationService took to complete: 2ms
04-17 13:45:12.684453  2594  2594 I SystemServerTiming: OnBootPhase_500_com.android.server.GestureLauncherService
04-17 13:45:12.684501  2594  2594 D SystemServerTiming: OnBootPhase_500_com.android.server.GestureLauncherService took to complete: 0ms
04-17 13:45:12.684535  2594  2594 I SystemServerTiming: OnBootPhase_500_com.android.server.SensorNotificationService
04-17 13:45:12.684589  2594  2594 D SystemServerTiming: OnBootPhase_500_com.android.server.SensorNotificationService took to complete: 0ms
04-17 13:45:12.684623  2594  2594 I SystemServerTiming: OnBootPhase_500_com.android.server.ContextHubSystemService
--------- switch to main
04-17 13:45:12.684669  2594  2594 D ContextHubSystemService: onBootPhase: PHASE_SYSTEM_SERVICES_READY
--------- switch to system
04-17 13:45:12.685319  2594  2594 D SystemServerTiming: OnBootPhase_500_com.android.server.ContextHubSystemService took to complete: 0ms
04-17 13:45:12.685365  2594  2594 I SystemServerTiming: OnBootPhase_500_com.android.server.emergency.EmergencyAffordanceService
04-17 13:45:12.685411  2594  2594 D SystemServerTiming: OnBootPhase_500_com.android.server.emergency.EmergencyAffordanceService took to complete: 0ms
04-17 13:45:12.685446  2594  2594 I SystemServerTiming: OnBootPhase_500_com.android.server.blob.BlobStoreManagerService
04-17 13:45:12.685486  2594  2594 D SystemServerTiming: OnBootPhase_500_com.android.server.blob.BlobStoreManagerService took to complete: 0ms
04-17 13:45:12.685519  2594  2594 I SystemServerTiming: OnBootPhase_500_com.android.server.dreams.DreamManagerService
04-17 13:45:12.685560  2594  2594 D SystemServerTiming: OnBootPhase_500_com.android.server.dreams.DreamManagerService took to complete: 0ms
04-17 13:45:12.685591  2594  2594 I SystemServerTiming: OnBootPhase_500_com.android.server.print.PrintManagerService
04-17 13:45:12.685637  2594  2594 D SystemServerTiming: OnBootPhase_500_com.android.server.print.PrintManagerService took to complete: 0ms
04-17 13:45:12.685671  2594  2594 I SystemServerTiming: OnBootPhase_500_com.android.server.companion.CompanionDeviceManagerService
--------- switch to main
04-17 13:45:12.686270  2594  2594 D BluetoothAdapter: registerBluetoothConnectionCallback()
--------- switch to system
04-17 13:45:12.686532  2594  2594 I CompanionDeviceManagerService: initBleScanning()
04-17 13:45:12.686685  2594  2594 D SystemServerTiming: OnBootPhase_500_com.android.server.companion.CompanionDeviceManagerService took to complete: 1ms
04-17 13:45:12.686719  2594  2594 I SystemServerTiming: OnBootPhase_500_com.android.server.restrictions.RestrictionsManagerService
04-17 13:45:12.686744  2594  2594 D SystemServerTiming: OnBootPhase_500_com.android.server.restrictions.RestrictionsManagerService took to complete: 0ms
04-17 13:45:12.686774  2594  2594 I SystemServerTiming: OnBootPhase_500_com.android.server.media.MediaSessionService
04-17 13:45:12.686797  2594  2594 D SystemServerTiming: OnBootPhase_500_com.android.server.media.MediaSessionService took to complete: 0ms
04-17 13:45:12.686815  2594  2594 I SystemServerTiming: OnBootPhase_500_com.android.server.media.MediaResourceMonitorService
04-17 13:45:12.686848  2594  2594 D SystemServerTiming: OnBootPhase_500_com.android.server.media.MediaResourceMonitorService took to complete: 0ms
04-17 13:45:12.686868  2594  2594 I SystemServerTiming: OnBootPhase_500_com.android.server.biometrics.sensors.fingerprint.FingerprintService
04-17 13:45:12.686893  2594  2594 D SystemServerTiming: OnBootPhase_500_com.android.server.biometrics.sensors.fingerprint.FingerprintService took to complete: 0ms
04-17 13:45:12.686918  2594  2594 I SystemServerTiming: OnBootPhase_500_com.android.server.biometrics.BiometricService
04-17 13:45:12.686944  2594  2594 D SystemServerTiming: OnBootPhase_500_com.android.server.biometrics.BiometricService took to complete: 0ms
04-17 13:45:12.686964  2594  2594 I SystemServerTiming: OnBootPhase_500_com.android.server.biometrics.AuthService
04-17 13:45:12.686989  2594  2594 D SystemServerTiming: OnBootPhase_500_com.android.server.biometrics.AuthService took to complete: 0ms
04-17 13:45:12.687009  2594  2594 I SystemServerTiming: OnBootPhase_500_com.android.server.pm.ShortcutService$Lifecycle
04-17 13:45:12.687041  2594  2594 D SystemServerTiming: OnBootPhase_500_com.android.server.pm.ShortcutService$Lifecycle took to complete: 0ms
04-17 13:45:12.687066  2594  2594 I SystemServerTiming: OnBootPhase_500_com.android.server.pm.LauncherAppsService
04-17 13:45:12.687090  2594  2594 D SystemServerTiming: OnBootPhase_500_com.android.server.pm.LauncherAppsService took to complete: 0ms
04-17 13:45:12.687110  2594  2594 I SystemServerTiming: OnBootPhase_500_com.android.server.pm.CrossProfileAppsService
04-17 13:45:12.687146  2594  2594 D SystemServerTiming: OnBootPhase_500_com.android.server.pm.CrossProfileAppsService took to complete: 0ms
04-17 13:45:12.687166  2594  2594 I SystemServerTiming: OnBootPhase_500_com.android.server.people.PeopleService
04-17 13:45:12.688103  2594  2594 D SystemServerTiming: OnBootPhase_500_com.android.server.people.PeopleService took to complete: 1ms
04-17 13:45:12.688137  2594  2594 I SystemServerTiming: OnBootPhase_500_com.android.server.media.metrics.MediaMetricsManagerService
04-17 13:45:12.688162  2594  2594 D SystemServerTiming: OnBootPhase_500_com.android.server.media.metrics.MediaMetricsManagerService took to complete: 0ms
04-17 13:45:12.688181  2594  2594 I SystemServerTiming: OnBootPhase_500_com.android.server.media.projection.MediaProjectionManagerService
04-17 13:45:12.688202  2594  2594 D SystemServerTiming: OnBootPhase_500_com.android.server.media.projection.MediaProjectionManagerService took to complete: 0ms
04-17 13:45:12.688220  2594  2594 I SystemServerTiming: OnBootPhase_500_com.android.server.slice.SliceManagerService$Lifecycle
04-17 13:45:12.688251  2594  2594 D SystemServerTiming: OnBootPhase_500_com.android.server.slice.SliceManagerService$Lifecycle took to complete: 0ms
04-17 13:45:12.688292  2594  2594 I SystemServerTiming: OnBootPhase_500_com.android.server.stats.StatsCompanion$Lifecycle
04-17 13:45:12.688317  2594  2594 D SystemServerTiming: OnBootPhase_500_com.android.server.stats.StatsCompanion$Lifecycle took to complete: 0ms
04-17 13:45:12.688334  2594  2594 I SystemServerTiming: OnBootPhase_500_com.android.server.scheduling.RebootReadinessManagerService$Lifecycle
04-17 13:45:12.688357  2594  2594 D SystemServerTiming: OnBootPhase_500_com.android.server.scheduling.RebootReadinessManagerService$Lifecycle took to complete: 0ms
04-17 13:45:12.688375  2594  2594 I SystemServerTiming: OnBootPhase_500_com.android.server.stats.pull.StatsPullAtomService
04-17 13:45:12.688558  2594  2594 D SystemServerTiming: OnBootPhase_500_com.android.server.stats.pull.StatsPullAtomService took to complete: 0ms
04-17 13:45:12.688592  2594  2594 I SystemServerTiming: OnBootPhase_500_com.android.server.incident.IncidentCompanionService
04-17 13:45:12.688622  2594  2594 D SystemServerTiming: OnBootPhase_500_com.android.server.incident.IncidentCompanionService took to complete: 0ms
04-17 13:45:12.688643  2594  2594 I SystemServerTiming: OnBootPhase_500_com.android.server.MmsServiceBroker
04-17 13:45:12.688666  2594  2594 D SystemServerTiming: OnBootPhase_500_com.android.server.MmsServiceBroker took to complete: 0ms
04-17 13:45:12.688688  2594  2594 I SystemServerTiming: OnBootPhase_500_com.android.server.autofill.AutofillManagerService
04-17 13:45:12.688720  2594  2594 D SystemServerTiming: OnBootPhase_500_com.android.server.autofill.AutofillManagerService took to complete: 0ms
04-17 13:45:12.688739  2594  2594 I SystemServerTiming: OnBootPhase_500_com.android.server.clipboard.ClipboardService
04-17 13:45:12.688761  2594  2594 D SystemServerTiming: OnBootPhase_500_com.android.server.clipboard.ClipboardService took to complete: 0ms
04-17 13:45:12.688789  2594  2594 I SystemServerTiming: OnBootPhase_500_com.android.server.appbinding.AppBindingService$Lifecycle
04-17 13:45:12.688822  2594  2594 D SystemServerTiming: OnBootPhase_500_com.android.server.appbinding.AppBindingService$Lifecycle took to complete: 0ms
04-17 13:45:12.688849  2594  2594 I SystemServerTiming: OnBootPhase_500_com.android.server.tracing.TracingServiceProxy
04-17 13:45:12.688882  2594  2594 D SystemServerTiming: OnBootPhase_500_com.android.server.tracing.TracingServiceProxy took to complete: 0ms
04-17 13:45:12.688916  2594  2594 D SystemServerTiming: OnBootPhase_500 took to complete: 96ms
04-17 13:45:12.688935  2594  2594 D SystemServerTiming: StartBootPhaseSystemServicesReady took to complete: 96ms
04-17 13:45:12.688955  2594  2594 I SystemServerTiming: MakeWindowManagerServiceReady
04-17 13:45:12.690704  2594  2594 D SystemServerTiming: MakeWindowManagerServiceReady took to complete: 2ms
--------- switch to main
04-17 13:45:12.691269  2594  2594 W InputReader: Device sec_touchscreen is associated with display ADISPLAY_ID_NONE.
--------- switch to system
04-17 13:45:12.691794  2594  2594 I SystemServerTiming: MakePowerManagerServiceReady
04-17 13:45:12.692988  2594  2594 I AttentionDetector: readValuesFromDeviceConfig():
04-17 13:45:12.692988  2594  2594 I AttentionDetector: mMaximumExtensionMillis=900000
04-17 13:45:12.692988  2594  2594 I AttentionDetector: mPreDimCheckDurationMillis=2000
04-17 13:45:12.692988  2594  2594 I AttentionDetector: mRequestedPostDimTimeoutMillis=0
--------- switch to main
04-17 13:45:12.695487  2594  2681 I android_os_HwBinder: HwBinder: Starting thread pool for getting: android.hardware.health@2.0::IHealth/default
04-17 13:45:12.696987  2594  2681 I android_os_HwBinder: HwBinder: Starting thread pool for getting: android.hidl.manager@1.0::IServiceManager/default
--------- switch to system
04-17 13:45:12.697720  2594  2681 I HealthServiceWrapper: health: HealthServiceWrapper listening to instance default
--------- switch to main
04-17 13:45:12.698706  2594  2835 I android_os_HwBinder: HwBinder: Starting thread pool for getting: android.hardware.health@2.0::IHealth/default
--------- switch to system
04-17 13:45:12.701504  2594  2681 D StatsPullAtomService: Registering pullers with statsd
--------- switch to main
04-17 13:45:12.707247  2594  2790 D ConnectivityService: NetReassign [no changes]
--------- switch to system
04-17 13:45:12.707459  2594  2681 I StatsPullAtomService: register thermal listener successfully
04-17 13:45:12.709779  2594  2594 E DisplayPowerController[0]: failed to set up display white-balance: java.lang.IllegalStateException: cannot find sensor com.google.sensor.color
--------- switch to main
04-17 13:45:12.711068   721   721 I powerhal-libperfmgr: Power boost INTERACTION isBoostSupported: 1
--------- switch to kernel
04-17 13:45:12.710928     0     0 I         : c7      1 init: processing action (sys.retaildemo.enabled=0) from (/vendor/etc/init/hw/init.redfin.rc:40)
--------- switch to main
04-17 13:45:12.711671   721   721 W libperfmgr: NodeLooperThread is not running, request INTERACTION
--------- switch to system
04-17 13:45:12.715933  2594  2699 W KeyguardServiceDelegate: onScreenTurningOn(): no keyguard service!
04-17 13:45:12.716863  2594  2699 V DisplayPowerController[0]: Brightness [0.2901961] reason changing to: 'override', previous reason: '0'.
--------- switch to main
04-17 13:45:12.717114   721   721 I libperfmgr: Hint type not present in actions: DISPLAY_INACTIVE
04-17 13:45:12.717161   721   721 I powerhal-libperfmgr: Power mode DISPLAY_INACTIVE isModeSupported: 0
--------- switch to system
04-17 13:45:12.717835  2594  2665 I DisplayDeviceRepository: Display device changed state: "Built-in Screen", ON
--------- switch to main
04-17 13:45:12.717782   616   616 D SurfaceFlinger: Setting power mode 2 on display 4630946523002478721
--------- switch to system
04-17 13:45:12.717950  2594  2594 I FaceDownDetector: readValuesFromDeviceConfig():
04-17 13:45:12.717950  2594  2594 I FaceDownDetector: mAccelerationThreshold=0.2
04-17 13:45:12.717950  2594  2594 I FaceDownDetector: mZAccelerationThreshold=-9.5
04-17 13:45:12.717950  2594  2594 I FaceDownDetector: mTimeThreshold=PT1S
04-17 13:45:12.717950  2594  2594 I FaceDownDetector: mIsEnabled=true
--------- switch to main
04-17 13:45:12.718939  2594  2665 I InputManager-JNI: Viewport [0] to add: local:4630946523002478721, isActive: true
04-17 13:45:12.719199   616   714 D PermissionCache: checking android.permission.CONTROL_DISPLAY_BRIGHTNESS for uid=1000 => granted (1097 us)
04-17 13:45:12.719344  2594  2757 I InputReader: Reconfiguring input devices, changes=DISPLAY_INFO | 
04-17 13:45:12.719380  2594  2757 I InputReader: Device reconfigured: id=4, name='sec_touchscreen', size 1080x2340, orientation 0, mode 1, display id 0
04-17 13:45:12.720424   970   970 I sensors-hal: [hal]batch_physical_sensor:314, android.sensor.accelerometer/11, period=200000000, max_latency=2000000000
04-17 13:45:12.720463   970   970 I sensors-hal: [sensor]set_config:64, sample_period_ns is adjusted to 200000000 based on min/max delay_ns
04-17 13:45:12.720480   970   970 I sensors-hal: [hal]batch_physical_sensor:323, android.sensor.accelerometer/11, period=200000000, max_latency=2000000000 request completed
04-17 13:45:12.720692   970   970 I sensors-hal: [hal]activate_physical_sensor:251, android.sensor.accelerometer/11 en=1
04-17 13:45:12.720883   970   970 I sensors-hal: [ssc_utils]get_qmi_debug_flag:243, support_qmi_debug : false
--------- switch to kernel
04-17 13:45:12.719597     0     0 I         : c3    618 dsi_backlight_update_status:468: req:297 bl:299 state:0x0
--------- switch to main
04-17 13:45:12.724303   970   970 I sensors-hal: [ssc_utils]get_qmi_debug_flag:243, support_qmi_debug : false
04-17 13:45:12.727065   970   970 I sensors-hal: [hal]activate_physical_sensor:262, android.sensor.accelerometer/11 en=1 completed
--------- switch to system
04-17 13:45:12.727585  2594  2594 I ScreenUndimDetector: readValuesFromDeviceConfig():
04-17 13:45:12.727585  2594  2594 I ScreenUndimDetector: mKeepScreenOnForMillis=600000
04-17 13:45:12.727585  2594  2594 I ScreenUndimDetector: mKeepScreenOnNotificationEnabled=true
04-17 13:45:12.727585  2594  2594 I ScreenUndimDetector: mUndimsRequired=2
--------- switch to main
04-17 13:45:12.728520   970  2842 I sensors-hal: [ssc_sensor]ssc_conn_resp_cb:686, resp_value = 0
--------- switch to system
04-17 13:45:12.729203   928   931 I QMI_FW  : QCCI: Received NEW_SERVER cmd for 00001003:00000000
04-17 13:45:12.729217   970  1071 I QMI_FW  : QCCI: Received NEW_SERVER cmd for 00001003:00000000
04-17 13:45:12.729210   960  1063 I QMI_FW  : QCCI: Received NEW_SERVER cmd for 00001003:00000000
04-17 13:45:12.729224  1253  1287 I QMI_FW  : QCCI: Received NEW_SERVER cmd for 00001003:00000000
04-17 13:45:12.729299  1291  1342 I QMI_FW  : QCCI: Received NEW_SERVER cmd for 00001003:00000000
04-17 13:45:12.729298  1224  1336 I QMI_FW  : QCCI: Received NEW_SERVER cmd for 00001003:00000000
04-17 13:45:12.729343  1235  1358 I QMI_FW  : QCCI: Received NEW_SERVER cmd for 00001003:00000000
04-17 13:45:12.729380  1330  1363 I QMI_FW  : QCCI: Received NEW_SERVER cmd for 00001003:00000000
04-17 13:45:12.729416  1126  1846 I QMI_FW  : QCCI: Received NEW_SERVER cmd for 00001003:00000000
04-17 13:45:12.729437  2524  2548 I QMI_FW  : QCCI: Received NEW_SERVER cmd for 00001003:00000000
04-17 13:45:12.729461  2019  2645 I QMI_FW  : QCCI: Received NEW_SERVER cmd for 00001003:00000000
--------- switch to kernel
04-17 13:45:12.731541     0     0 I         : c4    997 [wifi_e][0x2419c55f][13:45:12.731523] wlan: [997:I:HIF] hif_snoc_bus_configure: 187: expecting wake from ce 2, irq 51
04-17 13:45:12.731734     0     0 E         : c4    997 [wifi_e][0x2419d448][13:45:12.731721] wlan: [997:E:WMI] WMI handle is NULL
04-17 13:45:12.731793     0     0 E         : c4    997 [wifi_e][0x2419d8d6][13:45:12.731782] wlan: [997:E:QDF] cds_get_context: 1365: Module ID 66 context is Null
--------- switch to system
04-17 13:45:12.731130  2594  2594 D SystemServerTiming: MakePowerManagerServiceReady took to complete: 39ms
04-17 13:45:12.731167  2594  2594 I SystemServerTiming: StartPermissionPolicyService
04-17 13:45:12.731213  2594  2594 I SystemServiceManager: Starting com.android.server.policy.PermissionPolicyService
04-17 13:45:12.731910  1237  1602 I QMI_FW  : QCCI: Received NEW_SERVER cmd for 00001003:00000000
--------- switch to kernel
04-17 13:45:12.734520     0     0 E         : c0    997 [wifi_e][0x241aa525][13:45:12.734506] wlan: [997:E:QDF] cds_get_context: 1365: Module ID 66 context is Null
--------- switch to system
04-17 13:45:12.738024  2594  2594 D SystemServerTiming: StartPermissionPolicyService took to complete: 7ms
04-17 13:45:12.738071  2594  2594 I SystemServerTiming: MakePackageManagerServiceReady
--------- switch to kernel
04-17 13:45:12.735854     0     0 I         : c0    997 [wifi_e][0x241b0907][13:45:12.735838] wlan: [997:I:WMA] WMA --> wmi_unified_attach - success
--------- switch to events
04-17 13:45:12.745088  2594  2594 I commit_sys_config_file: [package-session,1]
--------- switch to system
04-17 13:45:12.745537  2594  2594 V UserDataPreparer: Found /data/user_de/0 with serial number 0
04-17 13:45:12.745593  2594  2594 V UserDataPreparer: Found /data/user/0 with serial number 0
04-17 13:45:12.745638  2594  2594 V UserDataPreparer: Found /data/system_de/0 with serial number 0
04-17 13:45:12.745700  2594  2594 W UserDataPreparer: Invalid user directory /data/system_de/usagestats
04-17 13:45:12.745748  2594  2594 V UserDataPreparer: Found /data/system_ce/0 with serial number 0
04-17 13:45:12.745810  2594  2594 V UserDataPreparer: Found /data/misc_ce/0 with serial number 0
--------- switch to kernel
04-17 13:45:12.746929     0     0 E         : c0    997 [wifi_e][0x241e4764][13:45:12.746910] wlan: [997:E:QDF] htc_wait_target: 625: Target Ready! TX resource : 2 size:2184, MaxMsgsPerHTCBundle = 1
04-17 13:45:12.746949     0     0 E         : c0    997 [wifi_e][0x241e498d][13:45:12.746938] wlan: [997:E:QDF] htc_setup_target_buffer_assignments: 517: SVS Index : 1 TX : 0x100 : alloc:2
04-17 13:45:12.748528     0     0 I         : c7    201 [kworke][0x241ec013][13:45:12.748518] wlan: [201:I:WMA] wma_rx_service_ready_event: Firmware build version : 331b8156
04-17 13:45:12.748538     0     0 I         : c7    201 [kworke][0x241ec0e3][13:45:12.748529] wlan: [201:I:WMA] wma_rx_service_ready_event: Board id: 0, Board version: 13 0 0 0 0
04-17 13:45:12.748543     0     0 I         : c7    201 [kworke][0x241ec14d][13:45:12.748535] wlan: [201:I:TXRX] ol_tx_set_desc_global_pool_size: 125: Global pool size: 3600
04-17 13:45:12.748543     0     0 I         : c7    201
04-17 13:45:12.748737     0     0 E         : c7    201 [kworke][0x241ecfc9][13:45:12.748728] wlan: [201:E:WMA] wma_update_supported_bands: wrong supported band
04-17 13:45:12.748784     0     0 E         : c7    201 [kworke][0x241ed35c][13:45:12.748775] wlan: [201:E:QDF] copy_fw_abi_version_tlv: 6717: copy_fw_abi_version_tlv: INIT_CMD version: 1, 0, 0x5f414351, 0x4c4d, 0x0, 0x0
--------- switch to system
04-17 13:45:12.764503  2594  2594 I PackageManager: Permission ownership changed. Updating all permissions.
04-17 13:45:12.786409   928   931 I QMI_FW  : QCCI: Received NEW_SERVER cmd for 00000039:00000001
04-17 13:45:12.786450  1253  1287 I QMI_FW  : QCCI: Received NEW_SERVER cmd for 00000039:00000001
04-17 13:45:12.786516  1330  1363 I QMI_FW  : QCCI: Received NEW_SERVER cmd for 00000039:00000001
04-17 13:45:12.786532  1237  1602 I QMI_FW  : QCCI: Received NEW_SERVER cmd for 00000039:00000001
04-17 13:45:12.786547  1126  1846 I QMI_FW  : QCCI: Received NEW_SERVER cmd for 00000039:00000001
04-17 13:45:12.786605  2524  2548 I QMI_FW  : QCCI: Received NEW_SERVER cmd for 00000039:00000001
04-17 13:45:12.786661   960  1063 I QMI_FW  : QCCI: Received NEW_SERVER cmd for 00000039:00000001
04-17 13:45:12.786677  2019  2645 I QMI_FW  : QCCI: Received NEW_SERVER cmd for 00000039:00000001
04-17 13:45:12.786723   970  1071 I QMI_FW  : QCCI: Received NEW_SERVER cmd for 00000039:00000001
04-17 13:45:12.787679  1224  1336 I QMI_FW  : QCCI: Received NEW_SERVER cmd for 00000039:00000001
04-17 13:45:12.787749  1291  1342 I QMI_FW  : QCCI: Received NEW_SERVER cmd for 00000039:00000001
04-17 13:45:12.787865  1235  1358 I QMI_FW  : QCCI: Received NEW_SERVER cmd for 00000039:00000001
--------- switch to main
04-17 13:45:12.787962  1253  2797 I cnss-daemon: WLPS service connected
--------- switch to kernel
04-17 13:45:12.785938     0     0 E         : c0    286 [kworke][0x2429b591][13:45:12.785925] wlan: [286:E:QDF] ready_extract_init_status_tlv: 8530: ready_extract_init_status_tlv:0
04-17 13:45:12.786465     0     0 I         : c2    286 [kworke][0x2429dd16][13:45:12.786452] wlan: [286:I:dfs] WLAN_DEBUG_DFS_ALWAYS : wlan_dfs_pdev_obj_create_notification: 389: dfs_offload 0
04-17 13:45:12.786778     0     0 E         : c2    286 [kworke][0x2429f496][13:45:12.786765] wlan: [286:E:dfs] WLAN_DEBUG_DFS_ALWAYS : dfs_init_radar_filters: 252: Unknown dfs domain 0
04-17 13:45:12.786837     0     0 I         : c2    286 [kworke][0x2429f920][13:45:12.786826] wlan: [286:I:SPECTRAL] null_get_capability: 1553: SPECTRAL : get_capability not registered
04-17 13:45:12.786837     0     0 I         : c2    286
04-17 13:45:12.786850     0     0 I         : c2    286 [kworke][0x2429fa27][13:45:12.786839] wlan: [286:I:SPECTRAL] target_if_pdev_spectral_init: 1978: HAL_CAP_PHYDIAG : Capable
04-17 13:45:12.786860     0     0 I         : c2    286 [kworke][0x2429faed][13:45:12.786850] wlan: [286:I:SPECTRAL] null_get_capability: 1553: SPECTRAL : get_capability not registered
04-17 13:45:12.786860     0     0 I         : c2    286
04-17 13:45:12.786872     0     0 I         : c2    286 [kworke][0x2429fbcb][13:45:12.786861] wlan: [286:I:SPECTRAL] target_if_pdev_spectral_init: 1982: HAL_CAP_RADAR   : Capable
04-17 13:45:12.786881     0     0 I         : c2    286 [kworke][0x2429fc7d][13:45:12.786871] wlan: [286:I:SPECTRAL] null_get_capability: 1553: SPECTRAL : get_capability not registered
04-17 13:45:12.786881     0     0 I         : c2    286
04-17 13:45:12.786892     0     0 I         : c2    286 [kworke][0x2429fd55][13:45:12.786882] wlan: [286:I:SPECTRAL] target_if_pdev_spectral_init: 1987: HAL_CAP_SPECTRAL_SCAN : Capable
04-17 13:45:12.786904     0     0 I         : c2    286 [kworke][0x2429fe31][13:45:12.786893] wlan: [286:I:SPECTRAL] null_get_tsf64: 1541: SPECTRAL : get_tsf64 not registered
04-17 13:45:12.786904     0     0 I         : c2    286
04-17 13:45:12.786925     0     0 I         : c2    286 [kworke][0x2429ffc8][13:45:12.786914] wlan: [286:I:GREEN_AP] wlan_green_ap_pdev_obj_create_notification: 106: Green AP creation successful, green ap ctx: 0000000000000000, pdev: 0000000000000000
04-17 13:45:12.786970     0     0 I         : c2    286 [kworke][0x242a031f][13:45:12.786959] wlan: [286:I:IPA] wlan_ipa_wdi_init: 499: ipa_over_gsi: 0, is_smmu_enabled: 1
04-17 13:45:12.787032     0     0 I         : c2    286 [kworke][0x242a07cf][13:45:12.787022] wlan: [286:I:OBJMGR] wlan_objmgr_pdev_obj_create: 175: Created pdev 0
04-17 13:45:12.787273     0     0 I         : c2    286 [kworke][0x242a19b6][13:45:12.787260] wlan: [286:I:REGULATORY] reg_set_band: 392: same band 0
04-17 13:45:12.787287     0     0 I         : c2    286 [kworke][0x242a1ae3][13:45:12.787276] wlan: [286:I:HDD] hdd_update_tgt_cfg: 2130: hw_mac is zero
04-17 13:45:12.787543     0     0 I         : c2    286 [kworke][0x242a2e16][13:45:12.787532] wlan: [286:I:GREEN_AP] target_if_green_ap_register_egap_event_handler: 131: Set the Enhance Green AP event handler
04-17 13:45:12.787617     0     0 I         : c0    997 [wifi_e][0x242a338b][13:45:12.787605] wlan: [997:I:WMA] wma_wait_for_ready_event: 7313: FW ready event received
04-17 13:45:12.793813     0     0 I         : c0    997 [wifi_e][0x242c0285][13:45:12.793778] wlan: [997:I:HTT] max pool size 64 pool filled 64
--------- switch to system
04-17 13:45:12.794080  2594  2704 E DefaultPermGrantPolicy: Package not found: com.google.intelligence.sense
04-17 13:45:12.794164  2594  2594 D StagingManagerTiming: restoreSessions took to complete: 3ms
--------- switch to main
04-17 13:45:12.794188  2594  2704 W DefaultPermGrantPolicy: No such package:com.google.intelligence.sense
--------- switch to system
04-17 13:45:12.794411  2594  2704 E DefaultPermGrantPolicy: Package not found: com.google.android.apps.restore
--------- switch to main
04-17 13:45:12.794439  2594  2704 W DefaultPermGrantPolicy: No such package:com.google.android.apps.restore
--------- switch to system
04-17 13:45:12.794549  2594  2594 D SystemServerTiming: MakePackageManagerServiceReady took to complete: 56ms
04-17 13:45:12.794589  2594  2594 I SystemServerTiming: MakeDisplayManagerServiceReady
04-17 13:45:12.794617  2594  2704 E DefaultPermGrantPolicy: Package not found: com.verizon.mips.services
--------- switch to main
04-17 13:45:12.794646  2594  2704 W DefaultPermGrantPolicy: No such package:com.verizon.mips.services
--------- switch to system
04-17 13:45:12.794794  2594  2704 E DefaultPermGrantPolicy: Package not found: com.google.android.settings.intelligence
--------- switch to main
04-17 13:45:12.794821  2594  2704 W DefaultPermGrantPolicy: No such package:com.google.android.settings.intelligence
--------- switch to system
04-17 13:45:12.794984  2594  2704 E DefaultPermGrantPolicy: Package not found: com.google.android.apps.camera.services
--------- switch to main
04-17 13:45:12.795012  2594  2704 W DefaultPermGrantPolicy: No such package:com.google.android.apps.camera.services
--------- switch to system
04-17 13:45:12.795133  2594  2704 E DefaultPermGrantPolicy: Package not found: com.google.android.apps.cbrsnetworkmonitor
--------- switch to main
04-17 13:45:12.795163  2594  2704 W DefaultPermGrantPolicy: No such package:com.google.android.apps.cbrsnetworkmonitor
--------- switch to system
04-17 13:45:12.795306  2594  2704 E DefaultPermGrantPolicy: Package not found: com.google.android.apps.scone
--------- switch to main
04-17 13:45:12.795333  2594  2704 W DefaultPermGrantPolicy: No such package:com.google.android.apps.scone
--------- switch to system
04-17 13:45:12.795455  2594  2704 E DefaultPermGrantPolicy: Package not found: com.google.android.wfcactivation
--------- switch to main
04-17 13:45:12.795482  2594  2704 W DefaultPermGrantPolicy: No such package:com.google.android.wfcactivation
--------- switch to system
04-17 13:45:12.795605  2594  2704 E DefaultPermGrantPolicy: Package not found: com.google.vr.apps.ornament
--------- switch to main
04-17 13:45:12.795631  2594  2704 W DefaultPermGrantPolicy: No such package:com.google.vr.apps.ornament
--------- switch to system
04-17 13:45:12.800278  2594  2665 E DisplayModeDirector: Asked about unknown display, returning empty display mode specs!(id=0)
04-17 13:45:12.800364  2594  2665 E DisplayModeDirector: Asked about unknown display, returning empty display mode specs!(id=0)
--------- switch to kernel
04-17 13:45:12.802417     0     0 E         : c7    997 [wifi_e][0x242e89c2][13:45:12.802407] wlan: [997:E:WMI] send_action_oui_cmd_tlv: 220: Invalid action id
04-17 13:45:12.802428     0     0 E         : c7    997 [wifi_e][0x242e8aac][13:45:12.802420] wlan: [997:E:action_oui] ucfg_action_oui_send: 160: Failed to send: 7
04-17 13:45:12.803732     0     0 E         : c6    997 ipa ipa3_cfg_ep_ctrl:4812 pipe setting delay is not supported
04-17 13:45:12.803777     0     0 E         : c6    997 ipa ipa3_connect_gsi_wdi_pipe:1439 evt ring len: 16384
04-17 13:45:12.803780     0     0 E         : c6    997 ipa ipa3_connect_gsi_wdi_pipe:1440 element size: 8
04-17 13:45:12.803783     0     0 E         : c6    997 ipa ipa3_wdi2_gsi_alloc_channel_ring:1119 Client is PROD
04-17 13:45:12.803806     0     0 E         : c6    997 ipa ipa3_connect_gsi_wdi_pipe:1453 UPDATE_RI_MODERATION_THRESHOLD: 2048
04-17 13:45:12.804034     0     0 E         : c6    997 ipa ipa3_connect_gsi_wdi_pipe:1439 evt ring len: 32768
04-17 13:45:12.804037     0     0 E         : c6    997 ipa ipa3_connect_gsi_wdi_pipe:1440 element size: 16
04-17 13:45:12.804039     0     0 E         : c6    997 ipa ipa3_wdi2_gsi_alloc_channel_ring:1123 Client is CONS
04-17 13:45:12.804060     0     0 E         : c6    997 ipa ipa3_connect_gsi_wdi_pipe:1453 UPDATE_RI_MODERATION_THRESHOLD: 2048
04-17 13:45:12.804219     0     0 I         : c6    997 [wifi_e][0x242f10fc][13:45:12.804210] wlan: [997:I:SYS] Creating periodic timer for OLBC UPDATE CACHE TIMEOUT
04-17 13:45:12.804219     0     0 I         : c6    997
04-17 13:45:12.804648     0     0 I         : c6    997 [wifi_e][0x242f3120][13:45:12.804639] wlan: [997:I:CMN_MLME] mlme_vdev_sm_spinlock_create: 211: VDEV SM lock is disabled!!!
04-17 13:45:12.804653     0     0 I         : c6    997 [wifi_e][0x242f3186][13:45:12.804644] wlan: [997:I:CMN_MLME] mlme_vdev_cmd_mutex_create: 231: VDEV CMD lock is disabled!!!
04-17 13:45:12.804703     0     0 I         : c6    997 [wifi_e][0x242f353e][13:45:12.804694] wlan: [997:I:OBJMGR] wlan_objmgr_vdev_obj_create: 269: Created vdev 0
--------- switch to system
04-17 13:45:12.806822  2594  2594 D SystemServerTiming: MakeDisplayManagerServiceReady took to complete: 12ms
04-17 13:45:12.806934  2594  2594 I SystemServerTiming: StartDeviceSpecificServices
04-17 13:45:12.807196  2594  2594 D SystemServerTiming: StartDeviceSpecificServices took to complete: 0ms
04-17 13:45:12.807272  2594  2594 I SystemServerTiming: GameManagerService
04-17 13:45:12.808652  2594  2594 I SystemServiceManager: Starting com.android.server.app.GameManagerService$Lifecycle
--------- switch to main
04-17 13:45:12.809629  1290  1323 I LOWI-9.0.0.89: [LOWIController] isWifiEnabled: Wifi is now enabled
--------- switch to system
04-17 13:45:12.810184  1253  1287 I QMI_FW  : QCCI: Received NEW_SERVER cmd for 0000003a:00000001
04-17 13:45:12.810222  1224  1336 I QMI_FW  : QCCI: Received NEW_SERVER cmd for 0000003a:00000001
04-17 13:45:12.810257  1291  1342 I QMI_FW  : QCCI: Received NEW_SERVER cmd for 0000003a:00000001
04-17 13:45:12.810365  1235  1358 I QMI_FW  : QCCI: Received NEW_SERVER cmd for 0000003a:00000001
04-17 13:45:12.810403  1330  1363 I QMI_FW  : QCCI: Received NEW_SERVER cmd for 0000003a:00000001
04-17 13:45:12.810396   960  1063 I QMI_FW  : QCCI: Received NEW_SERVER cmd for 0000003a:00000001
04-17 13:45:12.810418   970  1071 I QMI_FW  : QCCI: Received NEW_SERVER cmd for 0000003a:00000001
04-17 13:45:12.810435  1237  1602 I QMI_FW  : QCCI: Received NEW_SERVER cmd for 0000003a:00000001
04-17 13:45:12.810369   928   931 I QMI_FW  : QCCI: Received NEW_SERVER cmd for 0000003a:00000001
04-17 13:45:12.810471  1126  1846 I QMI_FW  : QCCI: Received NEW_SERVER cmd for 0000003a:00000001
04-17 13:45:12.810507  2524  2548 I QMI_FW  : QCCI: Received NEW_SERVER cmd for 0000003a:00000001
04-17 13:45:12.810548  2019  2645 I QMI_FW  : QCCI: Received NEW_SERVER cmd for 0000003a:00000001
--------- switch to kernel
04-17 13:45:12.810651     0     0 I         : c6    997 IPv6: ADDRCONF(NETDEV_UP): wlan0: link is not ready
--------- switch to main
04-17 13:45:12.810835   997   997 I WifiHAL : Initializing wifi
04-17 13:45:12.811054  2594  2662 I EthernetTracker: interfaceLinkStateChanged, iface: wlan0, up: false
04-17 13:45:12.811154   997   997 I CLD80211: vendor.google.wifi_ext@1.0-service-vendor: initialized exit socket pair
04-17 13:45:12.811184   997   997 I CLD80211: vendor.google.wifi_ext@1.0-service-vendor: nlctrl family id: 16 group: host_logs mcast_id: 20
04-17 13:45:12.811201   997   997 I CLD80211: vendor.google.wifi_ext@1.0-service-vendor: nlctrl family id: 16 group: fw_logs mcast_id: 21
04-17 13:45:12.811215   997   997 I CLD80211: vendor.google.wifi_ext@1.0-service-vendor: nlctrl family id: 16 group: per_pkt_stats mcast_id: 22
04-17 13:45:12.811245   997   997 I CLD80211: vendor.google.wifi_ext@1.0-service-vendor: nlctrl family id: 16 group: diag_events mcast_id: 23
04-17 13:45:12.811259   997   997 I CLD80211: vendor.google.wifi_ext@1.0-service-vendor: nlctrl family id: 16 group: fatal_events mcast_id: 24
04-17 13:45:12.811273   997   997 I CLD80211: vendor.google.wifi_ext@1.0-service-vendor: nlctrl family id: 16 group: oem_msgs mcast_id: 25
04-17 13:45:12.811576   997   997 V WifiHAL : WifiVendorCommand 0x7ff9e063e0 created vendor_id:0x1374 subcmd:38
04-17 13:45:12.812859   618   618 I SDM     : HWDeviceDRM::UpdateMixerAttributes: Mixer WxH 1080x2340-1 for Peripheral
--------- switch to kernel
04-17 13:45:12.813692     0     0 W         : c4    997 netlink: 'wifi_ext@1.0-se': attribute type 2 has an invalid length.
--------- switch to main
04-17 13:45:12.812934   618   618 I SDM     : DisplayBase::SetActiveConfig: Active configuration changed to: 1
04-17 13:45:12.812947   997   997 V WifiHAL : Got a Wi-Fi HAL module message from Driver
04-17 13:45:12.812970   997   997 V WifiHAL : Supported feature set : 0x44ed9dff
04-17 13:45:12.813001   997   997 V WifiHAL : WifiVendorCommand 0x7ff9e063e0 created vendor_id:0x1374 subcmd:55
04-17 13:45:12.813053   618   618 I SDM     : StrategyImpl::SetIdleTimeoutMs: Idle timeout set to zero for command mode panels
--------- switch to system
04-17 13:45:12.813060   928   931 I QMI_FW  : QCCI: Received NEW_SERVER cmd for 00000038:00000001
04-17 13:45:12.813083   960  1063 I QMI_FW  : QCCI: Received NEW_SERVER cmd for 00000038:00000001
04-17 13:45:12.813099  1253  1287 I QMI_FW  : QCCI: Received NEW_SERVER cmd for 00000038:00000001
04-17 13:45:12.813136  1224  1336 I QMI_FW  : QCCI: Received NEW_SERVER cmd for 00000038:00000001
04-17 13:45:12.813164  1235  1358 I QMI_FW  : QCCI: Received NEW_SERVER cmd for 00000038:00000001
04-17 13:45:12.813187  1330  1363 I QMI_FW  : QCCI: Received NEW_SERVER cmd for 00000038:00000001
04-17 13:45:12.813156  1291  1342 I QMI_FW  : QCCI: Received NEW_SERVER cmd for 00000038:00000001
04-17 13:45:12.813228  1237  1602 I QMI_FW  : QCCI: Received NEW_SERVER cmd for 00000038:00000001
--------- switch to main
04-17 13:45:12.813257   997   997 V WifiHAL : Got a Wi-Fi HAL module message from Driver
--------- switch to system
04-17 13:45:12.813265  1126  1846 I QMI_FW  : QCCI: Received NEW_SERVER cmd for 00000038:00000001
04-17 13:45:12.813269  2019  2645 I QMI_FW  : QCCI: Received NEW_SERVER cmd for 00000038:00000001
04-17 13:45:12.813303  2524  2548 I QMI_FW  : QCCI: Received NEW_SERVER cmd for 00000038:00000001
--------- switch to main
04-17 13:45:12.813345   997   997 V WifiHAL : WifiVendorCommand 0xb400007bfa4983f0 created vendor_id:0x1374 subcmd:76
04-17 13:45:12.813367   997   997 V WifiHAL : create: mVendor_id = 4980, Subcmd = 76.
04-17 13:45:12.813553   997   997 V WifiHAL : WifiVendorCommand 0xb400007bfa4983f0 created vendor_id:0x1374 subcmd:61
04-17 13:45:12.813574   997   997 V WifiHAL : create: mVendor_id = 4980, Subcmd = 61.
--------- switch to system
04-17 13:45:12.813646  2594  2594 D SystemServerTiming: GameManagerService took to complete: 7ms
--------- switch to main
04-17 13:45:12.813733   997   997 V WifiHAL : handleResponse: WLAN Firmware version : FW:3.3.1.9.342.0 HW:HW_VERSION=400b0000. 
--------- switch to system
04-17 13:45:12.813737  2594  2594 I SystemServerTiming: StartBootPhaseDeviceSpecificServicesReady
--------- switch to main
04-17 13:45:12.813766   997   997 V WifiHAL : wifi_initialize: hardware version type 2
--------- switch to system
04-17 13:45:12.813775  2594  2594 I SystemServiceManager: Starting phase 520
--------- switch to main
04-17 13:45:12.813782   997   997 V WifiHAL : WifiVendorCommand 0x7ff9e063e0 created vendor_id:0x1374 subcmd:84
--------- switch to system
04-17 13:45:12.813792  2594  2594 I SystemServerTiming: OnBootPhase_520
04-17 13:45:12.813822  2594  2594 I SystemServerTiming: OnBootPhase_520_com.android.server.security.FileIntegrityService
04-17 13:45:12.813846  2594  2594 D SystemServerTiming: OnBootPhase_520_com.android.server.security.FileIntegrityService took to complete: 0ms
04-17 13:45:12.813865  2594  2594 I SystemServerTiming: OnBootPhase_520_com.android.server.pm.Installer
04-17 13:45:12.813887  2594  2594 D SystemServerTiming: OnBootPhase_520_com.android.server.pm.Installer took to complete: 0ms
04-17 13:45:12.813907  2594  2594 I SystemServerTiming: OnBootPhase_520_com.android.server.os.DeviceIdentifiersPolicyService
04-17 13:45:12.813931  2594  2594 D SystemServerTiming: OnBootPhase_520_com.android.server.os.DeviceIdentifiersPolicyService took to complete: 0ms
04-17 13:45:12.813950  2594  2594 I SystemServerTiming: OnBootPhase_520_com.android.server.uri.UriGrantsManagerService$Lifecycle
04-17 13:45:12.813978  2594  2594 D SystemServerTiming: OnBootPhase_520_com.android.server.uri.UriGrantsManagerService$Lifecycle took to complete: 0ms
04-17 13:45:12.813996  2594  2594 I SystemServerTiming: OnBootPhase_520_com.android.server.powerstats.PowerStatsService
--------- switch to main
04-17 13:45:12.813993   997   997 V WifiHAL : Got a Wi-Fi HAL module message from Driver
04-17 13:45:12.814015   997   997 V WifiHAL : Max BUS size Supported: 1848
--------- switch to system
04-17 13:45:12.814019  2594  2594 D SystemServerTiming: OnBootPhase_520_com.android.server.powerstats.PowerStatsService took to complete: 0ms
04-17 13:45:12.814041  2594  2594 I SystemServerTiming: OnBootPhase_520_com.android.server.wm.ActivityTaskManagerService$Lifecycle
04-17 13:45:12.814063  2594  2594 D SystemServerTiming: OnBootPhase_520_com.android.server.wm.ActivityTaskManagerService$Lifecycle took to complete: 0ms
--------- switch to main
04-17 13:45:12.814067   997   997 V WifiHAL : WifiVendorCommand 0xb400007c0a48d010 created vendor_id:0x1374 subcmd:23
--------- switch to system
04-17 13:45:12.814079  2594  2594 I SystemServerTiming: OnBootPhase_520_com.android.server.am.ActivityManagerService$Lifecycle
04-17 13:45:12.814103  2594  2594 D SystemServerTiming: OnBootPhase_520_com.android.server.am.ActivityManagerService$Lifecycle took to complete: 0ms
04-17 13:45:12.814123  2594  2594 I SystemServerTiming: OnBootPhase_520_com.android.server.pm.DataLoaderManagerService
04-17 13:45:12.814146  2594  2594 D SystemServerTiming: OnBootPhase_520_com.android.server.pm.DataLoaderManagerService took to complete: 0ms
04-17 13:45:12.814140   970  1071 I QMI_FW  : QCCI: Received NEW_SERVER cmd for 00000038:00000001
04-17 13:45:12.814167  2594  2594 I SystemServerTiming: OnBootPhase_520_com.android.server.power.PowerManagerService
04-17 13:45:12.814192  2594  2594 D SystemServerTiming: OnBootPhase_520_com.android.server.power.PowerManagerService took to complete: 0ms
04-17 13:45:12.814212  2594  2594 I SystemServerTiming: OnBootPhase_520_com.android.server.power.ThermalManagerService
04-17 13:45:12.814237  2594  2594 D SystemServerTiming: OnBootPhase_520_com.android.server.power.ThermalManagerService took to complete: 0ms
04-17 13:45:12.814254  2594  2594 I SystemServerTiming: OnBootPhase_520_com.android.server.power.hint.HintManagerService
04-17 13:45:12.814275  2594  2594 D SystemServerTiming: OnBootPhase_520_com.android.server.power.hint.HintManagerService took to complete: 0ms
04-17 13:45:12.814294  2594  2594 I SystemServerTiming: OnBootPhase_520_com.android.server.recoverysystem.RecoverySystemService$Lifecycle
04-17 13:45:12.814317  2594  2594 D SystemServerTiming: OnBootPhase_520_com.android.server.recoverysystem.RecoverySystemService$Lifecycle took to complete: 0ms
04-17 13:45:12.814335  2594  2594 I SystemServerTiming: OnBootPhase_520_com.android.server.lights.LightsService
04-17 13:45:12.814361  2594  2594 D SystemServerTiming: OnBootPhase_520_com.android.server.lights.LightsService took to complete: 0ms
04-17 13:45:12.814379  2594  2594 I SystemServerTiming: OnBootPhase_520_com.android.server.display.DisplayManagerService
04-17 13:45:12.814401  2594  2594 D SystemServerTiming: OnBootPhase_520_com.android.server.display.DisplayManagerService took to complete: 0ms
04-17 13:45:12.814416  2594  2594 I SystemServerTiming: OnBootPhase_520_com.android.server.pm.verify.domain.DomainVerificationService
04-17 13:45:12.814445  2594  2594 D SystemServerTiming: OnBootPhase_520_com.android.server.pm.verify.domain.DomainVerificationService took to complete: 0ms
04-17 13:45:12.814463  2594  2594 I SystemServerTiming: OnBootPhase_520_com.android.server.pm.PackageInstallerService$Lifecycle
04-17 13:45:12.814486  2594  2594 D SystemServerTiming: OnBootPhase_520_com.android.server.pm.PackageInstallerService$Lifecycle took to complete: 0ms
04-17 13:45:12.814502  2594  2594 I SystemServerTiming: OnBootPhase_520_com.android.server.pm.UserManagerService$LifeCycle
04-17 13:45:12.814525  2594  2594 D SystemServerTiming: OnBootPhase_520_com.android.server.pm.UserManagerService$LifeCycle took to complete: 0ms
04-17 13:45:12.814548  2594  2594 I SystemServerTiming: OnBootPhase_520_com.android.server.om.OverlayManagerService
04-17 13:45:12.814571  2594  2594 D SystemServerTiming: OnBootPhase_520_com.android.server.om.OverlayManagerService took to complete: 0ms
04-17 13:45:12.814589  2594  2594 I SystemServerTiming: OnBootPhase_520_com.android.server.SensorPrivacyService
04-17 13:45:12.814607  2594  2594 D SystemServerTiming: OnBootPhase_520_com.android.server.SensorPrivacyService took to complete: 0ms
04-17 13:45:12.814626  2594  2594 I SystemServerTiming: OnBootPhase_520_com.android.server.sensors.SensorService
04-17 13:45:12.814645  2594  2594 D SystemServerTiming: OnBootPhase_520_com.android.server.sensors.SensorService took to complete: 0ms
04-17 13:45:12.814661  2594  2594 I SystemServerTiming: OnBootPhase_520_com.android.server.SystemConfigService
04-17 13:45:12.814681  2594  2594 D SystemServerTiming: OnBootPhase_520_com.android.server.SystemConfigService took to complete: 0ms
04-17 13:45:12.814700  2594  2594 I SystemServerTiming: OnBootPhase_520_com.android.server.BatteryService
04-17 13:45:12.814723  2594  2594 D SystemServerTiming: OnBootPhase_520_com.android.server.BatteryService took to complete: 0ms
04-17 13:45:12.814746  2594  2594 I SystemServerTiming: OnBootPhase_520_com.android.server.usage.UsageStatsService
04-17 13:45:12.814780  2594  2594 D SystemServerTiming: OnBootPhase_520_com.android.server.usage.UsageStatsService took to complete: 0ms
04-17 13:45:12.814798  2594  2594 I SystemServerTiming: OnBootPhase_520_com.android.server.webkit.WebViewUpdateService
04-17 13:45:12.814820  2594  2594 D SystemServerTiming: OnBootPhase_520_com.android.server.webkit.WebViewUpdateService took to complete: 0ms
04-17 13:45:12.814839  2594  2594 I SystemServerTiming: OnBootPhase_520_com.android.server.CachedDeviceStateService
04-17 13:45:12.814861  2594  2594 D SystemServerTiming: OnBootPhase_520_com.android.server.CachedDeviceStateService took to complete: 0ms
04-17 13:45:12.814880  2594  2594 I SystemServerTiming: OnBootPhase_520_com.android.server.BinderCallsStatsService$LifeCycle
04-17 13:45:12.814903  2594  2594 D SystemServerTiming: OnBootPhase_520_com.android.server.BinderCallsStatsService$LifeCycle took to complete: 0ms
04-17 13:45:12.814921  2594  2594 I SystemServerTiming: OnBootPhase_520_com.android.server.LooperStatsService$Lifecycle
04-17 13:45:12.814960  2594  2594 D SystemServerTiming: OnBootPhase_520_com.android.server.LooperStatsService$Lifecycle took to complete: 0ms
04-17 13:45:12.814978  2594  2594 I SystemServerTiming: OnBootPhase_520_com.android.server.rollback.RollbackManagerService
04-17 13:45:12.814997  2594  2594 D SystemServerTiming: OnBootPhase_520_com.android.server.rollback.RollbackManagerService took to complete: 0ms
04-17 13:45:12.815013  2594  2594 I SystemServerTiming: OnBootPhase_520_com.android.server.os.NativeTombstoneManagerService
04-17 13:45:12.815034  2594  2594 D SystemServerTiming: OnBootPhase_520_com.android.server.os.NativeTombstoneManagerService took to complete: 0ms
04-17 13:45:12.815053  2594  2594 I SystemServerTiming: OnBootPhase_520_com.android.server.os.BugreportManagerService
04-17 13:45:12.815078  2594  2594 D SystemServerTiming: OnBootPhase_520_com.android.server.os.BugreportManagerService took to complete: 0ms
04-17 13:45:12.815097  2594  2594 I SystemServerTiming: OnBootPhase_520_com.android.server.gpu.GpuService
04-17 13:45:12.815117  2594  2594 D SystemServerTiming: OnBootPhase_520_com.android.server.gpu.GpuService took to complete: 0ms
04-17 13:45:12.815135  2594  2594 I SystemServerTiming: OnBootPhase_520_com.android.server.security.KeyChainSystemService
04-17 13:45:12.815157  2594  2594 D SystemServerTiming: OnBootPhase_520_com.android.server.security.KeyChainSystemService took to complete: 0ms
04-17 13:45:12.815176  2594  2594 I SystemServerTiming: OnBootPhase_520_com.android.server.telecom.TelecomLoaderService
04-17 13:45:12.815199  2594  2594 D SystemServerTiming: OnBootPhase_520_com.android.server.telecom.TelecomLoaderService took to complete: 0ms
04-17 13:45:12.815222  2594  2594 I SystemServerTiming: OnBootPhase_520_com.android.server.accounts.AccountManagerService$Lifecycle
04-17 13:45:12.815244  2594  2594 D SystemServerTiming: OnBootPhase_520_com.android.server.accounts.AccountManagerService$Lifecycle took to complete: 0ms
04-17 13:45:12.815262  2594  2594 I SystemServerTiming: OnBootPhase_520_com.android.server.content.ContentService$Lifecycle
--------- switch to main
04-17 13:45:12.815281   997   997 V WifiHAL : Got a Wi-Fi HAL module message from Driver
--------- switch to system
04-17 13:45:12.815293  2594  2594 D SystemServerTiming: OnBootPhase_520_com.android.server.content.ContentService$Lifecycle took to complete: 0ms
--------- switch to main
04-17 13:45:12.815299   997   997 V WifiHAL : handleResponse: GSCAN Capabilities:
04-17 13:45:12.815299   997   997 V WifiHAL :      max_ap_cache_per_scan:32
04-17 13:45:12.815299   997   997 V WifiHAL :      max_bssid_history_entries:8
04-17 13:45:12.815299   997   997 V WifiHAL :      max_hotlist_bssids:128
04-17 13:45:12.815299   997   997 V WifiHAL :      max_hotlist_ssids:8
04-17 13:45:12.815299   997   997 V WifiHAL :      max_rssi_sample_size:0
04-17 13:45:12.815299   997   997 V WifiHAL :      max_scan_buckets:6
04-17 13:45:12.815299   997   997 V WifiHAL :      max_scan_cache_size:18432
04-17 13:45:12.815299   997   997 V WifiHAL :      max_scan_reporting_threshold:16
04-17 13:45:12.815299   997   997 V WifiHAL :      max_significant_wifi_change_aps:16
04-17 13:45:12.815299   997   997 V WifiHAL :      max_number_epno_networks:16
04-17 13:45:12.815299   997   997 V WifiHAL :      max_number_epno_networks_by_ssid:16
04-17 13:45:12.815299   997   997 V WifiHAL :      max_number_of_white_listed_ssid:4.
04-17 13:45:12.815308   997   997 V WifiHAL : handleResponse: Roaming Capabilities:
04-17 13:45:12.815308   997   997 V WifiHAL :     max_blacklist_size: 16
04-17 13:45:12.815308   997   997 V WifiHAL :     max_whitelist_size: 4
--------- switch to system
04-17 13:45:12.815331  2594  2594 I SystemServerTiming: OnBootPhase_520_com.android.server.DropBoxManagerService
04-17 13:45:12.815356  2594  2594 D SystemServerTiming: OnBootPhase_520_com.android.server.DropBoxManagerService took to complete: 0ms
04-17 13:45:12.815375  2594  2594 I SystemServerTiming: OnBootPhase_520_com.android.role.RoleService
--------- switch to main
04-17 13:45:12.815383   997   997 V WifiHAL : Initializing Gscan Event Handlers
04-17 13:45:12.815393   997   997 V WifiHAL : Initialized Wifi HAL Successfully; vendor cmd = 103 Supported features : 0x44ed9dff
--------- switch to system
04-17 13:45:12.815404  2594  2594 D SystemServerTiming: OnBootPhase_520_com.android.role.RoleService took to complete: 0ms
04-17 13:45:12.815422  2594  2594 I SystemServerTiming: OnBootPhase_520_com.android.server.vibrator.VibratorManagerService$Lifecycle
04-17 13:45:12.815448  2594  2594 D SystemServerTiming: OnBootPhase_520_com.android.server.vibrator.VibratorManagerService$Lifecycle took to complete: 0ms
04-17 13:45:12.815464  2594  2594 I SystemServerTiming: OnBootPhase_520_com.android.server.alarm.AlarmManagerService
04-17 13:45:12.815486  2594  2594 D SystemServerTiming: OnBootPhase_520_com.android.server.alarm.AlarmManagerService took to complete: 0ms
04-17 13:45:12.815501  2594  2594 I SystemServerTiming: OnBootPhase_520_com.android.server.devicestate.DeviceStateManagerService
04-17 13:45:12.815518  2594  2594 D SystemServerTiming: OnBootPhase_520_com.android.server.devicestate.DeviceStateManagerService took to complete: 0ms
04-17 13:45:12.815534  2594  2594 I SystemServerTiming: OnBootPhase_520_com.android.server.camera.CameraServiceProxy
04-17 13:45:12.815557  2594  2594 D SystemServerTiming: OnBootPhase_520_com.android.server.camera.CameraServiceProxy took to complete: 0ms
04-17 13:45:12.815577  2594  2594 I SystemServerTiming: OnBootPhase_520_com.android.server.BluetoothService
04-17 13:45:12.815597  2594  2594 D SystemServerTiming: OnBootPhase_520_com.android.server.BluetoothService took to complete: 0ms
04-17 13:45:12.815617  2594  2594 I SystemServerTiming: OnBootPhase_520_com.android.server.connectivity.IpConnectivityMetrics
04-17 13:45:12.815638  2594  2594 D SystemServerTiming: OnBootPhase_520_com.android.server.connectivity.IpConnectivityMetrics took to complete: 0ms
04-17 13:45:12.815658  2594  2594 I SystemServerTiming: OnBootPhase_520_com.android.server.net.watchlist.NetworkWatchlistService$Lifecycle
