04-17 12:13:24.549967   984  1089 W ASH     : @ 39134.225: touch gesture: no valid gesture detected
04-17 12:13:24.614195   984  1089 W ASH     : @ 39134.289: touch gesture: no valid gesture detected
04-17 12:13:24.678819   984  1089 W ASH     : @ 39134.354: touch gesture: no valid gesture detected
04-17 12:13:24.742981   984  1089 W ASH     : @ 39134.418: touch gesture: no valid gesture detected
04-17 12:13:24.807655   984  1089 W ASH     : @ 39134.482: touch gesture: no valid gesture detected
04-17 12:13:24.872100   984  1089 W ASH     : @ 39134.547: touch gesture: no valid gesture detected
04-17 12:13:24.936347   984  1089 W ASH     : @ 39134.611: touch gesture: no valid gesture detected
--------- switch to kernel
04-17 12:13:24.947966     0     0 I         : c2   5787 google_charger: usbchg=USB typec=C usbv=5039 usbc=2 usbMv=5000 usbMc=450
04-17 12:13:24.948438     0     0 I         : c2   5787 sm7250_bms: MSC_PCS chg_state=1c2112e01030001 [0x1:1:3:4398:450] chg=u
04-17 12:13:24.948517     0     0 I         : c2   5787 google_battery: MSC_DIN chg_state=1c2112e01030001 f=0x1 chg_s=Not Charging chg_t=None vchg=4398 icl=450
04-17 12:13:24.950115     0     0 I         : c2   5787 google_battery: MSC_DSG vbatt_idx:4->4 vbatt=4398017 ibatt=-6408 fv_uv=4430000 cv_cnt=0 ov_cnt=0
04-17 12:13:24.950179     0     0 I         : c2   5787 google_battery: MSC_VOTE msc_state=2 cv_cnt=0 ov_cnt=0 temp_idx:2, vbatt_idx:4  fv_uv=4430000 cc_max=0 update_interval=-1
04-17 12:13:24.950277     0     0 I         : c2   5787 google_charger: MSC_CHG fv_uv=4430000, cc_max=0, rerun in 2000 ms (0)
--------- switch to main
04-17 12:13:25.000973   984  1089 W ASH     : @ 39134.675: touch gesture: no valid gesture detected
04-17 12:13:25.065088   984  1089 W ASH     : @ 39134.740: touch gesture: no valid gesture detected
04-17 12:13:25.129453   984  1089 W ASH     : @ 39134.804: touch gesture: no valid gesture detected
04-17 12:13:25.193818   984  1089 W ASH     : @ 39134.869: touch gesture: no valid gesture detected
04-17 12:13:25.258317   984  1089 W ASH     : @ 39134.933: touch gesture: no valid gesture detected
04-17 12:13:25.322747   984  1089 W ASH     : @ 39134.998: touch gesture: no valid gesture detected
04-17 12:13:25.387114   984  1089 W ASH     : @ 39135.062: touch gesture: no valid gesture detected
04-17 12:13:25.451753   984  1089 W ASH     : @ 39135.126: touch gesture: no valid gesture detected
04-17 12:13:25.515998   984  1089 W ASH     : @ 39135.191: touch gesture: no valid gesture detected
04-17 12:13:25.581002   984  1089 W ASH     : @ 39135.255: touch gesture: no valid gesture detected
04-17 12:13:25.645003   984  1089 W ASH     : @ 39135.320: touch gesture: no valid gesture detected
04-17 12:13:25.709155   984  1089 W ASH     : @ 39135.384: touch gesture: no valid gesture detected
04-17 12:13:25.773877   984  1089 W ASH     : @ 39135.449: touch gesture: no valid gesture detected
04-17 12:13:25.838528   984  1089 W ASH     : @ 39135.513: touch gesture: no valid gesture detected
04-17 12:13:25.902798   984  1089 W ASH     : @ 39135.578: touch gesture: no valid gesture detected
04-17 12:13:25.967207   984  1089 W ASH     : @ 39135.642: touch gesture: no valid gesture detected
04-17 12:13:26.031623   984  1089 W ASH     : @ 39135.707: touch gesture: no valid gesture detected
04-17 12:13:26.096301   984  1089 W ASH     : @ 39135.771: touch gesture: no valid gesture detected
04-17 12:13:26.161088   984  1089 W ASH     : @ 39135.836: touch gesture: no valid gesture detected
04-17 12:13:26.225418   984  1089 W ASH     : @ 39135.900: touch gesture: no valid gesture detected
04-17 12:13:26.289491   984  1089 W ASH     : @ 39135.964: touch gesture: no valid gesture detected
04-17 12:13:26.354397   984  1089 W ASH     : @ 39136.029: touch gesture: no valid gesture detected
04-17 12:13:26.419021   984  1089 W ASH     : @ 39136.093: touch gesture: no valid gesture detected
04-17 12:13:26.482960   984  1089 W ASH     : @ 39136.158: touch gesture: no valid gesture detected
04-17 12:13:26.547574   984  1089 W ASH     : @ 39136.222: touch gesture: no valid gesture detected
04-17 12:13:26.612202   984  1089 W ASH     : @ 39136.287: touch gesture: no valid gesture detected
04-17 12:13:26.676718   984  1089 W ASH     : @ 39136.351: touch gesture: no valid gesture detected
04-17 12:13:26.741337   984  1089 W ASH     : @ 39136.416: touch gesture: no valid gesture detected
04-17 12:13:26.805424   984  1089 W ASH     : @ 39136.480: touch gesture: no valid gesture detected
04-17 12:13:26.870009   984  1089 W ASH     : @ 39136.545: touch gesture: no valid gesture detected
04-17 12:13:26.934664   984  1089 W ASH     : @ 39136.609: touch gesture: no valid gesture detected
--------- switch to kernel
04-17 12:13:26.959199     0     0 I         : c2   5787 google_charger: usbchg=USB typec=C usbv=5039 usbc=0 usbMv=5000 usbMc=450
04-17 12:13:26.959366     0     0 I         : c2   5787 sm7250_bms: MSC_PCS chg_state=1c2112e01030001 [0x1:1:3:4398:450] chg=u
04-17 12:13:26.959526     0     0 I         : c2   5787 google_battery: MSC_DIN chg_state=1c2112e01030001 f=0x1 chg_s=Not Charging chg_t=None vchg=4398 icl=450
04-17 12:13:26.961036     0     0 I         : c2   5787 google_battery: MSC_DSG vbatt_idx:4->4 vbatt=4398017 ibatt=-6408 fv_uv=4430000 cv_cnt=0 ov_cnt=0
04-17 12:13:26.961091     0     0 I         : c2   5787 google_battery: MSC_VOTE msc_state=2 cv_cnt=0 ov_cnt=0 temp_idx:2, vbatt_idx:4  fv_uv=4430000 cc_max=0 update_interval=-1
04-17 12:13:26.961173     0     0 I         : c2   5787 google_charger: MSC_CHG fv_uv=4430000, cc_max=0, rerun in 2000 ms (0)
--------- switch to main
04-17 12:13:26.998983   984  1089 W ASH     : @ 39136.674: touch gesture: no valid gesture detected
04-17 12:13:27.063289   984  1089 W ASH     : @ 39136.738: touch gesture: no valid gesture detected
04-17 12:13:27.126782   984  1089 W ASH     : @ 39136.803: touch gesture: no valid gesture detected
04-17 12:13:27.192704   984  1089 W ASH     : @ 39136.867: touch gesture: no valid gesture detected
04-17 12:13:27.257422   984  1089 W ASH     : @ 39136.932: touch gesture: no valid gesture detected
04-17 12:13:27.321345   984  1089 W ASH     : @ 39136.996: touch gesture: no valid gesture detected
04-17 12:13:27.385763   984  1089 W ASH     : @ 39137.061: touch gesture: no valid gesture detected
04-17 12:13:27.450273   984  1089 W ASH     : @ 39137.125: touch gesture: no valid gesture detected
04-17 12:13:27.514651   984  1089 W ASH     : @ 39137.190: touch gesture: no valid gesture detected
04-17 12:13:27.579672   984  1089 W ASH     : @ 39137.254: touch gesture: no valid gesture detected
04-17 12:13:27.642628   984  1089 W ASH     : @ 39137.318: touch gesture: no valid gesture detected
04-17 12:13:27.708267   984  1089 W ASH     : @ 39137.383: touch gesture: no valid gesture detected
04-17 12:13:27.772323   984  1089 W ASH     : @ 39137.447: touch gesture: no valid gesture detected
04-17 12:13:27.836945   984  1089 W ASH     : @ 39137.512: touch gesture: no valid gesture detected
04-17 12:13:27.901296   984  1089 W ASH     : @ 39137.576: touch gesture: no valid gesture detected
04-17 12:13:27.965622   984  1089 W ASH     : @ 39137.641: touch gesture: no valid gesture detected
04-17 12:13:28.029933   984  1089 W ASH     : @ 39137.705: touch gesture: no valid gesture detected
04-17 12:13:28.094449   984  1089 W ASH     : @ 39137.769: touch gesture: no valid gesture detected
04-17 12:13:28.159052   984  1089 W ASH     : @ 39137.834: touch gesture: no valid gesture detected
04-17 12:13:28.223401   984  1089 W ASH     : @ 39137.898: touch gesture: no valid gesture detected
04-17 12:13:28.287548   984  1089 W ASH     : @ 39137.963: touch gesture: no valid gesture detected
04-17 12:13:28.352212   984  1089 W ASH     : @ 39138.027: touch gesture: no valid gesture detected
04-17 12:13:28.416950   984  1089 W ASH     : @ 39138.092: touch gesture: no valid gesture detected
04-17 12:13:28.481205   984  1089 W ASH     : @ 39138.156: touch gesture: no valid gesture detected
04-17 12:13:28.545734   984  1089 W ASH     : @ 39138.220: touch gesture: no valid gesture detected
04-17 12:13:28.609831   984  1089 W ASH     : @ 39138.285: touch gesture: no valid gesture detected
04-17 12:13:28.674372   984  1089 W ASH     : @ 39138.349: touch gesture: no valid gesture detected
04-17 12:13:28.738679   984  1089 W ASH     : @ 39138.414: touch gesture: no valid gesture detected
04-17 12:13:28.803114   984  1089 W ASH     : @ 39138.478: touch gesture: no valid gesture detected
04-17 12:13:28.867493   984  1089 W ASH     : @ 39138.542: touch gesture: no valid gesture detected
04-17 12:13:28.932259   984  1089 W ASH     : @ 39138.607: touch gesture: no valid gesture detected
--------- switch to kernel
04-17 12:13:28.966949     0     0 I         : c2   5787 google_charger: usbchg=USB typec=C usbv=5052 usbc=0 usbMv=5000 usbMc=450
04-17 12:13:28.967131     0     0 I         : c2   5787 sm7250_bms: MSC_PCS chg_state=1c2112e01030001 [0x1:1:3:4398:450] chg=u
04-17 12:13:28.967187     0     0 I         : c2   5787 google_battery: MSC_DIN chg_state=1c2112e01030001 f=0x1 chg_s=Not Charging chg_t=None vchg=4398 icl=450
04-17 12:13:28.968413     0     0 I         : c2   5787 google_battery: MSC_DSG vbatt_idx:4->4 vbatt=4398017 ibatt=-6408 fv_uv=4430000 cv_cnt=0 ov_cnt=0
04-17 12:13:28.968468     0     0 I         : c2   5787 google_battery: MSC_VOTE msc_state=2 cv_cnt=0 ov_cnt=0 temp_idx:2, vbatt_idx:4  fv_uv=4430000 cc_max=0 update_interval=-1
04-17 12:13:28.968540     0     0 I         : c2   5787 google_charger: MSC_CHG fv_uv=4430000, cc_max=0, rerun in 2000 ms (0)
--------- switch to main
04-17 12:13:28.996166   984  1089 W ASH     : @ 39138.671: touch gesture: no valid gesture detected
04-17 12:13:29.060972   984  1089 W ASH     : @ 39138.736: touch gesture: no valid gesture detected
04-17 12:13:29.125512   984  1089 W ASH     : @ 39138.800: touch gesture: no valid gesture detected
04-17 12:13:29.188079   984  1089 W ASH     : @ 39138.864: touch gesture: no valid gesture detected
04-17 12:13:29.253867   984  1089 W ASH     : @ 39138.929: touch gesture: no valid gesture detected
04-17 12:13:29.318106   984  1089 W ASH     : @ 39138.993: touch gesture: no valid gesture detected
04-17 12:13:29.382840   984  1089 W ASH     : @ 39139.057: touch gesture: no valid gesture detected
04-17 12:13:29.446892   984  1089 W ASH     : @ 39139.122: touch gesture: no valid gesture detected
04-17 12:13:29.511396   984  1089 W ASH     : @ 39139.186: touch gesture: no valid gesture detected
04-17 12:13:29.575765   984  1089 W ASH     : @ 39139.251: touch gesture: no valid gesture detected
04-17 12:13:29.640281   984  1089 W ASH     : @ 39139.315: touch gesture: no valid gesture detected
04-17 12:13:29.704986   984  1089 W ASH     : @ 39139.380: touch gesture: no valid gesture detected
04-17 12:13:29.769610   984  1089 W ASH     : @ 39139.444: touch gesture: no valid gesture detected
04-17 12:13:29.833746   984  1089 W ASH     : @ 39139.508: touch gesture: no valid gesture detected
04-17 12:13:29.898250   984  1089 W ASH     : @ 39139.573: touch gesture: no valid gesture detected
04-17 12:13:29.962810   984  1089 W ASH     : @ 39139.637: touch gesture: no valid gesture detected
04-17 12:13:30.026563   984  1089 W ASH     : @ 39139.702: touch gesture: no valid gesture detected
04-17 12:13:30.091489   984  1089 W ASH     : @ 39139.766: touch gesture: no valid gesture detected
04-17 12:13:30.155812   984  1089 W ASH     : @ 39139.831: touch gesture: no valid gesture detected
04-17 12:13:30.220260   984  1089 W ASH     : @ 39139.895: touch gesture: no valid gesture detected
04-17 12:13:30.284850   984  1089 W ASH     : @ 39139.960: touch gesture: no valid gesture detected
04-17 12:13:30.349043   984  1089 W ASH     : @ 39140.024: touch gesture: no valid gesture detected
04-17 12:13:30.413239   984  1089 W ASH     : @ 39140.088: touch gesture: no valid gesture detected
04-17 12:13:30.478064   984  1089 W ASH     : @ 39140.153: touch gesture: no valid gesture detected
04-17 12:13:30.542692   984  1089 W ASH     : @ 39140.217: touch gesture: no valid gesture detected
04-17 12:13:30.607092   984  1089 W ASH     : @ 39140.282: touch gesture: no valid gesture detected
04-17 12:13:30.671572   984  1089 W ASH     : @ 39140.346: touch gesture: no valid gesture detected
04-17 12:13:30.736271   984  1089 W ASH     : @ 39140.411: touch gesture: no valid gesture detected
04-17 12:13:30.800526   984  1089 W ASH     : @ 39140.475: touch gesture: no valid gesture detected
04-17 12:13:30.864776   984  1089 W ASH     : @ 39140.540: touch gesture: no valid gesture detected
04-17 12:13:30.927919   984  1089 W ASH     : @ 39140.604: touch gesture: no valid gesture detected
--------- switch to kernel
04-17 12:13:30.933439     0     0 W         : c2    973 healthd: battery l=100 v=4398 t=22.7 h=2 st=5 c=6408 fc=3349000 cc=353 chg=u
04-17 12:13:30.971995     0     0 I         : c2   5787 google_charger: usbchg=USB typec=C usbv=5036 usbc=0 usbMv=5000 usbMc=450
04-17 12:13:30.972169     0     0 I         : c2   5787 sm7250_bms: MSC_PCS chg_state=1c2112e01030001 [0x1:1:3:4398:450] chg=u
04-17 12:13:30.972225     0     0 I         : c2   5787 google_battery: MSC_DIN chg_state=1c2112e01030001 f=0x1 chg_s=Not Charging chg_t=None vchg=4398 icl=450
04-17 12:13:30.973472     0     0 I         : c2   5787 google_battery: MSC_DSG vbatt_idx:4->4 vbatt=4398017 ibatt=-6408 fv_uv=4430000 cv_cnt=0 ov_cnt=0
04-17 12:13:30.973524     0     0 I         : c2   5787 google_battery: MSC_VOTE msc_state=2 cv_cnt=0 ov_cnt=0 temp_idx:2, vbatt_idx:4  fv_uv=4430000 cc_max=0 update_interval=-1
04-17 12:13:30.973587     0     0 I         : c2   5787 google_charger: MSC_CHG fv_uv=4430000, cc_max=0, rerun in 2000 ms (0)
--------- switch to main
04-17 12:13:30.992129   984  1089 W ASH     : @ 39140.669: touch gesture: no valid gesture detected
04-17 12:13:31.058231   984  1089 W ASH     : @ 39140.733: touch gesture: no valid gesture detected
04-17 12:13:31.122683   984  1089 W ASH     : @ 39140.798: touch gesture: no valid gesture detected
04-17 12:13:31.186841   984  1089 W ASH     : @ 39140.862: touch gesture: no valid gesture detected
04-17 12:13:31.251372   984  1089 W ASH     : @ 39140.926: touch gesture: no valid gesture detected
04-17 12:13:31.316062   984  1089 W ASH     : @ 39140.991: touch gesture: no valid gesture detected
04-17 12:13:31.380410   984  1089 W ASH     : @ 39141.055: touch gesture: no valid gesture detected
04-17 12:13:31.444588   984  1089 W ASH     : @ 39141.120: touch gesture: no valid gesture detected
04-17 12:13:31.509210   984  1089 W ASH     : @ 39141.184: touch gesture: no valid gesture detected
04-17 12:13:31.573421   984  1089 W ASH     : @ 39141.248: touch gesture: no valid gesture detected
04-17 12:13:31.637904   984  1089 W ASH     : @ 39141.313: touch gesture: no valid gesture detected
04-17 12:13:31.702183   984  1089 W ASH     : @ 39141.377: touch gesture: no valid gesture detected
04-17 12:13:31.766759   984  1089 W ASH     : @ 39141.442: touch gesture: no valid gesture detected
04-17 12:13:31.830897   984  1089 W ASH     : @ 39141.506: touch gesture: no valid gesture detected
04-17 12:13:31.873530   990  1023 D rlsservice: MonitorDisplayStatus client num 0, display status 0, sensor status 0
04-17 12:13:31.895834   984  1089 W ASH     : @ 39141.570: touch gesture: no valid gesture detected
04-17 12:13:31.960013   984  1089 W ASH     : @ 39141.635: touch gesture: no valid gesture detected
04-17 12:13:32.024683   984  1089 W ASH     : @ 39141.699: touch gesture: no valid gesture detected
04-17 12:13:32.088869   984  1089 W ASH     : @ 39141.764: touch gesture: no valid gesture detected
04-17 12:13:32.153295   984  1089 W ASH     : @ 39141.828: touch gesture: no valid gesture detected
04-17 12:13:32.217417   984  1089 W ASH     : @ 39141.893: touch gesture: no valid gesture detected
04-17 12:13:32.282327   984  1089 W ASH     : @ 39141.957: touch gesture: no valid gesture detected
04-17 12:13:32.346398   984  1089 W ASH     : @ 39142.021: touch gesture: no valid gesture detected
04-17 12:13:32.410787   984  1089 W ASH     : @ 39142.086: touch gesture: no valid gesture detected
04-17 12:13:32.475091   984  1089 W ASH     : @ 39142.150: touch gesture: no valid gesture detected
04-17 12:13:32.539391   984  1089 W ASH     : @ 39142.215: touch gesture: no valid gesture detected
04-17 12:13:32.603246   984  1089 W ASH     : @ 39142.279: touch gesture: no valid gesture detected
04-17 12:13:32.668416   984  1089 W ASH     : @ 39142.343: touch gesture: no valid gesture detected
04-17 12:13:32.732754   984  1089 W ASH     : @ 39142.408: touch gesture: no valid gesture detected
04-17 12:13:32.797215   984  1089 W ASH     : @ 39142.472: touch gesture: no valid gesture detected
04-17 12:13:32.861298   984  1089 W ASH     : @ 39142.536: touch gesture: no valid gesture detected
04-17 12:13:32.925876   984  1089 W ASH     : @ 39142.601: touch gesture: no valid gesture detected
--------- switch to kernel
04-17 12:13:32.982022     0     0 I         : c2   5787 google_charger: usbchg=USB typec=C usbv=5044 usbc=0 usbMv=5000 usbMc=450
04-17 12:13:32.982208     0     0 I         : c2   5787 sm7250_bms: MSC_PCS chg_state=1c2112e01030001 [0x1:1:3:4398:450] chg=u
04-17 12:13:32.982283     0     0 I         : c2   5787 google_battery: MSC_DIN chg_state=1c2112e01030001 f=0x1 chg_s=Not Charging chg_t=None vchg=4398 icl=450
04-17 12:13:32.983932     0     0 I         : c2   5787 google_battery: MSC_DSG vbatt_idx:4->4 vbatt=4398017 ibatt=-6408 fv_uv=4430000 cv_cnt=0 ov_cnt=0
04-17 12:13:32.983994     0     0 I         : c2   5787 google_battery: MSC_VOTE msc_state=2 cv_cnt=0 ov_cnt=0 temp_idx:2, vbatt_idx:4  fv_uv=4430000 cc_max=0 update_interval=-1
04-17 12:13:32.984088     0     0 I         : c2   5787 google_charger: MSC_CHG fv_uv=4430000, cc_max=0, rerun in 2000 ms (0)
04-17 12:13:34.989607     0     0 I         : c2   5787 sm7250_bms: MSC_PCS chg_state=1c2112e01030001 [0x1:1:3:4398:450] chg=u
04-17 12:13:34.989668     0     0 I         : c2   5787 google_battery: MSC_DIN chg_state=1c2112e01030001 f=0x1 chg_s=Not Charging chg_t=None vchg=4398 icl=450
04-17 12:13:34.990812     0     0 I         : c2   5787 google_battery: MSC_DSG vbatt_idx:4->4 vbatt=4398017 ibatt=-6408 fv_uv=4430000 cv_cnt=0 ov_cnt=0
04-17 12:13:34.990877     0     0 I         : c2   5787 google_battery: MSC_VOTE msc_state=2 cv_cnt=0 ov_cnt=0 temp_idx:2, vbatt_idx:4  fv_uv=4430000 cc_max=0 update_interval=-1
04-17 12:13:34.990962     0     0 I         : c2   5787 google_charger: MSC_CHG fv_uv=4430000, cc_max=0, rerun in 2000 ms (0)
--------- switch to main
04-17 12:13:35.051083   984  1089 W ASH     : @ 39144.726: touch gesture: no valid gesture detected
04-17 12:13:35.115366   984  1089 W ASH     : @ 39144.790: touch gesture: no valid gesture detected
04-17 12:13:35.177846   984  1089 W ASH     : @ 39144.854: touch gesture: no valid gesture detected
--------- switch to kernel
04-17 12:13:35.230592     0     0 I         : c1   5779 qcom_rpmh DRV:apps_rsc TCS Busy, retrying RPMH message send: addr=0x30000
04-17 12:13:35.230652     0     0 I         : c1   5779 qcom_rpmh DRV:apps_rsc TCS Busy, retrying RPMH message send: addr=0x30000
04-17 12:13:35.230686     0     0 I         : c1   5779 qcom_rpmh DRV:apps_rsc TCS Busy, retrying RPMH message send: addr=0x30000
--------- switch to main
04-17 12:13:35.242769   984  1089 W ASH     : @ 39144.919: touch gesture: no valid gesture detected
04-17 12:13:35.308275   984  1089 W ASH     : @ 39144.983: touch gesture: no valid gesture detected
04-17 12:13:35.373107   984  1089 W ASH     : @ 39145.048: touch gesture: no valid gesture detected
04-17 12:13:35.437224   984  1089 W ASH     : @ 39145.112: touch gesture: no valid gesture detected
04-17 12:13:35.501719   984  1089 W ASH     : @ 39145.176: touch gesture: no valid gesture detected
04-17 12:13:35.565905   984  1089 W ASH     : @ 39145.241: touch gesture: no valid gesture detected
04-17 12:13:35.630244   984  1089 W ASH     : @ 39145.305: touch gesture: no valid gesture detected
04-17 12:13:35.694372   984  1089 W ASH     : @ 39145.369: touch gesture: no valid gesture detected
04-17 12:13:35.759419   984  1089 W ASH     : @ 39145.434: touch gesture: no valid gesture detected
04-17 12:13:35.823332   984  1089 W ASH     : @ 39145.498: touch gesture: no valid gesture detected
04-17 12:13:35.888099   984  1089 W ASH     : @ 39145.563: touch gesture: no valid gesture detected
04-17 12:13:35.952230   984  1089 W ASH     : @ 39145.627: touch gesture: no valid gesture detected
04-17 12:13:36.015558   984  1089 W ASH     : @ 39145.691: touch gesture: no valid gesture detected
04-17 12:13:36.080807   984  1089 W ASH     : @ 39145.756: touch gesture: no valid gesture detected
04-17 12:13:36.145510   984  1089 W ASH     : @ 39145.820: touch gesture: no valid gesture detected
04-17 12:13:36.209918   984  1089 W ASH     : @ 39145.884: touch gesture: no valid gesture detected
04-17 12:13:36.273895   984  1089 W ASH     : @ 39145.949: touch gesture: no valid gesture detected
04-17 12:13:36.338467   984  1089 W ASH     : @ 39146.013: touch gesture: no valid gesture detected
04-17 12:13:36.403197   984  1089 W ASH     : @ 39146.078: touch gesture: no valid gesture detected
04-17 12:13:36.467141   984  1089 W ASH     : @ 39146.142: touch gesture: no valid gesture detected
04-17 12:13:36.531608   984  1089 W ASH     : @ 39146.206: touch gesture: no valid gesture detected
04-17 12:13:36.595966   984  1089 W ASH     : @ 39146.271: touch gesture: no valid gesture detected
04-17 12:13:36.659272   984  1089 W ASH     : @ 39146.335: touch gesture: no valid gesture detected
04-17 12:13:36.724459   984  1089 W ASH     : @ 39146.400: touch gesture: no valid gesture detected
04-17 12:13:36.789230   984  1089 W ASH     : @ 39146.464: touch gesture: no valid gesture detected
04-17 12:13:36.853625   984  1089 W ASH     : @ 39146.528: touch gesture: no valid gesture detected
04-17 12:13:36.917941   984  1089 W ASH     : @ 39146.593: touch gesture: no valid gesture detected
04-17 12:13:36.982397   984  1089 W ASH     : @ 39146.657: touch gesture: no valid gesture detected
--------- switch to kernel
04-17 12:13:36.995360     0     0 I         : c2   5787 google_charger: usbchg=USB typec=C usbv=5040 usbc=0 usbMv=5000 usbMc=450
04-17 12:13:36.995548     0     0 I         : c2   5787 sm7250_bms: MSC_PCS chg_state=1c2112e01030001 [0x1:1:3:4398:450] chg=u
04-17 12:13:36.995611     0     0 I         : c2   5787 google_battery: MSC_DIN chg_state=1c2112e01030001 f=0x1 chg_s=Not Charging chg_t=None vchg=4398 icl=450
04-17 12:13:36.996752     0     0 I         : c2   5787 google_battery: MSC_DSG vbatt_idx:4->4 vbatt=4398017 ibatt=-6408 fv_uv=4430000 cv_cnt=0 ov_cnt=0
04-17 12:13:36.996814     0     0 I         : c2   5787 google_battery: MSC_VOTE msc_state=2 cv_cnt=0 ov_cnt=0 temp_idx:2, vbatt_idx:4  fv_uv=4430000 cc_max=0 update_interval=-1
04-17 12:13:36.996904     0     0 I         : c2   5787 google_charger: MSC_CHG fv_uv=4430000, cc_max=0, rerun in 2000 ms (0)
--------- switch to main
04-17 12:13:37.046766   984  1089 W ASH     : @ 39146.722: touch gesture: no valid gesture detected
04-17 12:13:37.110964   984  1089 W ASH     : @ 39146.786: touch gesture: no valid gesture detected
04-17 12:13:37.175693   984  1089 W ASH     : @ 39146.850: touch gesture: no valid gesture detected
04-17 12:13:37.239793   984  1089 W ASH     : @ 39146.915: touch gesture: no valid gesture detected
04-17 12:13:37.303917   984  1089 W ASH     : @ 39146.979: touch gesture: no valid gesture detected
04-17 12:13:37.368396   984  1089 W ASH     : @ 39147.043: touch gesture: no valid gesture detected
04-17 12:13:37.433020   984  1089 W ASH     : @ 39147.108: touch gesture: no valid gesture detected
04-17 12:13:37.497340   984  1089 W ASH     : @ 39147.172: touch gesture: no valid gesture detected
04-17 12:13:37.562187   984  1089 W ASH     : @ 39147.237: touch gesture: no valid gesture detected
04-17 12:13:37.626028   984  1089 W ASH     : @ 39147.301: touch gesture: no valid gesture detected
04-17 12:13:37.690544   984  1089 W ASH     : @ 39147.365: touch gesture: no valid gesture detected
04-17 12:13:37.754806   984  1089 W ASH     : @ 39147.430: touch gesture: no valid gesture detected
04-17 12:13:37.819549   984  1089 W ASH     : @ 39147.494: touch gesture: no valid gesture detected
04-17 12:13:37.883589   984  1089 W ASH     : @ 39147.558: touch gesture: no valid gesture detected
04-17 12:13:37.947859   984  1089 W ASH     : @ 39147.623: touch gesture: no valid gesture detected
04-17 12:13:38.012590   984  1089 W ASH     : @ 39147.687: touch gesture: no valid gesture detected
04-17 12:13:38.076767   984  1089 W ASH     : @ 39147.751: touch gesture: no valid gesture detected
04-17 12:13:38.141377   984  1089 W ASH     : @ 39147.816: touch gesture: no valid gesture detected
04-17 12:13:38.205557   984  1089 W ASH     : @ 39147.880: touch gesture: no valid gesture detected
04-17 12:13:38.269898   984  1089 W ASH     : @ 39147.945: touch gesture: no valid gesture detected
04-17 12:13:38.334083   984  1089 W ASH     : @ 39148.009: touch gesture: no valid gesture detected
04-17 12:13:38.398983   984  1089 W ASH     : @ 39148.073: touch gesture: no valid gesture detected
04-17 12:13:38.462985   984  1089 W ASH     : @ 39148.138: touch gesture: no valid gesture detected
04-17 12:13:38.527303   984  1089 W ASH     : @ 39148.202: touch gesture: no valid gesture detected
04-17 12:13:38.589984   984  1089 W ASH     : @ 39148.267: touch gesture: no valid gesture detected
04-17 12:13:38.656271   984  1089 W ASH     : @ 39148.331: touch gesture: no valid gesture detected
04-17 12:13:38.720408   984  1089 W ASH     : @ 39148.395: touch gesture: no valid gesture detected
04-17 12:13:38.784795   984  1089 W ASH     : @ 39148.460: touch gesture: no valid gesture detected
04-17 12:13:38.849366   984  1089 W ASH     : @ 39148.524: touch gesture: no valid gesture detected
04-17 12:13:38.913398   984  1089 W ASH     : @ 39148.589: touch gesture: no valid gesture detected
04-17 12:13:38.978052   984  1089 W ASH     : @ 39148.653: touch gesture: no valid gesture detected
--------- switch to kernel
04-17 12:13:39.004598     0     0 I         : c2   5787 google_charger: usbchg=USB typec=C usbv=5023 usbc=0 usbMv=5000 usbMc=450
04-17 12:13:39.005030     0     0 I         : c2   5787 sm7250_bms: MSC_PCS chg_state=1c2112e01030001 [0x1:1:3:4398:450] chg=u
04-17 12:13:39.005111     0     0 I         : c2   5787 google_battery: MSC_DIN chg_state=1c2112e01030001 f=0x1 chg_s=Not Charging chg_t=None vchg=4398 icl=450
04-17 12:13:39.006863     0     0 I         : c2   5787 google_battery: MSC_DSG vbatt_idx:4->4 vbatt=4398017 ibatt=-6408 fv_uv=4430000 cv_cnt=0 ov_cnt=0
04-17 12:13:39.006925     0     0 I         : c2   5787 google_battery: MSC_VOTE msc_state=2 cv_cnt=0 ov_cnt=0 temp_idx:2, vbatt_idx:4  fv_uv=4430000 cc_max=0 update_interval=-1
04-17 12:13:39.007027     0     0 I         : c2   5787 google_charger: MSC_CHG fv_uv=4430000, cc_max=0, rerun in 2000 ms (0)
--------- switch to main
04-17 12:13:39.041200   984  1089 W ASH     : @ 39148.717: touch gesture: no valid gesture detected
04-17 12:13:39.106683   984  1089 W ASH     : @ 39148.782: touch gesture: no valid gesture detected
04-17 12:13:39.170984   984  1089 W ASH     : @ 39148.846: touch gesture: no valid gesture detected
04-17 12:13:39.235608   984  1089 W ASH     : @ 39148.910: touch gesture: no valid gesture detected
04-17 12:13:39.299898   984  1089 W ASH     : @ 39148.975: touch gesture: no valid gesture detected
04-17 12:13:39.364213   984  1089 W ASH     : @ 39149.039: touch gesture: no valid gesture detected
04-17 12:13:39.427513   984  1089 W ASH     : @ 39149.103: touch gesture: no valid gesture detected
04-17 12:13:39.492635   984  1089 W ASH     : @ 39149.168: touch gesture: no valid gesture detected
04-17 12:13:39.557172   984  1089 W ASH     : @ 39149.232: touch gesture: no valid gesture detected
04-17 12:13:39.621530   984  1089 W ASH     : @ 39149.296: touch gesture: no valid gesture detected
04-17 12:13:39.685850   984  1089 W ASH     : @ 39149.361: touch gesture: no valid gesture detected
04-17 12:13:39.748960   984  1089 W ASH     : @ 39149.425: touch gesture: no valid gesture detected
04-17 12:13:39.814528   984  1089 W ASH     : @ 39149.489: touch gesture: no valid gesture detected
04-17 12:13:39.878739   984  1089 W ASH     : @ 39149.554: touch gesture: no valid gesture detected
04-17 12:13:39.943188   984  1089 W ASH     : @ 39149.618: touch gesture: no valid gesture detected
04-17 12:13:40.007679   984  1089 W ASH     : @ 39149.682: touch gesture: no valid gesture detected
04-17 12:13:40.072103   984  1089 W ASH     : @ 39149.747: touch gesture: no valid gesture detected
04-17 12:13:40.136293   984  1089 W ASH     : @ 39149.811: touch gesture: no valid gesture detected
04-17 12:13:40.200533   984  1089 W ASH     : @ 39149.875: touch gesture: no valid gesture detected
04-17 12:13:40.265093   984  1089 W ASH     : @ 39149.940: touch gesture: no valid gesture detected
04-17 12:13:40.329668   984  1089 W ASH     : @ 39150.004: touch gesture: no valid gesture detected
04-17 12:13:40.394052   984  1089 W ASH     : @ 39150.069: touch gesture: no valid gesture detected
04-17 12:13:40.458200   984  1089 W ASH     : @ 39150.133: touch gesture: no valid gesture detected
04-17 12:13:40.522908   984  1089 W ASH     : @ 39150.197: touch gesture: no valid gesture detected
04-17 12:13:40.586977   984  1089 W ASH     : @ 39150.262: touch gesture: no valid gesture detected
04-17 12:13:40.651545   984  1089 W ASH     : @ 39150.326: touch gesture: no valid gesture detected
04-17 12:13:40.715701   984  1089 W ASH     : @ 39150.391: touch gesture: no valid gesture detected
04-17 12:13:40.779984   984  1089 W ASH     : @ 39150.455: touch gesture: no valid gesture detected
04-17 12:13:40.844331   984  1089 W ASH     : @ 39150.519: touch gesture: no valid gesture detected
04-17 12:13:40.909363   984  1089 W ASH     : @ 39150.584: touch gesture: no valid gesture detected
04-17 12:13:40.973656   984  1089 W ASH     : @ 39150.648: touch gesture: no valid gesture detected
--------- switch to kernel
04-17 12:13:41.016202     0     0 I         : c2   5787 google_charger: usbchg=USB typec=C usbv=5041 usbc=0 usbMv=5000 usbMc=450
04-17 12:13:41.016401     0     0 I         : c2   5787 sm7250_bms: MSC_PCS chg_state=1c2112e01030001 [0x1:1:3:4398:450] chg=u
04-17 12:13:41.016484     0     0 I         : c2   5787 google_battery: MSC_DIN chg_state=1c2112e01030001 f=0x1 chg_s=Not Charging chg_t=None vchg=4398 icl=450
04-17 12:13:41.018000     0     0 I         : c2   5787 google_battery: MSC_DSG vbatt_idx:4->4 vbatt=4398017 ibatt=-5798 fv_uv=4430000 cv_cnt=0 ov_cnt=0
04-17 12:13:41.018069     0     0 I         : c2   5787 google_battery: MSC_VOTE msc_state=2 cv_cnt=0 ov_cnt=0 temp_idx:2, vbatt_idx:4  fv_uv=4430000 cc_max=0 update_interval=-1
04-17 12:13:41.018552     0     0 I         : c2   5787 google_charger: MSC_CHG fv_uv=4430000, cc_max=0, rerun in 2000 ms (0)
--------- switch to main
04-17 12:13:41.036627   984  1089 W ASH     : @ 39150.712: touch gesture: no valid gesture detected
04-17 12:13:41.102131   984  1089 W ASH     : @ 39150.777: touch gesture: no valid gesture detected
04-17 12:13:41.166305   984  1089 W ASH     : @ 39150.841: touch gesture: no valid gesture detected
04-17 12:13:41.230397   984  1089 W ASH     : @ 39150.906: touch gesture: no valid gesture detected
04-17 12:13:41.295123   984  1089 W ASH     : @ 39150.970: touch gesture: no valid gesture detected
04-17 12:13:41.359321   984  1089 W ASH     : @ 39151.034: touch gesture: no valid gesture detected
04-17 12:13:41.423717   984  1089 W ASH     : @ 39151.099: touch gesture: no valid gesture detected
04-17 12:13:41.488131   984  1089 W ASH     : @ 39151.163: touch gesture: no valid gesture detected
04-17 12:13:41.552618   984  1089 W ASH     : @ 39151.227: touch gesture: no valid gesture detected
04-17 12:13:41.617338   984  1089 W ASH     : @ 39151.292: touch gesture: no valid gesture detected
04-17 12:13:41.681514   984  1089 W ASH     : @ 39151.356: touch gesture: no valid gesture detected
04-17 12:13:41.745474   984  1089 W ASH     : @ 39151.421: touch gesture: no valid gesture detected
04-17 12:13:41.809770   984  1089 W ASH     : @ 39151.485: touch gesture: no valid gesture detected
04-17 12:13:41.873956   984  1089 W ASH     : @ 39151.549: touch gesture: no valid gesture detected
04-17 12:13:41.938855   984  1089 W ASH     : @ 39151.613: touch gesture: no valid gesture detected
04-17 12:13:42.003147   984  1089 W ASH     : @ 39151.678: touch gesture: no valid gesture detected
04-17 12:13:42.067294   984  1089 W ASH     : @ 39151.742: touch gesture: no valid gesture detected
04-17 12:13:42.131550   984  1089 W ASH     : @ 39151.806: touch gesture: no valid gesture detected
04-17 12:13:42.196134   984  1089 W ASH     : @ 39151.871: touch gesture: no valid gesture detected
04-17 12:13:42.260643   984  1089 W ASH     : @ 39151.935: touch gesture: no valid gesture detected
04-17 12:13:42.325005   984  1089 W ASH     : @ 39152.000: touch gesture: no valid gesture detected
04-17 12:13:42.389548   984  1089 W ASH     : @ 39152.064: touch gesture: no valid gesture detected
04-17 12:13:42.453402   984  1089 W ASH     : @ 39152.128: touch gesture: no valid gesture detected
04-17 12:13:42.517908   984  1089 W ASH     : @ 39152.193: touch gesture: no valid gesture detected
04-17 12:13:42.582356   984  1089 W ASH     : @ 39152.257: touch gesture: no valid gesture detected
04-17 12:13:42.646542   984  1089 W ASH     : @ 39152.321: touch gesture: no valid gesture detected
04-17 12:13:42.710869   984  1089 W ASH     : @ 39152.386: touch gesture: no valid gesture detected
04-17 12:13:42.775420   984  1089 W ASH     : @ 39152.450: touch gesture: no valid gesture detected
04-17 12:13:42.839616   984  1089 W ASH     : @ 39152.514: touch gesture: no valid gesture detected
04-17 12:13:42.904163   984  1089 W ASH     : @ 39152.579: touch gesture: no valid gesture detected
04-17 12:13:42.968343   984  1089 W ASH     : @ 39152.643: touch gesture: no valid gesture detected
04-17 12:13:43.031563   984  1089 W ASH     : @ 39152.708: touch gesture: no valid gesture detected
--------- switch to kernel
04-17 12:13:43.027340     0     0 I         : c2   5787 google_charger: usbchg=USB typec=C usbv=5039 usbc=6 usbMv=5000 usbMc=450
04-17 12:13:43.027532     0     0 I         : c2   5787 sm7250_bms: MSC_PCS chg_state=1c2112e01030001 [0x1:1:3:4398:450] chg=u
04-17 12:13:43.027609     0     0 I         : c2   5787 google_battery: MSC_DIN chg_state=1c2112e01030001 f=0x1 chg_s=Not Charging chg_t=None vchg=4398 icl=450
04-17 12:13:43.029262     0     0 I         : c2   5787 google_battery: MSC_DSG vbatt_idx:4->4 vbatt=4398017 ibatt=-5798 fv_uv=4430000 cv_cnt=0 ov_cnt=0
04-17 12:13:43.029330     0     0 I         : c2   5787 google_battery: MSC_VOTE msc_state=2 cv_cnt=0 ov_cnt=0 temp_idx:2, vbatt_idx:4  fv_uv=4430000 cc_max=0 update_interval=-1
04-17 12:13:43.029441     0     0 I         : c2   5787 google_charger: MSC_CHG fv_uv=4430000, cc_max=0, rerun in 2000 ms (0)
--------- switch to main
04-17 12:13:43.097460   984  1089 W ASH     : @ 39152.772: touch gesture: no valid gesture detected
04-17 12:13:43.161012   984  1089 W ASH     : @ 39152.836: touch gesture: no valid gesture detected
04-17 12:13:43.225959   984  1089 W ASH     : @ 39152.901: touch gesture: no valid gesture detected
04-17 12:13:43.290254   984  1089 W ASH     : @ 39152.965: touch gesture: no valid gesture detected
04-17 12:13:43.354373   984  1089 W ASH     : @ 39153.029: touch gesture: no valid gesture detected
04-17 12:13:43.418849   984  1089 W ASH     : @ 39153.094: touch gesture: no valid gesture detected
04-17 12:13:43.483288   984  1089 W ASH     : @ 39153.158: touch gesture: no valid gesture detected
04-17 12:13:43.547761   984  1089 W ASH     : @ 39153.223: touch gesture: no valid gesture detected
04-17 12:13:43.612367   984  1089 W ASH     : @ 39153.287: touch gesture: no valid gesture detected
04-17 12:13:43.675936   984  1089 W ASH     : @ 39153.351: touch gesture: no valid gesture detected
04-17 12:13:43.740758   984  1089 W ASH     : @ 39153.416: touch gesture: no valid gesture detected
04-17 12:13:43.804788   984  1089 W ASH     : @ 39153.480: touch gesture: no valid gesture detected
04-17 12:13:43.869696   984  1089 W ASH     : @ 39153.545: touch gesture: no valid gesture detected
04-17 12:13:43.933992   984  1089 W ASH     : @ 39153.609: touch gesture: no valid gesture detected
04-17 12:13:43.998160   984  1089 W ASH     : @ 39153.673: touch gesture: no valid gesture detected
04-17 12:13:44.062842   984  1089 W ASH     : @ 39153.738: touch gesture: no valid gesture detected
04-17 12:13:44.127294   984  1089 W ASH     : @ 39153.802: touch gesture: no valid gesture detected
04-17 12:13:44.191022   984  1089 W ASH     : @ 39153.866: touch gesture: no valid gesture detected
04-17 12:13:44.255839   984  1089 W ASH     : @ 39153.931: touch gesture: no valid gesture detected
04-17 12:13:44.320158   984  1089 W ASH     : @ 39153.995: touch gesture: no valid gesture detected
04-17 12:13:44.384563   984  1089 W ASH     : @ 39154.059: touch gesture: no valid gesture detected
04-17 12:13:44.448947   984  1089 W ASH     : @ 39154.124: touch gesture: no valid gesture detected
04-17 12:13:44.513315   984  1089 W ASH     : @ 39154.188: touch gesture: no valid gesture detected
04-17 12:13:44.577357   984  1089 W ASH     : @ 39154.252: touch gesture: no valid gesture detected
04-17 12:13:44.642106   984  1089 W ASH     : @ 39154.317: touch gesture: no valid gesture detected
04-17 12:13:44.706190   984  1089 W ASH     : @ 39154.381: touch gesture: no valid gesture detected
04-17 12:13:44.770656   984  1089 W ASH     : @ 39154.445: touch gesture: no valid gesture detected
04-17 12:13:44.835665   984  1089 W ASH     : @ 39154.510: touch gesture: no valid gesture detected
04-17 12:13:44.899572   984  1089 W ASH     : @ 39154.575: touch gesture: no valid gesture detected
04-17 12:13:44.964307   984  1089 W ASH     : @ 39154.639: touch gesture: no valid gesture detected
04-17 12:13:45.028260   984  1089 W ASH     : @ 39154.703: touch gesture: no valid gesture detected
--------- switch to kernel
04-17 12:13:45.036971     0     0 I         : c2   5787 google_charger: usbchg=USB typec=C usbv=5040 usbc=0 usbMv=5000 usbMc=450
04-17 12:13:45.037151     0     0 I         : c2   5787 sm7250_bms: MSC_PCS chg_state=1c2112e01030001 [0x1:1:3:4398:450] chg=u
04-17 12:13:45.037222     0     0 I         : c2   5787 google_battery: MSC_DIN chg_state=1c2112e01030001 f=0x1 chg_s=Not Charging chg_t=None vchg=4398 icl=450
04-17 12:13:45.039241     0     0 I         : c2   5787 google_battery: MSC_DSG vbatt_idx:4->4 vbatt=4398017 ibatt=-5798 fv_uv=4430000 cv_cnt=0 ov_cnt=0
04-17 12:13:45.039296     0     0 I         : c2   5787 google_battery: MSC_VOTE msc_state=2 cv_cnt=0 ov_cnt=0 temp_idx:2, vbatt_idx:4  fv_uv=4430000 cc_max=0 update_interval=-1
04-17 12:13:45.039375     0     0 I         : c2   5787 google_charger: MSC_CHG fv_uv=4430000, cc_max=0, rerun in 2000 ms (0)
--------- switch to main
04-17 12:13:45.092617   984  1089 W ASH     : @ 39154.768: touch gesture: no valid gesture detected
04-17 12:13:45.157265   984  1089 W ASH     : @ 39154.832: touch gesture: no valid gesture detected
04-17 12:13:45.221346   984  1089 W ASH     : @ 39154.896: touch gesture: no valid gesture detected
04-17 12:13:45.285975   984  1089 W ASH     : @ 39154.961: touch gesture: no valid gesture detected
04-17 12:13:45.350383   984  1089 W ASH     : @ 39155.025: touch gesture: no valid gesture detected
04-17 12:13:45.414835   984  1089 W ASH     : @ 39155.090: touch gesture: no valid gesture detected
04-17 12:13:45.479888   984  1089 W ASH     : @ 39155.154: touch gesture: no valid gesture detected
04-17 12:13:45.543477   984  1089 W ASH     : @ 39155.218: touch gesture: no valid gesture detected
04-17 12:13:45.608004   984  1089 W ASH     : @ 39155.283: touch gesture: no valid gesture detected
04-17 12:13:45.672413   984  1089 W ASH     : @ 39155.347: touch gesture: no valid gesture detected
04-17 12:13:45.736655   984  1089 W ASH     : @ 39155.412: touch gesture: no valid gesture detected
04-17 12:13:45.801170   984  1089 W ASH     : @ 39155.476: touch gesture: no valid gesture detected
04-17 12:13:45.865094   984  1089 W ASH     : @ 39155.540: touch gesture: no valid gesture detected
04-17 12:13:45.929562   984  1089 W ASH     : @ 39155.605: touch gesture: no valid gesture detected
04-17 12:13:45.994267   984  1089 W ASH     : @ 39155.669: touch gesture: no valid gesture detected
04-17 12:13:46.058390   984  1089 W ASH     : @ 39155.733: touch gesture: no valid gesture detected
04-17 12:13:46.122962   984  1089 W ASH     : @ 39155.798: touch gesture: no valid gesture detected
04-17 12:13:46.187161   984  1089 W ASH     : @ 39155.862: touch gesture: no valid gesture detected
04-17 12:13:46.251706   984  1089 W ASH     : @ 39155.926: touch gesture: no valid gesture detected
04-17 12:13:46.315985   984  1089 W ASH     : @ 39155.991: touch gesture: no valid gesture detected
04-17 12:13:46.380331   984  1089 W ASH     : @ 39156.055: touch gesture: no valid gesture detected
04-17 12:13:46.444626   984  1089 W ASH     : @ 39156.120: touch gesture: no valid gesture detected
04-17 12:13:46.509359   984  1089 W ASH     : @ 39156.184: touch gesture: no valid gesture detected
04-17 12:13:46.573923   984  1089 W ASH     : @ 39156.248: touch gesture: no valid gesture detected
04-17 12:13:46.637839   984  1089 W ASH     : @ 39156.313: touch gesture: no valid gesture detected
04-17 12:13:46.702208   984  1089 W ASH     : @ 39156.377: touch gesture: no valid gesture detected
04-17 12:13:46.766688   984  1089 W ASH     : @ 39156.442: touch gesture: no valid gesture detected
04-17 12:13:46.831537   984  1089 W ASH     : @ 39156.506: touch gesture: no valid gesture detected
04-17 12:13:46.895673   984  1089 W ASH     : @ 39156.570: touch gesture: no valid gesture detected
04-17 12:13:46.959872   984  1089 W ASH     : @ 39156.635: touch gesture: no valid gesture detected
04-17 12:13:47.024445   984  1089 W ASH     : @ 39156.699: touch gesture: no valid gesture detected
--------- switch to kernel
04-17 12:13:47.048889     0     0 I         : c2   5787 google_charger: usbchg=USB typec=C usbv=5041 usbc=0 usbMv=5000 usbMc=450
04-17 12:13:47.049098     0     0 I         : c2   5787 sm7250_bms: MSC_PCS chg_state=1c2112e01030001 [0x1:1:3:4398:450] chg=u
04-17 12:13:47.049190     0     0 I         : c2   5787 google_battery: MSC_DIN chg_state=1c2112e01030001 f=0x1 chg_s=Not Charging chg_t=None vchg=4398 icl=450
04-17 12:13:47.050659     0     0 I         : c2   5787 google_battery: MSC_DSG vbatt_idx:4->4 vbatt=4398017 ibatt=-5798 fv_uv=4430000 cv_cnt=0 ov_cnt=0
04-17 12:13:47.050733     0     0 I         : c2   5787 google_battery: MSC_VOTE msc_state=2 cv_cnt=0 ov_cnt=0 temp_idx:2, vbatt_idx:4  fv_uv=4430000 cc_max=0 update_interval=-1
04-17 12:13:47.050853     0     0 I         : c2   5787 google_charger: MSC_CHG fv_uv=4430000, cc_max=0, rerun in 2000 ms (0)
--------- switch to main
04-17 12:13:47.088893   984  1089 W ASH     : @ 39156.764: touch gesture: no valid gesture detected
04-17 12:13:47.153270   984  1089 W ASH     : @ 39156.828: touch gesture: no valid gesture detected
04-17 12:13:47.217481   984  1089 W ASH     : @ 39156.892: touch gesture: no valid gesture detected
04-17 12:13:47.282265   984  1089 W ASH     : @ 39156.957: touch gesture: no valid gesture detected
04-17 12:13:47.346549   984  1089 W ASH     : @ 39157.021: touch gesture: no valid gesture detected
04-17 12:13:47.411000   984  1089 W ASH     : @ 39157.086: touch gesture: no valid gesture detected
04-17 12:13:47.475374   984  1089 W ASH     : @ 39157.150: touch gesture: no valid gesture detected
04-17 12:13:47.539709   984  1089 W ASH     : @ 39157.214: touch gesture: no valid gesture detected
04-17 12:13:47.604410   984  1089 W ASH     : @ 39157.279: touch gesture: no valid gesture detected
04-17 12:13:47.668963   984  1089 W ASH     : @ 39157.343: touch gesture: no valid gesture detected
04-17 12:13:47.733146   984  1089 W ASH     : @ 39157.408: touch gesture: no valid gesture detected
04-17 12:13:47.797437   984  1089 W ASH     : @ 39157.472: touch gesture: no valid gesture detected
04-17 12:13:47.861838   984  1089 W ASH     : @ 39157.537: touch gesture: no valid gesture detected
04-17 12:13:47.926293   984  1089 W ASH     : @ 39157.601: touch gesture: no valid gesture detected
04-17 12:13:47.990483   984  1089 W ASH     : @ 39157.665: touch gesture: no valid gesture detected
04-17 12:13:48.054876   984  1089 W ASH     : @ 39157.730: touch gesture: no valid gesture detected
04-17 12:13:48.119076   984  1089 W ASH     : @ 39157.794: touch gesture: no valid gesture detected
04-17 12:13:48.183863   984  1089 W ASH     : @ 39157.859: touch gesture: no valid gesture detected
04-17 12:13:48.248029   984  1089 W ASH     : @ 39157.923: touch gesture: no valid gesture detected
04-17 12:13:48.312424   984  1089 W ASH     : @ 39157.988: touch gesture: no valid gesture detected
04-17 12:13:48.377017   984  1089 W ASH     : @ 39158.052: touch gesture: no valid gesture detected
04-17 12:13:48.441488   984  1089 W ASH     : @ 39158.116: touch gesture: no valid gesture detected
04-17 12:13:48.505935   984  1089 W ASH     : @ 39158.181: touch gesture: no valid gesture detected
04-17 12:13:48.570145   984  1089 W ASH     : @ 39158.245: touch gesture: no valid gesture detected
04-17 12:13:48.634579   984  1089 W ASH     : @ 39158.310: touch gesture: no valid gesture detected
04-17 12:13:48.699251   984  1089 W ASH     : @ 39158.374: touch gesture: no valid gesture detected
04-17 12:13:48.763513   984  1089 W ASH     : @ 39158.438: touch gesture: no valid gesture detected
04-17 12:13:48.828069   984  1089 W ASH     : @ 39158.503: touch gesture: no valid gesture detected
04-17 12:13:48.892116   984  1089 W ASH     : @ 39158.567: touch gesture: no valid gesture detected
04-17 12:13:48.956821   984  1089 W ASH     : @ 39158.632: touch gesture: no valid gesture detected
04-17 12:13:49.021212   984  1089 W ASH     : @ 39158.696: touch gesture: no valid gesture detected
--------- switch to kernel
04-17 12:13:49.059433     0     0 I         : c2   5787 google_charger: usbchg=USB typec=C usbv=5039 usbc=0 usbMv=5000 usbMc=450
04-17 12:13:49.059619     0     0 I         : c2   5787 sm7250_bms: MSC_PCS chg_state=1c2112e01030001 [0x1:1:3:4398:450] chg=u
04-17 12:13:49.059692     0     0 I         : c2   5787 google_battery: MSC_DIN chg_state=1c2112e01030001 f=0x1 chg_s=Not Charging chg_t=None vchg=4398 icl=450
04-17 12:13:49.061112     0     0 I         : c2   5787 google_battery: MSC_DSG vbatt_idx:4->4 vbatt=4398017 ibatt=-5798 fv_uv=4430000 cv_cnt=0 ov_cnt=0
04-17 12:13:49.061171     0     0 I         : c2   5787 google_battery: MSC_VOTE msc_state=2 cv_cnt=0 ov_cnt=0 temp_idx:2, vbatt_idx:4  fv_uv=4430000 cc_max=0 update_interval=-1
04-17 12:13:49.061268     0     0 I         : c2   5787 google_charger: MSC_CHG fv_uv=4430000, cc_max=0, rerun in 2000 ms (0)
--------- switch to main
04-17 12:13:49.084640   984  1089 W ASH     : @ 39158.760: touch gesture: no valid gesture detected
04-17 12:13:49.149885   984  1089 W ASH     : @ 39158.825: touch gesture: no valid gesture detected
04-17 12:13:49.214398   984  1089 W ASH     : @ 39158.889: touch gesture: no valid gesture detected
04-17 12:13:49.278524   984  1089 W ASH     : @ 39158.954: touch gesture: no valid gesture detected
04-17 12:13:49.343427   984  1089 W ASH     : @ 39159.018: touch gesture: no valid gesture detected
04-17 12:13:49.407943   984  1089 W ASH     : @ 39159.082: touch gesture: no valid gesture detected
04-17 12:13:49.472544   984  1089 W ASH     : @ 39159.147: touch gesture: no valid gesture detected
04-17 12:13:49.536853   984  1089 W ASH     : @ 39159.211: touch gesture: no valid gesture detected
04-17 12:13:49.600748   984  1089 W ASH     : @ 39159.276: touch gesture: no valid gesture detected
04-17 12:13:49.665526   984  1089 W ASH     : @ 39159.340: touch gesture: no valid gesture detected
04-17 12:13:49.729584   984  1089 W ASH     : @ 39159.405: touch gesture: no valid gesture detected
04-17 12:13:49.794122   984  1089 W ASH     : @ 39159.469: touch gesture: no valid gesture detected
04-17 12:13:49.858892   984  1089 W ASH     : @ 39159.533: touch gesture: no valid gesture detected
04-17 12:13:49.922999   984  1089 W ASH     : @ 39159.598: touch gesture: no valid gesture detected
04-17 12:13:49.987792   984  1089 W ASH     : @ 39159.662: touch gesture: no valid gesture detected
04-17 12:13:50.052297   984  1089 W ASH     : @ 39159.727: touch gesture: no valid gesture detected
04-17 12:13:50.116686   984  1089 W ASH     : @ 39159.791: touch gesture: no valid gesture detected
04-17 12:13:50.181006   984  1089 W ASH     : @ 39159.855: touch gesture: no valid gesture detected
04-17 12:13:50.244828   984  1089 W ASH     : @ 39159.920: touch gesture: no valid gesture detected
04-17 12:13:50.308386   984  1089 W ASH     : @ 39159.984: touch gesture: no valid gesture detected
04-17 12:13:50.373705   984  1089 W ASH     : @ 39160.049: touch gesture: no valid gesture detected
04-17 12:13:50.438077   984  1089 W ASH     : @ 39160.113: touch gesture: no valid gesture detected
04-17 12:13:50.502533   984  1089 W ASH     : @ 39160.178: touch gesture: no valid gesture detected
04-17 12:13:50.567635   984  1089 W ASH     : @ 39160.242: touch gesture: no valid gesture detected
04-17 12:13:50.631835   984  1089 W ASH     : @ 39160.306: touch gesture: no valid gesture detected
