04-17 13:44:59.567922   950   950 V CamX    : [ VERB][UTILS  ] camxhashmap.cpp:210 GetInPlace() Key not found
04-17 13:44:59.567936   950   950 V CamX    : [ VERB][UTILS  ] camxhashmap.cpp:210 GetInPlace() Key not found
04-17 13:44:59.567951   950   950 V CamX    : [ VERB][UTILS  ] camxhashmap.cpp:210 GetInPlace() Key not found
04-17 13:44:59.567964   950   950 V CamX    : [ VERB][UTILS  ] camxhashmap.cpp:210 GetInPlace() Key not found
04-17 13:44:59.567976   950   950 V CamX    : [ VERB][UTILS  ] camxhashmap.cpp:210 GetInPlace() Key not found
04-17 13:44:59.567990   950   950 V CamX    : [ VERB][UTILS  ] camxhashmap.cpp:210 GetInPlace() Key not found
04-17 13:44:59.568004   950   950 V CamX    : [ VERB][UTILS  ] camxhashmap.cpp:210 GetInPlace() Key not found
04-17 13:44:59.568017   950   950 V CamX    : [ VERB][UTILS  ] camxhashmap.cpp:210 GetInPlace() Key not found
04-17 13:44:59.568031   950   950 V CamX    : [ VERB][UTILS  ] camxhashmap.cpp:210 GetInPlace() Key not found
04-17 13:44:59.568045   950   950 V CamX    : [ VERB][UTILS  ] camxhashmap.cpp:210 GetInPlace() Key not found
04-17 13:44:59.568058   950   950 V CamX    : [ VERB][UTILS  ] camxhashmap.cpp:210 GetInPlace() Key not found
04-17 13:44:59.568071   950   950 V CamX    : [ VERB][UTILS  ] camxhashmap.cpp:210 GetInPlace() Key not found
04-17 13:44:59.568084   950   950 V CamX    : [ VERB][UTILS  ] camxhashmap.cpp:210 GetInPlace() Key not found
04-17 13:44:59.568098   950   950 V CamX    : [ VERB][UTILS  ] camxhashmap.cpp:210 GetInPlace() Key not found
04-17 13:44:59.568111   950   950 V CamX    : [ VERB][UTILS  ] camxhashmap.cpp:210 GetInPlace() Key not found
04-17 13:44:59.568124   950   950 V CamX    : [ VERB][UTILS  ] camxhashmap.cpp:210 GetInPlace() Key not found
04-17 13:44:59.568137   950   950 V CamX    : [ VERB][UTILS  ] camxhashmap.cpp:210 GetInPlace() Key not found
04-17 13:44:59.568150   950   950 V CamX    : [ VERB][UTILS  ] camxhashmap.cpp:210 GetInPlace() Key not found
04-17 13:44:59.568164   950   950 V CamX    : [ VERB][UTILS  ] camxhashmap.cpp:210 GetInPlace() Key not found
04-17 13:44:59.568178   950   950 V CamX    : [ VERB][UTILS  ] camxhashmap.cpp:210 GetInPlace() Key not found
04-17 13:44:59.568191   950   950 V CamX    : [ VERB][UTILS  ] camxhashmap.cpp:210 GetInPlace() Key not found
04-17 13:44:59.568204   950   950 V CamX    : [ VERB][UTILS  ] camxhashmap.cpp:210 GetInPlace() Key not found
04-17 13:44:59.568217   950   950 V CamX    : [ VERB][UTILS  ] camxhashmap.cpp:210 GetInPlace() Key not found
04-17 13:44:59.568231   950   950 V CamX    : [ VERB][UTILS  ] camxhashmap.cpp:210 GetInPlace() Key not found
04-17 13:44:59.568244   950   950 V CamX    : [ VERB][UTILS  ] camxhashmap.cpp:210 GetInPlace() Key not found
04-17 13:44:59.568257   950   950 V CamX    : [ VERB][UTILS  ] camxhashmap.cpp:210 GetInPlace() Key not found
04-17 13:44:59.568320   950   950 V CamX    : [ VERB][UTILS  ] camxhashmap.cpp:210 GetInPlace() Key not found
04-17 13:44:59.568337   950   950 V CamX    : [ VERB][UTILS  ] camxhashmap.cpp:210 GetInPlace() Key not found
04-17 13:44:59.568351   950   950 V CamX    : [ VERB][UTILS  ] camxhashmap.cpp:210 GetInPlace() Key not found
04-17 13:44:59.568364   950   950 V CamX    : [ VERB][UTILS  ] camxhashmap.cpp:210 GetInPlace() Key not found
04-17 13:44:59.568377   950   950 V CamX    : [ VERB][UTILS  ] camxhashmap.cpp:210 GetInPlace() Key not found
04-17 13:44:59.568390   950   950 V CamX    : [ VERB][UTILS  ] camxhashmap.cpp:210 GetInPlace() Key not found
04-17 13:44:59.568403   950   950 V CamX    : [ VERB][UTILS  ] camxhashmap.cpp:210 GetInPlace() Key not found
04-17 13:44:59.568416   950   950 V CamX    : [ VERB][UTILS  ] camxhashmap.cpp:210 GetInPlace() Key not found
04-17 13:44:59.568429   950   950 V CamX    : [ VERB][UTILS  ] camxhashmap.cpp:210 GetInPlace() Key not found
04-17 13:44:59.568442   950   950 V CamX    : [ VERB][UTILS  ] camxhashmap.cpp:210 GetInPlace() Key not found
04-17 13:44:59.568455   950   950 V CamX    : [ VERB][UTILS  ] camxhashmap.cpp:210 GetInPlace() Key not found
04-17 13:44:59.568469   950   950 V CamX    : [ VERB][UTILS  ] camxhashmap.cpp:210 GetInPlace() Key not found
04-17 13:44:59.568482   950   950 V CamX    : [ VERB][UTILS  ] camxhashmap.cpp:210 GetInPlace() Key not found
04-17 13:44:59.568495   950   950 V CamX    : [ VERB][UTILS  ] camxhashmap.cpp:210 GetInPlace() Key not found
--------- switch to kernel
04-17 13:44:59.572518     0     0 I         : c3    565 logd: logdr: UID=1036 GID=1007 PID=1136 b tail=0 logMask=bf pid=0 start=1650174274361928000ns deadline=0ns
--------- switch to main
04-17 13:44:59.568508   950   950 V CamX    : [ VERB][UTILS  ] camxhashmap.cpp:210 GetInPlace() Key not found
04-17 13:44:59.568521   950   950 V CamX    : [ VERB][UTILS  ] camxhashmap.cpp:210 GetInPlace() Key not found
04-17 13:44:59.568534   950   950 V CamX    : [ VERB][UTILS  ] camxhashmap.cpp:210 GetInPlace() Key not found
04-17 13:44:59.568548   950   950 V CamX    : [ VERB][UTILS  ] camxhashmap.cpp:210 GetInPlace() Key not found
04-17 13:44:59.568562   950   950 V CamX    : [ VERB][UTILS  ] camxhashmap.cpp:210 GetInPlace() Key not found
04-17 13:44:59.568576   950   950 V CamX    : [ VERB][UTILS  ] camxhashmap.cpp:210 GetInPlace() Key not found
04-17 13:44:59.568589   950   950 V CamX    : [ VERB][UTILS  ] camxhashmap.cpp:210 GetInPlace() Key not found
04-17 13:44:59.568603   950   950 V CamX    : [ VERB][UTILS  ] camxhashmap.cpp:210 GetInPlace() Key not found
04-17 13:44:59.568616   950   950 V CamX    : [ VERB][UTILS  ] camxhashmap.cpp:210 GetInPlace() Key not found
04-17 13:44:59.568630   950   950 V CamX    : [ VERB][UTILS  ] camxhashmap.cpp:210 GetInPlace() Key not found
04-17 13:44:59.568643   950   950 V CamX    : [ VERB][UTILS  ] camxhashmap.cpp:210 GetInPlace() Key not found
04-17 13:44:59.568657   950   950 V CamX    : [ VERB][UTILS  ] camxhashmap.cpp:210 GetInPlace() Key not found
04-17 13:44:59.568671   950   950 V CamX    : [ VERB][UTILS  ] camxhashmap.cpp:210 GetInPlace() Key not found
04-17 13:44:59.568684   950   950 V CamX    : [ VERB][UTILS  ] camxhashmap.cpp:210 GetInPlace() Key not found
04-17 13:44:59.568698   950   950 V CamX    : [ VERB][UTILS  ] camxhashmap.cpp:210 GetInPlace() Key not found
04-17 13:44:59.568712   950   950 V CamX    : [ VERB][UTILS  ] camxhashmap.cpp:210 GetInPlace() Key not found
04-17 13:44:59.568725   950   950 V CamX    : [ VERB][UTILS  ] camxhashmap.cpp:210 GetInPlace() Key not found
04-17 13:44:59.568739   950   950 V CamX    : [ VERB][UTILS  ] camxhashmap.cpp:210 GetInPlace() Key not found
04-17 13:44:59.568752   950   950 V CamX    : [ VERB][UTILS  ] camxhashmap.cpp:210 GetInPlace() Key not found
04-17 13:44:59.568766   950   950 V CamX    : [ VERB][UTILS  ] camxhashmap.cpp:210 GetInPlace() Key not found
04-17 13:44:59.568779   950   950 V CamX    : [ VERB][UTILS  ] camxhashmap.cpp:210 GetInPlace() Key not found
04-17 13:44:59.568792   950   950 V CamX    : [ VERB][UTILS  ] camxhashmap.cpp:210 GetInPlace() Key not found
04-17 13:44:59.568806   950   950 V CamX    : [ VERB][UTILS  ] camxhashmap.cpp:210 GetInPlace() Key not found
04-17 13:44:59.568819   950   950 V CamX    : [ VERB][UTILS  ] camxhashmap.cpp:210 GetInPlace() Key not found
04-17 13:44:59.568833   950   950 V CamX    : [ VERB][UTILS  ] camxhashmap.cpp:210 GetInPlace() Key not found
04-17 13:44:59.568848   950   950 V CamX    : [ VERB][UTILS  ] camxhashmap.cpp:210 GetInPlace() Key not found
04-17 13:44:59.568861   950   950 V CamX    : [ VERB][UTILS  ] camxhashmap.cpp:210 GetInPlace() Key not found
04-17 13:44:59.568874   950   950 V CamX    : [ VERB][UTILS  ] camxhashmap.cpp:210 GetInPlace() Key not found
--------- switch to kernel
04-17 13:44:59.585778     0     0 I         : c5      1 init: Service 'exec 24 (/vendor/bin/modprobe -d /vendor/lib/modules rmnet_perf rmnet_perf_ingress_deag=N)' (pid 1166) exited with status 1 waiting took 0.026000 seconds
04-17 13:44:59.585829     0     0 I         : c5      1 init: Sending signal 9 to service 'exec 24 (/vendor/bin/modprobe -d /vendor/lib/modules rmnet_perf rmnet_perf_ingress_deag=N)' (pid 1166) process group...
--------- switch to main
04-17 13:44:59.568888   950   950 V CamX    : [ VERB][UTILS  ] camxhashmap.cpp:210 GetInPlace() Key not found
04-17 13:44:59.568901   950   950 V CamX    : [ VERB][UTILS  ] camxhashmap.cpp:210 GetInPlace() Key not found
--------- switch to kernel
04-17 13:44:59.586065     0     0 I         : c5      1 libprocessgroup: Successfully killed process cgroup uid 0 pid 1166 in 0ms
04-17 13:44:59.586938     0     0 I         : c1      1 init: starting service 'exec 25 (/vendor/bin/modprobe -d /vendor/lib/modules/5.4-gki rmnet_perf rmnet_perf_ingress_deag=N)'...
--------- switch to main
04-17 13:44:59.568915   950   950 V CamX    : [ VERB][UTILS  ] camxhashmap.cpp:210 GetInPlace() Key not found
04-17 13:44:59.568929   950   950 V CamX    : [ VERB][UTILS  ] camxhashmap.cpp:210 GetInPlace() Key not found
04-17 13:44:59.568954   950   950 V CamX    : [ VERB][UTILS  ] camxhashmap.cpp:210 GetInPlace() Key not found
04-17 13:44:59.568968   950   950 V CamX    : [ VERB][UTILS  ] camxhashmap.cpp:210 GetInPlace() Key not found
04-17 13:44:59.568982   950   950 V CamX    : [ VERB][UTILS  ] camxhashmap.cpp:210 GetInPlace() Key not found
04-17 13:44:59.568996   950   950 V CamX    : [ VERB][UTILS  ] camxhashmap.cpp:210 GetInPlace() Key not found
04-17 13:44:59.569009   950   950 V CamX    : [ VERB][UTILS  ] camxhashmap.cpp:210 GetInPlace() Key not found
04-17 13:44:59.569023   950   950 V CamX    : [ VERB][UTILS  ] camxhashmap.cpp:210 GetInPlace() Key not found
04-17 13:44:59.569038   950   950 V CamX    : [ VERB][UTILS  ] camxhashmap.cpp:210 GetInPlace() Key not found
04-17 13:44:59.569051   950   950 V CamX    : [ VERB][UTILS  ] camxhashmap.cpp:210 GetInPlace() Key not found
04-17 13:44:59.569065   950   950 V CamX    : [ VERB][UTILS  ] camxhashmap.cpp:210 GetInPlace() Key not found
04-17 13:44:59.569078   950   950 V CamX    : [ VERB][UTILS  ] camxhashmap.cpp:210 GetInPlace() Key not found
04-17 13:44:59.569092   950   950 V CamX    : [ VERB][UTILS  ] camxhashmap.cpp:210 GetInPlace() Key not found
04-17 13:44:59.569105   950   950 V CamX    : [ VERB][UTILS  ] camxhashmap.cpp:210 GetInPlace() Key not found
04-17 13:44:59.569117   950   950 V CamX    : [ VERB][UTILS  ] camxhashmap.cpp:210 GetInPlace() Key not found
04-17 13:44:59.569130   950   950 V CamX    : [ VERB][UTILS  ] camxhashmap.cpp:210 GetInPlace() Key not found
04-17 13:44:59.569143   950   950 V CamX    : [ VERB][UTILS  ] camxhashmap.cpp:210 GetInPlace() Key not found
04-17 13:44:59.569156   950   950 V CamX    : [ VERB][UTILS  ] camxhashmap.cpp:210 GetInPlace() Key not found
04-17 13:44:59.569169   950   950 V CamX    : [ VERB][UTILS  ] camxhashmap.cpp:210 GetInPlace() Key not found
04-17 13:44:59.569183   950   950 V CamX    : [ VERB][UTILS  ] camxhashmap.cpp:210 GetInPlace() Key not found
04-17 13:44:59.569197   950   950 V CamX    : [ VERB][UTILS  ] camxhashmap.cpp:210 GetInPlace() Key not found
04-17 13:44:59.569211   950   950 V CamX    : [ VERB][UTILS  ] camxhashmap.cpp:210 GetInPlace() Key not found
04-17 13:44:59.569224   950   950 V CamX    : [ VERB][UTILS  ] camxhashmap.cpp:210 GetInPlace() Key not found
04-17 13:44:59.569238   950   950 V CamX    : [ VERB][UTILS  ] camxhashmap.cpp:210 GetInPlace() Key not found
04-17 13:44:59.569251   950   950 V CamX    : [ VERB][UTILS  ] camxhashmap.cpp:210 GetInPlace() Key not found
04-17 13:44:59.569265   950   950 V CamX    : [ VERB][UTILS  ] camxhashmap.cpp:210 GetInPlace() Key not found
04-17 13:44:59.569277   950   950 V CamX    : [ VERB][UTILS  ] camxhashmap.cpp:210 GetInPlace() Key not found
04-17 13:44:59.569291   950   950 V CamX    : [ VERB][UTILS  ] camxhashmap.cpp:210 GetInPlace() Key not found
04-17 13:44:59.569306   950   950 V CamX    : [ VERB][UTILS  ] camxhashmap.cpp:210 GetInPlace() Key not found
04-17 13:44:59.569319   950   950 V CamX    : [ VERB][UTILS  ] camxhashmap.cpp:210 GetInPlace() Key not found
04-17 13:44:59.569333   950   950 V CamX    : [ VERB][UTILS  ] camxhashmap.cpp:210 GetInPlace() Key not found
04-17 13:44:59.569346   950   950 V CamX    : [ VERB][UTILS  ] camxhashmap.cpp:210 GetInPlace() Key not found
04-17 13:44:59.569359   950   950 V CamX    : [ VERB][UTILS  ] camxhashmap.cpp:210 GetInPlace() Key not found
04-17 13:44:59.569372   950   950 V CamX    : [ VERB][UTILS  ] camxhashmap.cpp:210 GetInPlace() Key not found
04-17 13:44:59.569391   950   950 V CamX    : [ VERB][UTILS  ] camxhashmap.cpp:210 GetInPlace() Key not found
04-17 13:44:59.569405   950   950 V CamX    : [ VERB][UTILS  ] camxhashmap.cpp:210 GetInPlace() Key not found
04-17 13:44:59.569418   950   950 V CamX    : [ VERB][UTILS  ] camxhashmap.cpp:210 GetInPlace() Key not found
04-17 13:44:59.569431   950   950 V CamX    : [ VERB][UTILS  ] camxhashmap.cpp:210 GetInPlace() Key not found
04-17 13:44:59.569444   950   950 V CamX    : [ VERB][UTILS  ] camxhashmap.cpp:210 GetInPlace() Key not found
04-17 13:44:59.569458   950   950 V CamX    : [ VERB][UTILS  ] camxhashmap.cpp:210 GetInPlace() Key not found
04-17 13:44:59.569471   950   950 V CamX    : [ VERB][UTILS  ] camxhashmap.cpp:210 GetInPlace() Key not found
04-17 13:44:59.569485   950   950 V CamX    : [ VERB][UTILS  ] camxhashmap.cpp:210 GetInPlace() Key not found
04-17 13:44:59.569500   950   950 V CamX    : [ VERB][UTILS  ] camxhashmap.cpp:210 GetInPlace() Key not found
04-17 13:44:59.569515   950   950 V CamX    : [ VERB][UTILS  ] camxhashmap.cpp:210 GetInPlace() Key not found
04-17 13:44:59.569539   950   950 V CamX    : [ VERB][UTILS  ] camxhashmap.cpp:210 GetInPlace() Key not found
04-17 13:44:59.569558   950   950 V CamX    : [ VERB][UTILS  ] camxhashmap.cpp:210 GetInPlace() Key not found
04-17 13:44:59.569572   950   950 V CamX    : [ VERB][UTILS  ] camxhashmap.cpp:210 GetInPlace() Key not found
04-17 13:44:59.569586   950   950 V CamX    : [ VERB][UTILS  ] camxhashmap.cpp:210 GetInPlace() Key not found
04-17 13:44:59.569599   950   950 V CamX    : [ VERB][UTILS  ] camxhashmap.cpp:210 GetInPlace() Key not found
04-17 13:44:59.569612   950   950 V CamX    : [ VERB][UTILS  ] camxhashmap.cpp:210 GetInPlace() Key not found
04-17 13:44:59.569626   950   950 V CamX    : [ VERB][UTILS  ] camxhashmap.cpp:210 GetInPlace() Key not found
04-17 13:44:59.569751   950   950 V CamX    : [ VERB][UTILS  ] camxhashmap.cpp:210 GetInPlace() Key not found
04-17 13:44:59.569791   950   950 V CamX    : [ VERB][UTILS  ] camxhashmap.cpp:210 GetInPlace() Key not found
04-17 13:44:59.569828   950   950 V CamX    : [ VERB][UTILS  ] camxhashmap.cpp:210 GetInPlace() Key not found
04-17 13:44:59.569866   950   950 V CamX    : [ VERB][UTILS  ] camxhashmap.cpp:210 GetInPlace() Key not found
04-17 13:44:59.569902   950   950 V CamX    : [ VERB][UTILS  ] camxhashmap.cpp:210 GetInPlace() Key not found
04-17 13:44:59.569939   950   950 V CamX    : [ VERB][UTILS  ] camxhashmap.cpp:210 GetInPlace() Key not found
04-17 13:44:59.569978   950   950 V CamX    : [ VERB][UTILS  ] camxhashmap.cpp:210 GetInPlace() Key not found
04-17 13:44:59.570019   950   950 V CamX    : [ VERB][UTILS  ] camxhashmap.cpp:210 GetInPlace() Key not found
04-17 13:44:59.570036   950   950 V CamX    : [ VERB][UTILS  ] camxhashmap.cpp:204 GetInPlace() Key not found
04-17 13:44:59.570051   950   950 V CamX    : [ VERB][UTILS  ] camxhashmap.cpp:210 GetInPlace() Key not found
04-17 13:44:59.570066   950   950 V CamX    : [ VERB][UTILS  ] camxhashmap.cpp:210 GetInPlace() Key not found
04-17 13:44:59.570087   950   950 V CamX    : [ VERB][UTILS  ] camxhashmap.cpp:210 GetInPlace() Key not found
04-17 13:44:59.570102   950   950 V CamX    : [ VERB][UTILS  ] camxhashmap.cpp:210 GetInPlace() Key not found
04-17 13:44:59.570116   950   950 V CamX    : [ VERB][UTILS  ] camxhashmap.cpp:210 GetInPlace() Key not found
04-17 13:44:59.570312   950   950 V CamX    : [ VERB][UTILS  ] camxhashmap.cpp:210 GetInPlace() Key not found
04-17 13:44:59.570335   950   950 V CamX    : [ VERB][UTILS  ] camxhashmap.cpp:210 GetInPlace() Key not found
04-17 13:44:59.570360   950   950 V CamX    : [ VERB][UTILS  ] camxhashmap.cpp:210 GetInPlace() Key not found
04-17 13:44:59.570374   950   950 V CamX    : [ VERB][UTILS  ] camxhashmap.cpp:210 GetInPlace() Key not found
04-17 13:44:59.570388   950   950 V CamX    : [ VERB][UTILS  ] camxhashmap.cpp:210 GetInPlace() Key not found
04-17 13:44:59.570402   950   950 V CamX    : [ VERB][UTILS  ] camxhashmap.cpp:210 GetInPlace() Key not found
04-17 13:44:59.570416   950   950 V CamX    : [ VERB][UTILS  ] camxhashmap.cpp:210 GetInPlace() Key not found
04-17 13:44:59.570431   950   950 V CamX    : [ VERB][UTILS  ] camxhashmap.cpp:210 GetInPlace() Key not found
04-17 13:44:59.570445   950   950 V CamX    : [ VERB][UTILS  ] camxhashmap.cpp:210 GetInPlace() Key not found
04-17 13:44:59.570459   950   950 V CamX    : [ VERB][UTILS  ] camxhashmap.cpp:210 GetInPlace() Key not found
04-17 13:44:59.570473   950   950 V CamX    : [ VERB][UTILS  ] camxhashmap.cpp:210 GetInPlace() Key not found
04-17 13:44:59.570488   950   950 V CamX    : [ VERB][UTILS  ] camxhashmap.cpp:210 GetInPlace() Key not found
04-17 13:44:59.570503   950   950 V CamX    : [ VERB][UTILS  ] camxhashmap.cpp:210 GetInPlace() Key not found
04-17 13:44:59.570516   950   950 V CamX    : [ VERB][UTILS  ] camxhashmap.cpp:210 GetInPlace() Key not found
04-17 13:44:59.570530   950   950 V CamX    : [ VERB][UTILS  ] camxhashmap.cpp:210 GetInPlace() Key not found
04-17 13:44:59.570543   950   950 V CamX    : [ VERB][UTILS  ] camxhashmap.cpp:210 GetInPlace() Key not found
04-17 13:44:59.570558   950   950 V CamX    : [ VERB][UTILS  ] camxhashmap.cpp:210 GetInPlace() Key not found
04-17 13:44:59.570576   950   950 V CamX    : [ VERB][UTILS  ] camxhashmap.cpp:210 GetInPlace() Key not found
04-17 13:44:59.570591   950   950 V CamX    : [ VERB][UTILS  ] camxhashmap.cpp:210 GetInPlace() Key not found
04-17 13:44:59.570604   950   950 V CamX    : [ VERB][UTILS  ] camxhashmap.cpp:210 GetInPlace() Key not found
04-17 13:44:59.570618   950   950 V CamX    : [ VERB][UTILS  ] camxhashmap.cpp:210 GetInPlace() Key not found
04-17 13:44:59.570631   950   950 V CamX    : [ VERB][UTILS  ] camxhashmap.cpp:210 GetInPlace() Key not found
04-17 13:44:59.570645   950   950 V CamX    : [ VERB][UTILS  ] camxhashmap.cpp:210 GetInPlace() Key not found
04-17 13:44:59.570658   950   950 V CamX    : [ VERB][UTILS  ] camxhashmap.cpp:210 GetInPlace() Key not found
04-17 13:44:59.570671   950   950 V CamX    : [ VERB][UTILS  ] camxhashmap.cpp:210 GetInPlace() Key not found
04-17 13:44:59.570684   950   950 V CamX    : [ VERB][UTILS  ] camxhashmap.cpp:210 GetInPlace() Key not found
04-17 13:44:59.570697   950   950 V CamX    : [ VERB][UTILS  ] camxhashmap.cpp:210 GetInPlace() Key not found
04-17 13:44:59.570713   950   950 V CamX    : [ VERB][UTILS  ] camxhashmap.cpp:210 GetInPlace() Key not found
04-17 13:44:59.570726   950   950 V CamX    : [ VERB][UTILS  ] camxhashmap.cpp:210 GetInPlace() Key not found
04-17 13:44:59.570741   950   950 V CamX    : [ VERB][UTILS  ] camxhashmap.cpp:210 GetInPlace() Key not found
04-17 13:44:59.570756   950   950 V CamX    : [ VERB][UTILS  ] camxhashmap.cpp:210 GetInPlace() Key not found
04-17 13:44:59.570769   950   950 V CamX    : [ VERB][UTILS  ] camxhashmap.cpp:210 GetInPlace() Key not found
04-17 13:44:59.570784   950   950 V CamX    : [ VERB][UTILS  ] camxhashmap.cpp:210 GetInPlace() Key not found
04-17 13:44:59.570815   950   950 V CamX    : [ VERB][UTILS  ] camxhashmap.cpp:210 GetInPlace() Key not found
04-17 13:44:59.570838   950   950 V CamX    : [ VERB][UTILS  ] camxhashmap.cpp:210 GetInPlace() Key not found
04-17 13:44:59.570852   950   950 V CamX    : [ VERB][UTILS  ] camxhashmap.cpp:210 GetInPlace() Key not found
04-17 13:44:59.570866   950   950 V CamX    : [ VERB][UTILS  ] camxhashmap.cpp:210 GetInPlace() Key not found
04-17 13:44:59.570880   950   950 V CamX    : [ VERB][UTILS  ] camxhashmap.cpp:210 GetInPlace() Key not found
04-17 13:44:59.570894   950   950 V CamX    : [ VERB][UTILS  ] camxhashmap.cpp:210 GetInPlace() Key not found
04-17 13:44:59.570907   950   950 V CamX    : [ VERB][UTILS  ] camxhashmap.cpp:210 GetInPlace() Key not found
04-17 13:44:59.570922   950   950 V CamX    : [ VERB][UTILS  ] camxhashmap.cpp:210 GetInPlace() Key not found
04-17 13:44:59.570935   950   950 V CamX    : [ VERB][UTILS  ] camxhashmap.cpp:210 GetInPlace() Key not found
04-17 13:44:59.570950   950   950 V CamX    : [ VERB][UTILS  ] camxhashmap.cpp:210 GetInPlace() Key not found
04-17 13:44:59.570963   950   950 V CamX    : [ VERB][UTILS  ] camxhashmap.cpp:210 GetInPlace() Key not found
04-17 13:44:59.570976   950   950 V CamX    : [ VERB][UTILS  ] camxhashmap.cpp:210 GetInPlace() Key not found
04-17 13:44:59.570991   950   950 V CamX    : [ VERB][UTILS  ] camxhashmap.cpp:210 GetInPlace() Key not found
04-17 13:44:59.571005   950   950 V CamX    : [ VERB][UTILS  ] camxhashmap.cpp:210 GetInPlace() Key not found
04-17 13:44:59.571019   950   950 V CamX    : [ VERB][UTILS  ] camxhashmap.cpp:210 GetInPlace() Key not found
04-17 13:44:59.571033   950   950 V CamX    : [ VERB][UTILS  ] camxhashmap.cpp:210 GetInPlace() Key not found
04-17 13:44:59.571055   950   950 V CamX    : [ VERB][UTILS  ] camxhashmap.cpp:210 GetInPlace() Key not found
04-17 13:44:59.571069   950   950 V CamX    : [ VERB][UTILS  ] camxhashmap.cpp:210 GetInPlace() Key not found
04-17 13:44:59.571082   950   950 V CamX    : [ VERB][UTILS  ] camxhashmap.cpp:210 GetInPlace() Key not found
04-17 13:44:59.571096   950   950 V CamX    : [ VERB][UTILS  ] camxhashmap.cpp:210 GetInPlace() Key not found
04-17 13:44:59.571110   950   950 V CamX    : [ VERB][UTILS  ] camxhashmap.cpp:210 GetInPlace() Key not found
04-17 13:44:59.571124   950   950 V CamX    : [ VERB][UTILS  ] camxhashmap.cpp:210 GetInPlace() Key not found
04-17 13:44:59.571137   950   950 V CamX    : [ VERB][UTILS  ] camxhashmap.cpp:210 GetInPlace() Key not found
04-17 13:44:59.571151   950   950 V CamX    : [ VERB][UTILS  ] camxhashmap.cpp:210 GetInPlace() Key not found
04-17 13:44:59.571163   950   950 V CamX    : [ VERB][UTILS  ] camxhashmap.cpp:210 GetInPlace() Key not found
04-17 13:44:59.571177   950   950 V CamX    : [ VERB][UTILS  ] camxhashmap.cpp:210 GetInPlace() Key not found
04-17 13:44:59.571190   950   950 V CamX    : [ VERB][UTILS  ] camxhashmap.cpp:210 GetInPlace() Key not found
04-17 13:44:59.571203   950   950 V CamX    : [ VERB][UTILS  ] camxhashmap.cpp:210 GetInPlace() Key not found
04-17 13:44:59.571217   950   950 V CamX    : [ VERB][UTILS  ] camxhashmap.cpp:210 GetInPlace() Key not found
04-17 13:44:59.571230   950   950 V CamX    : [ VERB][UTILS  ] camxhashmap.cpp:210 GetInPlace() Key not found
04-17 13:44:59.571243   950   950 V CamX    : [ VERB][UTILS  ] camxhashmap.cpp:210 GetInPlace() Key not found
04-17 13:44:59.571256   950   950 V CamX    : [ VERB][UTILS  ] camxhashmap.cpp:210 GetInPlace() Key not found
04-17 13:44:59.571269   950   950 V CamX    : [ VERB][UTILS  ] camxhashmap.cpp:210 GetInPlace() Key not found
04-17 13:44:59.571289   950   950 V CamX    : [ VERB][UTILS  ] camxhashmap.cpp:210 GetInPlace() Key not found
04-17 13:44:59.571304   950   950 V CamX    : [ VERB][UTILS  ] camxhashmap.cpp:210 GetInPlace() Key not found
04-17 13:44:59.571317   950   950 V CamX    : [ VERB][UTILS  ] camxhashmap.cpp:210 GetInPlace() Key not found
04-17 13:44:59.571330   950   950 V CamX    : [ VERB][UTILS  ] camxhashmap.cpp:210 GetInPlace() Key not found
04-17 13:44:59.571343   950   950 V CamX    : [ VERB][UTILS  ] camxhashmap.cpp:210 GetInPlace() Key not found
04-17 13:44:59.571356   950   950 V CamX    : [ VERB][UTILS  ] camxhashmap.cpp:210 GetInPlace() Key not found
04-17 13:44:59.571369   950   950 V CamX    : [ VERB][UTILS  ] camxhashmap.cpp:210 GetInPlace() Key not found
04-17 13:44:59.571382   950   950 V CamX    : [ VERB][UTILS  ] camxhashmap.cpp:210 GetInPlace() Key not found
04-17 13:44:59.571395   950   950 V CamX    : [ VERB][UTILS  ] camxhashmap.cpp:210 GetInPlace() Key not found
04-17 13:44:59.571407   950   950 V CamX    : [ VERB][UTILS  ] camxhashmap.cpp:210 GetInPlace() Key not found
04-17 13:44:59.571420   950   950 V CamX    : [ VERB][UTILS  ] camxhashmap.cpp:210 GetInPlace() Key not found
04-17 13:44:59.571433   950   950 V CamX    : [ VERB][UTILS  ] camxhashmap.cpp:210 GetInPlace() Key not found
04-17 13:44:59.571446   950   950 V CamX    : [ VERB][UTILS  ] camxhashmap.cpp:210 GetInPlace() Key not found
04-17 13:44:59.571459   950   950 V CamX    : [ VERB][UTILS  ] camxhashmap.cpp:210 GetInPlace() Key not found
04-17 13:44:59.571472   950   950 V CamX    : [ VERB][UTILS  ] camxhashmap.cpp:210 GetInPlace() Key not found
04-17 13:44:59.571490   950   950 V CamX    : [ VERB][UTILS  ] camxhashmap.cpp:210 GetInPlace() Key not found
04-17 13:44:59.571503   950   950 V CamX    : [ VERB][UTILS  ] camxhashmap.cpp:210 GetInPlace() Key not found
04-17 13:44:59.571516   950   950 V CamX    : [ VERB][UTILS  ] camxhashmap.cpp:210 GetInPlace() Key not found
04-17 13:44:59.571529   950   950 V CamX    : [ VERB][UTILS  ] camxhashmap.cpp:210 GetInPlace() Key not found
04-17 13:44:59.571543   950   950 V CamX    : [ VERB][UTILS  ] camxhashmap.cpp:210 GetInPlace() Key not found
04-17 13:44:59.571555   950   950 V CamX    : [ VERB][UTILS  ] camxhashmap.cpp:210 GetInPlace() Key not found
04-17 13:44:59.571568   950   950 V CamX    : [ VERB][UTILS  ] camxhashmap.cpp:210 GetInPlace() Key not found
04-17 13:44:59.571581   950   950 V CamX    : [ VERB][UTILS  ] camxhashmap.cpp:210 GetInPlace() Key not found
04-17 13:44:59.571593   950   950 V CamX    : [ VERB][UTILS  ] camxhashmap.cpp:210 GetInPlace() Key not found
04-17 13:44:59.571672   950   950 V CamX    : [ VERB][UTILS  ] camxhashmap.cpp:210 GetInPlace() Key not found
04-17 13:44:59.571689   950   950 V CamX    : [ VERB][UTILS  ] camxhashmap.cpp:210 GetInPlace() Key not found
04-17 13:44:59.571702   950   950 V CamX    : [ VERB][UTILS  ] camxhashmap.cpp:210 GetInPlace() Key not found
04-17 13:44:59.574724  1128  1128 D Diag_Lib: diag: New real_time: 1
04-17 13:44:59.574833  1128  1128 D Diag_Lib: diag: buf_mode mismatch
04-17 13:44:59.574877  1128  1128 D Diag_Lib: diag:kernel supported: NUM_PERIPHERALS = 7, DIAG_CON_ALL: 255
04-17 13:44:59.574899  1128  1128 D Diag_Lib: diag_mdlog: Supported peripheral id mask: 16388 for Buffering mode configuration
--------- switch to events
04-17 13:44:59.573685   950   950 I liblog  : 108
--------- switch to main
04-17 13:44:59.573685   950   950 V CamX    : [ VERB][UTILS  ] camxhashmap.cpp:210 GetInPlace() Key not found
04-17 13:44:59.575044   950   950 V CamX    : [ VERB][UTILS  ] camxhashmap.cpp:210 GetInPlace() Key not found
04-17 13:44:59.575060   950   950 V CamX    : [ VERB][UTILS  ] camxhashmap.cpp:210 GetInPlace() Key not found
04-17 13:44:59.575078   950   950 V CamX    : [ VERB][UTILS  ] camxhashmap.cpp:210 GetInPlace() Key not found
04-17 13:44:59.575093   950   950 V CamX    : [ VERB][UTILS  ] camxhashmap.cpp:210 GetInPlace() Key not found
04-17 13:44:59.575108   950   950 V CamX    : [ VERB][UTILS  ] camxhashmap.cpp:210 GetInPlace() Key not found
04-17 13:44:59.575122   950   950 V CamX    : [ VERB][UTILS  ] camxhashmap.cpp:210 GetInPlace() Key not found
04-17 13:44:59.575136   950   950 V CamX    : [ VERB][UTILS  ] camxhashmap.cpp:210 GetInPlace() Key not found
04-17 13:44:59.575151   950   950 V CamX    : [ VERB][UTILS  ] camxhashmap.cpp:210 GetInPlace() Key not found
04-17 13:44:59.575167   950   950 V CamX    : [ VERB][UTILS  ] camxhashmap.cpp:210 GetInPlace() Key not found
04-17 13:44:59.575182   950   950 V CamX    : [ VERB][UTILS  ] camxhashmap.cpp:210 GetInPlace() Key not found
04-17 13:44:59.575196   950   950 V CamX    : [ VERB][UTILS  ] camxhashmap.cpp:210 GetInPlace() Key not found
04-17 13:44:59.575210   950   950 V CamX    : [ VERB][UTILS  ] camxhashmap.cpp:210 GetInPlace() Key not found
04-17 13:44:59.575224   950   950 V CamX    : [ VERB][UTILS  ] camxhashmap.cpp:210 GetInPlace() Key not found
04-17 13:44:59.575237   950   950 V CamX    : [ VERB][UTILS  ] camxhashmap.cpp:210 GetInPlace() Key not found
04-17 13:44:59.575250   950   950 V CamX    : [ VERB][UTILS  ] camxhashmap.cpp:210 GetInPlace() Key not found
04-17 13:44:59.575264   950   950 V CamX    : [ VERB][UTILS  ] camxhashmap.cpp:210 GetInPlace() Key not found
04-17 13:44:59.575277   950   950 V CamX    : [ VERB][UTILS  ] camxhashmap.cpp:210 GetInPlace() Key not found
04-17 13:44:59.575291   950   950 V CamX    : [ VERB][UTILS  ] camxhashmap.cpp:210 GetInPlace() Key not found
04-17 13:44:59.575304   950   950 V CamX    : [ VERB][UTILS  ] camxhashmap.cpp:210 GetInPlace() Key not found
04-17 13:44:59.575318   950   950 V CamX    : [ VERB][UTILS  ] camxhashmap.cpp:210 GetInPlace() Key not found
04-17 13:44:59.575331   950   950 V CamX    : [ VERB][UTILS  ] camxhashmap.cpp:210 GetInPlace() Key not found
04-17 13:44:59.575344   950   950 V CamX    : [ VERB][UTILS  ] camxhashmap.cpp:210 GetInPlace() Key not found
04-17 13:44:59.575358   950   950 V CamX    : [ VERB][UTILS  ] camxhashmap.cpp:210 GetInPlace() Key not found
04-17 13:44:59.575372   950   950 V CamX    : [ VERB][UTILS  ] camxhashmap.cpp:210 GetInPlace() Key not found
04-17 13:44:59.575385   950   950 V CamX    : [ VERB][UTILS  ] camxhashmap.cpp:210 GetInPlace() Key not found
04-17 13:44:59.575399   950   950 V CamX    : [ VERB][UTILS  ] camxhashmap.cpp:210 GetInPlace() Key not found
04-17 13:44:59.575412   950   950 V CamX    : [ VERB][UTILS  ] camxhashmap.cpp:210 GetInPlace() Key not found
04-17 13:44:59.575425   950   950 V CamX    : [ VERB][UTILS  ] camxhashmap.cpp:210 GetInPlace() Key not found
04-17 13:44:59.575438   950   950 V CamX    : [ VERB][UTILS  ] camxhashmap.cpp:210 GetInPlace() Key not found
04-17 13:44:59.575451   950   950 V CamX    : [ VERB][UTILS  ] camxhashmap.cpp:210 GetInPlace() Key not found
04-17 13:44:59.575463   950   950 V CamX    : [ VERB][UTILS  ] camxhashmap.cpp:210 GetInPlace() Key not found
04-17 13:44:59.575476   950   950 V CamX    : [ VERB][UTILS  ] camxhashmap.cpp:210 GetInPlace() Key not found
04-17 13:44:59.575489   950   950 V CamX    : [ VERB][UTILS  ] camxhashmap.cpp:210 GetInPlace() Key not found
04-17 13:44:59.575502   950   950 V CamX    : [ VERB][UTILS  ] camxhashmap.cpp:210 GetInPlace() Key not found
04-17 13:44:59.575515   950   950 V CamX    : [ VERB][UTILS  ] camxhashmap.cpp:210 GetInPlace() Key not found
04-17 13:44:59.575529   950   950 V CamX    : [ VERB][UTILS  ] camxhashmap.cpp:210 GetInPlace() Key not found
04-17 13:44:59.575542   950   950 V CamX    : [ VERB][UTILS  ] camxhashmap.cpp:210 GetInPlace() Key not found
04-17 13:44:59.575556   950   950 V CamX    : [ VERB][UTILS  ] camxhashmap.cpp:210 GetInPlace() Key not found
04-17 13:44:59.575569   950   950 V CamX    : [ VERB][UTILS  ] camxhashmap.cpp:210 GetInPlace() Key not found
04-17 13:44:59.575584   950   950 V CamX    : [ VERB][UTILS  ] camxhashmap.cpp:210 GetInPlace() Key not found
04-17 13:44:59.575597   950   950 V CamX    : [ VERB][UTILS  ] camxhashmap.cpp:210 GetInPlace() Key not found
04-17 13:44:59.575611   950   950 V CamX    : [ VERB][UTILS  ] camxhashmap.cpp:210 GetInPlace() Key not found
04-17 13:44:59.575627   950   950 V CamX    : [ VERB][UTILS  ] camxhashmap.cpp:210 GetInPlace() Key not found
04-17 13:44:59.575642   950   950 V CamX    : [ VERB][UTILS  ] camxhashmap.cpp:210 GetInPlace() Key not found
04-17 13:44:59.575655   950   950 V CamX    : [ VERB][UTILS  ] camxhashmap.cpp:210 GetInPlace() Key not found
04-17 13:44:59.575648  1128  1128 D Diag_Lib:  logging switched 
04-17 13:44:59.575669   950   950 V CamX    : [ VERB][UTILS  ] camxhashmap.cpp:210 GetInPlace() Key not found
04-17 13:44:59.575682   950   950 V CamX    : [ VERB][UTILS  ] camxhashmap.cpp:210 GetInPlace() Key not found
04-17 13:44:59.575696   950   950 V CamX    : [ VERB][UTILS  ] camxhashmap.cpp:210 GetInPlace() Key not found
04-17 13:44:59.575697  1128  1128 D Diag_Lib: Output dirs /data/vendor/radio/diag_logs/logs --- /data/vendor/radio/diag_logs/logs
04-17 13:44:59.575709   950   950 V CamX    : [ VERB][UTILS  ] camxhashmap.cpp:210 GetInPlace() Key not found
04-17 13:44:59.575722   950   950 V CamX    : [ VERB][UTILS  ] camxhashmap.cpp:210 GetInPlace() Key not found
04-17 13:44:59.575736   950   950 V CamX    : [ VERB][UTILS  ] camxhashmap.cpp:210 GetInPlace() Key not found
04-17 13:44:59.575751   950   950 V CamX    : [ VERB][UTILS  ] camxhashmap.cpp:210 GetInPlace() Key not found
04-17 13:44:59.575764   950   950 V CamX    : [ VERB][UTILS  ] camxhashmap.cpp:210 GetInPlace() Key not found
04-17 13:44:59.575777   950   950 V CamX    : [ VERB][UTILS  ] camxhashmap.cpp:210 GetInPlace() Key not found
04-17 13:44:59.575789   950   950 V CamX    : [ VERB][UTILS  ] camxhashmap.cpp:210 GetInPlace() Key not found
04-17 13:44:59.575802   950   950 V CamX    : [ VERB][UTILS  ] camxhashmap.cpp:210 GetInPlace() Key not found
04-17 13:44:59.575815   950   950 V CamX    : [ VERB][UTILS  ] camxhashmap.cpp:210 GetInPlace() Key not found
04-17 13:44:59.575828   950   950 V CamX    : [ VERB][UTILS  ] camxhashmap.cpp:210 GetInPlace() Key not found
04-17 13:44:59.575841   950   950 V CamX    : [ VERB][UTILS  ] camxhashmap.cpp:210 GetInPlace() Key not found
04-17 13:44:59.575854   950   950 V CamX    : [ VERB][UTILS  ] camxhashmap.cpp:210 GetInPlace() Key not found
04-17 13:44:59.575866   950   950 V CamX    : [ VERB][UTILS  ] camxhashmap.cpp:210 GetInPlace() Key not found
04-17 13:44:59.575879   950   950 V CamX    : [ VERB][UTILS  ] camxhashmap.cpp:210 GetInPlace() Key not found
04-17 13:44:59.575892   950   950 V CamX    : [ VERB][UTILS  ] camxhashmap.cpp:210 GetInPlace() Key not found
04-17 13:44:59.575904   950   950 V CamX    : [ VERB][UTILS  ] camxhashmap.cpp:210 GetInPlace() Key not found
04-17 13:44:59.575917   950   950 V CamX    : [ VERB][UTILS  ] camxhashmap.cpp:210 GetInPlace() Key not found
04-17 13:44:59.575930   950   950 V CamX    : [ VERB][UTILS  ] camxhashmap.cpp:210 GetInPlace() Key not found
04-17 13:44:59.575942   950   950 V CamX    : [ VERB][UTILS  ] camxhashmap.cpp:210 GetInPlace() Key not found
04-17 13:44:59.575955   950   950 V CamX    : [ VERB][UTILS  ] camxhashmap.cpp:210 GetInPlace() Key not found
04-17 13:44:59.575967   950   950 V CamX    : [ VERB][UTILS  ] camxhashmap.cpp:210 GetInPlace() Key not found
04-17 13:44:59.575980   950   950 V CamX    : [ VERB][UTILS  ] camxhashmap.cpp:210 GetInPlace() Key not found
04-17 13:44:59.575993   950   950 V CamX    : [ VERB][UTILS  ] camxhashmap.cpp:210 GetInPlace() Key not found
04-17 13:44:59.576005   950   950 V CamX    : [ VERB][UTILS  ] camxhashmap.cpp:210 GetInPlace() Key not found
04-17 13:44:59.576018   950   950 V CamX    : [ VERB][UTILS  ] camxhashmap.cpp:210 GetInPlace() Key not found
04-17 13:44:59.576030   950   950 V CamX    : [ VERB][UTILS  ] camxhashmap.cpp:210 GetInPlace() Key not found
04-17 13:44:59.576043   950   950 V CamX    : [ VERB][UTILS  ] camxhashmap.cpp:210 GetInPlace() Key not found
04-17 13:44:59.576056   950   950 V CamX    : [ VERB][UTILS  ] camxhashmap.cpp:210 GetInPlace() Key not found
04-17 13:44:59.576226   950   950 V CamX    : [ VERB][UTILS  ] camxhashmap.cpp:210 GetInPlace() Key not found
04-17 13:44:59.576247   950   950 V CamX    : [ VERB][UTILS  ] camxhashmap.cpp:210 GetInPlace() Key not found
04-17 13:44:59.576263   950   950 V CamX    : [ VERB][UTILS  ] camxhashmap.cpp:210 GetInPlace() Key not found
04-17 13:44:59.576277   950   950 V CamX    : [ VERB][UTILS  ] camxhashmap.cpp:210 GetInPlace() Key not found
04-17 13:44:59.576290   950   950 V CamX    : [ VERB][UTILS  ] camxhashmap.cpp:210 GetInPlace() Key not found
04-17 13:44:59.576303   950   950 V CamX    : [ VERB][UTILS  ] camxhashmap.cpp:210 GetInPlace() Key not found
04-17 13:44:59.576315   950   950 V CamX    : [ VERB][UTILS  ] camxhashmap.cpp:210 GetInPlace() Key not found
04-17 13:44:59.576328   950   950 V CamX    : [ VERB][UTILS  ] camxhashmap.cpp:210 GetInPlace() Key not found
04-17 13:44:59.576341   950   950 V CamX    : [ VERB][UTILS  ] camxhashmap.cpp:210 GetInPlace() Key not found
04-17 13:44:59.576353   950   950 V CamX    : [ VERB][UTILS  ] camxhashmap.cpp:210 GetInPlace() Key not found
04-17 13:44:59.576366   950   950 V CamX    : [ VERB][UTILS  ] camxhashmap.cpp:210 GetInPlace() Key not found
04-17 13:44:59.576378   950   950 V CamX    : [ VERB][UTILS  ] camxhashmap.cpp:210 GetInPlace() Key not found
04-17 13:44:59.578396  1128  1168 D Diag_Lib: diag: WriteToDisk (1168) created
04-17 13:44:59.588205   972   972 I libpixelusb: setCurrentUsbFunctions Adb
04-17 13:44:59.588538  1128  1128 D Diag_Lib: diag: Updating QDB mask from 0xfe to 0xfc
04-17 13:44:59.588712   972   972 I libpixelusb: Service started
04-17 13:44:59.588798   972   972 I android.hardware.usb.gadget@1.1-service.redfin: Usb Gadget setcurrent functions called successfully
04-17 13:44:59.588816  1128  1128 D Diag_Lib: 
04-17 13:44:59.588816  1128  1128 D Diag_Lib: diag_mdlog: Reading mask for MSM, proc_type: 0
04-17 13:44:59.589092  1128  1128 D Diag_Lib: Reading the mask file: /vendor/etc/mdlog/default.cfg
04-17 13:44:59.589144  1128  1128 D Diag_Lib: diag: Determining contents of directory /data/vendor/radio/diag_logs/logs for circular logging ...
04-17 13:44:59.592883  1128  1170 D Diag_Lib: diag: diag_qshrink4_db_parser_thread (1170) created
--------- switch to kernel
04-17 13:44:59.592628     0     0 I         : c1      1 init: SVC_EXEC service 'exec 25 (/vendor/bin/modprobe -d /vendor/lib/modules/5.4-gki rmnet_perf rmnet_perf_ingress_deag=N)' pid 1173 (uid 0 gid 0+0 context u:r:vendor_modprobe:s0) started; waiting...
--------- switch to main
04-17 13:44:59.594105  1128  1128 D Diag_Lib: diag: Determining contents of directory /data/vendor/radio/diag_logs/logs for circular logging ...
04-17 13:44:59.594686  1128  1170 D Diag_Lib: diag: Waiting for qsr4_read_db_cond
04-17 13:44:59.595030  1128  1172 D Diag_Lib: diag: diag_write_qshrink4_db_to_disk_thread (1172) created
04-17 13:44:59.598934  1163  1163 I init_citadel: Checking citadel version
--------- switch to kernel
04-17 13:44:59.605569     0     0 W         : c3    950 cam-a5 ac00000.qcom,a5: Falling back to syfs fallback for: CAMERA_ICP.elf
04-17 13:44:59.608418     0     0 I         : c7   1177 ueventd: firmware: loading 'CAMERA_ICP.elf' for '/devices/platform/soc/ac00000.qcom,a5/firmware/CAMERA_ICP.elf'
04-17 13:44:59.621541     0     0 I         : c6   1175 binder: 1175:1175 ioctl 40046210 7fef472ec4 returned -22
04-17 13:44:59.628782     0     0 I         : c7      1 init: Service 'exec 25 (/vendor/bin/modprobe -d /vendor/lib/modules/5.4-gki rmnet_perf rmnet_perf_ingress_deag=N)' (pid 1173) exited with status 1 waiting took 0.038000 seconds
04-17 13:44:59.628801     0     0 I         : c7      1 init: Sending signal 9 to service 'exec 25 (/vendor/bin/modprobe -d /vendor/lib/modules/5.4-gki rmnet_perf rmnet_perf_ingress_deag=N)' (pid 1173) process group...
04-17 13:44:59.628912     0     0 I         : c7      1 libprocessgroup: Successfully killed process cgroup uid 0 pid 1173 in 0ms
04-17 13:44:59.629068     0     0 I         : c7      1 init: processing action (persist.vendor.data.offload_ko_load=0) from (/vendor/etc/init/netmgrd.rc:75)
04-17 13:44:59.629536     0     0 I         : c7      1 init: starting service 'exec 26 (/vendor/bin/modprobe -r -d /vendor/lib/modules rmnet_offload)'...
04-17 13:44:59.630709     0     0 I         : c7      1 init: SVC_EXEC service 'exec 26 (/vendor/bin/modprobe -r -d /vendor/lib/modules rmnet_offload)' pid 1182 (uid 0 gid 0+0 context u:r:vendor_modprobe:s0) started; waiting...
04-17 13:44:59.633659     0     0 I         : c7   1177 ueventd: loading /devices/platform/soc/ac00000.qcom,a5/firmware/CAMERA_ICP.elf took 24ms
04-17 13:44:59.634298     0     0 I         : c3    950 CAM_INFO: CAM-HFI: cam_hfi_init: 890 Init IO1 : [0x10c00000 0xcf300000] IO2 [0x0 0x0]
04-17 13:44:59.640384     0     0 I         : c7      1 init: Service 'exec 26 (/vendor/bin/modprobe -r -d /vendor/lib/modules rmnet_offload)' (pid 1182) exited with status 0 waiting took 0.010000 seconds
--------- switch to main
04-17 13:44:59.621569  1175  1175 D ProcessState: Binder ioctl to enable oneway spam detection failed: Invalid argument
--------- switch to kernel
04-17 13:44:59.640399     0     0 I         : c7      1 init: Sending signal 9 to service 'exec 26 (/vendor/bin/modprobe -r -d /vendor/lib/modules rmnet_offload)' (pid 1182) process group...
04-17 13:44:59.640480     0     0 I         : c7      1 libprocessgroup: Successfully killed process cgroup uid 0 pid 1182 in 0ms
--------- switch to main
04-17 13:44:59.630539   572   572 D libnos_transport: Calling App 0 with params 0x0000
--------- switch to kernel
04-17 13:44:59.640728     0     0 I         : c7      1 init: starting service 'exec 27 (/vendor/bin/modprobe -r -d /vendor/lib/modules/5.4-gki rmnet_offload)'...
04-17 13:44:59.641890     0     0 I         : c7      1 init: SVC_EXEC service 'exec 27 (/vendor/bin/modprobe -r -d /vendor/lib/modules/5.4-gki rmnet_offload)' pid 1188 (uid 0 gid 0+0 context u:r:vendor_modprobe:s0) started; waiting...
--------- switch to main
04-17 13:44:59.633000   572   572 D libnos_transport: App 0 inspection status=0x00000000 reply_len=0 protocol=1 flags=0x0000
04-17 13:44:59.633021   572   572 D libnos_transport: Send app 0 command data (0 bytes)
04-17 13:44:59.633700   572   572 D libnos_transport: Send app 0 go command 0x00000000
04-17 13:44:59.634191   572   572 D libnos_transport: Polling app 0
--------- switch to kernel
04-17 13:44:59.645106     0     0 I         : c2    697 CAM_INFO: CAM-ICP: cam_icp_mgr_process_dbg_buf: 2572 FW_DBG:CICP_FW_E : HFI  :QC_IMAGE_VERSION_STRING=CICP.FW.1.0-00082-4,OEM_IMAGE_VERSION_STRING=QCAM-SYS-SW11,BUILD_TIME: Feb  4 2020 16:16:30,CACHE_ENABLED at icphostinterface.c:636 QC_IMAGE_VERSION_STRING=CICP.FW.1.0-00082-4 OEM_IMAGE_VERSION_STRING=QCAM-SYS-SW1
--------- switch to main
04-17 13:44:59.638411   572   572 D libnos_transport: App 0 polled=2 status=0x80000000 reply_len=64 flags=0x0000
04-17 13:44:59.638435   572   572 D libnos_transport: Read app 0 reply data (64 bytes)
04-17 13:44:59.639240  1149  1149 I adbd    : persist.adb.watchdog set to ''
--------- switch to kernel
04-17 13:44:59.645121     0     0 I         : c2    697 CAM_INFO: CAM-ICP: cam_icp_mgr_process_dbg_buf: 2572 FW_DBG:CICP_FW_E : HFI  :ELF variant: CACHE-ENABLED:API_V2:USE_CDM_1_1: , API version: 0x2000058 at icphostinterface.c:637 QC_IMAGE_VERSION_STRING=CICP.FW.1.0-00082-4 OEM_IMAGE_VERSION_STRING=QCAM-SYS-SW11
--------- switch to main
04-17 13:44:59.639380  1149  1149 I adbd    : persist.sys.test_harness set to ''
04-17 13:44:59.639410  1149  1149 I adbd    : adb watchdog timeout set to 600 seconds
04-17 13:44:59.639849  1149  1149 I adbd    : adbd started
04-17 13:44:59.640356   572   572 D libnos_transport: App 0 returning 0x0
--------- switch to events
04-17 13:44:59.648876   950   950 I liblog  : 390
--------- switch to main
04-17 13:44:59.648876   950   950 D CamX    : [DEBUG][UTILS  ] camxthreadcore.cpp:548 StartThreads() Create 1 threads for thread pool SyncManager with RT(0), AF(0), AE(0), AWB(0)
--------- switch to kernel
04-17 13:44:59.645261     0     0 I         : c3    950 CAM_INFO: CAM-ICP: cam_icp_mgr_hw_open: 3887 FW download done successfully
04-17 13:44:59.646101     0     0 I         : c3    950 qcom_rpmh DRV:apps_rsc TCS Busy, retrying RPMH message send: addr=0x30010
04-17 13:44:59.648064     0     0 I         : c7      1 init: Service 'exec 27 (/vendor/bin/modprobe -r -d /vendor/lib/modules/5.4-gki rmnet_offload)' (pid 1188) exited with status 0 waiting took 0.006000 seconds
04-17 13:44:59.648081     0     0 I         : c7      1 init: Sending signal 9 to service 'exec 27 (/vendor/bin/modprobe -r -d /vendor/lib/modules/5.4-gki rmnet_offload)' (pid 1188) process group...
04-17 13:44:59.648159     0     0 I         : c7      1 libprocessgroup: Successfully killed process cgroup uid 0 pid 1188 in 0ms
04-17 13:44:59.648343     0     0 I         : c7      1 init: processing action (persist.vendor.data.shsusr_load=1) from (/vendor/etc/init/shsusrd.rc:23)
04-17 13:44:59.648632     0     0 I         : c7      1 init: Command 'start vendor.shsusrd' action=persist.vendor.data.shsusr_load=1 (/vendor/etc/init/shsusrd.rc:24) took 0ms and failed: Could not start service: File /system/vendor/bin/shsusrd(labeled "u:object_r:vendor_file:s0") has incorrect label or no domain transition from u:r:init:s0 to another SELinux domain defined. Have you configured your service correctly? https://source.android.com/security/selinux/device-policy#label_new_services_and_address_denials. Note: this error shows up even in permissive mode in order to make auditing denials possible.
04-17 13:44:59.648678     0     0 I         : c7      1 init: processing action (nonencrypted) from (/system/etc/init/hw/init.rc:1087)
04-17 13:44:59.648767     0     0 I         : c7      1 init: starting service 'vendor.adsprpcd'...
04-17 13:44:59.654391     0     0 I         : c6      1 init: starting service 'vendor.adsprpcd_audiopd'...
04-17 13:44:59.657060     0     0 I         : c7      1 init: starting service 'vendor.cdsprpcd'...
--------- switch to main
04-17 13:44:59.655167  1149  1184 I adbd    : Waiting for persist.adb.tls_server.enable=1
04-17 13:44:59.660448  1192  1192 E adsprpcd: vendor/qcom/proprietary/adsprpc/src/adsprpcd.c:30:adsp daemon starting
04-17 13:44:59.662149  1149  1186 I adbd    : opening control endpoint /dev/usb-ffs/adb/ep0
--------- switch to kernel
04-17 13:44:59.662306     0     0 I         : c7   1186 read descriptors
04-17 13:44:59.662338     0     0 I         : c7   1186 read strings
04-17 13:44:59.663428     0     0 I         : c7      1 init: starting service 'cameraserver'...
--------- switch to main
04-17 13:44:59.664962  1149  1186 I adbd    : UsbFfsConnection constructed
04-17 13:44:59.666616  1189  1189 I init_citadel: Citadel version: 0.0.3/chunk_ab7741306-cd34ce4 2021-09-17 04:14:55 android-build
--------- switch to kernel
04-17 13:44:59.667925     0     0 I         : c7      1 init: starting service 'idmap2d'...
--------- switch to main
04-17 13:44:59.667571  1149  1200 I adbd    : UsbFfs-monitor thread spawned
04-17 13:44:59.667683  1149  1200 I adbd    : USB event: FUNCTIONFS_BIND
04-17 13:44:59.676102  1198  1198 E cdsprpcd: vendor/qcom/proprietary/adsprpc/src/cdsprpcd.c:29:cdsp daemon starting
--------- switch to kernel
04-17 13:44:59.676694     0     0 I         : c7      1 init: starting service 'incidentd'...
04-17 13:44:59.679766     0     0 I         : c7      1 init: starting service 'installd'...
--------- switch to main
04-17 13:44:59.681052   950   950 I google_hdrnet: QueryVendorTag 503
04-17 13:44:59.682128   950   950 I native  : catpipe_version.cc:17 Catpipe in production build with version: 351296864
04-17 13:44:59.682303   950   950 I native  : node_export.cc:48 Supported CatNode types: ContinuousZoomNode LlvNode SteadifaceNode BareboneNode RectifaceNode EisNode HdrnetNode HdrnetSnapshotNode WarpingNode 
04-17 13:44:59.682948  1195  1195 E adsprpcd: vendor/qcom/proprietary/adsprpc/src/adsprpcd.c:30:adsp daemon starting
04-17 13:44:59.684865  1192  1192 I adsprpcd: vendor/qcom/proprietary/adsprpc/src/rpcmem_android.c:159: rpcmem_init_internal: opened ION device fd 5, configured heap IDs: system (0x2000000), contig (0x400000), secure (0x200), secure flags (0x80080000)
04-17 13:44:59.684923  1192  1192 I adsprpcd: vendor/qcom/proprietary/adsprpc/src/fastrpc_apps_user.c:2961: fastrpc_apps_user_init done with default domain:0 and &fastrpc_trace:0x6f70380f20
04-17 13:44:59.685229  1192  1192 I adsprpcd: vendor/qcom/proprietary/adsprpc/src/fastrpc_apps_user.c:1305: remote_handle_open: Successfully opened handle 0x0 for '":;./\\attachguestos on domain 0
04-17 13:44:59.685315  1198  1198 I cdsprpcd: vendor/qcom/proprietary/adsprpc/src/rpcmem_android.c:159: rpcmem_init_internal: opened ION device fd 5, configured heap IDs: system (0x2000000), contig (0x400000), secure (0x200), secure flags (0x80080000)
04-17 13:44:59.685331  1198  1198 I cdsprpcd: vendor/qcom/proprietary/adsprpc/src/fastrpc_apps_user.c:2961: fastrpc_apps_user_init done with default domain:3 and &fastrpc_trace:0x7657aa4f20
04-17 13:44:59.685435  1198  1198 I cdsprpcd: vendor/qcom/proprietary/adsprpc/src/fastrpc_apps_user.c:1305: remote_handle_open: Successfully opened handle 0x0 for '":;./\\attachguestos on domain 3
--------- switch to kernel
04-17 13:44:59.691804     0     0 I         : c6      1 init: starting service 'mediaextractor'...
04-17 13:44:59.696814     0     0 I         : c7      1 init: starting service 'mediametrics'...
--------- switch to main
04-17 13:44:59.690248   950  1205 I native  : thread.cc:1117 Changed the nice priority level by -20
04-17 13:44:59.690859   950  1206 I native  : thread.cc:1117 Changed the nice priority level by -20
04-17 13:44:59.690941   950  1208 I native  : thread.cc:1117 Changed the nice priority level by -20
04-17 13:44:59.691040  1198  1213 I cdsprpcd: vendor/qcom/proprietary/adsprpc/src/log_config.c:345: file_watcher_thread starting for domain 3
04-17 13:44:59.691087  1198  1213 E cdsprpcd: vendor/qcom/proprietary/adsprpc/src/log_config.c:268:Error 0x200: fopen failed for /vendor/lib/rfsa/adsp/cdsprpcd.farf. (No such file or directory)
04-17 13:44:59.691286  1192  1211 I adsprpcd: vendor/qcom/proprietary/adsprpc/src/log_config.c:345: file_watcher_thread starting for domain 0
04-17 13:44:59.691321  1192  1211 E adsprpcd: vendor/qcom/proprietary/adsprpc/src/log_config.c:268:Error 0x200: fopen failed for /vendor/lib/rfsa/adsp/adsprpcd.farf. (No such file or directory)
