04-17 12:32:48.769925   984  1089 W ASH     : @ 40298.445: touch gesture: no valid gesture detected
04-17 12:32:48.834305   984  1089 W ASH     : @ 40298.509: touch gesture: no valid gesture detected
04-17 12:32:48.898882   984  1089 W ASH     : @ 40298.574: touch gesture: no valid gesture detected
04-17 12:32:48.963924   984  1089 W ASH     : @ 40298.638: touch gesture: no valid gesture detected
04-17 12:32:49.027747   984  1089 W ASH     : @ 40298.703: touch gesture: no valid gesture detected
04-17 12:32:49.092265   984  1089 W ASH     : @ 40298.767: touch gesture: no valid gesture detected
04-17 12:32:49.157113   984  1089 W ASH     : @ 40298.832: touch gesture: no valid gesture detected
04-17 12:32:49.221331   984  1089 W ASH     : @ 40298.896: touch gesture: no valid gesture detected
--------- switch to kernel
04-17 12:32:49.278181     0     0 I         : c2   5809 google_charger: usbchg=USB typec=C usbv=5049 usbc=0 usbMv=5000 usbMc=450
04-17 12:32:49.278488     0     0 I         : c2   5809 sm7250_bms: MSC_PCS chg_state=1c2112c01030001 [0x1:1:3:4396:450] chg=u
04-17 12:32:49.278566     0     0 I         : c2   5809 google_battery: MSC_DIN chg_state=1c2112c01030001 f=0x1 chg_s=Not Charging chg_t=None vchg=4396 icl=450
--------- switch to main
04-17 12:32:49.284617   984  1089 W ASH     : @ 40298.961: touch gesture: no valid gesture detected
--------- switch to kernel
04-17 12:32:49.280037     0     0 I         : c2   5809 google_battery: MSC_DSG vbatt_idx:4->4 vbatt=4396849 ibatt=-4882 fv_uv=4430000 cv_cnt=0 ov_cnt=0
04-17 12:32:49.280100     0     0 I         : c2   5809 google_battery: MSC_VOTE msc_state=2 cv_cnt=0 ov_cnt=0 temp_idx:2, vbatt_idx:4  fv_uv=4430000 cc_max=0 update_interval=-1
04-17 12:32:49.280196     0     0 I         : c2   5809 google_charger: MSC_CHG fv_uv=4430000, cc_max=0, rerun in 2000 ms (0)
--------- switch to main
04-17 12:32:49.350559   984  1089 W ASH     : @ 40299.025: touch gesture: no valid gesture detected
04-17 12:32:49.414836   984  1089 W ASH     : @ 40299.090: touch gesture: no valid gesture detected
04-17 12:32:49.479481   984  1089 W ASH     : @ 40299.154: touch gesture: no valid gesture detected
04-17 12:32:49.544163   984  1089 W ASH     : @ 40299.219: touch gesture: no valid gesture detected
04-17 12:32:49.608642   984  1089 W ASH     : @ 40299.283: touch gesture: no valid gesture detected
04-17 12:32:49.673057   984  1089 W ASH     : @ 40299.348: touch gesture: no valid gesture detected
04-17 12:32:49.737550   984  1089 W ASH     : @ 40299.412: touch gesture: no valid gesture detected
04-17 12:32:49.802273   984  1089 W ASH     : @ 40299.477: touch gesture: no valid gesture detected
04-17 12:32:49.866665   984  1089 W ASH     : @ 40299.541: touch gesture: no valid gesture detected
04-17 12:32:49.931105   984  1089 W ASH     : @ 40299.606: touch gesture: no valid gesture detected
04-17 12:32:49.995722   984  1089 W ASH     : @ 40299.670: touch gesture: no valid gesture detected
04-17 12:32:50.060587   984  1089 W ASH     : @ 40299.735: touch gesture: no valid gesture detected
04-17 12:32:50.124788   984  1089 W ASH     : @ 40299.800: touch gesture: no valid gesture detected
04-17 12:32:50.189232   984  1089 W ASH     : @ 40299.864: touch gesture: no valid gesture detected
04-17 12:32:50.253500   984  1089 W ASH     : @ 40299.929: touch gesture: no valid gesture detected
04-17 12:32:50.318156   984  1089 W ASH     : @ 40299.993: touch gesture: no valid gesture detected
04-17 12:32:50.382609   984  1089 W ASH     : @ 40300.058: touch gesture: no valid gesture detected
04-17 12:32:50.447119   984  1089 W ASH     : @ 40300.122: touch gesture: no valid gesture detected
04-17 12:32:50.512059   984  1089 W ASH     : @ 40300.187: touch gesture: no valid gesture detected
04-17 12:32:50.575194   984  1089 W ASH     : @ 40300.251: touch gesture: no valid gesture detected
04-17 12:32:50.640957   984  1089 W ASH     : @ 40300.316: touch gesture: no valid gesture detected
04-17 12:32:50.705537   984  1089 W ASH     : @ 40300.380: touch gesture: no valid gesture detected
04-17 12:32:50.770107   984  1089 W ASH     : @ 40300.445: touch gesture: no valid gesture detected
04-17 12:32:50.834580   984  1089 W ASH     : @ 40300.509: touch gesture: no valid gesture detected
04-17 12:32:50.899050   984  1089 W ASH     : @ 40300.574: touch gesture: no valid gesture detected
04-17 12:32:50.963918   984  1089 W ASH     : @ 40300.638: touch gesture: no valid gesture detected
04-17 12:32:51.028279   984  1089 W ASH     : @ 40300.703: touch gesture: no valid gesture detected
04-17 12:32:51.092760   984  1089 W ASH     : @ 40300.767: touch gesture: no valid gesture detected
04-17 12:32:51.157200   984  1089 W ASH     : @ 40300.832: touch gesture: no valid gesture detected
04-17 12:32:51.222191   984  1089 W ASH     : @ 40300.896: touch gesture: no valid gesture detected
04-17 12:32:51.286232   984  1089 W ASH     : @ 40300.961: touch gesture: no valid gesture detected
--------- switch to kernel
04-17 12:32:51.294525     0     0 I         : c2   5809 google_charger: usbchg=USB typec=C usbv=5037 usbc=0 usbMv=5000 usbMc=450
04-17 12:32:51.294951     0     0 I         : c2   5809 sm7250_bms: MSC_PCS chg_state=1c2112c01030001 [0x1:1:3:4396:450] chg=u
04-17 12:32:51.295026     0     0 I         : c2   5809 google_battery: MSC_DIN chg_state=1c2112c01030001 f=0x1 chg_s=Not Charging chg_t=None vchg=4396 icl=450
04-17 12:32:51.296737     0     0 I         : c2   5809 google_battery: MSC_DSG vbatt_idx:4->4 vbatt=4396849 ibatt=-4882 fv_uv=4430000 cv_cnt=0 ov_cnt=0
04-17 12:32:51.296803     0     0 I         : c2   5809 google_battery: MSC_VOTE msc_state=2 cv_cnt=0 ov_cnt=0 temp_idx:2, vbatt_idx:4  fv_uv=4430000 cc_max=0 update_interval=-1
04-17 12:32:51.296897     0     0 I         : c2   5809 google_charger: MSC_CHG fv_uv=4430000, cc_max=0, rerun in 2000 ms (0)
--------- switch to main
04-17 12:32:51.350886   984  1089 W ASH     : @ 40301.025: touch gesture: no valid gesture detected
04-17 12:32:51.415245   984  1089 W ASH     : @ 40301.090: touch gesture: no valid gesture detected
04-17 12:32:51.480104   984  1089 W ASH     : @ 40301.154: touch gesture: no valid gesture detected
04-17 12:32:51.544021   984  1089 W ASH     : @ 40301.219: touch gesture: no valid gesture detected
04-17 12:32:51.608809   984  1089 W ASH     : @ 40301.283: touch gesture: no valid gesture detected
04-17 12:32:51.673265   984  1089 W ASH     : @ 40301.348: touch gesture: no valid gesture detected
04-17 12:32:51.737573   984  1089 W ASH     : @ 40301.413: touch gesture: no valid gesture detected
04-17 12:32:51.802363   984  1089 W ASH     : @ 40301.477: touch gesture: no valid gesture detected
04-17 12:32:51.866731   984  1089 W ASH     : @ 40301.542: touch gesture: no valid gesture detected
04-17 12:32:51.931474   984  1089 W ASH     : @ 40301.606: touch gesture: no valid gesture detected
04-17 12:32:51.995888   984  1089 W ASH     : @ 40301.671: touch gesture: no valid gesture detected
04-17 12:32:52.060513   984  1089 W ASH     : @ 40301.735: touch gesture: no valid gesture detected
04-17 12:32:52.124735   984  1089 W ASH     : @ 40301.800: touch gesture: no valid gesture detected
04-17 12:32:52.189411   984  1089 W ASH     : @ 40301.864: touch gesture: no valid gesture detected
04-17 12:32:52.254107   984  1089 W ASH     : @ 40301.929: touch gesture: no valid gesture detected
04-17 12:32:52.318803   984  1089 W ASH     : @ 40301.993: touch gesture: no valid gesture detected
04-17 12:32:52.382806   984  1089 W ASH     : @ 40302.058: touch gesture: no valid gesture detected
04-17 12:32:52.447746   984  1089 W ASH     : @ 40302.122: touch gesture: no valid gesture detected
04-17 12:32:52.512040   984  1089 W ASH     : @ 40302.187: touch gesture: no valid gesture detected
04-17 12:32:52.576766   984  1089 W ASH     : @ 40302.251: touch gesture: no valid gesture detected
04-17 12:32:52.641192   984  1089 W ASH     : @ 40302.316: touch gesture: no valid gesture detected
04-17 12:32:52.706126   984  1089 W ASH     : @ 40302.380: touch gesture: no valid gesture detected
04-17 12:32:52.770064   984  1089 W ASH     : @ 40302.445: touch gesture: no valid gesture detected
04-17 12:32:52.834817   984  1089 W ASH     : @ 40302.509: touch gesture: no valid gesture detected
04-17 12:32:52.899378   984  1089 W ASH     : @ 40302.574: touch gesture: no valid gesture detected
04-17 12:32:52.963520   984  1089 W ASH     : @ 40302.638: touch gesture: no valid gesture detected
04-17 12:32:53.027799   984  1089 W ASH     : @ 40302.703: touch gesture: no valid gesture detected
04-17 12:32:53.092614   984  1089 W ASH     : @ 40302.767: touch gesture: no valid gesture detected
04-17 12:32:53.157321   984  1089 W ASH     : @ 40302.832: touch gesture: no valid gesture detected
04-17 12:32:53.222127   984  1089 W ASH     : @ 40302.897: touch gesture: no valid gesture detected
04-17 12:32:53.286201   984  1089 W ASH     : @ 40302.961: touch gesture: no valid gesture detected
--------- switch to kernel
04-17 12:32:53.313117     0     0 I         : c2   5809 google_charger: usbchg=USB typec=C usbv=5039 usbc=0 usbMv=5000 usbMc=450
04-17 12:32:53.313301     0     0 I         : c2   5809 sm7250_bms: MSC_PCS chg_state=1c2112c01030001 [0x1:1:3:4396:450] chg=u
04-17 12:32:53.313485     0     0 I         : c2   5809 google_battery: MSC_DIN chg_state=1c2112c01030001 f=0x1 chg_s=Not Charging chg_t=None vchg=4396 icl=450
04-17 12:32:53.315025     0     0 I         : c2   5809 google_battery: MSC_DSG vbatt_idx:4->4 vbatt=4396849 ibatt=-4882 fv_uv=4430000 cv_cnt=0 ov_cnt=0
04-17 12:32:53.315094     0     0 I         : c2   5809 google_battery: MSC_VOTE msc_state=2 cv_cnt=0 ov_cnt=0 temp_idx:2, vbatt_idx:4  fv_uv=4430000 cc_max=0 update_interval=-1
04-17 12:32:53.315210     0     0 I         : c2   5809 google_charger: MSC_CHG fv_uv=4430000, cc_max=0, rerun in 2000 ms (0)
--------- switch to main
04-17 12:32:53.350612   984  1089 W ASH     : @ 40303.026: touch gesture: no valid gesture detected
04-17 12:32:53.415685   984  1089 W ASH     : @ 40303.090: touch gesture: no valid gesture detected
04-17 12:32:53.480025   984  1089 W ASH     : @ 40303.155: touch gesture: no valid gesture detected
04-17 12:32:53.544477   984  1089 W ASH     : @ 40303.219: touch gesture: no valid gesture detected
04-17 12:32:53.608778   984  1089 W ASH     : @ 40303.284: touch gesture: no valid gesture detected
04-17 12:32:53.673589   984  1089 W ASH     : @ 40303.348: touch gesture: no valid gesture detected
04-17 12:32:53.738311   984  1089 W ASH     : @ 40303.413: touch gesture: no valid gesture detected
04-17 12:32:53.802744   984  1089 W ASH     : @ 40303.477: touch gesture: no valid gesture detected
04-17 12:32:53.867181   984  1089 W ASH     : @ 40303.542: touch gesture: no valid gesture detected
04-17 12:32:53.931690   984  1089 W ASH     : @ 40303.606: touch gesture: no valid gesture detected
04-17 12:32:53.996393   984  1089 W ASH     : @ 40303.671: touch gesture: no valid gesture detected
04-17 12:32:54.060871   984  1089 W ASH     : @ 40303.735: touch gesture: no valid gesture detected
04-17 12:32:54.125345   984  1089 W ASH     : @ 40303.800: touch gesture: no valid gesture detected
04-17 12:32:54.189827   984  1089 W ASH     : @ 40303.864: touch gesture: no valid gesture detected
04-17 12:32:54.253987   984  1089 W ASH     : @ 40303.929: touch gesture: no valid gesture detected
04-17 12:32:54.318823   984  1089 W ASH     : @ 40303.993: touch gesture: no valid gesture detected
04-17 12:32:54.383073   984  1089 W ASH     : @ 40304.058: touch gesture: no valid gesture detected
04-17 12:32:54.447662   984  1089 W ASH     : @ 40304.122: touch gesture: no valid gesture detected
04-17 12:32:54.512099   984  1089 W ASH     : @ 40304.187: touch gesture: no valid gesture detected
04-17 12:32:54.576653   984  1089 W ASH     : @ 40304.251: touch gesture: no valid gesture detected
04-17 12:32:54.640830   984  1089 W ASH     : @ 40304.316: touch gesture: no valid gesture detected
04-17 12:32:54.705643   984  1089 W ASH     : @ 40304.380: touch gesture: no valid gesture detected
04-17 12:32:54.769935   984  1089 W ASH     : @ 40304.445: touch gesture: no valid gesture detected
04-17 12:32:54.834449   984  1089 W ASH     : @ 40304.509: touch gesture: no valid gesture detected
04-17 12:32:54.898996   984  1089 W ASH     : @ 40304.574: touch gesture: no valid gesture detected
04-17 12:32:54.963306   984  1089 W ASH     : @ 40304.638: touch gesture: no valid gesture detected
04-17 12:32:55.028271   984  1089 W ASH     : @ 40304.703: touch gesture: no valid gesture detected
04-17 12:32:55.092564   984  1089 W ASH     : @ 40304.767: touch gesture: no valid gesture detected
04-17 12:32:55.157312   984  1089 W ASH     : @ 40304.832: touch gesture: no valid gesture detected
04-17 12:32:55.221528   984  1089 W ASH     : @ 40304.896: touch gesture: no valid gesture detected
04-17 12:32:55.286424   984  1089 W ASH     : @ 40304.961: touch gesture: no valid gesture detected
--------- switch to kernel
04-17 12:32:55.329956     0     0 I         : c2   5809 google_charger: usbchg=USB typec=C usbv=5049 usbc=0 usbMv=5000 usbMc=450
04-17 12:32:55.330168     0     0 I         : c2   5809 sm7250_bms: MSC_PCS chg_state=1c2112c01030001 [0x1:1:3:4396:450] chg=u
04-17 12:32:55.330262     0     0 I         : c2   5809 google_battery: MSC_DIN chg_state=1c2112c01030001 f=0x1 chg_s=Not Charging chg_t=None vchg=4396 icl=450
04-17 12:32:55.332673     0     0 I         : c2   5809 google_battery: MSC_DSG vbatt_idx:4->4 vbatt=4396849 ibatt=-4882 fv_uv=4430000 cv_cnt=0 ov_cnt=0
04-17 12:32:55.332756     0     0 I         : c2   5809 google_battery: MSC_VOTE msc_state=2 cv_cnt=0 ov_cnt=0 temp_idx:2, vbatt_idx:4  fv_uv=4430000 cc_max=0 update_interval=-1
04-17 12:32:55.332881     0     0 I         : c2   5809 google_charger: MSC_CHG fv_uv=4430000, cc_max=0, rerun in 2000 ms (0)
--------- switch to main
04-17 12:32:55.351108   984  1089 W ASH     : @ 40305.025: touch gesture: no valid gesture detected
04-17 12:32:55.415260   984  1089 W ASH     : @ 40305.090: touch gesture: no valid gesture detected
04-17 12:32:55.479595   984  1089 W ASH     : @ 40305.154: touch gesture: no valid gesture detected
04-17 12:32:55.544141   984  1089 W ASH     : @ 40305.219: touch gesture: no valid gesture detected
04-17 12:32:55.608250   984  1089 W ASH     : @ 40305.283: touch gesture: no valid gesture detected
04-17 12:32:55.673256   984  1089 W ASH     : @ 40305.348: touch gesture: no valid gesture detected
04-17 12:32:55.737914   984  1089 W ASH     : @ 40305.412: touch gesture: no valid gesture detected
04-17 12:32:55.801545   984  1089 W ASH     : @ 40305.476: touch gesture: no valid gesture detected
04-17 12:32:55.866701   984  1089 W ASH     : @ 40305.541: touch gesture: no valid gesture detected
04-17 12:32:55.931281   984  1089 W ASH     : @ 40305.606: touch gesture: no valid gesture detected
04-17 12:32:55.995705   984  1089 W ASH     : @ 40305.670: touch gesture: no valid gesture detected
04-17 12:32:56.060035   984  1089 W ASH     : @ 40305.735: touch gesture: no valid gesture detected
04-17 12:32:56.123684   984  1089 W ASH     : @ 40305.799: touch gesture: no valid gesture detected
04-17 12:32:56.188872   984  1089 W ASH     : @ 40305.864: touch gesture: no valid gesture detected
04-17 12:32:56.253440   984  1089 W ASH     : @ 40305.928: touch gesture: no valid gesture detected
04-17 12:32:56.318858   984  1089 W ASH     : @ 40305.993: touch gesture: no valid gesture detected
04-17 12:32:56.382596   984  1089 W ASH     : @ 40306.057: touch gesture: no valid gesture detected
04-17 12:32:56.447264   984  1089 W ASH     : @ 40306.122: touch gesture: no valid gesture detected
04-17 12:32:56.511989   984  1089 W ASH     : @ 40306.187: touch gesture: no valid gesture detected
04-17 12:32:56.576290   984  1089 W ASH     : @ 40306.251: touch gesture: no valid gesture detected
04-17 12:32:56.640796   984  1089 W ASH     : @ 40306.316: touch gesture: no valid gesture detected
04-17 12:32:56.705399   984  1089 W ASH     : @ 40306.380: touch gesture: no valid gesture detected
04-17 12:32:56.769554   984  1089 W ASH     : @ 40306.445: touch gesture: no valid gesture detected
04-17 12:32:56.834357   984  1089 W ASH     : @ 40306.509: touch gesture: no valid gesture detected
04-17 12:32:56.898778   984  1089 W ASH     : @ 40306.573: touch gesture: no valid gesture detected
04-17 12:32:56.963159   984  1089 W ASH     : @ 40306.638: touch gesture: no valid gesture detected
04-17 12:32:57.027865   984  1089 W ASH     : @ 40306.703: touch gesture: no valid gesture detected
04-17 12:32:57.092572   984  1089 W ASH     : @ 40306.767: touch gesture: no valid gesture detected
04-17 12:32:57.156966   984  1089 W ASH     : @ 40306.832: touch gesture: no valid gesture detected
04-17 12:32:57.221200   984  1089 W ASH     : @ 40306.896: touch gesture: no valid gesture detected
04-17 12:32:57.285827   984  1089 W ASH     : @ 40306.961: touch gesture: no valid gesture detected
04-17 12:32:57.349502   984  1089 W ASH     : @ 40307.025: touch gesture: no valid gesture detected
--------- switch to kernel
04-17 12:32:57.345484     0     0 I         : c2   5809 google_charger: usbchg=USB typec=C usbv=5051 usbc=11 usbMv=5000 usbMc=450
04-17 12:32:57.345667     0     0 I         : c2   5809 sm7250_bms: MSC_PCS chg_state=1c2112c01030001 [0x1:1:3:4396:450] chg=u
04-17 12:32:57.345744     0     0 I         : c2   5809 google_battery: MSC_DIN chg_state=1c2112c01030001 f=0x1 chg_s=Not Charging chg_t=None vchg=4396 icl=450
04-17 12:32:57.347713     0     0 I         : c2   5809 google_battery: MSC_DSG vbatt_idx:4->4 vbatt=4396849 ibatt=-4882 fv_uv=4430000 cv_cnt=0 ov_cnt=0
04-17 12:32:57.347782     0     0 I         : c2   5809 google_battery: MSC_VOTE msc_state=2 cv_cnt=0 ov_cnt=0 temp_idx:2, vbatt_idx:4  fv_uv=4430000 cc_max=0 update_interval=-1
04-17 12:32:57.348193     0     0 I         : c2   5809 google_charger: MSC_CHG fv_uv=4430000, cc_max=0, rerun in 2000 ms (0)
--------- switch to main
04-17 12:32:57.413300   984  1089 W ASH     : @ 40307.090: touch gesture: no valid gesture detected
--------- switch to kernel
04-17 12:32:57.470522     0     0 I         : c4   5819 qcom_rpmh DRV:apps_rsc TCS Busy, retrying RPMH message send: addr=0x30000
04-17 12:32:57.470583     0     0 I         : c4   5819 qcom_rpmh DRV:apps_rsc TCS Busy, retrying RPMH message send: addr=0x30000
04-17 12:32:57.470618     0     0 I         : c4   5819 qcom_rpmh DRV:apps_rsc TCS Busy, retrying RPMH message send: addr=0x30000
04-17 12:32:57.470651     0     0 I         : c4   5819 qcom_rpmh DRV:apps_rsc TCS Busy, retrying RPMH message send: addr=0x30000
--------- switch to main
04-17 12:32:57.478661   984  1089 W ASH     : @ 40307.154: touch gesture: no valid gesture detected
04-17 12:32:57.544177   984  1089 W ASH     : @ 40307.219: touch gesture: no valid gesture detected
04-17 12:32:57.609052   984  1089 W ASH     : @ 40307.284: touch gesture: no valid gesture detected
04-17 12:32:57.673279   984  1089 W ASH     : @ 40307.348: touch gesture: no valid gesture detected
04-17 12:32:57.737886   984  1089 W ASH     : @ 40307.413: touch gesture: no valid gesture detected
04-17 12:32:57.802663   984  1089 W ASH     : @ 40307.477: touch gesture: no valid gesture detected
04-17 12:32:57.867337   984  1089 W ASH     : @ 40307.542: touch gesture: no valid gesture detected
04-17 12:32:57.932001   984  1089 W ASH     : @ 40307.606: touch gesture: no valid gesture detected
04-17 12:32:57.995936   984  1089 W ASH     : @ 40307.671: touch gesture: no valid gesture detected
04-17 12:32:58.060509   984  1089 W ASH     : @ 40307.735: touch gesture: no valid gesture detected
04-17 12:32:58.116428  2901  3188 D ControlsListingControllerImpl: Subscribing callback, service count: 0
04-17 12:32:58.123304   984  1089 W ASH     : @ 40307.800: touch gesture: no valid gesture detected
04-17 12:32:58.136550  2901  3188 D ControlsListingControllerImpl: Unsubscribing callback
04-17 12:32:58.189929   984  1089 W ASH     : @ 40307.864: touch gesture: no valid gesture detected
04-17 12:32:58.254581   984  1089 W ASH     : @ 40307.929: touch gesture: no valid gesture detected
04-17 12:32:58.318625   984  1089 W ASH     : @ 40307.993: touch gesture: no valid gesture detected
04-17 12:32:58.383366   984  1089 W ASH     : @ 40308.058: touch gesture: no valid gesture detected
04-17 12:32:58.447805   984  1089 W ASH     : @ 40308.122: touch gesture: no valid gesture detected
04-17 12:32:58.512289   984  1089 W ASH     : @ 40308.187: touch gesture: no valid gesture detected
04-17 12:32:58.577255   984  1089 W ASH     : @ 40308.252: touch gesture: no valid gesture detected
04-17 12:32:58.641308   984  1089 W ASH     : @ 40308.316: touch gesture: no valid gesture detected
04-17 12:32:58.705974   984  1089 W ASH     : @ 40308.381: touch gesture: no valid gesture detected
04-17 12:32:58.770390   984  1089 W ASH     : @ 40308.445: touch gesture: no valid gesture detected
04-17 12:32:58.834811   984  1089 W ASH     : @ 40308.510: touch gesture: no valid gesture detected
04-17 12:32:58.899725   984  1089 W ASH     : @ 40308.574: touch gesture: no valid gesture detected
04-17 12:32:58.964163   984  1089 W ASH     : @ 40308.639: touch gesture: no valid gesture detected
04-17 12:32:59.028777   984  1089 W ASH     : @ 40308.703: touch gesture: no valid gesture detected
04-17 12:32:59.093317   984  1089 W ASH     : @ 40308.768: touch gesture: no valid gesture detected
04-17 12:32:59.157747   984  1089 W ASH     : @ 40308.832: touch gesture: no valid gesture detected
04-17 12:32:59.222139   984  1089 W ASH     : @ 40308.897: touch gesture: no valid gesture detected
04-17 12:32:59.286773   984  1089 W ASH     : @ 40308.961: touch gesture: no valid gesture detected
04-17 12:32:59.351026   984  1089 W ASH     : @ 40309.026: touch gesture: no valid gesture detected
--------- switch to kernel
04-17 12:32:59.360931     0     0 I         : c2   5809 google_charger: usbchg=USB typec=C usbv=5049 usbc=0 usbMv=5000 usbMc=450
04-17 12:32:59.361112     0     0 I         : c2   5809 sm7250_bms: MSC_PCS chg_state=1c2112c01030001 [0x1:1:3:4396:450] chg=u
04-17 12:32:59.361181     0     0 I         : c2   5809 google_battery: MSC_DIN chg_state=1c2112c01030001 f=0x1 chg_s=Not Charging chg_t=None vchg=4396 icl=450
04-17 12:32:59.362753     0     0 I         : c2   5809 google_battery: MSC_DSG vbatt_idx:4->4 vbatt=4396849 ibatt=-4882 fv_uv=4430000 cv_cnt=0 ov_cnt=0
04-17 12:32:59.362812     0     0 I         : c2   5809 google_battery: MSC_VOTE msc_state=2 cv_cnt=0 ov_cnt=0 temp_idx:2, vbatt_idx:4  fv_uv=4430000 cc_max=0 update_interval=-1
04-17 12:32:59.362903     0     0 I         : c2   5809 google_charger: MSC_CHG fv_uv=4430000, cc_max=0, rerun in 2000 ms (0)
--------- switch to main
04-17 12:32:59.415791   984  1089 W ASH     : @ 40309.091: touch gesture: no valid gesture detected
04-17 12:32:59.480288   984  1089 W ASH     : @ 40309.155: touch gesture: no valid gesture detected
04-17 12:32:59.544830   984  1089 W ASH     : @ 40309.219: touch gesture: no valid gesture detected
04-17 12:32:59.609273   984  1089 W ASH     : @ 40309.284: touch gesture: no valid gesture detected
04-17 12:32:59.673644   984  1089 W ASH     : @ 40309.349: touch gesture: no valid gesture detected
04-17 12:32:59.738147   984  1089 W ASH     : @ 40309.413: touch gesture: no valid gesture detected
04-17 12:32:59.802892   984  1089 W ASH     : @ 40309.478: touch gesture: no valid gesture detected
04-17 12:32:59.867761   984  1089 W ASH     : @ 40309.542: touch gesture: no valid gesture detected
04-17 12:32:59.931640   984  1089 W ASH     : @ 40309.607: touch gesture: no valid gesture detected
04-17 12:32:59.996192   984  1089 W ASH     : @ 40309.671: touch gesture: no valid gesture detected
04-17 12:33:00.061115   984  1089 W ASH     : @ 40309.736: touch gesture: no valid gesture detected
04-17 12:33:00.125619   984  1089 W ASH     : @ 40309.800: touch gesture: no valid gesture detected
04-17 12:33:00.190214   984  1089 W ASH     : @ 40309.865: touch gesture: no valid gesture detected
04-17 12:33:00.254452   984  1089 W ASH     : @ 40309.929: touch gesture: no valid gesture detected
04-17 12:33:00.318968   984  1089 W ASH     : @ 40309.994: touch gesture: no valid gesture detected
04-17 12:33:00.383735   984  1089 W ASH     : @ 40310.058: touch gesture: no valid gesture detected
04-17 12:33:00.447901   984  1089 W ASH     : @ 40310.123: touch gesture: no valid gesture detected
04-17 12:33:00.512814   984  1089 W ASH     : @ 40310.187: touch gesture: no valid gesture detected
04-17 12:33:00.576528   984  1089 W ASH     : @ 40310.252: touch gesture: no valid gesture detected
04-17 12:33:00.642256   984  1089 W ASH     : @ 40310.317: touch gesture: no valid gesture detected
04-17 12:33:00.706857   984  1089 W ASH     : @ 40310.381: touch gesture: no valid gesture detected
04-17 12:33:00.770889   984  1089 W ASH     : @ 40310.446: touch gesture: no valid gesture detected
04-17 12:33:00.835697   984  1089 W ASH     : @ 40310.510: touch gesture: no valid gesture detected
04-17 12:33:00.899744   984  1089 W ASH     : @ 40310.575: touch gesture: no valid gesture detected
04-17 12:33:00.964958   984  1089 W ASH     : @ 40310.639: touch gesture: no valid gesture detected
04-17 12:33:01.029021   984  1089 W ASH     : @ 40310.704: touch gesture: no valid gesture detected
04-17 12:33:01.093452   984  1089 W ASH     : @ 40310.768: touch gesture: no valid gesture detected
04-17 12:33:01.158155   984  1089 W ASH     : @ 40310.833: touch gesture: no valid gesture detected
04-17 12:33:01.222521   984  1089 W ASH     : @ 40310.897: touch gesture: no valid gesture detected
04-17 12:33:01.287214   984  1089 W ASH     : @ 40310.962: touch gesture: no valid gesture detected
04-17 12:33:01.351910   984  1089 W ASH     : @ 40311.026: touch gesture: no valid gesture detected
--------- switch to kernel
04-17 12:33:01.371542     0     0 I         : c2   5809 google_charger: usbchg=USB typec=C usbv=5050 usbc=0 usbMv=5000 usbMc=450
04-17 12:33:01.371724     0     0 I         : c2   5809 sm7250_bms: MSC_PCS chg_state=1c2112c01030001 [0x1:1:3:4396:450] chg=u
04-17 12:33:01.371784     0     0 I         : c2   5809 google_battery: MSC_DIN chg_state=1c2112c01030001 f=0x1 chg_s=Not Charging chg_t=None vchg=4396 icl=450
04-17 12:33:01.377537     0     0 I         : c2   5809 google_battery: MSC_DSG vbatt_idx:4->4 vbatt=4396849 ibatt=-4882 fv_uv=4430000 cv_cnt=0 ov_cnt=0
04-17 12:33:01.377603     0     0 I         : c2   5809 google_battery: MSC_VOTE msc_state=2 cv_cnt=0 ov_cnt=0 temp_idx:2, vbatt_idx:4  fv_uv=4430000 cc_max=0 update_interval=-1
04-17 12:33:01.377686     0     0 I         : c2   5809 google_charger: MSC_CHG fv_uv=4430000, cc_max=0, rerun in 2000 ms (0)
--------- switch to main
04-17 12:33:01.416045   984  1089 W ASH     : @ 40311.091: touch gesture: no valid gesture detected
04-17 12:33:01.480798   984  1089 W ASH     : @ 40311.155: touch gesture: no valid gesture detected
04-17 12:33:01.545587   984  1089 W ASH     : @ 40311.220: touch gesture: no valid gesture detected
04-17 12:33:01.609515   984  1089 W ASH     : @ 40311.284: touch gesture: no valid gesture detected
04-17 12:33:01.674173   984  1089 W ASH     : @ 40311.349: touch gesture: no valid gesture detected
04-17 12:33:01.738666   984  1089 W ASH     : @ 40311.413: touch gesture: no valid gesture detected
04-17 12:33:01.803321   984  1089 W ASH     : @ 40311.478: touch gesture: no valid gesture detected
04-17 12:33:01.867682   984  1089 W ASH     : @ 40311.542: touch gesture: no valid gesture detected
04-17 12:33:01.932203   984  1089 W ASH     : @ 40311.607: touch gesture: no valid gesture detected
04-17 12:33:01.962551   990  1023 D rlsservice: MonitorDisplayStatus client num 0, display status 0, sensor status 0
04-17 12:33:01.996814   984  1089 W ASH     : @ 40311.671: touch gesture: no valid gesture detected
04-17 12:33:02.061503   984  1089 W ASH     : @ 40311.736: touch gesture: no valid gesture detected
04-17 12:33:02.126341   984  1089 W ASH     : @ 40311.801: touch gesture: no valid gesture detected
04-17 12:33:02.190309   984  1089 W ASH     : @ 40311.865: touch gesture: no valid gesture detected
04-17 12:33:02.255333   984  1089 W ASH     : @ 40311.930: touch gesture: no valid gesture detected
04-17 12:33:02.319685   984  1089 W ASH     : @ 40311.994: touch gesture: no valid gesture detected
04-17 12:33:02.383668   984  1089 W ASH     : @ 40312.059: touch gesture: no valid gesture detected
04-17 12:33:02.448684   984  1089 W ASH     : @ 40312.123: touch gesture: no valid gesture detected
04-17 12:33:02.513039   984  1089 W ASH     : @ 40312.188: touch gesture: no valid gesture detected
04-17 12:33:02.577373   984  1089 W ASH     : @ 40312.252: touch gesture: no valid gesture detected
04-17 12:33:02.641967   984  1089 W ASH     : @ 40312.317: touch gesture: no valid gesture detected
04-17 12:33:02.706630   984  1089 W ASH     : @ 40312.381: touch gesture: no valid gesture detected
04-17 12:33:02.770999   984  1089 W ASH     : @ 40312.446: touch gesture: no valid gesture detected
04-17 12:33:02.835610   984  1089 W ASH     : @ 40312.510: touch gesture: no valid gesture detected
04-17 12:33:02.900547   984  1089 W ASH     : @ 40312.575: touch gesture: no valid gesture detected
04-17 12:33:02.964925   984  1089 W ASH     : @ 40312.639: touch gesture: no valid gesture detected
04-17 12:33:03.028713   984  1089 W ASH     : @ 40312.704: touch gesture: no valid gesture detected
04-17 12:33:03.093497   984  1089 W ASH     : @ 40312.768: touch gesture: no valid gesture detected
04-17 12:33:03.157969   984  1089 W ASH     : @ 40312.833: touch gesture: no valid gesture detected
04-17 12:33:03.222656   984  1089 W ASH     : @ 40312.897: touch gesture: no valid gesture detected
04-17 12:33:03.287039   984  1089 W ASH     : @ 40312.962: touch gesture: no valid gesture detected
04-17 12:33:03.351695   984  1089 W ASH     : @ 40313.026: touch gesture: no valid gesture detected
--------- switch to kernel
04-17 12:33:03.394424     0     0 I         : c2   5809 google_charger: usbchg=USB typec=C usbv=5048 usbc=0 usbMv=5000 usbMc=450
04-17 12:33:03.394830     0     0 I         : c2   5809 sm7250_bms: MSC_PCS chg_state=1c2112c01030001 [0x1:1:3:4396:450] chg=u
04-17 12:33:03.394950     0     0 I         : c2   5809 google_battery: MSC_DIN chg_state=1c2112c01030001 f=0x1 chg_s=Not Charging chg_t=None vchg=4396 icl=450
04-17 12:33:03.396794     0     0 I         : c2   5809 google_battery: MSC_DSG vbatt_idx:4->4 vbatt=4396849 ibatt=-4882 fv_uv=4430000 cv_cnt=0 ov_cnt=0
04-17 12:33:03.396867     0     0 I         : c2   5809 google_battery: MSC_VOTE msc_state=2 cv_cnt=0 ov_cnt=0 temp_idx:2, vbatt_idx:4  fv_uv=4430000 cc_max=0 update_interval=-1
04-17 12:33:03.396984     0     0 I         : c2   5809 google_charger: MSC_CHG fv_uv=4430000, cc_max=0, rerun in 2000 ms (0)
--------- switch to main
04-17 12:33:03.415996   984  1089 W ASH     : @ 40313.091: touch gesture: no valid gesture detected
04-17 12:33:03.480560   984  1089 W ASH     : @ 40313.155: touch gesture: no valid gesture detected
04-17 12:33:03.545324   984  1089 W ASH     : @ 40313.220: touch gesture: no valid gesture detected
04-17 12:33:03.609598   984  1089 W ASH     : @ 40313.284: touch gesture: no valid gesture detected
04-17 12:33:03.674540   984  1089 W ASH     : @ 40313.349: touch gesture: no valid gesture detected
04-17 12:33:03.739191   984  1089 W ASH     : @ 40313.414: touch gesture: no valid gesture detected
04-17 12:33:03.802344   984  1089 W ASH     : @ 40313.478: touch gesture: no valid gesture detected
04-17 12:33:03.868081   984  1089 W ASH     : @ 40313.543: touch gesture: no valid gesture detected
04-17 12:33:03.932713   984  1089 W ASH     : @ 40313.607: touch gesture: no valid gesture detected
04-17 12:33:03.997369   984  1089 W ASH     : @ 40313.672: touch gesture: no valid gesture detected
04-17 12:33:04.061914   984  1089 W ASH     : @ 40313.736: touch gesture: no valid gesture detected
04-17 12:33:04.126512   984  1089 W ASH     : @ 40313.801: touch gesture: no valid gesture detected
04-17 12:33:04.190576   984  1089 W ASH     : @ 40313.865: touch gesture: no valid gesture detected
04-17 12:33:04.255480   984  1089 W ASH     : @ 40313.930: touch gesture: no valid gesture detected
04-17 12:33:04.319761   984  1089 W ASH     : @ 40313.994: touch gesture: no valid gesture detected
04-17 12:33:04.384437   984  1089 W ASH     : @ 40314.059: touch gesture: no valid gesture detected
04-17 12:33:04.448995   984  1089 W ASH     : @ 40314.123: touch gesture: no valid gesture detected
04-17 12:33:04.513472   984  1089 W ASH     : @ 40314.188: touch gesture: no valid gesture detected
04-17 12:33:04.578012   984  1089 W ASH     : @ 40314.252: touch gesture: no valid gesture detected
04-17 12:33:04.642174   984  1089 W ASH     : @ 40314.317: touch gesture: no valid gesture detected
04-17 12:33:04.706946   984  1089 W ASH     : @ 40314.381: touch gesture: no valid gesture detected
04-17 12:33:04.771099   984  1089 W ASH     : @ 40314.446: touch gesture: no valid gesture detected
04-17 12:33:04.835821   984  1089 W ASH     : @ 40314.510: touch gesture: no valid gesture detected
04-17 12:33:04.899941   984  1089 W ASH     : @ 40314.575: touch gesture: no valid gesture detected
04-17 12:33:04.964497   984  1089 W ASH     : @ 40314.639: touch gesture: no valid gesture detected
04-17 12:33:05.028936   984  1089 W ASH     : @ 40314.704: touch gesture: no valid gesture detected
04-17 12:33:05.093547   984  1089 W ASH     : @ 40314.768: touch gesture: no valid gesture detected
04-17 12:33:05.158177   984  1089 W ASH     : @ 40314.833: touch gesture: no valid gesture detected
04-17 12:33:05.222751   984  1089 W ASH     : @ 40314.897: touch gesture: no valid gesture detected
04-17 12:33:05.287245   984  1089 W ASH     : @ 40314.962: touch gesture: no valid gesture detected
04-17 12:33:05.352001   984  1089 W ASH     : @ 40315.026: touch gesture: no valid gesture detected
04-17 12:33:05.415335   984  1089 W ASH     : @ 40315.091: touch gesture: no valid gesture detected
--------- switch to kernel
04-17 12:33:05.411655     0     0 I         : c2   5809 google_charger: usbchg=USB typec=C usbv=5050 usbc=23 usbMv=5000 usbMc=450
04-17 12:33:05.411842     0     0 I         : c2   5809 sm7250_bms: MSC_PCS chg_state=1c2112c01030001 [0x1:1:3:4396:450] chg=u
04-17 12:33:05.411915     0     0 I         : c2   5809 google_battery: MSC_DIN chg_state=1c2112c01030001 f=0x1 chg_s=Not Charging chg_t=None vchg=4396 icl=450
04-17 12:33:05.413505     0     0 I         : c2   5809 google_battery: MSC_DSG vbatt_idx:4->4 vbatt=4396849 ibatt=-5187 fv_uv=4430000 cv_cnt=0 ov_cnt=0
04-17 12:33:05.413572     0     0 I         : c2   5809 google_battery: MSC_VOTE msc_state=2 cv_cnt=0 ov_cnt=0 temp_idx:2, vbatt_idx:4  fv_uv=4430000 cc_max=0 update_interval=-1
04-17 12:33:05.413687     0     0 I         : c2   5809 google_charger: MSC_CHG fv_uv=4430000, cc_max=0, rerun in 2000 ms (0)
--------- switch to main
04-17 12:33:05.480635   984  1089 W ASH     : @ 40315.155: touch gesture: no valid gesture detected
04-17 12:33:05.545469   984  1089 W ASH     : @ 40315.220: touch gesture: no valid gesture detected
04-17 12:33:05.609665   984  1089 W ASH     : @ 40315.285: touch gesture: no valid gesture detected
04-17 12:33:05.674512   984  1089 W ASH     : @ 40315.349: touch gesture: no valid gesture detected
04-17 12:33:05.739009   984  1089 W ASH     : @ 40315.414: touch gesture: no valid gesture detected
04-17 12:33:05.803474   984  1089 W ASH     : @ 40315.478: touch gesture: no valid gesture detected
04-17 12:33:05.868224   984  1089 W ASH     : @ 40315.543: touch gesture: no valid gesture detected
04-17 12:33:05.932315   984  1089 W ASH     : @ 40315.607: touch gesture: no valid gesture detected
04-17 12:33:05.996714   984  1089 W ASH     : @ 40315.672: touch gesture: no valid gesture detected
04-17 12:33:06.061668   984  1089 W ASH     : @ 40315.736: touch gesture: no valid gesture detected
04-17 12:33:06.125816   984  1089 W ASH     : @ 40315.801: touch gesture: no valid gesture detected
04-17 12:33:06.190457   984  1089 W ASH     : @ 40315.865: touch gesture: no valid gesture detected
04-17 12:33:06.254879   984  1089 W ASH     : @ 40315.930: touch gesture: no valid gesture detected
04-17 12:33:06.319516   984  1089 W ASH     : @ 40315.994: touch gesture: no valid gesture detected
04-17 12:33:06.384067   984  1089 W ASH     : @ 40316.059: touch gesture: no valid gesture detected
04-17 12:33:06.448339   984  1089 W ASH     : @ 40316.123: touch gesture: no valid gesture detected
04-17 12:33:06.512894   984  1089 W ASH     : @ 40316.188: touch gesture: no valid gesture detected
04-17 12:33:06.576651   984  1089 W ASH     : @ 40316.252: touch gesture: no valid gesture detected
04-17 12:33:06.642242   984  1089 W ASH     : @ 40316.317: touch gesture: no valid gesture detected
04-17 12:33:06.706320   984  1089 W ASH     : @ 40316.381: touch gesture: no valid gesture detected
04-17 12:33:06.771420   984  1089 W ASH     : @ 40316.446: touch gesture: no valid gesture detected
04-17 12:33:06.835731   984  1089 W ASH     : @ 40316.510: touch gesture: no valid gesture detected
04-17 12:33:06.900104   984  1089 W ASH     : @ 40316.575: touch gesture: no valid gesture detected
04-17 12:33:06.964538   984  1089 W ASH     : @ 40316.639: touch gesture: no valid gesture detected
04-17 12:33:07.028907   984  1089 W ASH     : @ 40316.704: touch gesture: no valid gesture detected
04-17 12:33:07.093305   984  1089 W ASH     : @ 40316.768: touch gesture: no valid gesture detected
04-17 12:33:07.157691   984  1089 W ASH     : @ 40316.833: touch gesture: no valid gesture detected
04-17 12:33:07.222214   984  1089 W ASH     : @ 40316.897: touch gesture: no valid gesture detected
04-17 12:33:07.287143   984  1089 W ASH     : @ 40316.962: touch gesture: no valid gesture detected
04-17 12:33:07.351328   984  1089 W ASH     : @ 40317.026: touch gesture: no valid gesture detected
04-17 12:33:07.415802   984  1089 W ASH     : @ 40317.091: touch gesture: no valid gesture detected
--------- switch to kernel
04-17 12:33:07.427225     0     0 I         : c2   5809 google_charger: usbchg=USB typec=C usbv=5048 usbc=0 usbMv=5000 usbMc=450
04-17 12:33:07.427412     0     0 I         : c2   5809 sm7250_bms: MSC_PCS chg_state=1c2112c01030001 [0x1:1:3:4396:450] chg=u
04-17 12:33:07.427488     0     0 I         : c2   5809 google_battery: MSC_DIN chg_state=1c2112c01030001 f=0x1 chg_s=Not Charging chg_t=None vchg=4396 icl=450
04-17 12:33:07.429485     0     0 I         : c2   5809 google_battery: MSC_DSG vbatt_idx:4->4 vbatt=4396849 ibatt=-5187 fv_uv=4430000 cv_cnt=0 ov_cnt=0
04-17 12:33:07.429543     0     0 I         : c2   5809 google_battery: MSC_VOTE msc_state=2 cv_cnt=0 ov_cnt=0 temp_idx:2, vbatt_idx:4  fv_uv=4430000 cc_max=0 update_interval=-1
04-17 12:33:07.429628     0     0 I         : c2   5809 google_charger: MSC_CHG fv_uv=4430000, cc_max=0, rerun in 2000 ms (0)
--------- switch to main
04-17 12:33:07.480363   984  1089 W ASH     : @ 40317.155: touch gesture: no valid gesture detected
04-17 12:33:07.544502   984  1089 W ASH     : @ 40317.219: touch gesture: no valid gesture detected
04-17 12:33:07.608987   984  1089 W ASH     : @ 40317.284: touch gesture: no valid gesture detected
04-17 12:33:07.673496   984  1089 W ASH     : @ 40317.348: touch gesture: no valid gesture detected
04-17 12:33:07.738021   984  1089 W ASH     : @ 40317.413: touch gesture: no valid gesture detected
04-17 12:33:07.802553   984  1089 W ASH     : @ 40317.477: touch gesture: no valid gesture detected
04-17 12:33:07.866882   984  1089 W ASH     : @ 40317.542: touch gesture: no valid gesture detected
04-17 12:33:07.931723   984  1089 W ASH     : @ 40317.606: touch gesture: no valid gesture detected
04-17 12:33:07.995819   984  1089 W ASH     : @ 40317.671: touch gesture: no valid gesture detected
04-17 12:33:08.060589   984  1089 W ASH     : @ 40317.735: touch gesture: no valid gesture detected
04-17 12:33:08.124946   984  1089 W ASH     : @ 40317.800: touch gesture: no valid gesture detected
04-17 12:33:08.189672   984  1089 W ASH     : @ 40317.864: touch gesture: no valid gesture detected
04-17 12:33:08.254106   984  1089 W ASH     : @ 40317.929: touch gesture: no valid gesture detected
04-17 12:33:08.318766   984  1089 W ASH     : @ 40317.993: touch gesture: no valid gesture detected
04-17 12:33:08.383069   984  1089 W ASH     : @ 40318.058: touch gesture: no valid gesture detected
04-17 12:33:08.447735   984  1089 W ASH     : @ 40318.122: touch gesture: no valid gesture detected
04-17 12:33:08.512646   984  1089 W ASH     : @ 40318.187: touch gesture: no valid gesture detected
04-17 12:33:08.577212   984  1089 W ASH     : @ 40318.252: touch gesture: no valid gesture detected
04-17 12:33:08.641515   984  1089 W ASH     : @ 40318.316: touch gesture: no valid gesture detected
04-17 12:33:08.705965   984  1089 W ASH     : @ 40318.381: touch gesture: no valid gesture detected
04-17 12:33:08.770859   984  1089 W ASH     : @ 40318.445: touch gesture: no valid gesture detected
04-17 12:33:08.835402   984  1089 W ASH     : @ 40318.510: touch gesture: no valid gesture detected
04-17 12:33:08.899954   984  1089 W ASH     : @ 40318.575: touch gesture: no valid gesture detected
04-17 12:33:08.964513   984  1089 W ASH     : @ 40318.639: touch gesture: no valid gesture detected
04-17 12:33:09.029082   984  1089 W ASH     : @ 40318.704: touch gesture: no valid gesture detected
04-17 12:33:09.093417   984  1089 W ASH     : @ 40318.768: touch gesture: no valid gesture detected
04-17 12:33:09.157998   984  1089 W ASH     : @ 40318.833: touch gesture: no valid gesture detected
04-17 12:33:09.222855   984  1089 W ASH     : @ 40318.898: touch gesture: no valid gesture detected
04-17 12:33:09.287387   984  1089 W ASH     : @ 40318.962: touch gesture: no valid gesture detected
04-17 12:33:09.352216   984  1089 W ASH     : @ 40319.027: touch gesture: no valid gesture detected
04-17 12:33:09.416589   984  1089 W ASH     : @ 40319.091: touch gesture: no valid gesture detected
--------- switch to kernel
04-17 12:33:09.445278     0     0 I         : c2   5809 google_charger: usbchg=USB typec=C usbv=5051 usbc=0 usbMv=5000 usbMc=450
04-17 12:33:09.445455     0     0 I         : c2   5809 sm7250_bms: MSC_PCS chg_state=1c2112c01030001 [0x1:1:3:4396:450] chg=u
04-17 12:33:09.445626     0     0 I         : c2   5809 google_battery: MSC_DIN chg_state=1c2112c01030001 f=0x1 chg_s=Not Charging chg_t=None vchg=4396 icl=450
04-17 12:33:09.447096     0     0 I         : c2   5809 google_battery: MSC_DSG vbatt_idx:4->4 vbatt=4396849 ibatt=-5187 fv_uv=4430000 cv_cnt=0 ov_cnt=0
04-17 12:33:09.447160     0     0 I         : c2   5809 google_battery: MSC_VOTE msc_state=2 cv_cnt=0 ov_cnt=0 temp_idx:2, vbatt_idx:4  fv_uv=4430000 cc_max=0 update_interval=-1
04-17 12:33:09.447262     0     0 I         : c2   5809 google_charger: MSC_CHG fv_uv=4430000, cc_max=0, rerun in 2000 ms (0)
--------- switch to main
04-17 12:33:09.479726   984  1089 W ASH     : @ 40319.156: touch gesture: no valid gesture detected
04-17 12:33:09.545667   984  1089 W ASH     : @ 40319.220: touch gesture: no valid gesture detected
04-17 12:33:09.610007   984  1089 W ASH     : @ 40319.285: touch gesture: no valid gesture detected
04-17 12:33:09.674228   984  1089 W ASH     : @ 40319.349: touch gesture: no valid gesture detected
04-17 12:33:09.739141   984  1089 W ASH     : @ 40319.414: touch gesture: no valid gesture detected
04-17 12:33:09.803409   984  1089 W ASH     : @ 40319.478: touch gesture: no valid gesture detected
04-17 12:33:09.867942   984  1089 W ASH     : @ 40319.543: touch gesture: no valid gesture detected
04-17 12:33:09.933072   984  1089 W ASH     : @ 40319.608: touch gesture: no valid gesture detected
04-17 12:33:09.997415   984  1089 W ASH     : @ 40319.672: touch gesture: no valid gesture detected
04-17 12:33:10.061583   984  1089 W ASH     : @ 40319.736: touch gesture: no valid gesture detected
04-17 12:33:10.125968   984  1089 W ASH     : @ 40319.801: touch gesture: no valid gesture detected
04-17 12:33:10.191029   984  1089 W ASH     : @ 40319.866: touch gesture: no valid gesture detected
04-17 12:33:10.255645   984  1089 W ASH     : @ 40319.930: touch gesture: no valid gesture detected
04-17 12:33:10.320058   984  1089 W ASH     : @ 40319.995: touch gesture: no valid gesture detected
04-17 12:33:10.384513   984  1089 W ASH     : @ 40320.059: touch gesture: no valid gesture detected
04-17 12:33:10.449295   984  1089 W ASH     : @ 40320.124: touch gesture: no valid gesture detected
04-17 12:33:10.513641   984  1089 W ASH     : @ 40320.188: touch gesture: no valid gesture detected
04-17 12:33:10.578187   984  1089 W ASH     : @ 40320.253: touch gesture: no valid gesture detected
04-17 12:33:10.642771   984  1089 W ASH     : @ 40320.318: touch gesture: no valid gesture detected
04-17 12:33:10.707446   984  1089 W ASH     : @ 40320.382: touch gesture: no valid gesture detected
04-17 12:33:10.771706   984  1089 W ASH     : @ 40320.447: touch gesture: no valid gesture detected
04-17 12:33:10.836499   984  1089 W ASH     : @ 40320.511: touch gesture: no valid gesture detected
04-17 12:33:10.900977   984  1089 W ASH     : @ 40320.576: touch gesture: no valid gesture detected
04-17 12:33:10.965459   984  1089 W ASH     : @ 40320.640: touch gesture: no valid gesture detected
04-17 12:33:11.030068   984  1089 W ASH     : @ 40320.705: touch gesture: no valid gesture detected
04-17 12:33:11.094484   984  1089 W ASH     : @ 40320.769: touch gesture: no valid gesture detected
04-17 12:33:11.159219   984  1089 W ASH     : @ 40320.834: touch gesture: no valid gesture detected
04-17 12:33:11.223481   984  1089 W ASH     : @ 40320.898: touch gesture: no valid gesture detected
04-17 12:33:11.288027   984  1089 W ASH     : @ 40320.963: touch gesture: no valid gesture detected
04-17 12:33:11.352645   984  1089 W ASH     : @ 40321.027: touch gesture: no valid gesture detected
04-17 12:33:11.417206   984  1089 W ASH     : @ 40321.092: touch gesture: no valid gesture detected
--------- switch to kernel
04-17 12:33:11.461903     0     0 I         : c2   5809 google_charger: usbchg=USB typec=C usbv=5051 usbc=0 usbMv=5000 usbMc=450
04-17 12:33:11.462084     0     0 I         : c2   5809 sm7250_bms: MSC_PCS chg_state=1c2112c01030001 [0x1:1:3:4396:450] chg=u
04-17 12:33:11.462164     0     0 I         : c2   5809 google_battery: MSC_DIN chg_state=1c2112c01030001 f=0x1 chg_s=Not Charging chg_t=None vchg=4396 icl=450
04-17 12:33:11.463888     0     0 I         : c2   5809 google_battery: MSC_DSG vbatt_idx:4->4 vbatt=4396849 ibatt=-5187 fv_uv=4430000 cv_cnt=0 ov_cnt=0
04-17 12:33:11.463953     0     0 I         : c2   5809 google_battery: MSC_VOTE msc_state=2 cv_cnt=0 ov_cnt=0 temp_idx:2, vbatt_idx:4  fv_uv=4430000 cc_max=0 update_interval=-1
04-17 12:33:11.464062     0     0 I         : c2   5809 google_charger: MSC_CHG fv_uv=4430000, cc_max=0, rerun in 2000 ms (0)
--------- switch to main
04-17 12:33:11.480697   984  1089 W ASH     : @ 40321.157: touch gesture: no valid gesture detected
04-17 12:33:11.546558   984  1089 W ASH     : @ 40321.221: touch gesture: no valid gesture detected
04-17 12:33:11.610908   984  1089 W ASH     : @ 40321.286: touch gesture: no valid gesture detected
04-17 12:33:11.675571   984  1089 W ASH     : @ 40321.350: touch gesture: no valid gesture detected
04-17 12:33:11.739903   984  1089 W ASH     : @ 40321.415: touch gesture: no valid gesture detected
04-17 12:33:11.804645   984  1089 W ASH     : @ 40321.479: touch gesture: no valid gesture detected
04-17 12:33:11.869142   984  1089 W ASH     : @ 40321.544: touch gesture: no valid gesture detected
04-17 12:33:11.933652   984  1089 W ASH     : @ 40321.608: touch gesture: no valid gesture detected
04-17 12:33:11.998214   984  1089 W ASH     : @ 40321.673: touch gesture: no valid gesture detected
04-17 12:33:12.062750   984  1089 W ASH     : @ 40321.738: touch gesture: no valid gesture detected
04-17 12:33:12.127380   984  1089 W ASH     : @ 40321.802: touch gesture: no valid gesture detected
04-17 12:33:12.192137   984  1089 W ASH     : @ 40321.867: touch gesture: no valid gesture detected
04-17 12:33:12.256698   984  1089 W ASH     : @ 40321.931: touch gesture: no valid gesture detected
04-17 12:33:12.321978   984  1089 W ASH     : @ 40321.996: touch gesture: no valid gesture detected
04-17 12:33:12.385775   984  1089 W ASH     : @ 40322.061: touch gesture: no valid gesture detected
04-17 12:33:12.450298   984  1089 W ASH     : @ 40322.125: touch gesture: no valid gesture detected
04-17 12:33:12.514835   984  1089 W ASH     : @ 40322.190: touch gesture: no valid gesture detected
04-17 12:33:12.579404   984  1089 W ASH     : @ 40322.254: touch gesture: no valid gesture detected
04-17 12:33:12.643777   984  1089 W ASH     : @ 40322.319: touch gesture: no valid gesture detected
04-17 12:33:12.708716   984  1089 W ASH     : @ 40322.383: touch gesture: no valid gesture detected
04-17 12:33:12.773432   984  1089 W ASH     : @ 40322.448: touch gesture: no valid gesture detected
04-17 12:33:12.837794   984  1089 W ASH     : @ 40322.512: touch gesture: no valid gesture detected
04-17 12:33:12.902200   984  1089 W ASH     : @ 40322.577: touch gesture: no valid gesture detected
04-17 12:33:12.966819   984  1089 W ASH     : @ 40322.642: touch gesture: no valid gesture detected
04-17 12:33:13.031412   984  1089 W ASH     : @ 40322.706: touch gesture: no valid gesture detected
04-17 12:33:13.095576   984  1089 W ASH     : @ 40322.771: touch gesture: no valid gesture detected
04-17 12:33:13.160144   984  1089 W ASH     : @ 40322.835: touch gesture: no valid gesture detected
