04-17 11:55:08.809518   984  1089 W ASH     : @ 38038.484: touch gesture: no valid gesture detected
04-17 11:55:08.873795   984  1089 W ASH     : @ 38038.549: touch gesture: no valid gesture detected
04-17 11:55:08.938543   984  1089 W ASH     : @ 38038.613: touch gesture: no valid gesture detected
04-17 11:55:09.003734   984  1089 W ASH     : @ 38038.678: touch gesture: no valid gesture detected
04-17 11:55:09.067768   984  1089 W ASH     : @ 38038.743: touch gesture: no valid gesture detected
04-17 11:55:09.132413   984  1089 W ASH     : @ 38038.807: touch gesture: no valid gesture detected
04-17 11:55:09.197095   984  1089 W ASH     : @ 38038.872: touch gesture: no valid gesture detected
04-17 11:55:09.261749   984  1089 W ASH     : @ 38038.937: touch gesture: no valid gesture detected
04-17 11:55:09.326246   984  1089 W ASH     : @ 38039.001: touch gesture: no valid gesture detected
04-17 11:55:09.390669   984  1089 W ASH     : @ 38039.066: touch gesture: no valid gesture detected
04-17 11:55:09.454424   984  1089 W ASH     : @ 38039.130: touch gesture: no valid gesture detected
04-17 11:55:09.519925   984  1089 W ASH     : @ 38039.195: touch gesture: no valid gesture detected
04-17 11:55:09.584935   984  1089 W ASH     : @ 38039.260: touch gesture: no valid gesture detected
04-17 11:55:09.649233   984  1089 W ASH     : @ 38039.324: touch gesture: no valid gesture detected
04-17 11:55:09.713445   984  1089 W ASH     : @ 38039.389: touch gesture: no valid gesture detected
04-17 11:55:09.778423   984  1089 W ASH     : @ 38039.453: touch gesture: no valid gesture detected
04-17 11:55:09.842875   984  1089 W ASH     : @ 38039.518: touch gesture: no valid gesture detected
04-17 11:55:09.907428   984  1089 W ASH     : @ 38039.582: touch gesture: no valid gesture detected
04-17 11:55:09.971701   984  1089 W ASH     : @ 38039.647: touch gesture: no valid gesture detected
04-17 11:55:10.036607   984  1089 W ASH     : @ 38039.711: touch gesture: no valid gesture detected
04-17 11:55:10.101023   984  1089 W ASH     : @ 38039.776: touch gesture: no valid gesture detected
04-17 11:55:10.165577   984  1089 W ASH     : @ 38039.841: touch gesture: no valid gesture detected
04-17 11:55:10.230131   984  1089 W ASH     : @ 38039.905: touch gesture: no valid gesture detected
04-17 11:55:10.294737   984  1089 W ASH     : @ 38039.970: touch gesture: no valid gesture detected
04-17 11:55:10.359232   984  1089 W ASH     : @ 38040.034: touch gesture: no valid gesture detected
04-17 11:55:10.423931   984  1089 W ASH     : @ 38040.099: touch gesture: no valid gesture detected
04-17 11:55:10.488475   984  1089 W ASH     : @ 38040.163: touch gesture: no valid gesture detected
04-17 11:55:10.553142   984  1089 W ASH     : @ 38040.228: touch gesture: no valid gesture detected
04-17 11:55:10.617518   984  1089 W ASH     : @ 38040.293: touch gesture: no valid gesture detected
04-17 11:55:10.682284   984  1089 W ASH     : @ 38040.357: touch gesture: no valid gesture detected
04-17 11:55:10.746793   984  1089 W ASH     : @ 38040.422: touch gesture: no valid gesture detected
04-17 11:55:10.811210   984  1089 W ASH     : @ 38040.486: touch gesture: no valid gesture detected
04-17 11:55:10.876045   984  1089 W ASH     : @ 38040.551: touch gesture: no valid gesture detected
04-17 11:55:10.940721   984  1089 W ASH     : @ 38040.616: touch gesture: no valid gesture detected
04-17 11:55:11.005447   984  1089 W ASH     : @ 38040.680: touch gesture: no valid gesture detected
04-17 11:55:11.069868   984  1089 W ASH     : @ 38040.745: touch gesture: no valid gesture detected
04-17 11:55:11.134743   984  1089 W ASH     : @ 38040.810: touch gesture: no valid gesture detected
04-17 11:55:11.198956   984  1089 W ASH     : @ 38040.874: touch gesture: no valid gesture detected
04-17 11:55:11.263590   984  1089 W ASH     : @ 38040.939: touch gesture: no valid gesture detected
04-17 11:55:11.328255   984  1089 W ASH     : @ 38041.003: touch gesture: no valid gesture detected
04-17 11:55:11.392687   984  1089 W ASH     : @ 38041.068: touch gesture: no valid gesture detected
04-17 11:55:11.457509   984  1089 W ASH     : @ 38041.133: touch gesture: no valid gesture detected
04-17 11:55:11.522267   984  1089 W ASH     : @ 38041.197: touch gesture: no valid gesture detected
04-17 11:55:11.587116   984  1089 W ASH     : @ 38041.262: touch gesture: no valid gesture detected
04-17 11:55:11.651825   984  1089 W ASH     : @ 38041.326: touch gesture: no valid gesture detected
04-17 11:55:11.716022   984  1089 W ASH     : @ 38041.391: touch gesture: no valid gesture detected
04-17 11:55:11.780881   984  1089 W ASH     : @ 38041.455: touch gesture: no valid gesture detected
04-17 11:55:11.845605   984  1089 W ASH     : @ 38041.520: touch gesture: no valid gesture detected
04-17 11:55:11.909580   984  1089 W ASH     : @ 38041.585: touch gesture: no valid gesture detected
04-17 11:55:11.974419   984  1089 W ASH     : @ 38041.649: touch gesture: no valid gesture detected
04-17 11:55:12.039011   984  1089 W ASH     : @ 38041.714: touch gesture: no valid gesture detected
04-17 11:55:12.103438   984  1089 W ASH     : @ 38041.778: touch gesture: no valid gesture detected
04-17 11:55:12.167849   984  1089 W ASH     : @ 38041.843: touch gesture: no valid gesture detected
04-17 11:55:12.232605   984  1089 W ASH     : @ 38041.908: touch gesture: no valid gesture detected
04-17 11:55:12.297363   984  1089 W ASH     : @ 38041.972: touch gesture: no valid gesture detected
04-17 11:55:12.361926   984  1089 W ASH     : @ 38042.037: touch gesture: no valid gesture detected
04-17 11:55:12.426499   984  1089 W ASH     : @ 38042.101: touch gesture: no valid gesture detected
04-17 11:55:12.490777   984  1089 W ASH     : @ 38042.166: touch gesture: no valid gesture detected
04-17 11:55:12.555710   984  1089 W ASH     : @ 38042.231: touch gesture: no valid gesture detected
04-17 11:55:12.620283   984  1089 W ASH     : @ 38042.295: touch gesture: no valid gesture detected
04-17 11:55:12.684132   984  1089 W ASH     : @ 38042.359: touch gesture: no valid gesture detected
04-17 11:55:12.749297   984  1089 W ASH     : @ 38042.424: touch gesture: no valid gesture detected
04-17 11:55:12.813882   984  1089 W ASH     : @ 38042.489: touch gesture: no valid gesture detected
04-17 11:55:12.879116   984  1089 W ASH     : @ 38042.554: touch gesture: no valid gesture detected
04-17 11:55:12.943539   984  1089 W ASH     : @ 38042.618: touch gesture: no valid gesture detected
04-17 11:55:13.007858   984  1089 W ASH     : @ 38042.683: touch gesture: no valid gesture detected
04-17 11:55:13.072508   984  1089 W ASH     : @ 38042.748: touch gesture: no valid gesture detected
04-17 11:55:13.137118   984  1089 W ASH     : @ 38042.812: touch gesture: no valid gesture detected
04-17 11:55:13.201965   984  1089 W ASH     : @ 38042.877: touch gesture: no valid gesture detected
04-17 11:55:13.266526   984  1089 W ASH     : @ 38042.941: touch gesture: no valid gesture detected
04-17 11:55:13.331100   984  1089 W ASH     : @ 38043.006: touch gesture: no valid gesture detected
04-17 11:55:13.395964   984  1089 W ASH     : @ 38043.071: touch gesture: no valid gesture detected
04-17 11:55:13.460829   984  1089 W ASH     : @ 38043.135: touch gesture: no valid gesture detected
04-17 11:55:13.525510   984  1089 W ASH     : @ 38043.200: touch gesture: no valid gesture detected
04-17 11:55:13.589896   984  1089 W ASH     : @ 38043.265: touch gesture: no valid gesture detected
04-17 11:55:13.654528   984  1089 W ASH     : @ 38043.329: touch gesture: no valid gesture detected
04-17 11:55:13.719553   984  1089 W ASH     : @ 38043.394: touch gesture: no valid gesture detected
04-17 11:55:13.784114   984  1089 W ASH     : @ 38043.459: touch gesture: no valid gesture detected
04-17 11:55:13.848189   984  1089 W ASH     : @ 38043.523: touch gesture: no valid gesture detected
04-17 11:55:13.912177   984  1089 W ASH     : @ 38043.588: touch gesture: no valid gesture detected
04-17 11:55:13.977823   984  1089 W ASH     : @ 38043.653: touch gesture: no valid gesture detected
04-17 11:55:14.042389   984  1089 W ASH     : @ 38043.717: touch gesture: no valid gesture detected
04-17 11:55:14.107015   984  1089 W ASH     : @ 38043.782: touch gesture: no valid gesture detected
04-17 11:55:14.171475   984  1089 W ASH     : @ 38043.847: touch gesture: no valid gesture detected
04-17 11:55:14.236197   984  1089 W ASH     : @ 38043.911: touch gesture: no valid gesture detected
04-17 11:55:14.300793   984  1089 W ASH     : @ 38043.976: touch gesture: no valid gesture detected
04-17 11:55:14.365672   984  1089 W ASH     : @ 38044.040: touch gesture: no valid gesture detected
04-17 11:55:14.429932   984  1089 W ASH     : @ 38044.105: touch gesture: no valid gesture detected
04-17 11:55:14.494496   984  1089 W ASH     : @ 38044.170: touch gesture: no valid gesture detected
04-17 11:55:14.559332   984  1089 W ASH     : @ 38044.234: touch gesture: no valid gesture detected
04-17 11:55:14.623931   984  1089 W ASH     : @ 38044.299: touch gesture: no valid gesture detected
04-17 11:55:14.688561   984  1089 W ASH     : @ 38044.363: touch gesture: no valid gesture detected
04-17 11:55:14.753287   984  1089 W ASH     : @ 38044.428: touch gesture: no valid gesture detected
04-17 11:55:14.817666   984  1089 W ASH     : @ 38044.493: touch gesture: no valid gesture detected
04-17 11:55:14.882521   984  1089 W ASH     : @ 38044.557: touch gesture: no valid gesture detected
04-17 11:55:14.946728   984  1089 W ASH     : @ 38044.622: touch gesture: no valid gesture detected
04-17 11:55:15.011514   984  1089 W ASH     : @ 38044.686: touch gesture: no valid gesture detected
04-17 11:55:15.076286   984  1089 W ASH     : @ 38044.751: touch gesture: no valid gesture detected
04-17 11:55:15.141019   984  1089 W ASH     : @ 38044.816: touch gesture: no valid gesture detected
04-17 11:55:15.205200   984  1089 W ASH     : @ 38044.880: touch gesture: no valid gesture detected
04-17 11:55:15.269846   984  1089 W ASH     : @ 38044.945: touch gesture: no valid gesture detected
04-17 11:55:15.334687   984  1089 W ASH     : @ 38045.009: touch gesture: no valid gesture detected
04-17 11:55:15.398948   984  1089 W ASH     : @ 38045.074: touch gesture: no valid gesture detected
04-17 11:55:15.463601   984  1089 W ASH     : @ 38045.139: touch gesture: no valid gesture detected
04-17 11:55:15.528426   984  1089 W ASH     : @ 38045.203: touch gesture: no valid gesture detected
04-17 11:55:15.593259   984  1089 W ASH     : @ 38045.268: touch gesture: no valid gesture detected
04-17 11:55:15.657412   984  1089 W ASH     : @ 38045.332: touch gesture: no valid gesture detected
04-17 11:55:15.721875   984  1089 W ASH     : @ 38045.397: touch gesture: no valid gesture detected
04-17 11:55:15.787056   984  1089 W ASH     : @ 38045.462: touch gesture: no valid gesture detected
04-17 11:55:15.851176   984  1089 W ASH     : @ 38045.526: touch gesture: no valid gesture detected
--------- switch to kernel
04-17 11:55:15.867571     0     0 W         : c2    973 healthd: battery l=100 v=4399 t=22.7 h=2 st=5 c=5493 fc=3349000 cc=353 chg=u
04-17 11:55:15.869109     0     0 I         : c2   5787 google_charger: usbchg=USB typec=C usbv=4999 usbc=140 usbMv=5000 usbMc=450
04-17 11:55:15.869249     0     0 I         : c2   5787 sm7250_bms: MSC_PCS chg_state=1c2112f01030001 [0x1:1:3:4399:450] chg=u
04-17 11:55:15.869275     0     0 I         : c2   5787 google_battery: MSC_DIN chg_state=1c2112f01030001 f=0x1 chg_s=Not Charging chg_t=None vchg=4399 icl=450
04-17 11:55:15.871037     0     0 I         : c2   5787 google_battery: MSC_DSG vbatt_idx:4->4 vbatt=4399964 ibatt=-5493 fv_uv=4430000 cv_cnt=0 ov_cnt=0
04-17 11:55:15.871068     0     0 I         : c2   5787 google_battery: MSC_VOTE msc_state=2 cv_cnt=0 ov_cnt=0 temp_idx:2, vbatt_idx:4  fv_uv=4430000 cc_max=0 update_interval=-1
04-17 11:55:15.871101     0     0 I         : c2   5787 google_charger: MSC_CHG fv_uv=4430000, cc_max=0, rerun in 2000 ms (0)
--------- switch to main
04-17 11:55:15.913679   984  1089 W ASH     : @ 38045.591: touch gesture: no valid gesture detected
--------- switch to kernel
04-17 11:55:15.935756     0     0 I         : c1   5762 qcom_rpmh DRV:apps_rsc TCS Busy, retrying RPMH message send: addr=0x30000
--------- switch to main
04-17 11:55:15.980306   984  1089 W ASH     : @ 38045.655: touch gesture: no valid gesture detected
04-17 11:55:16.044830   984  1089 W ASH     : @ 38045.720: touch gesture: no valid gesture detected
04-17 11:55:16.109591   984  1089 W ASH     : @ 38045.784: touch gesture: no valid gesture detected
04-17 11:55:16.174068   984  1089 W ASH     : @ 38045.849: touch gesture: no valid gesture detected
04-17 11:55:16.238394   984  1089 W ASH     : @ 38045.914: touch gesture: no valid gesture detected
04-17 11:55:16.303324   984  1089 W ASH     : @ 38045.978: touch gesture: no valid gesture detected
04-17 11:55:16.367623   984  1089 W ASH     : @ 38046.043: touch gesture: no valid gesture detected
04-17 11:55:16.432372   984  1089 W ASH     : @ 38046.107: touch gesture: no valid gesture detected
04-17 11:55:16.495891   984  1089 W ASH     : @ 38046.172: touch gesture: no valid gesture detected
04-17 11:55:16.561667   984  1089 W ASH     : @ 38046.237: touch gesture: no valid gesture detected
04-17 11:55:16.626481   984  1089 W ASH     : @ 38046.301: touch gesture: no valid gesture detected
04-17 11:55:16.689548   984  1089 W ASH     : @ 38046.366: touch gesture: no valid gesture detected
04-17 11:55:16.755453   984  1089 W ASH     : @ 38046.430: touch gesture: no valid gesture detected
04-17 11:55:16.819814   984  1089 W ASH     : @ 38046.495: touch gesture: no valid gesture detected
04-17 11:55:16.884538   984  1089 W ASH     : @ 38046.559: touch gesture: no valid gesture detected
04-17 11:55:16.948924   984  1089 W ASH     : @ 38046.624: touch gesture: no valid gesture detected
04-17 11:55:17.013802   984  1089 W ASH     : @ 38046.688: touch gesture: no valid gesture detected
04-17 11:55:17.078053   984  1089 W ASH     : @ 38046.753: touch gesture: no valid gesture detected
04-17 11:55:17.143105   984  1089 W ASH     : @ 38046.818: touch gesture: no valid gesture detected
04-17 11:55:17.207428   984  1089 W ASH     : @ 38046.882: touch gesture: no valid gesture detected
04-17 11:55:17.271712   984  1089 W ASH     : @ 38046.947: touch gesture: no valid gesture detected
04-17 11:55:17.336411   984  1089 W ASH     : @ 38047.011: touch gesture: no valid gesture detected
04-17 11:55:17.400957   984  1089 W ASH     : @ 38047.076: touch gesture: no valid gesture detected
04-17 11:55:17.465694   984  1089 W ASH     : @ 38047.141: touch gesture: no valid gesture detected
04-17 11:55:17.530250   984  1089 W ASH     : @ 38047.205: touch gesture: no valid gesture detected
04-17 11:55:17.595018   984  1089 W ASH     : @ 38047.270: touch gesture: no valid gesture detected
04-17 11:55:17.659618   984  1089 W ASH     : @ 38047.335: touch gesture: no valid gesture detected
04-17 11:55:17.724158   984  1089 W ASH     : @ 38047.399: touch gesture: no valid gesture detected
04-17 11:55:17.788790   984  1089 W ASH     : @ 38047.464: touch gesture: no valid gesture detected
04-17 11:55:17.853480   984  1089 W ASH     : @ 38047.528: touch gesture: no valid gesture detected
--------- switch to kernel
04-17 11:55:17.879198     0     0 I         : c2   5792 google_charger: usbchg=USB typec=C usbv=5019 usbc=24 usbMv=5000 usbMc=450
04-17 11:55:17.879369     0     0 I         : c2   5792 sm7250_bms: MSC_PCS chg_state=1c2112f01030001 [0x1:1:3:4399:450] chg=u
04-17 11:55:17.879435     0     0 I         : c2   5792 google_battery: MSC_DIN chg_state=1c2112f01030001 f=0x1 chg_s=Not Charging chg_t=None vchg=4399 icl=450
04-17 11:55:17.881033     0     0 I         : c2   5792 google_battery: MSC_DSG vbatt_idx:4->4 vbatt=4399964 ibatt=-5493 fv_uv=4430000 cv_cnt=0 ov_cnt=0
04-17 11:55:17.881093     0     0 I         : c2   5792 google_battery: MSC_VOTE msc_state=2 cv_cnt=0 ov_cnt=0 temp_idx:2, vbatt_idx:4  fv_uv=4430000 cc_max=0 update_interval=-1
04-17 11:55:17.881188     0     0 I         : c2   5792 google_charger: MSC_CHG fv_uv=4430000, cc_max=0, rerun in 2000 ms (0)
--------- switch to main
04-17 11:55:17.918094   984  1089 W ASH     : @ 38047.593: touch gesture: no valid gesture detected
04-17 11:55:17.982292   984  1089 W ASH     : @ 38047.657: touch gesture: no valid gesture detected
04-17 11:55:18.047327   984  1089 W ASH     : @ 38047.722: touch gesture: no valid gesture detected
04-17 11:55:18.111817   984  1089 W ASH     : @ 38047.787: touch gesture: no valid gesture detected
04-17 11:55:18.176045   984  1089 W ASH     : @ 38047.851: touch gesture: no valid gesture detected
04-17 11:55:18.241244   984  1089 W ASH     : @ 38047.916: touch gesture: no valid gesture detected
04-17 11:55:18.305725   984  1089 W ASH     : @ 38047.981: touch gesture: no valid gesture detected
04-17 11:55:18.370365   984  1089 W ASH     : @ 38048.045: touch gesture: no valid gesture detected
04-17 11:55:18.434748   984  1089 W ASH     : @ 38048.110: touch gesture: no valid gesture detected
04-17 11:55:18.499266   984  1089 W ASH     : @ 38048.174: touch gesture: no valid gesture detected
04-17 11:55:18.563624   984  1089 W ASH     : @ 38048.239: touch gesture: no valid gesture detected
04-17 11:55:18.627636   984  1089 W ASH     : @ 38048.303: touch gesture: no valid gesture detected
04-17 11:55:18.692778   984  1089 W ASH     : @ 38048.368: touch gesture: no valid gesture detected
04-17 11:55:18.757438   984  1089 W ASH     : @ 38048.433: touch gesture: no valid gesture detected
04-17 11:55:18.822281   984  1089 W ASH     : @ 38048.497: touch gesture: no valid gesture detected
04-17 11:55:18.886384   984  1089 W ASH     : @ 38048.562: touch gesture: no valid gesture detected
04-17 11:55:18.951468   984  1089 W ASH     : @ 38048.626: touch gesture: no valid gesture detected
04-17 11:55:19.015922   984  1089 W ASH     : @ 38048.691: touch gesture: no valid gesture detected
04-17 11:55:19.080606   984  1089 W ASH     : @ 38048.756: touch gesture: no valid gesture detected
04-17 11:55:19.145008   984  1089 W ASH     : @ 38048.820: touch gesture: no valid gesture detected
04-17 11:55:19.209689   984  1089 W ASH     : @ 38048.885: touch gesture: no valid gesture detected
04-17 11:55:19.273978   984  1089 W ASH     : @ 38048.949: touch gesture: no valid gesture detected
04-17 11:55:19.338524   984  1089 W ASH     : @ 38049.014: touch gesture: no valid gesture detected
04-17 11:55:19.403293   984  1089 W ASH     : @ 38049.078: touch gesture: no valid gesture detected
04-17 11:55:19.467686   984  1089 W ASH     : @ 38049.143: touch gesture: no valid gesture detected
04-17 11:55:19.532509   984  1089 W ASH     : @ 38049.208: touch gesture: no valid gesture detected
04-17 11:55:19.596905   984  1089 W ASH     : @ 38049.272: touch gesture: no valid gesture detected
04-17 11:55:19.661724   984  1089 W ASH     : @ 38049.337: touch gesture: no valid gesture detected
04-17 11:55:19.724942   984  1089 W ASH     : @ 38049.401: touch gesture: no valid gesture detected
04-17 11:55:19.790627   984  1089 W ASH     : @ 38049.466: touch gesture: no valid gesture detected
04-17 11:55:19.855198   984  1089 W ASH     : @ 38049.530: touch gesture: no valid gesture detected
--------- switch to kernel
04-17 11:55:19.889864     0     0 I         : c2   5792 google_charger: usbchg=USB typec=C usbv=5026 usbc=0 usbMv=5000 usbMc=450
04-17 11:55:19.890063     0     0 I         : c2   5792 sm7250_bms: MSC_PCS chg_state=1c2112f01030001 [0x1:1:3:4399:450] chg=u
04-17 11:55:19.890144     0     0 I         : c2   5792 google_battery: MSC_DIN chg_state=1c2112f01030001 f=0x1 chg_s=Not Charging chg_t=None vchg=4399 icl=450
04-17 11:55:19.891650     0     0 I         : c2   5792 google_battery: MSC_DSG vbatt_idx:4->4 vbatt=4399964 ibatt=-4577 fv_uv=4430000 cv_cnt=0 ov_cnt=0
04-17 11:55:19.892110     0     0 I         : c2   5792 google_battery: MSC_VOTE msc_state=2 cv_cnt=0 ov_cnt=0 temp_idx:2, vbatt_idx:4  fv_uv=4430000 cc_max=0 update_interval=-1
04-17 11:55:19.892216     0     0 I         : c2   5792 google_charger: MSC_CHG fv_uv=4430000, cc_max=0, rerun in 2000 ms (0)
--------- switch to main
04-17 11:55:19.920141   984  1089 W ASH     : @ 38049.595: touch gesture: no valid gesture detected
04-17 11:55:19.984623   984  1089 W ASH     : @ 38049.660: touch gesture: no valid gesture detected
04-17 11:55:20.049205   984  1089 W ASH     : @ 38049.724: touch gesture: no valid gesture detected
04-17 11:55:20.113920   984  1089 W ASH     : @ 38049.789: touch gesture: no valid gesture detected
04-17 11:55:20.178456   984  1089 W ASH     : @ 38049.853: touch gesture: no valid gesture detected
04-17 11:55:20.242792   984  1089 W ASH     : @ 38049.918: touch gesture: no valid gesture detected
04-17 11:55:20.307579   984  1089 W ASH     : @ 38049.982: touch gesture: no valid gesture detected
04-17 11:55:20.372277   984  1089 W ASH     : @ 38050.047: touch gesture: no valid gesture detected
04-17 11:55:20.437259   984  1089 W ASH     : @ 38050.112: touch gesture: no valid gesture detected
04-17 11:55:20.501600   984  1089 W ASH     : @ 38050.176: touch gesture: no valid gesture detected
04-17 11:55:20.566094   984  1089 W ASH     : @ 38050.241: touch gesture: no valid gesture detected
04-17 11:55:20.630537   984  1089 W ASH     : @ 38050.305: touch gesture: no valid gesture detected
04-17 11:55:20.695089   984  1089 W ASH     : @ 38050.370: touch gesture: no valid gesture detected
04-17 11:55:20.759712   984  1089 W ASH     : @ 38050.435: touch gesture: no valid gesture detected
04-17 11:55:20.824331   984  1089 W ASH     : @ 38050.499: touch gesture: no valid gesture detected
04-17 11:55:20.888900   984  1089 W ASH     : @ 38050.564: touch gesture: no valid gesture detected
04-17 11:55:20.953410   984  1089 W ASH     : @ 38050.628: touch gesture: no valid gesture detected
04-17 11:55:21.018018   984  1089 W ASH     : @ 38050.693: touch gesture: no valid gesture detected
04-17 11:55:21.082327   984  1089 W ASH     : @ 38050.757: touch gesture: no valid gesture detected
04-17 11:55:21.147221   984  1089 W ASH     : @ 38050.822: touch gesture: no valid gesture detected
04-17 11:55:21.211460   984  1089 W ASH     : @ 38050.887: touch gesture: no valid gesture detected
04-17 11:55:21.276346   984  1089 W ASH     : @ 38050.951: touch gesture: no valid gesture detected
04-17 11:55:21.340508   984  1089 W ASH     : @ 38051.016: touch gesture: no valid gesture detected
04-17 11:55:21.404274   984  1089 W ASH     : @ 38051.080: touch gesture: no valid gesture detected
04-17 11:55:21.469665   984  1089 W ASH     : @ 38051.145: touch gesture: no valid gesture detected
04-17 11:55:21.534299   984  1089 W ASH     : @ 38051.209: touch gesture: no valid gesture detected
04-17 11:55:21.599044   984  1089 W ASH     : @ 38051.274: touch gesture: no valid gesture detected
04-17 11:55:21.662535   984  1089 W ASH     : @ 38051.339: touch gesture: no valid gesture detected
--------- switch to kernel
04-17 11:55:21.681105     0     0 I         : c1   5726 qcom_rpmh DRV:apps_rsc TCS Busy, retrying RPMH message send: addr=0x30000
--------- switch to main
04-17 11:55:21.728398   984  1089 W ASH     : @ 38051.403: touch gesture: no valid gesture detected
04-17 11:55:21.792868   984  1089 W ASH     : @ 38051.468: touch gesture: no valid gesture detected
04-17 11:55:21.857747   984  1089 W ASH     : @ 38051.533: touch gesture: no valid gesture detected
--------- switch to kernel
04-17 11:55:21.900626     0     0 I         : c2   5792 google_charger: usbchg=USB typec=C usbv=5037 usbc=0 usbMv=5000 usbMc=450
04-17 11:55:21.900808     0     0 I         : c2   5792 sm7250_bms: MSC_PCS chg_state=1c2112f01030001 [0x1:1:3:4399:450] chg=u
04-17 11:55:21.900880     0     0 I         : c2   5792 google_battery: MSC_DIN chg_state=1c2112f01030001 f=0x1 chg_s=Not Charging chg_t=None vchg=4399 icl=450
04-17 11:55:21.902729     0     0 I         : c2   5792 google_battery: MSC_DSG vbatt_idx:4->4 vbatt=4399964 ibatt=-4577 fv_uv=4430000 cv_cnt=0 ov_cnt=0
04-17 11:55:21.902784     0     0 I         : c2   5792 google_battery: MSC_VOTE msc_state=2 cv_cnt=0 ov_cnt=0 temp_idx:2, vbatt_idx:4  fv_uv=4430000 cc_max=0 update_interval=-1
04-17 11:55:21.902870     0     0 I         : c2   5792 google_charger: MSC_CHG fv_uv=4430000, cc_max=0, rerun in 2000 ms (0)
--------- switch to main
04-17 11:55:21.922541   984  1089 W ASH     : @ 38051.597: touch gesture: no valid gesture detected
04-17 11:55:21.987004   984  1089 W ASH     : @ 38051.662: touch gesture: no valid gesture detected
04-17 11:55:22.051806   984  1089 W ASH     : @ 38051.727: touch gesture: no valid gesture detected
04-17 11:55:22.116448   984  1089 W ASH     : @ 38051.791: touch gesture: no valid gesture detected
04-17 11:55:22.180882   984  1089 W ASH     : @ 38051.856: touch gesture: no valid gesture detected
04-17 11:55:22.246039   984  1089 W ASH     : @ 38051.920: touch gesture: no valid gesture detected
04-17 11:55:22.310194   984  1089 W ASH     : @ 38051.985: touch gesture: no valid gesture detected
04-17 11:55:22.374442   984  1089 W ASH     : @ 38052.050: touch gesture: no valid gesture detected
04-17 11:55:22.439648   984  1089 W ASH     : @ 38052.114: touch gesture: no valid gesture detected
04-17 11:55:22.503674   984  1089 W ASH     : @ 38052.179: touch gesture: no valid gesture detected
04-17 11:55:22.568907   984  1089 W ASH     : @ 38052.243: touch gesture: no valid gesture detected
04-17 11:55:22.633223   984  1089 W ASH     : @ 38052.308: touch gesture: no valid gesture detected
04-17 11:55:22.697450   984  1089 W ASH     : @ 38052.373: touch gesture: no valid gesture detected
04-17 11:55:22.762343   984  1089 W ASH     : @ 38052.437: touch gesture: no valid gesture detected
04-17 11:55:22.826700   984  1089 W ASH     : @ 38052.502: touch gesture: no valid gesture detected
04-17 11:55:22.891535   984  1089 W ASH     : @ 38052.566: touch gesture: no valid gesture detected
04-17 11:55:22.955800   984  1089 W ASH     : @ 38052.631: touch gesture: no valid gesture detected
04-17 11:55:23.020599   984  1089 W ASH     : @ 38052.695: touch gesture: no valid gesture detected
04-17 11:55:23.085013   984  1089 W ASH     : @ 38052.760: touch gesture: no valid gesture detected
04-17 11:55:23.149765   984  1089 W ASH     : @ 38052.825: touch gesture: no valid gesture detected
04-17 11:55:23.214590   984  1089 W ASH     : @ 38052.889: touch gesture: no valid gesture detected
04-17 11:55:23.278970   984  1089 W ASH     : @ 38052.954: touch gesture: no valid gesture detected
04-17 11:55:23.343137   984  1089 W ASH     : @ 38053.018: touch gesture: no valid gesture detected
04-17 11:55:23.407867   984  1089 W ASH     : @ 38053.083: touch gesture: no valid gesture detected
04-17 11:55:23.472513   984  1089 W ASH     : @ 38053.147: touch gesture: no valid gesture detected
04-17 11:55:23.536268   984  1089 W ASH     : @ 38053.212: touch gesture: no valid gesture detected
04-17 11:55:23.601648   984  1089 W ASH     : @ 38053.277: touch gesture: no valid gesture detected
04-17 11:55:23.665803   984  1089 W ASH     : @ 38053.341: touch gesture: no valid gesture detected
04-17 11:55:23.731197   984  1089 W ASH     : @ 38053.406: touch gesture: no valid gesture detected
04-17 11:55:23.795014   984  1089 W ASH     : @ 38053.470: touch gesture: no valid gesture detected
04-17 11:55:23.859797   984  1089 W ASH     : @ 38053.535: touch gesture: no valid gesture detected
--------- switch to kernel
04-17 11:55:23.910809     0     0 I         : c2   5792 google_charger: usbchg=USB typec=C usbv=5028 usbc=0 usbMv=5000 usbMc=450
04-17 11:55:23.910997     0     0 I         : c2   5792 sm7250_bms: MSC_PCS chg_state=1c2112f01030001 [0x1:1:3:4399:450] chg=u
04-17 11:55:23.911065     0     0 I         : c2   5792 google_battery: MSC_DIN chg_state=1c2112f01030001 f=0x1 chg_s=Not Charging chg_t=None vchg=4399 icl=450
04-17 11:55:23.912783     0     0 I         : c2   5792 google_battery: MSC_DSG vbatt_idx:4->4 vbatt=4399964 ibatt=-4577 fv_uv=4430000 cv_cnt=0 ov_cnt=0
04-17 11:55:23.912841     0     0 I         : c2   5792 google_battery: MSC_VOTE msc_state=2 cv_cnt=0 ov_cnt=0 temp_idx:2, vbatt_idx:4  fv_uv=4430000 cc_max=0 update_interval=-1
04-17 11:55:23.912925     0     0 I         : c2   5792 google_charger: MSC_CHG fv_uv=4430000, cc_max=0, rerun in 2000 ms (0)
--------- switch to main
04-17 11:55:23.922888   984  1089 W ASH     : @ 38053.599: touch gesture: no valid gesture detected
04-17 11:55:23.988908   984  1089 W ASH     : @ 38053.664: touch gesture: no valid gesture detected
04-17 11:55:24.053749   984  1089 W ASH     : @ 38053.729: touch gesture: no valid gesture detected
04-17 11:55:24.118420   984  1089 W ASH     : @ 38053.793: touch gesture: no valid gesture detected
04-17 11:55:24.182630   984  1089 W ASH     : @ 38053.858: touch gesture: no valid gesture detected
04-17 11:55:24.247742   984  1089 W ASH     : @ 38053.922: touch gesture: no valid gesture detected
04-17 11:55:24.312342   984  1089 W ASH     : @ 38053.987: touch gesture: no valid gesture detected
04-17 11:55:24.376794   984  1089 W ASH     : @ 38054.051: touch gesture: no valid gesture detected
04-17 11:55:24.441331   984  1089 W ASH     : @ 38054.116: touch gesture: no valid gesture detected
04-17 11:55:24.506143   984  1089 W ASH     : @ 38054.181: touch gesture: no valid gesture detected
04-17 11:55:24.570741   984  1089 W ASH     : @ 38054.245: touch gesture: no valid gesture detected
04-17 11:55:24.634665   984  1089 W ASH     : @ 38054.310: touch gesture: no valid gesture detected
--------- switch to kernel
04-17 11:55:24.651505     0     0 I         : c1   5762 qcom_rpmh DRV:apps_rsc TCS Busy, retrying RPMH message send: addr=0x30000
--------- switch to main
04-17 11:55:24.699568   984  1089 W ASH     : @ 38054.375: touch gesture: no valid gesture detected
04-17 11:55:24.764172   984  1089 W ASH     : @ 38054.439: touch gesture: no valid gesture detected
04-17 11:55:24.828782   984  1089 W ASH     : @ 38054.504: touch gesture: no valid gesture detected
04-17 11:55:24.893050   984  1089 W ASH     : @ 38054.568: touch gesture: no valid gesture detected
04-17 11:55:24.957724   984  1089 W ASH     : @ 38054.633: touch gesture: no valid gesture detected
04-17 11:55:25.021170   984  1089 W ASH     : @ 38054.697: touch gesture: no valid gesture detected
04-17 11:55:25.087283   984  1089 W ASH     : @ 38054.762: touch gesture: no valid gesture detected
04-17 11:55:25.151781   984  1089 W ASH     : @ 38054.827: touch gesture: no valid gesture detected
04-17 11:55:25.216381   984  1089 W ASH     : @ 38054.891: touch gesture: no valid gesture detected
04-17 11:55:25.280707   984  1089 W ASH     : @ 38054.956: touch gesture: no valid gesture detected
04-17 11:55:25.345448   984  1089 W ASH     : @ 38055.020: touch gesture: no valid gesture detected
04-17 11:55:25.410218   984  1089 W ASH     : @ 38055.085: touch gesture: no valid gesture detected
04-17 11:55:25.474618   984  1089 W ASH     : @ 38055.149: touch gesture: no valid gesture detected
04-17 11:55:25.539165   984  1089 W ASH     : @ 38055.214: touch gesture: no valid gesture detected
04-17 11:55:25.603499   984  1089 W ASH     : @ 38055.279: touch gesture: no valid gesture detected
04-17 11:55:25.668186   984  1089 W ASH     : @ 38055.343: touch gesture: no valid gesture detected
04-17 11:55:25.732703   984  1089 W ASH     : @ 38055.408: touch gesture: no valid gesture detected
04-17 11:55:25.797139   984  1089 W ASH     : @ 38055.472: touch gesture: no valid gesture detected
04-17 11:55:25.861844   984  1089 W ASH     : @ 38055.537: touch gesture: no valid gesture detected
04-17 11:55:25.925782   984  1089 W ASH     : @ 38055.601: touch gesture: no valid gesture detected
--------- switch to kernel
04-17 11:55:25.921952     0     0 I         : c2   5792 google_charger: usbchg=USB typec=C usbv=5037 usbc=10 usbMv=5000 usbMc=450
04-17 11:55:25.922124     0     0 I         : c2   5792 sm7250_bms: MSC_PCS chg_state=1c2112f01030001 [0x1:1:3:4399:450] chg=u
04-17 11:55:25.922192     0     0 I         : c2   5792 google_battery: MSC_DIN chg_state=1c2112f01030001 f=0x1 chg_s=Not Charging chg_t=None vchg=4399 icl=450
04-17 11:55:25.923596     0     0 I         : c2   5792 google_battery: MSC_DSG vbatt_idx:4->4 vbatt=4399964 ibatt=-4577 fv_uv=4430000 cv_cnt=0 ov_cnt=0
04-17 11:55:25.923657     0     0 I         : c2   5792 google_battery: MSC_VOTE msc_state=2 cv_cnt=0 ov_cnt=0 temp_idx:2, vbatt_idx:4  fv_uv=4430000 cc_max=0 update_interval=-1
04-17 11:55:25.923748     0     0 I         : c2   5792 google_charger: MSC_CHG fv_uv=4430000, cc_max=0, rerun in 2000 ms (0)
--------- switch to main
04-17 11:55:25.990880   984  1089 W ASH     : @ 38055.666: touch gesture: no valid gesture detected
04-17 11:55:26.055270   984  1089 W ASH     : @ 38055.731: touch gesture: no valid gesture detected
04-17 11:55:26.120279   984  1089 W ASH     : @ 38055.795: touch gesture: no valid gesture detected
04-17 11:55:26.184492   984  1089 W ASH     : @ 38055.860: touch gesture: no valid gesture detected
04-17 11:55:26.249236   984  1089 W ASH     : @ 38055.924: touch gesture: no valid gesture detected
04-17 11:55:26.313668   984  1089 W ASH     : @ 38055.989: touch gesture: no valid gesture detected
04-17 11:55:26.378434   984  1089 W ASH     : @ 38056.053: touch gesture: no valid gesture detected
04-17 11:55:26.442885   984  1089 W ASH     : @ 38056.118: touch gesture: no valid gesture detected
04-17 11:55:26.507536   984  1089 W ASH     : @ 38056.183: touch gesture: no valid gesture detected
04-17 11:55:26.572241   984  1089 W ASH     : @ 38056.247: touch gesture: no valid gesture detected
04-17 11:55:26.636680   984  1089 W ASH     : @ 38056.312: touch gesture: no valid gesture detected
04-17 11:55:26.700048   984  1089 W ASH     : @ 38056.376: touch gesture: no valid gesture detected
04-17 11:55:26.765920   984  1089 W ASH     : @ 38056.441: touch gesture: no valid gesture detected
04-17 11:55:26.830264   984  1089 W ASH     : @ 38056.505: touch gesture: no valid gesture detected
04-17 11:55:26.894670   984  1089 W ASH     : @ 38056.570: touch gesture: no valid gesture detected
04-17 11:55:26.959338   984  1089 W ASH     : @ 38056.635: touch gesture: no valid gesture detected
04-17 11:55:27.024057   984  1089 W ASH     : @ 38056.699: touch gesture: no valid gesture detected
04-17 11:55:27.088949   984  1089 W ASH     : @ 38056.764: touch gesture: no valid gesture detected
04-17 11:55:27.153481   984  1089 W ASH     : @ 38056.828: touch gesture: no valid gesture detected
04-17 11:55:27.218171   984  1089 W ASH     : @ 38056.893: touch gesture: no valid gesture detected
04-17 11:55:27.282729   984  1089 W ASH     : @ 38056.958: touch gesture: no valid gesture detected
04-17 11:55:27.347541   984  1089 W ASH     : @ 38057.022: touch gesture: no valid gesture detected
04-17 11:55:27.412088   984  1089 W ASH     : @ 38057.087: touch gesture: no valid gesture detected
04-17 11:55:27.476575   984  1089 W ASH     : @ 38057.152: touch gesture: no valid gesture detected
04-17 11:55:27.541302   984  1089 W ASH     : @ 38057.216: touch gesture: no valid gesture detected
04-17 11:55:27.604347   984  1089 W ASH     : @ 38057.281: touch gesture: no valid gesture detected
04-17 11:55:27.670573   984  1089 W ASH     : @ 38057.346: touch gesture: no valid gesture detected
04-17 11:55:27.735632   984  1089 W ASH     : @ 38057.410: touch gesture: no valid gesture detected
04-17 11:55:27.799822   984  1089 W ASH     : @ 38057.475: touch gesture: no valid gesture detected
04-17 11:55:27.864386   984  1089 W ASH     : @ 38057.539: touch gesture: no valid gesture detected
04-17 11:55:27.929157   984  1089 W ASH     : @ 38057.604: touch gesture: no valid gesture detected
--------- switch to kernel
04-17 11:55:27.929916     0     0 I         : c2   5792 google_charger: usbchg=USB typec=C usbv=5039 usbc=0 usbMv=5000 usbMc=450
04-17 11:55:27.930110     0     0 I         : c2   5792 sm7250_bms: MSC_PCS chg_state=1c2112f01030001 [0x1:1:3:4399:450] chg=u
04-17 11:55:27.930178     0     0 I         : c2   5792 google_battery: MSC_DIN chg_state=1c2112f01030001 f=0x1 chg_s=Not Charging chg_t=None vchg=4399 icl=450
04-17 11:55:27.931379     0     0 I         : c2   5792 google_battery: MSC_DSG vbatt_idx:4->4 vbatt=4399964 ibatt=-4577 fv_uv=4430000 cv_cnt=0 ov_cnt=0
04-17 11:55:27.931452     0     0 I         : c2   5792 google_battery: MSC_VOTE msc_state=2 cv_cnt=0 ov_cnt=0 temp_idx:2, vbatt_idx:4  fv_uv=4430000 cc_max=0 update_interval=-1
04-17 11:55:27.931554     0     0 I         : c2   5792 google_charger: MSC_CHG fv_uv=4430000, cc_max=0, rerun in 2000 ms (0)
--------- switch to main
04-17 11:55:27.993810   984  1089 W ASH     : @ 38057.669: touch gesture: no valid gesture detected
04-17 11:55:28.058479   984  1089 W ASH     : @ 38057.733: touch gesture: no valid gesture detected
04-17 11:55:28.122876   984  1089 W ASH     : @ 38057.798: touch gesture: no valid gesture detected
04-17 11:55:28.187973   984  1089 W ASH     : @ 38057.863: touch gesture: no valid gesture detected
04-17 11:55:28.252342   984  1089 W ASH     : @ 38057.927: touch gesture: no valid gesture detected
04-17 11:55:28.316802   984  1089 W ASH     : @ 38057.992: touch gesture: no valid gesture detected
04-17 11:55:28.381799   984  1089 W ASH     : @ 38058.057: touch gesture: no valid gesture detected
04-17 11:55:28.446234   984  1089 W ASH     : @ 38058.121: touch gesture: no valid gesture detected
04-17 11:55:28.511583   984  1089 W ASH     : @ 38058.186: touch gesture: no valid gesture detected
04-17 11:55:28.575535   984  1089 W ASH     : @ 38058.251: touch gesture: no valid gesture detected
04-17 11:55:28.640394   984  1089 W ASH     : @ 38058.315: touch gesture: no valid gesture detected
04-17 11:55:28.705103   984  1089 W ASH     : @ 38058.380: touch gesture: no valid gesture detected
04-17 11:55:28.769684   984  1089 W ASH     : @ 38058.444: touch gesture: no valid gesture detected
04-17 11:55:28.834151   984  1089 W ASH     : @ 38058.509: touch gesture: no valid gesture detected
04-17 11:55:28.899066   984  1089 W ASH     : @ 38058.574: touch gesture: no valid gesture detected
04-17 11:55:28.962904   984  1089 W ASH     : @ 38058.638: touch gesture: no valid gesture detected
04-17 11:55:29.028150   984  1089 W ASH     : @ 38058.703: touch gesture: no valid gesture detected
04-17 11:55:29.092509   984  1089 W ASH     : @ 38058.768: touch gesture: no valid gesture detected
04-17 11:55:29.157390   984  1089 W ASH     : @ 38058.832: touch gesture: no valid gesture detected
04-17 11:55:29.221859   984  1089 W ASH     : @ 38058.897: touch gesture: no valid gesture detected
04-17 11:55:29.286639   984  1089 W ASH     : @ 38058.962: touch gesture: no valid gesture detected
04-17 11:55:29.351385   984  1089 W ASH     : @ 38059.026: touch gesture: no valid gesture detected
04-17 11:55:29.415748   984  1089 W ASH     : @ 38059.091: touch gesture: no valid gesture detected
04-17 11:55:29.480609   984  1089 W ASH     : @ 38059.155: touch gesture: no valid gesture detected
04-17 11:55:29.544886   984  1089 W ASH     : @ 38059.220: touch gesture: no valid gesture detected
04-17 11:55:29.609364   984  1089 W ASH     : @ 38059.285: touch gesture: no valid gesture detected
04-17 11:55:29.674488   984  1089 W ASH     : @ 38059.349: touch gesture: no valid gesture detected
04-17 11:55:29.739024   984  1089 W ASH     : @ 38059.414: touch gesture: no valid gesture detected
04-17 11:55:29.803498   984  1089 W ASH     : @ 38059.478: touch gesture: no valid gesture detected
04-17 11:55:29.866792   984  1089 W ASH     : @ 38059.543: touch gesture: no valid gesture detected
04-17 11:55:29.932792   984  1089 W ASH     : @ 38059.608: touch gesture: no valid gesture detected
--------- switch to kernel
04-17 11:55:29.936094     0     0 I         : c2   5792 google_charger: usbchg=USB typec=C usbv=5038 usbc=0 usbMv=5000 usbMc=450
04-17 11:55:29.936276     0     0 I         : c2   5792 sm7250_bms: MSC_PCS chg_state=1c2112f01030001 [0x1:1:3:4399:450] chg=u
04-17 11:55:29.936335     0     0 I         : c2   5792 google_battery: MSC_DIN chg_state=1c2112f01030001 f=0x1 chg_s=Not Charging chg_t=None vchg=4399 icl=450
04-17 11:55:29.937442     0     0 I         : c2   5792 google_battery: MSC_DSG vbatt_idx:4->4 vbatt=4399964 ibatt=-4577 fv_uv=4430000 cv_cnt=0 ov_cnt=0
04-17 11:55:29.937501     0     0 I         : c2   5792 google_battery: MSC_VOTE msc_state=2 cv_cnt=0 ov_cnt=0 temp_idx:2, vbatt_idx:4  fv_uv=4430000 cc_max=0 update_interval=-1
04-17 11:55:29.937582     0     0 I         : c2   5792 google_charger: MSC_CHG fv_uv=4430000, cc_max=0, rerun in 2000 ms (0)
--------- switch to main
04-17 11:55:29.997590   984  1089 W ASH     : @ 38059.672: touch gesture: no valid gesture detected
04-17 11:55:30.062374   984  1089 W ASH     : @ 38059.737: touch gesture: no valid gesture detected
04-17 11:55:30.125894   984  1089 W ASH     : @ 38059.802: touch gesture: no valid gesture detected
04-17 11:55:30.191302   984  1089 W ASH     : @ 38059.866: touch gesture: no valid gesture detected
04-17 11:55:30.256198   984  1089 W ASH     : @ 38059.931: touch gesture: no valid gesture detected
04-17 11:55:30.320945   984  1089 W ASH     : @ 38059.996: touch gesture: no valid gesture detected
04-17 11:55:30.384517   984  1089 W ASH     : @ 38060.060: touch gesture: no valid gesture detected
04-17 11:55:30.449732   984  1089 W ASH     : @ 38060.125: touch gesture: no valid gesture detected
04-17 11:55:30.514425   984  1089 W ASH     : @ 38060.190: touch gesture: no valid gesture detected
04-17 11:55:30.579188   984  1089 W ASH     : @ 38060.254: touch gesture: no valid gesture detected
04-17 11:55:30.644183   984  1089 W ASH     : @ 38060.319: touch gesture: no valid gesture detected
04-17 11:55:30.708514   984  1089 W ASH     : @ 38060.383: touch gesture: no valid gesture detected
04-17 11:55:30.773334   984  1089 W ASH     : @ 38060.448: touch gesture: no valid gesture detected
04-17 11:55:30.838163   984  1089 W ASH     : @ 38060.513: touch gesture: no valid gesture detected
04-17 11:55:30.902493   984  1089 W ASH     : @ 38060.577: touch gesture: no valid gesture detected
--------- switch to kernel
04-17 11:55:30.933115     0     0 W         : c0    973 healthd: battery l=100 v=4399 t=22.7 h=2 st=5 c=4577 fc=3349000 cc=353 chg=u
--------- switch to main
04-17 11:55:30.966043   984  1089 W ASH     : @ 38060.642: touch gesture: no valid gesture detected
04-17 11:55:31.031541   984  1089 W ASH     : @ 38060.707: touch gesture: no valid gesture detected
04-17 11:55:31.096439   984  1089 W ASH     : @ 38060.771: touch gesture: no valid gesture detected
04-17 11:55:31.160872   984  1089 W ASH     : @ 38060.836: touch gesture: no valid gesture detected
04-17 11:55:31.225887   984  1089 W ASH     : @ 38060.901: touch gesture: no valid gesture detected
04-17 11:55:31.290545   984  1089 W ASH     : @ 38060.965: touch gesture: no valid gesture detected
04-17 11:55:31.355289   984  1089 W ASH     : @ 38061.030: touch gesture: no valid gesture detected
04-17 11:55:31.419726   984  1089 W ASH     : @ 38061.095: touch gesture: no valid gesture detected
04-17 11:55:31.484340   984  1089 W ASH     : @ 38061.159: touch gesture: no valid gesture detected
04-17 11:55:31.548993   984  1089 W ASH     : @ 38061.224: touch gesture: no valid gesture detected
04-17 11:55:31.613569   984  1089 W ASH     : @ 38061.289: touch gesture: no valid gesture detected
04-17 11:55:31.677112   984  1089 W ASH     : @ 38061.353: touch gesture: no valid gesture detected
04-17 11:55:31.742608   984  1089 W ASH     : @ 38061.418: touch gesture: no valid gesture detected
04-17 11:55:31.799022   990  1023 D rlsservice: MonitorDisplayStatus client num 0, display status 0, sensor status 0
04-17 11:55:31.806412   984  1089 W ASH     : @ 38061.482: touch gesture: no valid gesture detected
04-17 11:55:31.872279   984  1089 W ASH     : @ 38061.547: touch gesture: no valid gesture detected
04-17 11:55:31.936485   984  1089 W ASH     : @ 38061.612: touch gesture: no valid gesture detected
--------- switch to kernel
04-17 11:55:31.944977     0     0 I         : c2   5792 google_charger: usbchg=USB typec=C usbv=5034 usbc=0 usbMv=5000 usbMc=450
04-17 11:55:31.945279     0     0 I         : c2   5792 sm7250_bms: MSC_PCS chg_state=1c2112f01030001 [0x1:1:3:4399:450] chg=u
04-17 11:55:31.945351     0     0 I         : c2   5792 google_battery: MSC_DIN chg_state=1c2112f01030001 f=0x1 chg_s=Not Charging chg_t=None vchg=4399 icl=450
04-17 11:55:31.946922     0     0 I         : c2   5792 google_battery: MSC_DSG vbatt_idx:4->4 vbatt=4399964 ibatt=-4577 fv_uv=4430000 cv_cnt=0 ov_cnt=0
04-17 11:55:31.946981     0     0 I         : c2   5792 google_battery: MSC_VOTE msc_state=2 cv_cnt=0 ov_cnt=0 temp_idx:2, vbatt_idx:4  fv_uv=4430000 cc_max=0 update_interval=-1
04-17 11:55:31.947079     0     0 I         : c2   5792 google_charger: MSC_CHG fv_uv=4430000, cc_max=0, rerun in 2000 ms (0)
--------- switch to main
04-17 11:55:32.001185   984  1089 W ASH     : @ 38061.676: touch gesture: no valid gesture detected
04-17 11:55:32.065963   984  1089 W ASH     : @ 38061.741: touch gesture: no valid gesture detected
04-17 11:55:32.130672   984  1089 W ASH     : @ 38061.806: touch gesture: no valid gesture detected
04-17 11:55:32.195139   984  1089 W ASH     : @ 38061.870: touch gesture: no valid gesture detected
04-17 11:55:32.259984   984  1089 W ASH     : @ 38061.935: touch gesture: no valid gesture detected
04-17 11:55:32.324227   984  1089 W ASH     : @ 38061.999: touch gesture: no valid gesture detected
04-17 11:55:32.389077   984  1089 W ASH     : @ 38062.064: touch gesture: no valid gesture detected
04-17 11:55:32.453642   984  1089 W ASH     : @ 38062.129: touch gesture: no valid gesture detected
04-17 11:55:32.518491   984  1089 W ASH     : @ 38062.194: touch gesture: no valid gesture detected
04-17 11:55:32.583308   984  1089 W ASH     : @ 38062.258: touch gesture: no valid gesture detected
04-17 11:55:32.648078   984  1089 W ASH     : @ 38062.323: touch gesture: no valid gesture detected
04-17 11:55:32.712686   984  1089 W ASH     : @ 38062.388: touch gesture: no valid gesture detected
04-17 11:55:32.776897   984  1089 W ASH     : @ 38062.452: touch gesture: no valid gesture detected
04-17 11:55:32.841220   984  1089 W ASH     : @ 38062.516: touch gesture: no valid gesture detected
04-17 11:55:32.906073   984  1089 W ASH     : @ 38062.581: touch gesture: no valid gesture detected
04-17 11:55:32.970530   984  1089 W ASH     : @ 38062.646: touch gesture: no valid gesture detected
04-17 11:55:33.034870   984  1089 W ASH     : @ 38062.710: touch gesture: no valid gesture detected
04-17 11:55:33.099598   984  1089 W ASH     : @ 38062.775: touch gesture: no valid gesture detected
04-17 11:55:33.164581   984  1089 W ASH     : @ 38062.839: touch gesture: no valid gesture detected
04-17 11:55:33.229137   984  1089 W ASH     : @ 38062.904: touch gesture: no valid gesture detected
04-17 11:55:33.293803   984  1089 W ASH     : @ 38062.969: touch gesture: no valid gesture detected
04-17 11:55:33.358774   984  1089 W ASH     : @ 38063.034: touch gesture: no valid gesture detected
04-17 11:55:33.422844   984  1089 W ASH     : @ 38063.098: touch gesture: no valid gesture detected
04-17 11:55:33.487605   984  1089 W ASH     : @ 38063.163: touch gesture: no valid gesture detected
04-17 11:55:33.552530   984  1089 W ASH     : @ 38063.227: touch gesture: no valid gesture detected
04-17 11:55:33.616729   984  1089 W ASH     : @ 38063.292: touch gesture: no valid gesture detected
04-17 11:55:33.681309   984  1089 W ASH     : @ 38063.357: touch gesture: no valid gesture detected
04-17 11:55:33.746039   984  1089 W ASH     : @ 38063.421: touch gesture: no valid gesture detected
04-17 11:55:33.810888   984  1089 W ASH     : @ 38063.486: touch gesture: no valid gesture detected
04-17 11:55:33.875111   984  1089 W ASH     : @ 38063.550: touch gesture: no valid gesture detected
04-17 11:55:33.939788   984  1089 W ASH     : @ 38063.615: touch gesture: no valid gesture detected
--------- switch to kernel
04-17 11:55:33.951226     0     0 I         : c2   5792 google_charger: usbchg=USB typec=C usbv=5043 usbc=0 usbMv=5000 usbMc=450
04-17 11:55:33.951404     0     0 I         : c2   5792 sm7250_bms: MSC_PCS chg_state=1c2112f01030001 [0x1:1:3:4399:450] chg=u
04-17 11:55:33.951461     0     0 I         : c2   5792 google_battery: MSC_DIN chg_state=1c2112f01030001 f=0x1 chg_s=Not Charging chg_t=None vchg=4399 icl=450
04-17 11:55:33.952587     0     0 I         : c2   5792 google_battery: MSC_DSG vbatt_idx:4->4 vbatt=4399964 ibatt=-4577 fv_uv=4430000 cv_cnt=0 ov_cnt=0
04-17 11:55:33.952642     0     0 I         : c2   5792 google_battery: MSC_VOTE msc_state=2 cv_cnt=0 ov_cnt=0 temp_idx:2, vbatt_idx:4  fv_uv=4430000 cc_max=0 update_interval=-1
04-17 11:55:33.952708     0     0 I         : c2   5792 google_charger: MSC_CHG fv_uv=4430000, cc_max=0, rerun in 2000 ms (0)
--------- switch to main
04-17 11:55:34.004218   984  1089 W ASH     : @ 38063.679: touch gesture: no valid gesture detected
04-17 11:55:34.068901   984  1089 W ASH     : @ 38063.744: touch gesture: no valid gesture detected
04-17 11:55:34.133609   984  1089 W ASH     : @ 38063.809: touch gesture: no valid gesture detected
04-17 11:55:34.198755   984  1089 W ASH     : @ 38063.873: touch gesture: no valid gesture detected
04-17 11:55:34.263543   984  1089 W ASH     : @ 38063.938: touch gesture: no valid gesture detected
04-17 11:55:34.327647   984  1089 W ASH     : @ 38064.003: touch gesture: no valid gesture detected
04-17 11:55:34.392442   984  1089 W ASH     : @ 38064.068: touch gesture: no valid gesture detected
