--------- switch to main
04-17 13:45:20.688954  3130  3130 I QImsService: ImsSubController : onServiceDown :: phoneId=0
--------- switch to radio
04-17 13:45:20.690718  3548  3548 D Phone   : [0] SubId-1,get allowed network types carrier: value = GPRS|EDGE|UMTS|CDMA|CDMA - EvDo rev. 0|CDMA - EvDo rev. A|CDMA - 1xRTT|HSDPA|HSUPA|HSPA|CDMA - EvDo rev. B|LTE|CDMA - eHRPD|HSPA+|GSM|LTE_CA|NR
04-17 13:45:20.690821  3548  3548 I CSST    : isNrSupported:  carrierConfigEnabled: true, AccessFamilySupported: false, isNrNetworkTypeAllowed: true
04-17 13:45:20.690868  3548  3548 I CSST    : PrefNetworkNotification: sendMessage() w/values: ,false,-1,false,false
--------- switch to main
04-17 13:45:20.691835  3130  4206 I QImsService: ImsRadioHidl : initImsRadio: imsRadioV10 availability: available
--------- switch to radio
04-17 13:45:20.692125  3548  3548 I CSST    : canceling notifications: 1000
04-17 13:45:20.692226  3548  3548 D Phone   : isWifiCallingEnabled =false
04-17 13:45:20.692260  3548  3548 D CSST    : isPhoneRegisteredForWifiCalling: false
04-17 13:45:20.692293  3548  3548 D Phone   : isWifiCallingEnabled =false
04-17 13:45:20.692330  3548  3548 I CSST    : EmergencyNetworkNotification: sendMessage() w/values: ,-1,false,false
--------- switch to main
04-17 13:45:20.692835  3130  4206 I QImsService: ImsRadioHidl : initImsRadio: imsRadioV11 availability: available
--------- switch to radio
04-17 13:45:20.693117  3548  3548 I CSST    : canceling notifications: 1001
--------- switch to main
04-17 13:45:20.693731  3130  4206 I QImsService: ImsRadioHidl : initImsRadio: imsRadioV12 availability: available
04-17 13:45:20.694237  2890  3321 D BufferPoolAccessor2.0: bufferpool2 0xb400007d8aa9d4b8 : 0(0 size) total buffers - 0(0 size) used buffers - 1/7 (recycle/alloc) - 6/38 (fetch/transfer)
04-17 13:45:20.694282  2890  3321 D BufferPoolAccessor2.0: bufferpool2 0xb400007d8aa975e8 : 0(0 size) total buffers - 0(0 size) used buffers - 1/7 (recycle/alloc) - 6/18 (fetch/transfer)
04-17 13:45:20.694299  2890  3321 D BufferPoolAccessor2.0: evictor expired: 2, evicted: 2
04-17 13:45:20.694755  4191  4191 D nativeloader: classloader namespace configured for unbundled product apk. library_path=/product/app/Calendar/lib/arm64:/product/lib64:/system/product/lib64
--------- switch to radio
04-17 13:45:20.694840  3548  3548 E ImsPhoneCallTracker: [0] cacheCarrierConfiguration: No carrier config service found or not active subId = -1
04-17 13:45:20.695019  3548  3548 D ImsPhoneCallTracker: [0] onReceive : Updating mAllowEmergencyVideoCalls = false
--------- switch to main
04-17 13:45:20.695054  3130  4206 I QImsService: ImsRadioHidl : initImsRadio: imsRadioV13 availability: available
--------- switch to radio
04-17 13:45:20.695218  3548  3548 E ImsPhoneCallTracker: [1] cacheCarrierConfiguration: No carrier config service found or not active subId = -1
04-17 13:45:20.695271  3548  3548 D ImsPhoneCallTracker: [1] onReceive : Updating mAllowEmergencyVideoCalls = false
--------- switch to main
04-17 13:45:20.695522  3548  3548 I ImsResolver: Received Carrier Config Changed for SlotId: 0, sim state: 1
04-17 13:45:20.696289  3130  4206 I QImsService: ImsRadioHidl : initImsRadio: imsRadioV14 availability: available
04-17 13:45:20.696322  3548  3548 I TelephonyRcsService: updateFeatureControllerSubscription: slotId=0, oldSubId= -1, subId=-1, existing feature=false
04-17 13:45:20.696698  3548  3548 W PhoneGlobals: Can't get phone with sub id = -1
04-17 13:45:20.697538  3130  4206 I QImsService: ImsRadioHidl : initImsRadio: imsRadioV15 availability: available
04-17 13:45:20.698682  3130  4206 I QImsService: ImsRadioHidl : initImsRadio: imsRadioV16 availability: available
04-17 13:45:20.698829  3548  3548 I Telephony: Carrier-config changed, checking for phone account updates.
04-17 13:45:20.699855  3130  4206 I QImsService: ImsRadioHidl : initImsRadio: imsRadioV17 availability: unavailable
04-17 13:45:20.701706  3130  4206 I QImsService: ImsRadioHidl : initImsRadio: imsRadioV18 availability: unavailable
04-17 13:45:20.702043  3548  3548 I VvmSimStateTracker: android.telephony.action.CARRIER_CONFIG_CHANGED
04-17 13:45:20.702275  3130  3130 I QImsService: ImsServiceSub : [0] [phoneId=0] Constructor :: Registering with Sub Controller.
04-17 13:45:20.702394  3548  3548 I VvmSimStateTracker: Received SIM change for invalid subscription id.
--------- switch to radio
04-17 13:45:20.708085  3548  3548 D NRM-C-0 : Service com.android.phone already bound or being bound.
04-17 13:45:20.708384  3548  3548 D GsmCdmaPhone: [0] EVENT_REQUEST_VOICE_RADIO_TECH_DONE: newVoiceTech=2
04-17 13:45:20.708470  3548  3881 D IccSmsInterfaceManager: Failed to add cdma broadcast channels range 4097 to 4097
04-17 13:45:20.708536  3548  3548 D GsmCdmaPhone: [0] phoneObjectUpdater: newVoiceRadioTech=2
04-17 13:45:20.708659  3548  3548 D GsmCdmaPhone: [0] phoneObjectUpdater: No change ignore, newVoiceRadioTech=2 mActivePhone=GSM
04-17 13:45:20.709324  3420  4170 D SmsManager: enableCellBroadcastRange: failed at calling enableCellBroadcastRangeForSubscriber. subId = -1
--------- switch to main
04-17 13:45:20.709722  4191  4191 V GraphicsEnvironment: ANGLE Developer option for 'com.android.calendar' set to: 'default'
04-17 13:45:20.710327  4191  4191 V GraphicsEnvironment: ANGLE GameManagerService for com.android.calendar: false
04-17 13:45:20.710523  4191  4191 V GraphicsEnvironment: Neither updatable production driver nor prerelease driver is supported.
--------- switch to radio
04-17 13:45:20.710841  3548  3548 D NRM-I-0 : Service vendor.qti.iwlan already bound or being bound.
04-17 13:45:20.712784  3548  3881 D IccSmsInterfaceManager: Calling setGsmBroadcastConfig with 1 configurations
--------- switch to main
04-17 13:45:20.712927  3130  4206 I QImsService: ImsRadioIndication : onServiceUp: HAL Service available
04-17 13:45:20.712984  3130  4206 I QImsService: ImsSenderRxr : onServiceUp : imsradio0
04-17 13:45:20.713065  3130  4206 I QImsService: ImsSubController : onServiceUp :: phoneId=0
04-17 13:45:20.713515  3130  4206 I QImsService: ImsRadioIndicationHidl : onRadioStateChanged()
04-17 13:45:20.713592  3130  4206 I QImsService: ImsSenderRxr : [UNSL]< UNSOL_RADIO_STATE_CHANGED RADIO_OFF[SUB0]
04-17 13:45:20.713895  4191  4191 D NetworkSecurityConfig: No Network Security Config specified, using platform default
--------- switch to radio
04-17 13:45:20.714331  3548  3881 D RILJ    : [0132]> GSM_SET_BROADCAST_CONFIG with 1 configs :  [PHONE0]
04-17 13:45:20.714405  3548  3881 D RILJ    : SmsBroadcastConfigInfo: Id [4384,4385] Code [0,255] ENABLED [PHONE0]
--------- switch to main
04-17 13:45:20.714413  3130  4206 I QImsService: ImsRadioIndicationHidl : wfcRoamingConfigurationSupport = true
04-17 13:45:20.714474  3130  4206 I QImsService: ImsSenderRxr : [UNSL]< UNSOL_MODEM_SUPPORTS_WFC_ROAMING_MODE true[SUB0]
04-17 13:45:20.714754  4191  4191 D NetworkSecurityConfig: No Network Security Config specified, using platform default
--------- switch to radio
04-17 13:45:20.715628  3548  3548 D SST     : [0] CarrierConfigChange PersistableBundle[{carrier_volte_provisioned_bool=false, support_cdma_1x_voice_calls_bool=true, support_ss_over_cdma_bool=false, disable_charge_indication_bool=false, support_tdscdma_bool=false, httpSocketTimeout=60000, allowed_initial_attach_apn_types_string_array=[ia, default, mms, dun], disable_supplementary_services_in_airplane_mode_bool=false, call_barring_default_service_class_int=1, call_redirection_service_component_name_string=null, carrier_wfc_supports_wifi_only_bool=false, carrier_default_actions_on_default_network_available_string_array=[false: 7, true: 8], operator_selection_expand_bool=true, disable_cdma_activation_code_bool=false, simplified_network_settings_bool=false, call_forwarding_when_unanswered_supported_bool=true, support_tdscdma_roaming_networks_string_array=null, gps.lpp_profile=2, call_barring_visibility_bool=false, gba_mode_int=1, opportunistic_network_exit_threshold_ss_rsrp_int=-120, gps.es_extension_sec=0, enable_apps_string_array=null, 5g_icon_display_secondary_grace_period_string=, carrier_default_wfc_ims_roaming_enabled_bool=false, cdma_nonroaming_networks_string_array=null, signal_strength_nr_nsa_use_lte_as_primary_bool=true, aliasMinChars=2, fdn_number_length_limit_int=20, support_ims_call_forwarding_while_roaming_bool=true, wfc_data_spn_format_idx_int=0, hide_sim_lock_settings_bool=false, drop_video_call_when_answering_audio_call_bool=false, ci_action_on_sys_update_bool=false, carrier_certificate_string_array=[], convert_cdma_caller_id_mmi_codes_while_roaming_on_3gpp_bool=false, support_enhanced_call_blocking_bool=true, iwlan.ike_rekey_hard_timer_in_sec=14400, vvm_port_number_int=0, carrier_default_wfc_ims_enabled_bool=false, iwlan.ike_session_encryption_aes_ctr_key_size_int_array=[128, 192, 256], dial_string_replace_string_array=null, opportunistic_network_entry_threshold_bandwidth_int=1024, opportunistic_network_data_switch_exit_hysteresis_time_long=3000, gsm_nonroaming_networks_string_array=null, wifi.avoid_5ghz_softap_for_laa_bool=false, hide_ims_apn_bool=false, vvm_destination_number_string=, unmetered_nr_sa_mmwave_bool=false, vonr_setting_visibility_bool=false, dtmf_type_enabled_bool=false, allow_video_calling_fallback_bool=true, config_ims_package_override_string=null, only_auto_select_in_home_network=false, iwlan.supported_prf_algorithms_int_array=[2, 4, 5, 6, 7], show_data_connected_roaming_notification=false, gps.es_supl_data_plane_only_roaming_plmn_string_array=null, smsToMmsTextThreshold=-1, inflate_signal_strength_bool=false, force_home_network_bool=false, spdi_override_string_array=null, show_wfc_location_privacy_policy_bool=false, gps.supl_es=1, enableSMSDeliveryReports=true, iwlan.natt_keep_alive_timer_sec_int=20, missed_incoming_call_sms_originator_string_array=[], missed_incoming_call_sms_pattern_string_array=[], auto_retry_enabled_bool=false, ims.enable_presence_capability_exchange_bool=false, opportunistic_network_entry_threshold_rssnr_int=45, play_call_recording_tone_bool=false, unmetered_nr_nsa_sub6_bool=false, carrier_force_disable_etws_cmas_test_bool=false, call_waiting_service_class_int=1, allow_emergency_video_calls_bool=false, support_add_conference_participants_bool=false, csp_enabled_bool=false, default_sim_call_manager_string=, opportunistic_network_exit_threshold_ss_rsrq_double=-18.5, carrier_app_required_during_setup_bool=false, call_forwarding_blocks_while_roaming_string_array=null, emergency_notification_delay_int=-1, support_video_conference_call_bool=false, ims_dtmf_tone_delay_int=0, wifi.hotspot_maximum_client_count=0, iwlan.supported_child_session_encryption_algorithms_int_array=[12], carrier_wwan_disallowed_apn_types_string_array=[], show_signal_strength_in_sim_status_bool=true, gba_ua_security_protocol_int=65536, data_rapid_notification_bool=true, opportunistic_network_5g_ping_pong_time_long=60000, display_no_data_notification_on_permanent_failure_bool=false, carrier_instant_lettering_escaped_chars_string=, carrier_default_wfc_ims_roaming_mode_int=2, hide_enable_2g_bool=false, config_ims_mm
04-17 13:45:20.715714  3548  3548 D EriManager: loadEriFileFromXml: check for alternate file
04-17 13:45:20.716213  3548  3548 D EriManager: loadEriFileFromXml: no alternate file
04-17 13:45:20.716450  3548  3597 D RILJ    : [0132]< GSM_SET_BROADCAST_CONFIG error 46 [PHONE0]
04-17 13:45:20.716832  3548  3597 D RilRequest: [0132]< GSM_SET_BROADCAST_CONFIG error: com.android.internal.telephony.CommandException: INVALID_MODEM_STATE ret= result={ when=-26s675ms what=4 obj=com.android.internal.telephony.IccSmsInterfaceManager$Request@542ec66 target=com.android.internal.telephony.IccSmsInterfaceManager$1 }
04-17 13:45:20.717034  3548  3548 D EriManager: eriFile = eri.xml
--------- switch to main
04-17 13:45:20.718993  3130  3130 I QImsService: ImsServiceStateReceiver : updateHDIcon isVideo : false isVoice : false phoneId: 0 show HD Icon: true
04-17 13:45:20.721986  3130  3130 I QImsService: ImsServiceSub : [0] onStackConfigChanged :: activeStacks[0]=false
04-17 13:45:20.722029  3130  3130 I QImsService: ImsServiceSub : [0] oldFeatureState = 1
04-17 13:45:20.724567  3130  3130 I QImsService: ImsSenderRxr : [0000]> REQUEST_QUERY_SERVICE_STATUS [SUB0]
04-17 13:45:20.725210   563   563 E servicemanager: Could not find vendor.qti.hardware.radio.ims.IImsRadio/default in the VINTF manifest.
04-17 13:45:20.725336  3130  3130 I QImsService: ImsRadioHalFactory : Initializing IImsRadio HIDL as AIDL is not available
04-17 13:45:20.726049  3130  3130 I android_os_HwBinder: HwBinder: Starting thread pool for getting: android.hidl.manager@1.0::IServiceManager/default
04-17 13:45:20.727374  4191  4191 D AlertReceiver: onReceive: a=android.intent.action.BOOT_COMPLETED Intent { act=android.intent.action.BOOT_COMPLETED flg=0x89000010 cmp=com.android.calendar/.alerts.AlertReceiver (has extras) }
04-17 13:45:20.727883  3130  3130 I QImsService: ImsSubController : onServiceDown :: phoneId=1
04-17 13:45:20.727990  3130  3130 I QImsService: ImsServiceSub : [1] [phoneId=1] Constructor :: Registering with Sub Controller.
04-17 13:45:20.730066  3130  4206 I android_os_HwBinder: HwBinder: Starting thread pool for getting: vendor.qti.hardware.radio.ims@1.0::IImsRadio/imsradio1
04-17 13:45:20.730559  3130  4206 I QImsService: ImsRadioHidl : initImsRadio: imsRadioV10 availability: available
04-17 13:45:20.730874  3130  4206 I QImsService: ImsRadioHidl : initImsRadio: imsRadioV11 availability: available
04-17 13:45:20.731129  3130  4206 I QImsService: ImsRadioHidl : initImsRadio: imsRadioV12 availability: available
04-17 13:45:20.731372  3130  4206 I QImsService: ImsRadioHidl : initImsRadio: imsRadioV13 availability: available
04-17 13:45:20.731759  3130  4206 I QImsService: ImsRadioHidl : initImsRadio: imsRadioV14 availability: available
04-17 13:45:20.732009  3130  4206 I QImsService: ImsRadioHidl : initImsRadio: imsRadioV15 availability: available
04-17 13:45:20.732269  3130  4206 I QImsService: ImsRadioHidl : initImsRadio: imsRadioV16 availability: available
04-17 13:45:20.732513  3130  4206 I QImsService: ImsRadioHidl : initImsRadio: imsRadioV17 availability: unavailable
--------- switch to events
04-17 13:45:20.732736  2594  2651 I am_uid_running: 10081
--------- switch to main
04-17 13:45:20.732756  3130  4206 I QImsService: ImsRadioHidl : initImsRadio: imsRadioV18 availability: unavailable
--------- switch to system
04-17 13:45:20.734544  2594  2651 D CompatibilityChangeReporter: Compat change id reported: 135634846; UID 10081; state: DISABLED
04-17 13:45:20.735015  2594  2651 D CompatibilityChangeReporter: Compat change id reported: 177438394; UID 10081; state: DISABLED
04-17 13:45:20.735258  2594  2651 D CompatibilityChangeReporter: Compat change id reported: 135772972; UID 10081; state: DISABLED
04-17 13:45:20.735532  2594  2651 D CompatibilityChangeReporter: Compat change id reported: 135754954; UID 10081; state: ENABLED
--------- switch to main
04-17 13:45:20.735775  3130  4206 I QImsService: ImsRadioIndication : onServiceUp: HAL Service available
04-17 13:45:20.735821  3130  4206 I QImsService: ImsSenderRxr : onServiceUp : imsradio1
04-17 13:45:20.735876  3130  4206 I QImsService: ImsSubController : onServiceUp :: phoneId=1
--------- switch to radio
04-17 13:45:20.736336  3548  3548 D EriManager: loadEriFileFromXml: eri parsing successful, file loaded. ver = 1357, # of entries = 176
--------- switch to system
04-17 13:45:20.736466  2594  2683 D CompatibilityChangeReporter: Compat change id reported: 143937733; UID 10081; state: ENABLED
--------- switch to main
04-17 13:45:20.736815  3130  4206 I QImsService: ImsRadioResponseHidl : queryServiceStatusResponse_1_6()
--------- switch to radio
04-17 13:45:20.738322  3548  3548 E SST     : [0] Invalid parameters for NR RSRP boost
04-17 13:45:20.740522  3548  3548 D RILJ    : [0133]> SET_SIGNAL_STRENGTH_REPORTING_CRITERIA [PHONE0]
--------- switch to main
04-17 13:45:20.741056  3130  4206 I QImsService: Class : Num of SrvUpdates = 1
04-17 13:45:20.741704  3130  4206 I QImsService: Class :  networkMode = 0 status = 0 restrictCause = 0 registered = 2
04-17 13:45:20.741756  3130  4206 I QImsService: Class : RTT: copySrvStatusList rtt mode = 2
04-17 13:45:20.741875  3130  4206 I QImsService: ImsSenderRxr : [0000]< REQUEST_QUERY_SERVICE_STATUS [org.codeaurora.ims.ServiceStatus@9f07bf7][SUB0]
--------- switch to radio
04-17 13:45:20.742671  3548  3548 D RILJ    : [0134]> SET_SIGNAL_STRENGTH_REPORTING_CRITERIA [PHONE0]
04-17 13:45:20.743098  3548  3597 D RILJ    : [0133]< SET_SIGNAL_STRENGTH_REPORTING_CRITERIA  [PHONE0]
--------- switch to main
04-17 13:45:20.743206  3130  3130 I QImsService: ImsServiceStateReceiver : updateHDIcon isVideo : false isVoice : false phoneId: 1 show HD Icon: true
04-17 13:45:20.744182  3130  4206 I QImsService: ImsRadioIndicationHidl : onRadioStateChanged()
04-17 13:45:20.744337  3130  4206 I QImsService: ImsSenderRxr : [UNSL]< UNSOL_RADIO_STATE_CHANGED RADIO_OFF[SUB1]
--------- switch to radio
04-17 13:45:20.744504  3548  3597 D RILJ    : [0134]< SET_SIGNAL_STRENGTH_REPORTING_CRITERIA  [PHONE0]
--------- switch to main
04-17 13:45:20.746343  3130  3130 I QImsService: ImsServiceSub : [1] onStackConfigChanged :: activeStacks[1]=false
--------- switch to radio
04-17 13:45:20.746394  3548  3548 D RILJ    : [0135]> SET_SIGNAL_STRENGTH_REPORTING_CRITERIA [PHONE0]
--------- switch to main
04-17 13:45:20.746409  3130  4206 I QImsService: ImsRadioIndicationHidl : wfcRoamingConfigurationSupport = true
04-17 13:45:20.746441  3130  3130 I QImsService: ImsServiceSub : [1] oldFeatureState = 1
04-17 13:45:20.746526  3130  4206 I QImsService: ImsSenderRxr : [UNSL]< UNSOL_MODEM_SUPPORTS_WFC_ROAMING_MODE true[SUB1]
04-17 13:45:20.747186  3327  3801 W FrameTracker: Missed App frame:8
--------- switch to radio
04-17 13:45:20.747286  3548  3548 D RILJ    : [0136]> SET_SIGNAL_STRENGTH_REPORTING_CRITERIA [PHONE0]
04-17 13:45:20.747918  3548  3548 D RILJ    : [0137]> SET_SIGNAL_STRENGTH_REPORTING_CRITERIA [PHONE0]
04-17 13:45:20.749183  3548  3548 D RILJ    : [0138]> SET_SIGNAL_STRENGTH_REPORTING_CRITERIA [PHONE0]
04-17 13:45:20.749509  3548  3597 D RILJ    : [0135]< SET_SIGNAL_STRENGTH_REPORTING_CRITERIA  [PHONE0]
--------- switch to main
04-17 13:45:20.750312   936   936 D Zygote  : Forked child process 4215
--------- switch to radio
04-17 13:45:20.750468  3548  3597 D RILJ    : [0136]< SET_SIGNAL_STRENGTH_REPORTING_CRITERIA  [PHONE0]
--------- switch to kernel
04-17 13:45:20.748624     0     0 I         : c0      1 init: Sending signal 9 to service 'idmap2d' (pid 1202) process group...
--------- switch to events
04-17 13:45:20.750700  2594  2683 I am_proc_start: [0,4215,10081,com.android.camera2,broadcast,{com.android.camera2/com.android.camera.SetActivitiesCameraReceiver}]
--------- switch to system
04-17 13:45:20.750795  2594  2683 I ActivityManager: Start proc 4215:com.android.camera2/u0a81 for broadcast {com.android.camera2/com.android.camera.SetActivitiesCameraReceiver}
--------- switch to main
04-17 13:45:20.751147  3130  3130 I QImsService: ImsSenderRxr : [0001]> REQUEST_QUERY_SERVICE_STATUS [SUB1]
--------- switch to radio
04-17 13:45:20.751419  3548  3548 D RILJ    : [0139]> SET_SIGNAL_STRENGTH_REPORTING_CRITERIA [PHONE0]
04-17 13:45:20.751888  3548  3597 D RILJ    : [0137]< SET_SIGNAL_STRENGTH_REPORTING_CRITERIA  [PHONE0]
--------- switch to system
04-17 13:45:20.752246  2594  2651 W OverlayManager: service 'idmap' died
--------- switch to radio
04-17 13:45:20.752353  3548  3597 D RILJ    : [0138]< SET_SIGNAL_STRENGTH_REPORTING_CRITERIA  [PHONE0]
--------- switch to main
04-17 13:45:20.753274  3130  4206 I QImsService: ImsRadioResponseHidl : queryServiceStatusResponse_1_6()
04-17 13:45:20.753323  3130  4206 I QImsService: Class : Num of SrvUpdates = 0
04-17 13:45:20.753449  3130  4206 I QImsService: IFRequest : [0001]< REQUEST_QUERY_SERVICE_STATUS error: 2
--------- switch to radio
04-17 13:45:20.753730  3548  3548 D RILJ    : [0140]> SET_SIGNAL_STRENGTH_REPORTING_CRITERIA [PHONE0]
04-17 13:45:20.754084  3548  3597 D RILJ    : [0139]< SET_SIGNAL_STRENGTH_REPORTING_CRITERIA  [PHONE0]
04-17 13:45:20.754204  3548  3548 E Phone   : getCallForwardingIndicatorFromSharedPref: invalid subId -1
04-17 13:45:20.754272  3548  3548 E Phone   : getCallForwardingIndicatorFromSharedPref: invalid subId -1
04-17 13:45:20.754299  3548  3548 V Phone   : getCallForwardingIndicator: iccForwardingFlag=null, sharedPrefFlag=0
04-17 13:45:20.754328  3548  3548 D DefaultPhoneNotifier: notifyCallForwardingChanged: subId=-1, isCFActive=false
04-17 13:45:20.754382  3548  3548 E Phone   : getCallForwardingIndicatorFromSharedPref: invalid subId -1
04-17 13:45:20.754439  3548  3548 E Phone   : getCallForwardingIndicatorFromSharedPref: invalid subId -1
04-17 13:45:20.754471  3548  3548 V Phone   : getCallForwardingIndicator: iccForwardingFlag=null, sharedPrefFlag=0
--------- switch to kernel
04-17 13:45:20.754439     0     0 I         : c0      1 libprocessgroup: Successfully killed process cgroup uid 1000 pid 1202 in 5ms
04-17 13:45:20.755357     0     0 I         : c1      1 init: Control message: Processed ctl.stop for 'idmap2d' from pid: 2594 (system_server)
--------- switch to main
04-17 13:45:20.760814  3130  3130 D .codeaurora.im: JvmPtr initialized to -5476376607953770800
04-17 13:45:20.760839  3130  3130 D ims_media_jni: register_ims_media
--------- switch to radio
04-17 13:45:20.760964  3548  3548 D DSM-C-0 : Service com.android.phone already bound or being bound.
--------- switch to main
04-17 13:45:20.761028  3130  3130 W libc    : Access denied finding property "vendor.vt.impl.lib"
--------- switch to radio
04-17 13:45:20.761949  3548  3548 D DSM-I-0 : Service vendor.qti.iwlan already bound or being bound.
--------- switch to main
04-17 13:45:20.762063  3130  3130 E ims_media_jni: Error loading library lib-imsvt.so: dlopen failed: library "lib-imsvt.so" not found
04-17 13:45:20.762128  3548  3548 D ImsResolver: updateBoundDeviceServices: called
04-17 13:45:20.762574  1149  1187 I adbd    : jdwp connection from 4215
04-17 13:45:20.763033  3548  3548 I ImsResolver: updateBoundServices - carrier package changed:  ->  on slot 0, hasConfigChanged=false
04-17 13:45:20.763387  3548  3548 I ImsResolver: updateBoundServices - carrier package changed:  ->  on slot 0, hasConfigChanged=true
04-17 13:45:20.763581  3548  3548 I ImsResolver: updateBoundServices - carrier package changed:  ->  on slot 0, hasConfigChanged=true
04-17 13:45:20.764486  3548  3548 I ImsResolver: ImsService connection exists for ComponentInfo{org.codeaurora.ims/org.codeaurora.ims.ImsService}, updating features [{s=1, f=MMTEL}, {s=0, f=EMERGENCY_MMTEL}, {s=0, f=MMTEL}, {s=1, f=EMERGENCY_MMTEL}]
--------- switch to radio
04-17 13:45:20.764837  3548  3881 D IccSmsInterfaceManager: Failed to add GSM cell broadcast channels range 4384 to 4385
--------- switch to kernel
04-17 13:45:20.767541     0     0 I         : c1   4215 binder: 4215:4215 ioctl 40046210 7fd6f79ef4 returned -22
--------- switch to radio
04-17 13:45:20.765929  3420  4170 D SmsManager: enableCellBroadcastRange: failed at calling enableCellBroadcastRangeForSubscriber. subId = -1
--------- switch to main
04-17 13:45:20.767673  3130  3130 D VideoCall_ImsMedia: Registering for Media Listener
04-17 13:45:20.767588  4215  4215 D ProcessState: Binder ioctl to enable oneway spam detection failed: Invalid argument
--------- switch to radio
04-17 13:45:20.768955  3548  3881 D IccSmsInterfaceManager: Calling setGsmBroadcastConfig with 1 configurations
04-17 13:45:20.770466  3548  3881 D RILJ    : [0141]> GSM_SET_BROADCAST_CONFIG with 1 configs :  [PHONE0]
04-17 13:45:20.770553  3548  3881 D RILJ    : SmsBroadcastConfigInfo: Id [4373,4378] Code [0,255] ENABLED [PHONE0]
--------- switch to main
04-17 13:45:20.770772  3130  3130 I ImsService: ImsService Bound.
--------- switch to radio
04-17 13:45:20.772629  3548  3597 D RILJ    : [0141]< GSM_SET_BROADCAST_CONFIG error 46 [PHONE0]
--------- switch to main
04-17 13:45:20.772718  3548  3548 D ImsServiceController: ImsService(ComponentInfo{org.codeaurora.ims/org.codeaurora.ims.ImsService}): onServiceConnected with binder: android.os.BinderProxy@3106854
04-17 13:45:20.772809  3548  3548 D ImsServiceController: notifyImsServiceReady
--------- switch to radio
04-17 13:45:20.772947  3548  3597 D RilRequest: [0141]< GSM_SET_BROADCAST_CONFIG error: com.android.internal.telephony.CommandException: INVALID_MODEM_STATE ret= result={ when=-26s731ms what=4 obj=com.android.internal.telephony.IccSmsInterfaceManager$Request@2be33fd target=com.android.internal.telephony.IccSmsInterfaceManager$1 }
--------- switch to main
04-17 13:45:20.773854  3130  3187 I QImsService: ImsService : readyForFeatureCreation :: No-op
--------- switch to radio
04-17 13:45:20.773992  3548  3562 D SubscriptionController: [getActiveSubscriptionInfoForSimSlotIndex]+ slotIndex=0 subId=null
--------- switch to main
04-17 13:45:20.774138  3130  3130 D QtiCarrierConfigHelper: Clear carrier configs on phone Id: 0
04-17 13:45:20.774242  3130  3130 I QImsService: ImsSubControllerHandler : Message received: what = 6
04-17 13:45:20.774281  3130  3130 I QImsService: ImsSubControllerHandler : Received EVENT_RADIO_NOT_AVAILABLE phoneId = 0
04-17 13:45:20.774355  3130  3130 W QImsService: ImsSubController : updateStackConfig Stacks are not yet initialized
04-17 13:45:20.774409  3130  3130 I QImsService: ImsSubControllerHandler : Message received: what = 4
04-17 13:45:20.774472  3130  3130 I QImsService: ImsSubControllerHandler : Received EVENT_IMS_SERVICE_DOWN phoneId = 0
04-17 13:45:20.774544  3130  3130 W QImsService: ImsSubController : updateStackConfig Stacks are not yet initialized
04-17 13:45:20.774587  3548  3548 I ImsServiceController: retrieveStaticImsServiceCapabilities: capabilities={ }
04-17 13:45:20.775694  3548  3548 I ImsServiceController: skipping single service enforce check...
04-17 13:45:20.775747  3130  3130 I ImsCarrierConfigChangedReceiver: onReceive subId: -1
04-17 13:45:20.775767  3130  3130 W ImsCarrierConfigChangedReceiver: onReceive subId is invalid
--------- switch to radio
04-17 13:45:20.776822  3548  3562 D SubscriptionController: [getActiveSubscriptionInfoForSimSlotIndex]+ slotIndex=0 subId=null
--------- switch to main
04-17 13:45:20.776993  3130  3130 E QImsService: ImsConfigImpl : onSubscriptionsChanged unable to process due to SubscriptionInfo is null
04-17 13:45:20.777092  3130  3130 I QImsService: ImsSubControllerHandler : Message received: what = 3
04-17 13:45:20.777138  3130  3130 I QImsService: ImsSubControllerHandler : Received EVENT_IMS_SERVICE_UP phoneId = 0
04-17 13:45:20.778391  3548  3548 I ImsFeatureBinderRepo: [1] addConnection, type=MMTEL, conn=FeatureContainer{imsFeature=android.os.BinderProxy@18168f2, imsConfig=android.telephony.ims.aidl.IImsConfig$Stub$Proxy@f3f9b43, imsRegistration=android.telephony.ims.aidl.IImsRegistration$Stub$Proxy@835b5c0, sipTransport=null, state=UNAVAILABLE, capabilities = capabilities={ EMERGENCY_OVER_MMTEL }}
04-17 13:45:20.779014  3130  3130 I QImsService: ImsSenderRxr : [0002]> REQUEST_GET_IMS_SUB_CONFIG [SUB0]
04-17 13:45:20.779206  3130  3130 I QImsService: ImsSubControllerHandler : Message received: what = 5
04-17 13:45:20.779243  3130  3130 I QImsService: ImsSubControllerHandler : Received EVENT_RADIO_AVAILABLE phoneId = 0
04-17 13:45:20.779710  3130  3130 I QImsService: ImsSenderRxr : [0003]> REQUEST_GET_IMS_SUB_CONFIG [SUB0]
04-17 13:45:20.779845  3130  3130 I QImsService: ImsServiceSubHandler : Message received: what = 37
04-17 13:45:20.779915  3130  3130 I QImsService: ImsSubControllerHandler : Message received: what = 6
04-17 13:45:20.779917  3548  3562 I ImsServiceController: notifyImsFeatureStatus: slot=1, feature=MMTEL, status=UNAVAILABLE
04-17 13:45:20.780028  3548  3562 I ImsFeatureBinderRepo: [1] notifyFeatureStateChanged, type=MMTEL, state=UNAVAILABLE
--------- switch to events
04-17 13:45:20.780036  2594  2691 I am_proc_bound: [0,4215,com.android.camera2]
--------- switch to main
04-17 13:45:20.780649  3130  3130 I QImsService: ImsSubControllerHandler : Received EVENT_RADIO_NOT_AVAILABLE phoneId = 1
04-17 13:45:20.780731  3130  3130 W QImsService: ImsSubController : updateStackConfig Stacks are not yet initialized
04-17 13:45:20.780789  3130  3130 I QImsService: ImsSubControllerHandler : Message received: what = 4
04-17 13:45:20.780824  3130  3130 I QImsService: ImsSubControllerHandler : Received EVENT_IMS_SERVICE_DOWN phoneId = 1
04-17 13:45:20.780871  3130  3130 W QImsService: ImsSubController : updateStackConfig Stacks are not yet initialized
--------- switch to system
04-17 13:45:20.781546  2594  2691 D CompatibilityChangeReporter: Compat change id reported: 168419799; UID 10081; state: DISABLED
--------- switch to main
04-17 13:45:20.781570  3548  3548 I ImsResolver: ImsServiceController added on slot: 1 with feature: MMTEL using package: ComponentInfo{org.codeaurora.ims/org.codeaurora.ims.ImsService}
04-17 13:45:20.781817  3548  3548 I ImsServiceController: skipping single service enforce check...
--------- switch to radio
04-17 13:45:20.781837  3548  3562 D SubscriptionController: [getActiveSubscriptionInfoForSimSlotIndex]+ slotIndex=1 subId=null
--------- switch to main
04-17 13:45:20.781880  3548  3548 I ImsServiceController: supports emergency calling on slot 0
04-17 13:45:20.781986  3130  3130 E QImsService: ImsConfigImpl : onSubscriptionsChanged unable to process due to SubscriptionInfo is null
04-17 13:45:20.782058  3130  3130 I QImsService: ImsSubControllerHandler : Message received: what = 3
04-17 13:45:20.782087  3130  3130 I QImsService: ImsSubControllerHandler : Received EVENT_IMS_SERVICE_UP phoneId = 1
04-17 13:45:20.782288  3548  3548 I ImsResolver: ImsServiceController added on slot: 0 with feature: EMERGENCY_MMTEL using package: ComponentInfo{org.codeaurora.ims/org.codeaurora.ims.ImsService}
04-17 13:45:20.782446  3548  3548 I ImsServiceController: skipping single service enforce check...
04-17 13:45:20.782759  3130  3130 I QImsService: ImsSenderRxr : [0004]> REQUEST_GET_IMS_SUB_CONFIG [SUB1]
04-17 13:45:20.782876  3130  3130 I QImsService: ImsServiceSubHandler : Message received: what = 5
04-17 13:45:20.782913  3130  3130 I QImsService: ImsServiceSub : [0] Received event: EVENT_GET_STATUS_UPDATE
04-17 13:45:20.782965  3130  3130 I QImsService: ImsServiceSub : [0] type = 5 status = 0 isValid = true
04-17 13:45:20.782870  3420  3420 D CellBroadcastReceiver: onReceive Intent { act=android.telephony.action.CARRIER_CONFIG_CHANGED flg=0x15000010 cmp=com.android.cellbroadcastreceiver.module/com.android.cellbroadcastreceiver.CellBroadcastReceiver (has extras) }
04-17 13:45:20.782996  3130  3130 I QImsService: ImsServiceSub : [0] Call Type 5has num updates = 1
04-17 13:45:20.783023  3130  3130 I QImsService: ImsServiceSub : [0] StatusForAccessTech networkMode = 0 registered = 2 status = 0 restrictCause = 0
04-17 13:45:20.783214  3130  3130 E QImsService: ImsServiceSub : [0] handleSrvStatusUpdate :: tracker null; not updating global VT capability
04-17 13:45:20.783248  3130  3130 I QImsService: ImsServiceStateReceiver : updateHDIcon isVideo : false isVoice : false phoneId: 0 show HD Icon: false
04-17 13:45:20.783332  3130  3130 I QImsService: ImsSubControllerHandler : Message received: what = 5
04-17 13:45:20.783366  3130  3130 I QImsService: ImsSubControllerHandler : Received EVENT_RADIO_AVAILABLE phoneId = 1
04-17 13:45:20.783849  3130  3130 I QImsService: ImsSenderRxr : [0005]> REQUEST_GET_IMS_SUB_CONFIG [SUB1]
04-17 13:45:20.783958  3130  3130 I QImsService: ImsServiceSubHandler : Message received: what = 37
04-17 13:45:20.784006  3130  3130 I QImsService: ImsServiceSubHandler : Message received: what = 37
04-17 13:45:20.784052  3130  3130 I QImsService: ImsServiceSubHandler : Message received: what = 5
04-17 13:45:20.784075  3130  3130 I QImsService: ImsServiceSub : [1] Received event: EVENT_GET_STATUS_UPDATE
04-17 13:45:20.784102  3130  3130 E QImsService: ImsServiceSub : [1] IMS Service Status Update failed!
04-17 13:45:20.784077  3548  3548 I ImsFeatureBinderRepo: [0] addConnection, type=MMTEL, conn=FeatureContainer{imsFeature=android.os.BinderProxy@536a89f, imsConfig=android.telephony.ims.aidl.IImsConfig$Stub$Proxy@9a06dec, imsRegistration=android.telephony.ims.aidl.IImsRegistration$Stub$Proxy@b54e5b5, sipTransport=null, state=UNAVAILABLE, capabilities = capabilities={ EMERGENCY_OVER_MMTEL }}
04-17 13:45:20.784846  3130  4206 I QImsService: ImsRadioResponseHidl : Received Subconfig response from ImsRadio.
04-17 13:45:20.784901  3130  3130 D ImsMultiEndpointImpl: Message received: what = 2
04-17 13:45:20.784920  3130  3130 D ImsMultiEndpointImpl: EVENT_CAPABILITIES_CHANGED
04-17 13:45:20.785069  3130  3130 D ImsMultiEndpointImpl: updateCapabilities:: Video = false, Voice = false
04-17 13:45:20.785090  3130  3130 D ImsViceParser: getCallPullInfo mDialogIds null
04-17 13:45:20.785112  3130  3130 I ImsMultiEndpointImpl: Calling onImsExternalCallStateUpdate
04-17 13:45:20.785128  3130  3130 D MultiEndpointImplBase: ims external call state update triggered.
04-17 13:45:20.785214  3548  3562 I ImsServiceController: notifyImsFeatureStatus: slot=0, feature=MMTEL, status=UNAVAILABLE
04-17 13:45:20.785293  3130  4206 I QImsService: ImsSenderRxr : [0002]< REQUEST_GET_IMS_SUB_CONFIG ImsSubConfigDetails simultStackCount: 1 mImsStackEnabled: [true, false, false][SUB0]
04-17 13:45:20.785307  3548  3562 I ImsFeatureBinderRepo: [0] notifyFeatureStateChanged, type=MMTEL, state=UNAVAILABLE
04-17 13:45:20.785408  3130  3130 I QImsService: ImsSubControllerHandler : Message received: what = 2
04-17 13:45:20.785439  3130  3130 I QImsService: ImsSubControllerHandler : Received SubConfig Event phoneId = 0
04-17 13:45:20.785544  3130  3130 I QImsService: ImsServiceSub : [0] onStackConfigChanged :: activeStacks[0]=true
04-17 13:45:20.785581  3130  3130 I QImsService: ImsServiceSub : [0] oldFeatureState = 0
04-17 13:45:20.785609  3130  4206 I QImsService: ImsRadioResponseHidl : Received Subconfig response from ImsRadio.
04-17 13:45:20.785783  3130  4206 I QImsService: ImsSenderRxr : [0004]< REQUEST_GET_IMS_SUB_CONFIG ImsSubConfigDetails simultStackCount: 1 mImsStackEnabled: [true, false, false][SUB1]
04-17 13:45:20.786025  3548  3548 I ImsResolver: ImsServiceController added on slot: 0 with feature: MMTEL using package: ComponentInfo{org.codeaurora.ims/org.codeaurora.ims.ImsService}
04-17 13:45:20.786056  3130  4206 I QImsService: ImsRadioResponseHidl : Received Subconfig response from ImsRadio.
04-17 13:45:20.786209  3548  3548 I ImsServiceController: skipping single service enforce check...
04-17 13:45:20.786216  3130  4206 I QImsService: ImsSenderRxr : [0003]< REQUEST_GET_IMS_SUB_CONFIG ImsSubConfigDetails simultStackCount: 1 mImsStackEnabled: [true, false, false][SUB0]
04-17 13:45:20.786260  3548  3548 I ImsServiceController: supports emergency calling on slot 1
04-17 13:45:20.786665  3548  3548 I ImsResolver: ImsServiceController added on slot: 1 with feature: EMERGENCY_MMTEL using package: ComponentInfo{org.codeaurora.ims/org.codeaurora.ims.ImsService}
--------- switch to radio
04-17 13:45:20.786830  3548  3881 D IccSmsInterfaceManager: Failed to add GSM cell broadcast channels range 4373 to 4378
--------- switch to events
04-17 13:45:20.786974  2594  2691 I am_uid_active: 10081
--------- switch to radio
04-17 13:45:20.787037  3548  3548 D FeatureConnector: [ImsSmsDispatcher, 1] imsFeatureCreated: FeatureContainer{imsFeature=android.os.BinderProxy@18168f2, imsConfig=android.telephony.ims.aidl.IImsConfig$Stub$Proxy@f3f9b43, imsRegistration=android.telephony.ims.aidl.IImsRegistration$Stub$Proxy@835b5c0, sipTransport=null, state=UNAVAILABLE, capabilities = capabilities={ EMERGENCY_OVER_MMTEL }}
04-17 13:45:20.787084  3420  4170 D SmsManager: enableCellBroadcastRange: failed at calling enableCellBroadcastRangeForSubscriber. subId = -1
04-17 13:45:20.787405  3548  3548 D FeatureConnector: [ImsSmsDispatcher, 1] imsStatusChanged: status=UNAVAILABLE
04-17 13:45:20.787482  3548  3548 D FeatureConnector: [ImsSmsDispatcher, 1] imsStatusChanged: ready didn't change, ignore
--------- switch to main
04-17 13:45:20.787790  3130  4206 I QImsService: ImsRadioResponseHidl : Received Subconfig response from ImsRadio.
--------- switch to radio
04-17 13:45:20.787860  3548  3548 D FeatureConnector: [ImsPhoneCallTracker, 1] imsFeatureCreated: FeatureContainer{imsFeature=android.os.BinderProxy@18168f2, imsConfig=android.telephony.ims.aidl.IImsConfig$Stub$Proxy@f3f9b43, imsRegistration=android.telephony.ims.aidl.IImsRegistration$Stub$Proxy@835b5c0, sipTransport=null, state=UNAVAILABLE, capabilities = capabilities={ EMERGENCY_OVER_MMTEL }}
--------- switch to main
04-17 13:45:20.787990  3130  4206 I QImsService: ImsSenderRxr : [0005]< REQUEST_GET_IMS_SUB_CONFIG ImsSubConfigDetails simultStackCount: 1 mImsStackEnabled: [true, false, false][SUB1]
--------- switch to radio
04-17 13:45:20.788001  3548  3548 D FeatureConnector: [ImsPhoneCallTracker, 1] imsStatusChanged: status=UNAVAILABLE
04-17 13:45:20.788054  3548  3548 D FeatureConnector: [ImsPhoneCallTracker, 1] imsStatusChanged: ready didn't change, ignore
04-17 13:45:20.788143  3548  3548 D FeatureConnector: [ImsSmsDispatcher, 1] imsStatusChanged: status=UNAVAILABLE
04-17 13:45:20.788189  3548  3548 D FeatureConnector: [ImsSmsDispatcher, 1] imsStatusChanged: ready didn't change, ignore
04-17 13:45:20.788297  3548  3548 D FeatureConnector: [ImsPhoneCallTracker, 1] imsStatusChanged: status=UNAVAILABLE
04-17 13:45:20.788346  3548  3548 D FeatureConnector: [ImsPhoneCallTracker, 1] imsStatusChanged: ready didn't change, ignore
04-17 13:45:20.788549  3548  3548 D FeatureConnector: [ImsSmsDispatcher, 0] imsFeatureCreated: FeatureContainer{imsFeature=android.os.BinderProxy@536a89f, imsConfig=android.telephony.ims.aidl.IImsConfig$Stub$Proxy@9a06dec, imsRegistration=android.telephony.ims.aidl.IImsRegistration$Stub$Proxy@b54e5b5, sipTransport=null, state=UNAVAILABLE, capabilities = capabilities={ EMERGENCY_OVER_MMTEL }}
04-17 13:45:20.788711  3548  3548 D FeatureConnector: [ImsSmsDispatcher, 0] imsStatusChanged: status=UNAVAILABLE
04-17 13:45:20.788762  3548  3548 D FeatureConnector: [ImsSmsDispatcher, 0] imsStatusChanged: ready didn't change, ignore
--------- switch to main
04-17 13:45:20.788972  3130  3130 I QImsService: ImsSenderRxr : [0006]> REQUEST_SET_IMS_CONFIG [SUB0]
04-17 13:45:20.789130  3130  3130 I QImsService: ImsSenderRxr : REQUEST_SET_IMS_CONFIG request to ImsRadio: token 6 request type: 44
04-17 13:45:20.790663  3130  3130 I QImsService: ImsRadioHidl : setConfig: item:75 boolValue:false intValue:0 strValue:null errorCause:0
--------- switch to radio
04-17 13:45:20.791144  3548  3881 D IccSmsInterfaceManager: Calling setCdmaBroadcastConfig with 1 configurations
--------- switch to main
04-17 13:45:20.791829  3548  3562 I ImsServiceController: notifyImsFeatureStatus: slot=0, feature=MMTEL, status=READY
04-17 13:45:20.791884  3548  3562 I ImsFeatureBinderRepo: [0] notifyFeatureStateChanged, type=MMTEL, state=READY
04-17 13:45:20.791931  3130  3130 I QImsService: ImsSubControllerHandler : Message received: what = 2
04-17 13:45:20.792010  3130  3130 I QImsService: ImsSubControllerHandler : Received SubConfig Event phoneId = 1
04-17 13:45:20.792157  3130  3130 I QImsService: ImsServiceSub : [1] onStackConfigChanged :: activeStacks[1]=false
04-17 13:45:20.792225  3130  3130 I QImsService: ImsServiceSub : [1] oldFeatureState = 0
04-17 13:45:20.792338  3130  3130 I QImsService: ImsSubControllerHandler : Message received: what = 2
04-17 13:45:20.792401  3130  3130 I QImsService: ImsSubControllerHandler : Received SubConfig Event phoneId = 0
--------- switch to radio
04-17 13:45:20.792416  3548  3881 D RILJ    : [0142]> CDMA_SET_BROADCAST_CONFIG with 1 configs :  [PHONE0]
04-17 13:45:20.792465  3548  3881 D RILJ    : {.serviceCategory = 4098, .language = 1, .selected = true} [PHONE0]
--------- switch to main
04-17 13:45:20.792514  3130  3130 I QImsService: ImsServiceSub : [0] onStackConfigChanged :: activeStacks[0]=true
04-17 13:45:20.792563  3130  3130 I QImsService: ImsServiceSub : [0] oldFeatureState = 2
04-17 13:45:20.792665  3130  3130 I QImsService: ImsSubControllerHandler : Message received: what = 2
04-17 13:45:20.792727  3130  3130 I QImsService: ImsSubControllerHandler : Received SubConfig Event phoneId = 1
--------- switch to radio
04-17 13:45:20.792830  1237  1379 I RILQ    : (0/1237):RIL[0][(1237,1379)] qcril_qmi_imss_request_set_ims_config_v02: processing request - config item: QCRIL_QMI_RADIO_CONFIG_SET_CONCURRENCY_CONFIG
--------- switch to main
04-17 13:45:20.792872  3130  3130 I QImsService: ImsServiceSub : [1] onStackConfigChanged :: activeStacks[1]=false
--------- switch to radio
04-17 13:45:20.792935  1237  1379 I RILQ    : (0/1237):RIL[0][(1237,1379)] qcril_qmi_imss_request_set_ims_config_v02: Config item received is an integer, value: 0
--------- switch to main
04-17 13:45:20.792932  3130  3130 I QImsService: ImsServiceSub : [1] oldFeatureState = 0
--------- switch to radio
04-17 13:45:20.795311  3548  3548 D FeatureConnector: [ImsPhoneCallTracker, 0] imsFeatureCreated: FeatureContainer{imsFeature=android.os.BinderProxy@536a89f, imsConfig=android.telephony.ims.aidl.IImsConfig$Stub$Proxy@9a06dec, imsRegistration=android.telephony.ims.aidl.IImsRegistration$Stub$Proxy@b54e5b5, sipTransport=null, state=READY, capabilities = capabilities={ EMERGENCY_OVER_MMTEL }}
--------- switch to main
04-17 13:45:20.795329  4215  4215 D CompatibilityChangeReporter: Compat change id reported: 171979766; UID 10081; state: ENABLED
--------- switch to radio
04-17 13:45:20.795541  3548  3548 D FeatureConnector: [ImsPhoneCallTracker, 0] imsStatusChanged: status=READY
04-17 13:45:20.795839  3548  3548 D FeatureConnector: [InstanceManager, 0] imsFeatureCreated: FeatureContainer{imsFeature=android.os.BinderProxy@536a89f, imsConfig=android.telephony.ims.aidl.IImsConfig$Stub$Proxy@9a06dec, imsRegistration=android.telephony.ims.aidl.IImsRegistration$Stub$Proxy@b54e5b5, sipTransport=null, state=READY, capabilities = capabilities={ EMERGENCY_OVER_MMTEL }}
--------- switch to main
04-17 13:45:20.795964  3130  4206 I QImsService: ImsRadioResponseHidl : setConfigResponse_1_6()
04-17 13:45:20.796020  3130  4206 I QImsService: ImsRadioResponseHidl : setConfigResponse_1_8()
--------- switch to radio
04-17 13:45:20.796023  3548  3548 D FeatureConnector: [InstanceManager, 0] imsStatusChanged: status=READY
04-17 13:45:20.796376  3548  3548 D FeatureConnector: [ImsSmsDispatcher, 0] imsStatusChanged: status=UNAVAILABLE
04-17 13:45:20.796424  3548  3597 D RILJ    : [0142]< CDMA_SET_BROADCAST_CONFIG error 6 [PHONE0]
04-17 13:45:20.796475  3548  3548 D FeatureConnector: [ImsSmsDispatcher, 0] imsStatusChanged: ready didn't change, ignore
04-17 13:45:20.796561  3548  3548 D FeatureConnector: [ImsPhoneCallTracker, 0] imsStatusChanged: status=UNAVAILABLE
04-17 13:45:20.796698  3548  3597 D RilRequest: [0142]< CDMA_SET_BROADCAST_CONFIG error: com.android.internal.telephony.CommandException: REQUEST_NOT_SUPPORTED ret= result={ when=-26s754ms what=4 obj=com.android.internal.telephony.IccSmsInterfaceManager$Request@2672fbb target=com.android.internal.telephony.IccSmsInterfaceManager$1 }
--------- switch to main
04-17 13:45:20.796722  3130  4206 I QImsService: ImsSenderRxr : [0006]< REQUEST_SET_IMS_CONFIG [SUB0]
--------- switch to radio
04-17 13:45:20.796756  3548  3548 D FeatureConnector: [InstanceManager, 0] imsStatusChanged: status=UNAVAILABLE
--------- switch to main
04-17 13:45:20.797102  3130  3130 I QImsService: ImsServiceSubHandler : Message received: what = 39
--------- switch to radio
04-17 13:45:20.798173  3548  3548 D FeatureConnector: [InstanceManager, 0] imsStatusChanged: ready didn't change, ignore
04-17 13:45:20.798331  3548  3548 D FeatureConnector: [ImsSmsDispatcher, 0] imsStatusChanged: status=READY
04-17 13:45:20.798521  3548  3548 D FeatureConnector: [ImsPhoneCallTracker, 0] imsStatusChanged: status=READY
04-17 13:45:20.798611  3548  3548 D FeatureConnector: [InstanceManager, 0] imsStatusChanged: status=READY
04-17 13:45:20.798679  3548  3548 D FeatureConnector: [InstanceManager, 0] imsStatusChanged: ready didn't change, ignore
04-17 13:45:20.798876  3548  3548 D ImsPhoneCallTracker: [0] startListeningForCalls
--------- switch to main
04-17 13:45:20.804478  3130  3187 I QImsService: ImsServiceClassTracker : updateFeatureCapabilities video false voice false
04-17 13:45:20.807965  3130  3187 I QImsService: ImsSenderRxr : [0007]> REQUEST_IMS_REGISTRATION_STATE [SUB0]
--------- switch to radio
04-17 13:45:20.809243  3548  3548 D ImsEcbm : ImsEcbm created
04-17 13:45:20.810180  3548  3548 D ImsMultiEndpoint: ImsMultiEndpoint created
04-17 13:45:20.810228  3548  3548 D ImsMultiEndpoint: setExternalCallStateListener
--------- switch to main
04-17 13:45:20.810974  3548  3548 I ImsCallbackAM [0]: Local callback added: android.telephony.ims.RegistrationManager$RegistrationCallback$RegistrationBinder@c1c7cd8
--------- switch to radio
04-17 13:45:20.811137  3548  3548 D ImsManager [0]: Registration Callback registered.
--------- switch to main
04-17 13:45:20.811267  3130  4206 I QImsService: ImsRadioResponseHidl : getRegistrationResponse_1_6()
04-17 13:45:20.811463  3548  3548 I ImsCallbackAM [0]: Local callback added: android.telephony.ims.ImsMmTelManager$CapabilityCallback$CapabilityBinder@d3b2831
--------- switch to radio
04-17 13:45:20.811526  3548  3548 D ImsManager [0]: Capability Callback registered.
04-17 13:45:20.811767  3548  3548 D ImsConfig: addConfigCallback: android.telephony.ims.ProvisioningManager$Callback$CallbackBinder@f553b16
--------- switch to main
04-17 13:45:20.811784  3130  4206 I QImsService: ImsSenderRxr : [0007]< REQUEST_IMS_REGISTRATION_STATE ImsRegistrationInfo state: 2 errorCode: 0 errorMessage:  radioTech: 2147483647 pAssociatedUris[SUB0]
04-17 13:45:20.812007  3130  3130 I QImsService: ImsRegistrationController : Message received: what = 4
04-17 13:45:20.812079  3130  3130 I QImsService: ImsRegistrationController : handleImsStateChanged
04-17 13:45:20.814229  3130  3161 I QImsService: ImsSenderRxr : [0008]> REQUEST_SEND_UI_TTY_MODE [SUB0]
04-17 13:45:20.814565  3130  3130 I QImsService: ImsServiceSub : [0] sendBroadcastForDisconnected
04-17 13:45:20.820569  3130  4206 I QImsService: ImsRadioResponseHidl : Got setUiTTYModeResponse from ImsRadio error 0
04-17 13:45:20.820772  3130  4206 I QImsService: ImsSenderRxr : [0008]< REQUEST_SEND_UI_TTY_MODE [SUB0]
04-17 13:45:20.821015  3130  3130 I QImsService: ImsServiceSubHandler : Message received: what = 40
04-17 13:45:20.821267  3130  3130 E QImsService: ImsServiceSub : [0] Failed to send result java.lang.NullPointerException: Attempt to read from field 'android.os.Messenger android.os.Message.replyTo' on a null object reference
--------- switch to radio
04-17 13:45:20.823953  3548  3548 I ImsPhoneCallTracker: [0] connectionUnavailable: 1
04-17 13:45:20.824301  3548  3548 D ImsPhoneCallTracker: [0] stopListeningForCalls
--------- switch to main
04-17 13:45:20.824981  3548  3548 I ImsCallbackAM [0]: Local callback removed: android.telephony.ims.RegistrationManager$RegistrationCallback$RegistrationBinder@c1c7cd8
--------- switch to radio
04-17 13:45:20.825213  3548  3548 D ImsManager [0]: Registration callback removed.
--------- switch to main
04-17 13:45:20.825439  3548  3548 I ImsCallbackAM [0]: Local callback removed: android.telephony.ims.ImsMmTelManager$CapabilityCallback$CapabilityBinder@d3b2831
--------- switch to radio
04-17 13:45:20.825711  3548  3548 D ImsConfig: removeConfigCallback: android.telephony.ims.ProvisioningManager$Callback$CallbackBinder@f553b16
04-17 13:45:20.826569  3548  3548 D ImsMultiEndpoint: setExternalCallStateListener
04-17 13:45:20.826854  3548  3548 D ImsPhoneCallTracker: [0] Resetting Capabilities...
