04-17 12:31:10.503859     0     0 I         : c2   5809 google_battery: MSC_DIN chg_state=1c2112d01030001 f=0x1 chg_s=Not Charging chg_t=None vchg=4397 icl=450
04-17 12:31:10.505663     0     0 I         : c2   5809 google_battery: MSC_DSG vbatt_idx:4->4 vbatt=4397239 ibatt=-4577 fv_uv=4430000 cv_cnt=0 ov_cnt=0
04-17 12:31:10.505733     0     0 I         : c2   5809 google_battery: MSC_VOTE msc_state=2 cv_cnt=0 ov_cnt=0 temp_idx:2, vbatt_idx:4  fv_uv=4430000 cc_max=0 update_interval=-1
04-17 12:31:10.505838     0     0 I         : c2   5809 google_charger: MSC_CHG fv_uv=4430000, cc_max=0, rerun in 2000 ms (0)
--------- switch to main
04-17 12:31:10.567639   984  1089 W ASH     : @ 40200.242: touch gesture: no valid gesture detected
04-17 12:31:10.632168   984  1089 W ASH     : @ 40200.307: touch gesture: no valid gesture detected
04-17 12:31:10.696335   984  1089 W ASH     : @ 40200.371: touch gesture: no valid gesture detected
04-17 12:31:10.761311   984  1089 W ASH     : @ 40200.436: touch gesture: no valid gesture detected
04-17 12:31:10.825820   984  1089 W ASH     : @ 40200.501: touch gesture: no valid gesture detected
04-17 12:31:10.890411   984  1089 W ASH     : @ 40200.565: touch gesture: no valid gesture detected
04-17 12:31:10.955247   984  1089 W ASH     : @ 40200.630: touch gesture: no valid gesture detected
04-17 12:31:11.020029   984  1089 W ASH     : @ 40200.694: touch gesture: no valid gesture detected
04-17 12:31:11.084465   984  1089 W ASH     : @ 40200.759: touch gesture: no valid gesture detected
04-17 12:31:11.149592   984  1089 W ASH     : @ 40200.824: touch gesture: no valid gesture detected
04-17 12:31:11.213969   984  1089 W ASH     : @ 40200.888: touch gesture: no valid gesture detected
04-17 12:31:11.278081   984  1089 W ASH     : @ 40200.953: touch gesture: no valid gesture detected
04-17 12:31:11.343199   984  1089 W ASH     : @ 40201.018: touch gesture: no valid gesture detected
04-17 12:31:11.407675   984  1089 W ASH     : @ 40201.082: touch gesture: no valid gesture detected
04-17 12:31:11.472061   984  1089 W ASH     : @ 40201.147: touch gesture: no valid gesture detected
04-17 12:31:11.536977   984  1089 W ASH     : @ 40201.212: touch gesture: no valid gesture detected
04-17 12:31:11.601491   984  1089 W ASH     : @ 40201.276: touch gesture: no valid gesture detected
04-17 12:31:11.666315   984  1089 W ASH     : @ 40201.341: touch gesture: no valid gesture detected
04-17 12:31:11.731124   984  1089 W ASH     : @ 40201.406: touch gesture: no valid gesture detected
04-17 12:31:11.795405   984  1089 W ASH     : @ 40201.470: touch gesture: no valid gesture detected
04-17 12:31:11.860351   984  1089 W ASH     : @ 40201.535: touch gesture: no valid gesture detected
04-17 12:31:11.924889   984  1089 W ASH     : @ 40201.599: touch gesture: no valid gesture detected
04-17 12:31:11.989547   984  1089 W ASH     : @ 40201.664: touch gesture: no valid gesture detected
04-17 12:31:12.054180   984  1089 W ASH     : @ 40201.729: touch gesture: no valid gesture detected
04-17 12:31:12.118790   984  1089 W ASH     : @ 40201.793: touch gesture: no valid gesture detected
04-17 12:31:12.182888   984  1089 W ASH     : @ 40201.858: touch gesture: no valid gesture detected
04-17 12:31:12.247969   984  1089 W ASH     : @ 40201.923: touch gesture: no valid gesture detected
04-17 12:31:12.312343   984  1089 W ASH     : @ 40201.987: touch gesture: no valid gesture detected
04-17 12:31:12.377088   984  1089 W ASH     : @ 40202.052: touch gesture: no valid gesture detected
04-17 12:31:12.440695   984  1089 W ASH     : @ 40202.116: touch gesture: no valid gesture detected
04-17 12:31:12.506683   984  1089 W ASH     : @ 40202.181: touch gesture: no valid gesture detected
--------- switch to kernel
04-17 12:31:12.521660     0     0 I         : c2   5809 google_charger: usbchg=USB typec=C usbv=5039 usbc=0 usbMv=5000 usbMc=450
04-17 12:31:12.521857     0     0 I         : c2   5809 sm7250_bms: MSC_PCS chg_state=1c2112d01030001 [0x1:1:3:4397:450] chg=u
04-17 12:31:12.521939     0     0 I         : c2   5809 google_battery: MSC_DIN chg_state=1c2112d01030001 f=0x1 chg_s=Not Charging chg_t=None vchg=4397 icl=450
04-17 12:31:12.523709     0     0 I         : c2   5809 google_battery: MSC_DSG vbatt_idx:4->4 vbatt=4397239 ibatt=-4577 fv_uv=4430000 cv_cnt=0 ov_cnt=0
04-17 12:31:12.523779     0     0 I         : c2   5809 google_battery: MSC_VOTE msc_state=2 cv_cnt=0 ov_cnt=0 temp_idx:2, vbatt_idx:4  fv_uv=4430000 cc_max=0 update_interval=-1
04-17 12:31:12.523895     0     0 I         : c2   5809 google_charger: MSC_CHG fv_uv=4430000, cc_max=0, rerun in 2000 ms (0)
--------- switch to main
04-17 12:31:12.570914   984  1089 W ASH     : @ 40202.246: touch gesture: no valid gesture detected
04-17 12:31:12.635313   984  1089 W ASH     : @ 40202.310: touch gesture: no valid gesture detected
04-17 12:31:12.700060   984  1089 W ASH     : @ 40202.375: touch gesture: no valid gesture detected
04-17 12:31:12.764446   984  1089 W ASH     : @ 40202.439: touch gesture: no valid gesture detected
04-17 12:31:12.829279   984  1089 W ASH     : @ 40202.504: touch gesture: no valid gesture detected
04-17 12:31:12.893639   984  1089 W ASH     : @ 40202.568: touch gesture: no valid gesture detected
04-17 12:31:12.958972   984  1089 W ASH     : @ 40202.633: touch gesture: no valid gesture detected
04-17 12:31:13.023256   984  1089 W ASH     : @ 40202.698: touch gesture: no valid gesture detected
04-17 12:31:13.088030   984  1089 W ASH     : @ 40202.763: touch gesture: no valid gesture detected
04-17 12:31:13.152117   984  1089 W ASH     : @ 40202.827: touch gesture: no valid gesture detected
04-17 12:31:13.216932   984  1089 W ASH     : @ 40202.892: touch gesture: no valid gesture detected
04-17 12:31:13.281505   984  1089 W ASH     : @ 40202.956: touch gesture: no valid gesture detected
04-17 12:31:13.344805   984  1089 W ASH     : @ 40203.021: touch gesture: no valid gesture detected
04-17 12:31:13.410499   984  1089 W ASH     : @ 40203.085: touch gesture: no valid gesture detected
04-17 12:31:13.475246   984  1089 W ASH     : @ 40203.150: touch gesture: no valid gesture detected
04-17 12:31:13.538044   984  1089 W ASH     : @ 40203.214: touch gesture: no valid gesture detected
04-17 12:31:13.604241   984  1089 W ASH     : @ 40203.279: touch gesture: no valid gesture detected
04-17 12:31:13.668704   984  1089 W ASH     : @ 40203.344: touch gesture: no valid gesture detected
04-17 12:31:13.733392   984  1089 W ASH     : @ 40203.408: touch gesture: no valid gesture detected
04-17 12:31:13.797808   984  1089 W ASH     : @ 40203.473: touch gesture: no valid gesture detected
04-17 12:31:13.862577   984  1089 W ASH     : @ 40203.537: touch gesture: no valid gesture detected
04-17 12:31:13.927116   984  1089 W ASH     : @ 40203.602: touch gesture: no valid gesture detected
04-17 12:31:13.992076   984  1089 W ASH     : @ 40203.666: touch gesture: no valid gesture detected
04-17 12:31:14.056079   984  1089 W ASH     : @ 40203.731: touch gesture: no valid gesture detected
04-17 12:31:14.120459   984  1089 W ASH     : @ 40203.795: touch gesture: no valid gesture detected
04-17 12:31:14.185236   984  1089 W ASH     : @ 40203.860: touch gesture: no valid gesture detected
04-17 12:31:14.249616   984  1089 W ASH     : @ 40203.924: touch gesture: no valid gesture detected
04-17 12:31:14.314034   984  1089 W ASH     : @ 40203.989: touch gesture: no valid gesture detected
04-17 12:31:14.378532   984  1089 W ASH     : @ 40204.053: touch gesture: no valid gesture detected
04-17 12:31:14.443334   984  1089 W ASH     : @ 40204.118: touch gesture: no valid gesture detected
04-17 12:31:14.507858   984  1089 W ASH     : @ 40204.183: touch gesture: no valid gesture detected
--------- switch to kernel
04-17 12:31:14.538269     0     0 I         : c2   5809 google_charger: usbchg=USB typec=C usbv=5038 usbc=0 usbMv=5000 usbMc=450
04-17 12:31:14.538446     0     0 I         : c2   5809 sm7250_bms: MSC_PCS chg_state=1c2112d01030001 [0x1:1:3:4397:450] chg=u
04-17 12:31:14.538616     0     0 I         : c2   5809 google_battery: MSC_DIN chg_state=1c2112d01030001 f=0x1 chg_s=Not Charging chg_t=None vchg=4397 icl=450
04-17 12:31:14.540304     0     0 I         : c2   5809 google_battery: MSC_DSG vbatt_idx:4->4 vbatt=4397239 ibatt=-3662 fv_uv=4430000 cv_cnt=0 ov_cnt=0
04-17 12:31:14.540368     0     0 I         : c2   5809 google_battery: MSC_VOTE msc_state=2 cv_cnt=0 ov_cnt=0 temp_idx:2, vbatt_idx:4  fv_uv=4430000 cc_max=0 update_interval=-1
04-17 12:31:14.540462     0     0 I         : c2   5809 google_charger: MSC_CHG fv_uv=4430000, cc_max=0, rerun in 2000 ms (0)
--------- switch to main
04-17 12:31:14.572676   984  1089 W ASH     : @ 40204.247: touch gesture: no valid gesture detected
04-17 12:31:14.637303   984  1089 W ASH     : @ 40204.312: touch gesture: no valid gesture detected
04-17 12:31:14.701754   984  1089 W ASH     : @ 40204.376: touch gesture: no valid gesture detected
04-17 12:31:14.766485   984  1089 W ASH     : @ 40204.441: touch gesture: no valid gesture detected
04-17 12:31:14.831026   984  1089 W ASH     : @ 40204.506: touch gesture: no valid gesture detected
04-17 12:31:14.895678   984  1089 W ASH     : @ 40204.570: touch gesture: no valid gesture detected
04-17 12:31:14.959907   984  1089 W ASH     : @ 40204.635: touch gesture: no valid gesture detected
04-17 12:31:15.024597   984  1089 W ASH     : @ 40204.699: touch gesture: no valid gesture detected
04-17 12:31:15.089314   984  1089 W ASH     : @ 40204.764: touch gesture: no valid gesture detected
04-17 12:31:15.153893   984  1089 W ASH     : @ 40204.828: touch gesture: no valid gesture detected
04-17 12:31:15.218283   984  1089 W ASH     : @ 40204.893: touch gesture: no valid gesture detected
04-17 12:31:15.282831   984  1089 W ASH     : @ 40204.958: touch gesture: no valid gesture detected
04-17 12:31:15.347493   984  1089 W ASH     : @ 40205.022: touch gesture: no valid gesture detected
04-17 12:31:15.412243   984  1089 W ASH     : @ 40205.087: touch gesture: no valid gesture detected
04-17 12:31:15.476466   984  1089 W ASH     : @ 40205.151: touch gesture: no valid gesture detected
04-17 12:31:15.541311   984  1089 W ASH     : @ 40205.216: touch gesture: no valid gesture detected
04-17 12:31:15.605738   984  1089 W ASH     : @ 40205.281: touch gesture: no valid gesture detected
04-17 12:31:15.670319   984  1089 W ASH     : @ 40205.345: touch gesture: no valid gesture detected
04-17 12:31:15.735347   984  1089 W ASH     : @ 40205.410: touch gesture: no valid gesture detected
04-17 12:31:15.799716   984  1089 W ASH     : @ 40205.475: touch gesture: no valid gesture detected
04-17 12:31:15.864074   984  1089 W ASH     : @ 40205.539: touch gesture: no valid gesture detected
04-17 12:31:15.929042   984  1089 W ASH     : @ 40205.604: touch gesture: no valid gesture detected
04-17 12:31:15.993414   984  1089 W ASH     : @ 40205.668: touch gesture: no valid gesture detected
04-17 12:31:16.057972   984  1089 W ASH     : @ 40205.733: touch gesture: no valid gesture detected
04-17 12:31:16.122448   984  1089 W ASH     : @ 40205.797: touch gesture: no valid gesture detected
04-17 12:31:16.187031   984  1089 W ASH     : @ 40205.862: touch gesture: no valid gesture detected
04-17 12:31:16.251439   984  1089 W ASH     : @ 40205.926: touch gesture: no valid gesture detected
04-17 12:31:16.315991   984  1089 W ASH     : @ 40205.991: touch gesture: no valid gesture detected
04-17 12:31:16.380641   984  1089 W ASH     : @ 40206.056: touch gesture: no valid gesture detected
04-17 12:31:16.445277   984  1089 W ASH     : @ 40206.120: touch gesture: no valid gesture detected
04-17 12:31:16.509912   984  1089 W ASH     : @ 40206.185: touch gesture: no valid gesture detected
--------- switch to kernel
04-17 12:31:16.554207     0     0 I         : c2   5809 google_charger: usbchg=USB typec=C usbv=5051 usbc=0 usbMv=5000 usbMc=450
04-17 12:31:16.554387     0     0 I         : c2   5809 sm7250_bms: MSC_PCS chg_state=1c2112d01030001 [0x1:1:3:4397:450] chg=u
04-17 12:31:16.554459     0     0 I         : c2   5809 google_battery: MSC_DIN chg_state=1c2112d01030001 f=0x1 chg_s=Not Charging chg_t=None vchg=4397 icl=450
04-17 12:31:16.556100     0     0 I         : c2   5809 google_battery: MSC_DSG vbatt_idx:4->4 vbatt=4397239 ibatt=-3662 fv_uv=4430000 cv_cnt=0 ov_cnt=0
04-17 12:31:16.556156     0     0 I         : c2   5809 google_battery: MSC_VOTE msc_state=2 cv_cnt=0 ov_cnt=0 temp_idx:2, vbatt_idx:4  fv_uv=4430000 cc_max=0 update_interval=-1
04-17 12:31:16.556240     0     0 I         : c2   5809 google_charger: MSC_CHG fv_uv=4430000, cc_max=0, rerun in 2000 ms (0)
--------- switch to main
04-17 12:31:16.574431   984  1089 W ASH     : @ 40206.249: touch gesture: no valid gesture detected
04-17 12:31:16.639070   984  1089 W ASH     : @ 40206.314: touch gesture: no valid gesture detected
04-17 12:31:16.703552   984  1089 W ASH     : @ 40206.378: touch gesture: no valid gesture detected
04-17 12:31:16.768198   984  1089 W ASH     : @ 40206.443: touch gesture: no valid gesture detected
04-17 12:31:16.832654   984  1089 W ASH     : @ 40206.508: touch gesture: no valid gesture detected
04-17 12:31:16.897173   984  1089 W ASH     : @ 40206.572: touch gesture: no valid gesture detected
04-17 12:31:16.962143   984  1089 W ASH     : @ 40206.637: touch gesture: no valid gesture detected
04-17 12:31:17.026624   984  1089 W ASH     : @ 40206.701: touch gesture: no valid gesture detected
04-17 12:31:17.090902   984  1089 W ASH     : @ 40206.766: touch gesture: no valid gesture detected
04-17 12:31:17.155772   984  1089 W ASH     : @ 40206.831: touch gesture: no valid gesture detected
04-17 12:31:17.220193   984  1089 W ASH     : @ 40206.895: touch gesture: no valid gesture detected
04-17 12:31:17.284721   984  1089 W ASH     : @ 40206.960: touch gesture: no valid gesture detected
04-17 12:31:17.348075   984  1089 W ASH     : @ 40207.024: touch gesture: no valid gesture detected
04-17 12:31:17.414009   984  1089 W ASH     : @ 40207.089: touch gesture: no valid gesture detected
04-17 12:31:17.478834   984  1089 W ASH     : @ 40207.153: touch gesture: no valid gesture detected
04-17 12:31:17.542978   984  1089 W ASH     : @ 40207.218: touch gesture: no valid gesture detected
04-17 12:31:17.607729   984  1089 W ASH     : @ 40207.282: touch gesture: no valid gesture detected
04-17 12:31:17.672287   984  1089 W ASH     : @ 40207.347: touch gesture: no valid gesture detected
04-17 12:31:17.736966   984  1089 W ASH     : @ 40207.412: touch gesture: no valid gesture detected
04-17 12:31:17.801324   984  1089 W ASH     : @ 40207.476: touch gesture: no valid gesture detected
04-17 12:31:17.865893   984  1089 W ASH     : @ 40207.541: touch gesture: no valid gesture detected
04-17 12:31:17.930613   984  1089 W ASH     : @ 40207.605: touch gesture: no valid gesture detected
04-17 12:31:17.995540   984  1089 W ASH     : @ 40207.670: touch gesture: no valid gesture detected
04-17 12:31:18.059771   984  1089 W ASH     : @ 40207.734: touch gesture: no valid gesture detected
04-17 12:31:18.124575   984  1089 W ASH     : @ 40207.799: touch gesture: no valid gesture detected
04-17 12:31:18.188955   984  1089 W ASH     : @ 40207.864: touch gesture: no valid gesture detected
04-17 12:31:18.253214   984  1089 W ASH     : @ 40207.928: touch gesture: no valid gesture detected
04-17 12:31:18.318086   984  1089 W ASH     : @ 40207.993: touch gesture: no valid gesture detected
04-17 12:31:18.382779   984  1089 W ASH     : @ 40208.058: touch gesture: no valid gesture detected
04-17 12:31:18.447325   984  1089 W ASH     : @ 40208.122: touch gesture: no valid gesture detected
04-17 12:31:18.512157   984  1089 W ASH     : @ 40208.187: touch gesture: no valid gesture detected
--------- switch to kernel
04-17 12:31:18.570618     0     0 I         : c2   5809 google_charger: usbchg=USB typec=C usbv=5052 usbc=10 usbMv=5000 usbMc=450
04-17 12:31:18.570794     0     0 I         : c2   5809 sm7250_bms: MSC_PCS chg_state=1c2112d01030001 [0x1:1:3:4397:450] chg=u
--------- switch to main
04-17 12:31:18.575548   984  1089 W ASH     : @ 40208.251: touch gesture: no valid gesture detected
--------- switch to kernel
04-17 12:31:18.570866     0     0 I         : c2   5809 google_battery: MSC_DIN chg_state=1c2112d01030001 f=0x1 chg_s=Not Charging chg_t=None vchg=4397 icl=450
04-17 12:31:18.572326     0     0 I         : c2   5809 google_battery: MSC_DSG vbatt_idx:4->4 vbatt=4397239 ibatt=-3662 fv_uv=4430000 cv_cnt=0 ov_cnt=0
04-17 12:31:18.572389     0     0 I         : c2   5809 google_battery: MSC_VOTE msc_state=2 cv_cnt=0 ov_cnt=0 temp_idx:2, vbatt_idx:4  fv_uv=4430000 cc_max=0 update_interval=-1
04-17 12:31:18.572488     0     0 I         : c2   5809 google_charger: MSC_CHG fv_uv=4430000, cc_max=0, rerun in 2000 ms (0)
--------- switch to main
04-17 12:31:18.641122   984  1089 W ASH     : @ 40208.316: touch gesture: no valid gesture detected
04-17 12:31:18.705631   984  1089 W ASH     : @ 40208.380: touch gesture: no valid gesture detected
04-17 12:31:18.770352   984  1089 W ASH     : @ 40208.445: touch gesture: no valid gesture detected
04-17 12:31:18.834840   984  1089 W ASH     : @ 40208.510: touch gesture: no valid gesture detected
04-17 12:31:18.899184   984  1089 W ASH     : @ 40208.574: touch gesture: no valid gesture detected
04-17 12:31:18.963614   984  1089 W ASH     : @ 40208.639: touch gesture: no valid gesture detected
04-17 12:31:19.028815   984  1089 W ASH     : @ 40208.703: touch gesture: no valid gesture detected
04-17 12:31:19.093035   984  1089 W ASH     : @ 40208.768: touch gesture: no valid gesture detected
04-17 12:31:19.157394   984  1089 W ASH     : @ 40208.832: touch gesture: no valid gesture detected
04-17 12:31:19.222275   984  1089 W ASH     : @ 40208.897: touch gesture: no valid gesture detected
04-17 12:31:19.286728   984  1089 W ASH     : @ 40208.962: touch gesture: no valid gesture detected
04-17 12:31:19.351458   984  1089 W ASH     : @ 40209.026: touch gesture: no valid gesture detected
04-17 12:31:19.416009   984  1089 W ASH     : @ 40209.091: touch gesture: no valid gesture detected
04-17 12:31:19.480440   984  1089 W ASH     : @ 40209.155: touch gesture: no valid gesture detected
04-17 12:31:19.545518   984  1089 W ASH     : @ 40209.220: touch gesture: no valid gesture detected
04-17 12:31:19.609776   984  1089 W ASH     : @ 40209.285: touch gesture: no valid gesture detected
04-17 12:31:19.674753   984  1089 W ASH     : @ 40209.349: touch gesture: no valid gesture detected
04-17 12:31:19.739137   984  1089 W ASH     : @ 40209.414: touch gesture: no valid gesture detected
04-17 12:31:19.803638   984  1089 W ASH     : @ 40209.478: touch gesture: no valid gesture detected
04-17 12:31:19.867796   984  1089 W ASH     : @ 40209.543: touch gesture: no valid gesture detected
04-17 12:31:19.932627   984  1089 W ASH     : @ 40209.607: touch gesture: no valid gesture detected
04-17 12:31:19.997126   984  1089 W ASH     : @ 40209.672: touch gesture: no valid gesture detected
04-17 12:31:20.061899   984  1089 W ASH     : @ 40209.737: touch gesture: no valid gesture detected
04-17 12:31:20.125603   984  1089 W ASH     : @ 40209.801: touch gesture: no valid gesture detected
04-17 12:31:20.190859   984  1089 W ASH     : @ 40209.866: touch gesture: no valid gesture detected
04-17 12:31:20.254147   984  1089 W ASH     : @ 40209.930: touch gesture: no valid gesture detected
04-17 12:31:20.320024   984  1089 W ASH     : @ 40209.995: touch gesture: no valid gesture detected
04-17 12:31:20.384334   984  1089 W ASH     : @ 40210.059: touch gesture: no valid gesture detected
04-17 12:31:20.448949   984  1089 W ASH     : @ 40210.124: touch gesture: no valid gesture detected
04-17 12:31:20.513577   984  1089 W ASH     : @ 40210.188: touch gesture: no valid gesture detected
04-17 12:31:20.578144   984  1089 W ASH     : @ 40210.253: touch gesture: no valid gesture detected
--------- switch to kernel
04-17 12:31:20.584744     0     0 I         : c2   5809 google_charger: usbchg=USB typec=C usbv=5030 usbc=34 usbMv=5000 usbMc=450
04-17 12:31:20.584945     0     0 I         : c2   5809 sm7250_bms: MSC_PCS chg_state=1c2112d01030001 [0x1:1:3:4397:450] chg=u
04-17 12:31:20.585022     0     0 I         : c2   5809 google_battery: MSC_DIN chg_state=1c2112d01030001 f=0x1 chg_s=Not Charging chg_t=None vchg=4397 icl=450
04-17 12:31:20.586744     0     0 I         : c2   5809 google_battery: MSC_DSG vbatt_idx:4->4 vbatt=4397239 ibatt=-3662 fv_uv=4430000 cv_cnt=0 ov_cnt=0
04-17 12:31:20.586821     0     0 I         : c2   5809 google_battery: MSC_VOTE msc_state=2 cv_cnt=0 ov_cnt=0 temp_idx:2, vbatt_idx:4  fv_uv=4430000 cc_max=0 update_interval=-1
04-17 12:31:20.586921     0     0 I         : c2   5809 google_charger: MSC_CHG fv_uv=4430000, cc_max=0, rerun in 2000 ms (0)
--------- switch to main
04-17 12:31:20.642632   984  1089 W ASH     : @ 40210.317: touch gesture: no valid gesture detected
04-17 12:31:20.707310   984  1089 W ASH     : @ 40210.382: touch gesture: no valid gesture detected
04-17 12:31:20.771985   984  1089 W ASH     : @ 40210.447: touch gesture: no valid gesture detected
04-17 12:31:20.836416   984  1089 W ASH     : @ 40210.511: touch gesture: no valid gesture detected
04-17 12:31:20.900764   984  1089 W ASH     : @ 40210.576: touch gesture: no valid gesture detected
04-17 12:31:20.965372   984  1089 W ASH     : @ 40210.640: touch gesture: no valid gesture detected
04-17 12:31:21.030019   984  1089 W ASH     : @ 40210.705: touch gesture: no valid gesture detected
04-17 12:31:21.094732   984  1089 W ASH     : @ 40210.769: touch gesture: no valid gesture detected
04-17 12:31:21.158917   984  1089 W ASH     : @ 40210.834: touch gesture: no valid gesture detected
04-17 12:31:21.223409   984  1089 W ASH     : @ 40210.898: touch gesture: no valid gesture detected
04-17 12:31:21.287800   984  1089 W ASH     : @ 40210.963: touch gesture: no valid gesture detected
04-17 12:31:21.352623   984  1089 W ASH     : @ 40211.027: touch gesture: no valid gesture detected
04-17 12:31:21.417226   984  1089 W ASH     : @ 40211.092: touch gesture: no valid gesture detected
04-17 12:31:21.481678   984  1089 W ASH     : @ 40211.156: touch gesture: no valid gesture detected
04-17 12:31:21.546142   984  1089 W ASH     : @ 40211.221: touch gesture: no valid gesture detected
04-17 12:31:21.610692   984  1089 W ASH     : @ 40211.285: touch gesture: no valid gesture detected
04-17 12:31:21.675468   984  1089 W ASH     : @ 40211.350: touch gesture: no valid gesture detected
04-17 12:31:21.739582   984  1089 W ASH     : @ 40211.414: touch gesture: no valid gesture detected
04-17 12:31:21.804178   984  1089 W ASH     : @ 40211.479: touch gesture: no valid gesture detected
04-17 12:31:21.868966   984  1089 W ASH     : @ 40211.544: touch gesture: no valid gesture detected
04-17 12:31:21.933357   984  1089 W ASH     : @ 40211.608: touch gesture: no valid gesture detected
04-17 12:31:21.997792   984  1089 W ASH     : @ 40211.673: touch gesture: no valid gesture detected
04-17 12:31:22.062560   984  1089 W ASH     : @ 40211.737: touch gesture: no valid gesture detected
04-17 12:31:22.126183   984  1089 W ASH     : @ 40211.802: touch gesture: no valid gesture detected
04-17 12:31:22.191480   984  1089 W ASH     : @ 40211.866: touch gesture: no valid gesture detected
04-17 12:31:22.255222   984  1089 W ASH     : @ 40211.931: touch gesture: no valid gesture detected
04-17 12:31:22.321337   984  1089 W ASH     : @ 40211.996: touch gesture: no valid gesture detected
04-17 12:31:22.385436   984  1089 W ASH     : @ 40212.060: touch gesture: no valid gesture detected
04-17 12:31:22.449989   984  1089 W ASH     : @ 40212.125: touch gesture: no valid gesture detected
04-17 12:31:22.514906   984  1089 W ASH     : @ 40212.189: touch gesture: no valid gesture detected
04-17 12:31:22.579201   984  1089 W ASH     : @ 40212.254: touch gesture: no valid gesture detected
--------- switch to kernel
04-17 12:31:22.600769     0     0 I         : c2   5809 google_charger: usbchg=USB typec=C usbv=5016 usbc=11 usbMv=5000 usbMc=450
04-17 12:31:22.600953     0     0 I         : c2   5809 sm7250_bms: MSC_PCS chg_state=1c2112d01030001 [0x1:1:3:4397:450] chg=u
04-17 12:31:22.601016     0     0 I         : c2   5809 google_battery: MSC_DIN chg_state=1c2112d01030001 f=0x1 chg_s=Not Charging chg_t=None vchg=4397 icl=450
04-17 12:31:22.602199     0     0 I         : c2   5809 google_battery: MSC_DSG vbatt_idx:4->4 vbatt=4397239 ibatt=-3662 fv_uv=4430000 cv_cnt=0 ov_cnt=0
04-17 12:31:22.602266     0     0 I         : c2   5809 google_battery: MSC_VOTE msc_state=2 cv_cnt=0 ov_cnt=0 temp_idx:2, vbatt_idx:4  fv_uv=4430000 cc_max=0 update_interval=-1
04-17 12:31:22.602351     0     0 I         : c2   5809 google_charger: MSC_CHG fv_uv=4430000, cc_max=0, rerun in 2000 ms (0)
--------- switch to main
04-17 12:31:22.644295   984  1089 W ASH     : @ 40212.319: touch gesture: no valid gesture detected
04-17 12:31:22.708869   984  1089 W ASH     : @ 40212.383: touch gesture: no valid gesture detected
04-17 12:31:22.773185   984  1089 W ASH     : @ 40212.448: touch gesture: no valid gesture detected
04-17 12:31:22.837795   984  1089 W ASH     : @ 40212.512: touch gesture: no valid gesture detected
04-17 12:31:22.902453   984  1089 W ASH     : @ 40212.577: touch gesture: no valid gesture detected
04-17 12:31:22.967016   984  1089 W ASH     : @ 40212.642: touch gesture: no valid gesture detected
04-17 12:31:23.031570   984  1089 W ASH     : @ 40212.706: touch gesture: no valid gesture detected
04-17 12:31:23.095969   984  1089 W ASH     : @ 40212.771: touch gesture: no valid gesture detected
04-17 12:31:23.160854   984  1089 W ASH     : @ 40212.836: touch gesture: no valid gesture detected
04-17 12:31:23.225654   984  1089 W ASH     : @ 40212.900: touch gesture: no valid gesture detected
04-17 12:31:23.290442   984  1089 W ASH     : @ 40212.965: touch gesture: no valid gesture detected
04-17 12:31:23.354626   984  1089 W ASH     : @ 40213.029: touch gesture: no valid gesture detected
04-17 12:31:23.419226   984  1089 W ASH     : @ 40213.094: touch gesture: no valid gesture detected
04-17 12:31:23.484094   984  1089 W ASH     : @ 40213.159: touch gesture: no valid gesture detected
04-17 12:31:23.548193   984  1089 W ASH     : @ 40213.223: touch gesture: no valid gesture detected
04-17 12:31:23.613049   984  1089 W ASH     : @ 40213.288: touch gesture: no valid gesture detected
04-17 12:31:23.678127   984  1089 W ASH     : @ 40213.353: touch gesture: no valid gesture detected
04-17 12:31:23.742371   984  1089 W ASH     : @ 40213.417: touch gesture: no valid gesture detected
04-17 12:31:23.807058   984  1089 W ASH     : @ 40213.482: touch gesture: no valid gesture detected
04-17 12:31:23.871644   984  1089 W ASH     : @ 40213.546: touch gesture: no valid gesture detected
04-17 12:31:23.936485   984  1089 W ASH     : @ 40213.611: touch gesture: no valid gesture detected
04-17 12:31:24.001187   984  1089 W ASH     : @ 40213.676: touch gesture: no valid gesture detected
04-17 12:31:24.065722   984  1089 W ASH     : @ 40213.740: touch gesture: no valid gesture detected
04-17 12:31:24.130274   984  1089 W ASH     : @ 40213.805: touch gesture: no valid gesture detected
04-17 12:31:24.194840   984  1089 W ASH     : @ 40213.869: touch gesture: no valid gesture detected
04-17 12:31:24.259426   984  1089 W ASH     : @ 40213.934: touch gesture: no valid gesture detected
04-17 12:31:24.323971   984  1089 W ASH     : @ 40213.999: touch gesture: no valid gesture detected
04-17 12:31:24.387888   984  1089 W ASH     : @ 40214.063: touch gesture: no valid gesture detected
04-17 12:31:24.452974   984  1089 W ASH     : @ 40214.128: touch gesture: no valid gesture detected
04-17 12:31:24.517836   984  1089 W ASH     : @ 40214.193: touch gesture: no valid gesture detected
04-17 12:31:24.582643   984  1089 W ASH     : @ 40214.257: touch gesture: no valid gesture detected
--------- switch to kernel
04-17 12:31:24.618446     0     0 I         : c2   5809 google_charger: usbchg=USB typec=C usbv=5048 usbc=0 usbMv=5000 usbMc=450
04-17 12:31:24.618636     0     0 I         : c2   5809 sm7250_bms: MSC_PCS chg_state=1c2112d01030001 [0x1:1:3:4397:450] chg=u
04-17 12:31:24.618709     0     0 I         : c2   5809 google_battery: MSC_DIN chg_state=1c2112d01030001 f=0x1 chg_s=Not Charging chg_t=None vchg=4397 icl=450
04-17 12:31:24.620475     0     0 I         : c2   5809 google_battery: MSC_DSG vbatt_idx:4->4 vbatt=4397239 ibatt=-3662 fv_uv=4430000 cv_cnt=0 ov_cnt=0
04-17 12:31:24.620542     0     0 I         : c2   5809 google_battery: MSC_VOTE msc_state=2 cv_cnt=0 ov_cnt=0 temp_idx:2, vbatt_idx:4  fv_uv=4430000 cc_max=0 update_interval=-1
04-17 12:31:24.620655     0     0 I         : c2   5809 google_charger: MSC_CHG fv_uv=4430000, cc_max=0, rerun in 2000 ms (0)
--------- switch to main
04-17 12:31:24.647182   984  1089 W ASH     : @ 40214.322: touch gesture: no valid gesture detected
04-17 12:31:24.712010   984  1089 W ASH     : @ 40214.386: touch gesture: no valid gesture detected
04-17 12:31:24.776123   984  1089 W ASH     : @ 40214.451: touch gesture: no valid gesture detected
04-17 12:31:24.840105   984  1089 W ASH     : @ 40214.515: touch gesture: no valid gesture detected
04-17 12:31:24.905281   984  1089 W ASH     : @ 40214.580: touch gesture: no valid gesture detected
04-17 12:31:24.970089   984  1089 W ASH     : @ 40214.645: touch gesture: no valid gesture detected
04-17 12:31:25.034370   984  1089 W ASH     : @ 40214.709: touch gesture: no valid gesture detected
04-17 12:31:25.099281   984  1089 W ASH     : @ 40214.774: touch gesture: no valid gesture detected
04-17 12:31:25.163957   984  1089 W ASH     : @ 40214.839: touch gesture: no valid gesture detected
04-17 12:31:25.228117   984  1089 W ASH     : @ 40214.903: touch gesture: no valid gesture detected
04-17 12:31:25.292801   984  1089 W ASH     : @ 40214.968: touch gesture: no valid gesture detected
--------- switch to kernel
04-17 12:31:25.307140     0     0 I         : c1   5819 qcom_rpmh DRV:apps_rsc TCS Busy, retrying RPMH message send: addr=0x30090
--------- switch to main
04-17 12:31:25.357582   984  1089 W ASH     : @ 40215.033: touch gesture: no valid gesture detected
04-17 12:31:25.422503   984  1089 W ASH     : @ 40215.097: touch gesture: no valid gesture detected
04-17 12:31:25.487025   984  1089 W ASH     : @ 40215.162: touch gesture: no valid gesture detected
04-17 12:31:25.551998   984  1089 W ASH     : @ 40215.227: touch gesture: no valid gesture detected
04-17 12:31:25.616401   984  1089 W ASH     : @ 40215.291: touch gesture: no valid gesture detected
04-17 12:31:25.680870   984  1089 W ASH     : @ 40215.356: touch gesture: no valid gesture detected
04-17 12:31:25.745671   984  1089 W ASH     : @ 40215.420: touch gesture: no valid gesture detected
04-17 12:31:25.810161   984  1089 W ASH     : @ 40215.485: touch gesture: no valid gesture detected
04-17 12:31:25.874700   984  1089 W ASH     : @ 40215.549: touch gesture: no valid gesture detected
04-17 12:31:25.939300   984  1089 W ASH     : @ 40215.614: touch gesture: no valid gesture detected
04-17 12:31:26.003858   984  1089 W ASH     : @ 40215.679: touch gesture: no valid gesture detected
04-17 12:31:26.068284   984  1089 W ASH     : @ 40215.743: touch gesture: no valid gesture detected
04-17 12:31:26.133179   984  1089 W ASH     : @ 40215.808: touch gesture: no valid gesture detected
04-17 12:31:26.197344   984  1089 W ASH     : @ 40215.872: touch gesture: no valid gesture detected
04-17 12:31:26.262336   984  1089 W ASH     : @ 40215.937: touch gesture: no valid gesture detected
04-17 12:31:26.326927   984  1089 W ASH     : @ 40216.002: touch gesture: no valid gesture detected
04-17 12:31:26.391209   984  1089 W ASH     : @ 40216.066: touch gesture: no valid gesture detected
04-17 12:31:26.456086   984  1089 W ASH     : @ 40216.131: touch gesture: no valid gesture detected
04-17 12:31:26.520406   984  1089 W ASH     : @ 40216.195: touch gesture: no valid gesture detected
04-17 12:31:26.585491   984  1089 W ASH     : @ 40216.260: touch gesture: no valid gesture detected
--------- switch to kernel
04-17 12:31:26.634899     0     0 I         : c2   5809 google_charger: usbchg=USB typec=C usbv=5046 usbc=0 usbMv=5000 usbMc=450
04-17 12:31:26.635097     0     0 I         : c2   5809 sm7250_bms: MSC_PCS chg_state=1c2112d01030001 [0x1:1:3:4397:450] chg=u
04-17 12:31:26.635179     0     0 I         : c2   5809 google_battery: MSC_DIN chg_state=1c2112d01030001 f=0x1 chg_s=Not Charging chg_t=None vchg=4397 icl=450
04-17 12:31:26.636984     0     0 I         : c2   5809 google_battery: MSC_DSG vbatt_idx:4->4 vbatt=4397239 ibatt=-3662 fv_uv=4430000 cv_cnt=0 ov_cnt=0
04-17 12:31:26.637060     0     0 I         : c2   5809 google_battery: MSC_VOTE msc_state=2 cv_cnt=0 ov_cnt=0 temp_idx:2, vbatt_idx:4  fv_uv=4430000 cc_max=0 update_interval=-1
04-17 12:31:26.637179     0     0 I         : c2   5809 google_charger: MSC_CHG fv_uv=4430000, cc_max=0, rerun in 2000 ms (0)
--------- switch to main
04-17 12:31:26.648223   984  1089 W ASH     : @ 40216.325: touch gesture: no valid gesture detected
04-17 12:31:26.713234   984  1089 W ASH     : @ 40216.389: touch gesture: no valid gesture detected
04-17 12:31:26.779043   984  1089 W ASH     : @ 40216.454: touch gesture: no valid gesture detected
04-17 12:31:26.843836   984  1089 W ASH     : @ 40216.518: touch gesture: no valid gesture detected
04-17 12:31:26.908200   984  1089 W ASH     : @ 40216.583: touch gesture: no valid gesture detected
04-17 12:31:26.972845   984  1089 W ASH     : @ 40216.648: touch gesture: no valid gesture detected
04-17 12:31:27.037577   984  1089 W ASH     : @ 40216.712: touch gesture: no valid gesture detected
04-17 12:31:27.101748   984  1089 W ASH     : @ 40216.777: touch gesture: no valid gesture detected
04-17 12:31:27.166188   984  1089 W ASH     : @ 40216.841: touch gesture: no valid gesture detected
04-17 12:31:27.231087   984  1089 W ASH     : @ 40216.906: touch gesture: no valid gesture detected
04-17 12:31:27.295715   984  1089 W ASH     : @ 40216.970: touch gesture: no valid gesture detected
04-17 12:31:27.360350   984  1089 W ASH     : @ 40217.035: touch gesture: no valid gesture detected
04-17 12:31:27.424727   984  1089 W ASH     : @ 40217.100: touch gesture: no valid gesture detected
04-17 12:31:27.489432   984  1089 W ASH     : @ 40217.164: touch gesture: no valid gesture detected
04-17 12:31:27.554139   984  1089 W ASH     : @ 40217.229: touch gesture: no valid gesture detected
04-17 12:31:27.618748   984  1089 W ASH     : @ 40217.293: touch gesture: no valid gesture detected
04-17 12:31:27.682958   984  1089 W ASH     : @ 40217.358: touch gesture: no valid gesture detected
04-17 12:31:27.747694   984  1089 W ASH     : @ 40217.423: touch gesture: no valid gesture detected
04-17 12:31:27.812252   984  1089 W ASH     : @ 40217.487: touch gesture: no valid gesture detected
04-17 12:31:27.877088   984  1089 W ASH     : @ 40217.552: touch gesture: no valid gesture detected
04-17 12:31:27.941682   984  1089 W ASH     : @ 40217.616: touch gesture: no valid gesture detected
04-17 12:31:28.006283   984  1089 W ASH     : @ 40217.681: touch gesture: no valid gesture detected
04-17 12:31:28.070591   984  1089 W ASH     : @ 40217.746: touch gesture: no valid gesture detected
04-17 12:31:28.135474   984  1089 W ASH     : @ 40217.810: touch gesture: no valid gesture detected
04-17 12:31:28.200004   984  1089 W ASH     : @ 40217.875: touch gesture: no valid gesture detected
04-17 12:31:28.264605   984  1089 W ASH     : @ 40217.939: touch gesture: no valid gesture detected
04-17 12:31:28.329352   984  1089 W ASH     : @ 40218.004: touch gesture: no valid gesture detected
04-17 12:31:28.393572   984  1089 W ASH     : @ 40218.069: touch gesture: no valid gesture detected
04-17 12:31:28.458311   984  1089 W ASH     : @ 40218.133: touch gesture: no valid gesture detected
04-17 12:31:28.523084   984  1089 W ASH     : @ 40218.198: touch gesture: no valid gesture detected
04-17 12:31:28.587702   984  1089 W ASH     : @ 40218.262: touch gesture: no valid gesture detected
04-17 12:31:28.651255   984  1089 W ASH     : @ 40218.327: touch gesture: no valid gesture detected
--------- switch to kernel
04-17 12:31:28.647701     0     0 I         : c2   5809 google_charger: usbchg=USB typec=C usbv=5038 usbc=15 usbMv=5000 usbMc=450
04-17 12:31:28.647864     0     0 I         : c2   5809 sm7250_bms: MSC_PCS chg_state=1c2112d01030001 [0x1:1:3:4397:450] chg=u
04-17 12:31:28.648146     0     0 I         : c2   5809 google_battery: MSC_DIN chg_state=1c2112d01030001 f=0x1 chg_s=Not Charging chg_t=None vchg=4397 icl=450
04-17 12:31:28.649306     0     0 I         : c2   5809 google_battery: MSC_DSG vbatt_idx:4->4 vbatt=4397239 ibatt=-3662 fv_uv=4430000 cv_cnt=0 ov_cnt=0
04-17 12:31:28.649366     0     0 I         : c2   5809 google_battery: MSC_VOTE msc_state=2 cv_cnt=0 ov_cnt=0 temp_idx:2, vbatt_idx:4  fv_uv=4430000 cc_max=0 update_interval=-1
04-17 12:31:28.649450     0     0 I         : c2   5809 google_charger: MSC_CHG fv_uv=4430000, cc_max=0, rerun in 2000 ms (0)
--------- switch to main
04-17 12:31:28.716791   984  1089 W ASH     : @ 40218.392: touch gesture: no valid gesture detected
04-17 12:31:28.781653   984  1089 W ASH     : @ 40218.456: touch gesture: no valid gesture detected
04-17 12:31:28.846074   984  1089 W ASH     : @ 40218.521: touch gesture: no valid gesture detected
04-17 12:31:28.910804   984  1089 W ASH     : @ 40218.586: touch gesture: no valid gesture detected
04-17 12:31:28.975538   984  1089 W ASH     : @ 40218.650: touch gesture: no valid gesture detected
04-17 12:31:29.040398   984  1089 W ASH     : @ 40218.715: touch gesture: no valid gesture detected
04-17 12:31:29.104856   984  1089 W ASH     : @ 40218.780: touch gesture: no valid gesture detected
04-17 12:31:29.170054   984  1089 W ASH     : @ 40218.844: touch gesture: no valid gesture detected
04-17 12:31:29.234471   984  1089 W ASH     : @ 40218.909: touch gesture: no valid gesture detected
04-17 12:31:29.298677   984  1089 W ASH     : @ 40218.974: touch gesture: no valid gesture detected
04-17 12:31:29.363305   984  1089 W ASH     : @ 40219.038: touch gesture: no valid gesture detected
04-17 12:31:29.428192   984  1089 W ASH     : @ 40219.103: touch gesture: no valid gesture detected
04-17 12:31:29.492597   984  1089 W ASH     : @ 40219.168: touch gesture: no valid gesture detected
04-17 12:31:29.557402   984  1089 W ASH     : @ 40219.232: touch gesture: no valid gesture detected
04-17 12:31:29.622174   984  1089 W ASH     : @ 40219.297: touch gesture: no valid gesture detected
04-17 12:31:29.686629   984  1089 W ASH     : @ 40219.361: touch gesture: no valid gesture detected
04-17 12:31:29.751613   984  1089 W ASH     : @ 40219.426: touch gesture: no valid gesture detected
04-17 12:31:29.816197   984  1089 W ASH     : @ 40219.491: touch gesture: no valid gesture detected
04-17 12:31:29.880745   984  1089 W ASH     : @ 40219.555: touch gesture: no valid gesture detected
04-17 12:31:29.945282   984  1089 W ASH     : @ 40219.620: touch gesture: no valid gesture detected
04-17 12:31:30.009792   984  1089 W ASH     : @ 40219.685: touch gesture: no valid gesture detected
04-17 12:31:30.074755   984  1089 W ASH     : @ 40219.749: touch gesture: no valid gesture detected
04-17 12:31:30.139474   984  1089 W ASH     : @ 40219.814: touch gesture: no valid gesture detected
04-17 12:31:30.203733   984  1089 W ASH     : @ 40219.879: touch gesture: no valid gesture detected
04-17 12:31:30.268808   984  1089 W ASH     : @ 40219.943: touch gesture: no valid gesture detected
04-17 12:31:30.333298   984  1089 W ASH     : @ 40220.008: touch gesture: no valid gesture detected
04-17 12:31:30.397531   984  1089 W ASH     : @ 40220.072: touch gesture: no valid gesture detected
04-17 12:31:30.462404   984  1089 W ASH     : @ 40220.137: touch gesture: no valid gesture detected
04-17 12:31:30.526636   984  1089 W ASH     : @ 40220.201: touch gesture: no valid gesture detected
04-17 12:31:30.591489   984  1089 W ASH     : @ 40220.266: touch gesture: no valid gesture detected
04-17 12:31:30.655468   984  1089 W ASH     : @ 40220.331: touch gesture: no valid gesture detected
--------- switch to kernel
04-17 12:31:30.664778     0     0 I         : c2   5809 google_charger: usbchg=USB typec=C usbv=5041 usbc=0 usbMv=5000 usbMc=450
04-17 12:31:30.665045     0     0 I         : c2   5809 sm7250_bms: MSC_PCS chg_state=1c2112d01030001 [0x1:1:3:4397:450] chg=u
04-17 12:31:30.665121     0     0 I         : c2   5809 google_battery: MSC_DIN chg_state=1c2112d01030001 f=0x1 chg_s=Not Charging chg_t=None vchg=4397 icl=450
04-17 12:31:30.666734     0     0 I         : c2   5809 google_battery: MSC_DSG vbatt_idx:4->4 vbatt=4397239 ibatt=-5187 fv_uv=4430000 cv_cnt=0 ov_cnt=0
04-17 12:31:30.666792     0     0 I         : c2   5809 google_battery: MSC_VOTE msc_state=2 cv_cnt=0 ov_cnt=0 temp_idx:2, vbatt_idx:4  fv_uv=4430000 cc_max=0 update_interval=-1
04-17 12:31:30.666882     0     0 I         : c2   5809 google_charger: MSC_CHG fv_uv=4430000, cc_max=0, rerun in 2000 ms (0)
--------- switch to main
04-17 12:31:30.720053   984  1089 W ASH     : @ 40220.395: touch gesture: no valid gesture detected
04-17 12:31:30.785293   984  1089 W ASH     : @ 40220.460: touch gesture: no valid gesture detected
04-17 12:31:30.849324   984  1089 W ASH     : @ 40220.524: touch gesture: no valid gesture detected
04-17 12:31:30.913884   984  1089 W ASH     : @ 40220.589: touch gesture: no valid gesture detected
04-17 12:31:30.934383   973   973 I android.hardware.health@2.1-service: Recording a sample at time 40207
--------- switch to kernel
04-17 12:31:30.934116     0     0 W         : c2    973 healthd: battery l=100 v=4397 t=22.7 h=2 st=5 c=5187 fc=3349000 cc=353 chg=u
--------- switch to main
04-17 12:31:30.977079   984  1089 W ASH     : @ 40220.653: touch gesture: no valid gesture detected
04-17 12:31:31.042868   984  1089 W ASH     : @ 40220.718: touch gesture: no valid gesture detected
04-17 12:31:31.108015   984  1089 W ASH     : @ 40220.783: touch gesture: no valid gesture detected
04-17 12:31:31.172322   984  1089 W ASH     : @ 40220.847: touch gesture: no valid gesture detected
04-17 12:31:31.236827   984  1089 W ASH     : @ 40220.912: touch gesture: no valid gesture detected
04-17 12:31:31.301681   984  1089 W ASH     : @ 40220.976: touch gesture: no valid gesture detected
04-17 12:31:31.366266   984  1089 W ASH     : @ 40221.041: touch gesture: no valid gesture detected
04-17 12:31:31.429714   984  1089 W ASH     : @ 40221.105: touch gesture: no valid gesture detected
04-17 12:31:31.495749   984  1089 W ASH     : @ 40221.170: touch gesture: no valid gesture detected
04-17 12:31:31.559993   984  1089 W ASH     : @ 40221.235: touch gesture: no valid gesture detected
04-17 12:31:31.624606   984  1089 W ASH     : @ 40221.299: touch gesture: no valid gesture detected
04-17 12:31:31.689196   984  1089 W ASH     : @ 40221.364: touch gesture: no valid gesture detected
04-17 12:31:31.753896   984  1089 W ASH     : @ 40221.429: touch gesture: no valid gesture detected
04-17 12:31:31.818272   984  1089 W ASH     : @ 40221.493: touch gesture: no valid gesture detected
04-17 12:31:31.883122   984  1089 W ASH     : @ 40221.558: touch gesture: no valid gesture detected
04-17 12:31:31.947869   984  1089 W ASH     : @ 40221.622: touch gesture: no valid gesture detected
04-17 12:31:31.954467   990  1023 D rlsservice: MonitorDisplayStatus client num 0, display status 0, sensor status 0
04-17 12:31:32.012404   984  1089 W ASH     : @ 40221.687: touch gesture: no valid gesture detected
04-17 12:31:32.077074   984  1089 W ASH     : @ 40221.752: touch gesture: no valid gesture detected
04-17 12:31:32.141614   984  1089 W ASH     : @ 40221.816: touch gesture: no valid gesture detected
04-17 12:31:32.206293   984  1089 W ASH     : @ 40221.881: touch gesture: no valid gesture detected
04-17 12:31:32.270829   984  1089 W ASH     : @ 40221.945: touch gesture: no valid gesture detected
04-17 12:31:32.335327   984  1089 W ASH     : @ 40222.010: touch gesture: no valid gesture detected
04-17 12:31:32.400201   984  1089 W ASH     : @ 40222.075: touch gesture: no valid gesture detected
04-17 12:31:32.464757   984  1089 W ASH     : @ 40222.139: touch gesture: no valid gesture detected
04-17 12:31:32.529349   984  1089 W ASH     : @ 40222.204: touch gesture: no valid gesture detected
04-17 12:31:32.593987   984  1089 W ASH     : @ 40222.269: touch gesture: no valid gesture detected
04-17 12:31:32.658746   984  1089 W ASH     : @ 40222.333: touch gesture: no valid gesture detected
--------- switch to kernel
04-17 12:31:32.679516     0     0 I         : c2   5809 google_charger: usbchg=USB typec=C usbv=5049 usbc=0 usbMv=5000 usbMc=450
04-17 12:31:32.679703     0     0 I         : c2   5809 sm7250_bms: MSC_PCS chg_state=1c2112d01030001 [0x1:1:3:4397:450] chg=u
04-17 12:31:32.679764     0     0 I         : c2   5809 google_battery: MSC_DIN chg_state=1c2112d01030001 f=0x1 chg_s=Not Charging chg_t=None vchg=4397 icl=450
04-17 12:31:32.681212     0     0 I         : c2   5809 google_battery: MSC_DSG vbatt_idx:4->4 vbatt=4397239 ibatt=-5187 fv_uv=4430000 cv_cnt=0 ov_cnt=0
04-17 12:31:32.681437     0     0 I         : c2   5809 google_battery: MSC_VOTE msc_state=2 cv_cnt=0 ov_cnt=0 temp_idx:2, vbatt_idx:4  fv_uv=4430000 cc_max=0 update_interval=-1
04-17 12:31:32.681531     0     0 I         : c2   5809 google_charger: MSC_CHG fv_uv=4430000, cc_max=0, rerun in 2000 ms (0)
--------- switch to main
04-17 12:31:32.723260   984  1089 W ASH     : @ 40222.398: touch gesture: no valid gesture detected
04-17 12:31:32.787822   984  1089 W ASH     : @ 40222.463: touch gesture: no valid gesture detected
04-17 12:31:32.852595   984  1089 W ASH     : @ 40222.527: touch gesture: no valid gesture detected
04-17 12:31:32.917415   984  1089 W ASH     : @ 40222.592: touch gesture: no valid gesture detected
04-17 12:31:32.982165   984  1089 W ASH     : @ 40222.657: touch gesture: no valid gesture detected
04-17 12:31:33.046325   984  1089 W ASH     : @ 40222.721: touch gesture: no valid gesture detected
04-17 12:31:33.111071   984  1089 W ASH     : @ 40222.786: touch gesture: no valid gesture detected
04-17 12:31:33.175583   984  1089 W ASH     : @ 40222.850: touch gesture: no valid gesture detected
04-17 12:31:33.240738   984  1089 W ASH     : @ 40222.915: touch gesture: no valid gesture detected
04-17 12:31:33.304710   984  1089 W ASH     : @ 40222.980: touch gesture: no valid gesture detected
04-17 12:31:33.369818   984  1089 W ASH     : @ 40223.044: touch gesture: no valid gesture detected
04-17 12:31:33.433988   984  1089 W ASH     : @ 40223.109: touch gesture: no valid gesture detected
04-17 12:31:33.499063   984  1089 W ASH     : @ 40223.174: touch gesture: no valid gesture detected
04-17 12:31:33.563264   984  1089 W ASH     : @ 40223.238: touch gesture: no valid gesture detected
04-17 12:31:33.628177   984  1089 W ASH     : @ 40223.303: touch gesture: no valid gesture detected
04-17 12:31:33.692734   984  1089 W ASH     : @ 40223.368: touch gesture: no valid gesture detected
04-17 12:31:33.757404   984  1089 W ASH     : @ 40223.432: touch gesture: no valid gesture detected
04-17 12:31:33.822230   984  1089 W ASH     : @ 40223.497: touch gesture: no valid gesture detected
04-17 12:31:33.886622   984  1089 W ASH     : @ 40223.561: touch gesture: no valid gesture detected
04-17 12:31:33.951448   984  1089 W ASH     : @ 40223.626: touch gesture: no valid gesture detected
04-17 12:31:34.015883   984  1089 W ASH     : @ 40223.691: touch gesture: no valid gesture detected
04-17 12:31:34.080794   984  1089 W ASH     : @ 40223.755: touch gesture: no valid gesture detected
04-17 12:31:34.145000   984  1089 W ASH     : @ 40223.820: touch gesture: no valid gesture detected
04-17 12:31:34.209691   984  1089 W ASH     : @ 40223.884: touch gesture: no valid gesture detected
04-17 12:31:34.273987   984  1089 W ASH     : @ 40223.949: touch gesture: no valid gesture detected
04-17 12:31:34.338794   984  1089 W ASH     : @ 40224.014: touch gesture: no valid gesture detected
04-17 12:31:34.403498   984  1089 W ASH     : @ 40224.078: touch gesture: no valid gesture detected
04-17 12:31:34.467877   984  1089 W ASH     : @ 40224.143: touch gesture: no valid gesture detected
04-17 12:31:34.532783   984  1089 W ASH     : @ 40224.207: touch gesture: no valid gesture detected
04-17 12:31:34.597426   984  1089 W ASH     : @ 40224.272: touch gesture: no valid gesture detected
04-17 12:31:34.662190   984  1089 W ASH     : @ 40224.337: touch gesture: no valid gesture detected
--------- switch to kernel
04-17 12:31:34.692842     0     0 I         : c2   5809 google_charger: usbchg=USB typec=C usbv=5051 usbc=4 usbMv=5000 usbMc=450
04-17 12:31:34.693036     0     0 I         : c2   5809 sm7250_bms: MSC_PCS chg_state=1c2112d01030001 [0x1:1:3:4397:450] chg=u
04-17 12:31:34.693115     0     0 I         : c2   5809 google_battery: MSC_DIN chg_state=1c2112d01030001 f=0x1 chg_s=Not Charging chg_t=None vchg=4397 icl=450
04-17 12:31:34.697453     0     0 I         : c2   5809 google_battery: MSC_DSG vbatt_idx:4->4 vbatt=4397239 ibatt=-5187 fv_uv=4430000 cv_cnt=0 ov_cnt=0
04-17 12:31:34.697528     0     0 I         : c2   5809 google_battery: MSC_VOTE msc_state=2 cv_cnt=0 ov_cnt=0 temp_idx:2, vbatt_idx:4  fv_uv=4430000 cc_max=0 update_interval=-1
04-17 12:31:34.697635     0     0 I         : c2   5809 google_charger: MSC_CHG fv_uv=4430000, cc_max=0, rerun in 2000 ms (0)
--------- switch to main
04-17 12:31:34.726479   984  1089 W ASH     : @ 40224.401: touch gesture: no valid gesture detected
04-17 12:31:34.790771   984  1089 W ASH     : @ 40224.466: touch gesture: no valid gesture detected
