04-17 06:05:24.147795   984  1089 W ASH     : @ 17053.825: touch gesture: no valid gesture detected
04-17 06:05:24.212159   984  1089 W ASH     : @ 17053.889: touch gesture: no valid gesture detected
04-17 06:05:24.277077   984  1089 W ASH     : @ 17053.954: touch gesture: no valid gesture detected
04-17 06:05:24.341421   984  1089 W ASH     : @ 17054.019: touch gesture: no valid gesture detected
04-17 06:05:24.406142   984  1089 W ASH     : @ 17054.083: touch gesture: no valid gesture detected
04-17 06:05:24.470708   984  1089 W ASH     : @ 17054.148: touch gesture: no valid gesture detected
04-17 06:05:24.535231   984  1089 W ASH     : @ 17054.212: touch gesture: no valid gesture detected
04-17 06:05:24.599926   984  1089 W ASH     : @ 17054.277: touch gesture: no valid gesture detected
04-17 06:05:24.664689   984  1089 W ASH     : @ 17054.342: touch gesture: no valid gesture detected
04-17 06:05:24.729233   984  1089 W ASH     : @ 17054.406: touch gesture: no valid gesture detected
04-17 06:05:24.794324   984  1089 W ASH     : @ 17054.471: touch gesture: no valid gesture detected
04-17 06:05:24.858765   984  1089 W ASH     : @ 17054.536: touch gesture: no valid gesture detected
04-17 06:05:24.923636   984  1089 W ASH     : @ 17054.600: touch gesture: no valid gesture detected
04-17 06:05:24.987937   984  1089 W ASH     : @ 17054.665: touch gesture: no valid gesture detected
04-17 06:05:25.052363   984  1089 W ASH     : @ 17054.729: touch gesture: no valid gesture detected
04-17 06:05:25.117668   984  1089 W ASH     : @ 17054.794: touch gesture: no valid gesture detected
04-17 06:05:25.181274   984  1089 W ASH     : @ 17054.859: touch gesture: no valid gesture detected
04-17 06:05:25.246354   984  1089 W ASH     : @ 17054.923: touch gesture: no valid gesture detected
04-17 06:05:25.310980   984  1089 W ASH     : @ 17054.988: touch gesture: no valid gesture detected
04-17 06:05:25.375654   984  1089 W ASH     : @ 17055.053: touch gesture: no valid gesture detected
04-17 06:05:25.440026   984  1089 W ASH     : @ 17055.117: touch gesture: no valid gesture detected
04-17 06:05:25.504751   984  1089 W ASH     : @ 17055.182: touch gesture: no valid gesture detected
04-17 06:05:25.569532   984  1089 W ASH     : @ 17055.246: touch gesture: no valid gesture detected
04-17 06:05:25.634041   984  1089 W ASH     : @ 17055.311: touch gesture: no valid gesture detected
04-17 06:05:25.698928   984  1089 W ASH     : @ 17055.376: touch gesture: no valid gesture detected
04-17 06:05:25.763142   984  1089 W ASH     : @ 17055.440: touch gesture: no valid gesture detected
04-17 06:05:25.827945   984  1089 W ASH     : @ 17055.505: touch gesture: no valid gesture detected
04-17 06:05:25.892362   984  1089 W ASH     : @ 17055.569: touch gesture: no valid gesture detected
04-17 06:05:25.956872   984  1089 W ASH     : @ 17055.634: touch gesture: no valid gesture detected
04-17 06:05:26.021172   984  1089 W ASH     : @ 17055.698: touch gesture: no valid gesture detected
04-17 06:05:26.085735   984  1089 W ASH     : @ 17055.763: touch gesture: no valid gesture detected
04-17 06:05:26.150240   984  1089 W ASH     : @ 17055.828: touch gesture: no valid gesture detected
04-17 06:05:26.215059   984  1089 W ASH     : @ 17055.892: touch gesture: no valid gesture detected
04-17 06:05:26.279385   984  1089 W ASH     : @ 17055.957: touch gesture: no valid gesture detected
04-17 06:05:26.344530   984  1089 W ASH     : @ 17056.021: touch gesture: no valid gesture detected
04-17 06:05:26.408828   984  1089 W ASH     : @ 17056.086: touch gesture: no valid gesture detected
04-17 06:05:26.473491   984  1089 W ASH     : @ 17056.151: touch gesture: no valid gesture detected
04-17 06:05:26.538211   984  1089 W ASH     : @ 17056.215: touch gesture: no valid gesture detected
04-17 06:05:26.602696   984  1089 W ASH     : @ 17056.280: touch gesture: no valid gesture detected
04-17 06:05:26.667715   984  1089 W ASH     : @ 17056.345: touch gesture: no valid gesture detected
04-17 06:05:26.732419   984  1089 W ASH     : @ 17056.409: touch gesture: no valid gesture detected
04-17 06:05:26.796679   984  1089 W ASH     : @ 17056.474: touch gesture: no valid gesture detected
04-17 06:05:26.861743   984  1089 W ASH     : @ 17056.539: touch gesture: no valid gesture detected
04-17 06:05:26.926501   984  1089 W ASH     : @ 17056.603: touch gesture: no valid gesture detected
04-17 06:05:26.990694   984  1089 W ASH     : @ 17056.668: touch gesture: no valid gesture detected
04-17 06:05:27.055314   984  1089 W ASH     : @ 17056.733: touch gesture: no valid gesture detected
04-17 06:05:27.119916   984  1089 W ASH     : @ 17056.797: touch gesture: no valid gesture detected
04-17 06:05:27.184922   984  1089 W ASH     : @ 17056.862: touch gesture: no valid gesture detected
04-17 06:05:27.248340   984  1089 W ASH     : @ 17056.927: touch gesture: no valid gesture detected
04-17 06:05:27.313945   984  1089 W ASH     : @ 17056.991: touch gesture: no valid gesture detected
04-17 06:05:27.378867   984  1089 W ASH     : @ 17057.056: touch gesture: no valid gesture detected
04-17 06:05:27.443491   984  1089 W ASH     : @ 17057.120: touch gesture: no valid gesture detected
04-17 06:05:27.506225   984  1089 W ASH     : @ 17057.185: touch gesture: no valid gesture detected
--------- switch to kernel
04-17 06:05:27.554227     0     0 I         : c5   5432 qcom_rpmh DRV:apps_rsc TCS Busy, retrying RPMH message send: addr=0x50000
04-17 06:05:27.554255     0     0 I         : c1   5467 qcom_rpmh DRV:apps_rsc TCS Busy, retrying RPMH message send: addr=0x30000
04-17 06:05:27.554287     0     0 I         : c5   5432 qcom_rpmh DRV:apps_rsc TCS Busy, retrying RPMH message send: addr=0x50000
04-17 06:05:27.554310     0     0 I         : c5   5432 qcom_rpmh DRV:apps_rsc TCS Busy, retrying RPMH message send: addr=0x50000
04-17 06:05:27.554328     0     0 I         : c1   5467 qcom_rpmh DRV:apps_rsc TCS Busy, retrying RPMH message send: addr=0x30000
04-17 06:05:27.554352     0     0 I         : c1   5467 qcom_rpmh DRV:apps_rsc TCS Busy, retrying RPMH message send: addr=0x30000
--------- switch to main
04-17 06:05:27.572429   984  1089 W ASH     : @ 17057.250: touch gesture: no valid gesture detected
04-17 06:05:27.637153   984  1089 W ASH     : @ 17057.314: touch gesture: no valid gesture detected
04-17 06:05:27.701809   984  1089 W ASH     : @ 17057.379: touch gesture: no valid gesture detected
04-17 06:05:27.766327   984  1089 W ASH     : @ 17057.443: touch gesture: no valid gesture detected
04-17 06:05:27.830945   984  1089 W ASH     : @ 17057.508: touch gesture: no valid gesture detected
04-17 06:05:27.895622   984  1089 W ASH     : @ 17057.573: touch gesture: no valid gesture detected
04-17 06:05:27.960288   984  1089 W ASH     : @ 17057.637: touch gesture: no valid gesture detected
04-17 06:05:28.025002   984  1089 W ASH     : @ 17057.702: touch gesture: no valid gesture detected
04-17 06:05:28.089256   984  1089 W ASH     : @ 17057.767: touch gesture: no valid gesture detected
04-17 06:05:28.154444   984  1089 W ASH     : @ 17057.831: touch gesture: no valid gesture detected
04-17 06:05:28.218781   984  1089 W ASH     : @ 17057.896: touch gesture: no valid gesture detected
04-17 06:05:28.283517   984  1089 W ASH     : @ 17057.961: touch gesture: no valid gesture detected
04-17 06:05:28.348032   984  1089 W ASH     : @ 17058.025: touch gesture: no valid gesture detected
04-17 06:05:28.412713   984  1089 W ASH     : @ 17058.090: touch gesture: no valid gesture detected
04-17 06:05:28.477108   984  1089 W ASH     : @ 17058.154: touch gesture: no valid gesture detected
04-17 06:05:28.541939   984  1089 W ASH     : @ 17058.219: touch gesture: no valid gesture detected
04-17 06:05:28.606585   984  1089 W ASH     : @ 17058.284: touch gesture: no valid gesture detected
04-17 06:05:28.671226   984  1089 W ASH     : @ 17058.348: touch gesture: no valid gesture detected
04-17 06:05:28.735834   984  1089 W ASH     : @ 17058.413: touch gesture: no valid gesture detected
04-17 06:05:28.800930   984  1089 W ASH     : @ 17058.478: touch gesture: no valid gesture detected
04-17 06:05:28.865016   984  1089 W ASH     : @ 17058.542: touch gesture: no valid gesture detected
04-17 06:05:28.929699   984  1089 W ASH     : @ 17058.607: touch gesture: no valid gesture detected
04-17 06:05:28.994613   984  1089 W ASH     : @ 17058.672: touch gesture: no valid gesture detected
04-17 06:05:29.058916   984  1089 W ASH     : @ 17058.736: touch gesture: no valid gesture detected
04-17 06:05:29.123803   984  1089 W ASH     : @ 17058.801: touch gesture: no valid gesture detected
04-17 06:05:29.188305   984  1089 W ASH     : @ 17058.865: touch gesture: no valid gesture detected
04-17 06:05:29.252714   984  1089 W ASH     : @ 17058.930: touch gesture: no valid gesture detected
04-17 06:05:29.317677   984  1089 W ASH     : @ 17058.995: touch gesture: no valid gesture detected
04-17 06:05:29.381958   984  1089 W ASH     : @ 17059.059: touch gesture: no valid gesture detected
04-17 06:05:29.446854   984  1089 W ASH     : @ 17059.124: touch gesture: no valid gesture detected
04-17 06:05:29.511614   984  1089 W ASH     : @ 17059.189: touch gesture: no valid gesture detected
04-17 06:05:29.575901   984  1089 W ASH     : @ 17059.253: touch gesture: no valid gesture detected
04-17 06:05:29.640523   984  1089 W ASH     : @ 17059.318: touch gesture: no valid gesture detected
04-17 06:05:29.705137   984  1089 W ASH     : @ 17059.382: touch gesture: no valid gesture detected
04-17 06:05:29.769847   984  1089 W ASH     : @ 17059.447: touch gesture: no valid gesture detected
04-17 06:05:29.834620   984  1089 W ASH     : @ 17059.511: touch gesture: no valid gesture detected
04-17 06:05:29.899228   984  1089 W ASH     : @ 17059.576: touch gesture: no valid gesture detected
04-17 06:05:29.963539   984  1089 W ASH     : @ 17059.641: touch gesture: no valid gesture detected
04-17 06:05:30.028158   984  1089 W ASH     : @ 17059.705: touch gesture: no valid gesture detected
04-17 06:05:30.092801   984  1089 W ASH     : @ 17059.770: touch gesture: no valid gesture detected
04-17 06:05:30.157396   984  1089 W ASH     : @ 17059.834: touch gesture: no valid gesture detected
04-17 06:05:30.221972   984  1089 W ASH     : @ 17059.899: touch gesture: no valid gesture detected
04-17 06:05:30.286688   984  1089 W ASH     : @ 17059.964: touch gesture: no valid gesture detected
04-17 06:05:30.317864   990  1023 D rlsservice: MonitorDisplayStatus client num 0, display status 0, sensor status 0
04-17 06:05:30.351300   984  1089 W ASH     : @ 17060.028: touch gesture: no valid gesture detected
04-17 06:05:30.415458   984  1089 W ASH     : @ 17060.093: touch gesture: no valid gesture detected
04-17 06:05:30.479858   984  1089 W ASH     : @ 17060.157: touch gesture: no valid gesture detected
04-17 06:05:30.544819   984  1089 W ASH     : @ 17060.222: touch gesture: no valid gesture detected
04-17 06:05:30.609267   984  1089 W ASH     : @ 17060.286: touch gesture: no valid gesture detected
04-17 06:05:30.673687   984  1089 W ASH     : @ 17060.351: touch gesture: no valid gesture detected
04-17 06:05:30.738574   984  1089 W ASH     : @ 17060.416: touch gesture: no valid gesture detected
04-17 06:05:30.802994   984  1089 W ASH     : @ 17060.480: touch gesture: no valid gesture detected
04-17 06:05:30.867546   984  1089 W ASH     : @ 17060.545: touch gesture: no valid gesture detected
04-17 06:05:30.930700   984  1089 W ASH     : @ 17060.609: touch gesture: no valid gesture detected
--------- switch to kernel
04-17 06:05:30.935874     0     0 W         : c3    973 healthd: battery l=100 v=4466 t=22.8 h=2 st=2 c=95825 fc=3349000 cc=353 chg=u
--------- switch to main
04-17 06:05:30.996478   984  1089 W ASH     : @ 17060.674: touch gesture: no valid gesture detected
--------- switch to kernel
04-17 06:05:31.043111     0     0 I         : c1   5470 google_charger: usbchg=USB typec=C usbv=5002 usbc=75 usbMv=5000 usbMc=450
04-17 06:05:31.043299     0     0 I         : c1   5470 sm7250_bms: MSC_PCS chg_state=1c2117104010009 [0x9:4:1:4465:450] chg=u
04-17 06:05:31.043378     0     0 I         : c1   5470 google_battery: MSC_DIN chg_state=1c2117104010009 f=0x9 chg_s=Charging chg_t=Taper vchg=4465 icl=450
04-17 06:05:31.045124     0     0 I         : c1   5470 google_battery: MSC_LAST vbatt=4465362 ibatt=-91552 fv_uv=4450000
04-17 06:05:31.045194     0     0 I         : c1   5470 google_battery: MSC_VOTE msc_state=3 cv_cnt=0 ov_cnt=0 temp_idx:2, vbatt_idx:5  fv_uv=4450000 cc_max=120000 update_interval=30000
04-17 06:05:31.045305     0     0 I         : c1   5470 google_charger: MSC_CHG fv_uv=4450000, cc_max=120000, rerun in 30000 ms (0)
--------- switch to main
04-17 06:05:31.061383   984  1089 W ASH     : @ 17060.738: touch gesture: no valid gesture detected
04-17 06:05:31.126132   984  1089 W ASH     : @ 17060.803: touch gesture: no valid gesture detected
04-17 06:05:31.190603   984  1089 W ASH     : @ 17060.867: touch gesture: no valid gesture detected
04-17 06:05:31.255045   984  1089 W ASH     : @ 17060.932: touch gesture: no valid gesture detected
04-17 06:05:31.319523   984  1089 W ASH     : @ 17060.997: touch gesture: no valid gesture detected
04-17 06:05:31.384536   984  1089 W ASH     : @ 17061.061: touch gesture: no valid gesture detected
04-17 06:05:31.448803   984  1089 W ASH     : @ 17061.126: touch gesture: no valid gesture detected
04-17 06:05:31.513500   984  1089 W ASH     : @ 17061.191: touch gesture: no valid gesture detected
04-17 06:05:31.578296   984  1089 W ASH     : @ 17061.255: touch gesture: no valid gesture detected
04-17 06:05:31.642689   984  1089 W ASH     : @ 17061.320: touch gesture: no valid gesture detected
04-17 06:05:31.707010   984  1089 W ASH     : @ 17061.384: touch gesture: no valid gesture detected
04-17 06:05:31.771914   984  1089 W ASH     : @ 17061.449: touch gesture: no valid gesture detected
04-17 06:05:31.836183   984  1089 W ASH     : @ 17061.513: touch gesture: no valid gesture detected
04-17 06:05:31.900996   984  1089 W ASH     : @ 17061.578: touch gesture: no valid gesture detected
04-17 06:05:31.964335   984  1089 W ASH     : @ 17061.642: touch gesture: no valid gesture detected
04-17 06:05:32.028711   984  1089 W ASH     : @ 17061.707: touch gesture: no valid gesture detected
04-17 06:05:32.094400   984  1089 W ASH     : @ 17061.771: touch gesture: no valid gesture detected
04-17 06:05:32.159310   984  1089 W ASH     : @ 17061.836: touch gesture: no valid gesture detected
04-17 06:05:32.223687   984  1089 W ASH     : @ 17061.901: touch gesture: no valid gesture detected
04-17 06:05:32.287944   984  1089 W ASH     : @ 17061.965: touch gesture: no valid gesture detected
04-17 06:05:32.352921   984  1089 W ASH     : @ 17062.030: touch gesture: no valid gesture detected
04-17 06:05:32.417731   984  1089 W ASH     : @ 17062.095: touch gesture: no valid gesture detected
04-17 06:05:32.482002   984  1089 W ASH     : @ 17062.159: touch gesture: no valid gesture detected
04-17 06:05:32.546874   984  1089 W ASH     : @ 17062.224: touch gesture: no valid gesture detected
04-17 06:05:32.611428   984  1089 W ASH     : @ 17062.288: touch gesture: no valid gesture detected
04-17 06:05:32.675905   984  1089 W ASH     : @ 17062.353: touch gesture: no valid gesture detected
04-17 06:05:32.740975   984  1089 W ASH     : @ 17062.418: touch gesture: no valid gesture detected
04-17 06:05:32.805192   984  1089 W ASH     : @ 17062.482: touch gesture: no valid gesture detected
04-17 06:05:32.869847   984  1089 W ASH     : @ 17062.547: touch gesture: no valid gesture detected
04-17 06:05:32.934968   984  1089 W ASH     : @ 17062.612: touch gesture: no valid gesture detected
04-17 06:05:32.999336   984  1089 W ASH     : @ 17062.676: touch gesture: no valid gesture detected
04-17 06:05:33.063656   984  1089 W ASH     : @ 17062.741: touch gesture: no valid gesture detected
04-17 06:05:33.126939   984  1089 W ASH     : @ 17062.806: touch gesture: no valid gesture detected
04-17 06:05:33.192936   984  1089 W ASH     : @ 17062.870: touch gesture: no valid gesture detected
04-17 06:05:33.257587   984  1089 W ASH     : @ 17062.935: touch gesture: no valid gesture detected
04-17 06:05:33.322397   984  1089 W ASH     : @ 17062.999: touch gesture: no valid gesture detected
04-17 06:05:33.386785   984  1089 W ASH     : @ 17063.064: touch gesture: no valid gesture detected
04-17 06:05:33.451249   984  1089 W ASH     : @ 17063.128: touch gesture: no valid gesture detected
04-17 06:05:33.515674   984  1089 W ASH     : @ 17063.193: touch gesture: no valid gesture detected
04-17 06:05:33.580321   984  1089 W ASH     : @ 17063.257: touch gesture: no valid gesture detected
04-17 06:05:33.645074   984  1089 W ASH     : @ 17063.322: touch gesture: no valid gesture detected
04-17 06:05:33.709436   984  1089 W ASH     : @ 17063.387: touch gesture: no valid gesture detected
04-17 06:05:33.773781   984  1089 W ASH     : @ 17063.451: touch gesture: no valid gesture detected
04-17 06:05:33.838268   984  1089 W ASH     : @ 17063.516: touch gesture: no valid gesture detected
04-17 06:05:33.903032   984  1089 W ASH     : @ 17063.580: touch gesture: no valid gesture detected
04-17 06:05:33.967848   984  1089 W ASH     : @ 17063.645: touch gesture: no valid gesture detected
04-17 06:05:34.032175   984  1089 W ASH     : @ 17063.709: touch gesture: no valid gesture detected
04-17 06:05:34.096644   984  1089 W ASH     : @ 17063.774: touch gesture: no valid gesture detected
04-17 06:05:34.161092   984  1089 W ASH     : @ 17063.838: touch gesture: no valid gesture detected
04-17 06:05:34.225599   984  1089 W ASH     : @ 17063.903: touch gesture: no valid gesture detected
04-17 06:05:34.290356   984  1089 W ASH     : @ 17063.967: touch gesture: no valid gesture detected
04-17 06:05:34.354634   984  1089 W ASH     : @ 17064.032: touch gesture: no valid gesture detected
04-17 06:05:34.419277   984  1089 W ASH     : @ 17064.096: touch gesture: no valid gesture detected
04-17 06:05:34.483978   984  1089 W ASH     : @ 17064.161: touch gesture: no valid gesture detected
04-17 06:05:34.548460   984  1089 W ASH     : @ 17064.226: touch gesture: no valid gesture detected
04-17 06:05:34.613365   984  1089 W ASH     : @ 17064.290: touch gesture: no valid gesture detected
04-17 06:05:34.677226   984  1089 W ASH     : @ 17064.355: touch gesture: no valid gesture detected
04-17 06:05:34.742031   984  1089 W ASH     : @ 17064.419: touch gesture: no valid gesture detected
04-17 06:05:34.806480   984  1089 W ASH     : @ 17064.484: touch gesture: no valid gesture detected
04-17 06:05:34.871293   984  1089 W ASH     : @ 17064.548: touch gesture: no valid gesture detected
04-17 06:05:34.935633   984  1089 W ASH     : @ 17064.613: touch gesture: no valid gesture detected
04-17 06:05:35.000185   984  1089 W ASH     : @ 17064.677: touch gesture: no valid gesture detected
04-17 06:05:35.064674   984  1089 W ASH     : @ 17064.742: touch gesture: no valid gesture detected
04-17 06:05:35.129069   984  1089 W ASH     : @ 17064.806: touch gesture: no valid gesture detected
04-17 06:05:35.193580   984  1089 W ASH     : @ 17064.871: touch gesture: no valid gesture detected
04-17 06:05:35.258441   984  1089 W ASH     : @ 17064.936: touch gesture: no valid gesture detected
04-17 06:05:35.322984   984  1089 W ASH     : @ 17065.000: touch gesture: no valid gesture detected
04-17 06:05:35.387767   984  1089 W ASH     : @ 17065.065: touch gesture: no valid gesture detected
04-17 06:05:35.452032   984  1089 W ASH     : @ 17065.129: touch gesture: no valid gesture detected
04-17 06:05:35.516860   984  1089 W ASH     : @ 17065.194: touch gesture: no valid gesture detected
04-17 06:05:35.581348   984  1089 W ASH     : @ 17065.259: touch gesture: no valid gesture detected
04-17 06:05:35.645979   984  1089 W ASH     : @ 17065.323: touch gesture: no valid gesture detected
04-17 06:05:35.710687   984  1089 W ASH     : @ 17065.388: touch gesture: no valid gesture detected
04-17 06:05:35.775302   984  1089 W ASH     : @ 17065.452: touch gesture: no valid gesture detected
04-17 06:05:35.840016   984  1089 W ASH     : @ 17065.517: touch gesture: no valid gesture detected
04-17 06:05:35.904699   984  1089 W ASH     : @ 17065.582: touch gesture: no valid gesture detected
04-17 06:05:35.969530   984  1089 W ASH     : @ 17065.646: touch gesture: no valid gesture detected
04-17 06:05:36.033977   984  1089 W ASH     : @ 17065.711: touch gesture: no valid gesture detected
04-17 06:05:36.098655   984  1089 W ASH     : @ 17065.776: touch gesture: no valid gesture detected
04-17 06:05:36.163295   984  1089 W ASH     : @ 17065.840: touch gesture: no valid gesture detected
04-17 06:05:36.227921   984  1089 W ASH     : @ 17065.905: touch gesture: no valid gesture detected
04-17 06:05:36.292276   984  1089 W ASH     : @ 17065.970: touch gesture: no valid gesture detected
04-17 06:05:36.357004   984  1089 W ASH     : @ 17066.034: touch gesture: no valid gesture detected
04-17 06:05:36.421707   984  1089 W ASH     : @ 17066.099: touch gesture: no valid gesture detected
04-17 06:05:36.486461   984  1089 W ASH     : @ 17066.163: touch gesture: no valid gesture detected
04-17 06:05:36.551081   984  1089 W ASH     : @ 17066.228: touch gesture: no valid gesture detected
04-17 06:05:36.615456   984  1089 W ASH     : @ 17066.293: touch gesture: no valid gesture detected
04-17 06:05:36.680137   984  1089 W ASH     : @ 17066.357: touch gesture: no valid gesture detected
04-17 06:05:36.745038   984  1089 W ASH     : @ 17066.422: touch gesture: no valid gesture detected
04-17 06:05:36.809181   984  1089 W ASH     : @ 17066.486: touch gesture: no valid gesture detected
04-17 06:05:36.874239   984  1089 W ASH     : @ 17066.551: touch gesture: no valid gesture detected
04-17 06:05:36.938709   984  1089 W ASH     : @ 17066.616: touch gesture: no valid gesture detected
04-17 06:05:37.003160   984  1089 W ASH     : @ 17066.680: touch gesture: no valid gesture detected
04-17 06:05:37.067703   984  1089 W ASH     : @ 17066.745: touch gesture: no valid gesture detected
04-17 06:05:37.132284   984  1089 W ASH     : @ 17066.809: touch gesture: no valid gesture detected
04-17 06:05:37.196910   984  1089 W ASH     : @ 17066.874: touch gesture: no valid gesture detected
04-17 06:05:37.260184   984  1089 W ASH     : @ 17066.938: touch gesture: no valid gesture detected
04-17 06:05:37.326041   984  1089 W ASH     : @ 17067.003: touch gesture: no valid gesture detected
04-17 06:05:37.390503   984  1089 W ASH     : @ 17067.068: touch gesture: no valid gesture detected
04-17 06:05:37.455040   984  1089 W ASH     : @ 17067.132: touch gesture: no valid gesture detected
04-17 06:05:37.519903   984  1089 W ASH     : @ 17067.197: touch gesture: no valid gesture detected
04-17 06:05:37.584496   984  1089 W ASH     : @ 17067.261: touch gesture: no valid gesture detected
04-17 06:05:37.648736   984  1089 W ASH     : @ 17067.326: touch gesture: no valid gesture detected
04-17 06:05:37.713424   984  1089 W ASH     : @ 17067.390: touch gesture: no valid gesture detected
04-17 06:05:37.777917   984  1089 W ASH     : @ 17067.455: touch gesture: no valid gesture detected
--------- switch to kernel
04-17 06:05:37.789806     0     0 I         : c1   5467 qcom_rpmh DRV:apps_rsc TCS Busy, retrying RPMH message send: addr=0x30000
--------- switch to main
04-17 06:05:37.842685   984  1089 W ASH     : @ 17067.520: touch gesture: no valid gesture detected
04-17 06:05:37.907181   984  1089 W ASH     : @ 17067.584: touch gesture: no valid gesture detected
04-17 06:05:37.971224   984  1089 W ASH     : @ 17067.648: touch gesture: no valid gesture detected
04-17 06:05:38.036226   984  1089 W ASH     : @ 17067.713: touch gesture: no valid gesture detected
04-17 06:05:38.100985   984  1089 W ASH     : @ 17067.778: touch gesture: no valid gesture detected
04-17 06:05:38.164758   984  1089 W ASH     : @ 17067.842: touch gesture: no valid gesture detected
04-17 06:05:38.229849   984  1089 W ASH     : @ 17067.907: touch gesture: no valid gesture detected
04-17 06:05:38.294467   984  1089 W ASH     : @ 17067.971: touch gesture: no valid gesture detected
04-17 06:05:38.358701   984  1089 W ASH     : @ 17068.036: touch gesture: no valid gesture detected
04-17 06:05:38.423318   984  1089 W ASH     : @ 17068.100: touch gesture: no valid gesture detected
04-17 06:05:38.488004   984  1089 W ASH     : @ 17068.165: touch gesture: no valid gesture detected
04-17 06:05:38.552493   984  1089 W ASH     : @ 17068.230: touch gesture: no valid gesture detected
04-17 06:05:38.616823   984  1089 W ASH     : @ 17068.294: touch gesture: no valid gesture detected
04-17 06:05:38.681630   984  1089 W ASH     : @ 17068.359: touch gesture: no valid gesture detected
04-17 06:05:38.746117   984  1089 W ASH     : @ 17068.423: touch gesture: no valid gesture detected
04-17 06:05:38.810713   984  1089 W ASH     : @ 17068.488: touch gesture: no valid gesture detected
04-17 06:05:38.875207   984  1089 W ASH     : @ 17068.552: touch gesture: no valid gesture detected
04-17 06:05:38.939677   984  1089 W ASH     : @ 17068.617: touch gesture: no valid gesture detected
04-17 06:05:39.003289   984  1089 W ASH     : @ 17068.681: touch gesture: no valid gesture detected
04-17 06:05:39.068901   984  1089 W ASH     : @ 17068.746: touch gesture: no valid gesture detected
04-17 06:05:39.133603   984  1089 W ASH     : @ 17068.811: touch gesture: no valid gesture detected
04-17 06:05:39.197939   984  1089 W ASH     : @ 17068.875: touch gesture: no valid gesture detected
04-17 06:05:39.263089   984  1089 W ASH     : @ 17068.940: touch gesture: no valid gesture detected
04-17 06:05:39.327783   984  1089 W ASH     : @ 17069.004: touch gesture: no valid gesture detected
04-17 06:05:39.391869   984  1089 W ASH     : @ 17069.069: touch gesture: no valid gesture detected
04-17 06:05:39.456575   984  1089 W ASH     : @ 17069.134: touch gesture: no valid gesture detected
04-17 06:05:39.521323   984  1089 W ASH     : @ 17069.198: touch gesture: no valid gesture detected
04-17 06:05:39.585914   984  1089 W ASH     : @ 17069.263: touch gesture: no valid gesture detected
04-17 06:05:39.650527   984  1089 W ASH     : @ 17069.327: touch gesture: no valid gesture detected
04-17 06:05:39.715423   984  1089 W ASH     : @ 17069.392: touch gesture: no valid gesture detected
04-17 06:05:39.779821   984  1089 W ASH     : @ 17069.457: touch gesture: no valid gesture detected
04-17 06:05:39.844346   984  1089 W ASH     : @ 17069.521: touch gesture: no valid gesture detected
04-17 06:05:39.909169   984  1089 W ASH     : @ 17069.586: touch gesture: no valid gesture detected
04-17 06:05:39.973825   984  1089 W ASH     : @ 17069.651: touch gesture: no valid gesture detected
04-17 06:05:40.038110   984  1089 W ASH     : @ 17069.715: touch gesture: no valid gesture detected
04-17 06:05:40.103029   984  1089 W ASH     : @ 17069.780: touch gesture: no valid gesture detected
04-17 06:05:40.167796   984  1089 W ASH     : @ 17069.845: touch gesture: no valid gesture detected
04-17 06:05:40.232000   984  1089 W ASH     : @ 17069.909: touch gesture: no valid gesture detected
04-17 06:05:40.297233   984  1089 W ASH     : @ 17069.974: touch gesture: no valid gesture detected
04-17 06:05:40.361285   984  1089 W ASH     : @ 17070.038: touch gesture: no valid gesture detected
04-17 06:05:40.426085   984  1089 W ASH     : @ 17070.103: touch gesture: no valid gesture detected
04-17 06:05:40.490568   984  1089 W ASH     : @ 17070.167: touch gesture: no valid gesture detected
04-17 06:05:40.554979   984  1089 W ASH     : @ 17070.232: touch gesture: no valid gesture detected
04-17 06:05:40.619466   984  1089 W ASH     : @ 17070.297: touch gesture: no valid gesture detected
04-17 06:05:40.683814   984  1089 W ASH     : @ 17070.361: touch gesture: no valid gesture detected
04-17 06:05:40.746799   984  1089 W ASH     : @ 17070.426: touch gesture: no valid gesture detected
04-17 06:05:40.813448   984  1089 W ASH     : @ 17070.490: touch gesture: no valid gesture detected
04-17 06:05:40.878082   984  1089 W ASH     : @ 17070.555: touch gesture: no valid gesture detected
04-17 06:05:40.942291   984  1089 W ASH     : @ 17070.619: touch gesture: no valid gesture detected
04-17 06:05:41.006943   984  1089 W ASH     : @ 17070.684: touch gesture: no valid gesture detected
04-17 06:05:41.071292   984  1089 W ASH     : @ 17070.748: touch gesture: no valid gesture detected
04-17 06:05:41.136002   984  1089 W ASH     : @ 17070.813: touch gesture: no valid gesture detected
04-17 06:05:41.200871   984  1089 W ASH     : @ 17070.878: touch gesture: no valid gesture detected
04-17 06:05:41.265126   984  1089 W ASH     : @ 17070.942: touch gesture: no valid gesture detected
04-17 06:05:41.329885   984  1089 W ASH     : @ 17071.007: touch gesture: no valid gesture detected
04-17 06:05:41.394488   984  1089 W ASH     : @ 17071.071: touch gesture: no valid gesture detected
04-17 06:05:41.457903   984  1089 W ASH     : @ 17071.136: touch gesture: no valid gesture detected
04-17 06:05:41.523655   984  1089 W ASH     : @ 17071.201: touch gesture: no valid gesture detected
04-17 06:05:41.588252   984  1089 W ASH     : @ 17071.265: touch gesture: no valid gesture detected
04-17 06:05:41.652509   984  1089 W ASH     : @ 17071.330: touch gesture: no valid gesture detected
04-17 06:05:41.717543   984  1089 W ASH     : @ 17071.395: touch gesture: no valid gesture detected
04-17 06:05:41.781974   984  1089 W ASH     : @ 17071.459: touch gesture: no valid gesture detected
04-17 06:05:41.846641   984  1089 W ASH     : @ 17071.524: touch gesture: no valid gesture detected
04-17 06:05:41.911140   984  1089 W ASH     : @ 17071.588: touch gesture: no valid gesture detected
04-17 06:05:41.975919   984  1089 W ASH     : @ 17071.653: touch gesture: no valid gesture detected
04-17 06:05:42.040275   984  1089 W ASH     : @ 17071.717: touch gesture: no valid gesture detected
04-17 06:05:42.104766   984  1089 W ASH     : @ 17071.782: touch gesture: no valid gesture detected
04-17 06:05:42.169415   984  1089 W ASH     : @ 17071.847: touch gesture: no valid gesture detected
04-17 06:05:42.234259   984  1089 W ASH     : @ 17071.911: touch gesture: no valid gesture detected
04-17 06:05:42.298574   984  1089 W ASH     : @ 17071.976: touch gesture: no valid gesture detected
04-17 06:05:42.363374   984  1089 W ASH     : @ 17072.040: touch gesture: no valid gesture detected
04-17 06:05:42.427891   984  1089 W ASH     : @ 17072.105: touch gesture: no valid gesture detected
04-17 06:05:42.492339   984  1089 W ASH     : @ 17072.169: touch gesture: no valid gesture detected
04-17 06:05:42.556948   984  1089 W ASH     : @ 17072.234: touch gesture: no valid gesture detected
04-17 06:05:42.621671   984  1089 W ASH     : @ 17072.299: touch gesture: no valid gesture detected
04-17 06:05:42.686332   984  1089 W ASH     : @ 17072.363: touch gesture: no valid gesture detected
04-17 06:05:42.751000   984  1089 W ASH     : @ 17072.428: touch gesture: no valid gesture detected
04-17 06:05:42.815353   984  1089 W ASH     : @ 17072.492: touch gesture: no valid gesture detected
04-17 06:05:42.879793   984  1089 W ASH     : @ 17072.557: touch gesture: no valid gesture detected
--------- switch to kernel
04-17 06:05:42.914270     0     0 I         : c2   5467 qcom_rpmh DRV:apps_rsc TCS Busy, retrying RPMH message send: addr=0x30000
--------- switch to main
04-17 06:05:42.944440   984  1089 W ASH     : @ 17072.621: touch gesture: no valid gesture detected
04-17 06:05:43.008958   984  1089 W ASH     : @ 17072.686: touch gesture: no valid gesture detected
04-17 06:05:43.073418   984  1089 W ASH     : @ 17072.750: touch gesture: no valid gesture detected
04-17 06:05:43.137970   984  1089 W ASH     : @ 17072.815: touch gesture: no valid gesture detected
04-17 06:05:43.202783   984  1089 W ASH     : @ 17072.880: touch gesture: no valid gesture detected
04-17 06:05:43.266986   984  1089 W ASH     : @ 17072.944: touch gesture: no valid gesture detected
04-17 06:05:43.331820   984  1089 W ASH     : @ 17073.009: touch gesture: no valid gesture detected
04-17 06:05:43.395847   984  1089 W ASH     : @ 17073.073: touch gesture: no valid gesture detected
04-17 06:05:43.460866   984  1089 W ASH     : @ 17073.138: touch gesture: no valid gesture detected
04-17 06:05:43.525364   984  1089 W ASH     : @ 17073.202: touch gesture: no valid gesture detected
04-17 06:05:43.589784   984  1089 W ASH     : @ 17073.267: touch gesture: no valid gesture detected
04-17 06:05:43.654439   984  1089 W ASH     : @ 17073.331: touch gesture: no valid gesture detected
04-17 06:05:43.719144   984  1089 W ASH     : @ 17073.396: touch gesture: no valid gesture detected
04-17 06:05:43.783393   984  1089 W ASH     : @ 17073.460: touch gesture: no valid gesture detected
04-17 06:05:43.847838   984  1089 W ASH     : @ 17073.525: touch gesture: no valid gesture detected
04-17 06:05:43.911836   984  1089 W ASH     : @ 17073.590: touch gesture: no valid gesture detected
04-17 06:05:43.977282   984  1089 W ASH     : @ 17073.654: touch gesture: no valid gesture detected
04-17 06:05:44.041656   984  1089 W ASH     : @ 17073.718: touch gesture: no valid gesture detected
04-17 06:05:44.106116   984  1089 W ASH     : @ 17073.783: touch gesture: no valid gesture detected
04-17 06:05:44.170533   984  1089 W ASH     : @ 17073.848: touch gesture: no valid gesture detected
04-17 06:05:44.235136   984  1089 W ASH     : @ 17073.912: touch gesture: no valid gesture detected
04-17 06:05:44.299615   984  1089 W ASH     : @ 17073.977: touch gesture: no valid gesture detected
04-17 06:05:44.364000   984  1089 W ASH     : @ 17074.041: touch gesture: no valid gesture detected
04-17 06:05:44.428657   984  1089 W ASH     : @ 17074.106: touch gesture: no valid gesture detected
04-17 06:05:44.493126   984  1089 W ASH     : @ 17074.170: touch gesture: no valid gesture detected
04-17 06:05:44.557958   984  1089 W ASH     : @ 17074.235: touch gesture: no valid gesture detected
04-17 06:05:44.622236   984  1089 W ASH     : @ 17074.299: touch gesture: no valid gesture detected
04-17 06:05:44.686989   984  1089 W ASH     : @ 17074.364: touch gesture: no valid gesture detected
04-17 06:05:44.751291   984  1089 W ASH     : @ 17074.429: touch gesture: no valid gesture detected
04-17 06:05:44.815779   984  1089 W ASH     : @ 17074.493: touch gesture: no valid gesture detected
04-17 06:05:44.880700   984  1089 W ASH     : @ 17074.558: touch gesture: no valid gesture detected
04-17 06:05:44.945042   984  1089 W ASH     : @ 17074.622: touch gesture: no valid gesture detected
04-17 06:05:45.009576   984  1089 W ASH     : @ 17074.687: touch gesture: no valid gesture detected
04-17 06:05:45.074177   984  1089 W ASH     : @ 17074.751: touch gesture: no valid gesture detected
04-17 06:05:45.138907   984  1089 W ASH     : @ 17074.816: touch gesture: no valid gesture detected
04-17 06:05:45.203433   984  1089 W ASH     : @ 17074.880: touch gesture: no valid gesture detected
04-17 06:05:45.268130   984  1089 W ASH     : @ 17074.945: touch gesture: no valid gesture detected
04-17 06:05:45.332574   984  1089 W ASH     : @ 17075.010: touch gesture: no valid gesture detected
04-17 06:05:45.397040   984  1089 W ASH     : @ 17075.074: touch gesture: no valid gesture detected
04-17 06:05:45.461591   984  1089 W ASH     : @ 17075.139: touch gesture: no valid gesture detected
04-17 06:05:45.525852   984  1089 W ASH     : @ 17075.203: touch gesture: no valid gesture detected
04-17 06:05:45.590672   984  1089 W ASH     : @ 17075.268: touch gesture: no valid gesture detected
04-17 06:05:45.655109   984  1089 W ASH     : @ 17075.332: touch gesture: no valid gesture detected
04-17 06:05:45.719828   984  1089 W ASH     : @ 17075.397: touch gesture: no valid gesture detected
04-17 06:05:45.784295   984  1089 W ASH     : @ 17075.461: touch gesture: no valid gesture detected
04-17 06:05:45.848521   984  1089 W ASH     : @ 17075.526: touch gesture: no valid gesture detected
04-17 06:05:45.913440   984  1089 W ASH     : @ 17075.590: touch gesture: no valid gesture detected
04-17 06:05:45.977869   984  1089 W ASH     : @ 17075.655: touch gesture: no valid gesture detected
04-17 06:05:46.042477   984  1089 W ASH     : @ 17075.719: touch gesture: no valid gesture detected
04-17 06:05:46.106804   984  1089 W ASH     : @ 17075.784: touch gesture: no valid gesture detected
04-17 06:05:46.171064   984  1089 W ASH     : @ 17075.848: touch gesture: no valid gesture detected
04-17 06:05:46.236021   984  1089 W ASH     : @ 17075.913: touch gesture: no valid gesture detected
04-17 06:05:46.300354   984  1089 W ASH     : @ 17075.977: touch gesture: no valid gesture detected
04-17 06:05:46.364693   984  1089 W ASH     : @ 17076.042: touch gesture: no valid gesture detected
04-17 06:05:46.429155   984  1089 W ASH     : @ 17076.106: touch gesture: no valid gesture detected
04-17 06:05:46.494334   984  1089 W ASH     : @ 17076.171: touch gesture: no valid gesture detected
04-17 06:05:46.558799   984  1089 W ASH     : @ 17076.236: touch gesture: no valid gesture detected
04-17 06:05:46.623361   984  1089 W ASH     : @ 17076.300: touch gesture: no valid gesture detected
04-17 06:05:46.686259   984  1089 W ASH     : @ 17076.365: touch gesture: no valid gesture detected
04-17 06:05:46.752702   984  1089 W ASH     : @ 17076.430: touch gesture: no valid gesture detected
04-17 06:05:46.817086   984  1089 W ASH     : @ 17076.494: touch gesture: no valid gesture detected
04-17 06:05:46.881631   984  1089 W ASH     : @ 17076.559: touch gesture: no valid gesture detected
04-17 06:05:46.946030   984  1089 W ASH     : @ 17076.623: touch gesture: no valid gesture detected
04-17 06:05:47.011264   984  1089 W ASH     : @ 17076.688: touch gesture: no valid gesture detected
04-17 06:05:47.075345   984  1089 W ASH     : @ 17076.753: touch gesture: no valid gesture detected
04-17 06:05:47.139952   984  1089 W ASH     : @ 17076.817: touch gesture: no valid gesture detected
04-17 06:05:47.204676   984  1089 W ASH     : @ 17076.882: touch gesture: no valid gesture detected
04-17 06:05:47.267696   984  1089 W ASH     : @ 17076.946: touch gesture: no valid gesture detected
04-17 06:05:47.333667   984  1089 W ASH     : @ 17077.011: touch gesture: no valid gesture detected
04-17 06:05:47.398270   984  1089 W ASH     : @ 17077.075: touch gesture: no valid gesture detected
04-17 06:05:47.462713   984  1089 W ASH     : @ 17077.140: touch gesture: no valid gesture detected
04-17 06:05:47.527609   984  1089 W ASH     : @ 17077.204: touch gesture: no valid gesture detected
04-17 06:05:47.592081   984  1089 W ASH     : @ 17077.269: touch gesture: no valid gesture detected
04-17 06:05:47.656347   984  1089 W ASH     : @ 17077.333: touch gesture: no valid gesture detected
04-17 06:05:47.721062   984  1089 W ASH     : @ 17077.398: touch gesture: no valid gesture detected
04-17 06:05:47.785715   984  1089 W ASH     : @ 17077.462: touch gesture: no valid gesture detected
04-17 06:05:47.850241   984  1089 W ASH     : @ 17077.527: touch gesture: no valid gesture detected
04-17 06:05:47.914677   984  1089 W ASH     : @ 17077.592: touch gesture: no valid gesture detected
04-17 06:05:47.978937   984  1089 W ASH     : @ 17077.656: touch gesture: no valid gesture detected
04-17 06:05:48.043482   984  1089 W ASH     : @ 17077.721: touch gesture: no valid gesture detected
04-17 06:05:48.108238   984  1089 W ASH     : @ 17077.785: touch gesture: no valid gesture detected
04-17 06:05:48.172559   984  1089 W ASH     : @ 17077.850: touch gesture: no valid gesture detected
04-17 06:05:48.237243   984  1089 W ASH     : @ 17077.914: touch gesture: no valid gesture detected
04-17 06:05:48.301729   984  1089 W ASH     : @ 17077.979: touch gesture: no valid gesture detected
04-17 06:05:48.366264   984  1089 W ASH     : @ 17078.043: touch gesture: no valid gesture detected
04-17 06:05:48.430980   984  1089 W ASH     : @ 17078.108: touch gesture: no valid gesture detected
04-17 06:05:48.495386   984  1089 W ASH     : @ 17078.172: touch gesture: no valid gesture detected
04-17 06:05:48.559588   984  1089 W ASH     : @ 17078.237: touch gesture: no valid gesture detected
04-17 06:05:48.624228   984  1089 W ASH     : @ 17078.301: touch gesture: no valid gesture detected
04-17 06:05:48.688777   984  1089 W ASH     : @ 17078.366: touch gesture: no valid gesture detected
04-17 06:05:48.753345   984  1089 W ASH     : @ 17078.430: touch gesture: no valid gesture detected
04-17 06:05:48.816511   984  1089 W ASH     : @ 17078.495: touch gesture: no valid gesture detected
04-17 06:05:48.882347   984  1089 W ASH     : @ 17078.559: touch gesture: no valid gesture detected
04-17 06:05:48.947050   984  1089 W ASH     : @ 17078.624: touch gesture: no valid gesture detected
04-17 06:05:49.011757   984  1089 W ASH     : @ 17078.689: touch gesture: no valid gesture detected
04-17 06:05:49.076376   984  1089 W ASH     : @ 17078.753: touch gesture: no valid gesture detected
04-17 06:05:49.141090   984  1089 W ASH     : @ 17078.818: touch gesture: no valid gesture detected
04-17 06:05:49.205342   984  1089 W ASH     : @ 17078.882: touch gesture: no valid gesture detected
04-17 06:05:49.269983   984  1089 W ASH     : @ 17078.947: touch gesture: no valid gesture detected
04-17 06:05:49.334604   984  1089 W ASH     : @ 17079.012: touch gesture: no valid gesture detected
04-17 06:05:49.399154   984  1089 W ASH     : @ 17079.076: touch gesture: no valid gesture detected
04-17 06:05:49.463997   984  1089 W ASH     : @ 17079.141: touch gesture: no valid gesture detected
04-17 06:05:49.528353   984  1089 W ASH     : @ 17079.205: touch gesture: no valid gesture detected
04-17 06:05:49.592831   984  1089 W ASH     : @ 17079.270: touch gesture: no valid gesture detected
04-17 06:05:49.657232   984  1089 W ASH     : @ 17079.334: touch gesture: no valid gesture detected
04-17 06:05:49.721782   984  1089 W ASH     : @ 17079.399: touch gesture: no valid gesture detected
04-17 06:05:49.786027   984  1089 W ASH     : @ 17079.463: touch gesture: no valid gesture detected
04-17 06:05:49.850572   984  1089 W ASH     : @ 17079.528: touch gesture: no valid gesture detected
04-17 06:05:49.914798   984  1089 W ASH     : @ 17079.592: touch gesture: no valid gesture detected
04-17 06:05:49.979661   984  1089 W ASH     : @ 17079.657: touch gesture: no valid gesture detected
04-17 06:05:50.043960   984  1089 W ASH     : @ 17079.721: touch gesture: no valid gesture detected
04-17 06:05:50.108634   984  1089 W ASH     : @ 17079.786: touch gesture: no valid gesture detected
04-17 06:05:50.173005   984  1089 W ASH     : @ 17079.850: touch gesture: no valid gesture detected
04-17 06:05:50.237877   984  1089 W ASH     : @ 17079.915: touch gesture: no valid gesture detected
04-17 06:05:50.301880   984  1089 W ASH     : @ 17079.979: touch gesture: no valid gesture detected
04-17 06:05:50.366777   984  1089 W ASH     : @ 17080.044: touch gesture: no valid gesture detected
04-17 06:05:50.431740   984  1089 W ASH     : @ 17080.109: touch gesture: no valid gesture detected
04-17 06:05:50.496078   984  1089 W ASH     : @ 17080.173: touch gesture: no valid gesture detected
04-17 06:05:50.560679   984  1089 W ASH     : @ 17080.238: touch gesture: no valid gesture detected
04-17 06:05:50.625262   984  1089 W ASH     : @ 17080.302: touch gesture: no valid gesture detected
04-17 06:05:50.689669   984  1089 W ASH     : @ 17080.367: touch gesture: no valid gesture detected
04-17 06:05:50.754455   984  1089 W ASH     : @ 17080.432: touch gesture: no valid gesture detected
04-17 06:05:50.819009   984  1089 W ASH     : @ 17080.496: touch gesture: no valid gesture detected
04-17 06:05:50.883434   984  1089 W ASH     : @ 17080.561: touch gesture: no valid gesture detected
04-17 06:05:50.947916   984  1089 W ASH     : @ 17080.625: touch gesture: no valid gesture detected
04-17 06:05:51.012631   984  1089 W ASH     : @ 17080.690: touch gesture: no valid gesture detected
04-17 06:05:51.076032   984  1089 W ASH     : @ 17080.754: touch gesture: no valid gesture detected
04-17 06:05:51.141951   984  1089 W ASH     : @ 17080.819: touch gesture: no valid gesture detected
04-17 06:05:51.206323   984  1089 W ASH     : @ 17080.883: touch gesture: no valid gesture detected
04-17 06:05:51.270960   984  1089 W ASH     : @ 17080.948: touch gesture: no valid gesture detected
04-17 06:05:51.335158   984  1089 W ASH     : @ 17081.012: touch gesture: no valid gesture detected
04-17 06:05:51.399774   984  1089 W ASH     : @ 17081.077: touch gesture: no valid gesture detected
04-17 06:05:51.464372   984  1089 W ASH     : @ 17081.141: touch gesture: no valid gesture detected
04-17 06:05:51.528609   984  1089 W ASH     : @ 17081.206: touch gesture: no valid gesture detected
04-17 06:05:51.593214   984  1089 W ASH     : @ 17081.270: touch gesture: no valid gesture detected
04-17 06:05:51.657764   984  1089 W ASH     : @ 17081.335: touch gesture: no valid gesture detected
04-17 06:05:51.722318   984  1089 W ASH     : @ 17081.399: touch gesture: no valid gesture detected
04-17 06:05:51.786548   984  1089 W ASH     : @ 17081.464: touch gesture: no valid gesture detected
04-17 06:05:51.851221   984  1089 W ASH     : @ 17081.528: touch gesture: no valid gesture detected
04-17 06:05:51.915707   984  1089 W ASH     : @ 17081.593: touch gesture: no valid gesture detected
04-17 06:05:51.980402   984  1089 W ASH     : @ 17081.657: touch gesture: no valid gesture detected
04-17 06:05:52.044630   984  1089 W ASH     : @ 17081.722: touch gesture: no valid gesture detected
04-17 06:05:52.109272   984  1089 W ASH     : @ 17081.786: touch gesture: no valid gesture detected
04-17 06:05:52.173827   984  1089 W ASH     : @ 17081.851: touch gesture: no valid gesture detected
04-17 06:05:52.238312   984  1089 W ASH     : @ 17081.915: touch gesture: no valid gesture detected
04-17 06:05:52.302816   984  1089 W ASH     : @ 17081.980: touch gesture: no valid gesture detected
04-17 06:05:52.367290   984  1089 W ASH     : @ 17082.044: touch gesture: no valid gesture detected
04-17 06:05:52.431860   984  1089 W ASH     : @ 17082.109: touch gesture: no valid gesture detected
04-17 06:05:52.496586   984  1089 W ASH     : @ 17082.173: touch gesture: no valid gesture detected
04-17 06:05:52.561073   984  1089 W ASH     : @ 17082.238: touch gesture: no valid gesture detected
04-17 06:05:52.625307   984  1089 W ASH     : @ 17082.302: touch gesture: no valid gesture detected
04-17 06:05:52.688079   984  1089 W ASH     : @ 17082.367: touch gesture: no valid gesture detected
04-17 06:05:52.752432   984  1089 W ASH     : @ 17082.431: touch gesture: no valid gesture detected
04-17 06:05:52.816986   984  1089 W ASH     : @ 17082.496: touch gesture: no valid gesture detected
04-17 06:05:52.881523   984  1089 W ASH     : @ 17082.560: touch gesture: no valid gesture detected
04-17 06:05:52.946047   984  1089 W ASH     : @ 17082.625: touch gesture: no valid gesture detected
04-17 06:05:53.010662   984  1089 W ASH     : @ 17082.690: touch gesture: no valid gesture detected
04-17 06:05:53.075524   984  1089 W ASH     : @ 17082.754: touch gesture: no valid gesture detected
04-17 06:05:53.141707   984  1089 W ASH     : @ 17082.819: touch gesture: no valid gesture detected
04-17 06:05:53.206132   984  1089 W ASH     : @ 17082.883: touch gesture: no valid gesture detected
04-17 06:05:53.271008   984  1089 W ASH     : @ 17082.948: touch gesture: no valid gesture detected
04-17 06:05:53.335473   984  1089 W ASH     : @ 17083.012: touch gesture: no valid gesture detected
04-17 06:05:53.400007   984  1089 W ASH     : @ 17083.077: touch gesture: no valid gesture detected
04-17 06:05:53.464543   984  1089 W ASH     : @ 17083.142: touch gesture: no valid gesture detected
04-17 06:05:53.529041   984  1089 W ASH     : @ 17083.206: touch gesture: no valid gesture detected
04-17 06:05:53.593315   984  1089 W ASH     : @ 17083.271: touch gesture: no valid gesture detected
04-17 06:05:53.658134   984  1089 W ASH     : @ 17083.335: touch gesture: no valid gesture detected
04-17 06:05:53.722509   984  1089 W ASH     : @ 17083.400: touch gesture: no valid gesture detected
04-17 06:05:53.787066   984  1089 W ASH     : @ 17083.464: touch gesture: no valid gesture detected
04-17 06:05:53.851631   984  1089 W ASH     : @ 17083.529: touch gesture: no valid gesture detected
04-17 06:05:53.916284   984  1089 W ASH     : @ 17083.593: touch gesture: no valid gesture detected
04-17 06:05:53.980568   984  1089 W ASH     : @ 17083.658: touch gesture: no valid gesture detected
04-17 06:05:54.044982   984  1089 W ASH     : @ 17083.722: touch gesture: no valid gesture detected
04-17 06:05:54.109505   984  1089 W ASH     : @ 17083.787: touch gesture: no valid gesture detected
04-17 06:05:54.174245   984  1089 W ASH     : @ 17083.851: touch gesture: no valid gesture detected
04-17 06:05:54.238750   984  1089 W ASH     : @ 17083.916: touch gesture: no valid gesture detected
04-17 06:05:54.303222   984  1089 W ASH     : @ 17083.980: touch gesture: no valid gesture detected
04-17 06:05:54.367641   984  1089 W ASH     : @ 17084.045: touch gesture: no valid gesture detected
04-17 06:05:54.432238   984  1089 W ASH     : @ 17084.109: touch gesture: no valid gesture detected
04-17 06:05:54.496609   984  1089 W ASH     : @ 17084.174: touch gesture: no valid gesture detected
04-17 06:05:54.561322   984  1089 W ASH     : @ 17084.238: touch gesture: no valid gesture detected
04-17 06:05:54.625746   984  1089 W ASH     : @ 17084.303: touch gesture: no valid gesture detected
04-17 06:05:54.689979   984  1089 W ASH     : @ 17084.367: touch gesture: no valid gesture detected
04-17 06:05:54.754793   984  1089 W ASH     : @ 17084.432: touch gesture: no valid gesture detected
