04-17 13:44:59.123483   950   950 I android.hardware.pixel.camera.provider@2.7-service: Google camera provider service is starting.
04-17 13:44:59.123703   950   950 D ProcessState: Binder ioctl to enable oneway spam detection failed: Invalid argument
04-17 13:44:59.123886   950   950 D hw-ProcessState: Binder ioctl to enable oneway spam detection failed: Invalid argument
04-17 13:44:59.123910   950   950 I android.hardware.pixel.camera.provider@2.7-service: Not using ApexUpdateListener since not running in an apex.
04-17 13:44:59.124272   950   950 I GCH_CameraProvider: CreateHwl:Loading /vendor/lib64/libgooglecamerahwl_impl.so library
04-17 13:44:59.124776  1017  1017 I pd-mapper-svc: Parsing file :/vendor/firmware/adsps.jsn:
04-17 13:44:59.125781   563  1026 W libc    : Unable to set property "ctl.interface_start" to "aidl/android.frameworks.stats.IStats/default": error code: 0x20
04-17 13:44:59.125866   563  1026 I servicemanager: Tried to start aidl service android.frameworks.stats.IStats/default as a lazy service, but was unable to. Usually this happens when a service is not installed, but if the service is intended to be used as a lazy service, then it may be configured incorrectly.
04-17 13:44:59.127719   946   946 D sound_trigger_hw: stdev_open: Enter
04-17 13:44:59.129685  1004  1004 D hw-ProcessState: Binder ioctl to enable oneway spam detection failed: Invalid argument
04-17 13:44:59.129643  1016  1016 I MSM-irqbalance: msm-irq_balance (1.3) initialized
04-17 13:44:59.129877  1016  1016 I MSM-irqbalance: Configuration
04-17 13:44:59.129904  1016  1016 I MSM-irqbalance: Rate: 0.2 Hz
04-17 13:44:59.129921  1016  1016 I MSM-irqbalance: Decay Factor: 75.0
04-17 13:44:59.129936  1016  1016 I MSM-irqbalance: Balancing Factor: 0.1
04-17 13:44:59.129949  1016  1016 I MSM-irqbalance: Debug Log: OFF
--------- switch to kernel
04-17 13:44:59.123885     0     0 I         : c6    950 binder: 950:950 ioctl 40046210 7fde29af94 returned -22
04-17 13:44:59.124085     0     0 I         : c3   1016 capability: warning: `msm_irqbalance' uses 32-bit capabilities (legacy support in use)
04-17 13:44:59.125531     0     0 I         : c7      1 init: processing action (boot) from (/vendor/etc/init/hw/init.sm7250.usb.rc:69)
04-17 13:44:59.129616     0     0 I         : c2   1004 binder: 1004:1004 ioctl 40046210 7fda6376d4 returned -22
04-17 13:44:59.133169     0     0 I         : c2    201 servloc: service_locator_new_server: Connection established with the Service locator
04-17 13:44:59.133227     0     0 I         : c6    216 servloc: init_service_locator: Service locator initialized
04-17 13:44:59.134147     0     0 I         : c7      1 init: processing action (persist.vendor.sys.modem.diag.mdlog=* && boot) from (/vendor/etc/init/hw/init.sm7250.diag.rc:44)
04-17 13:44:59.137436     0     0 I         : c7      1 init: Service 'irsc_util' (pid 1015) exited with status 0 oneshot service took 0.070000 seconds in background
04-17 13:44:59.137450     0     0 I         : c7      1 init: Sending signal 9 to service 'irsc_util' (pid 1015) process group...
04-17 13:44:59.137560     0     0 I         : c7      1 libprocessgroup: Successfully killed process cgroup uid 0 pid 1015 in 0ms
04-17 13:44:59.138835     0     0 I         : c7      1 init: processing action (boot) from (/vendor/etc/init/hw/init.sm7250.power.rc:144)
04-17 13:44:59.139611     0     0 I         : c7      1 init: processing action (boot) from (/system/etc/init/dumpstate.rc:1)
04-17 13:44:59.139708     0     0 I         : c7      1 init: processing action (boot) from (/system/etc/init/gsid.rc:25)
04-17 13:44:59.139880     0     0 I         : c7      1 init: starting service 'exec 16 (/system/bin/gsid run-startup-tasks)'...
04-17 13:44:59.140445     0     0 I         : c3    962 binder: 962:962 ioctl 40046210 7fd5931e44 returned -22
04-17 13:44:59.143531     0     0 I         : c7      1 init: processing action (boot) from (/vendor/etc/init/android.hardware.dumpstate@1.1-service.redfin.rc:10)
04-17 13:44:59.143789     0     0 I         : c7      1 init: processing action (boot) from (/vendor/etc/init/android.hardware.usb@1.3-service.redfin.rc:12)
04-17 13:44:59.144694     0     0 I         : c7      1 init: processing action (boot) from (/vendor/etc/init/init-ramdump.rc:1)
04-17 13:44:59.146406     0     0 I         : c5   1001 binder: 1001:1001 ioctl 40046210 7fec3f7a04 returned -22
04-17 13:44:59.146423     0     0 I         : c7      1 init: starting service 'vendor.ramdump_auto'...
04-17 13:44:59.153281     0     0 I         : c6    216 adsprpc: fastrpc_get_service_location_notify: PDR notifier for adsp registered for msm/adsp/audio_pd (audio_pdr_adsprpc)
04-17 13:44:59.153290     0     0 I         : c6    216 adsprpc: fastrpc_get_service_location_notify: audio_pdr_adsprpc (msm/adsp/audio_pd) PDR service for adsp is uninitialized
04-17 13:44:59.153364     0     0 I         : c2    359 service-notifier: service_notifier_new_server: Connection established between QMI handle and 74 service
04-17 13:44:59.153455     0     0 I         : c6     81 adsprpc: fastrpc_get_service_location_notify: PDR notifier for adsp registered for msm/adsp/sensor_pd (sensors_pdr_adsprpc)
04-17 13:44:59.153460     0     0 I         : c6     81 adsprpc: fastrpc_get_service_location_notify: sensors_pdr_adsprpc (msm/adsp/sensor_pd) PDR service for adsp is uninitialized
04-17 13:44:59.153493     0     0 I         : c2    201 service-notifier: service_notifier_new_server: Connection established between QMI handle and 74 service
04-17 13:44:59.154303     0     0 I         : c2    357 audio_notifer_reg_service: service PDR_ADSP is in use
04-17 13:44:59.154676     0     0 I         : c7      1 init: processing action (boot) from (/vendor/etc/init/init-ramoops.rc:16)
04-17 13:44:59.154727     0     0 I         : c0    962 binder: 962:962 ioctl 40046210 7fd5931e74 returned -22
04-17 13:44:59.155510     0     0 I         : c7   1019 binder: 1019:1019 ioctl 40046210 7ff7e6c974 returned -22
04-17 13:44:59.158857     0     0 I         : c6      1 init: processing action (boot) from (/vendor/etc/init/init.sm7250.ipa.rc:17)
04-17 13:44:59.159124     0     0 I         : c6      1 init: processing action (boot) from (/vendor/etc/init/netmgrd.rc:6)
04-17 13:44:59.159284     0     0 I         : c7    997 binder: 997:997 ioctl 40046210 7ff9e07534 returned -22
--------- switch to main
04-17 13:44:59.129961  1016  1016 I MSM-irqbalance: Cfg file: /vendor/etc/msm_irqbalance.conf
04-17 13:44:59.129983  1016  1016 I MSM-irqbalance: CPU PRIO: CPU0: 1 CPU1: 1 CPU2: 0 CPU3: 0 CPU4: 0 CPU5: 0 CPU6: 0 CPU7: 0 
04-17 13:44:59.130000  1016  1016 I MSM-irqbalance: Ignored IRQs: 3 18 5 
--------- switch to system
04-17 13:44:59.132257  1015  1015 I irsc_util: Starting irsc tool
04-17 13:44:59.133174   928   931 I QMI_FW  : QCCI: Received NEW_SERVER cmd for 00000040:00000101
--------- switch to main
04-17 13:44:59.133268  1017  1031 I pd-mapper-svc: Starting servloc server
--------- switch to system
04-17 13:44:59.134419  1015  1015 I irsc_util: file_parser Invalid Format - '/
04-17 13:44:59.134419  1015  1015 I irsc_util: '
04-17 13:44:59.134988  1015  1015 I irsc_util: file_parser Invalid Format - '/
04-17 13:44:59.134988  1015  1015 I irsc_util: '
04-17 13:44:59.135096  1015  1015 I irsc_util: Num of entries:296
--------- switch to main
04-17 13:44:59.135118  1015  1015 E irsc_util: irsc_feed_config: Security config ioctl failed
--------- switch to system
04-17 13:44:59.135215  1015  1015 I irsc_util: Ending irsc tool
--------- switch to main
04-17 13:44:59.140565   962   962 D ProcessState: Binder ioctl to enable oneway spam detection failed: Invalid argument
04-17 13:44:59.143998  1004  1004 I HidlServiceManagement: Registered vendor.qti.hardware.qteeconnector@1.0::IAppConnector/default
04-17 13:44:59.144150  1001  1001 W dspservice: libminijail[1001]: failed to get path of fd 3: No such file or directory
04-17 13:44:59.144188  1004  1004 I HidlServiceManagement: Removing namespace from process name vendor.qti.hardware.qteeconnector@1.0-service to qteeconnector@1.0-service.
04-17 13:44:59.144238  1001  1001 W dspservice: libminijail[1001]: allowing syscall: connect
04-17 13:44:59.144293  1001  1001 W dspservice: libminijail[1001]: allowing syscall: fcntl
04-17 13:44:59.144339  1001  1001 W dspservice: libminijail[1001]: allowing syscall: sendto
04-17 13:44:59.144383  1001  1001 W dspservice: libminijail[1001]: allowing syscall: socket
04-17 13:44:59.144426  1001  1001 W dspservice: libminijail[1001]: allowing syscall: writev
04-17 13:44:59.144905  1001  1001 W dspservice: libminijail[1001]: logging seccomp filter failures
04-17 13:44:59.145962  1027  1027 I tftp_server: Initializing tftp_server RING buffer
04-17 13:44:59.146069  1027  1027 I tftp_server: Starting...
04-17 13:44:59.146493  1001  1001 D hw-ProcessState: Binder ioctl to enable oneway spam detection failed: Invalid argument
04-17 13:44:59.151205  1004  1004 I HidlServiceManagement: Registered vendor.qti.hardware.qteeconnector@1.0::IGPAppConnector/default
04-17 13:44:59.151366  1004  1004 I HidlServiceManagement: Removing namespace from process name vendor.qti.hardware.qteeconnector@1.0-service to qteeconnector@1.0-service.
04-17 13:44:59.151525  1001  1001 I HidlServiceManagement: Registered vendor.qti.hardware.dsp@1.0::IDspService/dspservice
04-17 13:44:59.152891   946   946 D sound_trigger_hw: load_audio_hal: ahal is using proprietary API version 0x0200
04-17 13:44:59.152979   946   946 I sound_trigger_platform: platform_stdev_init: Enter
04-17 13:44:59.154751   962   962 D ProcessState: Binder ioctl to enable oneway spam detection failed: Invalid argument
04-17 13:44:59.155105   962   962 I android.hardware.identity-service: kGcmChunkSize: 512
04-17 13:44:59.155544  1019  1019 D ProcessState: Binder ioctl to enable oneway spam detection failed: Invalid argument
04-17 13:44:59.156053   563   563 I servicemanager: Found android.hardware.identity.IIdentityCredentialStore/default in device VINTF manifest.
04-17 13:44:59.158325   946   946 W sound_trigger_platform: load_smlib: generate_sound_trigger_phrase_recognition_event_v3 not found. undefined symbol: generate_sound_trigger_phrase_recognition_event_v3
04-17 13:44:59.158361  1019  1019 I credstore: Registered binder service
04-17 13:44:59.158394  1009  1009 W vendor.qti.qspmhal@1.0-service: libminijail[1009]: failed to get path of fd 3: No such file or directory
04-17 13:44:59.158493  1009  1009 W vendor.qti.qspmhal@1.0-service: libminijail[1009]: allowing syscall: connect
04-17 13:44:59.158598  1009  1009 W vendor.qti.qspmhal@1.0-service: libminijail[1009]: allowing syscall: fcntl
04-17 13:44:59.158654  1009  1009 W vendor.qti.qspmhal@1.0-service: libminijail[1009]: allowing syscall: sendto
04-17 13:44:59.158843  1009  1009 W vendor.qti.qspmhal@1.0-service: libminijail[1009]: allowing syscall: socket
04-17 13:44:59.158890  1009  1009 W vendor.qti.qspmhal@1.0-service: libminijail[1009]: allowing syscall: writev
--------- switch to system
04-17 13:44:59.159098   997   997 I vendor.google.wifi_ext@1.0-service-vendor: Wifi Hal is booting up...
--------- switch to main
04-17 13:44:59.159196   946   946 W sound_trigger_platform: load_smlib: generate_sound_trigger_phrase_recognition_event_v3 not found. undefined symbol: generate_sound_trigger_phrase_recognition_event_v3
04-17 13:44:59.159289   997   997 D hw-ProcessState: Binder ioctl to enable oneway spam detection failed: Invalid argument
04-17 13:44:59.162580   977   977 I android.hardware.weaver@1.0-service.citadel: Weaver HAL service starting
04-17 13:44:59.163043   977   977 D ProcessState: Binder ioctl to enable oneway spam detection failed: Invalid argument
--------- switch to system
04-17 13:44:59.164010   997   997 I HidlServiceManagement: Registered android.hardware.wifi@1.5::IWifi/default
--------- switch to main
04-17 13:44:59.164201   928  1038 D QC-time-services: Daemon: Time-services: All initializations done
04-17 13:44:59.164222   928  1038 E QC-time-services: Daemon: Time-services: Waiting to acceptconnection
04-17 13:44:59.164211  1009  1009 W vendor.qti.qspmhal@1.0-service: libminijail[1009]: compile_file: <fd>(52): syscall mprotect redefined here
04-17 13:44:59.164282  1009  1009 W vendor.qti.qspmhal@1.0-service: libminijail[1009]: compile_file: <fd>(36): previous definition here
04-17 13:44:59.164439  1009  1009 W vendor.qti.qspmhal@1.0-service: libminijail[1009]: compile_file: <fd>(53): syscall fstat redefined here
04-17 13:44:59.166024   977   977 D hw-ProcessState: Binder ioctl to enable oneway spam detection failed: Invalid argument
--------- switch to system
04-17 13:44:59.169108   997   997 I HidlServiceManagement: Registered vendor.google.wifi_ext@1.2::IWifiExt/default
--------- switch to main
04-17 13:44:59.169216   997   997 I HidlServiceManagement: Removing namespace from process name vendor.google.wifi_ext@1.0-service-vendor to wifi_ext@1.0-service-vendor.
04-17 13:44:59.169793  1009  1009 W vendor.qti.qspmhal@1.0-service: libminijail[1009]: compile_file: <fd>(27): previous definition here
04-17 13:44:59.170127  1009  1009 W vendor.qti.qspmhal@1.0-service: libminijail[1009]: compile_file: <fd>(69): nonexistent syscall 'sigreturn'
04-17 13:44:59.170200  1009  1009 W vendor.qti.qspmhal@1.0-service: libminijail[1009]: compile_file: <fd>(75): nonexistent syscall 'geteuid32'
04-17 13:44:59.170311  1009  1009 W vendor.qti.qspmhal@1.0-service: libminijail[1009]: compile_file: <fd>(76): nonexistent syscall 'getgid32'
04-17 13:44:59.170359  1009  1009 W vendor.qti.qspmhal@1.0-service: libminijail[1009]: compile_file: <fd>(77): nonexistent syscall 'getegid32'
04-17 13:44:59.170406  1009  1009 W vendor.qti.qspmhal@1.0-service: libminijail[1009]: compile_file: <fd>(78): nonexistent syscall 'getgroups32'
04-17 13:44:59.170548  1009  1009 W vendor.qti.qspmhal@1.0-service: libminijail[1009]: logging seccomp filter failures
04-17 13:44:59.170571   977   977 I HidlServiceManagement: Registered android.hardware.weaver@1.0::IWeaver/default
04-17 13:44:59.170727   977   977 I HidlServiceManagement: Removing namespace from process name android.hardware.weaver@1.0-service.citadel to weaver@1.0-service.citadel.
04-17 13:44:59.171468  1022  1022 I vendor.rmt_storage: Shared memory initialised successfully.
04-17 13:44:59.171631  1022  1022 I vendor.rmt_storage: Registering modemst1: 0x4a /boot/modem_fs1
04-17 13:44:59.171653  1022  1022 I vendor.rmt_storage: Registering modemst2: 0x4b /boot/modem_fs2
04-17 13:44:59.171670  1022  1022 I vendor.rmt_storage: Registering fsc: 0xff /boot/modem_fsc
04-17 13:44:59.171695  1022  1022 I vendor.rmt_storage: Registering fsg: 0x58 /boot/modem_fsg
04-17 13:44:59.171703  1022  1022 I vendor.rmt_storage: 4 GPT partitions found
04-17 13:44:59.171862  1022  1022 E vendor.rmt_storage: Modem multisim property not exist
--------- switch to system
04-17 13:44:59.172049   928   931 I QMI_FW  : QCCI: Received NEW_SERVER cmd for 0000000e:00000001
--------- switch to main
04-17 13:44:59.172120   964   964 I android.hardware.neuralnetworks@1.3-service: nnhal main 1.3-19:build_lito
04-17 13:44:59.172283   964   964 D hw-ProcessState: Binder ioctl to enable oneway spam detection failed: Invalid argument
04-17 13:44:59.172399   977   977 I HidlServiceManagement: Registered android.hardware.oemlock@1.0::IOemLock/default
04-17 13:44:59.175646   960   960 D LocSvc_LBSProxy: checkIfLocationExtendedClientExists] File does not Exist
04-17 13:44:59.177035   977   977 I HidlServiceManagement: Registered android.hardware.authsecret@1.0::IAuthSecret/default
04-17 13:44:59.180302   960   960 E android.hardware.gnss@2.1-service-qti: cannot open file:/data/vendor/location/gps.prop
04-17 13:44:59.180324   964   964 I android.hardware.neuralnetworks@1.3-service-qti: vendor/qcom/proprietary/adsprpc/src/rpcmem_android.c:159: rpcmem_init_internal: opened ION device fd 6, configured heap IDs: system (0x2000000), contig (0x400000), secure (0x200), secure flags (0x80080000)
04-17 13:44:59.180359   964   964 I android.hardware.neuralnetworks@1.3-service-qti: vendor/qcom/proprietary/adsprpc/src/fastrpc_apps_user.c:2961: fastrpc_apps_user_init done with default domain:3 and &fastrpc_trace:0x76d5bc4f20
--------- switch to system
04-17 13:44:59.181677   928   931 I QMI_FW  : QCCI: Received NEW_SERVER cmd for 00001000:00000001
04-17 13:44:59.181697   928   931 I QMI_FW  : QCCI: Received NEW_SERVER cmd for 00001000:00000002
04-17 13:44:59.181704   928   931 I QMI_FW  : QCCI: Received NEW_SERVER cmd for 00001000:00000003
04-17 13:44:59.181710   928   931 I QMI_FW  : QCCI: Received NEW_SERVER cmd for 00001000:00000004
04-17 13:44:59.181717   928   931 I QMI_FW  : QCCI: Received NEW_SERVER cmd for 00001000:00000005
04-17 13:44:59.181723   928   931 I QMI_FW  : QCCI: Received NEW_SERVER cmd for 00001000:00000006
04-17 13:44:59.181729   928   931 I QMI_FW  : QCCI: Received NEW_SERVER cmd for 00001000:00000007
04-17 13:44:59.181735   928   931 I QMI_FW  : QCCI: Received NEW_SERVER cmd for 00001000:00000008
04-17 13:44:59.181742   928   931 I QMI_FW  : QCCI: Received NEW_SERVER cmd for 00001000:00000009
04-17 13:44:59.181748   928   931 I QMI_FW  : QCCI: Received NEW_SERVER cmd for 00001000:0000000a
--------- switch to kernel
04-17 13:44:59.159757     0     0 I         : c6      1 init: starting service 'exec 17 (/vendor/bin/modprobe -a -d /vendor/lib/modules rmnet_ctl)'...
--------- switch to system
04-17 13:44:59.182461   928   931 I QMI_FW  : QCCI: Received NEW_SERVER cmd for 00001000:0000000b
--------- switch to kernel
04-17 13:44:59.161161     0     0 I         : c6      1 init: SVC_EXEC service 'exec 17 (/vendor/bin/modprobe -a -d /vendor/lib/modules rmnet_ctl)' pid 1046 (uid 0 gid 0+0 context u:r:vendor_modprobe:s0) started; waiting...
04-17 13:44:59.162412     0     0 I         : c2    359 adsprpc: fastrpc_pdr_notifier_cb: msm/adsp/audio_pd (audio_pdr_adsprpc) is up on adsp
04-17 13:44:59.162435     0     0 I         : c2    359 apr_adsp_up: Q6 is Up
04-17 13:44:59.162882     0     0 I         : c2    207 platform soc:qcom,msm-audio-apr:qcom,msm-audio-ion: Linked as a consumer to 15000000.apps-smmu
04-17 13:44:59.163024     0     0 I         : c5    977 binder: 977:977 ioctl 40046210 7fda3fc484 returned -22
04-17 13:44:59.163532     0     0 I         : c6    284 adsprpc: fastrpc_pdr_notifier_cb: msm/adsp/sensor_pd (sensors_pdr_adsprpc) is up on adsp
04-17 13:44:59.165982     0     0 I         : c2    977 binder: 977:977 ioctl 40046210 7fda3fc4c4 returned -22
04-17 13:44:59.168041     0     0 I         : c2    207 iommu: Adding device soc:qcom,msm-audio-apr:qcom,msm-audio-ion to group 45
04-17 13:44:59.171843     0     0 I         : c0   1009 binder: 1009:1009 ioctl 40046210 7ff3a358d4 returned -22
04-17 13:44:59.172090     0     0 I         : c7   1022 rmt_storage:INFO:main: Done with init now waiting for messages!
04-17 13:44:59.172282     0     0 I         : c7    964 binder: 964:964 ioctl 40046210 7fc7b1dd84 returned -22
04-17 13:44:59.175868     0     0 I         : c2    357 sps:BAM 0x0000000003a84000 (va:0x0000000000000000) enabled: ver:0x19, number of pipes:25
--------- switch to system
04-17 13:44:59.182489   928   931 I QMI_FW  : QCCI: Received NEW_SERVER cmd for 00001000:0000000c
--------- switch to main
04-17 13:44:59.185533  1009  1009 D hw-ProcessState: Binder ioctl to enable oneway spam detection failed: Invalid argument
04-17 13:44:59.186693  1028  1028 I sensors.qti: set_log_level:516, log_level set: 2
04-17 13:44:59.186812  1028  1028 I sensors.qti: main:556, sensors daemon starting
04-17 13:44:59.186815   960   960 E LocSvc_misc_utils: logDlError:129] dlopen error: dlopen failed: library "liblocdiagiface.so" not found
04-17 13:44:59.189904  1009  1009 I HidlServiceManagement: Registered vendor.qti.qspmhal@1.0::IQspmhal/default
04-17 13:44:59.190100  1009  1009 I HidlServiceManagement: Removing namespace from process name vendor.qti.qspmhal@1.0-service to qspmhal@1.0-service.
--------- switch to system
04-17 13:44:59.192728  1045  1045 I reserveblocks: DDR size candidates: persist.vendor.ramdump.ddr_size_override=-1, ro.boot.ddr_size=8589934592
04-17 13:44:59.192844  1045  1045 I reserveblocks: DDR size is 8GB (8589934592)
--------- switch to main
04-17 13:44:59.193125  1028  1056 I sensors.qti: handle_diag_settings:419, try Diag_LSM_Init, count = 1
04-17 13:44:59.193292   960  1042 E LocSvc_misc_utils: logDlError:129] dlopen error: dlopen failed: library "libloc_net_iface.so" not found
--------- switch to system
04-17 13:44:59.193519  1045  1045 I reserveblocks: Disabling ramdump
--------- switch to main
04-17 13:44:59.193934  1028  1062 D Diag_Lib: diag: CreateWaitThread (1062) created
04-17 13:44:59.194774  1028  1056 I sensors.qti: handle_diag_settings:427, mdlog is enabled, skip handle_diag_settings.
--------- switch to system
04-17 13:44:59.205533   960  1063 I QMI_FW  : QCCI: Received NEW_SERVER cmd for 0000016e:00000001
04-17 13:44:59.205567   960  1063 I QMI_FW  : QCCI: Received NEW_SERVER cmd for 00000042:00004a01
04-17 13:44:59.205576   960  1063 I QMI_FW  : QCCI: Received NEW_SERVER cmd for 00000033:00000501
04-17 13:44:59.205584   960  1063 I QMI_FW  : QCCI: Received NEW_SERVER cmd for 0000000f:00002101
04-17 13:44:59.205591   960  1063 I QMI_FW  : QCCI: Received NEW_SERVER cmd for 00000301:00000001
04-17 13:44:59.205598   960  1063 I QMI_FW  : QCCI: Received NEW_SERVER cmd for 0000002b:00001402
04-17 13:44:59.205605   960  1063 I QMI_FW  : QCCI: Received NEW_SERVER cmd for 00000190:00000001
04-17 13:44:59.205612   960  1063 I QMI_FW  : QCCI: Received NEW_SERVER cmd for 0000000f:00002001
04-17 13:44:59.205619   960  1063 I QMI_FW  : QCCI: Received NEW_SERVER cmd for 0000015b:00000001
04-17 13:44:59.205626   960  1063 I QMI_FW  : QCCI: Received NEW_SERVER cmd for 00001001:00000041
--------- switch to main
04-17 13:44:59.206550   960   960 I HidlServiceManagement: Registered android.hardware.gnss@2.1::IGnss/default
04-17 13:44:59.207281   970   970 I sensors : sensors_hw_module:140, create sensors sub-hal instance
--------- switch to system
04-17 13:44:59.207455  1045  1045 I reserveblocks: Ramdump is disabled, deleting ramdump reserved file: /data/vendor/ramdump/RAMDUMP_RESERVED
--------- switch to kernel
04-17 13:44:59.175891     0     0 I         : c2    357 sps:BAM 0x0000000003a84000 is registered.
04-17 13:44:59.210587     0     0 I         : c7   1020 binder: 1020:1020 ioctl 40046210 7ff9d82ad4 returned -22
--------- switch to main
04-17 13:44:59.210640  1020  1020 D ProcessState: Binder ioctl to enable oneway spam detection failed: Invalid argument
--------- switch to kernel
04-17 13:44:59.212836     0     0 I         : c3    970 binder: 970:970 ioctl 40046210 7ff6dd1fa4 returned -22
--------- switch to system
04-17 13:44:59.212273   960  1063 I QMI_FW  : QCCI: Received NEW_SERVER cmd for 00000018:00000101
04-17 13:44:59.212348  1045  1045 E reserveblocks: Failed to delete /data/vendor/ramdump/RAMDUMP_RESERVED: No such file or directory
04-17 13:44:59.212361  1045  1045 I reserveblocks: Ramdump is disabled, deleting ramdump output file: /data/vendor/ramdump/apq/00/RAMDUMP_OUTPUT
--------- switch to main
04-17 13:44:59.212451   960   960 I HidlServiceManagement: Removing namespace from process name android.hardware.gnss@2.1-service-qti to gnss@2.1-service-qti.
04-17 13:44:59.212596   970   970 I sensors-hal: [hal]get_system_config:72, log_level: 2
04-17 13:44:59.212642   970   970 I sensors-hal: [hal]is_rt_thread_enabled:91, ssc_enable_rt_task : true
04-17 13:44:59.212678   970   970 I sensors-hal: [hal]sensors_hal:195, initializing sensors_hal
04-17 13:44:59.212853   970   970 D ProcessState: Binder ioctl to enable oneway spam detection failed: Invalid argument
04-17 13:44:59.212931   960   960 I LegacySupport: Registration complete for android.hardware.gnss@2.1::IGnss/default.
04-17 13:44:59.212962   960   960 I android.hardware.gnss@2.1-service-qti: LOC_HIDL_VERSION not defined.
04-17 13:44:59.212997   970   970 E sensors-hal: [hal]init_sensors:368, void sensors_hal::init_sensors()
--------- switch to system
04-17 13:44:59.213102   960  1063 I QMI_FW  : QCCI: Received NEW_SERVER cmd for 0000000f:00002201
04-17 13:44:59.213115   960  1063 I QMI_FW  : QCCI: Received NEW_SERVER cmd for 00000033:00000c01
04-17 13:44:59.213122   960  1063 I QMI_FW  : QCCI: Received NEW_SERVER cmd for 00001001:000000c4
04-17 13:44:59.213129   960  1063 I QMI_FW  : QCCI: Received NEW_SERVER cmd for 00001001:00000040
04-17 13:44:59.213136   960  1063 I QMI_FW  : QCCI: Received NEW_SERVER cmd for 00001000:00000001
04-17 13:44:59.213142   960  1063 I QMI_FW  : QCCI: Received NEW_SERVER cmd for 00001001:00000184
04-17 13:44:59.213149   960  1063 I QMI_FW  : QCCI: Received NEW_SERVER cmd for 00001001:00000180
04-17 13:44:59.213155   960  1063 I QMI_FW  : QCCI: Received NEW_SERVER cmd for 00001000:00000004
04-17 13:44:59.213163   960  1063 I QMI_FW  : QCCI: Received NEW_SERVER cmd for 00001001:00000140
--------- switch to main
04-17 13:44:59.213157   970   970 I sensors-hal: [ssc_utils]get_sns_settings:200, settings 0
--------- switch to system
04-17 13:44:59.213170   960  1063 I QMI_FW  : QCCI: Received NEW_SERVER cmd for 00001001:00000044
04-17 13:44:59.213180   960  1063 I QMI_FW  : QCCI: Received NEW_SERVER cmd for 00001000:00000007
04-17 13:44:59.213187   960  1063 I QMI_FW  : QCCI: Received NEW_SERVER cmd for 00001001:00000082
04-17 13:44:59.213193   960  1063 I QMI_FW  : QCCI: Received NEW_SERVER cmd for 00001000:0000000a
04-17 13:44:59.213199   960  1063 I QMI_FW  : QCCI: Received NEW_SERVER cmd for 00001001:00000142
04-17 13:44:59.213205   960  1063 I QMI_FW  : QCCI: Received NEW_SERVER cmd for 0000000e:00000001
04-17 13:44:59.213211   960  1063 I QMI_FW  : QCCI: Received NEW_SERVER cmd for 0000041d:00000001
04-17 13:44:59.213218   960  1063 I QMI_FW  : QCCI: Received NEW_SERVER cmd for 00001001:00000102
04-17 13:44:59.213224   960  1063 I QMI_FW  : QCCI: Received NEW_SERVER cmd for 00001001:00000080
04-17 13:44:59.213231   960  1063 I QMI_FW  : QCCI: Received NEW_SERVER cmd for 00001000:00000003
04-17 13:44:59.213237   960  1063 I QMI_FW  : QCCI: Received NEW_SERVER cmd for 00001001:00000182
04-17 13:44:59.213244   960  1063 I QMI_FW  : QCCI: Received NEW_SERVER cmd for 00001001:00000100
04-17 13:44:59.213251   960  1063 I QMI_FW  : QCCI: Received NEW_SERVER cmd for 00001000:00000006
04-17 13:44:59.213257   960  1063 I QMI_FW  : QCCI: Received NEW_SERVER cmd for 00001001:00000002
04-17 13:44:59.213264   960  1063 I QMI_FW  : QCCI: Received NEW_SERVER cmd for 00001000:00000009
04-17 13:44:59.213270   960  1063 I QMI_FW  : QCCI: Received NEW_SERVER cmd for 00001001:00000084
04-17 13:44:59.213276   960  1063 I QMI_FW  : QCCI: Received NEW_SERVER cmd for 00000034:00000101
--------- switch to main
04-17 13:44:59.213273   970   970 I sensors-hal: [ssc_utils]get_qmi_debug_flag:243, support_qmi_debug : false
--------- switch to system
04-17 13:44:59.213283   960  1063 I QMI_FW  : QCCI: Received NEW_SERVER cmd for 00001000:0000000c
04-17 13:44:59.213291   960  1063 I QMI_FW  : QCCI: Received NEW_SERVER cmd for 00001001:00000104
04-17 13:44:59.213299   960  1063 I QMI_FW  : QCCI: Received NEW_SERVER cmd for 00001000:00000002
04-17 13:44:59.213305   960  1063 I QMI_FW  : QCCI: Received NEW_SERVER cmd for 00000031:00000101
04-17 13:44:59.213311   960  1063 I QMI_FW  : QCCI: Received NEW_SERVER cmd for 00001001:00000144
04-17 13:44:59.213317   960  1063 I QMI_FW  : QCCI: Received NEW_SERVER cmd for 00001001:00000004
04-17 13:44:59.213323   960  1063 I QMI_FW  : QCCI: Received NEW_SERVER cmd for 00001000:00000005
04-17 13:44:59.213330   960  1063 I QMI_FW  : QCCI: Received NEW_SERVER cmd for 00001001:000000c0
04-17 13:44:59.213336   960  1063 I QMI_FW  : QCCI: Received NEW_SERVER cmd for 00001001:00000042
04-17 13:44:59.213342   960  1063 I QMI_FW  : QCCI: Received NEW_SERVER cmd for 00001000:00000008
04-17 13:44:59.213348   960  1063 I QMI_FW  : QCCI: Received NEW_SERVER cmd for 00000040:00000101
04-17 13:44:59.213355   960  1063 I QMI_FW  : QCCI: Received NEW_SERVER cmd for 00001001:000000c2
04-17 13:44:59.213361   960  1063 I QMI_FW  : QCCI: Received NEW_SERVER cmd for 00001001:00000000
04-17 13:44:59.213367   960  1063 I QMI_FW  : QCCI: Received NEW_SERVER cmd for 00001000:0000000b
04-17 13:44:59.213373   960  1063 I QMI_FW  : QCCI: Received NEW_SERVER cmd for 00000042:00004c01
04-17 13:44:59.213380   960  1063 I QMI_FW  : QCCI: Received NEW_SERVER cmd for 00000033:00000d01
04-17 13:44:59.213388   960  1063 I QMI_FW  : QCCI: Received NEW_SERVER cmd for 0000002b:00001702
--------- switch to main
04-17 13:44:59.213474   970  1067 D ASH     : Couldn't stat lastlog file: No such file or directory
--------- switch to system
04-17 13:44:59.213484   960  1063 I QMI_FW  : QCCI: Received NEW_SERVER cmd for 00001001:00000101
04-17 13:44:59.213498   960  1063 I QMI_FW  : QCCI: Received NEW_SERVER cmd for 0000000f:00004001
04-17 13:44:59.213504   960  1063 I QMI_FW  : QCCI: Received NEW_SERVER cmd for 00000018:00004301
04-17 13:44:59.213511   960  1063 I QMI_FW  : QCCI: Received NEW_SERVER cmd for 00000000:00000000
--------- switch to main
04-17 13:44:59.213513   970  1067 D ASH     : Couldn't stat log file: No such file or directory
--------- switch to system
04-17 13:44:59.215107  1039  1039 I gsid    : no DSU: No such file or directory
--------- switch to main
04-17 13:44:59.217085   970   970 I sensors-hal: [factory]is_registry_up:354, Remote SensorService UpTime from hal_service start = 0.003854s
--------- switch to kernel
04-17 13:44:59.218435     0     0 I         : c7      1 init: Service 'exec 16 (/system/bin/gsid run-startup-tasks)' (pid 1039) exited with status 0 oneshot service took 0.075000 seconds in background
04-17 13:44:59.218451     0     0 I         : c7      1 init: Sending signal 9 to service 'exec 16 (/system/bin/gsid run-startup-tasks)' (pid 1039) process group...
04-17 13:44:59.218545     0     0 I         : c7      1 libprocessgroup: Successfully killed process cgroup uid 0 pid 1039 in 0ms
04-17 13:44:59.218685     0     0 I         : c7      1 init: Service 'vendor.ramdump_auto' (pid 1045) exited with status 255 oneshot service took 0.065000 seconds in background
04-17 13:44:59.218691     0     0 I         : c7      1 init: Sending signal 9 to service 'vendor.ramdump_auto' (pid 1045) process group...
04-17 13:44:59.218721     0     0 I         : c7      1 libprocessgroup: Successfully killed process cgroup uid 0 pid 1045 in 0ms
--------- switch to main
04-17 13:44:59.220564   961   961 I android.hardware.health@2.1-impl-redbull: Unable to write battery level to wireless capacity
--------- switch to system
04-17 13:44:59.222023   970  1071 I QMI_FW  : QCCI: Received NEW_SERVER cmd for 0000016e:00000001
04-17 13:44:59.222086   970  1071 I QMI_FW  : QCCI: Received NEW_SERVER cmd for 00000042:00004a01
04-17 13:44:59.222114   970  1071 I QMI_FW  : QCCI: Received NEW_SERVER cmd for 00000033:00000501
04-17 13:44:59.222139   970  1071 I QMI_FW  : QCCI: Received NEW_SERVER cmd for 0000000f:00002101
04-17 13:44:59.222162   970  1071 I QMI_FW  : QCCI: Received NEW_SERVER cmd for 00000301:00000001
04-17 13:44:59.222183   970  1071 I QMI_FW  : QCCI: Received NEW_SERVER cmd for 0000002b:00001402
04-17 13:44:59.222203   970  1071 I QMI_FW  : QCCI: Received NEW_SERVER cmd for 00000190:00000001
04-17 13:44:59.222224   970  1071 I QMI_FW  : QCCI: Received NEW_SERVER cmd for 0000000f:00002001
04-17 13:44:59.222244   970  1071 I QMI_FW  : QCCI: Received NEW_SERVER cmd for 0000015b:00000001
04-17 13:44:59.222265   970  1071 I QMI_FW  : QCCI: Received NEW_SERVER cmd for 00001001:00000041
04-17 13:44:59.222284   970  1071 I QMI_FW  : QCCI: Received NEW_SERVER cmd for 00000018:00000101
04-17 13:44:59.222302   970  1071 I QMI_FW  : QCCI: Received NEW_SERVER cmd for 0000000f:00002201
04-17 13:44:59.222321   970  1071 I QMI_FW  : QCCI: Received NEW_SERVER cmd for 00000033:00000c01
04-17 13:44:59.222340   970  1071 I QMI_FW  : QCCI: Received NEW_SERVER cmd for 00001001:000000c4
04-17 13:44:59.222360   970  1071 I QMI_FW  : QCCI: Received NEW_SERVER cmd for 00001001:00000040
04-17 13:44:59.222379   970  1071 I QMI_FW  : QCCI: Received NEW_SERVER cmd for 00001000:00000001
04-17 13:44:59.222400   970  1071 I QMI_FW  : QCCI: Received NEW_SERVER cmd for 00001001:00000184
04-17 13:44:59.222419   970  1071 I QMI_FW  : QCCI: Received NEW_SERVER cmd for 00001001:00000180
04-17 13:44:59.222474   970  1071 I QMI_FW  : QCCI: Received NEW_SERVER cmd for 00001000:00000004
04-17 13:44:59.222499   970  1071 I QMI_FW  : QCCI: Received NEW_SERVER cmd for 00001001:00000140
04-17 13:44:59.222523   970  1071 I QMI_FW  : QCCI: Received NEW_SERVER cmd for 00001001:00000044
04-17 13:44:59.222545   970  1071 I QMI_FW  : QCCI: Received NEW_SERVER cmd for 00001000:00000007
04-17 13:44:59.222564   970  1071 I QMI_FW  : QCCI: Received NEW_SERVER cmd for 00001001:00000082
04-17 13:44:59.222584   970  1071 I QMI_FW  : QCCI: Received NEW_SERVER cmd for 00001000:0000000a
04-17 13:44:59.222604   970  1071 I QMI_FW  : QCCI: Received NEW_SERVER cmd for 00001001:00000142
04-17 13:44:59.222624   970  1071 I QMI_FW  : QCCI: Received NEW_SERVER cmd for 0000000e:00000001
04-17 13:44:59.222646   970  1071 I QMI_FW  : QCCI: Received NEW_SERVER cmd for 0000041d:00000001
04-17 13:44:59.222671   970  1071 I QMI_FW  : QCCI: Received NEW_SERVER cmd for 00001001:00000102
04-17 13:44:59.222692   970  1071 I QMI_FW  : QCCI: Received NEW_SERVER cmd for 00001001:00000080
04-17 13:44:59.222714   970  1071 I QMI_FW  : QCCI: Received NEW_SERVER cmd for 00001000:00000003
04-17 13:44:59.222768   970  1071 I QMI_FW  : QCCI: Received NEW_SERVER cmd for 00001001:00000182
04-17 13:44:59.222789   970  1071 I QMI_FW  : QCCI: Received NEW_SERVER cmd for 00001001:00000100
04-17 13:44:59.222822   970  1071 I QMI_FW  : QCCI: Received NEW_SERVER cmd for 00001000:00000006
04-17 13:44:59.222842   970  1071 I QMI_FW  : QCCI: Received NEW_SERVER cmd for 00001001:00000002
04-17 13:44:59.222905   970  1071 I QMI_FW  : QCCI: Received NEW_SERVER cmd for 00001000:00000009
04-17 13:44:59.222926   970  1071 I QMI_FW  : QCCI: Received NEW_SERVER cmd for 00001001:00000084
04-17 13:44:59.222946   970  1071 I QMI_FW  : QCCI: Received NEW_SERVER cmd for 00000034:00000101
04-17 13:44:59.222966   970  1071 I QMI_FW  : QCCI: Received NEW_SERVER cmd for 00001000:0000000c
04-17 13:44:59.223010   970  1071 I QMI_FW  : QCCI: Received NEW_SERVER cmd for 00001001:00000104
04-17 13:44:59.223032   970  1071 I QMI_FW  : QCCI: Received NEW_SERVER cmd for 00001000:00000002
04-17 13:44:59.223053   970  1071 I QMI_FW  : QCCI: Received NEW_SERVER cmd for 00000031:00000101
04-17 13:44:59.223075   970  1071 I QMI_FW  : QCCI: Received NEW_SERVER cmd for 00001001:00000144
04-17 13:44:59.223096   970  1071 I QMI_FW  : QCCI: Received NEW_SERVER cmd for 00001001:00000004
04-17 13:44:59.223115   970  1071 I QMI_FW  : QCCI: Received NEW_SERVER cmd for 00001000:00000005
04-17 13:44:59.223143   970  1071 I QMI_FW  : QCCI: Received NEW_SERVER cmd for 00001001:000000c0
04-17 13:44:59.223195   970  1071 I QMI_FW  : QCCI: Received NEW_SERVER cmd for 00001001:00000042
--------- switch to main
04-17 13:44:59.223213   970  1067 D ASH     : Connected to ASH debug service in 0.010 sec
--------- switch to system
04-17 13:44:59.223220   970  1071 I QMI_FW  : QCCI: Received NEW_SERVER cmd for 00001000:00000008
04-17 13:44:59.223247   970  1071 I QMI_FW  : QCCI: Received NEW_SERVER cmd for 00000040:00000101
04-17 13:44:59.223267   970  1071 I QMI_FW  : QCCI: Received NEW_SERVER cmd for 00001001:000000c2
04-17 13:44:59.223287   970  1071 I QMI_FW  : QCCI: Received NEW_SERVER cmd for 00001001:00000000
04-17 13:44:59.223307   970  1071 I QMI_FW  : QCCI: Received NEW_SERVER cmd for 00001000:0000000b
04-17 13:44:59.223385   970  1071 I QMI_FW  : QCCI: Received NEW_SERVER cmd for 00000042:00004c01
04-17 13:44:59.223408   970  1071 I QMI_FW  : QCCI: Received NEW_SERVER cmd for 00000033:00000d01
04-17 13:44:59.223428   970  1071 I QMI_FW  : QCCI: Received NEW_SERVER cmd for 0000002b:00001702
04-17 13:44:59.223446   970  1071 I QMI_FW  : QCCI: Received NEW_SERVER cmd for 00001001:00000101
04-17 13:44:59.223465   970  1071 I QMI_FW  : QCCI: Received NEW_SERVER cmd for 0000000f:00004001
04-17 13:44:59.223486   970  1071 I QMI_FW  : QCCI: Received NEW_SERVER cmd for 00000018:00004301
04-17 13:44:59.223532   970  1071 I QMI_FW  : QCCI: Received NEW_SERVER cmd for 00000000:00000000
--------- switch to main
04-17 13:44:59.223716   970  1072 D ASH     : @  17.434: GBA: generic_bus_access sensor intialized
04-17 13:44:59.223736   970  1072 I ASH     : @  17.445: stat: stat_collector online, uimg_buffer_size = 1024B, ring_count = 64
04-17 13:44:59.223750   970  1072 W ASH     : @  17.445: Unable to find request 0 (client fd 4166)
04-17 13:44:59.223763   970  1072 E ASH     : @  17.446: Failed to get ASH debug qmi client handle
04-17 13:44:59.223777   970  1072 V ASH     : @  18.037: Client connected
04-17 13:44:59.223799   970  1072 V ASH     : @  18.037: Configuring AP wake: 0
04-17 13:44:59.226995   970  1072 I ASH     : @  18.040: ASH_CAL_PUSH_SAVED_PARAMS_REQ_V01: initialized 1 pushed 0
04-17 13:44:59.227043   970  1072 I ASH     : @  18.040: ASH_CAL_PUSH_SAVED_PARAMS_REQ_V01: 0 1 1
04-17 13:44:59.228371   964   964 E android.hardware.neuralnetworks@1.3-service: cannot load function CreateAccelerator for unnhal-acc-adreno.so
--------- switch to kernel
04-17 13:44:59.239428     0     0 I         : c3      1 init: Service 'exec 17 (/vendor/bin/modprobe -a -d /vendor/lib/modules rmnet_ctl)' (pid 1046) exited with status 1 waiting took 0.078000 seconds
04-17 13:44:59.239470     0     0 I         : c3      1 init: Sending signal 9 to service 'exec 17 (/vendor/bin/modprobe -a -d /vendor/lib/modules rmnet_ctl)' (pid 1046) process group...
04-17 13:44:59.239640     0     0 I         : c3      1 libprocessgroup: Successfully killed process cgroup uid 0 pid 1046 in 0ms
04-17 13:44:59.240258     0     0 I         : c7      1 init: starting service 'exec 18 (/vendor/bin/modprobe -a -d /vendor/lib/modules rmnet_core)'...
04-17 13:44:59.241466     0     0 I         : c7      1 init: SVC_EXEC service 'exec 18 (/vendor/bin/modprobe -a -d /vendor/lib/modules rmnet_core)' pid 1079 (uid 0 gid 0+0 context u:r:vendor_modprobe:s0) started; waiting...
04-17 13:44:59.249085     0     0 I         : c7      1 init: Service 'exec 18 (/vendor/bin/modprobe -a -d /vendor/lib/modules rmnet_core)' (pid 1079) exited with status 1 waiting took 0.008000 seconds
04-17 13:44:59.249103     0     0 I         : c7      1 init: Sending signal 9 to service 'exec 18 (/vendor/bin/modprobe -a -d /vendor/lib/modules rmnet_core)' (pid 1079) process group...
04-17 13:44:59.249181     0     0 I         : c7      1 libprocessgroup: Successfully killed process cgroup uid 0 pid 1079 in 0ms
04-17 13:44:59.249436     0     0 I         : c7      1 init: starting service 'exec 19 (/vendor/bin/modprobe -a -d /vendor/lib/modules/5.4-gki rmnet_ctl)'...
04-17 13:44:59.250506     0     0 I         : c7      1 init: SVC_EXEC service 'exec 19 (/vendor/bin/modprobe -a -d /vendor/lib/modules/5.4-gki rmnet_ctl)' pid 1082 (uid 0 gid 0+0 context u:r:vendor_modprobe:s0) started; waiting...
--------- switch to main
04-17 13:44:59.251514   964   964 I HidlServiceManagement: Registered android.hardware.neuralnetworks@1.3::IDevice/qti-default
04-17 13:44:59.251636   964   964 I HidlServiceManagement: Removing namespace from process name android.hardware.neuralnetworks@1.3-service-qti to neuralnetworks@1.3-service-qti.
04-17 13:44:59.252176   964   964 I HidlServiceManagement: Registered android.hardware.neuralnetworks@1.3::IDevice/qti-gpu
04-17 13:44:59.252223   964   964 I HidlServiceManagement: Removing namespace from process name android.hardware.neuralnetworks@1.3-service-qti to neuralnetworks@1.3-service-qti.
04-17 13:44:59.252752   964   964 I HidlServiceManagement: Registered android.hardware.neuralnetworks@1.3::IDevice/qti-dsp
04-17 13:44:59.252793   964   964 I HidlServiceManagement: Removing namespace from process name android.hardware.neuralnetworks@1.3-service-qti to neuralnetworks@1.3-service-qti.
04-17 13:44:59.254804  1008  1008 D vendor.qti.media.c2@1.0-service: media HW codec (64-bit) service starting...
04-17 13:44:59.255965  1008  1008 W vendor.qti.media.c2@1.0-service: libminijail[1008]: failed to get path of fd 5: No such file or directory
04-17 13:44:59.256050  1008  1008 W vendor.qti.media.c2@1.0-service: libminijail[1008]: allowing syscall: connect
04-17 13:44:59.256115  1008  1008 W vendor.qti.media.c2@1.0-service: libminijail[1008]: allowing syscall: fcntl
04-17 13:44:59.256161  1008  1008 W vendor.qti.media.c2@1.0-service: libminijail[1008]: allowing syscall: sendto
04-17 13:44:59.256203  1008  1008 W vendor.qti.media.c2@1.0-service: libminijail[1008]: allowing syscall: socket
04-17 13:44:59.256247  1008  1008 W vendor.qti.media.c2@1.0-service: libminijail[1008]: allowing syscall: writev
04-17 13:44:59.256697  1008  1008 W vendor.qti.media.c2@1.0-service: libminijail[1008]: compile_file: <fd>(78): syscall munmap redefined here
04-17 13:44:59.256739  1008  1008 W vendor.qti.media.c2@1.0-service: libminijail[1008]: compile_file: <fd>(42): previous definition here
04-17 13:44:59.256821  1008  1008 W vendor.qti.media.c2@1.0-service: libminijail[1008]: compile_file: <fd>(94): nonexistent syscall '_llseek'
04-17 13:44:59.256880  1008  1008 W vendor.qti.media.c2@1.0-service: libminijail[1008]: compile_file: <fd>(97): syscall getdents64 redefined here
04-17 13:44:59.256936  1008  1008 W vendor.qti.media.c2@1.0-service: libminijail[1008]: compile_file: <fd>(55): previous definition here
04-17 13:44:59.257074  1008  1008 W vendor.qti.media.c2@1.0-service: libminijail[1008]: logging seccomp filter failures
04-17 13:44:59.257779  1008  1008 D ProcessState: Binder ioctl to enable oneway spam detection failed: Invalid argument
04-17 13:44:59.258368  1008  1008 D hw-ProcessState: Binder ioctl to enable oneway spam detection failed: Invalid argument
04-17 13:44:59.261159  1008  1008 I vendor.qti.media.c2@1.0-service: missing struct descriptor #Param::CoreIndex(--4004) for field values of struct #Param::CoreIndex(F-14005)
04-17 13:44:59.261199  1008  1008 I QC2CompStore: initializing store (qti.c2.store) ...
--------- switch to kernel
04-17 13:44:59.257745     0     0 I         : c1   1008 binder: 1008:1008 ioctl 40046210 7fed3a5914 returned -22
04-17 13:44:59.258354     0     0 I         : c1   1008 binder: 1008:1008 ioctl 40046210 7fed3a58f4 returned -22
--------- switch to main
04-17 13:44:59.262038  1008  1008 I C2TARGETSPEC: Parse the JSON System Specification file: /vendor/etc/video_system_specs.json
04-17 13:44:59.262082  1008  1008 I C2TARGETSPEC: Video Core Features:
04-17 13:44:59.262089  1008  1008 I C2TARGETSPEC: Video Core Presets:
04-17 13:44:59.262096  1008  1008 I C2TARGETSPEC:        enc_default_bframe_count            : 1
04-17 13:44:59.262102  1008  1008 I C2TARGETSPEC:        enc_max_mbs_per_sec                 : 1958400
04-17 13:44:59.262108  1008  1008 I C2TARGETSPEC: HW Codec entries:
04-17 13:44:59.262117  1008  1008 E QC2CompStore: Query Component names
04-17 13:44:59.265217  1018  1018 I FastMixerState: sMaxFastTracks = 8
--------- switch to kernel
04-17 13:44:59.269696     0     0 I         : c7   1018 binder: 1018:1018 ioctl 40046210 7fd9ef2bf4 returned -22
04-17 13:44:59.269767     0     0 I         : c7   1018 binder: 1018:1018 ioctl 40046210 7fd9ef2c14 returned -22
--------- switch to main
04-17 13:44:59.269468  1018  1018 V MediaUtils: physMem: 7822987264
04-17 13:44:59.269507  1018  1018 V MediaUtils: requested limit: 536870912
04-17 13:44:59.269567  1018  1018 I libc    : malloc_limit: Allocation limit enabled, max size 536870912 bytes
04-17 13:44:59.269701  1018  1018 D hw-ProcessState: Binder ioctl to enable oneway spam detection failed: Invalid argument
04-17 13:44:59.269764  1018  1018 D ProcessState: Binder ioctl to enable oneway spam detection failed: Invalid argument
04-17 13:44:59.269947  1018  1018 I audioserver: ServiceManager: 0xb40000769b3e8ac0
04-17 13:44:59.271445  1018  1018 W BatteryNotifier: batterystats service unavailable!
04-17 13:44:59.272631  1008  1008 I QC2V4l2CodecPlugin: getSupportedCodecs
04-17 13:44:59.272675  1008  1008 W C2TARGETSPEC: List of Supported Codecs is Empty. All codecs will be enabled..
04-17 13:44:59.272698  1008  1008 I QC2Registry: Plugin qc2_v4l2 (v-0) has 16 codecs
04-17 13:44:59.272707  1008  1008 I QC2Registry: 			Added Factory[0xb4000076f44ddda0] for c2.qti.avc.decoder
04-17 13:44:59.272731  1008  1008 I QC2Registry: 		Added codec c2.qti.avc.decoder
04-17 13:44:59.272743  1008  1008 I QC2Registry: 			Added Factory[0xb4000076f44ddb70] for c2.qti.avc.decoder.low_latency
04-17 13:44:59.272749  1008  1008 I QC2Registry: 		Added codec c2.qti.avc.decoder.low_latency
04-17 13:44:59.272757  1008  1008 I QC2Registry: 			Added Factory[0xb4000076f44de270] for c2.qti.avc.decoder.secure
04-17 13:44:59.272763  1008  1008 I QC2Registry: 		Added codec c2.qti.avc.decoder.secure
04-17 13:44:59.272770  1008  1008 I QC2Registry: 			Added Factory[0xb4000076f44dd630] for c2.qti.hevc.decoder
04-17 13:44:59.272776  1008  1008 I QC2Registry: 		Added codec c2.qti.hevc.decoder
04-17 13:44:59.272783  1008  1008 I QC2Registry: 			Added Factory[0xb4000076f44dd9b0] for c2.qti.hevc.decoder.low_latency
04-17 13:44:59.272788  1008  1008 I QC2Registry: 		Added codec c2.qti.hevc.decoder.low_latency
04-17 13:44:59.272795  1008  1008 I QC2Registry: 			Added Factory[0xb4000076f44dde10] for c2.qti.hevc.decoder.secure
04-17 13:44:59.272802  1008  1008 I QC2Registry: 		Added codec c2.qti.hevc.decoder.secure
04-17 13:44:59.272808  1008  1008 I QC2Registry: 			Added Factory[0xb4000076f44dd160] for c2.qti.vp8.decoder
04-17 13:44:59.272813  1008  1008 I QC2Registry: 		Added codec c2.qti.vp8.decoder
04-17 13:44:59.272819  1008  1008 I QC2Registry: 			Added Factory[0xb4000076f44de040] for c2.qti.vp9.decoder
04-17 13:44:59.272826  1008  1008 I QC2Registry: 		Added codec c2.qti.vp9.decoder
04-17 13:44:59.272833  1008  1008 I QC2Registry: 			Added Factory[0xb4000076f44dd080] for c2.qti.vp9.decoder.secure
04-17 13:44:59.272839  1008  1008 I QC2Registry: 		Added codec c2.qti.vp9.decoder.secure
04-17 13:44:59.272846  1008  1008 I QC2Registry: 			Added Factory[0xb4000076f44de120] for c2.qti.mpeg2.decoder
04-17 13:44:59.272853  1008  1008 I QC2Registry: 		Added codec c2.qti.mpeg2.decoder
04-17 13:44:59.272860  1008  1008 I QC2Registry: 			Added Factory[0xb4000076f44dd550] for c2.qti.mpeg2.decoder.secure
04-17 13:44:59.272867  1008  1008 I QC2Registry: 		Added codec c2.qti.mpeg2.decoder.secure
04-17 13:44:59.272873  1008  1008 I QC2Registry: 			Added Factory[0xb4000076f44dd240] for c2.qti.avc.encoder
04-17 13:44:59.272881  1008  1008 I QC2Registry: 		Added codec c2.qti.avc.encoder
04-17 13:44:59.272888  1008  1008 I QC2Registry: 			Added Factory[0xb4000076f44ddbe0] for c2.qti.hevc.encoder
04-17 13:44:59.272894  1008  1008 I QC2Registry: 		Added codec c2.qti.hevc.encoder
04-17 13:44:59.272900  1008  1008 I QC2Registry: 			Added Factory[0xb4000076f44de4a0] for c2.qti.hevc.encoder.cq
04-17 13:44:59.272906  1008  1008 I QC2Registry: 		Added codec c2.qti.hevc.encoder.cq
04-17 13:44:59.272912  1008  1008 I QC2Registry: 			Added Factory[0xb4000076f44dd2b0] for c2.qti.heic.encoder
04-17 13:44:59.272918  1008  1008 I QC2Registry: 		Added codec c2.qti.heic.encoder
04-17 13:44:59.272934  1008  1008 I QC2Registry: 			Added Factory[0xb4000076f44ddf60] for c2.qti.vp8.encoder
04-17 13:44:59.272940  1008  1008 I QC2Registry: 		Added codec c2.qti.vp8.encoder
04-17 13:44:59.273193  1008  1008 E QC2Registry: Failed to load codec plugin dll 'libqc2vppfilter.so' : dlopen failed: library "libqc2vppfilter.so" not found
04-17 13:44:59.273219  1008  1008 I QC2Registry: Getting stages for pipelined codec
04-17 13:44:59.273256  1008  1008 I QC2Registry: Pipelining not enabled
04-17 13:44:59.273265  1008  1008 I QC2Registry: Doesn't support pipelining. Create standalone codec
04-17 13:44:59.273272  1008  1008 I QC2Registry: Return standalone codec caps for c2.qti.avc.decoder
--------- switch to kernel
04-17 13:44:59.273329     0     0 I         : c7   1008 msm_vidc:   high: 00000001: ....d: Opening video instance: 0000000000000000, 1
04-17 13:44:59.273459     0     0 I         : c7   1008 msm_vidc_v4l2 aa00000.qcom,vidc0: Linked as a consumer to regulator.53
04-17 13:44:59.273490     0     0 I         : c7   1008 msm_vidc_v4l2 aa00000.qcom,vidc0: Linked as a consumer to regulator.54
04-17 13:44:59.273517     0     0 I         : c7   1008 msm_vidc_v4l2 aa00000.qcom,vidc0: Linked as a consumer to regulator.55
04-17 13:44:59.274324     0     0 I         : c7   1008 subsys-restart: __subsystem_get(): Changing subsys fw_name to venus
04-17 13:44:59.275375     0     0 W         : c6   1008 subsys-pil-tz aae0000.qcom,venus: Falling back to syfs fallback for: venus.mdt
04-17 13:44:59.277261     0     0 I         : c6   1091 ueventd: firmware: loading 'venus.mdt' for '/devices/platform/soc/aae0000.qcom,venus/firmware/venus.mdt'
04-17 13:44:59.278354     0     0 I         : c0      1 init: Service 'exec 19 (/vendor/bin/modprobe -a -d /vendor/lib/modules/5.4-gki rmnet_ctl)' (pid 1082) exited with status 1 waiting took 0.028000 seconds
04-17 13:44:59.278389     0     0 I         : c0      1 init: Sending signal 9 to service 'exec 19 (/vendor/bin/modprobe -a -d /vendor/lib/modules/5.4-gki rmnet_ctl)' (pid 1082) process group...
04-17 13:44:59.278522     0     0 I         : c5   1091 ueventd: loading /devices/platform/soc/aae0000.qcom,venus/firmware/venus.mdt took 1ms
