04-17 11:55:58.796978   984  1089 W ASH     : @ 38088.472: touch gesture: no valid gesture detected
04-17 11:55:58.861513   984  1089 W ASH     : @ 38088.536: touch gesture: no valid gesture detected
04-17 11:55:58.925789   984  1089 W ASH     : @ 38088.601: touch gesture: no valid gesture detected
04-17 11:55:58.990727   984  1089 W ASH     : @ 38088.666: touch gesture: no valid gesture detected
04-17 11:55:59.055423   984  1089 W ASH     : @ 38088.730: touch gesture: no valid gesture detected
04-17 11:55:59.119616   984  1089 W ASH     : @ 38088.795: touch gesture: no valid gesture detected
04-17 11:55:59.184685   984  1089 W ASH     : @ 38088.859: touch gesture: no valid gesture detected
04-17 11:55:59.249060   984  1089 W ASH     : @ 38088.924: touch gesture: no valid gesture detected
04-17 11:55:59.313327   984  1089 W ASH     : @ 38088.989: touch gesture: no valid gesture detected
04-17 11:55:59.378119   984  1089 W ASH     : @ 38089.053: touch gesture: no valid gesture detected
04-17 11:55:59.442496   984  1089 W ASH     : @ 38089.118: touch gesture: no valid gesture detected
04-17 11:55:59.507185   984  1089 W ASH     : @ 38089.182: touch gesture: no valid gesture detected
04-17 11:55:59.571663   984  1089 W ASH     : @ 38089.247: touch gesture: no valid gesture detected
04-17 11:55:59.636369   984  1089 W ASH     : @ 38089.311: touch gesture: no valid gesture detected
04-17 11:55:59.701049   984  1089 W ASH     : @ 38089.376: touch gesture: no valid gesture detected
04-17 11:55:59.765456   984  1089 W ASH     : @ 38089.440: touch gesture: no valid gesture detected
04-17 11:55:59.829962   984  1089 W ASH     : @ 38089.505: touch gesture: no valid gesture detected
04-17 11:55:59.894539   984  1089 W ASH     : @ 38089.570: touch gesture: no valid gesture detected
04-17 11:55:59.959152   984  1089 W ASH     : @ 38089.634: touch gesture: no valid gesture detected
04-17 11:56:00.023701   984  1089 W ASH     : @ 38089.699: touch gesture: no valid gesture detected
--------- switch to kernel
04-17 11:56:00.079137     0     0 I         : c2   5792 google_charger: usbchg=USB typec=C usbv=5039 usbc=1 usbMv=5000 usbMc=450
04-17 11:56:00.079324     0     0 I         : c2   5792 sm7250_bms: MSC_PCS chg_state=1c2112f01030001 [0x1:1:3:4399:450] chg=u
04-17 11:56:00.079388     0     0 I         : c2   5792 google_battery: MSC_DIN chg_state=1c2112f01030001 f=0x1 chg_s=Not Charging chg_t=None vchg=4399 icl=450
04-17 11:56:00.081024     0     0 I         : c2   5792 google_battery: MSC_DSG vbatt_idx:4->4 vbatt=4399964 ibatt=-4577 fv_uv=4430000 cv_cnt=0 ov_cnt=0
04-17 11:56:00.081087     0     0 I         : c2   5792 google_battery: MSC_VOTE msc_state=2 cv_cnt=0 ov_cnt=0 temp_idx:2, vbatt_idx:4  fv_uv=4430000 cc_max=0 update_interval=-1
04-17 11:56:00.081173     0     0 I         : c2   5792 google_charger: MSC_CHG fv_uv=4430000, cc_max=0, rerun in 2000 ms (0)
--------- switch to main
04-17 11:56:00.087003   984  1089 W ASH     : @ 38089.763: touch gesture: no valid gesture detected
04-17 11:56:00.152823   984  1089 W ASH     : @ 38089.828: touch gesture: no valid gesture detected
04-17 11:56:00.217520   984  1089 W ASH     : @ 38089.892: touch gesture: no valid gesture detected
04-17 11:56:00.282270   984  1089 W ASH     : @ 38089.957: touch gesture: no valid gesture detected
04-17 11:56:00.347011   984  1089 W ASH     : @ 38090.021: touch gesture: no valid gesture detected
04-17 11:56:00.411006   984  1089 W ASH     : @ 38090.086: touch gesture: no valid gesture detected
04-17 11:56:00.475614   984  1089 W ASH     : @ 38090.151: touch gesture: no valid gesture detected
04-17 11:56:00.540313   984  1089 W ASH     : @ 38090.215: touch gesture: no valid gesture detected
04-17 11:56:00.604690   984  1089 W ASH     : @ 38090.280: touch gesture: no valid gesture detected
04-17 11:56:00.669664   984  1089 W ASH     : @ 38090.344: touch gesture: no valid gesture detected
04-17 11:56:00.733827   984  1089 W ASH     : @ 38090.409: touch gesture: no valid gesture detected
04-17 11:56:00.798912   984  1089 W ASH     : @ 38090.473: touch gesture: no valid gesture detected
04-17 11:56:00.862724   984  1089 W ASH     : @ 38090.538: touch gesture: no valid gesture detected
04-17 11:56:00.927804   984  1089 W ASH     : @ 38090.603: touch gesture: no valid gesture detected
04-17 11:56:00.992530   984  1089 W ASH     : @ 38090.667: touch gesture: no valid gesture detected
04-17 11:56:01.056399   984  1089 W ASH     : @ 38090.732: touch gesture: no valid gesture detected
04-17 11:56:01.121551   984  1089 W ASH     : @ 38090.796: touch gesture: no valid gesture detected
04-17 11:56:01.185907   984  1089 W ASH     : @ 38090.861: touch gesture: no valid gesture detected
04-17 11:56:01.250491   984  1089 W ASH     : @ 38090.925: touch gesture: no valid gesture detected
04-17 11:56:01.314902   984  1089 W ASH     : @ 38090.990: touch gesture: no valid gesture detected
04-17 11:56:01.379824   984  1089 W ASH     : @ 38091.055: touch gesture: no valid gesture detected
04-17 11:56:01.444241   984  1089 W ASH     : @ 38091.119: touch gesture: no valid gesture detected
04-17 11:56:01.508194   984  1089 W ASH     : @ 38091.184: touch gesture: no valid gesture detected
04-17 11:56:01.573775   984  1089 W ASH     : @ 38091.249: touch gesture: no valid gesture detected
04-17 11:56:01.637892   984  1089 W ASH     : @ 38091.313: touch gesture: no valid gesture detected
04-17 11:56:01.702747   984  1089 W ASH     : @ 38091.378: touch gesture: no valid gesture detected
04-17 11:56:01.767357   984  1089 W ASH     : @ 38091.442: touch gesture: no valid gesture detected
04-17 11:56:01.801869   990  1023 D rlsservice: MonitorDisplayStatus client num 0, display status 0, sensor status 0
04-17 11:56:01.831822   984  1089 W ASH     : @ 38091.507: touch gesture: no valid gesture detected
04-17 11:56:01.896682   984  1089 W ASH     : @ 38091.572: touch gesture: no valid gesture detected
04-17 11:56:01.961354   984  1089 W ASH     : @ 38091.636: touch gesture: no valid gesture detected
04-17 11:56:02.025813   984  1089 W ASH     : @ 38091.701: touch gesture: no valid gesture detected
04-17 11:56:02.088886   984  1089 W ASH     : @ 38091.765: touch gesture: no valid gesture detected
--------- switch to kernel
04-17 11:56:02.087014     0     0 I         : c2   5792 google_charger: usbchg=USB typec=C usbv=5028 usbc=6 usbMv=5000 usbMc=450
04-17 11:56:02.087188     0     0 I         : c2   5792 sm7250_bms: MSC_PCS chg_state=1c2112f01030001 [0x1:1:3:4399:450] chg=u
04-17 11:56:02.087246     0     0 I         : c2   5792 google_battery: MSC_DIN chg_state=1c2112f01030001 f=0x1 chg_s=Not Charging chg_t=None vchg=4399 icl=450
04-17 11:56:02.088653     0     0 I         : c2   5792 google_battery: MSC_DSG vbatt_idx:4->4 vbatt=4399964 ibatt=-4577 fv_uv=4430000 cv_cnt=0 ov_cnt=0
04-17 11:56:02.088709     0     0 I         : c2   5792 google_battery: MSC_VOTE msc_state=2 cv_cnt=0 ov_cnt=0 temp_idx:2, vbatt_idx:4  fv_uv=4430000 cc_max=0 update_interval=-1
04-17 11:56:02.088803     0     0 I         : c2   5792 google_charger: MSC_CHG fv_uv=4430000, cc_max=0, rerun in 2000 ms (0)
--------- switch to main
04-17 11:56:02.154932   984  1089 W ASH     : @ 38091.830: touch gesture: no valid gesture detected
04-17 11:56:02.219658   984  1089 W ASH     : @ 38091.895: touch gesture: no valid gesture detected
04-17 11:56:02.284374   984  1089 W ASH     : @ 38091.959: touch gesture: no valid gesture detected
04-17 11:56:02.348617   984  1089 W ASH     : @ 38092.024: touch gesture: no valid gesture detected
04-17 11:56:02.413131   984  1089 W ASH     : @ 38092.088: touch gesture: no valid gesture detected
04-17 11:56:02.477896   984  1089 W ASH     : @ 38092.153: touch gesture: no valid gesture detected
04-17 11:56:02.542372   984  1089 W ASH     : @ 38092.217: touch gesture: no valid gesture detected
04-17 11:56:02.607362   984  1089 W ASH     : @ 38092.282: touch gesture: no valid gesture detected
04-17 11:56:02.671693   984  1089 W ASH     : @ 38092.346: touch gesture: no valid gesture detected
04-17 11:56:02.736404   984  1089 W ASH     : @ 38092.411: touch gesture: no valid gesture detected
04-17 11:56:02.800583   984  1089 W ASH     : @ 38092.476: touch gesture: no valid gesture detected
04-17 11:56:02.865136   984  1089 W ASH     : @ 38092.540: touch gesture: no valid gesture detected
04-17 11:56:02.930022   984  1089 W ASH     : @ 38092.605: touch gesture: no valid gesture detected
04-17 11:56:02.994433   984  1089 W ASH     : @ 38092.669: touch gesture: no valid gesture detected
04-17 11:56:03.059262   984  1089 W ASH     : @ 38092.734: touch gesture: no valid gesture detected
04-17 11:56:03.123737   984  1089 W ASH     : @ 38092.799: touch gesture: no valid gesture detected
04-17 11:56:03.188318   984  1089 W ASH     : @ 38092.863: touch gesture: no valid gesture detected
04-17 11:56:03.252909   984  1089 W ASH     : @ 38092.928: touch gesture: no valid gesture detected
04-17 11:56:03.317313   984  1089 W ASH     : @ 38092.992: touch gesture: no valid gesture detected
04-17 11:56:03.382212   984  1089 W ASH     : @ 38093.057: touch gesture: no valid gesture detected
04-17 11:56:03.446291   984  1089 W ASH     : @ 38093.121: touch gesture: no valid gesture detected
04-17 11:56:03.511019   984  1089 W ASH     : @ 38093.186: touch gesture: no valid gesture detected
04-17 11:56:03.575855   984  1089 W ASH     : @ 38093.251: touch gesture: no valid gesture detected
04-17 11:56:03.639964   984  1089 W ASH     : @ 38093.315: touch gesture: no valid gesture detected
04-17 11:56:03.704690   984  1089 W ASH     : @ 38093.380: touch gesture: no valid gesture detected
04-17 11:56:03.769427   984  1089 W ASH     : @ 38093.444: touch gesture: no valid gesture detected
04-17 11:56:03.834068   984  1089 W ASH     : @ 38093.509: touch gesture: no valid gesture detected
04-17 11:56:03.898207   984  1089 W ASH     : @ 38093.573: touch gesture: no valid gesture detected
04-17 11:56:03.962797   984  1089 W ASH     : @ 38093.638: touch gesture: no valid gesture detected
04-17 11:56:04.027596   984  1089 W ASH     : @ 38093.703: touch gesture: no valid gesture detected
04-17 11:56:04.092107   984  1089 W ASH     : @ 38093.767: touch gesture: no valid gesture detected
--------- switch to kernel
04-17 11:56:04.093850     0     0 I         : c2   5792 google_charger: usbchg=USB typec=C usbv=5040 usbc=1 usbMv=5000 usbMc=450
04-17 11:56:04.094031     0     0 I         : c2   5792 sm7250_bms: MSC_PCS chg_state=1c2112f01030001 [0x1:1:3:4399:450] chg=u
04-17 11:56:04.094089     0     0 I         : c2   5792 google_battery: MSC_DIN chg_state=1c2112f01030001 f=0x1 chg_s=Not Charging chg_t=None vchg=4399 icl=450
04-17 11:56:04.095275     0     0 I         : c2   5792 google_battery: MSC_DSG vbatt_idx:4->4 vbatt=4399964 ibatt=-4577 fv_uv=4430000 cv_cnt=0 ov_cnt=0
04-17 11:56:04.095334     0     0 I         : c2   5792 google_battery: MSC_VOTE msc_state=2 cv_cnt=0 ov_cnt=0 temp_idx:2, vbatt_idx:4  fv_uv=4430000 cc_max=0 update_interval=-1
04-17 11:56:04.095415     0     0 I         : c2   5792 google_charger: MSC_CHG fv_uv=4430000, cc_max=0, rerun in 2000 ms (0)
--------- switch to main
04-17 11:56:04.157298   984  1089 W ASH     : @ 38093.832: touch gesture: no valid gesture detected
04-17 11:56:04.221535   984  1089 W ASH     : @ 38093.896: touch gesture: no valid gesture detected
04-17 11:56:04.286219   984  1089 W ASH     : @ 38093.961: touch gesture: no valid gesture detected
04-17 11:56:04.350323   984  1089 W ASH     : @ 38094.025: touch gesture: no valid gesture detected
04-17 11:56:04.414659   984  1089 W ASH     : @ 38094.090: touch gesture: no valid gesture detected
04-17 11:56:04.479544   984  1089 W ASH     : @ 38094.154: touch gesture: no valid gesture detected
04-17 11:56:04.544309   984  1089 W ASH     : @ 38094.219: touch gesture: no valid gesture detected
04-17 11:56:04.608043   984  1089 W ASH     : @ 38094.283: touch gesture: no valid gesture detected
04-17 11:56:04.673540   984  1089 W ASH     : @ 38094.348: touch gesture: no valid gesture detected
04-17 11:56:04.737988   984  1089 W ASH     : @ 38094.413: touch gesture: no valid gesture detected
04-17 11:56:04.802506   984  1089 W ASH     : @ 38094.478: touch gesture: no valid gesture detected
04-17 11:56:04.867086   984  1089 W ASH     : @ 38094.542: touch gesture: no valid gesture detected
04-17 11:56:04.931396   984  1089 W ASH     : @ 38094.607: touch gesture: no valid gesture detected
04-17 11:56:04.995959   984  1089 W ASH     : @ 38094.671: touch gesture: no valid gesture detected
04-17 11:56:05.060616   984  1089 W ASH     : @ 38094.736: touch gesture: no valid gesture detected
04-17 11:56:05.125069   984  1089 W ASH     : @ 38094.800: touch gesture: no valid gesture detected
04-17 11:56:05.189626   984  1089 W ASH     : @ 38094.865: touch gesture: no valid gesture detected
04-17 11:56:05.254340   984  1089 W ASH     : @ 38094.929: touch gesture: no valid gesture detected
04-17 11:56:05.319131   984  1089 W ASH     : @ 38094.994: touch gesture: no valid gesture detected
04-17 11:56:05.383502   984  1089 W ASH     : @ 38095.059: touch gesture: no valid gesture detected
04-17 11:56:05.448116   984  1089 W ASH     : @ 38095.123: touch gesture: no valid gesture detected
04-17 11:56:05.513355   984  1089 W ASH     : @ 38095.188: touch gesture: no valid gesture detected
04-17 11:56:05.576045   984  1089 W ASH     : @ 38095.252: touch gesture: no valid gesture detected
04-17 11:56:05.642167   984  1089 W ASH     : @ 38095.317: touch gesture: no valid gesture detected
04-17 11:56:05.706707   984  1089 W ASH     : @ 38095.381: touch gesture: no valid gesture detected
04-17 11:56:05.771568   984  1089 W ASH     : @ 38095.446: touch gesture: no valid gesture detected
04-17 11:56:05.835738   984  1089 W ASH     : @ 38095.511: touch gesture: no valid gesture detected
04-17 11:56:05.900001   984  1089 W ASH     : @ 38095.575: touch gesture: no valid gesture detected
04-17 11:56:05.964679   984  1089 W ASH     : @ 38095.640: touch gesture: no valid gesture detected
04-17 11:56:06.029084   984  1089 W ASH     : @ 38095.704: touch gesture: no valid gesture detected
04-17 11:56:06.093897   984  1089 W ASH     : @ 38095.769: touch gesture: no valid gesture detected
--------- switch to kernel
04-17 11:56:06.100293     0     0 I         : c2   5792 google_charger: usbchg=USB typec=C usbv=5051 usbc=0 usbMv=5000 usbMc=450
04-17 11:56:06.100477     0     0 I         : c2   5792 sm7250_bms: MSC_PCS chg_state=1c2112f01030001 [0x1:1:3:4399:450] chg=u
04-17 11:56:06.100537     0     0 I         : c2   5792 google_battery: MSC_DIN chg_state=1c2112f01030001 f=0x1 chg_s=Not Charging chg_t=None vchg=4399 icl=450
04-17 11:56:06.101836     0     0 I         : c2   5792 google_battery: MSC_DSG vbatt_idx:4->4 vbatt=4399964 ibatt=-4577 fv_uv=4430000 cv_cnt=0 ov_cnt=0
04-17 11:56:06.101898     0     0 I         : c2   5792 google_battery: MSC_VOTE msc_state=2 cv_cnt=0 ov_cnt=0 temp_idx:2, vbatt_idx:4  fv_uv=4430000 cc_max=0 update_interval=-1
04-17 11:56:06.101976     0     0 I         : c2   5792 google_charger: MSC_CHG fv_uv=4430000, cc_max=0, rerun in 2000 ms (0)
--------- switch to main
04-17 11:56:06.158478   984  1089 W ASH     : @ 38095.834: touch gesture: no valid gesture detected
04-17 11:56:06.223348   984  1089 W ASH     : @ 38095.898: touch gesture: no valid gesture detected
04-17 11:56:06.287429   984  1089 W ASH     : @ 38095.963: touch gesture: no valid gesture detected
04-17 11:56:06.352415   984  1089 W ASH     : @ 38096.027: touch gesture: no valid gesture detected
04-17 11:56:06.416749   984  1089 W ASH     : @ 38096.092: touch gesture: no valid gesture detected
04-17 11:56:06.481643   984  1089 W ASH     : @ 38096.157: touch gesture: no valid gesture detected
04-17 11:56:06.546273   984  1089 W ASH     : @ 38096.221: touch gesture: no valid gesture detected
04-17 11:56:06.610835   984  1089 W ASH     : @ 38096.286: touch gesture: no valid gesture detected
04-17 11:56:06.675438   984  1089 W ASH     : @ 38096.351: touch gesture: no valid gesture detected
04-17 11:56:06.740349   984  1089 W ASH     : @ 38096.415: touch gesture: no valid gesture detected
04-17 11:56:06.804747   984  1089 W ASH     : @ 38096.480: touch gesture: no valid gesture detected
04-17 11:56:06.869428   984  1089 W ASH     : @ 38096.544: touch gesture: no valid gesture detected
04-17 11:56:06.934144   984  1089 W ASH     : @ 38096.609: touch gesture: no valid gesture detected
04-17 11:56:06.998431   984  1089 W ASH     : @ 38096.674: touch gesture: no valid gesture detected
04-17 11:56:07.063005   984  1089 W ASH     : @ 38096.738: touch gesture: no valid gesture detected
04-17 11:56:07.126684   984  1089 W ASH     : @ 38096.803: touch gesture: no valid gesture detected
04-17 11:56:07.192493   984  1089 W ASH     : @ 38096.868: touch gesture: no valid gesture detected
04-17 11:56:07.257256   984  1089 W ASH     : @ 38096.932: touch gesture: no valid gesture detected
04-17 11:56:07.322314   984  1089 W ASH     : @ 38096.997: touch gesture: no valid gesture detected
04-17 11:56:07.386575   984  1089 W ASH     : @ 38097.061: touch gesture: no valid gesture detected
04-17 11:56:07.451167   984  1089 W ASH     : @ 38097.126: touch gesture: no valid gesture detected
04-17 11:56:07.515877   984  1089 W ASH     : @ 38097.191: touch gesture: no valid gesture detected
04-17 11:56:07.580608   984  1089 W ASH     : @ 38097.256: touch gesture: no valid gesture detected
04-17 11:56:07.645512   984  1089 W ASH     : @ 38097.320: touch gesture: no valid gesture detected
04-17 11:56:07.709829   984  1089 W ASH     : @ 38097.385: touch gesture: no valid gesture detected
04-17 11:56:07.774490   984  1089 W ASH     : @ 38097.450: touch gesture: no valid gesture detected
04-17 11:56:07.839620   984  1089 W ASH     : @ 38097.514: touch gesture: no valid gesture detected
04-17 11:56:07.904160   984  1089 W ASH     : @ 38097.579: touch gesture: no valid gesture detected
04-17 11:56:07.969319   984  1089 W ASH     : @ 38097.644: touch gesture: no valid gesture detected
04-17 11:56:08.033759   984  1089 W ASH     : @ 38097.709: touch gesture: no valid gesture detected
04-17 11:56:08.098820   984  1089 W ASH     : @ 38097.773: touch gesture: no valid gesture detected
--------- switch to kernel
04-17 11:56:08.106391     0     0 I         : c2   5792 google_charger: usbchg=USB typec=C usbv=5050 usbc=0 usbMv=5000 usbMc=450
04-17 11:56:08.106576     0     0 I         : c2   5792 sm7250_bms: MSC_PCS chg_state=1c2113001040003 [0x3:1:4:4400:450] chg=u
04-17 11:56:08.106637     0     0 I         : c2   5792 google_battery: MSC_DIN chg_state=1c2113001040003 f=0x3 chg_s=Full chg_t=None vchg=4400 icl=450
04-17 11:56:08.107772     0     0 I         : c2   5792 google_battery: MSC_DSG vbatt_idx:4->4 vbatt=4400742 ibatt=-5493 fv_uv=4430000 cv_cnt=0 ov_cnt=0
04-17 11:56:08.107835     0     0 I         : c2   5792 google_battery: MSC_VOTE msc_state=2 cv_cnt=0 ov_cnt=0 temp_idx:2, vbatt_idx:4  fv_uv=4430000 cc_max=0 update_interval=-1
--------- switch to main
04-17 11:56:08.163669   984  1089 W ASH     : @ 38097.838: touch gesture: no valid gesture detected
04-17 11:56:08.228113   984  1089 W ASH     : @ 38097.903: touch gesture: no valid gesture detected
04-17 11:56:08.292309   984  1089 W ASH     : @ 38097.967: touch gesture: no valid gesture detected
04-17 11:56:08.356824   984  1089 W ASH     : @ 38098.032: touch gesture: no valid gesture detected
04-17 11:56:08.422188   984  1089 W ASH     : @ 38098.097: touch gesture: no valid gesture detected
04-17 11:56:08.486556   984  1089 W ASH     : @ 38098.161: touch gesture: no valid gesture detected
04-17 11:56:08.549966   984  1089 W ASH     : @ 38098.226: touch gesture: no valid gesture detected
04-17 11:56:08.615944   984  1089 W ASH     : @ 38098.291: touch gesture: no valid gesture detected
04-17 11:56:08.680484   984  1089 W ASH     : @ 38098.355: touch gesture: no valid gesture detected
04-17 11:56:08.745219   984  1089 W ASH     : @ 38098.420: touch gesture: no valid gesture detected
04-17 11:56:08.809620   984  1089 W ASH     : @ 38098.485: touch gesture: no valid gesture detected
04-17 11:56:08.874309   984  1089 W ASH     : @ 38098.549: touch gesture: no valid gesture detected
04-17 11:56:08.939081   984  1089 W ASH     : @ 38098.614: touch gesture: no valid gesture detected
04-17 11:56:09.003628   984  1089 W ASH     : @ 38098.679: touch gesture: no valid gesture detected
04-17 11:56:09.068357   984  1089 W ASH     : @ 38098.743: touch gesture: no valid gesture detected
04-17 11:56:09.132674   984  1089 W ASH     : @ 38098.808: touch gesture: no valid gesture detected
04-17 11:56:09.197501   984  1089 W ASH     : @ 38098.872: touch gesture: no valid gesture detected
04-17 11:56:09.262217   984  1089 W ASH     : @ 38098.937: touch gesture: no valid gesture detected
04-17 11:56:09.326924   984  1089 W ASH     : @ 38099.002: touch gesture: no valid gesture detected
04-17 11:56:09.391379   984  1089 W ASH     : @ 38099.067: touch gesture: no valid gesture detected
04-17 11:56:09.456086   984  1089 W ASH     : @ 38099.131: touch gesture: no valid gesture detected
04-17 11:56:09.520705   984  1089 W ASH     : @ 38099.196: touch gesture: no valid gesture detected
04-17 11:56:09.585920   984  1089 W ASH     : @ 38099.261: touch gesture: no valid gesture detected
04-17 11:56:09.650007   984  1089 W ASH     : @ 38099.325: touch gesture: no valid gesture detected
04-17 11:56:09.714616   984  1089 W ASH     : @ 38099.389: touch gesture: no valid gesture detected
04-17 11:56:09.779612   984  1089 W ASH     : @ 38099.455: touch gesture: no valid gesture detected
04-17 11:56:09.844198   984  1089 W ASH     : @ 38099.519: touch gesture: no valid gesture detected
04-17 11:56:09.909037   984  1089 W ASH     : @ 38099.584: touch gesture: no valid gesture detected
04-17 11:56:09.973375   984  1089 W ASH     : @ 38099.648: touch gesture: no valid gesture detected
04-17 11:56:10.037874   984  1089 W ASH     : @ 38099.713: touch gesture: no valid gesture detected
04-17 11:56:10.102681   984  1089 W ASH     : @ 38099.778: touch gesture: no valid gesture detected
04-17 11:56:10.167302   984  1089 W ASH     : @ 38099.842: touch gesture: no valid gesture detected
04-17 11:56:10.231555   984  1089 W ASH     : @ 38099.907: touch gesture: no valid gesture detected
04-17 11:56:10.296532   984  1089 W ASH     : @ 38099.972: touch gesture: no valid gesture detected
04-17 11:56:10.361128   984  1089 W ASH     : @ 38100.036: touch gesture: no valid gesture detected
04-17 11:56:10.425707   984  1089 W ASH     : @ 38100.101: touch gesture: no valid gesture detected
04-17 11:56:10.490311   984  1089 W ASH     : @ 38100.165: touch gesture: no valid gesture detected
04-17 11:56:10.555030   984  1089 W ASH     : @ 38100.230: touch gesture: no valid gesture detected
04-17 11:56:10.619541   984  1089 W ASH     : @ 38100.295: touch gesture: no valid gesture detected
04-17 11:56:10.683001   984  1089 W ASH     : @ 38100.359: touch gesture: no valid gesture detected
04-17 11:56:10.748766   984  1089 W ASH     : @ 38100.424: touch gesture: no valid gesture detected
04-17 11:56:10.813349   984  1089 W ASH     : @ 38100.488: touch gesture: no valid gesture detected
04-17 11:56:10.877998   984  1089 W ASH     : @ 38100.553: touch gesture: no valid gesture detected
04-17 11:56:10.942577   984  1089 W ASH     : @ 38100.617: touch gesture: no valid gesture detected
04-17 11:56:11.006911   984  1089 W ASH     : @ 38100.682: touch gesture: no valid gesture detected
04-17 11:56:11.071662   984  1089 W ASH     : @ 38100.747: touch gesture: no valid gesture detected
04-17 11:56:11.136119   984  1089 W ASH     : @ 38100.811: touch gesture: no valid gesture detected
04-17 11:56:11.200979   984  1089 W ASH     : @ 38100.876: touch gesture: no valid gesture detected
04-17 11:56:11.265291   984  1089 W ASH     : @ 38100.941: touch gesture: no valid gesture detected
04-17 11:56:11.330013   984  1089 W ASH     : @ 38101.005: touch gesture: no valid gesture detected
04-17 11:56:11.394969   984  1089 W ASH     : @ 38101.070: touch gesture: no valid gesture detected
04-17 11:56:11.459343   984  1089 W ASH     : @ 38101.134: touch gesture: no valid gesture detected
04-17 11:56:11.523729   984  1089 W ASH     : @ 38101.199: touch gesture: no valid gesture detected
04-17 11:56:11.588570   984  1089 W ASH     : @ 38101.264: touch gesture: no valid gesture detected
04-17 11:56:11.653374   984  1089 W ASH     : @ 38101.328: touch gesture: no valid gesture detected
04-17 11:56:11.717692   984  1089 W ASH     : @ 38101.393: touch gesture: no valid gesture detected
04-17 11:56:11.782466   984  1089 W ASH     : @ 38101.457: touch gesture: no valid gesture detected
04-17 11:56:11.847358   984  1089 W ASH     : @ 38101.522: touch gesture: no valid gesture detected
04-17 11:56:11.911244   984  1089 W ASH     : @ 38101.586: touch gesture: no valid gesture detected
04-17 11:56:11.976211   984  1089 W ASH     : @ 38101.651: touch gesture: no valid gesture detected
04-17 11:56:12.040987   984  1089 W ASH     : @ 38101.716: touch gesture: no valid gesture detected
04-17 11:56:12.105500   984  1089 W ASH     : @ 38101.780: touch gesture: no valid gesture detected
04-17 11:56:12.170077   984  1089 W ASH     : @ 38101.845: touch gesture: no valid gesture detected
04-17 11:56:12.234332   984  1089 W ASH     : @ 38101.910: touch gesture: no valid gesture detected
04-17 11:56:12.299243   984  1089 W ASH     : @ 38101.974: touch gesture: no valid gesture detected
04-17 11:56:12.363662   984  1089 W ASH     : @ 38102.039: touch gesture: no valid gesture detected
04-17 11:56:12.428034   984  1089 W ASH     : @ 38102.103: touch gesture: no valid gesture detected
04-17 11:56:12.492559   984  1089 W ASH     : @ 38102.168: touch gesture: no valid gesture detected
04-17 11:56:12.557481   984  1089 W ASH     : @ 38102.232: touch gesture: no valid gesture detected
04-17 11:56:12.621948   984  1089 W ASH     : @ 38102.297: touch gesture: no valid gesture detected
04-17 11:56:12.686503   984  1089 W ASH     : @ 38102.362: touch gesture: no valid gesture detected
04-17 11:56:12.750890   984  1089 W ASH     : @ 38102.426: touch gesture: no valid gesture detected
04-17 11:56:12.814386   984  1089 W ASH     : @ 38102.491: touch gesture: no valid gesture detected
04-17 11:56:12.880209   984  1089 W ASH     : @ 38102.555: touch gesture: no valid gesture detected
04-17 11:56:12.944806   984  1089 W ASH     : @ 38102.620: touch gesture: no valid gesture detected
04-17 11:56:13.009188   984  1089 W ASH     : @ 38102.684: touch gesture: no valid gesture detected
04-17 11:56:13.073628   984  1089 W ASH     : @ 38102.749: touch gesture: no valid gesture detected
04-17 11:56:13.138603   984  1089 W ASH     : @ 38102.813: touch gesture: no valid gesture detected
04-17 11:56:13.203074   984  1089 W ASH     : @ 38102.878: touch gesture: no valid gesture detected
04-17 11:56:13.267574   984  1089 W ASH     : @ 38102.943: touch gesture: no valid gesture detected
04-17 11:56:13.332324   984  1089 W ASH     : @ 38103.007: touch gesture: no valid gesture detected
04-17 11:56:13.396712   984  1089 W ASH     : @ 38103.072: touch gesture: no valid gesture detected
04-17 11:56:13.461175   984  1089 W ASH     : @ 38103.136: touch gesture: no valid gesture detected
04-17 11:56:13.525953   984  1089 W ASH     : @ 38103.201: touch gesture: no valid gesture detected
04-17 11:56:13.590408   984  1089 W ASH     : @ 38103.265: touch gesture: no valid gesture detected
04-17 11:56:13.655034   984  1089 W ASH     : @ 38103.330: touch gesture: no valid gesture detected
04-17 11:56:13.719328   984  1089 W ASH     : @ 38103.395: touch gesture: no valid gesture detected
04-17 11:56:13.784028   984  1089 W ASH     : @ 38103.459: touch gesture: no valid gesture detected
04-17 11:56:13.848840   984  1089 W ASH     : @ 38103.524: touch gesture: no valid gesture detected
04-17 11:56:13.913394   984  1089 W ASH     : @ 38103.588: touch gesture: no valid gesture detected
04-17 11:56:13.977831   984  1089 W ASH     : @ 38103.653: touch gesture: no valid gesture detected
04-17 11:56:14.042329   984  1089 W ASH     : @ 38103.717: touch gesture: no valid gesture detected
04-17 11:56:14.106997   984  1089 W ASH     : @ 38103.782: touch gesture: no valid gesture detected
04-17 11:56:14.171307   984  1089 W ASH     : @ 38103.847: touch gesture: no valid gesture detected
04-17 11:56:14.236145   984  1089 W ASH     : @ 38103.911: touch gesture: no valid gesture detected
04-17 11:56:14.300656   984  1089 W ASH     : @ 38103.976: touch gesture: no valid gesture detected
04-17 11:56:14.364995   984  1089 W ASH     : @ 38104.040: touch gesture: no valid gesture detected
04-17 11:56:14.429599   984  1089 W ASH     : @ 38104.105: touch gesture: no valid gesture detected
04-17 11:56:14.493963   984  1089 W ASH     : @ 38104.169: touch gesture: no valid gesture detected
04-17 11:56:14.559021   984  1089 W ASH     : @ 38104.234: touch gesture: no valid gesture detected
04-17 11:56:14.623320   984  1089 W ASH     : @ 38104.298: touch gesture: no valid gesture detected
04-17 11:56:14.687978   984  1089 W ASH     : @ 38104.363: touch gesture: no valid gesture detected
04-17 11:56:14.752711   984  1089 W ASH     : @ 38104.428: touch gesture: no valid gesture detected
04-17 11:56:14.817552   984  1089 W ASH     : @ 38104.492: touch gesture: no valid gesture detected
04-17 11:56:14.882181   984  1089 W ASH     : @ 38104.557: touch gesture: no valid gesture detected
04-17 11:56:14.946266   984  1089 W ASH     : @ 38104.622: touch gesture: no valid gesture detected
04-17 11:56:15.010898   984  1089 W ASH     : @ 38104.686: touch gesture: no valid gesture detected
04-17 11:56:15.075979   984  1089 W ASH     : @ 38104.751: touch gesture: no valid gesture detected
04-17 11:56:15.140296   984  1089 W ASH     : @ 38104.815: touch gesture: no valid gesture detected
04-17 11:56:15.205298   984  1089 W ASH     : @ 38104.880: touch gesture: no valid gesture detected
04-17 11:56:15.269557   984  1089 W ASH     : @ 38104.945: touch gesture: no valid gesture detected
04-17 11:56:15.334302   984  1089 W ASH     : @ 38105.009: touch gesture: no valid gesture detected
04-17 11:56:15.398504   984  1089 W ASH     : @ 38105.074: touch gesture: no valid gesture detected
04-17 11:56:15.463232   984  1089 W ASH     : @ 38105.138: touch gesture: no valid gesture detected
04-17 11:56:15.528049   984  1089 W ASH     : @ 38105.203: touch gesture: no valid gesture detected
04-17 11:56:15.590606   984  1089 W ASH     : @ 38105.267: touch gesture: no valid gesture detected
04-17 11:56:15.657097   984  1089 W ASH     : @ 38105.332: touch gesture: no valid gesture detected
04-17 11:56:15.721881   984  1089 W ASH     : @ 38105.397: touch gesture: no valid gesture detected
04-17 11:56:15.786471   984  1089 W ASH     : @ 38105.461: touch gesture: no valid gesture detected
04-17 11:56:15.850949   984  1089 W ASH     : @ 38105.526: touch gesture: no valid gesture detected
04-17 11:56:15.915850   984  1089 W ASH     : @ 38105.591: touch gesture: no valid gesture detected
04-17 11:56:15.980413   984  1089 W ASH     : @ 38105.655: touch gesture: no valid gesture detected
04-17 11:56:16.044959   984  1089 W ASH     : @ 38105.720: touch gesture: no valid gesture detected
04-17 11:56:16.109655   984  1089 W ASH     : @ 38105.784: touch gesture: no valid gesture detected
04-17 11:56:16.173913   984  1089 W ASH     : @ 38105.849: touch gesture: no valid gesture detected
04-17 11:56:16.238307   984  1089 W ASH     : @ 38105.914: touch gesture: no valid gesture detected
04-17 11:56:16.303390   984  1089 W ASH     : @ 38105.978: touch gesture: no valid gesture detected
04-17 11:56:16.368065   984  1089 W ASH     : @ 38106.043: touch gesture: no valid gesture detected
04-17 11:56:16.432477   984  1089 W ASH     : @ 38106.107: touch gesture: no valid gesture detected
04-17 11:56:16.496958   984  1089 W ASH     : @ 38106.172: touch gesture: no valid gesture detected
04-17 11:56:16.561662   984  1089 W ASH     : @ 38106.237: touch gesture: no valid gesture detected
04-17 11:56:16.626239   984  1089 W ASH     : @ 38106.301: touch gesture: no valid gesture detected
04-17 11:56:16.690758   984  1089 W ASH     : @ 38106.366: touch gesture: no valid gesture detected
04-17 11:56:16.754923   984  1089 W ASH     : @ 38106.430: touch gesture: no valid gesture detected
04-17 11:56:16.819828   984  1089 W ASH     : @ 38106.495: touch gesture: no valid gesture detected
04-17 11:56:16.884333   984  1089 W ASH     : @ 38106.559: touch gesture: no valid gesture detected
04-17 11:56:16.949147   984  1089 W ASH     : @ 38106.624: touch gesture: no valid gesture detected
04-17 11:56:17.013552   984  1089 W ASH     : @ 38106.689: touch gesture: no valid gesture detected
04-17 11:56:17.077956   984  1089 W ASH     : @ 38106.753: touch gesture: no valid gesture detected
04-17 11:56:17.143220   984  1089 W ASH     : @ 38106.818: touch gesture: no valid gesture detected
04-17 11:56:17.207374   984  1089 W ASH     : @ 38106.882: touch gesture: no valid gesture detected
04-17 11:56:17.271842   984  1089 W ASH     : @ 38106.947: touch gesture: no valid gesture detected
--------- switch to kernel
04-17 11:56:17.314275     0     0 I         : c2   5767 google_charger: usbchg=USB typec=C usbv=5033 usbc=0 usbMv=5000 usbMc=450
04-17 11:56:17.314437     0     0 I         : c2   5767 sm7250_bms: MSC_PCS chg_state=1c2113001040003 [0x3:1:4:4400:450] chg=u
04-17 11:56:17.314489     0     0 I         : c2   5767 google_battery: MSC_DIN chg_state=1c2113001040003 f=0x3 chg_s=Full chg_t=None vchg=4400 icl=450
04-17 11:56:17.315175     0     0 W         : c0    973 healthd: battery l=100 v=4400 t=22.7 h=2 st=5 c=5493 fc=3349000 cc=353 chg=u
04-17 11:56:17.315977     0     0 I         : c2   5767 google_battery: MSC_DSG vbatt_idx:4->4 vbatt=4400742 ibatt=-5493 fv_uv=4430000 cv_cnt=0 ov_cnt=0
04-17 11:56:17.316033     0     0 I         : c2   5767 google_battery: MSC_VOTE msc_state=2 cv_cnt=0 ov_cnt=0 temp_idx:2, vbatt_idx:4  fv_uv=4430000 cc_max=0 update_interval=-1
--------- switch to main
04-17 11:56:17.334458   984  1089 W ASH     : @ 38107.011: touch gesture: no valid gesture detected
04-17 11:56:17.400671   984  1089 W ASH     : @ 38107.076: touch gesture: no valid gesture detected
04-17 11:56:17.465648   984  1089 W ASH     : @ 38107.141: touch gesture: no valid gesture detected
04-17 11:56:17.530335   984  1089 W ASH     : @ 38107.205: touch gesture: no valid gesture detected
04-17 11:56:17.594711   984  1089 W ASH     : @ 38107.270: touch gesture: no valid gesture detected
04-17 11:56:17.659030   984  1089 W ASH     : @ 38107.334: touch gesture: no valid gesture detected
04-17 11:56:17.723848   984  1089 W ASH     : @ 38107.399: touch gesture: no valid gesture detected
04-17 11:56:17.788301   984  1089 W ASH     : @ 38107.463: touch gesture: no valid gesture detected
04-17 11:56:17.852894   984  1089 W ASH     : @ 38107.528: touch gesture: no valid gesture detected
04-17 11:56:17.917519   984  1089 W ASH     : @ 38107.592: touch gesture: no valid gesture detected
04-17 11:56:17.981922   984  1089 W ASH     : @ 38107.657: touch gesture: no valid gesture detected
04-17 11:56:18.046618   984  1089 W ASH     : @ 38107.722: touch gesture: no valid gesture detected
04-17 11:56:18.110888   984  1089 W ASH     : @ 38107.786: touch gesture: no valid gesture detected
04-17 11:56:18.174493   984  1089 W ASH     : @ 38107.851: touch gesture: no valid gesture detected
04-17 11:56:18.240371   984  1089 W ASH     : @ 38107.915: touch gesture: no valid gesture detected
04-17 11:56:18.304838   984  1089 W ASH     : @ 38107.980: touch gesture: no valid gesture detected
04-17 11:56:18.369522   984  1089 W ASH     : @ 38108.044: touch gesture: no valid gesture detected
04-17 11:56:18.434189   984  1089 W ASH     : @ 38108.109: touch gesture: no valid gesture detected
04-17 11:56:18.498877   984  1089 W ASH     : @ 38108.174: touch gesture: no valid gesture detected
04-17 11:56:18.563192   984  1089 W ASH     : @ 38108.238: touch gesture: no valid gesture detected
04-17 11:56:18.628080   984  1089 W ASH     : @ 38108.303: touch gesture: no valid gesture detected
04-17 11:56:18.692466   984  1089 W ASH     : @ 38108.367: touch gesture: no valid gesture detected
04-17 11:56:18.757084   984  1089 W ASH     : @ 38108.432: touch gesture: no valid gesture detected
04-17 11:56:18.821408   984  1089 W ASH     : @ 38108.496: touch gesture: no valid gesture detected
04-17 11:56:18.886262   984  1089 W ASH     : @ 38108.561: touch gesture: no valid gesture detected
04-17 11:56:18.950709   984  1089 W ASH     : @ 38108.626: touch gesture: no valid gesture detected
04-17 11:56:19.015288   984  1089 W ASH     : @ 38108.690: touch gesture: no valid gesture detected
04-17 11:56:19.079530   984  1089 W ASH     : @ 38108.755: touch gesture: no valid gesture detected
04-17 11:56:19.144224   984  1089 W ASH     : @ 38108.819: touch gesture: no valid gesture detected
04-17 11:56:19.208979   984  1089 W ASH     : @ 38108.884: touch gesture: no valid gesture detected
04-17 11:56:19.273449   984  1089 W ASH     : @ 38108.948: touch gesture: no valid gesture detected
04-17 11:56:19.337913   984  1089 W ASH     : @ 38109.013: touch gesture: no valid gesture detected
04-17 11:56:19.402592   984  1089 W ASH     : @ 38109.077: touch gesture: no valid gesture detected
04-17 11:56:19.466999   984  1089 W ASH     : @ 38109.142: touch gesture: no valid gesture detected
04-17 11:56:19.530908   984  1089 W ASH     : @ 38109.207: touch gesture: no valid gesture detected
04-17 11:56:19.596309   984  1089 W ASH     : @ 38109.271: touch gesture: no valid gesture detected
04-17 11:56:19.660884   984  1089 W ASH     : @ 38109.336: touch gesture: no valid gesture detected
04-17 11:56:19.725857   984  1089 W ASH     : @ 38109.401: touch gesture: no valid gesture detected
04-17 11:56:19.790615   984  1089 W ASH     : @ 38109.465: touch gesture: no valid gesture detected
04-17 11:56:19.854874   984  1089 W ASH     : @ 38109.530: touch gesture: no valid gesture detected
04-17 11:56:19.919260   984  1089 W ASH     : @ 38109.595: touch gesture: no valid gesture detected
04-17 11:56:19.984178   984  1089 W ASH     : @ 38109.659: touch gesture: no valid gesture detected
04-17 11:56:20.049170   984  1089 W ASH     : @ 38109.724: touch gesture: no valid gesture detected
04-17 11:56:20.113387   984  1089 W ASH     : @ 38109.788: touch gesture: no valid gesture detected
04-17 11:56:20.178029   984  1089 W ASH     : @ 38109.853: touch gesture: no valid gesture detected
04-17 11:56:20.242455   984  1089 W ASH     : @ 38109.918: touch gesture: no valid gesture detected
04-17 11:56:20.307351   984  1089 W ASH     : @ 38109.982: touch gesture: no valid gesture detected
04-17 11:56:20.372257   984  1089 W ASH     : @ 38110.047: touch gesture: no valid gesture detected
04-17 11:56:20.436464   984  1089 W ASH     : @ 38110.111: touch gesture: no valid gesture detected
04-17 11:56:20.501085   984  1089 W ASH     : @ 38110.176: touch gesture: no valid gesture detected
04-17 11:56:20.565791   984  1089 W ASH     : @ 38110.241: touch gesture: no valid gesture detected
04-17 11:56:20.630244   984  1089 W ASH     : @ 38110.305: touch gesture: no valid gesture detected
04-17 11:56:20.694904   984  1089 W ASH     : @ 38110.370: touch gesture: no valid gesture detected
04-17 11:56:20.760132   984  1089 W ASH     : @ 38110.435: touch gesture: no valid gesture detected
04-17 11:56:20.824043   984  1089 W ASH     : @ 38110.499: touch gesture: no valid gesture detected
04-17 11:56:20.888435   984  1089 W ASH     : @ 38110.563: touch gesture: no valid gesture detected
04-17 11:56:20.953306   984  1089 W ASH     : @ 38110.628: touch gesture: no valid gesture detected
04-17 11:56:21.018064   984  1089 W ASH     : @ 38110.693: touch gesture: no valid gesture detected
04-17 11:56:21.082342   984  1089 W ASH     : @ 38110.757: touch gesture: no valid gesture detected
04-17 11:56:21.147066   984  1089 W ASH     : @ 38110.822: touch gesture: no valid gesture detected
04-17 11:56:21.211853   984  1089 W ASH     : @ 38110.887: touch gesture: no valid gesture detected
04-17 11:56:21.275860   984  1089 W ASH     : @ 38110.951: touch gesture: no valid gesture detected
04-17 11:56:21.340853   984  1089 W ASH     : @ 38111.016: touch gesture: no valid gesture detected
04-17 11:56:21.405652   984  1089 W ASH     : @ 38111.080: touch gesture: no valid gesture detected
04-17 11:56:21.469476   984  1089 W ASH     : @ 38111.145: touch gesture: no valid gesture detected
04-17 11:56:21.534204   984  1089 W ASH     : @ 38111.209: touch gesture: no valid gesture detected
04-17 11:56:21.598538   984  1089 W ASH     : @ 38111.274: touch gesture: no valid gesture detected
04-17 11:56:21.662217   984  1089 W ASH     : @ 38111.338: touch gesture: no valid gesture detected
04-17 11:56:21.727623   984  1089 W ASH     : @ 38111.403: touch gesture: no valid gesture detected
04-17 11:56:21.792483   984  1089 W ASH     : @ 38111.467: touch gesture: no valid gesture detected
04-17 11:56:21.857182   984  1089 W ASH     : @ 38111.532: touch gesture: no valid gesture detected
04-17 11:56:21.922178   984  1089 W ASH     : @ 38111.597: touch gesture: no valid gesture detected
04-17 11:56:21.986065   984  1089 W ASH     : @ 38111.661: touch gesture: no valid gesture detected
04-17 11:56:22.050796   984  1089 W ASH     : @ 38111.726: touch gesture: no valid gesture detected
04-17 11:56:22.115151   984  1089 W ASH     : @ 38111.790: touch gesture: no valid gesture detected
04-17 11:56:22.179403   984  1089 W ASH     : @ 38111.855: touch gesture: no valid gesture detected
04-17 11:56:22.244232   984  1089 W ASH     : @ 38111.919: touch gesture: no valid gesture detected
04-17 11:56:22.309034   984  1089 W ASH     : @ 38111.984: touch gesture: no valid gesture detected
04-17 11:56:22.373360   984  1089 W ASH     : @ 38112.048: touch gesture: no valid gesture detected
04-17 11:56:22.437912   984  1089 W ASH     : @ 38112.113: touch gesture: no valid gesture detected
04-17 11:56:22.502269   984  1089 W ASH     : @ 38112.177: touch gesture: no valid gesture detected
04-17 11:56:22.566966   984  1089 W ASH     : @ 38112.242: touch gesture: no valid gesture detected
04-17 11:56:22.631177   984  1089 W ASH     : @ 38112.306: touch gesture: no valid gesture detected
04-17 11:56:22.695659   984  1089 W ASH     : @ 38112.371: touch gesture: no valid gesture detected
04-17 11:56:22.759982   984  1089 W ASH     : @ 38112.435: touch gesture: no valid gesture detected
04-17 11:56:22.824885   984  1089 W ASH     : @ 38112.500: touch gesture: no valid gesture detected
04-17 11:56:22.889636   984  1089 W ASH     : @ 38112.564: touch gesture: no valid gesture detected
04-17 11:56:22.954015   984  1089 W ASH     : @ 38112.629: touch gesture: no valid gesture detected
04-17 11:56:23.018209   984  1089 W ASH     : @ 38112.693: touch gesture: no valid gesture detected
04-17 11:56:23.082605   984  1089 W ASH     : @ 38112.758: touch gesture: no valid gesture detected
04-17 11:56:23.147143   984  1089 W ASH     : @ 38112.822: touch gesture: no valid gesture detected
04-17 11:56:23.211676   984  1089 W ASH     : @ 38112.887: touch gesture: no valid gesture detected
04-17 11:56:23.276125   984  1089 W ASH     : @ 38112.951: touch gesture: no valid gesture detected
04-17 11:56:23.340598   984  1089 W ASH     : @ 38113.016: touch gesture: no valid gesture detected
04-17 11:56:23.405244   984  1089 W ASH     : @ 38113.080: touch gesture: no valid gesture detected
04-17 11:56:23.469874   984  1089 W ASH     : @ 38113.145: touch gesture: no valid gesture detected
04-17 11:56:23.534316   984  1089 W ASH     : @ 38113.209: touch gesture: no valid gesture detected
04-17 11:56:23.599085   984  1089 W ASH     : @ 38113.274: touch gesture: no valid gesture detected
04-17 11:56:23.663456   984  1089 W ASH     : @ 38113.338: touch gesture: no valid gesture detected
04-17 11:56:23.727907   984  1089 W ASH     : @ 38113.403: touch gesture: no valid gesture detected
04-17 11:56:23.792450   984  1089 W ASH     : @ 38113.467: touch gesture: no valid gesture detected
04-17 11:56:23.857075   984  1089 W ASH     : @ 38113.532: touch gesture: no valid gesture detected
04-17 11:56:23.921477   984  1089 W ASH     : @ 38113.597: touch gesture: no valid gesture detected
04-17 11:56:23.985874   984  1089 W ASH     : @ 38113.661: touch gesture: no valid gesture detected
04-17 11:56:24.050695   984  1089 W ASH     : @ 38113.726: touch gesture: no valid gesture detected
04-17 11:56:24.115110   984  1089 W ASH     : @ 38113.790: touch gesture: no valid gesture detected
04-17 11:56:24.179617   984  1089 W ASH     : @ 38113.855: touch gesture: no valid gesture detected
04-17 11:56:24.244618   984  1089 W ASH     : @ 38113.919: touch gesture: no valid gesture detected
04-17 11:56:24.308926   984  1089 W ASH     : @ 38113.984: touch gesture: no valid gesture detected
04-17 11:56:24.373421   984  1089 W ASH     : @ 38114.048: touch gesture: no valid gesture detected
04-17 11:56:24.438061   984  1089 W ASH     : @ 38114.113: touch gesture: no valid gesture detected
04-17 11:56:24.502504   984  1089 W ASH     : @ 38114.177: touch gesture: no valid gesture detected
04-17 11:56:24.567174   984  1089 W ASH     : @ 38114.242: touch gesture: no valid gesture detected
04-17 11:56:24.631493   984  1089 W ASH     : @ 38114.307: touch gesture: no valid gesture detected
04-17 11:56:24.696221   984  1089 W ASH     : @ 38114.371: touch gesture: no valid gesture detected
04-17 11:56:24.760543   984  1089 W ASH     : @ 38114.436: touch gesture: no valid gesture detected
04-17 11:56:24.825462   984  1089 W ASH     : @ 38114.500: touch gesture: no valid gesture detected
04-17 11:56:24.889828   984  1089 W ASH     : @ 38114.565: touch gesture: no valid gesture detected
04-17 11:56:24.954467   984  1089 W ASH     : @ 38114.630: touch gesture: no valid gesture detected
04-17 11:56:25.019081   984  1089 W ASH     : @ 38114.694: touch gesture: no valid gesture detected
04-17 11:56:25.083857   984  1089 W ASH     : @ 38114.759: touch gesture: no valid gesture detected
04-17 11:56:25.148571   984  1089 W ASH     : @ 38114.824: touch gesture: no valid gesture detected
04-17 11:56:25.213249   984  1089 W ASH     : @ 38114.888: touch gesture: no valid gesture detected
04-17 11:56:25.277532   984  1089 W ASH     : @ 38114.953: touch gesture: no valid gesture detected
04-17 11:56:25.342426   984  1089 W ASH     : @ 38115.017: touch gesture: no valid gesture detected
04-17 11:56:25.407551   984  1089 W ASH     : @ 38115.082: touch gesture: no valid gesture detected
04-17 11:56:25.471611   984  1089 W ASH     : @ 38115.146: touch gesture: no valid gesture detected
04-17 11:56:25.536199   984  1089 W ASH     : @ 38115.211: touch gesture: no valid gesture detected
04-17 11:56:25.600952   984  1089 W ASH     : @ 38115.276: touch gesture: no valid gesture detected
04-17 11:56:25.665116   984  1089 W ASH     : @ 38115.340: touch gesture: no valid gesture detected
04-17 11:56:25.729883   984  1089 W ASH     : @ 38115.405: touch gesture: no valid gesture detected
04-17 11:56:25.794615   984  1089 W ASH     : @ 38115.469: touch gesture: no valid gesture detected
04-17 11:56:25.859257   984  1089 W ASH     : @ 38115.534: touch gesture: no valid gesture detected
04-17 11:56:25.923467   984  1089 W ASH     : @ 38115.599: touch gesture: no valid gesture detected
04-17 11:56:25.988584   984  1089 W ASH     : @ 38115.663: touch gesture: no valid gesture detected
04-17 11:56:26.050852   984  1089 W ASH     : @ 38115.728: touch gesture: no valid gesture detected
04-17 11:56:26.116402   984  1089 W ASH     : @ 38115.792: touch gesture: no valid gesture detected
--------- switch to kernel
04-17 11:56:26.111636     0     0 I         : c5   5779 qcom_rpmh DRV:apps_rsc TCS Busy, retrying RPMH message send: addr=0x30090
--------- switch to main
04-17 11:56:26.181919   984  1089 W ASH     : @ 38115.857: touch gesture: no valid gesture detected
04-17 11:56:26.246341   984  1089 W ASH     : @ 38115.921: touch gesture: no valid gesture detected
04-17 11:56:26.311021   984  1089 W ASH     : @ 38115.986: touch gesture: no valid gesture detected
04-17 11:56:26.375732   984  1089 W ASH     : @ 38116.051: touch gesture: no valid gesture detected
04-17 11:56:26.440258   984  1089 W ASH     : @ 38116.115: touch gesture: no valid gesture detected
04-17 11:56:26.504764   984  1089 W ASH     : @ 38116.180: touch gesture: no valid gesture detected
04-17 11:56:26.569163   984  1089 W ASH     : @ 38116.244: touch gesture: no valid gesture detected
04-17 11:56:26.633299   984  1089 W ASH     : @ 38116.309: touch gesture: no valid gesture detected
04-17 11:56:26.698564   984  1089 W ASH     : @ 38116.373: touch gesture: no valid gesture detected
04-17 11:56:26.763170   984  1089 W ASH     : @ 38116.438: touch gesture: no valid gesture detected
04-17 11:56:26.827658   984  1089 W ASH     : @ 38116.502: touch gesture: no valid gesture detected
04-17 11:56:26.891757   984  1089 W ASH     : @ 38116.567: touch gesture: no valid gesture detected
04-17 11:56:26.956033   984  1089 W ASH     : @ 38116.631: touch gesture: no valid gesture detected
04-17 11:56:27.020897   984  1089 W ASH     : @ 38116.696: touch gesture: no valid gesture detected
04-17 11:56:27.085046   984  1089 W ASH     : @ 38116.760: touch gesture: no valid gesture detected
04-17 11:56:27.149899   984  1089 W ASH     : @ 38116.825: touch gesture: no valid gesture detected
04-17 11:56:27.214153   984  1089 W ASH     : @ 38116.889: touch gesture: no valid gesture detected
04-17 11:56:27.279004   984  1089 W ASH     : @ 38116.954: touch gesture: no valid gesture detected
