04-17 04:40:12.668084   984  1089 W ASH     : @ 11942.345: touch gesture: no valid gesture detected
04-17 04:40:12.732722   984  1089 W ASH     : @ 11942.410: touch gesture: no valid gesture detected
04-17 04:40:12.796805   984  1089 W ASH     : @ 11942.475: touch gesture: no valid gesture detected
04-17 04:40:12.861733   984  1089 W ASH     : @ 11942.539: touch gesture: no valid gesture detected
04-17 04:40:12.926516   984  1089 W ASH     : @ 11942.604: touch gesture: no valid gesture detected
04-17 04:40:12.990304   984  1089 W ASH     : @ 11942.668: touch gesture: no valid gesture detected
04-17 04:40:13.055450   984  1089 W ASH     : @ 11942.733: touch gesture: no valid gesture detected
04-17 04:40:13.119902   984  1089 W ASH     : @ 11942.797: touch gesture: no valid gesture detected
04-17 04:40:13.184200   984  1089 W ASH     : @ 11942.862: touch gesture: no valid gesture detected
04-17 04:40:13.249074   984  1089 W ASH     : @ 11942.927: touch gesture: no valid gesture detected
04-17 04:40:13.313651   984  1089 W ASH     : @ 11942.991: touch gesture: no valid gesture detected
04-17 04:40:13.377775   984  1089 W ASH     : @ 11943.055: touch gesture: no valid gesture detected
04-17 04:40:13.442770   984  1089 W ASH     : @ 11943.120: touch gesture: no valid gesture detected
04-17 04:40:13.507572   984  1089 W ASH     : @ 11943.185: touch gesture: no valid gesture detected
04-17 04:40:13.572092   984  1089 W ASH     : @ 11943.250: touch gesture: no valid gesture detected
04-17 04:40:13.636651   984  1089 W ASH     : @ 11943.314: touch gesture: no valid gesture detected
04-17 04:40:13.701159   984  1089 W ASH     : @ 11943.379: touch gesture: no valid gesture detected
--------- switch to kernel
04-17 04:40:13.746188     0     0 I         : c1   5397 google_charger: usbchg=USB typec=C usbv=4998 usbc=86 usbMv=5000 usbMc=450
04-17 04:40:13.746367     0     0 I         : c1   5397 sm7250_bms: MSC_PCS chg_state=1c2115f04010009 [0x9:4:1:4447:450] chg=u
04-17 04:40:13.746439     0     0 I         : c1   5397 google_battery: MSC_DIN chg_state=1c2115f04010009 f=0x9 chg_s=Charging chg_t=Taper vchg=4447 icl=450
04-17 04:40:13.748078     0     0 I         : c1   5397 google_battery: MSC_STEADY vt=4430000 vb=4447260 fv_uv=4430000 margin=100000
04-17 04:40:13.748101     0     0 I         : c1   5397 google_battery: hold not defined for msc_state=10
04-17 04:40:13.748123     0     0 I         : c1   5397 google_battery: MSC_RSTC vt=4430000 vb=4447260 fv_uv=4430000 ibatt=-129394 cc_next_max=120000 t_cnt=0
04-17 04:40:13.748138     0     0 I         : c1   5397 google_battery: hold not defined for msc_state=14
04-17 04:40:13.748185     0     0 I         : c1   5397 google_battery: MSC_VOTE msc_state=14 cv_cnt=0 ov_cnt=0 temp_idx:2, vbatt_idx:4  fv_uv=4430000 cc_max=600000 update_interval=2000
04-17 04:40:13.748265     0     0 I         : c1   5397 google_charger: MSC_CHG fv_uv=4430000, cc_max=600000, rerun in 2000 ms (0)
--------- switch to main
04-17 04:40:13.765840   984  1089 W ASH     : @ 11943.443: touch gesture: no valid gesture detected
04-17 04:40:13.830288   984  1089 W ASH     : @ 11943.508: touch gesture: no valid gesture detected
04-17 04:40:13.895063   984  1089 W ASH     : @ 11943.573: touch gesture: no valid gesture detected
04-17 04:40:13.959364   984  1089 W ASH     : @ 11943.637: touch gesture: no valid gesture detected
04-17 04:40:14.024103   984  1089 W ASH     : @ 11943.702: touch gesture: no valid gesture detected
04-17 04:40:14.088877   984  1089 W ASH     : @ 11943.766: touch gesture: no valid gesture detected
04-17 04:40:14.153262   984  1089 W ASH     : @ 11943.831: touch gesture: no valid gesture detected
04-17 04:40:14.217769   984  1089 W ASH     : @ 11943.896: touch gesture: no valid gesture detected
04-17 04:40:14.282487   984  1089 W ASH     : @ 11943.960: touch gesture: no valid gesture detected
04-17 04:40:14.347396   984  1089 W ASH     : @ 11944.025: touch gesture: no valid gesture detected
04-17 04:40:14.411897   984  1089 W ASH     : @ 11944.089: touch gesture: no valid gesture detected
04-17 04:40:14.476257   984  1089 W ASH     : @ 11944.154: touch gesture: no valid gesture detected
04-17 04:40:14.540903   984  1089 W ASH     : @ 11944.219: touch gesture: no valid gesture detected
04-17 04:40:14.605675   984  1089 W ASH     : @ 11944.283: touch gesture: no valid gesture detected
04-17 04:40:14.670371   984  1089 W ASH     : @ 11944.348: touch gesture: no valid gesture detected
04-17 04:40:14.735291   984  1089 W ASH     : @ 11944.413: touch gesture: no valid gesture detected
04-17 04:40:14.799663   984  1089 W ASH     : @ 11944.477: touch gesture: no valid gesture detected
04-17 04:40:14.864292   984  1089 W ASH     : @ 11944.542: touch gesture: no valid gesture detected
04-17 04:40:14.928810   984  1089 W ASH     : @ 11944.606: touch gesture: no valid gesture detected
04-17 04:40:14.993190   984  1089 W ASH     : @ 11944.671: touch gesture: no valid gesture detected
04-17 04:40:15.058163   984  1089 W ASH     : @ 11944.736: touch gesture: no valid gesture detected
04-17 04:40:15.122569   984  1089 W ASH     : @ 11944.800: touch gesture: no valid gesture detected
04-17 04:40:15.187147   984  1089 W ASH     : @ 11944.865: touch gesture: no valid gesture detected
04-17 04:40:15.251766   984  1089 W ASH     : @ 11944.929: touch gesture: no valid gesture detected
04-17 04:40:15.316098   984  1089 W ASH     : @ 11944.994: touch gesture: no valid gesture detected
04-17 04:40:15.381155   984  1089 W ASH     : @ 11945.058: touch gesture: no valid gesture detected
04-17 04:40:15.445511   984  1089 W ASH     : @ 11945.123: touch gesture: no valid gesture detected
04-17 04:40:15.510008   984  1089 W ASH     : @ 11945.187: touch gesture: no valid gesture detected
04-17 04:40:15.574527   984  1089 W ASH     : @ 11945.252: touch gesture: no valid gesture detected
04-17 04:40:15.638772   984  1089 W ASH     : @ 11945.316: touch gesture: no valid gesture detected
04-17 04:40:15.703692   984  1089 W ASH     : @ 11945.381: touch gesture: no valid gesture detected
--------- switch to kernel
04-17 04:40:15.757130     0     0 I         : c1   5397 google_charger: usbchg=USB typec=C usbv=4997 usbc=96 usbMv=5000 usbMc=450
04-17 04:40:15.757321     0     0 I         : c1   5397 sm7250_bms: MSC_PCS chg_state=1c2115f04010009 [0x9:4:1:4447:450] chg=u
04-17 04:40:15.757399     0     0 I         : c1   5397 google_battery: MSC_DIN chg_state=1c2115f04010009 f=0x9 chg_s=Charging chg_t=Taper vchg=4447 icl=450
04-17 04:40:15.759117     0     0 I         : c1   5397 google_battery: MSC_STEADY vt=4430000 vb=4447455 fv_uv=4430000 margin=100000
04-17 04:40:15.759144     0     0 I         : c1   5397 google_battery: hold not defined for msc_state=10
04-17 04:40:15.759169     0     0 I         : c1   5397 google_battery: MSC_RSTC vt=4430000 vb=4447455 fv_uv=4430000 ibatt=-128173 cc_next_max=120000 t_cnt=0
04-17 04:40:15.759184     0     0 I         : c1   5397 google_battery: hold not defined for msc_state=14
04-17 04:40:15.759239     0     0 I         : c1   5397 google_battery: MSC_VOTE msc_state=14 cv_cnt=0 ov_cnt=0 temp_idx:2, vbatt_idx:4  fv_uv=4430000 cc_max=600000 update_interval=2000
04-17 04:40:15.759344     0     0 I         : c1   5397 google_charger: MSC_CHG fv_uv=4430000, cc_max=600000, rerun in 2000 ms (0)
--------- switch to main
04-17 04:40:15.766881   984  1089 W ASH     : @ 11945.446: touch gesture: no valid gesture detected
04-17 04:40:15.832500   984  1089 W ASH     : @ 11945.510: touch gesture: no valid gesture detected
04-17 04:40:15.897123   984  1089 W ASH     : @ 11945.575: touch gesture: no valid gesture detected
04-17 04:40:15.961794   984  1089 W ASH     : @ 11945.639: touch gesture: no valid gesture detected
04-17 04:40:16.026221   984  1089 W ASH     : @ 11945.704: touch gesture: no valid gesture detected
04-17 04:40:16.090897   984  1089 W ASH     : @ 11945.768: touch gesture: no valid gesture detected
04-17 04:40:16.155460   984  1089 W ASH     : @ 11945.833: touch gesture: no valid gesture detected
04-17 04:40:16.220202   984  1089 W ASH     : @ 11945.898: touch gesture: no valid gesture detected
04-17 04:40:16.284904   984  1089 W ASH     : @ 11945.962: touch gesture: no valid gesture detected
04-17 04:40:16.349702   984  1089 W ASH     : @ 11946.027: touch gesture: no valid gesture detected
04-17 04:40:16.413721   984  1089 W ASH     : @ 11946.092: touch gesture: no valid gesture detected
04-17 04:40:16.478519   984  1089 W ASH     : @ 11946.156: touch gesture: no valid gesture detected
04-17 04:40:16.543245   984  1089 W ASH     : @ 11946.221: touch gesture: no valid gesture detected
04-17 04:40:16.608215   984  1089 W ASH     : @ 11946.285: touch gesture: no valid gesture detected
04-17 04:40:16.672473   984  1089 W ASH     : @ 11946.350: touch gesture: no valid gesture detected
04-17 04:40:16.737067   984  1089 W ASH     : @ 11946.415: touch gesture: no valid gesture detected
04-17 04:40:16.802173   984  1089 W ASH     : @ 11946.479: touch gesture: no valid gesture detected
04-17 04:40:16.866587   984  1089 W ASH     : @ 11946.544: touch gesture: no valid gesture detected
04-17 04:40:16.929615   984  1089 W ASH     : @ 11946.608: touch gesture: no valid gesture detected
04-17 04:40:16.995570   984  1089 W ASH     : @ 11946.673: touch gesture: no valid gesture detected
04-17 04:40:17.060121   984  1089 W ASH     : @ 11946.738: touch gesture: no valid gesture detected
04-17 04:40:17.124757   984  1089 W ASH     : @ 11946.802: touch gesture: no valid gesture detected
04-17 04:40:17.189560   984  1089 W ASH     : @ 11946.867: touch gesture: no valid gesture detected
04-17 04:40:17.254090   984  1089 W ASH     : @ 11946.932: touch gesture: no valid gesture detected
04-17 04:40:17.318808   984  1089 W ASH     : @ 11946.996: touch gesture: no valid gesture detected
04-17 04:40:17.383199   984  1089 W ASH     : @ 11947.061: touch gesture: no valid gesture detected
04-17 04:40:17.447759   984  1089 W ASH     : @ 11947.125: touch gesture: no valid gesture detected
04-17 04:40:17.511149   984  1089 W ASH     : @ 11947.190: touch gesture: no valid gesture detected
04-17 04:40:17.577098   984  1089 W ASH     : @ 11947.255: touch gesture: no valid gesture detected
04-17 04:40:17.641805   984  1089 W ASH     : @ 11947.319: touch gesture: no valid gesture detected
04-17 04:40:17.706437   984  1089 W ASH     : @ 11947.384: touch gesture: no valid gesture detected
04-17 04:40:17.769865   984  1089 W ASH     : @ 11947.448: touch gesture: no valid gesture detected
--------- switch to kernel
04-17 04:40:17.768432     0     0 I         : c1   5397 google_charger: usbchg=USB typec=C usbv=5000 usbc=87 usbMv=5000 usbMc=450
04-17 04:40:17.768613     0     0 I         : c1   5397 sm7250_bms: MSC_PCS chg_state=1c2115f04010009 [0x9:4:1:4447:450] chg=u
04-17 04:40:17.768684     0     0 I         : c1   5397 google_battery: MSC_DIN chg_state=1c2115f04010009 f=0x9 chg_s=Charging chg_t=Taper vchg=4447 icl=450
04-17 04:40:17.771154     0     0 I         : c1   5397 google_battery: MSC_STEADY vt=4430000 vb=4447260 fv_uv=4430000 margin=100000
04-17 04:40:17.771187     0     0 I         : c1   5397 google_battery: hold not defined for msc_state=10
04-17 04:40:17.771213     0     0 I         : c1   5397 google_battery: MSC_RSTC vt=4430000 vb=4447260 fv_uv=4430000 ibatt=-128784 cc_next_max=120000 t_cnt=0
04-17 04:40:17.771234     0     0 I         : c1   5397 google_battery: hold not defined for msc_state=14
04-17 04:40:17.771285     0     0 I         : c1   5397 google_battery: MSC_VOTE msc_state=14 cv_cnt=0 ov_cnt=0 temp_idx:2, vbatt_idx:4  fv_uv=4430000 cc_max=600000 update_interval=2000
04-17 04:40:17.771386     0     0 I         : c1   5397 google_charger: MSC_CHG fv_uv=4430000, cc_max=600000, rerun in 2000 ms (0)
--------- switch to main
04-17 04:40:17.835418   984  1089 W ASH     : @ 11947.513: touch gesture: no valid gesture detected
04-17 04:40:17.900251   984  1089 W ASH     : @ 11947.578: touch gesture: no valid gesture detected
04-17 04:40:17.964754   984  1089 W ASH     : @ 11947.642: touch gesture: no valid gesture detected
04-17 04:40:18.029647   984  1089 W ASH     : @ 11947.707: touch gesture: no valid gesture detected
04-17 04:40:18.094359   984  1089 W ASH     : @ 11947.772: touch gesture: no valid gesture detected
04-17 04:40:18.158670   984  1089 W ASH     : @ 11947.836: touch gesture: no valid gesture detected
04-17 04:40:18.223580   984  1089 W ASH     : @ 11947.901: touch gesture: no valid gesture detected
04-17 04:40:18.288299   984  1089 W ASH     : @ 11947.966: touch gesture: no valid gesture detected
04-17 04:40:18.353406   984  1089 W ASH     : @ 11948.031: touch gesture: no valid gesture detected
04-17 04:40:18.417470   984  1089 W ASH     : @ 11948.095: touch gesture: no valid gesture detected
04-17 04:40:18.482311   984  1089 W ASH     : @ 11948.160: touch gesture: no valid gesture detected
04-17 04:40:18.547329   984  1089 W ASH     : @ 11948.225: touch gesture: no valid gesture detected
04-17 04:40:18.611871   984  1089 W ASH     : @ 11948.289: touch gesture: no valid gesture detected
04-17 04:40:18.676048   984  1089 W ASH     : @ 11948.354: touch gesture: no valid gesture detected
04-17 04:40:18.740889   984  1089 W ASH     : @ 11948.418: touch gesture: no valid gesture detected
04-17 04:40:18.805512   984  1089 W ASH     : @ 11948.483: touch gesture: no valid gesture detected
04-17 04:40:18.869903   984  1089 W ASH     : @ 11948.548: touch gesture: no valid gesture detected
04-17 04:40:18.933789   984  1089 W ASH     : @ 11948.612: touch gesture: no valid gesture detected
04-17 04:40:18.999414   984  1089 W ASH     : @ 11948.677: touch gesture: no valid gesture detected
04-17 04:40:19.063557   984  1089 W ASH     : @ 11948.741: touch gesture: no valid gesture detected
04-17 04:40:19.127509   984  1089 W ASH     : @ 11948.806: touch gesture: no valid gesture detected
04-17 04:40:19.193202   984  1089 W ASH     : @ 11948.871: touch gesture: no valid gesture detected
04-17 04:40:19.257688   984  1089 W ASH     : @ 11948.935: touch gesture: no valid gesture detected
04-17 04:40:19.322251   984  1089 W ASH     : @ 11949.000: touch gesture: no valid gesture detected
04-17 04:40:19.387003   984  1089 W ASH     : @ 11949.065: touch gesture: no valid gesture detected
04-17 04:40:19.451769   984  1089 W ASH     : @ 11949.129: touch gesture: no valid gesture detected
04-17 04:40:19.516479   984  1089 W ASH     : @ 11949.194: touch gesture: no valid gesture detected
04-17 04:40:19.580939   984  1089 W ASH     : @ 11949.259: touch gesture: no valid gesture detected
04-17 04:40:19.644330   984  1089 W ASH     : @ 11949.323: touch gesture: no valid gesture detected
04-17 04:40:19.710046   984  1089 W ASH     : @ 11949.388: touch gesture: no valid gesture detected
04-17 04:40:19.774780   984  1089 W ASH     : @ 11949.452: touch gesture: no valid gesture detected
--------- switch to kernel
04-17 04:40:19.777403     0     0 I         : c1   5397 google_charger: usbchg=USB typec=C usbv=4989 usbc=98 usbMv=5000 usbMc=450
04-17 04:40:19.777710     0     0 I         : c1   5397 sm7250_bms: MSC_PCS chg_state=1c2116004010009 [0x9:4:1:4448:450] chg=u
04-17 04:40:19.777926     0     0 I         : c1   5397 google_battery: MSC_DIN chg_state=1c2116004010009 f=0x9 chg_s=Charging chg_t=Taper vchg=4448 icl=450
04-17 04:40:19.779232     0     0 I         : c1   5397 google_battery: MSC_STEADY vt=4430000 vb=4448233 fv_uv=4430000 margin=100000
04-17 04:40:19.779262     0     0 I         : c1   5397 google_battery: hold not defined for msc_state=10
04-17 04:40:19.779291     0     0 I         : c1   5397 google_battery: MSC_RSTC vt=4430000 vb=4448233 fv_uv=4430000 ibatt=-129394 cc_next_max=120000 t_cnt=0
04-17 04:40:19.779310     0     0 I         : c1   5397 google_battery: hold not defined for msc_state=14
04-17 04:40:19.779369     0     0 I         : c1   5397 google_battery: MSC_VOTE msc_state=14 cv_cnt=0 ov_cnt=0 temp_idx:2, vbatt_idx:4  fv_uv=4430000 cc_max=600000 update_interval=2000
04-17 04:40:19.779458     0     0 I         : c1   5397 google_charger: MSC_CHG fv_uv=4430000, cc_max=600000, rerun in 2000 ms (0)
--------- switch to main
04-17 04:40:19.839271   984  1089 W ASH     : @ 11949.517: touch gesture: no valid gesture detected
04-17 04:40:19.903975   984  1089 W ASH     : @ 11949.581: touch gesture: no valid gesture detected
04-17 04:40:19.968375   984  1089 W ASH     : @ 11949.646: touch gesture: no valid gesture detected
04-17 04:40:20.032848   984  1089 W ASH     : @ 11949.710: touch gesture: no valid gesture detected
04-17 04:40:20.097487   984  1089 W ASH     : @ 11949.775: touch gesture: no valid gesture detected
04-17 04:40:20.162025   984  1089 W ASH     : @ 11949.840: touch gesture: no valid gesture detected
04-17 04:40:20.227309   984  1089 W ASH     : @ 11949.904: touch gesture: no valid gesture detected
04-17 04:40:20.291565   984  1089 W ASH     : @ 11949.969: touch gesture: no valid gesture detected
04-17 04:40:20.356010   984  1089 W ASH     : @ 11950.034: touch gesture: no valid gesture detected
04-17 04:40:20.420585   984  1089 W ASH     : @ 11950.098: touch gesture: no valid gesture detected
04-17 04:40:20.485187   984  1089 W ASH     : @ 11950.163: touch gesture: no valid gesture detected
04-17 04:40:20.550159   984  1089 W ASH     : @ 11950.228: touch gesture: no valid gesture detected
04-17 04:40:20.614505   984  1089 W ASH     : @ 11950.292: touch gesture: no valid gesture detected
04-17 04:40:20.679379   984  1089 W ASH     : @ 11950.357: touch gesture: no valid gesture detected
04-17 04:40:20.744060   984  1089 W ASH     : @ 11950.422: touch gesture: no valid gesture detected
04-17 04:40:20.808764   984  1089 W ASH     : @ 11950.486: touch gesture: no valid gesture detected
04-17 04:40:20.873520   984  1089 W ASH     : @ 11950.551: touch gesture: no valid gesture detected
04-17 04:40:20.937843   984  1089 W ASH     : @ 11950.616: touch gesture: no valid gesture detected
04-17 04:40:21.002509   984  1089 W ASH     : @ 11950.680: touch gesture: no valid gesture detected
04-17 04:40:21.067041   984  1089 W ASH     : @ 11950.745: touch gesture: no valid gesture detected
04-17 04:40:21.131669   984  1089 W ASH     : @ 11950.809: touch gesture: no valid gesture detected
04-17 04:40:21.196648   984  1089 W ASH     : @ 11950.874: touch gesture: no valid gesture detected
04-17 04:40:21.261421   984  1089 W ASH     : @ 11950.939: touch gesture: no valid gesture detected
04-17 04:40:21.325442   984  1089 W ASH     : @ 11951.003: touch gesture: no valid gesture detected
04-17 04:40:21.390186   984  1089 W ASH     : @ 11951.068: touch gesture: no valid gesture detected
04-17 04:40:21.455047   984  1089 W ASH     : @ 11951.132: touch gesture: no valid gesture detected
04-17 04:40:21.519251   984  1089 W ASH     : @ 11951.197: touch gesture: no valid gesture detected
04-17 04:40:21.584301   984  1089 W ASH     : @ 11951.262: touch gesture: no valid gesture detected
04-17 04:40:21.648761   984  1089 W ASH     : @ 11951.326: touch gesture: no valid gesture detected
04-17 04:40:21.712498   984  1089 W ASH     : @ 11951.391: touch gesture: no valid gesture detected
04-17 04:40:21.776872   984  1089 W ASH     : @ 11951.456: touch gesture: no valid gesture detected
--------- switch to kernel
04-17 04:40:21.784160     0     0 I         : c1   5397 google_charger: usbchg=USB typec=C usbv=4976 usbc=141 usbMv=5000 usbMc=450
04-17 04:40:21.784330     0     0 I         : c1   5397 sm7250_bms: MSC_PCS chg_state=1c2115e04010009 [0x9:4:1:4446:450] chg=u
04-17 04:40:21.784384     0     0 I         : c1   5397 google_battery: MSC_DIN chg_state=1c2115e04010009 f=0x9 chg_s=Charging chg_t=Taper vchg=4446 icl=450
04-17 04:40:21.785961     0     0 I         : c1   5397 google_battery: MSC_STEADY vt=4430000 vb=4446676 fv_uv=4430000 margin=100000
04-17 04:40:21.785985     0     0 I         : c1   5397 google_battery: hold not defined for msc_state=10
04-17 04:40:21.786006     0     0 I         : c1   5397 google_battery: MSC_RSTC vt=4430000 vb=4446676 fv_uv=4430000 ibatt=-133361 cc_next_max=120000 t_cnt=0
04-17 04:40:21.786022     0     0 I         : c1   5397 google_battery: hold not defined for msc_state=14
04-17 04:40:21.786070     0     0 I         : c1   5397 google_battery: MSC_VOTE msc_state=14 cv_cnt=0 ov_cnt=0 temp_idx:2, vbatt_idx:4  fv_uv=4430000 cc_max=600000 update_interval=2000
04-17 04:40:21.786259     0     0 I         : c1   5397 google_charger: MSC_CHG fv_uv=4430000, cc_max=600000, rerun in 2000 ms (0)
--------- switch to main
04-17 04:40:21.842748   984  1089 W ASH     : @ 11951.520: touch gesture: no valid gesture detected
04-17 04:40:21.907274   984  1089 W ASH     : @ 11951.585: touch gesture: no valid gesture detected
04-17 04:40:21.972037   984  1089 W ASH     : @ 11951.650: touch gesture: no valid gesture detected
04-17 04:40:22.036671   984  1089 W ASH     : @ 11951.714: touch gesture: no valid gesture detected
04-17 04:40:22.101399   984  1089 W ASH     : @ 11951.779: touch gesture: no valid gesture detected
04-17 04:40:22.166130   984  1089 W ASH     : @ 11951.844: touch gesture: no valid gesture detected
04-17 04:40:22.230438   984  1089 W ASH     : @ 11951.908: touch gesture: no valid gesture detected
04-17 04:40:22.295009   984  1089 W ASH     : @ 11951.973: touch gesture: no valid gesture detected
04-17 04:40:22.359971   984  1089 W ASH     : @ 11952.037: touch gesture: no valid gesture detected
04-17 04:40:22.424388   984  1089 W ASH     : @ 11952.102: touch gesture: no valid gesture detected
04-17 04:40:22.489278   984  1089 W ASH     : @ 11952.167: touch gesture: no valid gesture detected
04-17 04:40:22.553801   984  1089 W ASH     : @ 11952.231: touch gesture: no valid gesture detected
04-17 04:40:22.618297   984  1089 W ASH     : @ 11952.296: touch gesture: no valid gesture detected
04-17 04:40:22.682830   984  1089 W ASH     : @ 11952.360: touch gesture: no valid gesture detected
04-17 04:40:22.747547   984  1089 W ASH     : @ 11952.425: touch gesture: no valid gesture detected
04-17 04:40:22.812015   984  1089 W ASH     : @ 11952.490: touch gesture: no valid gesture detected
04-17 04:40:22.875077   984  1089 W ASH     : @ 11952.554: touch gesture: no valid gesture detected
04-17 04:40:22.941583   984  1089 W ASH     : @ 11952.619: touch gesture: no valid gesture detected
04-17 04:40:23.005861   984  1089 W ASH     : @ 11952.684: touch gesture: no valid gesture detected
04-17 04:40:23.070457   984  1089 W ASH     : @ 11952.748: touch gesture: no valid gesture detected
04-17 04:40:23.135254   984  1089 W ASH     : @ 11952.813: touch gesture: no valid gesture detected
04-17 04:40:23.199710   984  1089 W ASH     : @ 11952.877: touch gesture: no valid gesture detected
04-17 04:40:23.264160   984  1089 W ASH     : @ 11952.942: touch gesture: no valid gesture detected
04-17 04:40:23.328754   984  1089 W ASH     : @ 11953.006: touch gesture: no valid gesture detected
04-17 04:40:23.393375   984  1089 W ASH     : @ 11953.071: touch gesture: no valid gesture detected
04-17 04:40:23.458099   984  1089 W ASH     : @ 11953.135: touch gesture: no valid gesture detected
04-17 04:40:23.522453   984  1089 W ASH     : @ 11953.200: touch gesture: no valid gesture detected
04-17 04:40:23.586974   984  1089 W ASH     : @ 11953.265: touch gesture: no valid gesture detected
04-17 04:40:23.651648   984  1089 W ASH     : @ 11953.329: touch gesture: no valid gesture detected
04-17 04:40:23.715994   984  1089 W ASH     : @ 11953.394: touch gesture: no valid gesture detected
04-17 04:40:23.780913   984  1089 W ASH     : @ 11953.458: touch gesture: no valid gesture detected
--------- switch to kernel
04-17 04:40:23.789950     0     0 I         : c1   5397 google_charger: usbchg=USB typec=C usbv=5000 usbc=74 usbMv=5000 usbMc=450
04-17 04:40:23.790370     0     0 I         : c1   5397 sm7250_bms: MSC_PCS chg_state=1c2115f04010009 [0x9:4:1:4447:450] chg=u
04-17 04:40:23.790444     0     0 I         : c1   5397 google_battery: MSC_DIN chg_state=1c2115f04010009 f=0x9 chg_s=Charging chg_t=Taper vchg=4447 icl=450
04-17 04:40:23.791656     0     0 I         : c1   5397 google_battery: MSC_STEADY vt=4430000 vb=4447455 fv_uv=4430000 margin=100000
04-17 04:40:23.791688     0     0 I         : c1   5397 google_battery: hold not defined for msc_state=10
04-17 04:40:23.791717     0     0 I         : c1   5397 google_battery: MSC_RSTC vt=4430000 vb=4447455 fv_uv=4430000 ibatt=-135498 cc_next_max=120000 t_cnt=0
04-17 04:40:23.791739     0     0 I         : c1   5397 google_battery: hold not defined for msc_state=14
04-17 04:40:23.791804     0     0 I         : c1   5397 google_battery: MSC_VOTE msc_state=14 cv_cnt=0 ov_cnt=0 temp_idx:2, vbatt_idx:4  fv_uv=4430000 cc_max=600000 update_interval=2000
04-17 04:40:23.791898     0     0 I         : c1   5397 google_charger: MSC_CHG fv_uv=4430000, cc_max=600000, rerun in 2000 ms (0)
--------- switch to main
04-17 04:40:23.845148   984  1089 W ASH     : @ 11953.523: touch gesture: no valid gesture detected
04-17 04:40:23.909632   984  1089 W ASH     : @ 11953.587: touch gesture: no valid gesture detected
04-17 04:40:23.974163   984  1089 W ASH     : @ 11953.652: touch gesture: no valid gesture detected
04-17 04:40:24.038634   984  1089 W ASH     : @ 11953.716: touch gesture: no valid gesture detected
04-17 04:40:24.103417   984  1089 W ASH     : @ 11953.781: touch gesture: no valid gesture detected
04-17 04:40:24.167250   984  1089 W ASH     : @ 11953.845: touch gesture: no valid gesture detected
04-17 04:40:24.232284   984  1089 W ASH     : @ 11953.910: touch gesture: no valid gesture detected
04-17 04:40:24.297024   984  1089 W ASH     : @ 11953.974: touch gesture: no valid gesture detected
04-17 04:40:24.361575   984  1089 W ASH     : @ 11954.039: touch gesture: no valid gesture detected
04-17 04:40:24.425973   984  1089 W ASH     : @ 11954.103: touch gesture: no valid gesture detected
04-17 04:40:24.490184   984  1089 W ASH     : @ 11954.168: touch gesture: no valid gesture detected
04-17 04:40:24.554804   984  1089 W ASH     : @ 11954.232: touch gesture: no valid gesture detected
04-17 04:40:24.619709   984  1089 W ASH     : @ 11954.297: touch gesture: no valid gesture detected
04-17 04:40:24.684120   984  1089 W ASH     : @ 11954.362: touch gesture: no valid gesture detected
04-17 04:40:24.748337   984  1089 W ASH     : @ 11954.426: touch gesture: no valid gesture detected
04-17 04:40:24.813241   984  1089 W ASH     : @ 11954.491: touch gesture: no valid gesture detected
04-17 04:40:24.877893   984  1089 W ASH     : @ 11954.555: touch gesture: no valid gesture detected
04-17 04:40:24.942244   984  1089 W ASH     : @ 11954.620: touch gesture: no valid gesture detected
04-17 04:40:25.007239   984  1089 W ASH     : @ 11954.685: touch gesture: no valid gesture detected
04-17 04:40:25.071715   984  1089 W ASH     : @ 11954.749: touch gesture: no valid gesture detected
04-17 04:40:25.136032   984  1089 W ASH     : @ 11954.814: touch gesture: no valid gesture detected
04-17 04:40:25.200390   984  1089 W ASH     : @ 11954.878: touch gesture: no valid gesture detected
04-17 04:40:25.264963   984  1089 W ASH     : @ 11954.943: touch gesture: no valid gesture detected
04-17 04:40:25.329736   984  1089 W ASH     : @ 11955.007: touch gesture: no valid gesture detected
04-17 04:40:25.394473   984  1089 W ASH     : @ 11955.072: touch gesture: no valid gesture detected
04-17 04:40:25.458763   984  1089 W ASH     : @ 11955.136: touch gesture: no valid gesture detected
04-17 04:40:25.523464   984  1089 W ASH     : @ 11955.201: touch gesture: no valid gesture detected
04-17 04:40:25.588111   984  1089 W ASH     : @ 11955.266: touch gesture: no valid gesture detected
04-17 04:40:25.652485   984  1089 W ASH     : @ 11955.330: touch gesture: no valid gesture detected
04-17 04:40:25.717054   984  1089 W ASH     : @ 11955.395: touch gesture: no valid gesture detected
04-17 04:40:25.781665   984  1089 W ASH     : @ 11955.459: touch gesture: no valid gesture detected
--------- switch to kernel
04-17 04:40:25.795532     0     0 I         : c1   5397 google_charger: usbchg=USB typec=C usbv=4998 usbc=93 usbMv=5000 usbMc=450
04-17 04:40:25.795703     0     0 I         : c1   5397 sm7250_bms: MSC_PCS chg_state=1c2115f04010009 [0x9:4:1:4447:450] chg=u
04-17 04:40:25.795764     0     0 I         : c1   5397 google_battery: MSC_DIN chg_state=1c2115f04010009 f=0x9 chg_s=Charging chg_t=Taper vchg=4447 icl=450
04-17 04:40:25.797052     0     0 I         : c1   5397 google_battery: MSC_STEADY vt=4430000 vb=4447844 fv_uv=4430000 margin=100000
04-17 04:40:25.797077     0     0 I         : c1   5397 google_battery: hold not defined for msc_state=10
04-17 04:40:25.797103     0     0 I         : c1   5397 google_battery: MSC_RSTC vt=4430000 vb=4447844 fv_uv=4430000 ibatt=-133972 cc_next_max=120000 t_cnt=0
04-17 04:40:25.797120     0     0 I         : c1   5397 google_battery: hold not defined for msc_state=14
04-17 04:40:25.797178     0     0 I         : c1   5397 google_battery: MSC_VOTE msc_state=14 cv_cnt=0 ov_cnt=0 temp_idx:2, vbatt_idx:4  fv_uv=4430000 cc_max=600000 update_interval=2000
04-17 04:40:25.797269     0     0 I         : c1   5397 google_charger: MSC_CHG fv_uv=4430000, cc_max=600000, rerun in 2000 ms (0)
--------- switch to main
04-17 04:40:25.845929   984  1089 W ASH     : @ 11955.524: touch gesture: no valid gesture detected
04-17 04:40:25.910609   984  1089 W ASH     : @ 11955.588: touch gesture: no valid gesture detected
04-17 04:40:25.975381   984  1089 W ASH     : @ 11955.653: touch gesture: no valid gesture detected
04-17 04:40:26.040019   984  1089 W ASH     : @ 11955.718: touch gesture: no valid gesture detected
04-17 04:40:26.105076   984  1089 W ASH     : @ 11955.782: touch gesture: no valid gesture detected
04-17 04:40:26.168955   984  1089 W ASH     : @ 11955.847: touch gesture: no valid gesture detected
04-17 04:40:26.233921   984  1089 W ASH     : @ 11955.911: touch gesture: no valid gesture detected
04-17 04:40:26.298799   984  1089 W ASH     : @ 11955.976: touch gesture: no valid gesture detected
04-17 04:40:26.363521   984  1089 W ASH     : @ 11956.041: touch gesture: no valid gesture detected
04-17 04:40:26.428208   984  1089 W ASH     : @ 11956.105: touch gesture: no valid gesture detected
04-17 04:40:26.490488   984  1089 W ASH     : @ 11956.170: touch gesture: no valid gesture detected
04-17 04:40:26.557242   984  1089 W ASH     : @ 11956.235: touch gesture: no valid gesture detected
04-17 04:40:26.621730   984  1089 W ASH     : @ 11956.299: touch gesture: no valid gesture detected
04-17 04:40:26.685829   984  1089 W ASH     : @ 11956.364: touch gesture: no valid gesture detected
04-17 04:40:26.750937   984  1089 W ASH     : @ 11956.428: touch gesture: no valid gesture detected
04-17 04:40:26.815076   984  1089 W ASH     : @ 11956.493: touch gesture: no valid gesture detected
04-17 04:40:26.879984   984  1089 W ASH     : @ 11956.557: touch gesture: no valid gesture detected
04-17 04:40:26.944232   984  1089 W ASH     : @ 11956.622: touch gesture: no valid gesture detected
04-17 04:40:27.008804   984  1089 W ASH     : @ 11956.686: touch gesture: no valid gesture detected
04-17 04:40:27.073541   984  1089 W ASH     : @ 11956.751: touch gesture: no valid gesture detected
04-17 04:40:27.138108   984  1089 W ASH     : @ 11956.816: touch gesture: no valid gesture detected
04-17 04:40:27.202513   984  1089 W ASH     : @ 11956.880: touch gesture: no valid gesture detected
04-17 04:40:27.267372   984  1089 W ASH     : @ 11956.945: touch gesture: no valid gesture detected
04-17 04:40:27.331998   984  1089 W ASH     : @ 11957.009: touch gesture: no valid gesture detected
04-17 04:40:27.396486   984  1089 W ASH     : @ 11957.074: touch gesture: no valid gesture detected
04-17 04:40:27.461041   984  1089 W ASH     : @ 11957.139: touch gesture: no valid gesture detected
04-17 04:40:27.525631   984  1089 W ASH     : @ 11957.203: touch gesture: no valid gesture detected
04-17 04:40:27.590165   984  1089 W ASH     : @ 11957.268: touch gesture: no valid gesture detected
04-17 04:40:27.654765   984  1089 W ASH     : @ 11957.332: touch gesture: no valid gesture detected
04-17 04:40:27.719428   984  1089 W ASH     : @ 11957.397: touch gesture: no valid gesture detected
04-17 04:40:27.783990   984  1089 W ASH     : @ 11957.462: touch gesture: no valid gesture detected
--------- switch to kernel
04-17 04:40:27.803086     0     0 I         : c1   5397 google_charger: usbchg=USB typec=C usbv=4986 usbc=102 usbMv=5000 usbMc=450
04-17 04:40:27.803265     0     0 I         : c1   5397 sm7250_bms: MSC_PCS chg_state=1c2115f04010009 [0x9:4:1:4447:450] chg=u
04-17 04:40:27.803324     0     0 I         : c1   5397 google_battery: MSC_DIN chg_state=1c2115f04010009 f=0x9 chg_s=Charging chg_t=Taper vchg=4447 icl=450
04-17 04:40:27.804481     0     0 I         : c1   5397 google_battery: MSC_STEADY vt=4430000 vb=4447066 fv_uv=4430000 margin=100000
04-17 04:40:27.804508     0     0 I         : c1   5397 google_battery: hold not defined for msc_state=10
04-17 04:40:27.804530     0     0 I         : c1   5397 google_battery: MSC_RSTC vt=4430000 vb=4447066 fv_uv=4430000 ibatt=-127258 cc_next_max=120000 t_cnt=0
04-17 04:40:27.804545     0     0 I         : c1   5397 google_battery: hold not defined for msc_state=14
04-17 04:40:27.804614     0     0 I         : c1   5397 google_battery: MSC_VOTE msc_state=14 cv_cnt=0 ov_cnt=0 temp_idx:2, vbatt_idx:4  fv_uv=4430000 cc_max=600000 update_interval=2000
04-17 04:40:27.804720     0     0 I         : c1   5397 google_charger: MSC_CHG fv_uv=4430000, cc_max=600000, rerun in 2000 ms (0)
--------- switch to main
04-17 04:40:27.848554   984  1089 W ASH     : @ 11957.526: touch gesture: no valid gesture detected
04-17 04:40:27.913199   984  1089 W ASH     : @ 11957.591: touch gesture: no valid gesture detected
04-17 04:40:27.977537   984  1089 W ASH     : @ 11957.655: touch gesture: no valid gesture detected
04-17 04:40:28.042257   984  1089 W ASH     : @ 11957.720: touch gesture: no valid gesture detected
04-17 04:40:28.106935   984  1089 W ASH     : @ 11957.784: touch gesture: no valid gesture detected
04-17 04:40:28.171457   984  1089 W ASH     : @ 11957.849: touch gesture: no valid gesture detected
04-17 04:40:28.236122   984  1089 W ASH     : @ 11957.913: touch gesture: no valid gesture detected
04-17 04:40:28.300530   984  1089 W ASH     : @ 11957.978: touch gesture: no valid gesture detected
04-17 04:40:28.365128   984  1089 W ASH     : @ 11958.043: touch gesture: no valid gesture detected
04-17 04:40:28.429640   984  1089 W ASH     : @ 11958.107: touch gesture: no valid gesture detected
04-17 04:40:28.494146   984  1089 W ASH     : @ 11958.172: touch gesture: no valid gesture detected
04-17 04:40:28.558650   984  1089 W ASH     : @ 11958.236: touch gesture: no valid gesture detected
04-17 04:40:28.623217   984  1089 W ASH     : @ 11958.301: touch gesture: no valid gesture detected
04-17 04:40:28.687441   984  1089 W ASH     : @ 11958.365: touch gesture: no valid gesture detected
04-17 04:40:28.752145   984  1089 W ASH     : @ 11958.430: touch gesture: no valid gesture detected
04-17 04:40:28.816487   984  1089 W ASH     : @ 11958.494: touch gesture: no valid gesture detected
04-17 04:40:28.881069   984  1089 W ASH     : @ 11958.559: touch gesture: no valid gesture detected
04-17 04:40:28.946065   984  1089 W ASH     : @ 11958.623: touch gesture: no valid gesture detected
04-17 04:40:29.010271   984  1089 W ASH     : @ 11958.688: touch gesture: no valid gesture detected
04-17 04:40:29.075139   984  1089 W ASH     : @ 11958.753: touch gesture: no valid gesture detected
04-17 04:40:29.139577   984  1089 W ASH     : @ 11958.817: touch gesture: no valid gesture detected
04-17 04:40:29.203843   984  1089 W ASH     : @ 11958.882: touch gesture: no valid gesture detected
04-17 04:40:29.268486   984  1089 W ASH     : @ 11958.946: touch gesture: no valid gesture detected
04-17 04:40:29.333052   984  1089 W ASH     : @ 11959.011: touch gesture: no valid gesture detected
04-17 04:40:29.397515   984  1089 W ASH     : @ 11959.075: touch gesture: no valid gesture detected
04-17 04:40:29.461962   984  1089 W ASH     : @ 11959.140: touch gesture: no valid gesture detected
04-17 04:40:29.526748   984  1089 W ASH     : @ 11959.204: touch gesture: no valid gesture detected
04-17 04:40:29.591204   984  1089 W ASH     : @ 11959.269: touch gesture: no valid gesture detected
04-17 04:40:29.656076   984  1089 W ASH     : @ 11959.333: touch gesture: no valid gesture detected
04-17 04:40:29.720256   984  1089 W ASH     : @ 11959.398: touch gesture: no valid gesture detected
04-17 04:40:29.784998   984  1089 W ASH     : @ 11959.462: touch gesture: no valid gesture detected
--------- switch to kernel
04-17 04:40:29.824838     0     0 I         : c1   5397 google_charger: usbchg=USB typec=C usbv=5000 usbc=68 usbMv=5000 usbMc=450
04-17 04:40:29.825138     0     0 I         : c1   5397 sm7250_bms: MSC_PCS chg_state=1c2115f04010009 [0x9:4:1:4447:450] chg=u
04-17 04:40:29.825236     0     0 I         : c1   5397 google_battery: MSC_DIN chg_state=1c2115f04010009 f=0x9 chg_s=Charging chg_t=Taper vchg=4447 icl=450
04-17 04:40:29.827092     0     0 I         : c1   5397 google_battery: MSC_STEADY vt=4430000 vb=4447844 fv_uv=4430000 margin=100000
04-17 04:40:29.827126     0     0 I         : c1   5397 google_battery: hold not defined for msc_state=10
04-17 04:40:29.827156     0     0 I         : c1   5397 google_battery: MSC_RSTC vt=4430000 vb=4447844 fv_uv=4430000 ibatt=-136413 cc_next_max=120000 t_cnt=0
04-17 04:40:29.827175     0     0 I         : c1   5397 google_battery: hold not defined for msc_state=14
04-17 04:40:29.827237     0     0 I         : c1   5397 google_battery: MSC_VOTE msc_state=14 cv_cnt=0 ov_cnt=0 temp_idx:2, vbatt_idx:4  fv_uv=4430000 cc_max=600000 update_interval=2000
04-17 04:40:29.827355     0     0 I         : c1   5397 google_charger: MSC_CHG fv_uv=4430000, cc_max=600000, rerun in 2000 ms (0)
--------- switch to main
04-17 04:40:29.849419   984  1089 W ASH     : @ 11959.527: touch gesture: no valid gesture detected
04-17 04:40:29.914174   984  1089 W ASH     : @ 11959.592: touch gesture: no valid gesture detected
04-17 04:40:29.972330   990  1023 D rlsservice: MonitorDisplayStatus client num 0, display status 0, sensor status 0
04-17 04:40:29.977413   984  1089 W ASH     : @ 11959.656: touch gesture: no valid gesture detected
04-17 04:40:30.043387   984  1089 W ASH     : @ 11959.721: touch gesture: no valid gesture detected
04-17 04:40:30.107799   984  1089 W ASH     : @ 11959.785: touch gesture: no valid gesture detected
04-17 04:40:30.172528   984  1089 W ASH     : @ 11959.850: touch gesture: no valid gesture detected
04-17 04:40:30.237324   984  1089 W ASH     : @ 11959.914: touch gesture: no valid gesture detected
04-17 04:40:30.301486   984  1089 W ASH     : @ 11959.979: touch gesture: no valid gesture detected
04-17 04:40:30.366004   984  1089 W ASH     : @ 11960.044: touch gesture: no valid gesture detected
04-17 04:40:30.430569   984  1089 W ASH     : @ 11960.108: touch gesture: no valid gesture detected
04-17 04:40:30.495112   984  1089 W ASH     : @ 11960.173: touch gesture: no valid gesture detected
04-17 04:40:30.559456   984  1089 W ASH     : @ 11960.237: touch gesture: no valid gesture detected
04-17 04:40:30.624090   984  1089 W ASH     : @ 11960.302: touch gesture: no valid gesture detected
04-17 04:40:30.688510   984  1089 W ASH     : @ 11960.366: touch gesture: no valid gesture detected
04-17 04:40:30.753057   984  1089 W ASH     : @ 11960.431: touch gesture: no valid gesture detected
04-17 04:40:30.817598   984  1089 W ASH     : @ 11960.495: touch gesture: no valid gesture detected
04-17 04:40:30.882356   984  1089 W ASH     : @ 11960.560: touch gesture: no valid gesture detected
--------- switch to kernel
04-17 04:40:30.940916     0     0 W         : c5    973 healthd: battery l=100 v=4447 t=22.8 h=2 st=2 c=131530 fc=3349000 cc=353 chg=u
--------- switch to main
04-17 04:40:30.944978   984  1089 W ASH     : @ 11960.624: touch gesture: no valid gesture detected
--------- switch to kernel
04-17 04:40:31.005717     0     0 I         : c4   5341 qcom_rpmh DRV:apps_rsc TCS Busy, retrying RPMH message send: addr=0x30000
--------- switch to main
04-17 04:40:31.009415   984  1089 W ASH     : @ 11960.689: touch gesture: no valid gesture detected
04-17 04:40:31.075784   984  1089 W ASH     : @ 11960.753: touch gesture: no valid gesture detected
04-17 04:40:31.140583   984  1089 W ASH     : @ 11960.818: touch gesture: no valid gesture detected
04-17 04:40:31.204365   984  1089 W ASH     : @ 11960.882: touch gesture: no valid gesture detected
04-17 04:40:31.269687   984  1089 W ASH     : @ 11960.947: touch gesture: no valid gesture detected
04-17 04:40:31.333909   984  1089 W ASH     : @ 11961.012: touch gesture: no valid gesture detected
04-17 04:40:31.398494   984  1089 W ASH     : @ 11961.076: touch gesture: no valid gesture detected
04-17 04:40:31.463062   984  1089 W ASH     : @ 11961.141: touch gesture: no valid gesture detected
04-17 04:40:31.527869   984  1089 W ASH     : @ 11961.205: touch gesture: no valid gesture detected
04-17 04:40:31.591062   984  1089 W ASH     : @ 11961.270: touch gesture: no valid gesture detected
04-17 04:40:31.656597   984  1089 W ASH     : @ 11961.334: touch gesture: no valid gesture detected
04-17 04:40:31.721623   984  1089 W ASH     : @ 11961.399: touch gesture: no valid gesture detected
04-17 04:40:31.785661   984  1089 W ASH     : @ 11961.463: touch gesture: no valid gesture detected
--------- switch to kernel
04-17 04:40:31.833819     0     0 I         : c1   5397 google_charger: usbchg=USB typec=C usbv=5001 usbc=81 usbMv=5000 usbMc=450
04-17 04:40:31.834003     0     0 I         : c1   5397 sm7250_bms: MSC_PCS chg_state=1c2115f04010009 [0x9:4:1:4447:450] chg=u
04-17 04:40:31.834061     0     0 I         : c1   5397 google_battery: MSC_DIN chg_state=1c2115f04010009 f=0x9 chg_s=Charging chg_t=Taper vchg=4447 icl=450
04-17 04:40:31.835714     0     0 I         : c1   5397 google_battery: MSC_STEADY vt=4430000 vb=4447650 fv_uv=4430000 margin=100000
04-17 04:40:31.835740     0     0 I         : c1   5397 google_battery: hold not defined for msc_state=10
04-17 04:40:31.835764     0     0 I         : c1   5397 google_battery: MSC_RSTC vt=4430000 vb=4447650 fv_uv=4430000 ibatt=-127563 cc_next_max=120000 t_cnt=0
04-17 04:40:31.835779     0     0 I         : c1   5397 google_battery: hold not defined for msc_state=14
04-17 04:40:31.835832     0     0 I         : c1   5397 google_battery: MSC_VOTE msc_state=14 cv_cnt=0 ov_cnt=0 temp_idx:2, vbatt_idx:4  fv_uv=4430000 cc_max=600000 update_interval=2000
04-17 04:40:31.835912     0     0 I         : c1   5397 google_charger: MSC_CHG fv_uv=4430000, cc_max=600000, rerun in 2000 ms (0)
--------- switch to main
04-17 04:40:31.848815   984  1089 W ASH     : @ 11961.528: touch gesture: no valid gesture detected
04-17 04:40:31.914923   984  1089 W ASH     : @ 11961.592: touch gesture: no valid gesture detected
04-17 04:40:31.979183   984  1089 W ASH     : @ 11961.657: touch gesture: no valid gesture detected
04-17 04:40:32.043585   984  1089 W ASH     : @ 11961.721: touch gesture: no valid gesture detected
04-17 04:40:32.108326   984  1089 W ASH     : @ 11961.786: touch gesture: no valid gesture detected
04-17 04:40:32.172836   984  1089 W ASH     : @ 11961.850: touch gesture: no valid gesture detected
04-17 04:40:32.237298   984  1089 W ASH     : @ 11961.915: touch gesture: no valid gesture detected
04-17 04:40:32.301657   984  1089 W ASH     : @ 11961.979: touch gesture: no valid gesture detected
04-17 04:40:32.366474   984  1089 W ASH     : @ 11962.044: touch gesture: no valid gesture detected
04-17 04:40:32.431094   984  1089 W ASH     : @ 11962.109: touch gesture: no valid gesture detected
04-17 04:40:32.495810   984  1089 W ASH     : @ 11962.173: touch gesture: no valid gesture detected
04-17 04:40:32.560626   984  1089 W ASH     : @ 11962.238: touch gesture: no valid gesture detected
04-17 04:40:32.624839   984  1089 W ASH     : @ 11962.302: touch gesture: no valid gesture detected
04-17 04:40:32.689550   984  1089 W ASH     : @ 11962.367: touch gesture: no valid gesture detected
04-17 04:40:32.754817   984  1089 W ASH     : @ 11962.432: touch gesture: no valid gesture detected
04-17 04:40:32.818977   984  1089 W ASH     : @ 11962.496: touch gesture: no valid gesture detected
04-17 04:40:32.883212   984  1089 W ASH     : @ 11962.561: touch gesture: no valid gesture detected
04-17 04:40:32.948334   984  1089 W ASH     : @ 11962.626: touch gesture: no valid gesture detected
04-17 04:40:33.012726   984  1089 W ASH     : @ 11962.690: touch gesture: no valid gesture detected
04-17 04:40:33.077001   984  1089 W ASH     : @ 11962.755: touch gesture: no valid gesture detected
04-17 04:40:33.142093   984  1089 W ASH     : @ 11962.819: touch gesture: no valid gesture detected
04-17 04:40:33.206609   984  1089 W ASH     : @ 11962.884: touch gesture: no valid gesture detected
04-17 04:40:33.270196   984  1089 W ASH     : @ 11962.949: touch gesture: no valid gesture detected
04-17 04:40:33.335815   984  1089 W ASH     : @ 11963.013: touch gesture: no valid gesture detected
04-17 04:40:33.400292   984  1089 W ASH     : @ 11963.078: touch gesture: no valid gesture detected
04-17 04:40:33.464771   984  1089 W ASH     : @ 11963.142: touch gesture: no valid gesture detected
04-17 04:40:33.529447   984  1089 W ASH     : @ 11963.207: touch gesture: no valid gesture detected
04-17 04:40:33.593789   984  1089 W ASH     : @ 11963.272: touch gesture: no valid gesture detected
04-17 04:40:33.658541   984  1089 W ASH     : @ 11963.336: touch gesture: no valid gesture detected
04-17 04:40:33.723009   984  1089 W ASH     : @ 11963.401: touch gesture: no valid gesture detected
04-17 04:40:33.787644   984  1089 W ASH     : @ 11963.465: touch gesture: no valid gesture detected
--------- switch to kernel
04-17 04:40:33.844683     0     0 I         : c1   5397 google_charger: usbchg=USB typec=C usbv=4996 usbc=88 usbMv=5000 usbMc=450
04-17 04:40:33.844855     0     0 I         : c1   5397 sm7250_bms: MSC_PCS chg_state=1c2115e04010009 [0x9:4:1:4446:450] chg=u
04-17 04:40:33.844927     0     0 I         : c1   5397 google_battery: MSC_DIN chg_state=1c2115e04010009 f=0x9 chg_s=Charging chg_t=Taper vchg=4446 icl=450
04-17 04:40:33.846315     0     0 I         : c1   5397 google_battery: MSC_STEADY vt=4430000 vb=4446482 fv_uv=4430000 margin=100000
04-17 04:40:33.846337     0     0 I         : c1   5397 google_battery: hold not defined for msc_state=10
04-17 04:40:33.846361     0     0 I         : c1   5397 google_battery: MSC_RSTC vt=4430000 vb=4446482 fv_uv=4430000 ibatt=-129699 cc_next_max=120000 t_cnt=0
04-17 04:40:33.846376     0     0 I         : c1   5397 google_battery: hold not defined for msc_state=14
04-17 04:40:33.846428     0     0 I         : c1   5397 google_battery: MSC_VOTE msc_state=14 cv_cnt=0 ov_cnt=0 temp_idx:2, vbatt_idx:4  fv_uv=4430000 cc_max=600000 update_interval=2000
04-17 04:40:33.846521     0     0 I         : c1   5397 google_charger: MSC_CHG fv_uv=4430000, cc_max=600000, rerun in 2000 ms (0)
--------- switch to main
04-17 04:40:33.850490   984  1089 W ASH     : @ 11963.530: touch gesture: no valid gesture detected
04-17 04:40:33.916434   984  1089 W ASH     : @ 11963.594: touch gesture: no valid gesture detected
04-17 04:40:33.981026   984  1089 W ASH     : @ 11963.659: touch gesture: no valid gesture detected
04-17 04:40:34.045580   984  1089 W ASH     : @ 11963.723: touch gesture: no valid gesture detected
04-17 04:40:34.110204   984  1089 W ASH     : @ 11963.788: touch gesture: no valid gesture detected
04-17 04:40:34.174973   984  1089 W ASH     : @ 11963.852: touch gesture: no valid gesture detected
04-17 04:40:34.239059   984  1089 W ASH     : @ 11963.917: touch gesture: no valid gesture detected
04-17 04:40:34.303746   984  1089 W ASH     : @ 11963.981: touch gesture: no valid gesture detected
04-17 04:40:34.368452   984  1089 W ASH     : @ 11964.046: touch gesture: no valid gesture detected
04-17 04:40:34.432951   984  1089 W ASH     : @ 11964.111: touch gesture: no valid gesture detected
04-17 04:40:34.497425   984  1089 W ASH     : @ 11964.175: touch gesture: no valid gesture detected
04-17 04:40:34.562671   984  1089 W ASH     : @ 11964.240: touch gesture: no valid gesture detected
04-17 04:40:34.626565   984  1089 W ASH     : @ 11964.304: touch gesture: no valid gesture detected
04-17 04:40:34.691042   984  1089 W ASH     : @ 11964.369: touch gesture: no valid gesture detected
04-17 04:40:34.755764   984  1089 W ASH     : @ 11964.433: touch gesture: no valid gesture detected
04-17 04:40:34.820373   984  1089 W ASH     : @ 11964.498: touch gesture: no valid gesture detected
04-17 04:40:34.884935   984  1089 W ASH     : @ 11964.562: touch gesture: no valid gesture detected
04-17 04:40:34.949218   984  1089 W ASH     : @ 11964.627: touch gesture: no valid gesture detected
04-17 04:40:35.013849   984  1089 W ASH     : @ 11964.692: touch gesture: no valid gesture detected
04-17 04:40:35.078678   984  1089 W ASH     : @ 11964.756: touch gesture: no valid gesture detected
04-17 04:40:35.143141   984  1089 W ASH     : @ 11964.821: touch gesture: no valid gesture detected
04-17 04:40:35.207623   984  1089 W ASH     : @ 11964.885: touch gesture: no valid gesture detected
04-17 04:40:35.272157   984  1089 W ASH     : @ 11964.950: touch gesture: no valid gesture detected
04-17 04:40:35.336768   984  1089 W ASH     : @ 11965.014: touch gesture: no valid gesture detected
04-17 04:40:35.401530   984  1089 W ASH     : @ 11965.079: touch gesture: no valid gesture detected
