04-17 06:26:25.450294   984  1089 W ASH     : @ 18315.127: touch gesture: no valid gesture detected
04-17 06:26:25.514371   984  1089 W ASH     : @ 18315.191: touch gesture: no valid gesture detected
04-17 06:26:25.578663   984  1089 W ASH     : @ 18315.255: touch gesture: no valid gesture detected
04-17 06:26:25.642454   984  1089 W ASH     : @ 18315.320: touch gesture: no valid gesture detected
04-17 06:26:25.707040   984  1089 W ASH     : @ 18315.384: touch gesture: no valid gesture detected
04-17 06:26:25.771306   984  1089 W ASH     : @ 18315.448: touch gesture: no valid gesture detected
04-17 06:26:25.835636   984  1089 W ASH     : @ 18315.513: touch gesture: no valid gesture detected
04-17 06:26:25.900238   984  1089 W ASH     : @ 18315.577: touch gesture: no valid gesture detected
04-17 06:26:25.964648   984  1089 W ASH     : @ 18315.641: touch gesture: no valid gesture detected
04-17 06:26:26.028832   984  1089 W ASH     : @ 18315.706: touch gesture: no valid gesture detected
04-17 06:26:26.093532   984  1089 W ASH     : @ 18315.770: touch gesture: no valid gesture detected
04-17 06:26:26.157959   984  1089 W ASH     : @ 18315.834: touch gesture: no valid gesture detected
04-17 06:26:26.221712   984  1089 W ASH     : @ 18315.899: touch gesture: no valid gesture detected
04-17 06:26:26.286073   984  1089 W ASH     : @ 18315.963: touch gesture: no valid gesture detected
04-17 06:26:26.350033   984  1089 W ASH     : @ 18316.027: touch gesture: no valid gesture detected
04-17 06:26:26.414587   984  1089 W ASH     : @ 18316.091: touch gesture: no valid gesture detected
04-17 06:26:26.479033   984  1089 W ASH     : @ 18316.156: touch gesture: no valid gesture detected
04-17 06:26:26.543208   984  1089 W ASH     : @ 18316.220: touch gesture: no valid gesture detected
04-17 06:26:26.607536   984  1089 W ASH     : @ 18316.284: touch gesture: no valid gesture detected
04-17 06:26:26.671698   984  1089 W ASH     : @ 18316.349: touch gesture: no valid gesture detected
04-17 06:26:26.735789   984  1089 W ASH     : @ 18316.413: touch gesture: no valid gesture detected
04-17 06:26:26.800072   984  1089 W ASH     : @ 18316.477: touch gesture: no valid gesture detected
04-17 06:26:26.864383   984  1089 W ASH     : @ 18316.541: touch gesture: no valid gesture detected
04-17 06:26:26.928563   984  1089 W ASH     : @ 18316.606: touch gesture: no valid gesture detected
04-17 06:26:26.993141   984  1089 W ASH     : @ 18316.670: touch gesture: no valid gesture detected
04-17 06:26:27.057074   984  1089 W ASH     : @ 18316.734: touch gesture: no valid gesture detected
04-17 06:26:27.121295   984  1089 W ASH     : @ 18316.799: touch gesture: no valid gesture detected
04-17 06:26:27.185937   984  1089 W ASH     : @ 18316.863: touch gesture: no valid gesture detected
04-17 06:26:27.250185   984  1089 W ASH     : @ 18316.927: touch gesture: no valid gesture detected
04-17 06:26:27.314473   984  1089 W ASH     : @ 18316.992: touch gesture: no valid gesture detected
04-17 06:26:27.378802   984  1089 W ASH     : @ 18317.056: touch gesture: no valid gesture detected
04-17 06:26:27.443099   984  1089 W ASH     : @ 18317.120: touch gesture: no valid gesture detected
04-17 06:26:27.507619   984  1089 W ASH     : @ 18317.184: touch gesture: no valid gesture detected
04-17 06:26:27.571628   984  1089 W ASH     : @ 18317.249: touch gesture: no valid gesture detected
04-17 06:26:27.636182   984  1089 W ASH     : @ 18317.313: touch gesture: no valid gesture detected
04-17 06:26:27.700900   984  1089 W ASH     : @ 18317.377: touch gesture: no valid gesture detected
04-17 06:26:27.764526   984  1089 W ASH     : @ 18317.442: touch gesture: no valid gesture detected
04-17 06:26:27.829068   984  1089 W ASH     : @ 18317.506: touch gesture: no valid gesture detected
04-17 06:26:27.893202   984  1089 W ASH     : @ 18317.570: touch gesture: no valid gesture detected
04-17 06:26:27.957507   984  1089 W ASH     : @ 18317.635: touch gesture: no valid gesture detected
04-17 06:26:28.021922   984  1089 W ASH     : @ 18317.699: touch gesture: no valid gesture detected
04-17 06:26:28.085986   984  1089 W ASH     : @ 18317.763: touch gesture: no valid gesture detected
04-17 06:26:28.150431   984  1089 W ASH     : @ 18317.827: touch gesture: no valid gesture detected
04-17 06:26:28.214646   984  1089 W ASH     : @ 18317.892: touch gesture: no valid gesture detected
04-17 06:26:28.278718   984  1089 W ASH     : @ 18317.956: touch gesture: no valid gesture detected
04-17 06:26:28.343104   984  1089 W ASH     : @ 18318.020: touch gesture: no valid gesture detected
04-17 06:26:28.407765   984  1089 W ASH     : @ 18318.085: touch gesture: no valid gesture detected
04-17 06:26:28.471995   984  1089 W ASH     : @ 18318.149: touch gesture: no valid gesture detected
04-17 06:26:28.536397   984  1089 W ASH     : @ 18318.213: touch gesture: no valid gesture detected
04-17 06:26:28.600763   984  1089 W ASH     : @ 18318.278: touch gesture: no valid gesture detected
04-17 06:26:28.665060   984  1089 W ASH     : @ 18318.342: touch gesture: no valid gesture detected
04-17 06:26:28.729097   984  1089 W ASH     : @ 18318.406: touch gesture: no valid gesture detected
04-17 06:26:28.793609   984  1089 W ASH     : @ 18318.470: touch gesture: no valid gesture detected
04-17 06:26:28.857843   984  1089 W ASH     : @ 18318.535: touch gesture: no valid gesture detected
04-17 06:26:28.921910   984  1089 W ASH     : @ 18318.599: touch gesture: no valid gesture detected
04-17 06:26:28.986347   984  1089 W ASH     : @ 18318.664: touch gesture: no valid gesture detected
04-17 06:26:29.050785   984  1089 W ASH     : @ 18318.728: touch gesture: no valid gesture detected
04-17 06:26:29.114968   984  1089 W ASH     : @ 18318.792: touch gesture: no valid gesture detected
04-17 06:26:29.179279   984  1089 W ASH     : @ 18318.856: touch gesture: no valid gesture detected
04-17 06:26:29.243641   984  1089 W ASH     : @ 18318.921: touch gesture: no valid gesture detected
04-17 06:26:29.308194   984  1089 W ASH     : @ 18318.985: touch gesture: no valid gesture detected
04-17 06:26:29.372295   984  1089 W ASH     : @ 18319.049: touch gesture: no valid gesture detected
04-17 06:26:29.436876   984  1089 W ASH     : @ 18319.114: touch gesture: no valid gesture detected
04-17 06:26:29.501182   984  1089 W ASH     : @ 18319.178: touch gesture: no valid gesture detected
04-17 06:26:29.563733   984  1089 W ASH     : @ 18319.242: touch gesture: no valid gesture detected
04-17 06:26:29.629946   984  1089 W ASH     : @ 18319.307: touch gesture: no valid gesture detected
04-17 06:26:29.693851   984  1089 W ASH     : @ 18319.371: touch gesture: no valid gesture detected
04-17 06:26:29.758263   984  1089 W ASH     : @ 18319.435: touch gesture: no valid gesture detected
04-17 06:26:29.822714   984  1089 W ASH     : @ 18319.500: touch gesture: no valid gesture detected
04-17 06:26:29.886715   984  1089 W ASH     : @ 18319.564: touch gesture: no valid gesture detected
04-17 06:26:29.951153   984  1089 W ASH     : @ 18319.628: touch gesture: no valid gesture detected
04-17 06:26:30.015666   984  1089 W ASH     : @ 18319.693: touch gesture: no valid gesture detected
04-17 06:26:30.079933   984  1089 W ASH     : @ 18319.757: touch gesture: no valid gesture detected
04-17 06:26:30.144320   984  1089 W ASH     : @ 18319.821: touch gesture: no valid gesture detected
04-17 06:26:30.208882   984  1089 W ASH     : @ 18319.886: touch gesture: no valid gesture detected
04-17 06:26:30.273292   984  1089 W ASH     : @ 18319.950: touch gesture: no valid gesture detected
04-17 06:26:30.337589   984  1089 W ASH     : @ 18320.015: touch gesture: no valid gesture detected
04-17 06:26:30.401800   984  1089 W ASH     : @ 18320.079: touch gesture: no valid gesture detected
04-17 06:26:30.405267   990  1023 D rlsservice: MonitorDisplayStatus client num 0, display status 0, sensor status 0
04-17 06:26:30.465953   984  1089 W ASH     : @ 18320.143: touch gesture: no valid gesture detected
04-17 06:26:30.530367   984  1089 W ASH     : @ 18320.208: touch gesture: no valid gesture detected
04-17 06:26:30.594887   984  1089 W ASH     : @ 18320.272: touch gesture: no valid gesture detected
04-17 06:26:30.657625   984  1089 W ASH     : @ 18320.336: touch gesture: no valid gesture detected
04-17 06:26:30.723617   984  1089 W ASH     : @ 18320.400: touch gesture: no valid gesture detected
04-17 06:26:30.787838   984  1089 W ASH     : @ 18320.465: touch gesture: no valid gesture detected
04-17 06:26:30.852311   984  1089 W ASH     : @ 18320.529: touch gesture: no valid gesture detected
04-17 06:26:30.916974   984  1089 W ASH     : @ 18320.594: touch gesture: no valid gesture detected
--------- switch to kernel
04-17 06:26:30.936974     0     0 W         : c0    973 healthd: battery l=100 v=4443 t=22.8 h=2 st=5 c=3662 fc=3349000 cc=353 chg=u
--------- switch to main
04-17 06:26:30.979025   984  1089 W ASH     : @ 18320.658: touch gesture: no valid gesture detected
04-17 06:26:31.044930   984  1089 W ASH     : @ 18320.722: touch gesture: no valid gesture detected
04-17 06:26:31.109451   984  1089 W ASH     : @ 18320.787: touch gesture: no valid gesture detected
04-17 06:26:31.173571   984  1089 W ASH     : @ 18320.851: touch gesture: no valid gesture detected
04-17 06:26:31.238621   984  1089 W ASH     : @ 18320.915: touch gesture: no valid gesture detected
04-17 06:26:31.302387   984  1089 W ASH     : @ 18320.979: touch gesture: no valid gesture detected
04-17 06:26:31.366795   984  1089 W ASH     : @ 18321.044: touch gesture: no valid gesture detected
04-17 06:26:31.431052   984  1089 W ASH     : @ 18321.108: touch gesture: no valid gesture detected
04-17 06:26:31.495595   984  1089 W ASH     : @ 18321.172: touch gesture: no valid gesture detected
04-17 06:26:31.559839   984  1089 W ASH     : @ 18321.237: touch gesture: no valid gesture detected
04-17 06:26:31.624069   984  1089 W ASH     : @ 18321.301: touch gesture: no valid gesture detected
04-17 06:26:31.688470   984  1089 W ASH     : @ 18321.365: touch gesture: no valid gesture detected
04-17 06:26:31.752629   984  1089 W ASH     : @ 18321.430: touch gesture: no valid gesture detected
04-17 06:26:31.816861   984  1089 W ASH     : @ 18321.494: touch gesture: no valid gesture detected
04-17 06:26:31.881270   984  1089 W ASH     : @ 18321.558: touch gesture: no valid gesture detected
04-17 06:26:31.945525   984  1089 W ASH     : @ 18321.623: touch gesture: no valid gesture detected
04-17 06:26:32.009991   984  1089 W ASH     : @ 18321.687: touch gesture: no valid gesture detected
04-17 06:26:32.074747   984  1089 W ASH     : @ 18321.752: touch gesture: no valid gesture detected
04-17 06:26:32.138999   984  1089 W ASH     : @ 18321.816: touch gesture: no valid gesture detected
04-17 06:26:32.203734   984  1089 W ASH     : @ 18321.880: touch gesture: no valid gesture detected
04-17 06:26:32.267772   984  1089 W ASH     : @ 18321.945: touch gesture: no valid gesture detected
04-17 06:26:32.332105   984  1089 W ASH     : @ 18322.009: touch gesture: no valid gesture detected
04-17 06:26:32.396296   984  1089 W ASH     : @ 18322.073: touch gesture: no valid gesture detected
04-17 06:26:32.461092   984  1089 W ASH     : @ 18322.138: touch gesture: no valid gesture detected
04-17 06:26:32.525100   984  1089 W ASH     : @ 18322.202: touch gesture: no valid gesture detected
04-17 06:26:32.589502   984  1089 W ASH     : @ 18322.266: touch gesture: no valid gesture detected
04-17 06:26:32.653778   984  1089 W ASH     : @ 18322.331: touch gesture: no valid gesture detected
04-17 06:26:32.718224   984  1089 W ASH     : @ 18322.395: touch gesture: no valid gesture detected
04-17 06:26:32.782386   984  1089 W ASH     : @ 18322.460: touch gesture: no valid gesture detected
04-17 06:26:32.847179   984  1089 W ASH     : @ 18322.524: touch gesture: no valid gesture detected
04-17 06:26:32.911722   984  1089 W ASH     : @ 18322.588: touch gesture: no valid gesture detected
04-17 06:26:32.975977   984  1089 W ASH     : @ 18322.653: touch gesture: no valid gesture detected
04-17 06:26:33.040216   984  1089 W ASH     : @ 18322.717: touch gesture: no valid gesture detected
04-17 06:26:33.105071   984  1089 W ASH     : @ 18322.782: touch gesture: no valid gesture detected
04-17 06:26:33.169285   984  1089 W ASH     : @ 18322.846: touch gesture: no valid gesture detected
04-17 06:26:33.233255   984  1089 W ASH     : @ 18322.910: touch gesture: no valid gesture detected
04-17 06:26:33.298011   984  1089 W ASH     : @ 18322.975: touch gesture: no valid gesture detected
04-17 06:26:33.362619   984  1089 W ASH     : @ 18323.039: touch gesture: no valid gesture detected
04-17 06:26:33.426696   984  1089 W ASH     : @ 18323.104: touch gesture: no valid gesture detected
04-17 06:26:33.491313   984  1089 W ASH     : @ 18323.168: touch gesture: no valid gesture detected
04-17 06:26:33.555843   984  1089 W ASH     : @ 18323.233: touch gesture: no valid gesture detected
04-17 06:26:33.620029   984  1089 W ASH     : @ 18323.297: touch gesture: no valid gesture detected
04-17 06:26:33.684397   984  1089 W ASH     : @ 18323.362: touch gesture: no valid gesture detected
04-17 06:26:33.749081   984  1089 W ASH     : @ 18323.426: touch gesture: no valid gesture detected
04-17 06:26:33.813199   984  1089 W ASH     : @ 18323.490: touch gesture: no valid gesture detected
04-17 06:26:33.878095   984  1089 W ASH     : @ 18323.555: touch gesture: no valid gesture detected
04-17 06:26:33.942501   984  1089 W ASH     : @ 18323.620: touch gesture: no valid gesture detected
04-17 06:26:34.007154   984  1089 W ASH     : @ 18323.684: touch gesture: no valid gesture detected
04-17 06:26:34.071244   984  1089 W ASH     : @ 18323.748: touch gesture: no valid gesture detected
04-17 06:26:34.135516   984  1089 W ASH     : @ 18323.813: touch gesture: no valid gesture detected
04-17 06:26:34.200530   984  1089 W ASH     : @ 18323.877: touch gesture: no valid gesture detected
04-17 06:26:34.264600   984  1089 W ASH     : @ 18323.941: touch gesture: no valid gesture detected
04-17 06:26:34.328462   984  1089 W ASH     : @ 18324.006: touch gesture: no valid gesture detected
04-17 06:26:34.392928   984  1089 W ASH     : @ 18324.070: touch gesture: no valid gesture detected
04-17 06:26:34.457819   984  1089 W ASH     : @ 18324.134: touch gesture: no valid gesture detected
04-17 06:26:34.521917   984  1089 W ASH     : @ 18324.199: touch gesture: no valid gesture detected
04-17 06:26:34.586107   984  1089 W ASH     : @ 18324.263: touch gesture: no valid gesture detected
04-17 06:26:34.650309   984  1089 W ASH     : @ 18324.327: touch gesture: no valid gesture detected
04-17 06:26:34.714849   984  1089 W ASH     : @ 18324.392: touch gesture: no valid gesture detected
04-17 06:26:34.779210   984  1089 W ASH     : @ 18324.456: touch gesture: no valid gesture detected
04-17 06:26:34.843720   984  1089 W ASH     : @ 18324.521: touch gesture: no valid gesture detected
04-17 06:26:34.907882   984  1089 W ASH     : @ 18324.585: touch gesture: no valid gesture detected
04-17 06:26:34.972309   984  1089 W ASH     : @ 18324.649: touch gesture: no valid gesture detected
04-17 06:26:35.036667   984  1089 W ASH     : @ 18324.714: touch gesture: no valid gesture detected
04-17 06:26:35.101153   984  1089 W ASH     : @ 18324.778: touch gesture: no valid gesture detected
04-17 06:26:35.165361   984  1089 W ASH     : @ 18324.842: touch gesture: no valid gesture detected
04-17 06:26:35.229570   984  1089 W ASH     : @ 18324.907: touch gesture: no valid gesture detected
04-17 06:26:35.294176   984  1089 W ASH     : @ 18324.971: touch gesture: no valid gesture detected
04-17 06:26:35.358514   984  1089 W ASH     : @ 18325.035: touch gesture: no valid gesture detected
04-17 06:26:35.422677   984  1089 W ASH     : @ 18325.100: touch gesture: no valid gesture detected
04-17 06:26:35.487504   984  1089 W ASH     : @ 18325.164: touch gesture: no valid gesture detected
04-17 06:26:35.551427   984  1089 W ASH     : @ 18325.229: touch gesture: no valid gesture detected
04-17 06:26:35.615947   984  1089 W ASH     : @ 18325.293: touch gesture: no valid gesture detected
04-17 06:26:35.680560   984  1089 W ASH     : @ 18325.357: touch gesture: no valid gesture detected
04-17 06:26:35.745304   984  1089 W ASH     : @ 18325.422: touch gesture: no valid gesture detected
04-17 06:26:35.809370   984  1089 W ASH     : @ 18325.486: touch gesture: no valid gesture detected
04-17 06:26:35.873842   984  1089 W ASH     : @ 18325.551: touch gesture: no valid gesture detected
04-17 06:26:35.938292   984  1089 W ASH     : @ 18325.615: touch gesture: no valid gesture detected
04-17 06:26:36.002760   984  1089 W ASH     : @ 18325.680: touch gesture: no valid gesture detected
04-17 06:26:36.066814   984  1089 W ASH     : @ 18325.744: touch gesture: no valid gesture detected
04-17 06:26:36.131460   984  1089 W ASH     : @ 18325.808: touch gesture: no valid gesture detected
04-17 06:26:36.196059   984  1089 W ASH     : @ 18325.873: touch gesture: no valid gesture detected
04-17 06:26:36.260399   984  1089 W ASH     : @ 18325.937: touch gesture: no valid gesture detected
04-17 06:26:36.324374   984  1089 W ASH     : @ 18326.002: touch gesture: no valid gesture detected
04-17 06:26:36.389032   984  1089 W ASH     : @ 18326.066: touch gesture: no valid gesture detected
04-17 06:26:36.453032   984  1089 W ASH     : @ 18326.130: touch gesture: no valid gesture detected
04-17 06:26:36.517708   984  1089 W ASH     : @ 18326.195: touch gesture: no valid gesture detected
04-17 06:26:36.581892   984  1089 W ASH     : @ 18326.259: touch gesture: no valid gesture detected
04-17 06:26:36.645996   984  1089 W ASH     : @ 18326.323: touch gesture: no valid gesture detected
04-17 06:26:36.710188   984  1089 W ASH     : @ 18326.388: touch gesture: no valid gesture detected
04-17 06:26:36.775061   984  1089 W ASH     : @ 18326.452: touch gesture: no valid gesture detected
04-17 06:26:36.839585   984  1089 W ASH     : @ 18326.516: touch gesture: no valid gesture detected
04-17 06:26:36.903640   984  1089 W ASH     : @ 18326.581: touch gesture: no valid gesture detected
04-17 06:26:36.967862   984  1089 W ASH     : @ 18326.645: touch gesture: no valid gesture detected
04-17 06:26:37.031233   984  1089 W ASH     : @ 18326.709: touch gesture: no valid gesture detected
04-17 06:26:37.096880   984  1089 W ASH     : @ 18326.774: touch gesture: no valid gesture detected
04-17 06:26:37.161558   984  1089 W ASH     : @ 18326.838: touch gesture: no valid gesture detected
04-17 06:26:37.225499   984  1089 W ASH     : @ 18326.902: touch gesture: no valid gesture detected
04-17 06:26:37.289555   984  1089 W ASH     : @ 18326.967: touch gesture: no valid gesture detected
04-17 06:26:37.354724   984  1089 W ASH     : @ 18327.031: touch gesture: no valid gesture detected
04-17 06:26:37.418326   984  1089 W ASH     : @ 18327.095: touch gesture: no valid gesture detected
04-17 06:26:37.483282   984  1089 W ASH     : @ 18327.160: touch gesture: no valid gesture detected
04-17 06:26:37.547022   984  1089 W ASH     : @ 18327.224: touch gesture: no valid gesture detected
04-17 06:26:37.611587   984  1089 W ASH     : @ 18327.289: touch gesture: no valid gesture detected
04-17 06:26:37.676023   984  1089 W ASH     : @ 18327.353: touch gesture: no valid gesture detected
04-17 06:26:37.740301   984  1089 W ASH     : @ 18327.417: touch gesture: no valid gesture detected
04-17 06:26:37.804348   984  1089 W ASH     : @ 18327.482: touch gesture: no valid gesture detected
04-17 06:26:37.868791   984  1089 W ASH     : @ 18327.546: touch gesture: no valid gesture detected
04-17 06:26:37.933085   984  1089 W ASH     : @ 18327.610: touch gesture: no valid gesture detected
04-17 06:26:37.997760   984  1089 W ASH     : @ 18327.675: touch gesture: no valid gesture detected
04-17 06:26:38.062008   984  1089 W ASH     : @ 18327.739: touch gesture: no valid gesture detected
04-17 06:26:38.125921   984  1089 W ASH     : @ 18327.803: touch gesture: no valid gesture detected
04-17 06:26:38.191241   984  1089 W ASH     : @ 18327.868: touch gesture: no valid gesture detected
04-17 06:26:38.255082   984  1089 W ASH     : @ 18327.932: touch gesture: no valid gesture detected
04-17 06:26:38.319657   984  1089 W ASH     : @ 18327.997: touch gesture: no valid gesture detected
04-17 06:26:38.384184   984  1089 W ASH     : @ 18328.061: touch gesture: no valid gesture detected
04-17 06:26:38.448233   984  1089 W ASH     : @ 18328.125: touch gesture: no valid gesture detected
04-17 06:26:38.512579   984  1089 W ASH     : @ 18328.190: touch gesture: no valid gesture detected
04-17 06:26:38.577071   984  1089 W ASH     : @ 18328.254: touch gesture: no valid gesture detected
04-17 06:26:38.641282   984  1089 W ASH     : @ 18328.318: touch gesture: no valid gesture detected
04-17 06:26:38.705716   984  1089 W ASH     : @ 18328.383: touch gesture: no valid gesture detected
04-17 06:26:38.770393   984  1089 W ASH     : @ 18328.447: touch gesture: no valid gesture detected
04-17 06:26:38.834792   984  1089 W ASH     : @ 18328.512: touch gesture: no valid gesture detected
04-17 06:26:38.899232   984  1089 W ASH     : @ 18328.576: touch gesture: no valid gesture detected
04-17 06:26:38.963695   984  1089 W ASH     : @ 18328.640: touch gesture: no valid gesture detected
04-17 06:26:39.027922   984  1089 W ASH     : @ 18328.705: touch gesture: no valid gesture detected
04-17 06:26:39.092652   984  1089 W ASH     : @ 18328.769: touch gesture: no valid gesture detected
04-17 06:26:39.156480   984  1089 W ASH     : @ 18328.834: touch gesture: no valid gesture detected
04-17 06:26:39.220882   984  1089 W ASH     : @ 18328.898: touch gesture: no valid gesture detected
04-17 06:26:39.285472   984  1089 W ASH     : @ 18328.962: touch gesture: no valid gesture detected
04-17 06:26:39.349998   984  1089 W ASH     : @ 18329.027: touch gesture: no valid gesture detected
04-17 06:26:39.414964   984  1089 W ASH     : @ 18329.091: touch gesture: no valid gesture detected
04-17 06:26:39.478571   984  1089 W ASH     : @ 18329.156: touch gesture: no valid gesture detected
04-17 06:26:39.543137   984  1089 W ASH     : @ 18329.220: touch gesture: no valid gesture detected
04-17 06:26:39.607200   984  1089 W ASH     : @ 18329.284: touch gesture: no valid gesture detected
04-17 06:26:39.671741   984  1089 W ASH     : @ 18329.349: touch gesture: no valid gesture detected
04-17 06:26:39.736171   984  1089 W ASH     : @ 18329.413: touch gesture: no valid gesture detected
04-17 06:26:39.800772   984  1089 W ASH     : @ 18329.478: touch gesture: no valid gesture detected
04-17 06:26:39.864845   984  1089 W ASH     : @ 18329.542: touch gesture: no valid gesture detected
04-17 06:26:39.929729   984  1089 W ASH     : @ 18329.607: touch gesture: no valid gesture detected
04-17 06:26:39.993656   984  1089 W ASH     : @ 18329.671: touch gesture: no valid gesture detected
04-17 06:26:40.058332   984  1089 W ASH     : @ 18329.735: touch gesture: no valid gesture detected
04-17 06:26:40.122757   984  1089 W ASH     : @ 18329.800: touch gesture: no valid gesture detected
04-17 06:26:40.187169   984  1089 W ASH     : @ 18329.864: touch gesture: no valid gesture detected
04-17 06:26:40.251833   984  1089 W ASH     : @ 18329.928: touch gesture: no valid gesture detected
04-17 06:26:40.316064   984  1089 W ASH     : @ 18329.993: touch gesture: no valid gesture detected
04-17 06:26:40.380370   984  1089 W ASH     : @ 18330.057: touch gesture: no valid gesture detected
04-17 06:26:40.443527   984  1089 W ASH     : @ 18330.122: touch gesture: no valid gesture detected
04-17 06:26:40.509171   984  1089 W ASH     : @ 18330.186: touch gesture: no valid gesture detected
04-17 06:26:40.573457   984  1089 W ASH     : @ 18330.251: touch gesture: no valid gesture detected
04-17 06:26:40.638040   984  1089 W ASH     : @ 18330.315: touch gesture: no valid gesture detected
04-17 06:26:40.702097   984  1089 W ASH     : @ 18330.379: touch gesture: no valid gesture detected
04-17 06:26:40.766708   984  1089 W ASH     : @ 18330.444: touch gesture: no valid gesture detected
04-17 06:26:40.831268   984  1089 W ASH     : @ 18330.508: touch gesture: no valid gesture detected
04-17 06:26:40.895764   984  1089 W ASH     : @ 18330.572: touch gesture: no valid gesture detected
04-17 06:26:40.959767   984  1089 W ASH     : @ 18330.637: touch gesture: no valid gesture detected
04-17 06:26:41.024445   984  1089 W ASH     : @ 18330.701: touch gesture: no valid gesture detected
04-17 06:26:41.088580   984  1089 W ASH     : @ 18330.766: touch gesture: no valid gesture detected
04-17 06:26:41.153009   984  1089 W ASH     : @ 18330.830: touch gesture: no valid gesture detected
04-17 06:26:41.217642   984  1089 W ASH     : @ 18330.894: touch gesture: no valid gesture detected
04-17 06:26:41.281992   984  1089 W ASH     : @ 18330.959: touch gesture: no valid gesture detected
04-17 06:26:41.346020   984  1089 W ASH     : @ 18331.023: touch gesture: no valid gesture detected
04-17 06:26:41.410558   984  1089 W ASH     : @ 18331.088: touch gesture: no valid gesture detected
04-17 06:26:41.475118   984  1089 W ASH     : @ 18331.152: touch gesture: no valid gesture detected
04-17 06:26:41.539524   984  1089 W ASH     : @ 18331.216: touch gesture: no valid gesture detected
04-17 06:26:41.603537   984  1089 W ASH     : @ 18331.281: touch gesture: no valid gesture detected
04-17 06:26:41.668291   984  1089 W ASH     : @ 18331.345: touch gesture: no valid gesture detected
04-17 06:26:41.732511   984  1089 W ASH     : @ 18331.409: touch gesture: no valid gesture detected
04-17 06:26:41.796705   984  1089 W ASH     : @ 18331.474: touch gesture: no valid gesture detected
04-17 06:26:41.861315   984  1089 W ASH     : @ 18331.538: touch gesture: no valid gesture detected
04-17 06:26:41.925240   984  1089 W ASH     : @ 18331.602: touch gesture: no valid gesture detected
04-17 06:26:41.989937   984  1089 W ASH     : @ 18331.667: touch gesture: no valid gesture detected
04-17 06:26:42.054129   984  1089 W ASH     : @ 18331.731: touch gesture: no valid gesture detected
04-17 06:26:42.118202   984  1089 W ASH     : @ 18331.795: touch gesture: no valid gesture detected
04-17 06:26:42.182976   984  1089 W ASH     : @ 18331.860: touch gesture: no valid gesture detected
04-17 06:26:42.247427   984  1089 W ASH     : @ 18331.924: touch gesture: no valid gesture detected
04-17 06:26:42.311636   984  1089 W ASH     : @ 18331.989: touch gesture: no valid gesture detected
04-17 06:26:42.376116   984  1089 W ASH     : @ 18332.053: touch gesture: no valid gesture detected
04-17 06:26:42.440287   984  1089 W ASH     : @ 18332.117: touch gesture: no valid gesture detected
04-17 06:26:42.505233   984  1089 W ASH     : @ 18332.182: touch gesture: no valid gesture detected
04-17 06:26:42.569481   984  1089 W ASH     : @ 18332.246: touch gesture: no valid gesture detected
04-17 06:26:42.633831   984  1089 W ASH     : @ 18332.311: touch gesture: no valid gesture detected
04-17 06:26:42.697931   984  1089 W ASH     : @ 18332.375: touch gesture: no valid gesture detected
04-17 06:26:42.762177   984  1089 W ASH     : @ 18332.439: touch gesture: no valid gesture detected
04-17 06:26:42.826791   984  1089 W ASH     : @ 18332.504: touch gesture: no valid gesture detected
04-17 06:26:42.891197   984  1089 W ASH     : @ 18332.568: touch gesture: no valid gesture detected
04-17 06:26:42.955667   984  1089 W ASH     : @ 18332.633: touch gesture: no valid gesture detected
04-17 06:26:43.019733   984  1089 W ASH     : @ 18332.697: touch gesture: no valid gesture detected
04-17 06:26:43.084450   984  1089 W ASH     : @ 18332.761: touch gesture: no valid gesture detected
04-17 06:26:43.148851   984  1089 W ASH     : @ 18332.826: touch gesture: no valid gesture detected
04-17 06:26:43.213148   984  1089 W ASH     : @ 18332.890: touch gesture: no valid gesture detected
04-17 06:26:43.277194   984  1089 W ASH     : @ 18332.954: touch gesture: no valid gesture detected
04-17 06:26:43.341761   984  1089 W ASH     : @ 18333.019: touch gesture: no valid gesture detected
04-17 06:26:43.406097   984  1089 W ASH     : @ 18333.083: touch gesture: no valid gesture detected
04-17 06:26:43.470358   984  1089 W ASH     : @ 18333.148: touch gesture: no valid gesture detected
04-17 06:26:43.535209   984  1089 W ASH     : @ 18333.212: touch gesture: no valid gesture detected
04-17 06:26:43.599793   984  1089 W ASH     : @ 18333.276: touch gesture: no valid gesture detected
04-17 06:26:43.663917   984  1089 W ASH     : @ 18333.341: touch gesture: no valid gesture detected
04-17 06:26:43.728003   984  1089 W ASH     : @ 18333.405: touch gesture: no valid gesture detected
04-17 06:26:43.792650   984  1089 W ASH     : @ 18333.470: touch gesture: no valid gesture detected
04-17 06:26:43.856109   984  1089 W ASH     : @ 18333.534: touch gesture: no valid gesture detected
04-17 06:26:43.921433   984  1089 W ASH     : @ 18333.599: touch gesture: no valid gesture detected
04-17 06:26:43.986521   984  1089 W ASH     : @ 18333.663: touch gesture: no valid gesture detected
04-17 06:26:44.050297   984  1089 W ASH     : @ 18333.727: touch gesture: no valid gesture detected
04-17 06:26:44.115030   984  1089 W ASH     : @ 18333.792: touch gesture: no valid gesture detected
04-17 06:26:44.179744   984  1089 W ASH     : @ 18333.856: touch gesture: no valid gesture detected
04-17 06:26:44.242445   984  1089 W ASH     : @ 18333.921: touch gesture: no valid gesture detected
04-17 06:26:44.285715  1364  1380 W xtra-daemon: onRequestXtraData:190] On Req XTRA data Xtrastate:1 retry:1 curReqSource:0 newreqSource:0xffff              isCon:0 isNonMetered:0 isGpsEnabled:1
04-17 06:26:44.289428  1364  1372 W xtra-daemon: onXtraDownloadResultInternal:361] XTRA download result status:4 starting timer for 300 sec mXtraRetryTimes:0 
04-17 06:26:44.307221   984  1089 W ASH     : @ 18333.985: touch gesture: no valid gesture detected
04-17 06:26:44.372317   984  1089 W ASH     : @ 18334.049: touch gesture: no valid gesture detected
04-17 06:26:44.437584   984  1089 W ASH     : @ 18334.114: touch gesture: no valid gesture detected
04-17 06:26:44.501640   984  1089 W ASH     : @ 18334.178: touch gesture: no valid gesture detected
04-17 06:26:44.565848   984  1089 W ASH     : @ 18334.243: touch gesture: no valid gesture detected
04-17 06:26:44.629984   984  1089 W ASH     : @ 18334.307: touch gesture: no valid gesture detected
04-17 06:26:44.694509   984  1089 W ASH     : @ 18334.371: touch gesture: no valid gesture detected
04-17 06:26:44.759601   984  1089 W ASH     : @ 18334.436: touch gesture: no valid gesture detected
04-17 06:26:44.823034   984  1089 W ASH     : @ 18334.500: touch gesture: no valid gesture detected
04-17 06:26:44.887404   984  1089 W ASH     : @ 18334.564: touch gesture: no valid gesture detected
04-17 06:26:44.951869   984  1089 W ASH     : @ 18334.629: touch gesture: no valid gesture detected
04-17 06:26:45.016350   984  1089 W ASH     : @ 18334.693: touch gesture: no valid gesture detected
04-17 06:26:45.080607   984  1089 W ASH     : @ 18334.758: touch gesture: no valid gesture detected
04-17 06:26:45.145012   984  1089 W ASH     : @ 18334.822: touch gesture: no valid gesture detected
04-17 06:26:45.209123   984  1089 W ASH     : @ 18334.886: touch gesture: no valid gesture detected
04-17 06:26:45.273578   984  1089 W ASH     : @ 18334.951: touch gesture: no valid gesture detected
04-17 06:26:45.337911   984  1089 W ASH     : @ 18335.015: touch gesture: no valid gesture detected
04-17 06:26:45.402534   984  1089 W ASH     : @ 18335.079: touch gesture: no valid gesture detected
04-17 06:26:45.466853   984  1089 W ASH     : @ 18335.144: touch gesture: no valid gesture detected
04-17 06:26:45.531224   984  1089 W ASH     : @ 18335.208: touch gesture: no valid gesture detected
04-17 06:26:45.595290   984  1089 W ASH     : @ 18335.273: touch gesture: no valid gesture detected
04-17 06:26:45.659607   984  1089 W ASH     : @ 18335.337: touch gesture: no valid gesture detected
04-17 06:26:45.724609   984  1089 W ASH     : @ 18335.401: touch gesture: no valid gesture detected
04-17 06:26:45.788342   984  1089 W ASH     : @ 18335.466: touch gesture: no valid gesture detected
04-17 06:26:45.852958   984  1089 W ASH     : @ 18335.530: touch gesture: no valid gesture detected
04-17 06:26:45.917215   984  1089 W ASH     : @ 18335.594: touch gesture: no valid gesture detected
04-17 06:26:45.981674   984  1089 W ASH     : @ 18335.659: touch gesture: no valid gesture detected
04-17 06:26:46.046263   984  1089 W ASH     : @ 18335.723: touch gesture: no valid gesture detected
04-17 06:26:46.110510   984  1089 W ASH     : @ 18335.787: touch gesture: no valid gesture detected
04-17 06:26:46.174735   984  1089 W ASH     : @ 18335.852: touch gesture: no valid gesture detected
04-17 06:26:46.239262   984  1089 W ASH     : @ 18335.916: touch gesture: no valid gesture detected
04-17 06:26:46.303396   984  1089 W ASH     : @ 18335.981: touch gesture: no valid gesture detected
04-17 06:26:46.368218   984  1089 W ASH     : @ 18336.045: touch gesture: no valid gesture detected
04-17 06:26:46.432514   984  1089 W ASH     : @ 18336.109: touch gesture: no valid gesture detected
04-17 06:26:46.496521   984  1089 W ASH     : @ 18336.174: touch gesture: no valid gesture detected
04-17 06:26:46.560986   984  1089 W ASH     : @ 18336.238: touch gesture: no valid gesture detected
04-17 06:26:46.625355   984  1089 W ASH     : @ 18336.302: touch gesture: no valid gesture detected
04-17 06:26:46.690012   984  1089 W ASH     : @ 18336.367: touch gesture: no valid gesture detected
04-17 06:26:46.754576   984  1089 W ASH     : @ 18336.431: touch gesture: no valid gesture detected
04-17 06:26:46.818591   984  1089 W ASH     : @ 18336.496: touch gesture: no valid gesture detected
04-17 06:26:46.882998   984  1089 W ASH     : @ 18336.560: touch gesture: no valid gesture detected
04-17 06:26:46.947603   984  1089 W ASH     : @ 18336.624: touch gesture: no valid gesture detected
04-17 06:26:47.011563   984  1089 W ASH     : @ 18336.689: touch gesture: no valid gesture detected
04-17 06:26:47.075876   984  1089 W ASH     : @ 18336.753: touch gesture: no valid gesture detected
04-17 06:26:47.140245   984  1089 W ASH     : @ 18336.817: touch gesture: no valid gesture detected
04-17 06:26:47.204567   984  1089 W ASH     : @ 18336.882: touch gesture: no valid gesture detected
04-17 06:26:47.269227   984  1089 W ASH     : @ 18336.946: touch gesture: no valid gesture detected
04-17 06:26:47.333748   984  1089 W ASH     : @ 18337.010: touch gesture: no valid gesture detected
04-17 06:26:47.397435   984  1089 W ASH     : @ 18337.074: touch gesture: no valid gesture detected
04-17 06:26:47.462025   984  1089 W ASH     : @ 18337.139: touch gesture: no valid gesture detected
04-17 06:26:47.526651   984  1089 W ASH     : @ 18337.204: touch gesture: no valid gesture detected
04-17 06:26:47.590924   984  1089 W ASH     : @ 18337.268: touch gesture: no valid gesture detected
04-17 06:26:47.655470   984  1089 W ASH     : @ 18337.332: touch gesture: no valid gesture detected
04-17 06:26:47.719901   984  1089 W ASH     : @ 18337.397: touch gesture: no valid gesture detected
04-17 06:26:47.783414   984  1089 W ASH     : @ 18337.461: touch gesture: no valid gesture detected
04-17 06:26:47.848314   984  1089 W ASH     : @ 18337.526: touch gesture: no valid gesture detected
04-17 06:26:47.912783   984  1089 W ASH     : @ 18337.590: touch gesture: no valid gesture detected
04-17 06:26:47.977224   984  1089 W ASH     : @ 18337.654: touch gesture: no valid gesture detected
04-17 06:26:48.041552   984  1089 W ASH     : @ 18337.719: touch gesture: no valid gesture detected
04-17 06:26:48.106051   984  1089 W ASH     : @ 18337.783: touch gesture: no valid gesture detected
04-17 06:26:48.170096   984  1089 W ASH     : @ 18337.847: touch gesture: no valid gesture detected
04-17 06:26:48.234528   984  1089 W ASH     : @ 18337.912: touch gesture: no valid gesture detected
04-17 06:26:48.298926   984  1089 W ASH     : @ 18337.976: touch gesture: no valid gesture detected
04-17 06:26:48.363564   984  1089 W ASH     : @ 18338.041: touch gesture: no valid gesture detected
04-17 06:26:48.427899   984  1089 W ASH     : @ 18338.105: touch gesture: no valid gesture detected
04-17 06:26:48.492096   984  1089 W ASH     : @ 18338.169: touch gesture: no valid gesture detected
04-17 06:26:48.556328   984  1089 W ASH     : @ 18338.234: touch gesture: no valid gesture detected
04-17 06:26:48.621242   984  1089 W ASH     : @ 18338.298: touch gesture: no valid gesture detected
04-17 06:26:48.685175   984  1089 W ASH     : @ 18338.362: touch gesture: no valid gesture detected
04-17 06:26:48.749758   984  1089 W ASH     : @ 18338.427: touch gesture: no valid gesture detected
04-17 06:26:48.814395   984  1089 W ASH     : @ 18338.491: touch gesture: no valid gesture detected
04-17 06:26:48.878759   984  1089 W ASH     : @ 18338.556: touch gesture: no valid gesture detected
04-17 06:26:48.943013   984  1089 W ASH     : @ 18338.620: touch gesture: no valid gesture detected
04-17 06:26:49.007060   984  1089 W ASH     : @ 18338.684: touch gesture: no valid gesture detected
04-17 06:26:49.071589   984  1089 W ASH     : @ 18338.749: touch gesture: no valid gesture detected
04-17 06:26:49.135914   984  1089 W ASH     : @ 18338.813: touch gesture: no valid gesture detected
04-17 06:26:49.200773   984  1089 W ASH     : @ 18338.878: touch gesture: no valid gesture detected
04-17 06:26:49.264951   984  1089 W ASH     : @ 18338.942: touch gesture: no valid gesture detected
04-17 06:26:49.329217   984  1089 W ASH     : @ 18339.006: touch gesture: no valid gesture detected
04-17 06:26:49.393724   984  1089 W ASH     : @ 18339.071: touch gesture: no valid gesture detected
04-17 06:26:49.458251   984  1089 W ASH     : @ 18339.135: touch gesture: no valid gesture detected
04-17 06:26:49.522650   984  1089 W ASH     : @ 18339.200: touch gesture: no valid gesture detected
04-17 06:26:49.587042   984  1089 W ASH     : @ 18339.264: touch gesture: no valid gesture detected
04-17 06:26:49.651512   984  1089 W ASH     : @ 18339.328: touch gesture: no valid gesture detected
04-17 06:26:49.715720   984  1089 W ASH     : @ 18339.393: touch gesture: no valid gesture detected
04-17 06:26:49.780134   984  1089 W ASH     : @ 18339.457: touch gesture: no valid gesture detected
04-17 06:26:49.844773   984  1089 W ASH     : @ 18339.522: touch gesture: no valid gesture detected
04-17 06:26:49.908988   984  1089 W ASH     : @ 18339.586: touch gesture: no valid gesture detected
04-17 06:26:49.973083   984  1089 W ASH     : @ 18339.650: touch gesture: no valid gesture detected
04-17 06:26:50.037542   984  1089 W ASH     : @ 18339.715: touch gesture: no valid gesture detected
04-17 06:26:50.102280   984  1089 W ASH     : @ 18339.779: touch gesture: no valid gesture detected
04-17 06:26:50.166210   984  1089 W ASH     : @ 18339.843: touch gesture: no valid gesture detected
04-17 06:26:50.231161   984  1089 W ASH     : @ 18339.908: touch gesture: no valid gesture detected
04-17 06:26:50.295081   984  1089 W ASH     : @ 18339.972: touch gesture: no valid gesture detected
04-17 06:26:50.359483   984  1089 W ASH     : @ 18340.037: touch gesture: no valid gesture detected
04-17 06:26:50.423682   984  1089 W ASH     : @ 18340.101: touch gesture: no valid gesture detected
04-17 06:26:50.488160   984  1089 W ASH     : @ 18340.165: touch gesture: no valid gesture detected
04-17 06:26:50.552765   984  1089 W ASH     : @ 18340.230: touch gesture: no valid gesture detected
04-17 06:26:50.617097   984  1089 W ASH     : @ 18340.294: touch gesture: no valid gesture detected
04-17 06:26:50.681196   984  1089 W ASH     : @ 18340.358: touch gesture: no valid gesture detected
04-17 06:26:50.745782   984  1089 W ASH     : @ 18340.423: touch gesture: no valid gesture detected
04-17 06:26:50.809965   984  1089 W ASH     : @ 18340.487: touch gesture: no valid gesture detected
04-17 06:26:50.874693   984  1089 W ASH     : @ 18340.551: touch gesture: no valid gesture detected
--------- switch to kernel
04-17 06:26:50.882691     0     0 I         : c4    960 msm_geni_serial 894000.qcom,qup_uart: msm_geni_serial_set_termios: Start
--------- switch to main
04-17 06:26:50.883827   960   960 D vendor.qti.bluetooth@1.0-uart_transport: SocRxDWakeup: Flow off->Change UART baudrate to 38.4kbs->send 0x00->Change UART baudrate to max->Flow on
04-17 06:26:50.884248   960   960 I vendor.qti.bluetooth@1.0-uart_transport: ## userial_vendor_ioctl: UART Flow Off 
--------- switch to kernel
04-17 06:26:50.884221     0     0 I         : c5    960 msm_geni_serial 894000.qcom,qup_uart: msm_geni_serial_set_termios: geni_se_clk_freq_match
04-17 06:26:50.884418     0     0 I         : c5    960 msm_geni_serial 894000.qcom,qup_uart: msm_geni_serial_set_termios: check parity
04-17 06:26:50.884450     0     0 I         : c5    960 msm_geni_serial 894000.qcom,qup_uart: msm_geni_serial_set_termios: geni_serial_write_term_regs
04-17 06:26:50.884522     0     0 I         : c5    960 msm_geni_serial 894000.qcom,qup_uart: msm_geni_serial_set_termios: End
04-17 06:26:50.885829     0     0 I         : c2    960 msm_geni_serial 894000.qcom,qup_uart: msm_geni_serial_set_termios: Start
--------- switch to main
04-17 06:26:50.887403   960   960 I vendor.qti.bluetooth@1.0-uart_transport: ## userial_vendor_set_baud: 17
--------- switch to kernel
04-17 06:26:50.895370     0     0 I         : c5    960 msm_geni_serial 894000.qcom,qup_uart: msm_geni_serial_set_termios: geni_se_clk_freq_match
--------- switch to main
04-17 06:26:50.897932   960   960 I vendor.qti.bluetooth@1.0-uart_transport: SetBaudRate: in BOTHER
04-17 06:26:50.898065   960   960 I vendor.qti.bluetooth@1.0-uart_transport: ## userial_vendor_ioctl: UART Flow On 
--------- switch to kernel
04-17 06:26:50.896044     0     0 I         : c1    960 msm_geni_serial 894000.qcom,qup_uart: msm_geni_serial_set_termios: End
--------- switch to main
04-17 06:26:50.898970   960  3561 I vendor.qti.bluetooth@1.0-ibs_handler: ProcessIbsCmd: Received IBS_WAKE_ACK: 0xFC
04-17 06:26:50.899135   960  3561 I vendor.qti.bluetooth@1.0-ibs_handler: ProcessIbsCmd: Signal wack_cond_
04-17 06:26:50.899977   960  3561 I vendor.qti.bluetooth@1.0-ibs_handler: ProcessIbsCmd: Received IBS_WAKE_ACK: 0xFC
04-17 06:26:50.900121   960  3561 I vendor.qti.bluetooth@1.0-ibs_handler: ProcessIbsCmd: Signal wack_cond_
04-17 06:26:50.900593   960   960 D vendor.qti.bluetooth@1.0-ibs_handler: DeviceWakeUp: Unblocked from waiting for FC
04-17 06:26:50.938619   984  1089 W ASH     : @ 18340.616: touch gesture: no valid gesture detected
04-17 06:26:51.003327   984  1089 W ASH     : @ 18340.680: touch gesture: no valid gesture detected
04-17 06:26:51.067451   984  1089 W ASH     : @ 18340.744: touch gesture: no valid gesture detected
04-17 06:26:51.131774   984  1089 W ASH     : @ 18340.809: touch gesture: no valid gesture detected
04-17 06:26:51.196164   984  1089 W ASH     : @ 18340.873: touch gesture: no valid gesture detected
04-17 06:26:51.260458   984  1089 W ASH     : @ 18340.938: touch gesture: no valid gesture detected
04-17 06:26:51.323382   984  1089 W ASH     : @ 18341.002: touch gesture: no valid gesture detected
04-17 06:26:51.389738   984  1089 W ASH     : @ 18341.066: touch gesture: no valid gesture detected
04-17 06:26:51.453439   984  1089 W ASH     : @ 18341.131: touch gesture: no valid gesture detected
04-17 06:26:51.518450   984  1089 W ASH     : @ 18341.195: touch gesture: no valid gesture detected
04-17 06:26:51.582493   984  1089 W ASH     : @ 18341.259: touch gesture: no valid gesture detected
04-17 06:26:51.646606   984  1089 W ASH     : @ 18341.324: touch gesture: no valid gesture detected
04-17 06:26:51.710226   984  1089 W ASH     : @ 18341.388: touch gesture: no valid gesture detected
04-17 06:26:51.775609   984  1089 W ASH     : @ 18341.453: touch gesture: no valid gesture detected
04-17 06:26:51.840112   984  1089 W ASH     : @ 18341.517: touch gesture: no valid gesture detected
04-17 06:26:51.904356   984  1089 W ASH     : @ 18341.581: touch gesture: no valid gesture detected
04-17 06:26:51.968943   984  1089 W ASH     : @ 18341.646: touch gesture: no valid gesture detected
04-17 06:26:52.033406   984  1089 W ASH     : @ 18341.710: touch gesture: no valid gesture detected
04-17 06:26:52.098282   984  1089 W ASH     : @ 18341.775: touch gesture: no valid gesture detected
04-17 06:26:52.162219   984  1089 W ASH     : @ 18341.839: touch gesture: no valid gesture detected
04-17 06:26:52.226818   984  1089 W ASH     : @ 18341.904: touch gesture: no valid gesture detected
04-17 06:26:52.290929   984  1089 W ASH     : @ 18341.968: touch gesture: no valid gesture detected
04-17 06:26:52.355540   984  1089 W ASH     : @ 18342.032: touch gesture: no valid gesture detected
04-17 06:26:52.419979   984  1089 W ASH     : @ 18342.097: touch gesture: no valid gesture detected
04-17 06:26:52.484456   984  1089 W ASH     : @ 18342.161: touch gesture: no valid gesture detected
04-17 06:26:52.549021   984  1089 W ASH     : @ 18342.226: touch gesture: no valid gesture detected
04-17 06:26:52.612544   984  1089 W ASH     : @ 18342.290: touch gesture: no valid gesture detected
04-17 06:26:52.677615   984  1089 W ASH     : @ 18342.354: touch gesture: no valid gesture detected
04-17 06:26:52.741893   984  1089 W ASH     : @ 18342.419: touch gesture: no valid gesture detected
04-17 06:26:52.806171   984  1089 W ASH     : @ 18342.483: touch gesture: no valid gesture detected
04-17 06:26:52.870564   984  1089 W ASH     : @ 18342.548: touch gesture: no valid gesture detected
04-17 06:26:52.935153   984  1089 W ASH     : @ 18342.612: touch gesture: no valid gesture detected
04-17 06:26:52.999411   984  1089 W ASH     : @ 18342.676: touch gesture: no valid gesture detected
04-17 06:26:53.063693   984  1089 W ASH     : @ 18342.741: touch gesture: no valid gesture detected
04-17 06:26:53.126759   984  1089 W ASH     : @ 18342.805: touch gesture: no valid gesture detected
04-17 06:26:53.192666   984  1089 W ASH     : @ 18342.870: touch gesture: no valid gesture detected
04-17 06:26:53.256710   984  1089 W ASH     : @ 18342.934: touch gesture: no valid gesture detected
04-17 06:26:53.321559   984  1089 W ASH     : @ 18342.998: touch gesture: no valid gesture detected
04-17 06:26:53.385771   984  1089 W ASH     : @ 18343.063: touch gesture: no valid gesture detected
04-17 06:26:53.450476   984  1089 W ASH     : @ 18343.127: touch gesture: no valid gesture detected
04-17 06:26:53.514691   984  1089 W ASH     : @ 18343.192: touch gesture: no valid gesture detected
04-17 06:26:53.579226   984  1089 W ASH     : @ 18343.256: touch gesture: no valid gesture detected
04-17 06:26:53.643525   984  1089 W ASH     : @ 18343.320: touch gesture: no valid gesture detected
04-17 06:26:53.708419   984  1089 W ASH     : @ 18343.385: touch gesture: no valid gesture detected
04-17 06:26:53.772544   984  1089 W ASH     : @ 18343.449: touch gesture: no valid gesture detected
04-17 06:26:53.836871   984  1089 W ASH     : @ 18343.514: touch gesture: no valid gesture detected
04-17 06:26:53.901066   984  1089 W ASH     : @ 18343.578: touch gesture: no valid gesture detected
04-17 06:26:53.965169   984  1089 W ASH     : @ 18343.642: touch gesture: no valid gesture detected
04-17 06:26:54.029809   984  1089 W ASH     : @ 18343.707: touch gesture: no valid gesture detected
04-17 06:26:54.094409   984  1089 W ASH     : @ 18343.771: touch gesture: no valid gesture detected
04-17 06:26:54.158219   984  1089 W ASH     : @ 18343.835: touch gesture: no valid gesture detected
04-17 06:26:54.222701   984  1089 W ASH     : @ 18343.900: touch gesture: no valid gesture detected
04-17 06:26:54.286951   984  1089 W ASH     : @ 18343.964: touch gesture: no valid gesture detected
04-17 06:26:54.351428   984  1089 W ASH     : @ 18344.028: touch gesture: no valid gesture detected
04-17 06:26:54.415980   984  1089 W ASH     : @ 18344.093: touch gesture: no valid gesture detected
04-17 06:26:54.480367   984  1089 W ASH     : @ 18344.157: touch gesture: no valid gesture detected
04-17 06:26:54.544499   984  1089 W ASH     : @ 18344.221: touch gesture: no valid gesture detected
04-17 06:26:54.608935   984  1089 W ASH     : @ 18344.286: touch gesture: no valid gesture detected
04-17 06:26:54.673077   984  1089 W ASH     : @ 18344.350: touch gesture: no valid gesture detected
04-17 06:26:54.736062   984  1089 W ASH     : @ 18344.414: touch gesture: no valid gesture detected
04-17 06:26:54.801899   984  1089 W ASH     : @ 18344.479: touch gesture: no valid gesture detected
04-17 06:26:54.866082   984  1089 W ASH     : @ 18344.543: touch gesture: no valid gesture detected
04-17 06:26:54.931103   984  1089 W ASH     : @ 18344.608: touch gesture: no valid gesture detected
04-17 06:26:54.995108   984  1089 W ASH     : @ 18344.672: touch gesture: no valid gesture detected
04-17 06:26:55.059448   984  1089 W ASH     : @ 18344.736: touch gesture: no valid gesture detected
04-17 06:26:55.123669   984  1089 W ASH     : @ 18344.801: touch gesture: no valid gesture detected
04-17 06:26:55.188116   984  1089 W ASH     : @ 18344.865: touch gesture: no valid gesture detected
04-17 06:26:55.253068   984  1089 W ASH     : @ 18344.930: touch gesture: no valid gesture detected
04-17 06:26:55.317544   984  1089 W ASH     : @ 18344.994: touch gesture: no valid gesture detected
04-17 06:26:55.381689   984  1089 W ASH     : @ 18345.058: touch gesture: no valid gesture detected
04-17 06:26:55.446013   984  1089 W ASH     : @ 18345.123: touch gesture: no valid gesture detected
04-17 06:26:55.510268   984  1089 W ASH     : @ 18345.187: touch gesture: no valid gesture detected
