04-17 13:23:32.665478  1036  2476 I tftp_server: pid=1036 tid=2476 tftp-server : INF :[tftp_server.c, 1328] RRQ stats [port: 16000]: sent_size = 517 total-blocks = 3 total-bytes = 16000 timedout-pkts = 0, wr
04-17 13:23:32.665504  1036  2476 I tftp_server: pid=1036 tid=2476 tftp-server : INF :[tftp_server.c, 1335] RRQ file stats [port: 517]: fread [Total, Max, Min] = [59, 31, 0]
04-17 13:23:32.665511  1036  2476 I tftp_server: pid=1036 tid=2476 tftp-server : INF :[tftp_server.c, 1339] RRQ time stats : Total : [TX, RX] = [428, 311]
04-17 13:23:32.665518  1036  2476 I tftp_server: pid=1036 tid=2476 tftp-server : INF :[tftp_server.c, 1346] RRQ time stats [port: 517]: Tx/Rx [Min, Max] = [21, 323, 146, 165]
04-17 13:23:32.665861  1036  2476 I tftp_server: pid=1036 tid=2476 tftp-server : INF :[tftp_server.c, 1362] RRQ was successfully processed.
04-17 13:23:32.665884  1036  2476 I tftp_server: pid=1036 tid=2476 tftp-server : INF :[tftp_server.c, 1817] RRQ Total API = 1632
04-17 13:23:32.666031  1036  1036 I tftp_server: pid=1036 tid=1036 tftp-server : INF :[tftp_server.c, 659] rcvd request [1] [113] [1] [0] [518]
04-17 13:23:32.670833  1036  2478 I tftp_server: pid=1036 tid=2478 tftp-server : INF :[tftp_server_utils.c, 113] file [readonly/firmware/image/saipan/qdsp6m.qdb] : [/vendor/rfs/msm/mpss/readonly/firmware/ima
04-17 13:23:32.670900  1036  2478 I tftp_server: pid=1036 tid=2478 tftp-server : INF :[tftp_server.c, 1211] OACK options [port: 518] : [7680, 1000, 6432000, 10, 16000, 0, 0, 0]
04-17 13:23:32.670914  1036  2478 I tftp_server: pid=1036 tid=2478 tftp-server : INF :[tftp_os_la.c, 63] open : [-1] [-1] [384] [0] [/vendor/rfs/msm/mpss/readonly/firmware/image/saipan/qdsp6m.qdb]
04-17 13:23:32.672593  1036  2478 I tftp_server: pid=1036 tid=2478 tftp-server : INF :[tftp_server.c, 1328] RRQ stats [port: 16000]: sent_size = 518 total-blocks = 3 total-bytes = 16000 timedout-pkts = 0, wr
04-17 13:23:32.673311  1036  1036 I tftp_server: pid=1036 tid=1036 tftp-server : INF :[tftp_server.c, 659] rcvd request [1] [113] [1] [0] [519]
04-17 13:23:32.673447  1036  2480 I tftp_server: pid=1036 tid=2480 tftp-server : INF :[tftp_server_utils.c, 113] file [readonly/firmware/image/saipan/qdsp6m.qdb] : [/vendor/rfs/msm/mpss/readonly/firmware/ima
04-17 13:23:32.673508  1036  2480 I tftp_server: pid=1036 tid=2480 tftp-server : INF :[tftp_server.c, 1211] OACK options [port: 519] : [7680, 1000, 6448000, 10, 16000, 0, 0, 0]
04-17 13:23:32.673522  1036  2480 I tftp_server: pid=1036 tid=2480 tftp-server : INF :[tftp_os_la.c, 63] open : [-1] [-1] [384] [0] [/vendor/rfs/msm/mpss/readonly/firmware/image/saipan/qdsp6m.qdb]
04-17 13:23:32.673670  1036  2478 I tftp_server: pid=1036 tid=2478 tftp-server : INF :[tftp_server.c, 1335] RRQ file stats [port: 518]: fread [Total, Max, Min] = [30, 18, 0]
04-17 13:23:32.673686  1036  2478 I tftp_server: pid=1036 tid=2478 tftp-server : INF :[tftp_server.c, 1339] RRQ time stats : Total : [TX, RX] = [188, 1388]
04-17 13:23:32.673693  1036  2478 I tftp_server: pid=1036 tid=2478 tftp-server : INF :[tftp_server.c, 1346] RRQ time stats [port: 518]: Tx/Rx [Min, Max] = [12, 131, 222, 1166]
04-17 13:23:32.673699  1036  2478 I tftp_server: pid=1036 tid=2478 tftp-server : INF :[tftp_server.c, 1362] RRQ was successfully processed.
04-17 13:23:32.673722  1036  2478 I tftp_server: pid=1036 tid=2478 tftp-server : INF :[tftp_server.c, 1817] RRQ Total API = 2932
04-17 13:23:32.674630  1036  2480 I tftp_server: pid=1036 tid=2480 tftp-server : INF :[tftp_server.c, 1328] RRQ stats [port: 16000]: sent_size = 519 total-blocks = 3 total-bytes = 16000 timedout-pkts = 0, wr
04-17 13:23:32.674656  1036  2480 I tftp_server: pid=1036 tid=2480 tftp-server : INF :[tftp_server.c, 1335] RRQ file stats [port: 519]: fread [Total, Max, Min] = [26, 16, 0]
04-17 13:23:32.674663  1036  2480 I tftp_server: pid=1036 tid=2480 tftp-server : INF :[tftp_server.c, 1339] RRQ time stats : Total : [TX, RX] = [168, 845]
04-17 13:23:32.674670  1036  2480 I tftp_server: pid=1036 tid=2480 tftp-server : INF :[tftp_server.c, 1346] RRQ time stats [port: 519]: Tx/Rx [Min, Max] = [8, 127, 187, 658]
04-17 13:23:32.674676  1036  2480 I tftp_server: pid=1036 tid=2480 tftp-server : INF :[tftp_server.c, 1362] RRQ was successfully processed.
04-17 13:23:32.674695  1036  2480 I tftp_server: pid=1036 tid=2480 tftp-server : INF :[tftp_server.c, 1817] RRQ Total API = 1293
04-17 13:23:32.675508  1036  1036 I tftp_server: pid=1036 tid=1036 tftp-server : INF :[tftp_server.c, 659] rcvd request [1] [113] [1] [0] [520]
04-17 13:23:32.675938  1036  2482 I tftp_server: pid=1036 tid=2482 tftp-server : INF :[tftp_server_utils.c, 113] file [readonly/firmware/image/saipan/qdsp6m.qdb] : [/vendor/rfs/msm/mpss/readonly/firmware/ima
04-17 13:23:32.676004  1036  2482 I tftp_server: pid=1036 tid=2482 tftp-server : INF :[tftp_server.c, 1211] OACK options [port: 520] : [7680, 1000, 6464000, 10, 16000, 0, 0, 0]
04-17 13:23:32.676017  1036  2482 I tftp_server: pid=1036 tid=2482 tftp-server : INF :[tftp_os_la.c, 63] open : [-1] [-1] [384] [0] [/vendor/rfs/msm/mpss/readonly/firmware/image/saipan/qdsp6m.qdb]
04-17 13:23:32.676689  1036  2482 I tftp_server: pid=1036 tid=2482 tftp-server : INF :[tftp_server.c, 1328] RRQ stats [port: 16000]: sent_size = 520 total-blocks = 3 total-bytes = 16000 timedout-pkts = 0, wr
04-17 13:23:32.676714  1036  2482 I tftp_server: pid=1036 tid=2482 tftp-server : INF :[tftp_server.c, 1335] RRQ file stats [port: 520]: fread [Total, Max, Min] = [50, 26, 0]
04-17 13:23:32.676722  1036  2482 I tftp_server: pid=1036 tid=2482 tftp-server : INF :[tftp_server.c, 1339] RRQ time stats : Total : [TX, RX] = [180, 349]
04-17 13:23:32.676730  1036  2482 I tftp_server: pid=1036 tid=2482 tftp-server : INF :[tftp_server.c, 1346] RRQ time stats [port: 520]: Tx/Rx [Min, Max] = [13, 111, 142, 207]
04-17 13:23:32.676737  1036  2482 I tftp_server: pid=1036 tid=2482 tftp-server : INF :[tftp_server.c, 1362] RRQ was successfully processed.
04-17 13:23:32.676760  1036  2482 I tftp_server: pid=1036 tid=2482 tftp-server : INF :[tftp_server.c, 1817] RRQ Total API = 871
04-17 13:23:32.677316  1036  1036 I tftp_server: pid=1036 tid=1036 tftp-server : INF :[tftp_server.c, 659] rcvd request [1] [113] [1] [0] [521]
04-17 13:23:32.677465  1036  2483 I tftp_server: pid=1036 tid=2483 tftp-server : INF :[tftp_server_utils.c, 113] file [readonly/firmware/image/saipan/qdsp6m.qdb] : [/vendor/rfs/msm/mpss/readonly/firmware/ima
04-17 13:23:32.677526  1036  2483 I tftp_server: pid=1036 tid=2483 tftp-server : INF :[tftp_server.c, 1211] OACK options [port: 521] : [7680, 1000, 6480000, 10, 16000, 0, 0, 0]
04-17 13:23:32.677539  1036  2483 I tftp_server: pid=1036 tid=2483 tftp-server : INF :[tftp_os_la.c, 63] open : [-1] [-1] [384] [0] [/vendor/rfs/msm/mpss/readonly/firmware/image/saipan/qdsp6m.qdb]
04-17 13:23:32.678088  1036  2483 I tftp_server: pid=1036 tid=2483 tftp-server : INF :[tftp_server.c, 1328] RRQ stats [port: 16000]: sent_size = 521 total-blocks = 3 total-bytes = 16000 timedout-pkts = 0, wr
04-17 13:23:32.678110  1036  2483 I tftp_server: pid=1036 tid=2483 tftp-server : INF :[tftp_server.c, 1335] RRQ file stats [port: 521]: fread [Total, Max, Min] = [26, 17, 0]
04-17 13:23:32.678117  1036  2483 I tftp_server: pid=1036 tid=2483 tftp-server : INF :[tftp_server.c, 1339] RRQ time stats : Total : [TX, RX] = [154, 311]
04-17 13:23:32.678124  1036  2483 I tftp_server: pid=1036 tid=2483 tftp-server : INF :[tftp_server.c, 1346] RRQ time stats [port: 521]: Tx/Rx [Min, Max] = [7, 120, 135, 176]
04-17 13:23:32.678131  1036  2483 I tftp_server: pid=1036 tid=2483 tftp-server : INF :[tftp_server.c, 1362] RRQ was successfully processed.
04-17 13:23:32.678152  1036  2483 I tftp_server: pid=1036 tid=2483 tftp-server : INF :[tftp_server.c, 1817] RRQ Total API = 728
04-17 13:23:32.679108  1036  1036 I tftp_server: pid=1036 tid=1036 tftp-server : INF :[tftp_server.c, 659] rcvd request [1] [113] [1] [0] [522]
04-17 13:23:32.680890  1036  2484 I tftp_server: pid=1036 tid=2484 tftp-server : INF :[tftp_server_utils.c, 113] file [readonly/firmware/image/saipan/qdsp6m.qdb] : [/vendor/rfs/msm/mpss/readonly/firmware/ima
04-17 13:23:32.681088  1036  2484 I tftp_server: pid=1036 tid=2484 tftp-server : INF :[tftp_server.c, 1211] OACK options [port: 522] : [7680, 1000, 6496000, 10, 16000, 0, 0, 0]
04-17 13:23:32.681126  1036  2484 I tftp_server: pid=1036 tid=2484 tftp-server : INF :[tftp_os_la.c, 63] open : [-1] [-1] [384] [0] [/vendor/rfs/msm/mpss/readonly/firmware/image/saipan/qdsp6m.qdb]
04-17 13:23:32.687045  1036  2484 I tftp_server: pid=1036 tid=2484 tftp-server : INF :[tftp_server.c, 1328] RRQ stats [port: 16000]: sent_size = 522 total-blocks = 3 total-bytes = 16000 timedout-pkts = 0, wr
04-17 13:23:32.687078  1036  2484 I tftp_server: pid=1036 tid=2484 tftp-server : INF :[tftp_server.c, 1335] RRQ file stats [port: 522]: fread [Total, Max, Min] = [59, 29, 0]
04-17 13:23:32.687087  1036  2484 I tftp_server: pid=1036 tid=2484 tftp-server : INF :[tftp_server.c, 1339] RRQ time stats : Total : [TX, RX] = [5358, 353]
04-17 13:23:32.687094  1036  2484 I tftp_server: pid=1036 tid=2484 tftp-server : INF :[tftp_server.c, 1346] RRQ time stats [port: 522]: Tx/Rx [Min, Max] = [25, 5243, 170, 183]
04-17 13:23:32.687101  1036  2484 I tftp_server: pid=1036 tid=2484 tftp-server : INF :[tftp_server.c, 1362] RRQ was successfully processed.
04-17 13:23:32.687121  1036  2484 I tftp_server: pid=1036 tid=2484 tftp-server : INF :[tftp_server.c, 1817] RRQ Total API = 6346
04-17 13:23:32.688044  1036  1036 I tftp_server: pid=1036 tid=1036 tftp-server : INF :[tftp_server.c, 659] rcvd request [1] [113] [1] [0] [523]
04-17 13:23:32.688222  1036  2486 I tftp_server: pid=1036 tid=2486 tftp-server : INF :[tftp_server_utils.c, 113] file [readonly/firmware/image/saipan/qdsp6m.qdb] : [/vendor/rfs/msm/mpss/readonly/firmware/ima
04-17 13:23:32.688300  1036  2486 I tftp_server: pid=1036 tid=2486 tftp-server : INF :[tftp_server.c, 1211] OACK options [port: 523] : [7680, 1000, 6512000, 10, 16000, 0, 0, 0]
04-17 13:23:32.688321  1036  2486 I tftp_server: pid=1036 tid=2486 tftp-server : INF :[tftp_os_la.c, 63] open : [-1] [-1] [384] [0] [/vendor/rfs/msm/mpss/readonly/firmware/image/saipan/qdsp6m.qdb]
04-17 13:23:32.689538  1036  1036 I tftp_server: pid=1036 tid=1036 tftp-server : INF :[tftp_server.c, 659] rcvd request [1] [113] [1] [0] [524]
04-17 13:23:32.689564  1036  2486 I tftp_server: pid=1036 tid=2486 tftp-server : INF :[tftp_server.c, 1328] RRQ stats [port: 16000]: sent_size = 523 total-blocks = 3 total-bytes = 16000 timedout-pkts = 0, wr
04-17 13:23:32.689580  1036  2486 I tftp_server: pid=1036 tid=2486 tftp-server : INF :[tftp_server.c, 1335] RRQ file stats [port: 523]: fread [Total, Max, Min] = [27, 15, 0]
04-17 13:23:32.689605  1036  2486 I tftp_server: pid=1036 tid=2486 tftp-server : INF :[tftp_server.c, 1339] RRQ time stats : Total : [TX, RX] = [189, 594]
04-17 13:23:32.689615  1036  2486 I tftp_server: pid=1036 tid=2486 tftp-server : INF :[tftp_server.c, 1346] RRQ time stats [port: 523]: Tx/Rx [Min, Max] = [12, 138, 296, 298]
04-17 13:23:32.689622  1036  2486 I tftp_server: pid=1036 tid=2486 tftp-server : INF :[tftp_server.c, 1362] RRQ was successfully processed.
04-17 13:23:32.689777  1036  2487 I tftp_server: pid=1036 tid=2487 tftp-server : INF :[tftp_server_utils.c, 113] file [readonly/firmware/image/saipan/qdsp6m.qdb] : [/vendor/rfs/msm/mpss/readonly/firmware/ima
04-17 13:23:32.689827  1036  2487 I tftp_server: pid=1036 tid=2487 tftp-server : INF :[tftp_server.c, 1211] OACK options [port: 524] : [7680, 1000, 6528000, 10, 16000, 0, 0, 0]
04-17 13:23:32.689840  1036  2487 I tftp_server: pid=1036 tid=2487 tftp-server : INF :[tftp_os_la.c, 63] open : [-1] [-1] [384] [0] [/vendor/rfs/msm/mpss/readonly/firmware/image/saipan/qdsp6m.qdb]
04-17 13:23:32.689984  1036  2486 I tftp_server: pid=1036 tid=2486 tftp-server : INF :[tftp_server.c, 1817] RRQ Total API = 1484
04-17 13:23:32.690548  1036  2487 I tftp_server: pid=1036 tid=2487 tftp-server : INF :[tftp_server.c, 1328] RRQ stats [port: 16000]: sent_size = 524 total-blocks = 3 total-bytes = 16000 timedout-pkts = 0, wr
04-17 13:23:32.690588  1036  2487 I tftp_server: pid=1036 tid=2487 tftp-server : INF :[tftp_server.c, 1335] RRQ file stats [port: 524]: fread [Total, Max, Min] = [56, 27, 0]
04-17 13:23:32.690608  1036  2487 I tftp_server: pid=1036 tid=2487 tftp-server : INF :[tftp_server.c, 1339] RRQ time stats : Total : [TX, RX] = [196, 357]
04-17 13:23:32.690626  1036  2487 I tftp_server: pid=1036 tid=2487 tftp-server : INF :[tftp_server.c, 1346] RRQ time stats [port: 524]: Tx/Rx [Min, Max] = [20, 128, 159, 198]
04-17 13:23:32.690644  1036  2487 I tftp_server: pid=1036 tid=2487 tftp-server : INF :[tftp_server.c, 1362] RRQ was successfully processed.
04-17 13:23:32.690736  1036  2487 I tftp_server: pid=1036 tid=2487 tftp-server : INF :[tftp_server.c, 1817] RRQ Total API = 998
04-17 13:23:32.690923  1036  1036 I tftp_server: pid=1036 tid=1036 tftp-server : INF :[tftp_server.c, 659] rcvd request [1] [113] [1] [0] [525]
04-17 13:23:32.691108  1036  2488 I tftp_server: pid=1036 tid=2488 tftp-server : INF :[tftp_server_utils.c, 113] file [readonly/firmware/image/saipan/qdsp6m.qdb] : [/vendor/rfs/msm/mpss/readonly/firmware/ima
04-17 13:23:32.691155  1036  2488 I tftp_server: pid=1036 tid=2488 tftp-server : INF :[tftp_server.c, 1211] OACK options [port: 525] : [7680, 1000, 6544000, 10, 16000, 0, 0, 0]
04-17 13:23:32.691167  1036  2488 I tftp_server: pid=1036 tid=2488 tftp-server : INF :[tftp_os_la.c, 63] open : [-1] [-1] [384] [0] [/vendor/rfs/msm/mpss/readonly/firmware/image/saipan/qdsp6m.qdb]
04-17 13:23:32.691929  1036  2488 I tftp_server: pid=1036 tid=2488 tftp-server : INF :[tftp_server.c, 1328] RRQ stats [port: 16000]: sent_size = 525 total-blocks = 3 total-bytes = 16000 timedout-pkts = 0, wr
04-17 13:23:32.691957  1036  2488 I tftp_server: pid=1036 tid=2488 tftp-server : INF :[tftp_server.c, 1335] RRQ file stats [port: 525]: fread [Total, Max, Min] = [28, 17, 0]
04-17 13:23:32.691965  1036  2488 I tftp_server: pid=1036 tid=2488 tftp-server : INF :[tftp_server.c, 1339] RRQ time stats : Total : [TX, RX] = [161, 510]
04-17 13:23:32.691972  1036  2488 I tftp_server: pid=1036 tid=2488 tftp-server : INF :[tftp_server.c, 1346] RRQ time stats [port: 525]: Tx/Rx [Min, Max] = [10, 123, 186, 324]
04-17 13:23:32.691979  1036  2488 I tftp_server: pid=1036 tid=2488 tftp-server : INF :[tftp_server.c, 1362] RRQ was successfully processed.
04-17 13:23:32.692004  1036  2488 I tftp_server: pid=1036 tid=2488 tftp-server : INF :[tftp_server.c, 1817] RRQ Total API = 938
04-17 13:23:32.692959  1036  1036 I tftp_server: pid=1036 tid=1036 tftp-server : INF :[tftp_server.c, 659] rcvd request [1] [113] [1] [0] [526]
04-17 13:23:32.693171  1036  2489 I tftp_server: pid=1036 tid=2489 tftp-server : INF :[tftp_server_utils.c, 113] file [readonly/firmware/image/saipan/qdsp6m.qdb] : [/vendor/rfs/msm/mpss/readonly/firmware/ima
04-17 13:23:32.693239  1036  2489 I tftp_server: pid=1036 tid=2489 tftp-server : INF :[tftp_server.c, 1211] OACK options [port: 526] : [7680, 1000, 6560000, 10, 16000, 0, 0, 0]
04-17 13:23:32.693252  1036  2489 I tftp_server: pid=1036 tid=2489 tftp-server : INF :[tftp_os_la.c, 63] open : [-1] [-1] [384] [0] [/vendor/rfs/msm/mpss/readonly/firmware/image/saipan/qdsp6m.qdb]
04-17 13:23:32.693909  1036  2489 I tftp_server: pid=1036 tid=2489 tftp-server : INF :[tftp_server.c, 1328] RRQ stats [port: 16000]: sent_size = 526 total-blocks = 3 total-bytes = 16000 timedout-pkts = 0, wr
04-17 13:23:32.693929  1036  2489 I tftp_server: pid=1036 tid=2489 tftp-server : INF :[tftp_server.c, 1335] RRQ file stats [port: 526]: fread [Total, Max, Min] = [54, 27, 0]
04-17 13:23:32.693936  1036  2489 I tftp_server: pid=1036 tid=2489 tftp-server : INF :[tftp_server.c, 1339] RRQ time stats : Total : [TX, RX] = [221, 303]
04-17 13:23:32.693943  1036  2489 I tftp_server: pid=1036 tid=2489 tftp-server : INF :[tftp_server.c, 1346] RRQ time stats [port: 526]: Tx/Rx [Min, Max] = [20, 149, 149, 154]
04-17 13:23:32.693949  1036  2489 I tftp_server: pid=1036 tid=2489 tftp-server : INF :[tftp_server.c, 1362] RRQ was successfully processed.
04-17 13:23:32.693969  1036  2489 I tftp_server: pid=1036 tid=2489 tftp-server : INF :[tftp_server.c, 1817] RRQ Total API = 857
04-17 13:23:32.694622  1036  1036 I tftp_server: pid=1036 tid=1036 tftp-server : INF :[tftp_server.c, 659] rcvd request [1] [113] [1] [0] [527]
04-17 13:23:32.694773  1036  2490 I tftp_server: pid=1036 tid=2490 tftp-server : INF :[tftp_server_utils.c, 113] file [readonly/firmware/image/saipan/qdsp6m.qdb] : [/vendor/rfs/msm/mpss/readonly/firmware/ima
04-17 13:23:32.694828  1036  2490 I tftp_server: pid=1036 tid=2490 tftp-server : INF :[tftp_server.c, 1211] OACK options [port: 527] : [7680, 1000, 6576000, 10, 16000, 0, 0, 0]
04-17 13:23:32.694840  1036  2490 I tftp_server: pid=1036 tid=2490 tftp-server : INF :[tftp_os_la.c, 63] open : [-1] [-1] [384] [0] [/vendor/rfs/msm/mpss/readonly/firmware/image/saipan/qdsp6m.qdb]
04-17 13:23:32.701200  1036  2490 I tftp_server: pid=1036 tid=2490 tftp-server : INF :[tftp_server.c, 1328] RRQ stats [port: 16000]: sent_size = 527 total-blocks = 3 total-bytes = 16000 timedout-pkts = 0, wr
04-17 13:23:32.701237  1036  2490 I tftp_server: pid=1036 tid=2490 tftp-server : INF :[tftp_server.c, 1335] RRQ file stats [port: 527]: fread [Total, Max, Min] = [40, 21, 0]
04-17 13:23:32.701245  1036  2490 I tftp_server: pid=1036 tid=2490 tftp-server : INF :[tftp_server.c, 1339] RRQ time stats : Total : [TX, RX] = [238, 5988]
04-17 13:23:32.701252  1036  2490 I tftp_server: pid=1036 tid=2490 tftp-server : INF :[tftp_server.c, 1346] RRQ time stats [port: 527]: Tx/Rx [Min, Max] = [16, 159, 150, 5838]
04-17 13:23:32.701259  1036  2490 I tftp_server: pid=1036 tid=2490 tftp-server : INF :[tftp_server.c, 1362] RRQ was successfully processed.
04-17 13:23:32.701279  1036  2490 I tftp_server: pid=1036 tid=2490 tftp-server : INF :[tftp_server.c, 1817] RRQ Total API = 6549
04-17 13:23:32.702959  1036  1036 I tftp_server: pid=1036 tid=1036 tftp-server : INF :[tftp_server.c, 659] rcvd request [1] [113] [1] [0] [528]
04-17 13:23:32.704257  1036  2492 I tftp_server: pid=1036 tid=2492 tftp-server : INF :[tftp_server_utils.c, 113] file [readonly/firmware/image/saipan/qdsp6m.qdb] : [/vendor/rfs/msm/mpss/readonly/firmware/ima
04-17 13:23:32.704391  1036  2492 I tftp_server: pid=1036 tid=2492 tftp-server : INF :[tftp_server.c, 1211] OACK options [port: 528] : [7680, 1000, 6592000, 10, 16000, 0, 0, 0]
04-17 13:23:32.704429  1036  2492 I tftp_server: pid=1036 tid=2492 tftp-server : INF :[tftp_os_la.c, 63] open : [-1] [-1] [384] [0] [/vendor/rfs/msm/mpss/readonly/firmware/image/saipan/qdsp6m.qdb]
04-17 13:23:32.710500  1036  2492 I tftp_server: pid=1036 tid=2492 tftp-server : INF :[tftp_server.c, 1328] RRQ stats [port: 16000]: sent_size = 528 total-blocks = 3 total-bytes = 16000 timedout-pkts = 0, wr
04-17 13:23:32.711569  1036  1036 I tftp_server: pid=1036 tid=1036 tftp-server : INF :[tftp_server.c, 659] rcvd request [1] [113] [1] [0] [529]
04-17 13:23:32.711709  1036  2492 I tftp_server: pid=1036 tid=2492 tftp-server : INF :[tftp_server.c, 1335] RRQ file stats [port: 528]: fread [Total, Max, Min] = [26, 16, 0]
04-17 13:23:32.711726  1036  2492 I tftp_server: pid=1036 tid=2492 tftp-server : INF :[tftp_server.c, 1339] RRQ time stats : Total : [TX, RX] = [258, 5638]
04-17 13:23:32.711734  1036  2492 I tftp_server: pid=1036 tid=2492 tftp-server : INF :[tftp_server.c, 1346] RRQ time stats [port: 528]: Tx/Rx [Min, Max] = [7, 139, 203, 5435]
04-17 13:23:32.711740  1036  2492 I tftp_server: pid=1036 tid=2492 tftp-server : INF :[tftp_server.c, 1362] RRQ was successfully processed.
04-17 13:23:32.711761  1036  2492 I tftp_server: pid=1036 tid=2492 tftp-server : INF :[tftp_server.c, 1817] RRQ Total API = 7621
04-17 13:23:32.711796  1036  2494 I tftp_server: pid=1036 tid=2494 tftp-server : INF :[tftp_server_utils.c, 113] file [readonly/firmware/image/saipan/qdsp6m.qdb] : [/vendor/rfs/msm/mpss/readonly/firmware/ima
04-17 13:23:32.711852  1036  2494 I tftp_server: pid=1036 tid=2494 tftp-server : INF :[tftp_server.c, 1211] OACK options [port: 529] : [7680, 1000, 6608000, 10, 16000, 0, 0, 0]
04-17 13:23:32.711865  1036  2494 I tftp_server: pid=1036 tid=2494 tftp-server : INF :[tftp_os_la.c, 63] open : [-1] [-1] [384] [0] [/vendor/rfs/msm/mpss/readonly/firmware/image/saipan/qdsp6m.qdb]
04-17 13:23:32.712804  1036  2494 I tftp_server: pid=1036 tid=2494 tftp-server : INF :[tftp_server.c, 1328] RRQ stats [port: 16000]: sent_size = 529 total-blocks = 3 total-bytes = 16000 timedout-pkts = 0, wr
04-17 13:23:32.712824  1036  2494 I tftp_server: pid=1036 tid=2494 tftp-server : INF :[tftp_server.c, 1335] RRQ file stats [port: 529]: fread [Total, Max, Min] = [26, 17, 0]
04-17 13:23:32.712832  1036  2494 I tftp_server: pid=1036 tid=2494 tftp-server : INF :[tftp_server.c, 1339] RRQ time stats : Total : [TX, RX] = [517, 329]
04-17 13:23:32.712839  1036  2494 I tftp_server: pid=1036 tid=2494 tftp-server : INF :[tftp_server.c, 1346] RRQ time stats [port: 529]: Tx/Rx [Min, Max] = [7, 373, 141, 188]
04-17 13:23:32.712846  1036  2494 I tftp_server: pid=1036 tid=2494 tftp-server : INF :[tftp_server.c, 1362] RRQ was successfully processed.
04-17 13:23:32.712866  1036  2494 I tftp_server: pid=1036 tid=2494 tftp-server : INF :[tftp_server.c, 1817] RRQ Total API = 1168
04-17 13:23:32.713534  1036  1036 I tftp_server: pid=1036 tid=1036 tftp-server : INF :[tftp_server.c, 659] rcvd request [1] [113] [1] [0] [530]
04-17 13:23:32.713875  1036  2495 I tftp_server: pid=1036 tid=2495 tftp-server : INF :[tftp_server_utils.c, 113] file [readonly/firmware/image/saipan/qdsp6m.qdb] : [/vendor/rfs/msm/mpss/readonly/firmware/ima
04-17 13:23:32.713973  1036  2495 I tftp_server: pid=1036 tid=2495 tftp-server : INF :[tftp_server.c, 1211] OACK options [port: 530] : [7680, 1000, 6624000, 10, 16000, 0, 0, 0]
04-17 13:23:32.713986  1036  2495 I tftp_server: pid=1036 tid=2495 tftp-server : INF :[tftp_os_la.c, 63] open : [-1] [-1] [384] [0] [/vendor/rfs/msm/mpss/readonly/firmware/image/saipan/qdsp6m.qdb]
04-17 13:23:32.714592  1036  2495 I tftp_server: pid=1036 tid=2495 tftp-server : INF :[tftp_server.c, 1328] RRQ stats [port: 16000]: sent_size = 530 total-blocks = 3 total-bytes = 16000 timedout-pkts = 0, wr
04-17 13:23:32.714606  1036  2495 I tftp_server: pid=1036 tid=2495 tftp-server : INF :[tftp_server.c, 1335] RRQ file stats [port: 530]: fread [Total, Max, Min] = [19, 12, 0]
04-17 13:23:32.714613  1036  2495 I tftp_server: pid=1036 tid=2495 tftp-server : INF :[tftp_server.c, 1339] RRQ time stats : Total : [TX, RX] = [200, 290]
04-17 13:23:32.714620  1036  2495 I tftp_server: pid=1036 tid=2495 tftp-server : INF :[tftp_server.c, 1346] RRQ time stats [port: 530]: Tx/Rx [Min, Max] = [8, 156, 112, 178]
04-17 13:23:32.714627  1036  2495 I tftp_server: pid=1036 tid=2495 tftp-server : INF :[tftp_server.c, 1362] RRQ was successfully processed.
04-17 13:23:32.714648  1036  2495 I tftp_server: pid=1036 tid=2495 tftp-server : INF :[tftp_server.c, 1817] RRQ Total API = 893
04-17 13:23:32.715412  1036  1036 I tftp_server: pid=1036 tid=1036 tftp-server : INF :[tftp_server.c, 659] rcvd request [1] [112] [1] [0] [531]
04-17 13:23:32.715714  1036  2496 I tftp_server: pid=1036 tid=2496 tftp-server : INF :[tftp_server_utils.c, 113] file [readonly/firmware/image/saipan/qdsp6m.qdb] : [/vendor/rfs/msm/mpss/readonly/firmware/ima
04-17 13:23:32.715769  1036  2496 I tftp_server: pid=1036 tid=2496 tftp-server : INF :[tftp_server.c, 1211] OACK options [port: 531] : [7680, 1000, 6640000, 10, 9630, 0, 0, 0]
04-17 13:23:32.715782  1036  2496 I tftp_server: pid=1036 tid=2496 tftp-server : INF :[tftp_os_la.c, 63] open : [-1] [-1] [384] [0] [/vendor/rfs/msm/mpss/readonly/firmware/image/saipan/qdsp6m.qdb]
04-17 13:23:32.722068  1036  2496 I tftp_server: pid=1036 tid=2496 tftp-server : INF :[tftp_server.c, 1328] RRQ stats [port: 9630]: sent_size = 531 total-blocks = 2 total-bytes = 9630 timedout-pkts = 0, wron
04-17 13:23:32.722103  1036  2496 I tftp_server: pid=1036 tid=2496 tftp-server : INF :[tftp_server.c, 1335] RRQ file stats [port: 531]: fread [Total, Max, Min] = [19, 17, 0]
04-17 13:23:32.722111  1036  2496 I tftp_server: pid=1036 tid=2496 tftp-server : INF :[tftp_server.c, 1339] RRQ time stats : Total : [TX, RX] = [199, 5995]
04-17 13:23:32.722118  1036  2496 I tftp_server: pid=1036 tid=2496 tftp-server : INF :[tftp_server.c, 1346] RRQ time stats [port: 531]: Tx/Rx [Min, Max] = [18, 146, 126, 5869]
04-17 13:23:32.722125  1036  2496 I tftp_server: pid=1036 tid=2496 tftp-server : INF :[tftp_server.c, 1362] RRQ was successfully processed.
04-17 13:23:32.722144  1036  2496 I tftp_server: pid=1036 tid=2496 tftp-server : INF :[tftp_server.c, 1817] RRQ Total API = 6476
04-17 13:23:32.727604  1130  1178 D Diag_Lib: diag: Voting real_time: 0
04-17 13:23:32.727711  1130  1178 D Diag_Lib: diag: Set per:1 tx_mode: 0
04-17 13:23:32.727894  1130  1178 D Diag_Lib: diag: Set per:10 tx_mode: 0
04-17 13:23:32.727979  1130  1178 D Diag_Lib: diag: Requesting real_time: 1, current_buf_mode: 0
--------- switch to system
04-17 13:23:32.734604   936   936 I PackageParsing: Skipping target and overlay pair com.android.settings and /product/overlay/SettingsOverlayG5NZ6.apk: overlay ignored due to required system property: ro.boot.hardware.sku with value: G5NZ6
04-17 13:23:32.749257   936   936 I PackageParsing: Skipping target and overlay pair com.android.settings and /product/overlay/SettingsOverlayGTT9Q.apk: overlay ignored due to required system property: ro.boot.hardware.sku with value: GTT9Q
--------- switch to main
04-17 13:23:32.778738  1130  1178 D Diag_Lib: diag: New real_time: 1
04-17 13:23:32.778789  1130  1178 D Diag_Lib: diag: Requesting real_time: 0, current_buf_mode: 0
04-17 13:23:32.778929  1269  1269 I QC-NETMGR-LIB: NetmgrNetdClientRegisterNetwork(): Looking for Netd service
04-17 13:23:32.778956  1269  1269 I QC-NETMGR-LIB: NetmgrNetdClientRegisterNetwork(): register to create new OEM network
04-17 13:23:32.778965  1269  1269 I QC-NETMGR-LIB: registerNetwork(): Attempting createOemNetwork
04-17 13:23:32.779064   935   993 D TcpSocketMonitor: suspending tcpinfo polling
04-17 13:23:32.779304  1269  1269 I QC-NETMGR-LIB: registerNetwork(): command completed!
04-17 13:23:32.779327  1269  1269 E QC-NETMGR-LIB: registerNetwork(): createOemNetwork succeeded [packet mark : 0xf0002] [net id : 2] [network handle : 0x2cafed00d]
04-17 13:23:32.779335  1269  1269 I QC-NETMGR-LIB: NetmgrNetdClientRegisterNetwork(): [packet mark : 0xf0002] [network handle : 0x2cafed00d]
04-17 13:23:32.806722   936  1333 I zygote64: Background young concurrent copying GC freed 300768(19MB) AllocSpace objects, 16(504KB) LOS objects, 48% free, 21MB/40MB, paused 58us,72us total 107.437ms
04-17 13:23:32.829446  1130  1178 D Diag_Lib: diag: New real_time: 0
04-17 13:23:32.829526  1130  1178 D Diag_Lib: diag: Set per:1 tx_mode: 2
04-17 13:23:32.829589  1130  1178 D Diag_Lib: diag: Set per:10 tx_mode: 2
04-17 13:23:32.829616  1130  1178 D Diag_Lib: diag: Reload log mask
04-17 13:23:32.829712  1130  1178 D Diag_Lib: Reading the mask file: /vendor/etc/mdlog/default.cfg
04-17 13:23:32.836011   971  1626 W ServiceManager: Waited one second for android.frameworks.stats.IStats/default (is service started? are binder threads started and available?)
04-17 13:23:32.836634   573   573 I servicemanager: Since 'android.frameworks.stats.IStats/default' could not be found, trying to start it as a lazy AIDL service
04-17 13:23:32.837687   573  2509 W libc    : Unable to set property "ctl.interface_start" to "aidl/android.frameworks.stats.IStats/default": error code: 0x20
04-17 13:23:32.837778   573  2509 I servicemanager: Tried to start aidl service android.frameworks.stats.IStats/default as a lazy service, but was unable to. Usually this happens when a service is not installed, but if the service is intended to be used as a lazy service, then it may be configured incorrectly.
--------- switch to kernel
04-17 13:23:32.837527     0     0 E         : c6      1 init: Control message: Could not find 'aidl/android.frameworks.stats.IStats/default' for ctl.interface_start from pid: 573 (/system/bin/servicemanager)
--------- switch to main
04-17 13:23:32.878970   971  1076 D CHRE    : @  23.752: Opened GNSS PAL version 0x01040001
04-17 13:23:32.879041   971  1076 D CHRE    : @  23.752: Opened WiFi PAL version 0x0102000a
04-17 13:23:32.879217   971  1076 D CHRE    : @  23.753: Opened WWAN PAL version 0x01040000
04-17 13:23:32.879357   971  1076 D CHRE    : @  23.753: SPI audio handle 0 available: 1
04-17 13:23:32.879455   971  1076 D CHRE    : @  23.753: Opened audio PAL version 0x01020000
04-17 13:23:32.879471   971  1076 I CHRE    : @  23.753: EventLoop start
04-17 13:23:32.879497   971  1076 D CHRE    : @  23.753: Instance ID 1 assigned to app ID 0x476f6f676c00100b
04-17 13:23:32.880021  1296  1330 I chre    : vendor/qcom/proprietary/adsprpc/src/apps_std_imp.c:851: Successfully opened file /vendor/dsp/adsp/activity.so
--------- switch to kernel
04-17 13:23:32.897059     0     0 I         : c1      1 init: starting service 'vendor.ims_rtp_daemon'...
--------- switch to main
04-17 13:23:32.912408  2517  2517 W ims_rtp_daemon: libminijail[2517]: failed to get path of fd 3: No such file or directory
04-17 13:23:32.912463  2517  2517 W ims_rtp_daemon: libminijail[2517]: allowing syscall: connect
04-17 13:23:32.912481  2517  2517 W ims_rtp_daemon: libminijail[2517]: allowing syscall: fcntl
04-17 13:23:32.912494  2517  2517 W ims_rtp_daemon: libminijail[2517]: allowing syscall: sendto
04-17 13:23:32.912506  2517  2517 W ims_rtp_daemon: libminijail[2517]: allowing syscall: socket
04-17 13:23:32.912518  2517  2517 W ims_rtp_daemon: libminijail[2517]: allowing syscall: writev
04-17 13:23:32.912730  2517  2517 W ims_rtp_daemon: libminijail[2517]: compile_file: <fd>(92): syscall socket redefined here
04-17 13:23:32.912755  2517  2517 W ims_rtp_daemon: libminijail[2517]: compile_file: <fd>(41): previous definition here
04-17 13:23:32.912801  2517  2517 W ims_rtp_daemon: libminijail[2517]: logging seccomp filter failures
04-17 13:23:32.921988   971  1076 I CHRE    : @  23.795: Nanoapp loaded: Activity Recognition (0x476f6f676c00100b) version 0x3000c (7517818) uimg 0 system 0
04-17 13:23:32.922042   971  1076 I CHRE    : @  23.795: Nanoapp permissions: 0x1
04-17 13:23:32.922072   971  1076 I CHRE    : @  23.795: [AR] start
04-17 13:23:32.922087   971  1076 I CHRE    : @  23.795: [AR] Transition default config: has_still_in_vehicle_timeout_millis=0; still_in_vehicle_timeout_millis=600000
04-17 13:23:32.922100   971  1076 I CHRE    : @  23.795: [AR] OFF => OFF
04-17 13:23:32.922125   971  1076 I CHRE    : @  23.795: [AR] Found suitable audio source
04-17 13:23:32.922111  2517  2519 D Diag_Lib: diag: CreateWaitThread (2519) created
04-17 13:23:32.922256   971  1076 D CHRE    : @  23.796: Instance ID 2 assigned to app ID 0x476f6f676c001017
04-17 13:23:32.922404  1296  1330 I chre    : vendor/qcom/proprietary/adsprpc/src/apps_std_imp.c:851: Successfully opened file /vendor/dsp/adsp/ambient.so
04-17 13:23:32.923481  2517  2517 E Diag_Lib: qpLogDiagInit <== result : 1;
04-17 13:23:32.923766  2517  2517 E Diag_Lib: [IMS_AP_RTP]"RTP Daemon main entry : 3e9"
04-17 13:23:32.923850  2517  2517 E Diag_Lib: [IMS_AP_RTP]"RTP Daemon bLogRTPMsgs 1, bLogRTPDataMsgs 2, bLogAdbMsgs 0"
04-17 13:23:32.926010  2517  2517 E Diag_Lib: [IMS_AP_RTP]"qvp_rtp_task_init"
04-17 13:23:32.926222  2517  2517 E Diag_Lib: [IMS_AP_RTP]"ims-rtp-daemon listen done"
04-17 13:23:32.927724  2517  2517 E Diag_Lib: [IMS_AP_RTP]"ims-rtp-daemon qmi_rtp_register_service >"
04-17 13:23:32.927913  2517  2517 E Diag_Lib: [IMS_AP_RTP]"ims-rtp-daemon qmi_rtp_register_service rc : 0"
04-17 13:23:32.928008  2517  2517 E Diag_Lib: [IMS_AP_RTP]"ims-rtp-daemon qmi_rtp_register_service service_cookie.service_handle : 0x1"
--------- switch to system
04-17 13:23:32.928072   957  1057 I QMI_FW  : QCCI: Received NEW_SERVER cmd for 00000028:00000001
04-17 13:23:32.928058   926   931 I QMI_FW  : QCCI: Received NEW_SERVER cmd for 00000028:00000001
04-17 13:23:32.928133  1283  1352 I QMI_FW  : QCCI: Received NEW_SERVER cmd for 00000028:00000001
04-17 13:23:32.928150   971  1074 I QMI_FW  : QCCI: Received NEW_SERVER cmd for 00000028:00000001
04-17 13:23:32.928203  1324  1359 I QMI_FW  : QCCI: Received NEW_SERVER cmd for 00000028:00000001
04-17 13:23:32.928218  1348  1375 I QMI_FW  : QCCI: Received NEW_SERVER cmd for 00000028:00000001
--------- switch to main
04-17 13:23:32.928276  2517  2522 E Diag_Lib: DPL : gIsQXDMDisabled 0, gIsADBDisabled 1, gIsDebugDisabled 0, gIsIMSLogsDisabled 0 gIsDebugDataPathDisabled = 0
--------- switch to system
04-17 13:23:32.928282  1261  1367 I QMI_FW  : QCCI: Received NEW_SERVER cmd for 00000028:00000001
04-17 13:23:32.928288  1272  1688 I QMI_FW  : QCCI: Received NEW_SERVER cmd for 00000028:00000001
04-17 13:23:32.928377  1269  1394 I QMI_FW  : QCCI: Received NEW_SERVER cmd for 00000028:00000001
04-17 13:23:32.928445  1128  1913 I QMI_FW  : QCCI: Received NEW_SERVER cmd for 00000028:00000001
--------- switch to main
04-17 13:23:32.929040  2517  2517 E Diag_Lib: [IMS_AP_RTP]"IMSRTP HIDL Service is starting."
04-17 13:23:32.929153  2517  2517 E VIMSVT  : VT-Vendor:: enableImsADB 0, log_priority value 240
04-17 13:23:32.929931  2517  2522 E Diag_Lib: [IMS_AP_RTP]"qvp_rtp_handle_signals call ret qpDplInitTaskInfo 1"
04-17 13:23:32.930184  2517  2517 E Diag_Lib: [IMS_AP_RTP]"RTPService callback Registraton"
04-17 13:23:32.930209  2517  2522 E Diag_Lib: [IMS_FATAL]| 2522 |qpNetSetReadFds - DataD IPC socket not available
04-17 13:23:32.930825  2517  2523 E Diag_Lib: [IMS_AP_RTP]"ms-rtp-daemon ims_rtp_qmi_handler_thread_func >"
04-17 13:23:32.931317  2517  2517 D hw-ProcessState: Binder ioctl to enable oneway spam detection failed: Invalid argument
04-17 13:23:32.931732  2517  2522 E Diag_Lib: [IMS_FATAL]| 2522 |qpCheckSockEventsOnNetConnProfiles : pNetConnProfileArray NULL
--------- switch to kernel
04-17 13:23:32.931300     0     0 I         : c0   2517 binder: 2517:2517 ioctl 40046210 7fc4284574 returned -22
--------- switch to system
04-17 13:23:32.934912  2517  2528 I QMI_FW  : QCCI: Received NEW_SERVER cmd for 00000031:00000201
04-17 13:23:32.934969  2517  2528 I QMI_FW  : QCCI: Received NEW_SERVER cmd for 0000004e:00000001
04-17 13:23:32.934993  2517  2528 I QMI_FW  : QCCI: Received NEW_SERVER cmd for 0000001a:00000001
04-17 13:23:32.935015  2517  2528 I QMI_FW  : QCCI: Received NEW_SERVER cmd for 00000010:00000002
04-17 13:23:32.935036  2517  2528 I QMI_FW  : QCCI: Received NEW_SERVER cmd for 00000012:00000001
04-17 13:23:32.935057  2517  2528 I QMI_FW  : QCCI: Received NEW_SERVER cmd for 0000004b:00000001
04-17 13:23:32.935078  2517  2528 I QMI_FW  : QCCI: Received NEW_SERVER cmd for 00000033:00000301
04-17 13:23:32.935098  2517  2528 I QMI_FW  : QCCI: Received NEW_SERVER cmd for 00000033:00000201
04-17 13:23:32.935119  2517  2528 I QMI_FW  : QCCI: Received NEW_SERVER cmd for 00000002:00000001
04-17 13:23:32.935139  2517  2528 I QMI_FW  : QCCI: Received NEW_SERVER cmd for 00000003:00000001
04-17 13:23:32.935159  2517  2528 I QMI_FW  : QCCI: Received NEW_SERVER cmd for 00000011:00000001
04-17 13:23:32.935181  2517  2528 I QMI_FW  : QCCI: Received NEW_SERVER cmd for 00000018:00000001
04-17 13:23:32.935202  2517  2528 I QMI_FW  : QCCI: Received NEW_SERVER cmd for 00000030:00000001
04-17 13:23:32.935223  2517  2528 I QMI_FW  : QCCI: Received NEW_SERVER cmd for 0000002f:00000001
04-17 13:23:32.935245  2517  2528 I QMI_FW  : QCCI: Received NEW_SERVER cmd for 00000022:00000001
04-17 13:23:32.935266  2517  2528 I QMI_FW  : QCCI: Received NEW_SERVER cmd for 00000021:00000001
04-17 13:23:32.935287  2517  2528 I QMI_FW  : QCCI: Received NEW_SERVER cmd for 00000017:00000001
04-17 13:23:32.935307  2517  2528 I QMI_FW  : QCCI: Received NEW_SERVER cmd for 00000049:00000001
04-17 13:23:32.935328  2517  2528 I QMI_FW  : QCCI: Received NEW_SERVER cmd for 00001003:00000000
04-17 13:23:32.935349  2517  2528 I QMI_FW  : QCCI: Received NEW_SERVER cmd for 00000004:00000001
04-17 13:23:32.935370  2517  2528 I QMI_FW  : QCCI: Received NEW_SERVER cmd for 00000042:0000b401
04-17 13:23:32.935391  2517  2528 I QMI_FW  : QCCI: Received NEW_SERVER cmd for 0000004c:00000001
04-17 13:23:32.935412  2517  2528 I QMI_FW  : QCCI: Received NEW_SERVER cmd for 00000007:00000001
04-17 13:23:32.935434  2517  2528 I QMI_FW  : QCCI: Received NEW_SERVER cmd for 0000004d:00000001
04-17 13:23:32.935455  2517  2528 I QMI_FW  : QCCI: Received NEW_SERVER cmd for 000000e7:00000001
04-17 13:23:32.935475  2517  2528 I QMI_FW  : QCCI: Received NEW_SERVER cmd for 00000029:00000101
04-17 13:23:32.935496  2517  2528 I QMI_FW  : QCCI: Received NEW_SERVER cmd for 0000000f:00000001
04-17 13:23:32.935516  2517  2528 I QMI_FW  : QCCI: Received NEW_SERVER cmd for 0000002a:00000001
04-17 13:23:32.935537  2517  2528 I QMI_FW  : QCCI: Received NEW_SERVER cmd for 00000009:00000002
04-17 13:23:32.935558  2517  2528 I QMI_FW  : QCCI: Received NEW_SERVER cmd for 00000045:00000001
04-17 13:23:32.935579  2517  2528 I QMI_FW  : QCCI: Received NEW_SERVER cmd for 00000033:00000b01
04-17 13:23:32.935600  2517  2528 I QMI_FW  : QCCI: Received NEW_SERVER cmd for 0000004a:00000001
04-17 13:23:32.935622  2517  2528 I QMI_FW  : QCCI: Received NEW_SERVER cmd for 0000000a:00000002
04-17 13:23:32.935643  2517  2528 I QMI_FW  : QCCI: Received NEW_SERVER cmd for 00000024:00000001
04-17 13:23:32.935665  2517  2528 I QMI_FW  : QCCI: Received NEW_SERVER cmd for 00000001:00000001
04-17 13:23:32.935686  2517  2528 I QMI_FW  : QCCI: Received NEW_SERVER cmd for 0000002b:00001202
04-17 13:23:32.935707  2517  2528 I QMI_FW  : QCCI: Received NEW_SERVER cmd for 0000001d:00000001
04-17 13:23:32.935728  2517  2528 I QMI_FW  : QCCI: Received NEW_SERVER cmd for 00000008:00000001
04-17 13:23:32.935748  2517  2528 I QMI_FW  : QCCI: Received NEW_SERVER cmd for 00000037:00000201
04-17 13:23:32.935769  2517  2528 I QMI_FW  : QCCI: Received NEW_SERVER cmd for 00001001:00000001
04-17 13:23:32.935789  2517  2528 I QMI_FW  : QCCI: Received NEW_SERVER cmd for 00000015:00000001
04-17 13:23:32.935810  2517  2528 I QMI_FW  : QCCI: Received NEW_SERVER cmd for 00000005:00000001
04-17 13:23:32.935830  2517  2528 I QMI_FW  : QCCI: Received NEW_SERVER cmd for 0000000c:00000001
04-17 13:23:32.935851  2517  2528 I QMI_FW  : QCCI: Received NEW_SERVER cmd for 00001002:00000000
04-17 13:23:32.935871  2517  2528 I QMI_FW  : QCCI: Received NEW_SERVER cmd for 00001001:00000003
04-17 13:23:32.935892  2517  2528 I QMI_FW  : QCCI: Received NEW_SERVER cmd for 00000016:00001001
04-17 13:23:32.935913  2517  2528 I QMI_FW  : QCCI: Received NEW_SERVER cmd for 00000044:00000001
04-17 13:23:32.935935  2517  2528 I QMI_FW  : QCCI: Received NEW_SERVER cmd for 0000000b:00000001
04-17 13:23:32.935956  2517  2528 I QMI_FW  : QCCI: Received NEW_SERVER cmd for 0000016e:00000001
04-17 13:23:32.935976  2517  2528 I QMI_FW  : QCCI: Received NEW_SERVER cmd for 00000042:00004a01
04-17 13:23:32.935997  2517  2528 I QMI_FW  : QCCI: Received NEW_SERVER cmd for 00000033:00000501
04-17 13:23:32.936018  2517  2528 I QMI_FW  : QCCI: Received NEW_SERVER cmd for 0000000f:00002101
04-17 13:23:32.936038  2517  2528 I QMI_FW  : QCCI: Received NEW_SERVER cmd for 00000301:00000001
04-17 13:23:32.936058  2517  2528 I QMI_FW  : QCCI: Received NEW_SERVER cmd for 0000002b:00001402
04-17 13:23:32.936079  2517  2528 I QMI_FW  : QCCI: Received NEW_SERVER cmd for 0000016c:00000001
04-17 13:23:32.936099  2517  2528 I QMI_FW  : QCCI: Received NEW_SERVER cmd for 00000190:00000001
04-17 13:23:32.936119  2517  2528 I QMI_FW  : QCCI: Received NEW_SERVER cmd for 0000000f:00002001
04-17 13:23:32.936140  2517  2528 I QMI_FW  : QCCI: Received NEW_SERVER cmd for 0000015b:00000001
04-17 13:23:32.936161  2517  2528 I QMI_FW  : QCCI: Received NEW_SERVER cmd for 00001001:00000041
04-17 13:23:32.936182  2517  2528 I QMI_FW  : QCCI: Received NEW_SERVER cmd for 00000018:00000101
04-17 13:23:32.936202  2517  2528 I QMI_FW  : QCCI: Received NEW_SERVER cmd for 0000000f:00002201
04-17 13:23:32.936223  2517  2528 I QMI_FW  : QCCI: Received NEW_SERVER cmd for 000000e8:00000001
04-17 13:23:32.936244  2517  2528 I QMI_FW  : QCCI: Received NEW_SERVER cmd for 00000033:00000c01
04-17 13:23:32.936265  2517  2528 I QMI_FW  : QCCI: Received NEW_SERVER cmd for 00001001:00000144
04-17 13:23:32.936285  2517  2528 I QMI_FW  : QCCI: Received NEW_SERVER cmd for 00001000:00000001
04-17 13:23:32.936306  2517  2528 I QMI_FW  : QCCI: Received NEW_SERVER cmd for 00001001:00000104
04-17 13:23:32.936328  2517  2528 I QMI_FW  : QCCI: Received NEW_SERVER cmd for 00000028:00000001
04-17 13:23:32.936349  2517  2528 I QMI_FW  : QCCI: Received NEW_SERVER cmd for 00001001:00000004
04-17 13:23:32.936371  2517  2528 I QMI_FW  : QCCI: Received NEW_SERVER cmd for 00001000:00000004
04-17 13:23:32.936391  2517  2528 I QMI_FW  : QCCI: Received NEW_SERVER cmd for 00001001:00000040
04-17 13:23:32.936412  2517  2528 I QMI_FW  : QCCI: Received NEW_SERVER cmd for 00001001:00000044
04-17 13:23:32.936432  2517  2528 I QMI_FW  : QCCI: Received NEW_SERVER cmd for 00001000:00000007
04-17 13:23:32.936453  2517  2528 I QMI_FW  : QCCI: Received NEW_SERVER cmd for 00001001:00000084
04-17 13:23:32.936474  2517  2528 I QMI_FW  : QCCI: Received NEW_SERVER cmd for 00001000:0000000a
04-17 13:23:32.936494  2517  2528 I QMI_FW  : QCCI: Received NEW_SERVER cmd for 00001001:000000c4
04-17 13:23:32.936515  2517  2528 I QMI_FW  : QCCI: Received NEW_SERVER cmd for 00001001:00000080
04-17 13:23:32.936535  2517  2528 I QMI_FW  : QCCI: Received NEW_SERVER cmd for 00000035:00001001
04-17 13:23:32.936556  2517  2528 I QMI_FW  : QCCI: Received NEW_SERVER cmd for 0000000e:00000001
04-17 13:23:32.936577  2517  2528 I QMI_FW  : QCCI: Received NEW_SERVER cmd for 00001001:00000102
04-17 13:23:32.936597  2517  2528 I QMI_FW  : QCCI: Received NEW_SERVER cmd for 00001001:00000002
04-17 13:23:32.936618  2517  2528 I QMI_FW  : QCCI: Received NEW_SERVER cmd for 00001000:00000003
04-17 13:23:32.936639  2517  2528 I QMI_FW  : QCCI: Received NEW_SERVER cmd for 00000031:00000101
04-17 13:23:32.936660  2517  2528 I QMI_FW  : QCCI: Received NEW_SERVER cmd for 00001001:00000184
04-17 13:23:32.936680  2517  2528 I QMI_FW  : QCCI: Received NEW_SERVER cmd for 00001000:00000006
04-17 13:23:32.936703  2517  2528 I QMI_FW  : QCCI: Received NEW_SERVER cmd for 00001001:00000180
04-17 13:23:32.936724  2517  2528 I QMI_FW  : QCCI: Received NEW_SERVER cmd for 00001001:000000c2
04-17 13:23:32.936744  2517  2528 I QMI_FW  : QCCI: Received NEW_SERVER cmd for 00001000:00000009
04-17 13:23:32.936765  2517  2528 I QMI_FW  : QCCI: Received NEW_SERVER cmd for 00001001:00000100
04-17 13:23:32.936786  2517  2528 I QMI_FW  : QCCI: Received NEW_SERVER cmd for 00001000:0000000c
04-17 13:23:32.936806  2517  2528 I QMI_FW  : QCCI: Received NEW_SERVER cmd for 00001001:00000142
04-17 13:23:32.936826  2517  2528 I QMI_FW  : QCCI: Received NEW_SERVER cmd for 00000034:00000101
04-17 13:23:32.936847  2517  2528 I QMI_FW  : QCCI: Received NEW_SERVER cmd for 00001000:00000002
04-17 13:23:32.936868  2517  2528 I QMI_FW  : QCCI: Received NEW_SERVER cmd for 0000041d:00000001
04-17 13:23:32.936890  2517  2528 I QMI_FW  : QCCI: Received NEW_SERVER cmd for 00001001:00000182
04-17 13:23:32.936911  2517  2528 I QMI_FW  : QCCI: Received NEW_SERVER cmd for 00001001:00000042
04-17 13:23:32.936932  2517  2528 I QMI_FW  : QCCI: Received NEW_SERVER cmd for 00000302:00000001
04-17 13:23:32.936953  2517  2528 I QMI_FW  : QCCI: Received NEW_SERVER cmd for 00001000:00000005
04-17 13:23:32.936973  2517  2528 I QMI_FW  : QCCI: Received NEW_SERVER cmd for 00001001:00000140
04-17 13:23:32.936994  2517  2528 I QMI_FW  : QCCI: Received NEW_SERVER cmd for 00001001:00000082
04-17 13:23:32.937015  2517  2528 I QMI_FW  : QCCI: Received NEW_SERVER cmd for 00001000:00000008
04-17 13:23:32.937036  2517  2528 I QMI_FW  : QCCI: Received NEW_SERVER cmd for 00000040:00000101
04-17 13:23:32.937057  2517  2528 I QMI_FW  : QCCI: Received NEW_SERVER cmd for 00001001:00000000
04-17 13:23:32.937078  2517  2528 I QMI_FW  : QCCI: Received NEW_SERVER cmd for 00001001:000000c0
04-17 13:23:32.937099  2517  2528 I QMI_FW  : QCCI: Received NEW_SERVER cmd for 00001000:0000000b
04-17 13:23:32.937120  2517  2528 I QMI_FW  : QCCI: Received NEW_SERVER cmd for 00000042:00004c01
04-17 13:23:32.937140  2517  2528 I QMI_FW  : QCCI: Received NEW_SERVER cmd for 00000033:00000d01
04-17 13:23:32.937162  2517  2528 I QMI_FW  : QCCI: Received NEW_SERVER cmd for 0000002b:00001702
04-17 13:23:32.937182  2517  2528 I QMI_FW  : QCCI: Received NEW_SERVER cmd for 00001001:00000101
04-17 13:23:32.937203  2517  2528 I QMI_FW  : QCCI: Received NEW_SERVER cmd for 0000000f:00004001
04-17 13:23:32.937225  2517  2528 I QMI_FW  : QCCI: Received NEW_SERVER cmd for 00000018:00004301
04-17 13:23:32.937245  2517  2528 I QMI_FW  : QCCI: Received NEW_SERVER cmd for 00000000:00000000
--------- switch to main
04-17 13:23:32.938115  2517  2517 I HidlServiceManagement: Registered vendor.qti.imsrtpservice@3.0::IRTPService/imsrtpservice
04-17 13:23:32.950344   971  1076 I CHRE    : @  23.823: Nanoapp loaded: Ambient Sensing (0x476f6f676c001017) version 0xb (7517818) uimg 0 system 0
04-17 13:23:32.950400   971  1076 I CHRE    : @  23.824: Nanoapp permissions: 0x1
04-17 13:23:32.950670  2517  2522 E Diag_Lib: [IMS_AP_RTP]"rtp_register :: active num_users 1 "
04-17 13:23:32.950992   971  1076 W CHRE    : @  23.824: Nanoapp disabling nonexistent audio request
04-17 13:23:32.951045   971  1076 W CHRE    : @  23.824: Nanoapp disabling nonexistent audio request
04-17 13:23:32.951061   971  1076 W CHRE    : @  23.824: Nanoapp disabling nonexistent audio request
04-17 13:23:32.951328  1296  1330 I chre    : vendor/qcom/proprietary/adsprpc/src/apps_std_imp.c:851: Successfully opened file /vendor/dsp/adsp/ambient_micro.so
04-17 13:23:32.951616   971  1076 D CHRE    : @  23.825: Instance ID 3 assigned to app ID 0x476f6f676c001018
04-17 13:23:32.971125   971  1076 I CHRE    : @  23.844: Nanoapp loaded: Ambient_micro Sensing (0x476f6f676c001018) version 0x5 (7517818) uimg 1 system 0
04-17 13:23:32.971183   971  1076 I CHRE    : @  23.844: Nanoapp permissions: 0x0
04-17 13:23:32.971240   971  1076 D CHRE    : @  23.844: Instance ID 4 assigned to app ID 0x476f6f676c001013
04-17 13:23:32.971470  1296  1330 I chre    : vendor/qcom/proprietary/adsprpc/src/apps_std_imp.c:851: Successfully opened file /vendor/dsp/adsp/blue.so
--------- switch to kernel
04-17 13:23:32.975803     0     0 I         : c2    358 cs35l41 1-0041: DSP1: Firmware: 400a4 vendor: 0x2 v0.3.4, 1 algorithms
04-17 13:23:32.977176     0     0 I         : c2    358 cs35l41 1-0041: DSP1: 0: ID cd v29.16.6 XM@94 YM@e
04-17 13:23:32.977269     0     0 W         : c2    358 cs35l41 1-0041: Falling back to syfs fallback for: R-cs35l41-revB2-dsp1-spk-prot.bin
04-17 13:23:32.985149     0     0 I         : c5   2534 ueventd: firmware: loading 'R-cs35l41-revB2-dsp1-spk-prot.bin' for '/devices/platform/soc/98c000.i2c/i2c-1/1-0041/firmware/R-cs35l41-revB2-dsp1-spk-prot.bin'
04-17 13:23:32.987300     0     0 I         : c2   2534 ueventd: loading /devices/platform/soc/98c000.i2c/i2c-1/1-0041/firmware/R-cs35l41-revB2-dsp1-spk-prot.bin took 2ms
--------- switch to main
04-17 13:23:33.002400   943   943 W audio_route: Control 'VA_CDC_DMA_TX_0 Channels' doesn't exist - skipping
04-17 13:23:33.002483   943   943 W audio_route: Control 'VA_AIF1_CAP Mixer DEC0' doesn't exist - skipping
04-17 13:23:33.002513   943   943 W audio_route: Control 'VA_AIF1_CAP Mixer DEC1' doesn't exist - skipping
04-17 13:23:33.002543   943   943 W audio_route: Control 'VA_AIF1_CAP Mixer DEC2' doesn't exist - skipping
04-17 13:23:33.002579   943   943 W audio_route: Control 'VA_AIF1_CAP Mixer DEC3' doesn't exist - skipping
04-17 13:23:33.002613   943   943 W audio_route: Control 'VA_AIF1_CAP Mixer DEC4' doesn't exist - skipping
04-17 13:23:33.002644   943   943 W audio_route: Control 'VA_AIF1_CAP Mixer DEC5' doesn't exist - skipping
04-17 13:23:33.002677   943   943 W audio_route: Control 'VA_AIF1_CAP Mixer DEC6' doesn't exist - skipping
04-17 13:23:33.002712   943   943 W audio_route: Control 'VA_AIF1_CAP Mixer DEC7' doesn't exist - skipping
04-17 13:23:33.002743   943   943 W audio_route: Control 'VA DEC0 MUX' doesn't exist - skipping
04-17 13:23:33.002786   943   943 W audio_route: Control 'VA DEC1 MUX' doesn't exist - skipping
04-17 13:23:33.002838   943   943 W audio_route: Control 'VA DEC2 MUX' doesn't exist - skipping
04-17 13:23:33.002868   943   943 W audio_route: Control 'VA DEC3 MUX' doesn't exist - skipping
04-17 13:23:33.002896   943   943 W audio_route: Control 'VA DEC4 MUX' doesn't exist - skipping
04-17 13:23:33.002924   943   943 W audio_route: Control 'VA DEC5 MUX' doesn't exist - skipping
04-17 13:23:33.002952   943   943 W audio_route: Control 'VA DEC6 MUX' doesn't exist - skipping
04-17 13:23:33.002984   943   943 W audio_route: Control 'VA DEC7 MUX' doesn't exist - skipping
04-17 13:23:33.003012   943   943 W audio_route: Control 'VA DMIC MUX0' doesn't exist - skipping
04-17 13:23:33.003048   943   943 W audio_route: Control 'VA DMIC MUX1' doesn't exist - skipping
04-17 13:23:33.003088   943   943 W audio_route: Control 'VA DMIC MUX2' doesn't exist - skipping
04-17 13:23:33.003121   943   943 W audio_route: Control 'VA DMIC MUX3' doesn't exist - skipping
04-17 13:23:33.003155   943   943 W audio_route: Control 'VA DMIC MUX4' doesn't exist - skipping
04-17 13:23:33.003192   943   943 W audio_route: Control 'VA DMIC MUX5' doesn't exist - skipping
04-17 13:23:33.003225   943   943 W audio_route: Control 'VA DMIC MUX6' doesn't exist - skipping
