04-17 13:23:37.990326  2608  2689 I SystemConfig: Reading permissions from /vendor/etc/permissions/android.hardware.wifi.rtt.xml
04-17 13:23:37.990546  2608  2608 D CompatConfig: Found a config file: /system/etc/compatconfig/documents-ui-compat-config.xml
04-17 13:23:37.991499  2608  2608 D CompatConfig: Adding: com.android.server.compat.config.Change@1968cbf
04-17 13:23:37.991954  2608  2689 I SystemConfig: Reading permissions from /vendor/etc/permissions/android.hardware.sensor.compass.xml
04-17 13:23:37.994230  2608  2608 D CompatConfig: Found a config file: /system/system_ext/etc/compatconfig/settings-platform-compat-config.xml
04-17 13:23:37.994306  2608  2689 I SystemConfig: Reading permissions from /vendor/etc/permissions/android.hardware.usb.accessory.xml
04-17 13:23:37.996207  2608  2608 D CompatConfig: Adding: com.android.server.compat.config.Change@fb135db
04-17 13:23:37.996324  2608  2689 I SystemConfig: Reading permissions from /vendor/etc/permissions/android.hardware.telephony.cdma.xml
04-17 13:23:37.998377  2608  2689 I SystemConfig: Reading permissions from /vendor/etc/permissions/com.nxp.mifare.xml
04-17 13:23:37.999178  2608  2689 I SystemConfig: Reading permissions from /vendor/etc/permissions/android.hardware.nfc.ese.xml
04-17 13:23:37.999284  2608  2608 I ApexManagerTiming: getActiveApexInfos_noCache
04-17 13:23:38.000452  2608  2689 I SystemConfig: Reading permissions from /vendor/etc/permissions/android.hardware.camera.flash-autofocus.xml
04-17 13:23:38.001856  2608  2689 I SystemConfig: Reading permissions from /vendor/etc/permissions/android.hardware.fingerprint.xml
04-17 13:23:38.002423  2608  2608 D ApexManagerTiming: getActiveApexInfos_noCache took to complete: 3ms
04-17 13:23:38.002618  2608  2608 D CompatConfig: No directory /apex/com.android.tethering/etc/compatconfig, skipping
04-17 13:23:38.002734  2608  2608 D CompatConfig: No directory /apex/com.android.ipsec/etc/compatconfig, skipping
04-17 13:23:38.002809  2608  2608 D CompatConfig: No directory /apex/com.android.apex.cts.shim/etc/compatconfig, skipping
04-17 13:23:38.002896  2608  2608 D CompatConfig: No directory /apex/com.android.tzdata/etc/compatconfig, skipping
04-17 13:23:38.002963  2608  2608 D CompatConfig: No directory /apex/com.android.cellbroadcast/etc/compatconfig, skipping
04-17 13:23:38.003033  2608  2608 D CompatConfig: No directory /apex/com.android.conscrypt/etc/compatconfig, skipping
04-17 13:23:38.003108  2608  2608 D CompatConfig: No directory /apex/com.android.neuralnetworks/etc/compatconfig, skipping
04-17 13:23:38.003205  2608  2608 D CompatConfig: No directory /apex/com.android.media/etc/compatconfig, skipping
04-17 13:23:38.003235  2608  2689 I SystemConfig: Reading permissions from /vendor/etc/permissions/com.google.android.camera.experimental2020.xml
04-17 13:23:38.003283  2608  2608 D CompatConfig: No directory /apex/com.android.wifi/etc/compatconfig, skipping
04-17 13:23:38.003346  2608  2608 D CompatConfig: No directory /apex/com.android.appsearch/etc/compatconfig, skipping
04-17 13:23:38.003408  2608  2608 D CompatConfig: No directory /apex/com.android.extservices/etc/compatconfig, skipping
04-17 13:23:38.003473  2608  2608 D CompatConfig: No directory /apex/com.android.adbd/etc/compatconfig, skipping
04-17 13:23:38.003535  2608  2608 D CompatConfig: No directory /apex/com.android.resolv/etc/compatconfig, skipping
04-17 13:23:38.004305  2608  2608 D CompatConfig: Found a config file: /apex/com.android.art/etc/compatconfig/libcore-platform-compat-config.xml
04-17 13:23:38.004481  2608  2689 I SystemConfig: Reading permissions from /vendor/etc/permissions/android.hardware.nfc.hce.xml
04-17 13:23:38.005198  2608  2689 I SystemConfig: Reading permissions from /vendor/etc/permissions/android.hardware.context_hub.xml
04-17 13:23:38.005572  2608  2608 D CompatConfig: Adding: com.android.server.compat.config.Change@94ff2d8
04-17 13:23:38.005798  2608  2689 I SystemConfig: Reading permissions from /vendor/etc/permissions/android.hardware.strongbox_keystore.xml
04-17 13:23:38.006075  2608  2608 D CompatConfig: Adding: com.android.server.compat.config.Change@a6ca116
04-17 13:23:38.006420  2608  2608 D CompatConfig: Adding: com.android.server.compat.config.Change@f3d6484
04-17 13:23:38.006449  2608  2689 I SystemConfig: Reading permissions from /vendor/etc/permissions/handheld_core_hardware.xml
04-17 13:23:38.006793  2608  2608 D CompatConfig: Adding: com.android.server.compat.config.Change@3dc346d
04-17 13:23:38.007118  2608  2608 D CompatConfig: Adding: com.android.server.compat.config.Change@609b8a2
04-17 13:23:38.007534  2608  2689 I SystemConfig: Reading permissions from /vendor/etc/permissions/aosp_excluded_hardware.xml
04-17 13:23:38.007579  2608  2608 D CompatConfig: No directory /apex/com.android.media.swcodec/etc/compatconfig, skipping
04-17 13:23:38.007649  2608  2608 D CompatConfig: No directory /apex/com.android.permission/etc/compatconfig, skipping
04-17 13:23:38.007728  2608  2608 D CompatConfig: No directory /apex/com.android.sdkext/etc/compatconfig, skipping
04-17 13:23:38.007814  2608  2608 D CompatConfig: No directory /apex/com.android.scheduling/etc/compatconfig, skipping
04-17 13:23:38.007883  2608  2608 D CompatConfig: No directory /apex/com.android.vndk.v31/etc/compatconfig, skipping
04-17 13:23:38.008521  2608  2689 D SystemConfig: Removed unavailable feature android.hardware.location.network
04-17 13:23:38.009009  2608  2689 I SystemConfig: Reading permissions from /vendor/etc/permissions/android.hardware.sensor.gyroscope.xml
04-17 13:23:38.010401  2608  2689 I SystemConfig: Reading permissions from /vendor/etc/permissions/android.hardware.nfc.xml
04-17 13:23:38.010807  2608  2608 D CompatConfig: Found a config file: /apex/com.android.mediaprovider/etc/compatconfig/media-provider-platform-compat-config.xml
04-17 13:23:38.011627  2608  2608 D CompatConfig: Adding: com.android.server.compat.config.Change@dcb258f
04-17 13:23:38.011833  2608  2689 I SystemConfig: Reading permissions from /vendor/etc/permissions/android.hardware.sensor.stepcounter.xml
04-17 13:23:38.012002  2608  2608 D CompatConfig: Adding: com.android.server.compat.config.Change@3448425
04-17 13:23:38.012465  2608  2608 D CompatConfig: Adding: com.android.server.compat.config.Change@e0db9fa
04-17 13:23:38.012788  2608  2608 D CompatConfig: Adding: com.android.server.compat.config.Change@bde8bab
04-17 13:23:38.013080  2608  2608 D CompatConfig: Adding: com.android.server.compat.config.Change@d91c208
04-17 13:23:38.013463  2608  2608 D CompatConfig: Adding: com.android.server.compat.config.Change@a5e3da1
04-17 13:23:38.013913  2608  2608 D CompatConfig: Adding: com.android.server.compat.config.Change@c6d7bc6
04-17 13:23:38.014497  2608  2608 D CompatConfig: No directory /apex/com.android.runtime/etc/compatconfig, skipping
04-17 13:23:38.014586  2608  2608 D CompatConfig: No directory /apex/com.android.os.statsd/etc/compatconfig, skipping
04-17 13:23:38.014626  2608  2689 I SystemConfig: Reading permissions from /vendor/etc/permissions/android.hardware.se.omapi.uicc.xml
04-17 13:23:38.014660  2608  2608 D CompatConfig: No directory /apex/com.android.i18n/etc/compatconfig, skipping
04-17 13:23:38.015791  2608  2689 I SystemConfig: Reading permissions from /vendor/etc/permissions/android.hardware.sensor.hifi_sensors.xml
04-17 13:23:38.016466  2608  2689 I SystemConfig: Reading permissions from /vendor/etc/permissions/android.hardware.audio.low_latency.xml
--------- switch to kernel
04-17 13:23:38.016210     0     0 I         : c5    946 qcom,camera ac4a000.qcom,cci0:qcom,cam-sensor@1: Linked as a consumer to regulator.81
--------- switch to system
04-17 13:23:38.017698  2608  2689 I SystemConfig: Reading permissions from /vendor/etc/permissions/android.hardware.sensor.light.xml
04-17 13:23:38.018951  2608  2689 I SystemConfig: Reading permissions from /vendor/etc/permissions/android.software.vulkan.deqp.level.xml
04-17 13:23:38.019654  2608  2608 D SystemServerTiming: PlatformCompat took to complete: 81ms
04-17 13:23:38.019686  2608  2608 I SystemServerTiming: StartFileIntegrityService
04-17 13:23:38.019719  2608  2608 I SystemServiceManager: Starting com.android.server.security.FileIntegrityService
04-17 13:23:38.020203  2608  2689 I SystemConfig: Reading permissions from /vendor/etc/permissions/android.hardware.telephony.ims.xml
--------- switch to kernel
04-17 13:23:38.020013     0     0 I         : c4    946 qcom,camera ac4a000.qcom,cci0:qcom,cam-sensor@1: Linked as a consumer to regulator.76
--------- switch to system
04-17 13:23:38.021937  2608  2689 I SystemConfig: Reading permissions from /vendor/etc/permissions/android.hardware.identity_credential.xml
04-17 13:23:38.023730  2608  2689 I SystemConfig: Reading permissions from /vendor/etc/permissions/android.software.sip.voip.xml
--------- switch to kernel
04-17 13:23:38.023828     0     0 I         : c5    946 qcom,camera ac4a000.qcom,cci0:qcom,cam-sensor@1: Linked as a consumer to regulator.79
--------- switch to system
04-17 13:23:38.024394  2608  2608 D SystemServerTiming: StartFileIntegrityService took to complete: 4ms
04-17 13:23:38.024457  2608  2608 I SystemServerTiming: StartInstaller
04-17 13:23:38.024523  2608  2608 I SystemServiceManager: Starting com.android.server.pm.Installer
04-17 13:23:38.025252  2608  2689 I SystemConfig: Reading permissions from /vendor/etc/permissions/android.hardware.sensor.accelerometer.xml
04-17 13:23:38.026001  2608  2689 I SystemConfig: Reading permissions from /vendor/etc/permissions/android.hardware.wifi.aware.xml
04-17 13:23:38.026575  2608  2689 I SystemConfig: Reading permissions from /vendor/etc/permissions/android.hardware.bluetooth_le.xml
04-17 13:23:38.027204  2608  2689 I SystemConfig: Reading permissions from /vendor/etc/permissions/android.hardware.reboot_escrow.xml
04-17 13:23:38.027834  2608  2689 I SystemConfig: Reading permissions from /vendor/etc/permissions/android.hardware.nfc.uicc.xml
04-17 13:23:38.028577  2608  2689 I SystemConfig: Reading permissions from /vendor/etc/permissions/android.hardware.camera.concurrent.xml
--------- switch to main
04-17 13:23:38.028925  1240  1254 D installd: Found quota mount /dev/block/dm-6 at /data
04-17 13:23:38.029013  1240  1254 D installd: Found quota mount /dev/block/dm-6 at /data/user/0
--------- switch to system
04-17 13:23:38.029707  2608  2608 D SystemServerTiming: StartInstaller took to complete: 6ms
04-17 13:23:38.029740  2608  2608 I SystemServerTiming: DeviceIdentifiersPolicyService
04-17 13:23:38.029765  2608  2689 I SystemConfig: Reading permissions from /vendor/etc/permissions/android.hardware.nfc.hcef.xml
04-17 13:23:38.029804  2608  2608 I SystemServiceManager: Starting com.android.server.os.DeviceIdentifiersPolicyService
04-17 13:23:38.030609  2608  2608 D SystemServerTiming: DeviceIdentifiersPolicyService took to complete: 0ms
04-17 13:23:38.030642  2608  2608 I SystemServerTiming: UriGrantsManagerService
04-17 13:23:38.030671  2608  2608 I SystemServiceManager: Starting com.android.server.uri.UriGrantsManagerService$Lifecycle
--------- switch to kernel
04-17 13:23:38.027781     0     0 I         : c4    946 qcom,camera ac4a000.qcom,cci0:qcom,cam-sensor@1: Linked as a consumer to regulator.41
--------- switch to system
04-17 13:23:38.031153  2608  2689 I SystemConfig: Reading permissions from /vendor/etc/permissions/android.hardware.camera.full.xml
04-17 13:23:38.031859  2608  2689 I SystemConfig: Reading permissions from /vendor/etc/permissions/android.hardware.sensor.proximity.xml
04-17 13:23:38.033033  2608  2689 I SystemConfig: Reading permissions from /vendor/etc/permissions/android.software.device_id_attestation.xml
04-17 13:23:38.034050  2608  2689 D SystemConfig: Removed unavailable feature android.software.device_id_attestation
--------- switch to kernel
04-17 13:23:38.033806     0     0 I         : c3    946 CAM_INFO: CAM-SENSOR: cam_sensor_driver_cmd: 860 Probe success,slot:1,slave_addr:0x34,sensor_id:0x481
--------- switch to system
04-17 13:23:38.034293  2608  2689 I SystemConfig: Reading permissions from /vendor/etc/permissions/android.hardware.audio.pro.xml
04-17 13:23:38.034623  2608  2608 D SystemServerTiming: UriGrantsManagerService took to complete: 4ms
04-17 13:23:38.034679  2608  2608 I SystemServerTiming: StartPowerStatsService
04-17 13:23:38.034748  2608  2608 I SystemServiceManager: Starting com.android.server.powerstats.PowerStatsService
04-17 13:23:38.034933  2608  2689 I SystemConfig: Reading permissions from /vendor/etc/permissions/android.hardware.wifi.direct.xml
04-17 13:23:38.035422  2608  2689 I SystemConfig: Reading permissions from /vendor/etc/permissions/android.hardware.vulkan.compute.xml
04-17 13:23:38.035909  2608  2689 I SystemConfig: Reading permissions from /vendor/etc/permissions/android.hardware.device_unique_attestation.xml
04-17 13:23:38.036449  2608  2689 I SystemConfig: Reading permissions from /vendor/etc/permissions/android.software.midi.xml
04-17 13:23:38.036998  2608  2689 I SystemConfig: Reading permissions from /vendor/etc/permissions/android.hardware.camera.front.xml
--------- switch to kernel
04-17 13:23:38.035956     0     0 I         : c4    946 qcom,camera ac4a000.qcom,cci0:qcom,cam-sensor@1: Dropping the link to regulator.41
--------- switch to system
04-17 13:23:38.037627  2608  2689 I SystemConfig: Reading permissions from /vendor/etc/permissions/android.hardware.sensor.stepdetector.xml
04-17 13:23:38.038293  2608  2689 I SystemConfig: Reading permissions from /vendor/etc/permissions/android.hardware.sensor.barometer.xml
--------- switch to main
04-17 13:23:38.038470   573   573 E servicemanager: Could not find android.hardware.power.stats.IPowerStats/default in the VINTF manifest.
04-17 13:23:38.039593  2608  2608 D hw-ProcessState: Binder ioctl to enable oneway spam detection failed: Invalid argument
--------- switch to system
04-17 13:23:38.039633  2608  2689 I SystemConfig: Reading permissions from /vendor/etc/permissions/android.hardware.telephony.carrierlock.xml
--------- switch to kernel
04-17 13:23:38.039090     0     0 I         : c3    946 qcom,camera ac4a000.qcom,cci0:qcom,cam-sensor@1: Dropping the link to regulator.79
04-17 13:23:38.039586     0     0 I         : c7   2608 binder: 2608:2608 ioctl 40046210 7fc0069184 returned -22
--------- switch to system
04-17 13:23:38.040891  2608  2689 I SystemConfig: Reading permissions from /vendor/etc/permissions/android.hardware.telephony.gsm.xml
04-17 13:23:38.042158  2608  2608 D SystemServerTiming: StartPowerStatsService took to complete: 7ms
04-17 13:23:38.042191  2608  2608 I SystemServerTiming: StartIStatsService
04-17 13:23:38.042247  2608  2689 I SystemConfig: Reading permissions from /vendor/etc/permissions/android.hardware.wifi.passpoint.xml
--------- switch to main
04-17 13:23:38.043119  2608  2608 I HidlServiceManagement: Registered android.frameworks.stats@1.0::IStats/default
--------- switch to kernel
04-17 13:23:38.042251     0     0 I         : c3    946 qcom,camera ac4a000.qcom,cci0:qcom,cam-sensor@1: Dropping the link to regulator.76
--------- switch to main
04-17 13:23:38.043972   573   573 I servicemanager: Found android.frameworks.stats.IStats/default in framework VINTF manifest.
--------- switch to system
04-17 13:23:38.044372  2608  2689 I SystemConfig: Reading permissions from /vendor/etc/permissions/android.software.opengles.deqp.level.xml
04-17 13:23:38.044436  2608  2608 D SystemServerTiming: StartIStatsService took to complete: 2ms
04-17 13:23:38.044456  2608  2608 I SystemServerTiming: MemtrackProxyService
--------- switch to main
04-17 13:23:38.045680   573   573 E servicemanager: Could not find android.hardware.memtrack.IMemtrack/default in the VINTF manifest.
--------- switch to system
04-17 13:23:38.045755  2608  2689 I SystemConfig: Reading permissions from /vendor/etc/permissions/android.hardware.location.gps.xml
--------- switch to main
04-17 13:23:38.045775  2608  2608 I Stability: Interface set with vintf stability wire protocol version 1 downgraded to system stability wire protocol version 1 stability
--------- switch to system
04-17 13:23:38.046195  2608  2608 D SystemServerTiming: MemtrackProxyService took to complete: 2ms
04-17 13:23:38.046253  2608  2689 D SystemConfig: Removed unavailable feature android.hardware.location.network
04-17 13:23:38.046278  2608  2608 I SystemServerTiming: StartActivityManager
04-17 13:23:38.046321  2608  2608 I SystemServiceManager: Starting com.android.server.wm.ActivityTaskManagerService$Lifecycle
04-17 13:23:38.046461  2608  2689 I SystemConfig: Reading permissions from /vendor/etc/permissions/android.hardware.camera.raw.xml
04-17 13:23:38.047231  2608  2689 I SystemConfig: Reading permissions from /vendor/etc/permissions/android.hardware.bluetooth.xml
--------- switch to kernel
04-17 13:23:38.045623     0     0 I         : c3    946 qcom,camera ac4a000.qcom,cci0:qcom,cam-sensor@1: Dropping the link to regulator.81
--------- switch to system
04-17 13:23:38.047985  2608  2689 I SystemConfig: Reading permissions from /vendor/etc/permissions/android.hardware.vulkan.level.xml
04-17 13:23:38.049432  2608  2689 I SystemConfig: Reading permissions from /vendor/etc/permissions/android.hardware.se.omapi.ese.xml
04-17 13:23:38.050525  2608  2689 I SystemConfig: Reading permissions from /vendor/etc/permissions/android.software.verified_boot.xml
--------- switch to kernel
04-17 13:23:38.047679     0     0 I         : c5    946 qcom_rpmh DRV:apps_rsc TCS Busy, retrying RPMH message send: addr=0x30010
--------- switch to system
04-17 13:23:38.051196  2608  2689 I SystemConfig: Reading permissions from /vendor/etc/permissions/android.hardware.wifi.xml
04-17 13:23:38.052578  2608  2689 I SystemConfig: Reading permissions from /vendor/etc/permissions/android.hardware.opengles.aep.xml
--------- switch to main
04-17 13:23:38.053223   718   979 W ServiceManager: Waited one second for android.frameworks.stats.IStats/default (is service started? are binder threads started and available?)
04-17 13:23:38.053804   573   573 I BpBinder: onLastStrongRef automatically unlinking death recipients: <uncached descriptor>
04-17 13:23:38.054086   718   979 I TouchSuez: IStats service online.
--------- switch to system
04-17 13:23:38.054918  2608  2689 I SystemConfig: Reading permissions from /vendor/etc/permissions/android.hardware.vulkan.version.xml
04-17 13:23:38.056776  2608  2689 I SystemConfig: Reading permissions from /vendor/etc/permissions/android.hardware.touchscreen.multitouch.jazzhand.xml
04-17 13:23:38.057732  2608  2689 I SystemConfig: Reading permissions from /vendor/etc/permissions/android.hardware.usb.host.xml
04-17 13:23:38.062707  2608  2689 I SystemConfig: Reading permissions from /product/etc/sysconfig/preinstalled-packages-platform-overlays.xml
04-17 13:23:38.068935  2608  2689 I SystemConfig: Reading permissions from /product/etc/sysconfig/preinstalled-packages-platform-handheld-product.xml
04-17 13:23:38.071200  2608  2608 I SystemServiceManager: Starting com.android.server.am.ActivityManagerService$Lifecycle
04-17 13:23:38.071634  2608  2689 I SystemConfig: Reading permissions from /product/etc/sysconfig/preinstalled-packages-platform-aosp-product.xml
04-17 13:23:38.073782  2608  2689 I SystemConfig: Reading permissions from /product/etc/permissions/com.android.settings.intelligence.xml
04-17 13:23:38.076895  2608  2689 I SystemConfig: Reading permissions from /product/etc/permissions/com.android.contacts.xml
--------- switch to main
04-17 13:23:38.077885  2608  2620 I system_server: Compiler allocated 6890KB to compile void com.android.server.SystemConfig.readPermissionsFromXml(java.io.File, int)
--------- switch to system
04-17 13:23:38.080268  2608  2689 I SystemConfig: Reading permissions from /product/etc/permissions/com.android.imsserviceentitlement.xml
04-17 13:23:38.081786  2608  2689 I SystemConfig: Reading permissions from /product/etc/permissions/com.android.dialer.xml
04-17 13:23:38.083370  2608  2689 W SystemConfig: No directory /system_ext/etc/sysconfig, skipping
04-17 13:23:38.084646  2608  2689 I SystemConfig: Reading permissions from /system_ext/etc/permissions/org_codeaurora_ims.xml
04-17 13:23:38.086581  2608  2689 I SystemConfig: Reading permissions from /system_ext/etc/permissions/com.android.settings.xml
04-17 13:23:38.087654  2608  2689 I SystemConfig: Reading permissions from /system_ext/etc/permissions/qti_telephony_hidl_wrapper.xml
04-17 13:23:38.089109  2608  2689 I SystemConfig: Reading permissions from /system_ext/etc/permissions/qcrilhook.xml
04-17 13:23:38.090053  2608  2689 I SystemConfig: Reading permissions from /system_ext/etc/permissions/com.android.carrierconfig.xml
04-17 13:23:38.091888  2608  2689 I SystemConfig: Reading permissions from /system_ext/etc/permissions/com.android.emergency.xml
04-17 13:23:38.092679  2608  2689 I SystemConfig: Reading permissions from /system_ext/etc/permissions/com.qualcomm.qcrilmsgtunnel.xml
04-17 13:23:38.094287  2608  2689 I SystemConfig: Reading permissions from /system_ext/etc/permissions/com.android.launcher3.xml
04-17 13:23:38.096109  2608  2689 I SystemConfig: Reading permissions from /system_ext/etc/permissions/com.android.systemui.xml
04-17 13:23:38.097228  2608  2689 I SystemConfig: Reading permissions from /system_ext/etc/permissions/com.android.storagemanager.xml
04-17 13:23:38.098884  2608  2689 I SystemConfig: Reading permissions from /system_ext/etc/permissions/com.android.provision.xml
04-17 13:23:38.100131  2608  2689 I SystemConfig: Reading permissions from /system_ext/etc/permissions/qti_telephony_utils.xml
--------- switch to kernel
04-17 13:23:38.101265     0     0 I         : c4    946 qcom,eeprom ac4a000.qcom,cci0:qcom,eeprom@0: Linked as a consumer to regulator.81
--------- switch to system
04-17 13:23:38.104304  2608  2689 I SystemConfig: Reading permissions from /apex/com.android.ipsec/etc/permissions/android.net.ipsec.ike.xml
--------- switch to kernel
04-17 13:23:38.104202     0     0 I         : c4    946 qcom,eeprom ac4a000.qcom,cci0:qcom,eeprom@0: Linked as a consumer to regulator.77
--------- switch to system
04-17 13:23:38.108058  2608  2689 D SystemConfig: readAllPermissions took to complete: 170ms
04-17 13:23:38.108116  2608  2689 D SystemServerInitThreadPool: Finished executing ReadingSystemConfig
04-17 13:23:38.108146  2608  2689 D SystemServerTimingAsync: InitThreadPoolExec:ReadingSystemConfig took to complete: 170ms
04-17 13:23:38.109152  2608  2608 I ActivityManager: Memory class: 256
--------- switch to kernel
04-17 13:23:38.107540     0     0 I         : c4    946 qcom,eeprom ac4a000.qcom,cci0:qcom,eeprom@0: Linked as a consumer to regulator.71
04-17 13:23:38.107750     0     0 I         : c4    946 qcom,eeprom ac4a000.qcom,cci0:qcom,eeprom@0: Linked as a consumer to regulator.75
--------- switch to system
04-17 13:23:38.112612  2608  2694 I Binder  : Setting heavy hitter watcher config: false, 0, 0.0
--------- switch to kernel
04-17 13:23:38.110883     0     0 I         : c4    946 qcom,eeprom ac4a000.qcom,cci0:qcom,eeprom@0: Linked as a consumer to regulator.78
04-17 13:23:38.114217     0     0 I         : c4    946 qcom,eeprom ac4a000.qcom,cci0:qcom,eeprom@0: Linked as a consumer to regulator.80
04-17 13:23:38.119575     0     0 I         : c4    946 qcom,eeprom ac4a000.qcom,cci0:qcom,eeprom@0: Linked as a consumer to regulator.41
--------- switch to main
04-17 13:23:38.134150   977  1000 W ServiceManager: Waited one second for android.frameworks.stats.IStats/default (is service started? are binder threads started and available?)
04-17 13:23:38.134543   573   573 I BpBinder: onLastStrongRef automatically unlinking death recipients: <uncached descriptor>
--------- switch to system
04-17 13:23:38.164490  2608  2608 I PackageWatchdog: Updated health check state for package com.android.ons: INACTIVE -> PASSED
04-17 13:23:38.164565  2608  2608 I PackageWatchdog: Updated health check state for package com.android.phone: INACTIVE -> PASSED
04-17 13:23:38.180393  2608  2608 D BatteryStatsImpl: Reading daily items from /data/system/batterystats-daily.xml
--------- switch to main
04-17 13:23:38.189160  2608  2701 I BatteryStatsService: Using power.stats HAL
04-17 13:23:38.189621   966   966 I libpixelpowerstats: getRailInfo not supported
04-17 13:23:38.189689  2608  2701 W BatteryStatsService: Rail information is not available
04-17 13:23:38.189706  2608  2701 W BatteryStatsService: Rail energy data is not available
04-17 13:23:38.190293  2608  2701 E BluetoothAdapter: Bluetooth binder is null
--------- switch to system
04-17 13:23:38.190470  2608  2701 I KernelCpuUidFreqTimeReader: mPerClusterTimesAvailable=true
--------- switch to main
04-17 13:23:38.194579  1042  1042 E sensors.qti: main:568, diag is not initialized within 11000 ms
04-17 13:23:38.194803  1042  1063 I sensors.qti: diag_mdlog_capture:312,  in diag_mdlog_capture 
--------- switch to system
04-17 13:23:38.226460  2608  2701 W KernelMemoryBandwidthStats: No kernel memory bandwidth stats available
--------- switch to events
04-17 13:23:38.230648  2608  2692 I commit_sys_config_file: [batterystats,2]
--------- switch to main
04-17 13:23:38.232232   971  1076 D ASH     : @  29.105: tcs3701: TCS3701_POWER_RAIL_PENDING_OFF
04-17 13:23:38.232273   971  1076 D ASH     : @  29.106: tcs3701: update_rail_vote: 2->0
--------- switch to events
04-17 13:23:38.232284  2608  2692 I commit_sys_config_file: [batterystats,1]
--------- switch to main
04-17 13:23:38.232325   971  1076 D ASH     : @  29.106: tcs3701: power vote set to 0
04-17 13:23:38.232341   971  1076 D ASH     : @  29.106: tcs3701: TCS3701_POWER_RAIL_PENDING_NONE
--------- switch to events
04-17 13:23:38.249113  2608  2608 I service_manager_stats: [100,12,16278]
--------- switch to system
04-17 13:23:38.274591  2608  2608 I IntentFirewall: Read new rules (A:0 B:0 S:0)
--------- switch to main
04-17 13:23:38.275258  1287  1287 I update_engine: [INFO:cleanup_previous_update_action.cc(112)] Executing task 6
04-17 13:23:38.276989  1287  1287 I update_engine: [INFO:cleanup_previous_update_action.cc(124)] CleanupPreviousUpdateAction scheduled task ID 7 for WaitBootCompleted
--------- switch to system
04-17 13:23:38.298016  2608  2608 D AppOps  : AppOpsService published
04-17 13:23:38.313245  2608  2608 D SystemServerTiming: StartActivityManager took to complete: 267ms
04-17 13:23:38.313292  2608  2608 I SystemServerTiming: StartDataLoaderManagerService
04-17 13:23:38.313330  2608  2608 I SystemServiceManager: Starting com.android.server.pm.DataLoaderManagerService
04-17 13:23:38.315688  2608  2608 D SystemServerTiming: StartDataLoaderManagerService took to complete: 2ms
04-17 13:23:38.315723  2608  2608 I SystemServerTiming: StartIncrementalService
--------- switch to main
04-17 13:23:38.319550  2608  2608 I incfs-mounts: [incfs] Loaded incremental-fs mount info: 0 instances, 0 mount points
--------- switch to system
04-17 13:23:38.319965  2608  2608 D SystemServerTiming: StartIncrementalService took to complete: 4ms
04-17 13:23:38.319995  2608  2608 I SystemServerTiming: StartPowerManager
04-17 13:23:38.320043  2608  2608 I SystemServiceManager: Starting com.android.server.power.PowerManagerService
--------- switch to main
04-17 13:23:38.330092   573   573 I servicemanager: Found android.hardware.power.IPower/default in device VINTF manifest.
04-17 13:23:38.331217   575   575 I hw-BpHwBinder: onLastStrongRef automatically unlinking death recipients
04-17 13:23:38.332031   720   720 I libperfmgr: Hint type not present in actions: INTERACTIVE
04-17 13:23:38.332100   720   720 I powerhal-libperfmgr: Power mode INTERACTIVE isModeSupported: 0
04-17 13:23:38.332187   720   720 I libperfmgr: Hint type not present in actions: DOUBLE_TAP_TO_WAKE
04-17 13:23:38.332214   720   720 I powerhal-libperfmgr: Power mode DOUBLE_TAP_TO_WAKE isModeSupported: 0
--------- switch to system
04-17 13:23:38.333181  2608  2608 D SystemServerTiming: StartPowerManager took to complete: 13ms
04-17 13:23:38.333219  2608  2608 I SystemServerTiming: StartThermalManager
04-17 13:23:38.333259  2608  2608 I SystemServiceManager: Starting com.android.server.power.ThermalManagerService
04-17 13:23:38.335318  2608  2608 D SystemServerTiming: StartThermalManager took to complete: 2ms
04-17 13:23:38.335351  2608  2608 I SystemServerTiming: StartHintManager
04-17 13:23:38.335380  2608  2608 I SystemServiceManager: Starting com.android.server.power.hint.HintManagerService
04-17 13:23:38.336824  2608  2608 D SystemServerTiming: StartHintManager took to complete: 2ms
04-17 13:23:38.336859  2608  2608 I SystemServerTiming: InitPowerManagement
04-17 13:23:38.338412  2608  2608 D SystemServerTiming: InitPowerManagement took to complete: 1ms
04-17 13:23:38.338443  2608  2608 I SystemServerTiming: StartRecoverySystemService
04-17 13:23:38.338474  2608  2608 I SystemServiceManager: Starting com.android.server.recoverysystem.RecoverySystemService$Lifecycle
04-17 13:23:38.341521  2608  2608 D SystemServerTiming: StartRecoverySystemService took to complete: 3ms
--------- switch to events
04-17 13:23:38.344175  2608  2608 I rescue_note: [0,1,16372]
--------- switch to system
04-17 13:23:38.344225  2608  2608 I SystemServerTiming: StartLightsService
04-17 13:23:38.344261  2608  2608 I SystemServiceManager: Starting com.android.server.lights.LightsService
--------- switch to main
04-17 13:23:38.345397   573   573 E servicemanager: Could not find android.hardware.light.ILights/default in the VINTF manifest.
--------- switch to system
04-17 13:23:38.347051  2608  2608 D SystemServerTiming: StartLightsService took to complete: 3ms
04-17 13:23:38.347090  2608  2608 I SystemServerTiming: StartSidekickService
04-17 13:23:38.347121  2608  2608 D SystemServerTiming: StartSidekickService took to complete: 0ms
04-17 13:23:38.347137  2608  2608 I SystemServerTiming: StartDisplayManager
04-17 13:23:38.347168  2608  2608 I SystemServiceManager: Starting com.android.server.display.DisplayManagerService
--------- switch to main
04-17 13:23:38.366894   636   698 I SDM     : HWCDisplay::GetColorModeCount: Supported color mode count = 3
04-17 13:23:38.366976   636   698 I SDM     : HWCDisplay::GetColorModes: Color mode = 0 is supported
04-17 13:23:38.366992   636   698 I SDM     : HWCDisplay::GetColorModes: Color mode = 7 is supported
04-17 13:23:38.367005   636   698 I SDM     : HWCDisplay::GetColorModes: Color mode = 9 is supported
--------- switch to system
04-17 13:23:38.370938  2608  2608 D SystemServerTiming: StartDisplayManager took to complete: 24ms
04-17 13:23:38.370977  2608  2608 I SystemServerTiming: WaitForDisplay
04-17 13:23:38.371015  2608  2608 I SystemServiceManager: Starting phase 100
04-17 13:23:38.371031  2608  2608 I SystemServerTiming: OnBootPhase_100
04-17 13:23:38.371065  2608  2608 I SystemServerTiming: OnBootPhase_100_com.android.server.security.FileIntegrityService
04-17 13:23:38.371101  2608  2608 D SystemServerTiming: OnBootPhase_100_com.android.server.security.FileIntegrityService took to complete: 0ms
04-17 13:23:38.371129  2608  2608 I SystemServerTiming: OnBootPhase_100_com.android.server.pm.Installer
04-17 13:23:38.371151  2608  2608 D SystemServerTiming: OnBootPhase_100_com.android.server.pm.Installer took to complete: 0ms
04-17 13:23:38.371167  2608  2608 I SystemServerTiming: OnBootPhase_100_com.android.server.os.DeviceIdentifiersPolicyService
04-17 13:23:38.371183  2608  2608 D SystemServerTiming: OnBootPhase_100_com.android.server.os.DeviceIdentifiersPolicyService took to complete: 0ms
04-17 13:23:38.371198  2608  2608 I SystemServerTiming: OnBootPhase_100_com.android.server.uri.UriGrantsManagerService$Lifecycle
04-17 13:23:38.371217  2608  2608 D SystemServerTiming: OnBootPhase_100_com.android.server.uri.UriGrantsManagerService$Lifecycle took to complete: 0ms
04-17 13:23:38.371233  2608  2608 I SystemServerTiming: OnBootPhase_100_com.android.server.powerstats.PowerStatsService
04-17 13:23:38.371255  2608  2608 D SystemServerTiming: OnBootPhase_100_com.android.server.powerstats.PowerStatsService took to complete: 0ms
04-17 13:23:38.371280  2608  2608 I SystemServerTiming: OnBootPhase_100_com.android.server.wm.ActivityTaskManagerService$Lifecycle
04-17 13:23:38.371313  2608  2608 D SystemServerTiming: OnBootPhase_100_com.android.server.wm.ActivityTaskManagerService$Lifecycle took to complete: 0ms
04-17 13:23:38.371335  2608  2608 I SystemServerTiming: OnBootPhase_100_com.android.server.am.ActivityManagerService$Lifecycle
04-17 13:23:38.371367  2608  2608 D SystemServerTiming: OnBootPhase_100_com.android.server.am.ActivityManagerService$Lifecycle took to complete: 0ms
04-17 13:23:38.371384  2608  2608 I SystemServerTiming: OnBootPhase_100_com.android.server.pm.DataLoaderManagerService
04-17 13:23:38.371403  2608  2608 D SystemServerTiming: OnBootPhase_100_com.android.server.pm.DataLoaderManagerService took to complete: 0ms
04-17 13:23:38.371418  2608  2608 I SystemServerTiming: OnBootPhase_100_com.android.server.power.PowerManagerService
04-17 13:23:38.371440  2608  2608 D SystemServerTiming: OnBootPhase_100_com.android.server.power.PowerManagerService took to complete: 0ms
04-17 13:23:38.371462  2608  2608 I SystemServerTiming: OnBootPhase_100_com.android.server.power.ThermalManagerService
04-17 13:23:38.371480  2608  2608 D SystemServerTiming: OnBootPhase_100_com.android.server.power.ThermalManagerService took to complete: 0ms
04-17 13:23:38.371499  2608  2608 I SystemServerTiming: OnBootPhase_100_com.android.server.power.hint.HintManagerService
04-17 13:23:38.371520  2608  2608 D SystemServerTiming: OnBootPhase_100_com.android.server.power.hint.HintManagerService took to complete: 0ms
04-17 13:23:38.371580  2608  2608 I SystemServerTiming: OnBootPhase_100_com.android.server.recoverysystem.RecoverySystemService$Lifecycle
04-17 13:23:38.371617  2608  2608 D SystemServerTiming: OnBootPhase_100_com.android.server.recoverysystem.RecoverySystemService$Lifecycle took to complete: 0ms
04-17 13:23:38.371634  2608  2608 I SystemServerTiming: OnBootPhase_100_com.android.server.lights.LightsService
04-17 13:23:38.371654  2608  2608 D SystemServerTiming: OnBootPhase_100_com.android.server.lights.LightsService took to complete: 0ms
04-17 13:23:38.371671  2608  2608 I SystemServerTiming: OnBootPhase_100_com.android.server.display.DisplayManagerService
--------- switch to kernel
04-17 13:23:38.379881     0     0 I         : c2    946 qcom,eeprom ac4a000.qcom,cci0:qcom,eeprom@0: Dropping the link to regulator.41
--------- switch to system
04-17 13:23:38.381851  2608  2685 I DisplayDeviceRepository: Display device added: DisplayDeviceInfo{"Built-in Screen": uniqueId="local:4630946523002478721", 1080 x 2340, modeId 1, defaultModeId 1, supportedModes [{id=1, width=1080, height=2340, fps=60.000004, alternativeRefreshRates=[90.0]}, {id=2, width=1080, height=2340, fps=90.0, alternativeRefreshRates=[60.000004]}], colorMode 0, supportedColorModes [0, 7, 9], hdrCapabilities HdrCapabilities{mSupportedHdrTypes=[2, 3], mMaxLuminance=500.0, mMaxAverageLuminance=500.0, mMinLuminance=0.0}, allmSupported false, gameContentTypeSupported false, density 440, 435.428 x 433.839 dpi, appVsyncOff 2333332, presDeadline 11500000, cutout DisplayCutout{insets=Rect(0, 136 - 0, 0) waterfall=Insets{left=0, top=0, right=0, bottom=0} boundingRect={Bounds=[Rect(0, 0 - 0, 0), Rect(0, 0 - 136, 136), Rect(0, 0 - 0, 0), Rect(0, 0 - 0, 0)]} cutoutPathParserInfo={CutoutPathParserInfo{displayWidth=1080 displayHeight=2340 density={2.75} cutoutSpec={M 41,77 a 40,40 0 1 0 80,0 40,40 0 1 0 -80,0 Z @left} rotation={0} scale={1.0}}}}, touch INTERNAL, rotation 0, type INTERNAL, address {port=129, model=0x40446d53ad64a0}, deviceProductInfo DeviceProductInfo{name=, manufacturerPnpId=QCM, productId=1, modelYear=null, manufactureDate=ManufactureDate{week=27, year=2006}, connectionToSinkType=0}, state UNKNOWN, frameRateOverride , brightnessMinimum 0.0, brightnessMaximum 1.0, brightnessDefault 0.2901961, roundedCorners RoundedCorners{[RoundedCorner{position=TopLeft, radius=108, center=Point(108, 108)}, RoundedCorner{position=TopRight, radius=108, center=Point(972, 108)}, RoundedCorner{position=BottomRight, radius=108, center=Point(972, 2232)}, RoundedCorner{position=BottomLeft, radius=108, center=Point(108, 2232)}]}, FLAG_DEFAULT_DISPLAY, FLAG_ROTATES_WITH_CONTENT, FLAG_SECURE, FLAG_SUPPORTS_PROTECTED_BUFFERS}
04-17 13:23:38.383540  2608  2685 I LogicalDisplayMapper: Applying layout: [{addr: {port=129, model=0x40446d53ad64a0}, dispId: 0(ON)}], Previous layout: null
04-17 13:23:38.384892  2608  2685 I LogicalDisplayMapper: Adding new display: 0: DisplayInfo{"Built-in Screen", displayId 0", displayGroupId -1, FLAG_SECURE, FLAG_SUPPORTS_PROTECTED_BUFFERS, FLAG_TRUSTED, real 1080 x 2340, largest app 1080 x 2340, smallest app 1080 x 2340, appVsyncOff 2333332, presDeadline 11500000, mode 1, defaultMode 1, modes [{id=1, width=1080, height=2340, fps=60.000004, alternativeRefreshRates=[90.0]}, {id=2, width=1080, height=2340, fps=90.0, alternativeRefreshRates=[60.000004]}], hdrCapabilities HdrCapabilities{mSupportedHdrTypes=[2, 3], mMaxLuminance=500.0, mMaxAverageLuminance=500.0, mMinLuminance=0.0}, userDisabledHdrTypes [], minimalPostProcessingSupported false, rotation 0, state UNKNOWN, type INTERNAL, uniqueId "local:4630946523002478721", app 1080 x 2340, density 440 (435.428 x 433.839) dpi, layerStack 0, colorMode 0, supportedColorModes [0, 7, 9], address {port=129, model=0x40446d53ad64a0}, deviceProductInfo DeviceProductInfo{name=, manufacturerPnpId=QCM, productId=1, modelYear=null, manufactureDate=ManufactureDate{week=27, year=2006}, connectionToSinkType=0}, removeMode 0, refreshRateOverride 0.0, brightnessMinimum 0.0, brightnessMaximum 1.0, brightnessDefault 0.2901961}
04-17 13:23:38.385301  2608  2685 I LogicalDisplayMapper: Setting new display group 0 for display 0, from previous group: null
04-17 13:23:38.385816  2608  2608 D SystemServerTiming: OnBootPhase_100_com.android.server.display.DisplayManagerService took to complete: 14ms
04-17 13:23:38.385858  2608  2608 D SystemServerTiming: OnBootPhase_100 took to complete: 15ms
04-17 13:23:38.385877  2608  2608 D SystemServerTiming: WaitForDisplay took to complete: 15ms
04-17 13:23:38.386009  2608  2608 I SystemServerTiming: StartDomainVerificationService
--------- switch to main
04-17 13:23:38.386432  2608  2685 W StrictMode: No activity manager; failed to Dropbox violation.
04-17 13:23:38.386769  2608  2685 W StrictMode: No activity manager; failed to Dropbox violation.
04-17 13:23:38.387002  2608  2685 W StrictMode: No activity manager; failed to Dropbox violation.
04-17 13:23:38.387279  2608  2685 W StrictMode: No activity manager; failed to Dropbox violation.
--------- switch to kernel
04-17 13:23:38.386003     0     0 I         : c5    946 qcom,eeprom ac4a000.qcom,cci0:qcom,eeprom@0: Dropping the link to regulator.80
--------- switch to main
04-17 13:23:38.387638  2608  2685 W StrictMode: No activity manager; failed to Dropbox violation.
04-17 13:23:38.388051  2608  2685 W StrictMode: No activity manager; failed to Dropbox violation.
04-17 13:23:38.388319  2608  2685 W StrictMode: No activity manager; failed to Dropbox violation.
04-17 13:23:38.388769  2608  2685 W StrictMode: No activity manager; failed to Dropbox violation.
--------- switch to kernel
04-17 13:23:38.389190     0     0 I         : c4    946 qcom,eeprom ac4a000.qcom,cci0:qcom,eeprom@0: Dropping the link to regulator.78
--------- switch to system
04-17 13:23:38.392336  2608  2608 D SystemServerTiming: StartDomainVerificationService took to complete: 6ms
04-17 13:23:38.392370  2608  2608 I SystemServerTiming: StartPackageManagerService
04-17 13:23:38.392431  2608  2608 I Watchdog: Pausing HandlerChecker: main thread for reason: packagemanagermain. Pause count: 1
--------- switch to kernel
04-17 13:23:38.392412     0     0 I         : c4    946 qcom,eeprom ac4a000.qcom,cci0:qcom,eeprom@0: Dropping the link to regulator.75
04-17 13:23:38.394236     0     0 I         : c4    946 qcom,eeprom ac4a000.qcom,cci0:qcom,eeprom@0: Dropping the link to regulator.71
04-17 13:23:38.398008     0     0 I         : c4    946 qcom,eeprom ac4a000.qcom,cci0:qcom,eeprom@0: Dropping the link to regulator.77
04-17 13:23:38.401799     0     0 I         : c2    946 qcom,eeprom ac4a000.qcom,cci0:qcom,eeprom@0: Dropping the link to regulator.81
04-17 13:23:38.404155     0     0 I         : c2    946 qcom_rpmh DRV:apps_rsc TCS Busy, retrying RPMH message send: addr=0x30010
--------- switch to main
04-17 13:23:38.406028   946   946 E CamX    : [ERROR][SENSOR ] camxeepromdata.cpp:728 Checksum() data is corrupted from 3012 to 3048
--------- switch to kernel
04-17 13:23:38.410566     0     0 I         : c4    946 qcom,eeprom ac4b000.qcom,cci1:qcom,eeprom@2: Linked as a consumer to regulator.81
--------- switch to main
04-17 13:23:38.425690  1258  2588 W ServiceManager: Service package_native didn't start. Returning NULL
--------- switch to system
04-17 13:23:38.425803  1258  2588 E storaged: getService package_native failed
04-17 13:23:38.434232  2608  2608 I PackageManagerTiming: create package manager
--------- switch to events
04-17 13:23:38.439988  2608  2608 I boot_progress_pms_start: 16469
--------- switch to system
04-17 13:23:38.440048  2608  2608 I PackageManagerTiming: createSubComponents
--------- switch to kernel
04-17 13:23:38.458593     0     0 I         : c1    946 qcom,eeprom ac4b000.qcom,cci1:qcom,eeprom@2: Dropping the link to regulator.81
04-17 13:23:38.458844     0     0 I         : c1    946 qcom_rpmh DRV:apps_rsc TCS Busy, retrying RPMH message send: addr=0x30010
04-17 13:23:38.462602     0     0 I         : c1    946 qcom,eeprom ac4a000.qcom,cci0:qcom,eeprom@1: Linked as a consumer to regulator.81
--------- switch to main
04-17 13:23:38.483223   582   591 W ServiceManager: Waited one second for android.frameworks.stats.IStats/default (is service started? are binder threads started and available?)
04-17 13:23:38.483585   573   573 I BpBinder: onLastStrongRef automatically unlinking death recipients: <uncached descriptor>
04-17 13:23:38.483884   582   591 D libnos_transport: Calling App 0 with params 0x0000
04-17 13:23:38.486100   582   591 D libnos_transport: App 0 inspection status=0x00000000 reply_len=0 protocol=1 flags=0x0000
04-17 13:23:38.486122   582   591 D libnos_transport: Send app 0 command data (256 bytes)
04-17 13:23:38.488153   582   591 D libnos_transport: Send app 0 go command 0x00000000
04-17 13:23:38.488602   582   591 D libnos_transport: Polling app 0
--------- switch to system
04-17 13:23:38.492639  2608  2608 D PackageManagerTiming: createSubComponents took to complete: 52ms
04-17 13:23:38.492678  2608  2608 I PackageManagerTiming: addSharedUsers
--------- switch to main
04-17 13:23:38.492824   582   591 D libnos_transport: App 0 polled=2 status=0x80000000 reply_len=64 flags=0x0000
04-17 13:23:38.492844   582   591 D libnos_transport: Read app 0 reply data (64 bytes)
04-17 13:23:38.493957   582   591 D libnos_transport: App 0 returning 0x0
--------- switch to system
04-17 13:23:38.494006  2608  2608 D PackageManagerTiming: addSharedUsers took to complete: 1ms
04-17 13:23:38.499953  2608  2608 I PackageManagerTiming: get system config
04-17 13:23:38.500022  2608  2608 D PackageManagerTiming: get system config took to complete: 0ms
04-17 13:23:38.507622  2608  2608 D PackageManager: Directories scanned as system partitions: [/system:0, /vendor:524288, /odm:4194304, /oem:262144, /product:1048576, /system_ext:2097152, /apex/com.android.tethering:8388608, /apex/com.android.ipsec:8388608, /apex/com.android.apex.cts.shim:8388608, /apex/com.android.tzdata:8388608, /apex/com.android.cellbroadcast:8388608, /apex/com.android.conscrypt:8388608, /apex/com.android.neuralnetworks:8388608, /apex/com.android.media:8388608, /apex/com.android.wifi:8388608, /apex/com.android.appsearch:8388608, /apex/com.android.extservices:8388608, /apex/com.android.adbd:8388608, /apex/com.android.resolv:8388608, /apex/com.android.art:8388608, /apex/com.android.media.swcodec:8388608, /apex/com.android.permission:8388608, /apex/com.android.sdkext:8388608, /apex/com.android.scheduling:8388608, /apex/com.android.vndk.v31:8388608, /apex/com.android.mediaprovider:8388608, /apex/com.android.runtime:8388608, /apex/com.android.os.statsd:8388608, /apex/com.android.i18n:8388608]
04-17 13:23:38.514750  2608  2608 D SELinuxMMAC: Using policy file /system/etc/selinux/plat_mac_permissions.xml
04-17 13:23:38.517737  2608  2608 D SELinuxMMAC: Using policy file /system_ext/etc/selinux/system_ext_mac_permissions.xml
04-17 13:23:38.518579  2608  2608 D SELinuxMMAC: Using policy file /product/etc/selinux/product_mac_permissions.xml
04-17 13:23:38.519939  2608  2608 D SELinuxMMAC: Using policy file /vendor/etc/selinux/vendor_mac_permissions.xml
04-17 13:23:38.522538  2608  2608 I PackageManagerTiming: loadFallbacks
--------- switch to main
04-17 13:23:38.524041  2608  2608 D FallbackCategoryProvider: Found 1 fallback categories
--------- switch to system
04-17 13:23:38.524105  2608  2608 D PackageManagerTiming: loadFallbacks took to complete: 2ms
04-17 13:23:38.524122  2608  2608 I PackageManagerTiming: read user settings
04-17 13:23:38.591424  2608  2608 W android.permission.PermissionManager: Missing ActivityManager; assuming 1000 holds android.permission.SET_PREFERRED_APPLICATIONS
04-17 13:23:38.591867  2608  2608 W android.permission.PermissionManager: Missing ActivityManager; assuming 1000 holds android.permission.SET_PREFERRED_APPLICATIONS
04-17 13:23:38.592146  2608  2608 W android.permission.PermissionManager: Missing ActivityManager; assuming 1000 holds android.permission.SET_PREFERRED_APPLICATIONS
04-17 13:23:38.592399  2608  2608 W android.permission.PermissionManager: Missing ActivityManager; assuming 1000 holds android.permission.SET_PREFERRED_APPLICATIONS
04-17 13:23:38.592627  2608  2608 W android.permission.PermissionManager: Missing ActivityManager; assuming 1000 holds android.permission.SET_PREFERRED_APPLICATIONS
04-17 13:23:38.593047  2608  2608 W android.permission.PermissionManager: Missing ActivityManager; assuming 1000 holds android.permission.SET_PREFERRED_APPLICATIONS
04-17 13:23:38.593275  2608  2608 W android.permission.PermissionManager: Missing ActivityManager; assuming 1000 holds android.permission.SET_PREFERRED_APPLICATIONS
04-17 13:23:38.593495  2608  2608 W android.permission.PermissionManager: Missing ActivityManager; assuming 1000 holds android.permission.SET_PREFERRED_APPLICATIONS
04-17 13:23:38.593764  2608  2608 W android.permission.PermissionManager: Missing ActivityManager; assuming 1000 holds android.permission.SET_PREFERRED_APPLICATIONS
04-17 13:23:38.593996  2608  2608 W android.permission.PermissionManager: Missing ActivityManager; assuming 1000 holds android.permission.SET_PREFERRED_APPLICATIONS
04-17 13:23:38.594246  2608  2608 W android.permission.PermissionManager: Missing ActivityManager; assuming 1000 holds android.permission.SET_PREFERRED_APPLICATIONS
04-17 13:23:38.594507  2608  2608 W android.permission.PermissionManager: Missing ActivityManager; assuming 1000 holds android.permission.SET_PREFERRED_APPLICATIONS
04-17 13:23:38.594753  2608  2608 W android.permission.PermissionManager: Missing ActivityManager; assuming 1000 holds android.permission.SET_PREFERRED_APPLICATIONS
04-17 13:23:38.594978  2608  2608 W android.permission.PermissionManager: Missing ActivityManager; assuming 1000 holds android.permission.SET_PREFERRED_APPLICATIONS
04-17 13:23:38.595227  2608  2608 W android.permission.PermissionManager: Missing ActivityManager; assuming 1000 holds android.permission.SET_PREFERRED_APPLICATIONS
04-17 13:23:38.595459  2608  2608 W android.permission.PermissionManager: Missing ActivityManager; assuming 1000 holds android.permission.SET_PREFERRED_APPLICATIONS
04-17 13:23:38.595708  2608  2608 W android.permission.PermissionManager: Missing ActivityManager; assuming 1000 holds android.permission.SET_PREFERRED_APPLICATIONS
04-17 13:23:38.595958  2608  2608 W android.permission.PermissionManager: Missing ActivityManager; assuming 1000 holds android.permission.SET_PREFERRED_APPLICATIONS
04-17 13:23:38.596223  2608  2608 W android.permission.PermissionManager: Missing ActivityManager; assuming 1000 holds android.permission.SET_PREFERRED_APPLICATIONS
04-17 13:23:38.596465  2608  2608 W android.permission.PermissionManager: Missing ActivityManager; assuming 1000 holds android.permission.SET_PREFERRED_APPLICATIONS
04-17 13:23:38.596757  2608  2608 W android.permission.PermissionManager: Missing ActivityManager; assuming 1000 holds android.permission.SET_PREFERRED_APPLICATIONS
04-17 13:23:38.597177  2608  2608 W android.permission.PermissionManager: Missing ActivityManager; assuming 1000 holds android.permission.SET_PREFERRED_APPLICATIONS
04-17 13:23:38.597439  2608  2608 W android.permission.PermissionManager: Missing ActivityManager; assuming 1000 holds android.permission.SET_PREFERRED_APPLICATIONS
04-17 13:23:38.597716  2608  2608 W android.permission.PermissionManager: Missing ActivityManager; assuming 1000 holds android.permission.SET_PREFERRED_APPLICATIONS
04-17 13:23:38.598033  2608  2608 W android.permission.PermissionManager: Missing ActivityManager; assuming 1000 holds android.permission.SET_PREFERRED_APPLICATIONS
04-17 13:23:38.598386  2608  2608 W android.permission.PermissionManager: Missing ActivityManager; assuming 1000 holds android.permission.SET_PREFERRED_APPLICATIONS
04-17 13:23:38.598625  2608  2608 W android.permission.PermissionManager: Missing ActivityManager; assuming 1000 holds android.permission.SET_PREFERRED_APPLICATIONS
04-17 13:23:38.598867  2608  2608 W android.permission.PermissionManager: Missing ActivityManager; assuming 1000 holds android.permission.SET_PREFERRED_APPLICATIONS
