04-17 13:45:10.075724  2594  2594 W PackageSettings: Missing permission state for package: com.android.cts.ctsshim
04-17 13:45:10.075742  2594  2594 W PackageSettings: Missing permission state for package: com.android.nfc.auto_generated_rro_vendor__
04-17 13:45:10.075803  2594  2594 W PackageSettings: Missing permission state for package: com.android.internal.systemui.navbar.gestural
04-17 13:45:10.075887  2594  2594 W PackageSettings: Missing permission state for package: com.qualcomm.qti.gpudrivers.lito.api30
04-17 13:45:10.075929  2594  2594 W PackageSettings: Missing permission state for package: com.pjh.jnidemo
04-17 13:45:10.075948  2594  2594 W PackageSettings: Missing permission state for package: com.android.internal.systemui.navbar.gestural_narrow_back
04-17 13:45:10.075963  2594  2594 W PackageSettings: Missing permission state for package: android.auto_generated_rro_vendor__
04-17 13:45:10.076145  2594  2594 W PackageSettings: Missing permission state for shared user: android.uid.log
04-17 13:45:10.076211  2594  2594 W PackageSettings: Missing permission state for shared user: android.uid.uwb
04-17 13:45:10.076815  2594  2594 D PackageManagerTiming: read user settings took to complete: 150ms
--------- switch to events
04-17 13:45:10.089465  2594  2594 I boot_progress_pms_system_scan_start: 16047
--------- switch to system
04-17 13:45:10.091726  2594  2594 D PackageManager: Keeping known cache f91d0a0cc08a68305e4c695f128df901f1ddac22
04-17 13:45:10.091924  2594  2594 W PackageManager: Wiping cache directory because the system partition changed.
04-17 13:45:10.093939  2594  2594 W android.permission.PermissionManager: Missing ActivityManager; assuming 1000 holds android.permission.WATCH_APPOPS
04-17 13:45:10.094430  2594  2594 W android.permission.PermissionManager: Missing ActivityManager; assuming 1000 holds android.permission.WATCH_APPOPS
--------- switch to kernel
04-17 13:45:10.101168     0     0 E         : c6    818 apexd: Can't open /system_ext/apex for reading : No such file or directory
04-17 13:45:10.101187     0     0 E         : c6    818 apexd: Can't open /product/apex for reading : No such file or directory
04-17 13:45:10.101209     0     0 E         : c6    818 apexd: Can't open /vendor/apex for reading : No such file or directory
--------- switch to main
04-17 13:45:10.123356   979  1007 W ServiceManager: Waited one second for android.frameworks.stats.IStats/default (is service started? are binder threads started and available?)
04-17 13:45:10.123876   563   563 I BpBinder: onLastStrongRef automatically unlinking death recipients: <uncached descriptor>
04-17 13:45:10.128255  2594  2594 D PackageManager: No files in app dir /system_ext/overlay
--------- switch to system
04-17 13:45:10.140268  2594  2708 I PackageParsing: Skipping target and overlay pair com.android.settings and /product/overlay/SettingsOverlayG5NZ6.apk: overlay ignored due to required system property: ro.boot.hardware.sku with value: G5NZ6
--------- switch to main
04-17 13:45:10.141027  2594  2594 I PackageBackwardCompatibility: Loaded android.content.pm.AndroidTestBaseUpdater
--------- switch to system
04-17 13:45:10.141901  2594  2708 I PackageParsing: Skipping target and overlay pair com.android.settings and /product/overlay/SettingsOverlayG5NZ6.apk: overlay ignored due to required system property: ro.boot.hardware.sku with value: G5NZ6
04-17 13:45:10.143286  2594  2594 D CompatibilityChangeReporter: Compat change id reported: 143539591; UID -1; state: ENABLED
04-17 13:45:10.144278  2594  2707 I PackageParsing: Skipping target and overlay pair com.android.settings and /product/overlay/SettingsOverlayGTT9Q.apk: overlay ignored due to required system property: ro.boot.hardware.sku with value: GTT9Q
04-17 13:45:10.145703  2594  2707 I PackageParsing: Skipping target and overlay pair com.android.settings and /product/overlay/SettingsOverlayGTT9Q.apk: overlay ignored due to required system property: ro.boot.hardware.sku with value: GTT9Q
04-17 13:45:10.156802  2594  2594 W PackageManager: Failed to parse /product/overlay/SettingsOverlayG5NZ6.apk: /product/overlay/SettingsOverlayG5NZ6.apk (at Binary XML file line #5): Skipping target and overlay pair com.android.settings and /product/overlay/SettingsOverlayG5NZ6.apk: overlay ignored due to required system property: ro.boot.hardware.sku with value: G5NZ6
04-17 13:45:10.163280  2594  2594 W PackageManager: Failed to parse /product/overlay/SettingsOverlayGTT9Q.apk: /product/overlay/SettingsOverlayGTT9Q.apk (at Binary XML file line #5): Skipping target and overlay pair com.android.settings and /product/overlay/SettingsOverlayGTT9Q.apk: overlay ignored due to required system property: ro.boot.hardware.sku with value: GTT9Q
--------- switch to main
04-17 13:45:10.163365  2594  2594 D PackageManager: No files in app dir /oem/overlay
04-17 13:45:10.163424  2594  2594 D PackageManager: No files in app dir /odm/overlay
04-17 13:45:10.177732  1266  1266 I update_engine: [INFO:cleanup_previous_update_action.cc(112)] Executing task 6
04-17 13:45:10.179794  1266  1266 I update_engine: [INFO:cleanup_previous_update_action.cc(124)] CleanupPreviousUpdateAction scheduled task ID 7 for WaitBootCompleted
04-17 13:45:10.186913  1028  1028 E sensors.qti: main:568, diag is not initialized within 11000 ms
04-17 13:45:10.187018  1028  1059 I sensors.qti: diag_mdlog_capture:312,  in diag_mdlog_capture 
04-17 13:45:10.208691  1219  2588 W ServiceManager: Service package_native didn't start. Returning NULL
--------- switch to system
04-17 13:45:10.208805  1219  2588 E storaged: getService package_native failed
04-17 13:45:10.222617  2594  2594 D CompatibilityChangeReporter: Compat change id reported: 143539591; UID -1; state: DISABLED
04-17 13:45:10.222735  2594  2594 D CompatibilityChangeReporter: Compat change id reported: 168782947; UID -1; state: DISABLED
04-17 13:45:10.231193  2594  2594 D CompatibilityChangeReporter: Compat change id reported: 168782947; UID -1; state: ENABLED
--------- switch to kernel
04-17 13:45:10.230608     0     0 I         : c7    950 qcom,camera ac4a000.qcom,cci0:qcom,cam-sensor@0: Linked as a consumer to regulator.81
--------- switch to main
04-17 13:45:10.231499   970  1072 D ASH     : @  29.045: tcs3701: TCS3701_POWER_RAIL_PENDING_OFF
04-17 13:45:10.231548   970  1072 D ASH     : @  29.045: tcs3701: update_rail_vote: 2->0
04-17 13:45:10.231586   970  1072 D ASH     : @  29.045: tcs3701: power vote set to 0
04-17 13:45:10.231631   970  1072 D ASH     : @  29.045: tcs3701: TCS3701_POWER_RAIL_PENDING_NONE
--------- switch to kernel
04-17 13:45:10.234642     0     0 I         : c7    950 qcom,camera ac4a000.qcom,cci0:qcom,cam-sensor@0: Linked as a consumer to regulator.77
04-17 13:45:10.238384     0     0 I         : c6    950 qcom,camera ac4a000.qcom,cci0:qcom,cam-sensor@0: Linked as a consumer to regulator.74
04-17 13:45:10.238508     0     0 I         : c6    950 qcom,camera ac4a000.qcom,cci0:qcom,cam-sensor@0: Linked as a consumer to regulator.75
04-17 13:45:10.241654     0     0 I         : c6    950 qcom,camera ac4a000.qcom,cci0:qcom,cam-sensor@0: Linked as a consumer to regulator.78
04-17 13:45:10.245062     0     0 I         : c7    950 qcom,camera ac4a000.qcom,cci0:qcom,cam-sensor@0: Linked as a consumer to regulator.80
04-17 13:45:10.250409     0     0 I         : c7    950 qcom,camera ac4a000.qcom,cci0:qcom,cam-sensor@0: Linked as a consumer to regulator.45
04-17 13:45:10.262734     0     0 I         : c6    950 CAM_INFO: CAM-SENSOR: cam_sensor_driver_cmd: 860 Probe success,slot:0,slave_addr:0x20,sensor_id:0x363
04-17 13:45:10.262743     0     0 I         : c6    950 CAM_INFO: CAM-SENSOR: cam_sensor_driver_cmd: 871 Initialize cam gyro success
04-17 13:45:10.262850     0     0 I         : c6    950 CAM_INFO: CAM-SENSOR: getFWVersion: 367 ois_fwver=0x0d, vcm_fwver=0x0d
04-17 13:45:10.262850     0     0 I         : c6    950
04-17 13:45:10.262910     0     0 I         : c6    950 qcom,camera ac4a000.qcom,cci0:qcom,cam-sensor@0: Dropping the link to regulator.45
04-17 13:45:10.268610     0     0 I         : c1    950 qcom,camera ac4a000.qcom,cci0:qcom,cam-sensor@0: Dropping the link to regulator.80
04-17 13:45:10.272327     0     0 I         : c1    950 qcom,camera ac4a000.qcom,cci0:qcom,cam-sensor@0: Dropping the link to regulator.78
04-17 13:45:10.276028     0     0 I         : c7    950 qcom,camera ac4a000.qcom,cci0:qcom,cam-sensor@0: Dropping the link to regulator.75
04-17 13:45:10.278171     0     0 I         : c7    950 qcom,camera ac4a000.qcom,cci0:qcom,cam-sensor@0: Dropping the link to regulator.74
04-17 13:45:10.300754     0     0 I         : c6    950 qcom,camera ac4a000.qcom,cci0:qcom,cam-sensor@0: Dropping the link to regulator.77
04-17 13:45:10.304189     0     0 I         : c6    950 qcom,camera ac4a000.qcom,cci0:qcom,cam-sensor@0: Dropping the link to regulator.81
04-17 13:45:10.305519     0     0 I         : c1    950 qcom_rpmh DRV:apps_rsc TCS Busy, retrying RPMH message send: addr=0x30010
--------- switch to system
04-17 13:45:10.340248  2594  2594 I PackageManager: /system/app/JNIDemo changed; collecting certs
--------- switch to main
04-17 13:45:10.344143  2594  2594 D PackageManager: No files in app dir /vendor/priv-app
--------- switch to system
04-17 13:45:10.346767  2594  2594 I PackageManager: /vendor/app/com.qualcomm.qti.gpudrivers.lito.api30 changed; collecting certs
04-17 13:45:10.349649  2594  2594 I PackageManager: Update system package com.qualcomm.qti.gpudrivers.lito.api30 code path from /vendor/app/adreno_graphics_driver to /vendor/app/com.qualcomm.qti.gpudrivers.lito.api30; Retain data and using new
04-17 13:45:10.353497  2594  2594 I PackageManager: /vendor/app/adreno_graphics_driver changed; collecting certs
04-17 13:45:10.356038  2594  2594 W PackageManager: Failed to scan /vendor/app/adreno_graphics_driver: Application package com.qualcomm.qti.gpudrivers.lito.api30 already installed.  Skipping duplicate.
--------- switch to main
04-17 13:45:10.363976  2594  2594 D PackageManager: No files in app dir /odm/priv-app
04-17 13:45:10.364084  2594  2594 D PackageManager: No files in app dir /odm/app
04-17 13:45:10.364133  2594  2594 D PackageManager: No files in app dir /oem/app
--------- switch to kernel
04-17 13:45:10.366204     0     0 I         : c5    950 qcom,camera ac4b000.qcom,cci1:qcom,cam-sensor@2: Linked as a consumer to regulator.81
04-17 13:45:10.371399     0     0 I         : c0    950 qcom,camera ac4b000.qcom,cci1:qcom,cam-sensor@2: Linked as a consumer to regulator.45
04-17 13:45:10.388549     0     0 I         : c0    950 CAM_INFO: CAM-SENSOR: cam_sensor_driver_cmd: 860 Probe success,slot:2,slave_addr:0x34,sensor_id:0x355
04-17 13:45:10.388652     0     0 I         : c0    950 qcom,camera ac4b000.qcom,cci1:qcom,cam-sensor@2: Dropping the link to regulator.45
04-17 13:45:10.393640     0     0 I         : c5    950 qcom,camera ac4b000.qcom,cci1:qcom,cam-sensor@2: Dropping the link to regulator.81
04-17 13:45:10.395322     0     0 I         : c5    950 qcom_rpmh DRV:apps_rsc TCS Busy, retrying RPMH message send: addr=0x30010
04-17 13:45:10.426010     0     0 I         : c5    950 qcom,camera ac4a000.qcom,cci0:qcom,cam-sensor@1: Linked as a consumer to regulator.81
04-17 13:45:10.429910     0     0 I         : c5    950 qcom,camera ac4a000.qcom,cci0:qcom,cam-sensor@1: Linked as a consumer to regulator.76
04-17 13:45:10.433751     0     0 I         : c5    950 qcom,camera ac4a000.qcom,cci0:qcom,cam-sensor@1: Linked as a consumer to regulator.79
04-17 13:45:10.437831     0     0 I         : c5    950 qcom,camera ac4a000.qcom,cci0:qcom,cam-sensor@1: Linked as a consumer to regulator.45
04-17 13:45:10.443871     0     0 I         : c0    950 CAM_INFO: CAM-SENSOR: cam_sensor_driver_cmd: 860 Probe success,slot:1,slave_addr:0x34,sensor_id:0x481
04-17 13:45:10.445074     0     0 I         : c1    950 qcom,camera ac4a000.qcom,cci0:qcom,cam-sensor@1: Dropping the link to regulator.45
--------- switch to main
04-17 13:45:10.448441  2594  2594 D PackageManager: No files in app dir /apex/com.android.sdkext/priv-app
04-17 13:45:10.448520  2594  2594 D PackageManager: No files in app dir /apex/com.android.sdkext/app
--------- switch to kernel
04-17 13:45:10.449016     0     0 I         : c4    950 qcom,camera ac4a000.qcom,cci0:qcom,cam-sensor@1: Dropping the link to regulator.79
--------- switch to system
04-17 13:45:10.451749  2594  2594 I ApexManager: Registering com.android.providers.media.module as apk-in-apex of com.android.mediaprovider
--------- switch to main
04-17 13:45:10.452750  2594  2594 D PackageManager: No files in app dir /apex/com.android.mediaprovider/app
04-17 13:45:10.452823  2594  2594 D PackageManager: No files in app dir /apex/com.android.os.statsd/priv-app
04-17 13:45:10.452874  2594  2594 D PackageManager: No files in app dir /apex/com.android.os.statsd/app
--------- switch to kernel
04-17 13:45:10.453061     0     0 I         : c1    950 qcom,camera ac4a000.qcom,cci0:qcom,cam-sensor@1: Dropping the link to regulator.76
--------- switch to system
04-17 13:45:10.457446  2594  2594 I ApexManager: Registering com.android.networkstack.tethering as apk-in-apex of com.android.tethering
--------- switch to kernel
04-17 13:45:10.456477     0     0 I         : c5    950 qcom,camera ac4a000.qcom,cci0:qcom,cam-sensor@1: Dropping the link to regulator.81
--------- switch to system
04-17 13:45:10.460839  2594  2594 I ApexManager: Registering com.android.connectivity.resources as apk-in-apex of com.android.tethering
--------- switch to kernel
04-17 13:45:10.458578     0     0 I         : c5    950 qcom_rpmh DRV:apps_rsc TCS Busy, retrying RPMH message send: addr=0x30010
--------- switch to main
04-17 13:45:10.462051  2594  2594 D PackageManager: No files in app dir /apex/com.android.tethering/app
04-17 13:45:10.462165  2594  2594 D PackageManager: No files in app dir /apex/com.android.adbd/priv-app
04-17 13:45:10.462228  2594  2594 D PackageManager: No files in app dir /apex/com.android.adbd/app
04-17 13:45:10.462291  2594  2594 D PackageManager: No files in app dir /apex/com.android.neuralnetworks/priv-app
04-17 13:45:10.462345  2594  2594 D PackageManager: No files in app dir /apex/com.android.neuralnetworks/app
04-17 13:45:10.462401  2594  2594 D PackageManager: No files in app dir /apex/com.android.vndk.v31/priv-app
04-17 13:45:10.462452  2594  2594 D PackageManager: No files in app dir /apex/com.android.vndk.v31/app
04-17 13:45:10.462496  2594  2594 D PackageManager: No files in app dir /apex/com.android.tzdata/priv-app
04-17 13:45:10.462551  2594  2594 D PackageManager: No files in app dir /apex/com.android.tzdata/app
04-17 13:45:10.462614  2594  2594 D PackageManager: No files in app dir /apex/com.android.conscrypt/priv-app
04-17 13:45:10.462666  2594  2594 D PackageManager: No files in app dir /apex/com.android.conscrypt/app
--------- switch to system
04-17 13:45:10.466924  2594  2594 I ApexManager: Registering com.android.permissioncontroller as apk-in-apex of com.android.permission
--------- switch to main
04-17 13:45:10.468838  2594  2594 D PackageManager: No files in app dir /apex/com.android.permission/app
--------- switch to system
04-17 13:45:10.474266  2594  2594 I ApexManager: Registering com.android.cellbroadcastservice as apk-in-apex of com.android.cellbroadcast
04-17 13:45:10.477175  2594  2594 I ApexManager: Registering com.android.cellbroadcastreceiver.module as apk-in-apex of com.android.cellbroadcast
--------- switch to main
04-17 13:45:10.478529  2594  2594 D PackageManager: No files in app dir /apex/com.android.cellbroadcast/app
04-17 13:45:10.478617  2594  2594 D PackageManager: No files in app dir /apex/com.android.ipsec/priv-app
04-17 13:45:10.478667  2594  2594 D PackageManager: No files in app dir /apex/com.android.ipsec/app
--------- switch to system
04-17 13:45:10.482255  2594  2594 I ApexManager: Registering com.android.wifi.resources as apk-in-apex of com.android.wifi
04-17 13:45:10.486476  2594  2594 I ApexManager: Registering com.android.hotspot2.osulogin as apk-in-apex of com.android.wifi
--------- switch to main
04-17 13:45:10.487481  2594  2594 D PackageManager: No files in app dir /apex/com.android.resolv/priv-app
04-17 13:45:10.487553  2594  2594 D PackageManager: No files in app dir /apex/com.android.resolv/app
04-17 13:45:10.487600  2594  2594 D PackageManager: No files in app dir /apex/com.android.scheduling/priv-app
04-17 13:45:10.487660  2594  2594 D PackageManager: No files in app dir /apex/com.android.scheduling/app
04-17 13:45:10.487731  2594  2594 D PackageManager: No files in app dir /apex/com.android.i18n/priv-app
04-17 13:45:10.487771  2594  2594 D PackageManager: No files in app dir /apex/com.android.i18n/app
04-17 13:45:10.487823  2594  2594 D PackageManager: No files in app dir /apex/com.android.media.swcodec/priv-app
04-17 13:45:10.487872  2594  2594 D PackageManager: No files in app dir /apex/com.android.media.swcodec/app
04-17 13:45:10.487940  2594  2594 D PackageManager: No files in app dir /apex/com.android.media/priv-app
04-17 13:45:10.487998  2594  2594 D PackageManager: No files in app dir /apex/com.android.media/app
--------- switch to system
04-17 13:45:10.491394  2594  2594 I ApexManager: Registering com.android.cts.priv.ctsshim as apk-in-apex of com.android.apex.cts.shim
04-17 13:45:10.495233  2594  2594 I ApexManager: Registering com.android.cts.ctsshim as apk-in-apex of com.android.apex.cts.shim
--------- switch to main
04-17 13:45:10.496358  2594  2594 D PackageManager: No files in app dir /apex/com.android.appsearch/priv-app
04-17 13:45:10.496442  2594  2594 D PackageManager: No files in app dir /apex/com.android.appsearch/app
04-17 13:45:10.496503  2594  2594 D PackageManager: No files in app dir /apex/com.android.runtime/priv-app
04-17 13:45:10.496556  2594  2594 D PackageManager: No files in app dir /apex/com.android.runtime/app
04-17 13:45:10.496614  2594  2594 D PackageManager: No files in app dir /apex/com.android.art/priv-app
04-17 13:45:10.496663  2594  2594 D PackageManager: No files in app dir /apex/com.android.art/app
--------- switch to system
04-17 13:45:10.500180  2594  2594 I ApexManager: Registering android.ext.services as apk-in-apex of com.android.extservices
--------- switch to main
04-17 13:45:10.501027  2594  2594 D PackageManager: No files in app dir /apex/com.android.extservices/app
--------- switch to system
04-17 13:45:10.504392  2594  2594 I PackageManager: Finished scanning system apps. Time: 415 ms, packageCount: 135 , timePerPackage: 3 , cached: 158
--------- switch to events
04-17 13:45:10.504429  2594  2594 I boot_progress_pms_data_scan_start: 16462
--------- switch to system
04-17 13:45:10.507148  2594  2594 D CompatibilityChangeReporter: Compat change id reported: 133396946; UID -1; state: DISABLED
--------- switch to kernel
04-17 13:45:10.506745     0     0 I         : c5    950 qcom,eeprom ac4a000.qcom,cci0:qcom,eeprom@0: Linked as a consumer to regulator.81
--------- switch to system
04-17 13:45:10.509100  2594  2594 I PackageManager: Finished scanning non-system apps. Time: 5 ms, packageCount: 1 , timePerPackage: 5 , cached: 1
--------- switch to kernel
04-17 13:45:10.510680     0     0 I         : c5    950 qcom,eeprom ac4a000.qcom,cci0:qcom,eeprom@0: Linked as a consumer to regulator.77
--------- switch to system
04-17 13:45:10.512332  2594  2594 E PackageManager: updateAllSharedLibrariesLPw failed: Package org.codeaurora.ims requires unavailable shared library ims-ext-common; failing!
--------- switch to kernel
04-17 13:45:10.514811     0     0 I         : c5    950 qcom,eeprom ac4a000.qcom,cci0:qcom,eeprom@0: Linked as a consumer to regulator.74
04-17 13:45:10.515050     0     0 I         : c5    950 qcom,eeprom ac4a000.qcom,cci0:qcom,eeprom@0: Linked as a consumer to regulator.75
--------- switch to events
04-17 13:45:10.518177  2594  2594 I boot_progress_pms_scan_end: 16476
--------- switch to system
04-17 13:45:10.518277  2594  2594 I PackageManager: Time to scan packages: 0.429 seconds
04-17 13:45:10.518342  2594  2594 I PackageManager: Permission ownership changed. Updating all permissions.
--------- switch to kernel
04-17 13:45:10.519129     0     0 I         : c1    950 qcom,eeprom ac4a000.qcom,cci0:qcom,eeprom@0: Linked as a consumer to regulator.78
04-17 13:45:10.523187     0     0 I         : c1    950 qcom,eeprom ac4a000.qcom,cci0:qcom,eeprom@0: Linked as a consumer to regulator.80
04-17 13:45:10.529282     0     0 I         : c3    950 qcom,eeprom ac4a000.qcom,cci0:qcom,eeprom@0: Linked as a consumer to regulator.45
--------- switch to system
04-17 13:45:10.551907  2594  2594 V PackageManager: reconcileAppsData for null u0 0x1 migrateAppData=true
--------- switch to main
04-17 13:45:10.558339  1204  1238 I SELinux : SELinux: Loaded file_contexts
--------- switch to system
04-17 13:45:10.588953  2594  2594 V PackageManager: reconcileAppsData finished 25 packages
04-17 13:45:10.589317  2594  2594 I PackageManagerTiming: write settings
04-17 13:45:10.589767  2594  2711 I SystemServerTimingAsync: InitThreadPoolExec:prepareAppData
04-17 13:45:10.589808  2594  2711 D SystemServerInitThreadPool: Started executing prepareAppData
--------- switch to main
04-17 13:45:10.605331  2594  2594 I SELinux : SELinux: Loaded file_contexts
--------- switch to events
04-17 13:45:10.615788  2594  2594 I commit_sys_config_file: [package-user-0,5]
04-17 13:45:10.615875  2594  2594 I commit_sys_config_file: [package,26]
--------- switch to system
04-17 13:45:10.615925  2594  2594 D PackageManagerTiming: write settings took to complete: 27ms
--------- switch to events
04-17 13:45:10.615946  2594  2594 I boot_progress_pms_ready: 16574
--------- switch to main
04-17 13:45:10.616179  2594  2594 W PackageManager: There should probably be a verifier, but, none were found
--------- switch to system
04-17 13:45:10.617246  2594  2594 W PackageManager: Domain verification agent not found
04-17 13:45:10.622396  2594  2594 D PackageManager: Ephemeral resolver NOT found; no matching intent filters
04-17 13:45:10.622605  2594  2594 D PackageManager: Instant App installer not found with android.intent.action.INSTALL_INSTANT_APP_PACKAGE
04-17 13:45:10.622650  2594  2594 D PackageManager: Clear ephemeral installer activity
04-17 13:45:10.630196  2594  2594 I PackageManagerTiming: GC
04-17 13:45:10.630283  2594  2594 D PackageManagerTiming: GC took to complete: 0ms
04-17 13:45:10.630367  2594  2594 I PackageManager: Fix for b/169414761 is applied
04-17 13:45:10.630398  2594  2594 D PackageManagerTiming: create package manager took to complete: 808ms
04-17 13:45:10.630577  2594  2594 V UserManagerService: Checking that all system packages are whitelisted.
04-17 13:45:10.632434  2594  2594 W UserManagerService: checkWhitelistedSystemPackages(mode=ENFORCE|IMPLICIT_WHITELIST|IMPLICIT_WHITELIST_SYSTEM) has 50 warnings:
04-17 13:45:10.632466  2594  2594 W UserManagerService: com.android.theme.color.amethyst is allowlisted but not present.
04-17 13:45:10.632477  2594  2594 W UserManagerService: com.android.theme.icon.pebble is allowlisted but not present.
04-17 13:45:10.632489  2594  2594 W UserManagerService: com.android.theme.color.sand is allowlisted but not present.
04-17 13:45:10.632500  2594  2594 W UserManagerService: com.android.theme.icon.vessel is allowlisted but not present.
04-17 13:45:10.632511  2594  2594 W UserManagerService: com.android.theme.color.cinnamon is allowlisted but not present.
04-17 13:45:10.632523  2594  2594 W UserManagerService: com.android.theme.icon_pack.victor.settings is allowlisted but not present.
04-17 13:45:10.632534  2594  2594 W UserManagerService: com.android.theme.icon_pack.rounded.systemui is allowlisted but not present.
04-17 13:45:10.632545  2594  2594 W UserManagerService: com.android.theme.icon.taperedrect is allowlisted but not present.
04-17 13:45:10.632555  2594  2594 W UserManagerService: com.android.theme.icon_pack.rounded.android is allowlisted but not present.
04-17 13:45:10.632566  2594  2594 W UserManagerService: com.android.theme.icon_pack.victor.systemui is allowlisted but not present.
04-17 13:45:10.632577  2594  2594 W UserManagerService: com.android.theme.icon_pack.circular.themepicker is allowlisted but not present.
04-17 13:45:10.632611  2594  2594 W UserManagerService: com.android.theme.color.tangerine is allowlisted but not present.
04-17 13:45:10.632623  2594  2594 W UserManagerService: com.android.theme.color.aquamarine is allowlisted but not present.
04-17 13:45:10.632666  2594  2594 W UserManagerService: com.android.theme.color.black is allowlisted but not present.
04-17 13:45:10.632678  2594  2594 W UserManagerService: com.android.theme.color.green is allowlisted but not present.
04-17 13:45:10.632689  2594  2594 W UserManagerService: com.android.theme.color.ocean is allowlisted but not present.
04-17 13:45:10.632699  2594  2594 W UserManagerService: com.android.theme.color.space is allowlisted but not present.
04-17 13:45:10.632710  2594  2594 W UserManagerService: com.android.theme.icon_pack.rounded.launcher is allowlisted but not present.
04-17 13:45:10.632720  2594  2594 W UserManagerService: com.android.theme.icon_pack.kai.settings is allowlisted but not present.
04-17 13:45:10.632732  2594  2594 W UserManagerService: com.android.internal.systemui.navbar.twobutton is allowlisted but not present.
04-17 13:45:10.632742  2594  2594 W UserManagerService: com.android.theme.icon_pack.sam.settings is allowlisted but not present.
04-17 13:45:10.632752  2594  2594 W UserManagerService: com.android.theme.icon_pack.kai.themepicker is allowlisted but not present.
04-17 13:45:10.632763  2594  2594 W UserManagerService: com.android.theme.icon_pack.victor.launcher is allowlisted but not present.
04-17 13:45:10.632778  2594  2594 W UserManagerService: com.android.theme.icon_pack.filled.settings is allowlisted but not present.
04-17 13:45:10.632791  2594  2594 W UserManagerService: com.android.theme.icon_pack.kai.systemui is allowlisted but not present.
04-17 13:45:10.632804  2594  2594 W UserManagerService: com.android.theme.icon_pack.circular.settings is allowlisted but not present.
04-17 13:45:10.632816  2594  2594 W UserManagerService: com.android.theme.icon_pack.sam.systemui is allowlisted but not present.
04-17 13:45:10.632828  2594  2594 W UserManagerService: com.android.theme.icon.teardrop is allowlisted but not present.
04-17 13:45:10.632859  2594  2594 W UserManagerService: com.android.theme.icon_pack.rounded.themepicker is allowlisted but not present.
04-17 13:45:10.632872  2594  2594 W UserManagerService: com.android.theme.icon_pack.filled.systemui is allowlisted but not present.
04-17 13:45:10.632882  2594  2594 W UserManagerService: com.android.theme.icon_pack.sam.android is allowlisted but not present.
04-17 13:45:10.632893  2594  2594 W UserManagerService: com.android.theme.icon_pack.filled.android is allowlisted but not present.
04-17 13:45:10.632903  2594  2594 W UserManagerService: com.android.theme.icon_pack.circular.systemui is allowlisted but not present.
04-17 13:45:10.632913  2594  2594 W UserManagerService: com.android.theme.icon_pack.kai.android is allowlisted but not present.
04-17 13:45:10.632923  2594  2594 W UserManagerService: com.android.theme.icon_pack.kai.launcher is allowlisted but not present.
04-17 13:45:10.632933  2594  2594 W UserManagerService: com.android.theme.icon_pack.sam.launcher is allowlisted but not present.
04-17 13:45:10.632943  2594  2594 W UserManagerService: com.android.theme.icon.squircle is allowlisted but not present.
04-17 13:45:10.632953  2594  2594 W UserManagerService: com.android.theme.icon_pack.victor.android is allowlisted but not present.
04-17 13:45:10.632963  2594  2594 W UserManagerService: com.android.theme.color.palette is allowlisted but not present.
04-17 13:45:10.632974  2594  2594 W UserManagerService: com.android.theme.icon_pack.filled.launcher is allowlisted but not present.
04-17 13:45:10.632984  2594  2594 W UserManagerService: com.android.theme.color.carbon is allowlisted but not present.
04-17 13:45:10.632994  2594  2594 W UserManagerService: com.android.theme.icon_pack.circular.launcher is allowlisted but not present.
04-17 13:45:10.633005  2594  2594 W UserManagerService: com.android.theme.icon_pack.filled.themepicker is allowlisted but not present.
04-17 13:45:10.633015  2594  2594 W UserManagerService: com.android.theme.icon_pack.victor.themepicker is allowlisted but not present.
04-17 13:45:10.633025  2594  2594 W UserManagerService: com.android.theme.color.orchid is allowlisted but not present.
04-17 13:45:10.633036  2594  2594 W UserManagerService: com.android.theme.color.purple is allowlisted but not present.
04-17 13:45:10.633065  2594  2594 W UserManagerService: com.android.theme.icon_pack.sam.themepicker is allowlisted but not present.
04-17 13:45:10.633076  2594  2594 W UserManagerService: com.android.theme.icon.roundedrect is allowlisted but not present.
04-17 13:45:10.633086  2594  2594 W UserManagerService: com.android.theme.icon_pack.rounded.settings is allowlisted but not present.
04-17 13:45:10.633096  2594  2594 W UserManagerService: com.android.theme.icon_pack.circular.android is allowlisted but not present.
04-17 13:45:10.634486  2594  2594 I Watchdog: Resuming HandlerChecker: main thread for reason: packagemanagermain. Pause count: 0
04-17 13:45:10.634702  2594  2594 I SystemServerDexLoadReporter: Configuring system server dex reporter
--------- switch to main
04-17 13:45:10.635530  1204  1238 W installd: Ignoring /data/data/IWWFICAAAAg6ZqvtlnEwjrS5ZjmA+auYnXXTboSXqI9kcC,RobjZfC/B20YuDAAAAA7Jls5DxoGKEOOyn94hqto with unexpected GID 0 instead of 10078
--------- switch to system
04-17 13:45:10.642236  2594  2594 D SystemServerTiming: StartPackageManagerService took to complete: 863ms
04-17 13:45:10.642383  2594  2594 I SystemServerTiming: StartOtaDexOptService
04-17 13:45:10.642432  2594  2594 I Watchdog: Pausing HandlerChecker: main thread for reason: moveab. Pause count: 1
04-17 13:45:10.644163  2594  2594 D OTADexopt: No upgrade, skipping A/B artifacts check.
04-17 13:45:10.644228  2594  2594 I Watchdog: Resuming HandlerChecker: main thread for reason: moveab. Pause count: 0
04-17 13:45:10.644269  2594  2594 D SystemServerTiming: StartOtaDexOptService took to complete: 2ms
04-17 13:45:10.644295  2594  2594 I SystemServerTiming: StartUserManagerService
04-17 13:45:10.644335  2594  2594 I SystemServiceManager: Starting com.android.server.pm.UserManagerService$LifeCycle
04-17 13:45:10.644960  2594  2594 D SystemServerTiming: StartUserManagerService took to complete: 1ms
04-17 13:45:10.645015  2594  2594 I SystemServerTiming: InitAttributerCache
04-17 13:45:10.645123  2594  2594 D SystemServerTiming: InitAttributerCache took to complete: 0ms
04-17 13:45:10.645148  2594  2594 I SystemServerTiming: SetSystemProcess
--------- switch to events
04-17 13:45:10.658510  2594  2594 I am_uid_running: 1000
--------- switch to main
04-17 13:45:10.659560   562   562 I lowmemorykiller: lmkd data connection established
--------- switch to system
04-17 13:45:10.659741  2594  2684 I ActivityManager: Connection with lmkd established
04-17 13:45:10.660560  2594  2650 V HistoricalRegistry: Interaction before persistence initialized
04-17 13:45:10.660655  2594  2692 V HistoricalRegistry: Interaction before persistence initialized
--------- switch to main
04-17 13:45:10.661397  1199  1199 I cameraserver: Waiting for sensor privacy service
--------- switch to events
04-17 13:45:10.661533  2594  2594 I am_uid_active: 1000
--------- switch to main
04-17 13:45:10.661562  1018  1018 I audioserver: Waiting for sensor privacy service
--------- switch to system
04-17 13:45:10.663453  2594  2594 D SystemServerTiming: SetSystemProcess took to complete: 18ms
04-17 13:45:10.664424  2594  2594 I SystemServerTiming: InitWatchdog
04-17 13:45:10.664750  2594  2594 D SystemServerTiming: InitWatchdog took to complete: 1ms
04-17 13:45:10.665111  2594  2594 I SystemServerTiming: StartOverlayManagerService
--------- switch to kernel
04-17 13:45:10.683003     0     0 I         : c6      1 init: Control message: Processed ctl.start for 'idmap2d' from pid: 2594 (system_server)
--------- switch to system
04-17 13:45:10.707709  2594  2711 D SystemServerTimingAsync: AppDataFixup took to complete: 118ms
--------- switch to main
04-17 13:45:10.747135  1202  1202 W idmap2d : active ffro iterator was not previously released
--------- switch to events
04-17 13:45:10.748807  2594  2594 I commit_sys_config_file: [overlays,1]
--------- switch to system
04-17 13:45:10.752996  2594  2594 D SystemServerTiming: StartOverlayManagerService took to complete: 88ms
04-17 13:45:10.753067  2594  2594 I SystemServerTiming: StartSensorPrivacyService
04-17 13:45:10.764973  2594  2594 D SystemServerTiming: StartSensorPrivacyService took to complete: 12ms
04-17 13:45:10.765034  2594  2594 I SystemServerTiming: StartSensorService
04-17 13:45:10.765077  2594  2594 I SystemServiceManager: Starting com.android.server.sensors.SensorService
04-17 13:45:10.765723  2594  2594 D SystemServerTiming: StartSensorService took to complete: 1ms
04-17 13:45:10.765752  2594  2594 D SystemServerTiming: startBootstrapServices took to complete: 1659ms
04-17 13:45:10.765770  2594  2594 I SystemServerTiming: startCoreServices
04-17 13:45:10.765789  2594  2594 I SystemServerTiming: StartSystemConfigService
04-17 13:45:10.765817  2594  2717 I SystemServerTimingAsync: InitThreadPoolExec:StartNativeSensorService
04-17 13:45:10.765855  2594  2594 I SystemServiceManager: Starting com.android.server.SystemConfigService
04-17 13:45:10.765879  2594  2717 D SystemServerInitThreadPool: Started executing StartNativeSensorService
04-17 13:45:10.765913  2594  2717 I SystemServerTimingAsync: StartNativeSensorService
--------- switch to main
04-17 13:45:10.766167  2594  2717 D SensorService: nuSensorService starting...
--------- switch to system
04-17 13:45:10.766769  2594  2594 D SystemServerTiming: StartSystemConfigService took to complete: 1ms
04-17 13:45:10.766791  2594  2594 I SystemServerTiming: StartBatteryService
04-17 13:45:10.766842  2594  2594 I SystemServiceManager: Starting com.android.server.BatteryService
--------- switch to main
04-17 13:45:10.767238   564   564 I hwservicemanager: getTransport: Cannot find entry android.hardware.sensors@2.1::ISensors/default in either framework or device VINTF manifest.
04-17 13:45:10.769001   970   970 I sensors-hal: [hal]activate_physical_sensor:251, android.sensor.accelerometer/11 en=0
04-17 13:45:10.769074   970   970 I sensors-hal: [hal]activate_physical_sensor:262, android.sensor.accelerometer/11 en=0 completed
04-17 13:45:10.769144   970   970 I sensors-hal: [hal]activate_physical_sensor:251, android.sensor.magnetic_field/21 en=0
04-17 13:45:10.769162   970   970 I sensors-hal: [hal]activate_physical_sensor:262, android.sensor.magnetic_field/21 en=0 completed
04-17 13:45:10.769192   970   970 I sensors-hal: [hal]activate_physical_sensor:251, android.sensor.gyroscope/41 en=0
04-17 13:45:10.769209   970   970 I sensors-hal: [hal]activate_physical_sensor:262, android.sensor.gyroscope/41 en=0 completed
04-17 13:45:10.769259   970   970 I sensors-hal: [hal]activate_physical_sensor:251, android.sensor.light/51 en=0
04-17 13:45:10.769286   970   970 I sensors-hal: [hal]activate_physical_sensor:262, android.sensor.light/51 en=0 completed
04-17 13:45:10.769316   970   970 I sensors-hal: [hal]activate_physical_sensor:251, android.sensor.pressure/61 en=0
04-17 13:45:10.769378   970   970 I sensors-hal: [hal]activate_physical_sensor:262, android.sensor.pressure/61 en=0 completed
04-17 13:45:10.769413   970   970 I sensors-hal: [hal]activate_physical_sensor:251, android.sensor.proximity/82 en=0
04-17 13:45:10.769432   970   970 I sensors-hal: [hal]activate_physical_sensor:262, android.sensor.proximity/82 en=0 completed
04-17 13:45:10.769476   970   970 I sensors-hal: [hal]activate_physical_sensor:251, android.sensor.magnetic_field_uncalibrated/141 en=0
04-17 13:45:10.769494   970   970 I sensors-hal: [hal]activate_physical_sensor:262, android.sensor.magnetic_field_uncalibrated/141 en=0 completed
04-17 13:45:10.769523   970   970 I sensors-hal: [hal]activate_physical_sensor:251, android.sensor.gyroscope_uncalibrated/161 en=0
04-17 13:45:10.769539   970   970 I sensors-hal: [hal]activate_physical_sensor:262, android.sensor.gyroscope_uncalibrated/161 en=0 completed
04-17 13:45:10.769589   970   970 I sensors-hal: [hal]activate_physical_sensor:251, android.sensor.accelerometer_uncalibrated/351 en=0
04-17 13:45:10.769605   970   970 I sensors-hal: [hal]activate_physical_sensor:262, android.sensor.accelerometer_uncalibrated/351 en=0 completed
04-17 13:45:10.769634   970   970 I sensors-hal: [hal]activate_physical_sensor:251, com.google.sensor.gyro_temperature/11021 en=0
04-17 13:45:10.769654   970   970 I sensors-hal: [hal]activate_physical_sensor:262, com.google.sensor.gyro_temperature/11021 en=0 completed
04-17 13:45:10.769706   970   970 I sensors-hal: [hal]activate_physical_sensor:251, com.google.sensor.pressure_temp/11031 en=0
04-17 13:45:10.769725   970   970 I sensors-hal: [hal]activate_physical_sensor:262, com.google.sensor.pressure_temp/11031 en=0 completed
04-17 13:45:10.769756   970   970 I sensors-hal: [hal]activate_physical_sensor:251, com.google.sensor.magnetometer_temp/11041 en=0
04-17 13:45:10.769776   970   970 I sensors-hal: [hal]activate_physical_sensor:262, com.google.sensor.magnetometer_temp/11041 en=0 completed
04-17 13:45:10.769826   970   970 I sensors-hal: [hal]activate_physical_sensor:251, com.google.sensor.camera_vsync/11051 en=0
04-17 13:45:10.769845   970   970 I sensors-hal: [hal]activate_physical_sensor:262, com.google.sensor.camera_vsync/11051 en=0 completed
04-17 13:45:10.769875   970   970 I sensors-hal: [hal]activate_physical_sensor:251, com.google.sensor.camera_vsync/11053 en=0
04-17 13:45:10.769893   970   970 I sensors-hal: [hal]activate_physical_sensor:262, com.google.sensor.camera_vsync/11053 en=0 completed
04-17 13:45:10.769944   970   970 I sensors-hal: [hal]activate_physical_sensor:251, com.google.sensor.camera_vsync/11055 en=0
04-17 13:45:10.769964   970   970 I sensors-hal: [hal]activate_physical_sensor:262, com.google.sensor.camera_vsync/11055 en=0 completed
04-17 13:45:10.770075   970   970 I sensors-hal: [hal]activate_physical_sensor:251, com.google.sensor.rear_light/11091 en=0
04-17 13:45:10.770095   970   970 I sensors-hal: [hal]activate_physical_sensor:262, com.google.sensor.rear_light/11091 en=0 completed
04-17 13:45:10.770126   970   970 I sensors-hal: [hal]activate_physical_sensor:251, com.google.sensor.combo_light/11101 en=0
04-17 13:45:10.770166   970   970 I sensors-hal: [hal]activate_physical_sensor:262, com.google.sensor.combo_light/11101 en=0 completed
04-17 13:45:10.774618  2594  2594 I android_os_HwBinder: HwBinder: Starting thread pool for getting: android.hardware.health@2.0::IHealth/default
04-17 13:45:10.777940   961   961 I android.hardware.health@2.1-impl-redbull: Unable to write battery level to wireless capacity
--------- switch to events
04-17 13:45:10.779366  2594  2679 I battery_status: [2,2,1,2,Unknown]
04-17 13:45:10.779398  2594  2679 I battery_level: [100,4342,234]
--------- switch to main
04-17 13:45:10.780068   564   564 I hwservicemanager: getTransport: Cannot find entry android.hardware.light@2.0::ILight/default in either framework or device VINTF manifest.
04-17 13:45:10.786771   970   970 I sensors-hal: initialize:167, initialize sensors sub-hal
04-17 13:45:10.787385  2594  2717 W SensorService: LSM6DSR Gyroscope's max range 34.905555725098 is not a multiple of the resolution 0.001221694518 - updated to 34.905033111572
04-17 13:45:10.787429  2594  2717 I SensorService: TCS3701 Ambient Light Sensor's reported power 0.000000 invalid, clamped to 0.001000
04-17 13:45:10.787442  2594  2717 W SensorService: BMP380 Pressure Sensor's max range 1250.000000000000 is not a multiple of the resolution 0.001700000023 - updated to 1249.999755859375
04-17 13:45:10.787452  2594  2717 I SensorService: TCS3701 Proximity Sensor (wake-up)'s reported power 0.000000 invalid, clamped to 0.001000
04-17 13:45:10.787460  2594  2717 W SensorService: LSM6DSR Gyroscope-Uncalibrated's max range 34.905555725098 is not a multiple of the resolution 0.001221694518 - updated to 34.905033111572
04-17 13:45:10.787469  2594  2717 I SensorService: LIS2MDL Temperature's reported power 0.000000 invalid, clamped to 0.001000
04-17 13:45:10.787477  2594  2717 I SensorService: camera v-sync 0's reported power 0.000000 invalid, clamped to 0.001000
04-17 13:45:10.787483  2594  2717 I SensorService: camera v-sync 1's reported power 0.000000 invalid, clamped to 0.001000
04-17 13:45:10.787490  2594  2717 I SensorService: camera v-sync 2's reported power 0.000000 invalid, clamped to 0.001000
04-17 13:45:10.787497  2594  2717 I SensorService: VD6282 Rear Light's reported power 0.000000 invalid, clamped to 0.001000
04-17 13:45:10.787503  2594  2717 I SensorService: Combo Light's reported power 0.000000 invalid, clamped to 0.001000
04-17 13:45:10.787512  2594  2717 I SensorService: Proximity Gated Single Tap Gesture's reported power 0.000000 invalid, clamped to 0.001000
04-17 13:45:10.787606   970   970 I sensors-hal: [hal]unregister_direct_channel:549, unregister_direct_channel : channel handle -1
04-17 13:45:10.791278   961   961 I android.hardware.health@2.1-impl-redbull: Unable to write battery level to wireless capacity
04-17 13:45:10.791948  2594  2721 D SensorService: new thread SensorEventAckReceiver
--------- switch to kernel
04-17 13:45:10.791271     0     0 I         : c0    950 qcom,eeprom ac4a000.qcom,cci0:qcom,eeprom@0: Dropping the link to regulator.45
--------- switch to main
04-17 13:45:10.791975  2594  2722 D SensorService: nuSensorService thread starting...
--------- switch to system
04-17 13:45:10.792173  2594  2717 V HistoricalRegistry: Interaction before persistence initialized
04-17 13:45:10.792967  2594  2717 D SystemServerTimingAsync: StartNativeSensorService took to complete: 27ms
04-17 13:45:10.793022  2594  2717 D SystemServerInitThreadPool: Finished executing StartNativeSensorService
04-17 13:45:10.793052  2594  2717 D SystemServerTimingAsync: InitThreadPoolExec:StartNativeSensorService took to complete: 27ms
--------- switch to main
04-17 13:45:10.793617   961   961 I android.hardware.health@2.1-impl-redbull: Unable to write battery level to wireless capacity
04-17 13:45:10.795316  1199  1199 I cameraserver: ServiceManager: 0xb40000711eb53cd0 done instantiate
--------- switch to system
04-17 13:45:10.796198  2594  2594 I HealthServiceWrapper: health: HealthServiceWrapper listening to instance default
04-17 13:45:10.796238  2594  2594 I BatteryService: health: Waited 0ms and received the update.
--------- switch to main
04-17 13:45:10.797366  2594  2723 I android_os_HwBinder: HwBinder: Starting thread pool for getting: android.hardware.health@2.0::IHealth/default
--------- switch to system
04-17 13:45:10.798010  2594  2594 D SystemServerTiming: StartBatteryService took to complete: 31ms
04-17 13:45:10.798094  2594  2594 I SystemServerTiming: StartUsageService
04-17 13:45:10.798186  2594  2594 I SystemServiceManager: Starting com.android.server.usage.UsageStatsService
--------- switch to kernel
04-17 13:45:10.797058     0     0 I         : c5    950 qcom,eeprom ac4a000.qcom,cci0:qcom,eeprom@0: Dropping the link to regulator.80
04-17 13:45:10.800121     0     0 I         : c4    950 qcom,eeprom ac4a000.qcom,cci0:qcom,eeprom@0: Dropping the link to regulator.78
04-17 13:45:10.803403     0     0 I         : c2    950 qcom,eeprom ac4a000.qcom,cci0:qcom,eeprom@0: Dropping the link to regulator.75
04-17 13:45:10.805145     0     0 I         : c2    950 qcom,eeprom ac4a000.qcom,cci0:qcom,eeprom@0: Dropping the link to regulator.74
04-17 13:45:10.809080     0     0 I         : c4    950 qcom,eeprom ac4a000.qcom,cci0:qcom,eeprom@0: Dropping the link to regulator.77
04-17 13:45:10.812786     0     0 I         : c2    950 qcom,eeprom ac4a000.qcom,cci0:qcom,eeprom@0: Dropping the link to regulator.81
--------- switch to main
04-17 13:45:10.816969   950   950 E CamX    : [ERROR][SENSOR ] camxeepromdata.cpp:728 Checksum() data is corrupted from 3012 to 3048
--------- switch to kernel
04-17 13:45:10.815122     0     0 I         : c2    950 qcom_rpmh DRV:apps_rsc TCS Busy, retrying RPMH message send: addr=0x30010
--------- switch to system
04-17 13:45:10.821923  2594  2594 D SystemServerTiming: StartUsageService took to complete: 24ms
04-17 13:45:10.822075  2594  2594 I SystemServerTiming: StartWebViewUpdateService
04-17 13:45:10.822123  2594  2594 I SystemServiceManager: Starting com.android.server.webkit.WebViewUpdateService
--------- switch to kernel
04-17 13:45:10.821669     0     0 I         : c2    950 qcom,eeprom ac4b000.qcom,cci1:qcom,eeprom@2: Linked as a consumer to regulator.81
--------- switch to system
04-17 13:45:10.825292  2594  2594 D SystemServerTiming: StartWebViewUpdateService took to complete: 3ms
04-17 13:45:10.825328  2594  2594 I SystemServerTiming: StartCachedDeviceStateService
04-17 13:45:10.825361  2594  2594 I SystemServiceManager: Starting com.android.server.CachedDeviceStateService
04-17 13:45:10.825787  2594  2594 D SystemServerTiming: StartCachedDeviceStateService took to complete: 1ms
04-17 13:45:10.825815  2594  2594 I SystemServerTiming: StartBinderCallsStatsService
04-17 13:45:10.825843  2594  2594 I SystemServiceManager: Starting com.android.server.BinderCallsStatsService$LifeCycle
04-17 13:45:10.827208  2594  2594 D SystemServerTiming: StartBinderCallsStatsService took to complete: 1ms
04-17 13:45:10.827240  2594  2594 I SystemServerTiming: StartLooperStatsService
04-17 13:45:10.827269  2594  2594 I SystemServiceManager: Starting com.android.server.LooperStatsService$Lifecycle
04-17 13:45:10.828519  2594  2594 D SystemServerTiming: StartLooperStatsService took to complete: 1ms
04-17 13:45:10.828548  2594  2594 I SystemServerTiming: StartRollbackManagerService
04-17 13:45:10.828948  2594  2594 I SystemServiceManager: Starting com.android.server.rollback.RollbackManagerService
--------- switch to main
04-17 13:45:10.832213  1204  1238 D installd: Found quota mount /dev/block/dm-6 at /data
04-17 13:45:10.832312  1204  1238 D installd: Found quota mount /dev/block/dm-6 at /data/user/0
--------- switch to system
04-17 13:45:10.834685  2594  2594 I PackageWatchdog: Syncing state, reason: added new observer
04-17 13:45:10.834735  2594  2594 I PackageWatchdog: Not pruning observers, elapsed time: 0ms
04-17 13:45:10.837066  2594  2594 D SystemServerTiming: StartRollbackManagerService took to complete: 9ms
04-17 13:45:10.837104  2594  2594 I SystemServerTiming: StartNativeTombstoneManagerService
04-17 13:45:10.837131  2594  2594 I SystemServiceManager: Starting com.android.server.os.NativeTombstoneManagerService
04-17 13:45:10.838771  2594  2594 D SystemServerTiming: StartNativeTombstoneManagerService took to complete: 2ms
04-17 13:45:10.838808  2594  2594 I SystemServerTiming: StartBugreportManagerService
04-17 13:45:10.838838  2594  2594 I SystemServiceManager: Starting com.android.server.os.BugreportManagerService
04-17 13:45:10.840028  2594  2594 D SystemServerTiming: StartBugreportManagerService took to complete: 1ms
04-17 13:45:10.840057  2594  2594 I SystemServerTiming: GpuService
04-17 13:45:10.840086  2594  2594 I SystemServiceManager: Starting com.android.server.gpu.GpuService
04-17 13:45:10.840682  2594  2594 D SystemServerTiming: GpuService took to complete: 1ms
04-17 13:45:10.840720  2594  2594 D SystemServerTiming: startCoreServices took to complete: 75ms
04-17 13:45:10.840737  2594  2594 I SystemServerTiming: startOtherServices
04-17 13:45:10.841134  2594  2594 I SystemServerTiming: StartKeyAttestationApplicationIdProviderService
04-17 13:45:10.841521  2594  2730 I SystemServerTimingAsync: InitThreadPoolExec:SecondaryZygotePreload
04-17 13:45:10.841579  2594  2730 D SystemServerInitThreadPool: Started executing SecondaryZygotePreload
04-17 13:45:10.841644  2594  2730 I SystemServer: SecondaryZygotePreload
04-17 13:45:10.841672  2594  2730 I SystemServerTimingAsync: SecondaryZygotePreload
04-17 13:45:10.841919  2594  2594 D SystemServerTiming: StartKeyAttestationApplicationIdProviderService took to complete: 1ms
04-17 13:45:10.841950  2594  2594 I SystemServerTiming: StartKeyChainSystemService
04-17 13:45:10.842008  2594  2594 I SystemServiceManager: Starting com.android.server.security.KeyChainSystemService
04-17 13:45:10.843244  2594  2594 D SystemServerTiming: StartKeyChainSystemService took to complete: 1ms
04-17 13:45:10.843298  2594  2594 I SystemServerTiming: StartSchedulingPolicyService
--------- switch to main
04-17 13:45:10.844141   937   937 I Zygote  : Lazily preloading resources.
04-17 13:45:10.844217   937   937 D Zygote  : begin preload
04-17 13:45:10.844251   937   937 I Zygote  : Calling ZygoteHooks.beginPreload()
--------- switch to system
04-17 13:45:10.845342  2594  2731 I SystemServerTimingAsync: InitThreadPoolExec:SchedulingPolicyService.<init>
04-17 13:45:10.845387  2594  2731 D SystemServerInitThreadPool: Started executing SchedulingPolicyService.<init>
04-17 13:45:10.845648  2594  2594 D SystemServerTiming: StartSchedulingPolicyService took to complete: 3ms
04-17 13:45:10.845689  2594  2594 I SystemServerTiming: StartTelecomLoaderService
04-17 13:45:10.845760  2594  2594 I SystemServiceManager: Starting com.android.server.telecom.TelecomLoaderService
04-17 13:45:10.847879  2594  2594 D SystemServerTiming: StartTelecomLoaderService took to complete: 2ms
04-17 13:45:10.847954  2594  2594 I SystemServerTiming: StartTelephonyRegistry
--------- switch to main
04-17 13:45:10.849865  2594  2731 I SchedulingPolicyService: Moving 1243 back to group default
--------- switch to system
