04-17 04:58:24.850491   984  1089 W ASH     : @ 13034.530: touch gesture: no valid gesture detected
04-17 04:58:24.916025   984  1089 W ASH     : @ 13034.594: touch gesture: no valid gesture detected
04-17 04:58:24.981450   984  1089 W ASH     : @ 13034.658: touch gesture: no valid gesture detected
04-17 04:58:25.045472   984  1089 W ASH     : @ 13034.723: touch gesture: no valid gesture detected
04-17 04:58:25.109669   984  1089 W ASH     : @ 13034.787: touch gesture: no valid gesture detected
04-17 04:58:25.174120   984  1089 W ASH     : @ 13034.852: touch gesture: no valid gesture detected
04-17 04:58:25.238564   984  1089 W ASH     : @ 13034.916: touch gesture: no valid gesture detected
04-17 04:58:25.303512   984  1089 W ASH     : @ 13034.981: touch gesture: no valid gesture detected
04-17 04:58:25.367626   984  1089 W ASH     : @ 13035.045: touch gesture: no valid gesture detected
04-17 04:58:25.432004   984  1089 W ASH     : @ 13035.110: touch gesture: no valid gesture detected
04-17 04:58:25.496689   984  1089 W ASH     : @ 13035.174: touch gesture: no valid gesture detected
04-17 04:58:25.561337   984  1089 W ASH     : @ 13035.239: touch gesture: no valid gesture detected
04-17 04:58:25.625524   984  1089 W ASH     : @ 13035.303: touch gesture: no valid gesture detected
04-17 04:58:25.690100   984  1089 W ASH     : @ 13035.368: touch gesture: no valid gesture detected
04-17 04:58:25.754437   984  1089 W ASH     : @ 13035.432: touch gesture: no valid gesture detected
04-17 04:58:25.819045   984  1089 W ASH     : @ 13035.496: touch gesture: no valid gesture detected
04-17 04:58:25.883230   984  1089 W ASH     : @ 13035.561: touch gesture: no valid gesture detected
04-17 04:58:25.947780   984  1089 W ASH     : @ 13035.625: touch gesture: no valid gesture detected
04-17 04:58:26.012062   984  1089 W ASH     : @ 13035.690: touch gesture: no valid gesture detected
04-17 04:58:26.076486   984  1089 W ASH     : @ 13035.754: touch gesture: no valid gesture detected
04-17 04:58:26.140837   984  1089 W ASH     : @ 13035.819: touch gesture: no valid gesture detected
04-17 04:58:26.205267   984  1089 W ASH     : @ 13035.883: touch gesture: no valid gesture detected
04-17 04:58:26.269819   984  1089 W ASH     : @ 13035.947: touch gesture: no valid gesture detected
04-17 04:58:26.334060   984  1089 W ASH     : @ 13036.012: touch gesture: no valid gesture detected
04-17 04:58:26.398633   984  1089 W ASH     : @ 13036.076: touch gesture: no valid gesture detected
04-17 04:58:26.462990   984  1089 W ASH     : @ 13036.141: touch gesture: no valid gesture detected
04-17 04:58:26.527450   984  1089 W ASH     : @ 13036.205: touch gesture: no valid gesture detected
04-17 04:58:26.590044   984  1089 W ASH     : @ 13036.269: touch gesture: no valid gesture detected
04-17 04:58:26.655978   984  1089 W ASH     : @ 13036.334: touch gesture: no valid gesture detected
04-17 04:58:26.720659   984  1089 W ASH     : @ 13036.398: touch gesture: no valid gesture detected
04-17 04:58:26.784965   984  1089 W ASH     : @ 13036.463: touch gesture: no valid gesture detected
04-17 04:58:26.849395   984  1089 W ASH     : @ 13036.527: touch gesture: no valid gesture detected
04-17 04:58:26.914208   984  1089 W ASH     : @ 13036.591: touch gesture: no valid gesture detected
04-17 04:58:26.978092   984  1089 W ASH     : @ 13036.656: touch gesture: no valid gesture detected
04-17 04:58:27.042784   984  1089 W ASH     : @ 13036.720: touch gesture: no valid gesture detected
04-17 04:58:27.107041   984  1089 W ASH     : @ 13036.784: touch gesture: no valid gesture detected
04-17 04:58:27.171391   984  1089 W ASH     : @ 13036.849: touch gesture: no valid gesture detected
04-17 04:58:27.235851   984  1089 W ASH     : @ 13036.913: touch gesture: no valid gesture detected
04-17 04:58:27.299995   984  1089 W ASH     : @ 13036.978: touch gesture: no valid gesture detected
04-17 04:58:27.364612   984  1089 W ASH     : @ 13037.042: touch gesture: no valid gesture detected
04-17 04:58:27.428806   984  1089 W ASH     : @ 13037.106: touch gesture: no valid gesture detected
04-17 04:58:27.493406   984  1089 W ASH     : @ 13037.171: touch gesture: no valid gesture detected
04-17 04:58:27.558033   984  1089 W ASH     : @ 13037.235: touch gesture: no valid gesture detected
04-17 04:58:27.621857   984  1089 W ASH     : @ 13037.300: touch gesture: no valid gesture detected
04-17 04:58:27.686485   984  1089 W ASH     : @ 13037.364: touch gesture: no valid gesture detected
04-17 04:58:27.750713   984  1089 W ASH     : @ 13037.428: touch gesture: no valid gesture detected
04-17 04:58:27.815585   984  1089 W ASH     : @ 13037.493: touch gesture: no valid gesture detected
04-17 04:58:27.879916   984  1089 W ASH     : @ 13037.557: touch gesture: no valid gesture detected
04-17 04:58:27.944104   984  1089 W ASH     : @ 13037.622: touch gesture: no valid gesture detected
04-17 04:58:28.008550   984  1089 W ASH     : @ 13037.686: touch gesture: no valid gesture detected
04-17 04:58:28.073011   984  1089 W ASH     : @ 13037.750: touch gesture: no valid gesture detected
04-17 04:58:28.137498   984  1089 W ASH     : @ 13037.815: touch gesture: no valid gesture detected
04-17 04:58:28.201895   984  1089 W ASH     : @ 13037.879: touch gesture: no valid gesture detected
04-17 04:58:28.266218   984  1089 W ASH     : @ 13037.944: touch gesture: no valid gesture detected
04-17 04:58:28.330623   984  1089 W ASH     : @ 13038.008: touch gesture: no valid gesture detected
04-17 04:58:28.395494   984  1089 W ASH     : @ 13038.073: touch gesture: no valid gesture detected
04-17 04:58:28.459334   984  1089 W ASH     : @ 13038.137: touch gesture: no valid gesture detected
04-17 04:58:28.523945   984  1089 W ASH     : @ 13038.201: touch gesture: no valid gesture detected
04-17 04:58:28.588431   984  1089 W ASH     : @ 13038.266: touch gesture: no valid gesture detected
04-17 04:58:28.652766   984  1089 W ASH     : @ 13038.330: touch gesture: no valid gesture detected
04-17 04:58:28.717104   984  1089 W ASH     : @ 13038.394: touch gesture: no valid gesture detected
04-17 04:58:28.781674   984  1089 W ASH     : @ 13038.459: touch gesture: no valid gesture detected
04-17 04:58:28.846003   984  1089 W ASH     : @ 13038.523: touch gesture: no valid gesture detected
04-17 04:58:28.910369   984  1089 W ASH     : @ 13038.588: touch gesture: no valid gesture detected
04-17 04:58:28.974786   984  1089 W ASH     : @ 13038.652: touch gesture: no valid gesture detected
04-17 04:58:29.039446   984  1089 W ASH     : @ 13038.717: touch gesture: no valid gesture detected
04-17 04:58:29.103931   984  1089 W ASH     : @ 13038.781: touch gesture: no valid gesture detected
04-17 04:58:29.168446   984  1089 W ASH     : @ 13038.846: touch gesture: no valid gesture detected
04-17 04:58:29.232856   984  1089 W ASH     : @ 13038.910: touch gesture: no valid gesture detected
04-17 04:58:29.297055   984  1089 W ASH     : @ 13038.975: touch gesture: no valid gesture detected
04-17 04:58:29.361752   984  1089 W ASH     : @ 13039.039: touch gesture: no valid gesture detected
04-17 04:58:29.426170   984  1089 W ASH     : @ 13039.104: touch gesture: no valid gesture detected
04-17 04:58:29.490834   984  1089 W ASH     : @ 13039.168: touch gesture: no valid gesture detected
04-17 04:58:29.555317   984  1089 W ASH     : @ 13039.233: touch gesture: no valid gesture detected
04-17 04:58:29.619580   984  1089 W ASH     : @ 13039.297: touch gesture: no valid gesture detected
04-17 04:58:29.683919   984  1089 W ASH     : @ 13039.362: touch gesture: no valid gesture detected
04-17 04:58:29.748525   984  1089 W ASH     : @ 13039.426: touch gesture: no valid gesture detected
04-17 04:58:29.812943   984  1089 W ASH     : @ 13039.491: touch gesture: no valid gesture detected
04-17 04:58:29.877558   984  1089 W ASH     : @ 13039.555: touch gesture: no valid gesture detected
04-17 04:58:29.941870   984  1089 W ASH     : @ 13039.620: touch gesture: no valid gesture detected
04-17 04:58:30.006625   984  1089 W ASH     : @ 13039.684: touch gesture: no valid gesture detected
04-17 04:58:30.053651   990  1023 D rlsservice: MonitorDisplayStatus client num 0, display status 0, sensor status 0
04-17 04:58:30.070987   984  1089 W ASH     : @ 13039.749: touch gesture: no valid gesture detected
04-17 04:58:30.135597   984  1089 W ASH     : @ 13039.813: touch gesture: no valid gesture detected
04-17 04:58:30.200027   984  1089 W ASH     : @ 13039.878: touch gesture: no valid gesture detected
04-17 04:58:30.263347   984  1089 W ASH     : @ 13039.942: touch gesture: no valid gesture detected
04-17 04:58:30.329109   984  1089 W ASH     : @ 13040.007: touch gesture: no valid gesture detected
04-17 04:58:30.393653   984  1089 W ASH     : @ 13040.071: touch gesture: no valid gesture detected
04-17 04:58:30.458224   984  1089 W ASH     : @ 13040.136: touch gesture: no valid gesture detected
04-17 04:58:30.522589   984  1089 W ASH     : @ 13040.200: touch gesture: no valid gesture detected
04-17 04:58:30.587014   984  1089 W ASH     : @ 13040.264: touch gesture: no valid gesture detected
04-17 04:58:30.651578   984  1089 W ASH     : @ 13040.329: touch gesture: no valid gesture detected
04-17 04:58:30.715937   984  1089 W ASH     : @ 13040.393: touch gesture: no valid gesture detected
04-17 04:58:30.780597   984  1089 W ASH     : @ 13040.458: touch gesture: no valid gesture detected
04-17 04:58:30.843483   984  1089 W ASH     : @ 13040.522: touch gesture: no valid gesture detected
04-17 04:58:30.909680   984  1089 W ASH     : @ 13040.587: touch gesture: no valid gesture detected
--------- switch to kernel
04-17 04:58:30.937396     0     0 W         : c0    973 healthd: battery l=100 v=4447 t=22.8 h=2 st=2 c=104065 fc=3349000 cc=353 chg=u
--------- switch to main
04-17 04:58:30.972114   984  1089 W ASH     : @ 13040.651: touch gesture: no valid gesture detected
--------- switch to kernel
04-17 04:58:31.005095     0     0 I         : c5   5409 qcom_rpmh DRV:apps_rsc TCS Busy, retrying RPMH message send: addr=0x30090
04-17 04:58:31.005139     0     0 I         : c5   5409 qcom_rpmh DRV:apps_rsc TCS Busy, retrying RPMH message send: addr=0x30090
04-17 04:58:31.005163     0     0 I         : c5   5409 qcom_rpmh DRV:apps_rsc TCS Busy, retrying RPMH message send: addr=0x30090
04-17 04:58:31.005187     0     0 I         : c5   5409 qcom_rpmh DRV:apps_rsc TCS Busy, retrying RPMH message send: addr=0x30090
04-17 04:58:31.005210     0     0 I         : c5   5409 qcom_rpmh DRV:apps_rsc TCS Busy, retrying RPMH message send: addr=0x30090
--------- switch to main
04-17 04:58:31.037238   984  1089 W ASH     : @ 13040.716: touch gesture: no valid gesture detected
04-17 04:58:31.102901   984  1089 W ASH     : @ 13040.780: touch gesture: no valid gesture detected
04-17 04:58:31.167573   984  1089 W ASH     : @ 13040.845: touch gesture: no valid gesture detected
04-17 04:58:31.232014   984  1089 W ASH     : @ 13040.909: touch gesture: no valid gesture detected
04-17 04:58:31.296395   984  1089 W ASH     : @ 13040.974: touch gesture: no valid gesture detected
04-17 04:58:31.360986   984  1089 W ASH     : @ 13041.038: touch gesture: no valid gesture detected
04-17 04:58:31.425846   984  1089 W ASH     : @ 13041.103: touch gesture: no valid gesture detected
04-17 04:58:31.489938   984  1089 W ASH     : @ 13041.167: touch gesture: no valid gesture detected
04-17 04:58:31.554212   984  1089 W ASH     : @ 13041.232: touch gesture: no valid gesture detected
04-17 04:58:31.619068   984  1089 W ASH     : @ 13041.296: touch gesture: no valid gesture detected
04-17 04:58:31.682556   984  1089 W ASH     : @ 13041.361: touch gesture: no valid gesture detected
04-17 04:58:31.748269   984  1089 W ASH     : @ 13041.425: touch gesture: no valid gesture detected
04-17 04:58:31.812448   984  1089 W ASH     : @ 13041.490: touch gesture: no valid gesture detected
04-17 04:58:31.876839   984  1089 W ASH     : @ 13041.554: touch gesture: no valid gesture detected
04-17 04:58:31.941077   984  1089 W ASH     : @ 13041.619: touch gesture: no valid gesture detected
04-17 04:58:32.005726   984  1089 W ASH     : @ 13041.683: touch gesture: no valid gesture detected
04-17 04:58:32.070194   984  1089 W ASH     : @ 13041.748: touch gesture: no valid gesture detected
04-17 04:58:32.134419   984  1089 W ASH     : @ 13041.812: touch gesture: no valid gesture detected
04-17 04:58:32.199152   984  1089 W ASH     : @ 13041.876: touch gesture: no valid gesture detected
04-17 04:58:32.263520   984  1089 W ASH     : @ 13041.941: touch gesture: no valid gesture detected
04-17 04:58:32.327779   984  1089 W ASH     : @ 13042.005: touch gesture: no valid gesture detected
04-17 04:58:32.392533   984  1089 W ASH     : @ 13042.070: touch gesture: no valid gesture detected
04-17 04:58:32.456887   984  1089 W ASH     : @ 13042.134: touch gesture: no valid gesture detected
04-17 04:58:32.521320   984  1089 W ASH     : @ 13042.199: touch gesture: no valid gesture detected
04-17 04:58:32.585413   984  1089 W ASH     : @ 13042.263: touch gesture: no valid gesture detected
04-17 04:58:32.650511   984  1089 W ASH     : @ 13042.328: touch gesture: no valid gesture detected
04-17 04:58:32.714982   984  1089 W ASH     : @ 13042.392: touch gesture: no valid gesture detected
04-17 04:58:32.779321   984  1089 W ASH     : @ 13042.457: touch gesture: no valid gesture detected
04-17 04:58:32.844055   984  1089 W ASH     : @ 13042.521: touch gesture: no valid gesture detected
04-17 04:58:32.908348   984  1089 W ASH     : @ 13042.586: touch gesture: no valid gesture detected
04-17 04:58:32.972833   984  1089 W ASH     : @ 13042.650: touch gesture: no valid gesture detected
04-17 04:58:33.037201   984  1089 W ASH     : @ 13042.715: touch gesture: no valid gesture detected
04-17 04:58:33.101742   984  1089 W ASH     : @ 13042.779: touch gesture: no valid gesture detected
04-17 04:58:33.166184   984  1089 W ASH     : @ 13042.844: touch gesture: no valid gesture detected
04-17 04:58:33.230766   984  1089 W ASH     : @ 13042.908: touch gesture: no valid gesture detected
04-17 04:58:33.295427   984  1089 W ASH     : @ 13042.973: touch gesture: no valid gesture detected
04-17 04:58:33.359984   984  1089 W ASH     : @ 13043.037: touch gesture: no valid gesture detected
04-17 04:58:33.424627   984  1089 W ASH     : @ 13043.102: touch gesture: no valid gesture detected
04-17 04:58:33.488721   984  1089 W ASH     : @ 13043.166: touch gesture: no valid gesture detected
04-17 04:58:33.553360   984  1089 W ASH     : @ 13043.231: touch gesture: no valid gesture detected
04-17 04:58:33.616852   984  1089 W ASH     : @ 13043.295: touch gesture: no valid gesture detected
04-17 04:58:33.682285   984  1089 W ASH     : @ 13043.360: touch gesture: no valid gesture detected
04-17 04:58:33.746843   984  1089 W ASH     : @ 13043.424: touch gesture: no valid gesture detected
04-17 04:58:33.811471   984  1089 W ASH     : @ 13043.489: touch gesture: no valid gesture detected
04-17 04:58:33.875439   984  1089 W ASH     : @ 13043.553: touch gesture: no valid gesture detected
04-17 04:58:33.940078   984  1089 W ASH     : @ 13043.618: touch gesture: no valid gesture detected
04-17 04:58:34.004457   984  1089 W ASH     : @ 13043.682: touch gesture: no valid gesture detected
04-17 04:58:34.068833   984  1089 W ASH     : @ 13043.747: touch gesture: no valid gesture detected
04-17 04:58:34.133584   984  1089 W ASH     : @ 13043.811: touch gesture: no valid gesture detected
04-17 04:58:34.197788   984  1089 W ASH     : @ 13043.876: touch gesture: no valid gesture detected
04-17 04:58:34.261979   984  1089 W ASH     : @ 13043.939: touch gesture: no valid gesture detected
04-17 04:58:34.326779   984  1089 W ASH     : @ 13044.004: touch gesture: no valid gesture detected
04-17 04:58:34.391510   984  1089 W ASH     : @ 13044.069: touch gesture: no valid gesture detected
04-17 04:58:34.455501   984  1089 W ASH     : @ 13044.133: touch gesture: no valid gesture detected
04-17 04:58:34.520550   984  1089 W ASH     : @ 13044.198: touch gesture: no valid gesture detected
04-17 04:58:34.584954   984  1089 W ASH     : @ 13044.262: touch gesture: no valid gesture detected
04-17 04:58:34.649001   984  1089 W ASH     : @ 13044.327: touch gesture: no valid gesture detected
04-17 04:58:34.711964   984  1089 W ASH     : @ 13044.391: touch gesture: no valid gesture detected
04-17 04:58:34.778219   984  1089 W ASH     : @ 13044.456: touch gesture: no valid gesture detected
04-17 04:58:34.842630   984  1089 W ASH     : @ 13044.520: touch gesture: no valid gesture detected
04-17 04:58:34.907216   984  1089 W ASH     : @ 13044.585: touch gesture: no valid gesture detected
04-17 04:58:34.971668   984  1089 W ASH     : @ 13044.649: touch gesture: no valid gesture detected
04-17 04:58:35.036160   984  1089 W ASH     : @ 13044.714: touch gesture: no valid gesture detected
04-17 04:58:35.100700   984  1089 W ASH     : @ 13044.778: touch gesture: no valid gesture detected
04-17 04:58:35.165518   984  1089 W ASH     : @ 13044.843: touch gesture: no valid gesture detected
04-17 04:58:35.229870   984  1089 W ASH     : @ 13044.907: touch gesture: no valid gesture detected
04-17 04:58:35.294087   984  1089 W ASH     : @ 13044.972: touch gesture: no valid gesture detected
04-17 04:58:35.358857   984  1089 W ASH     : @ 13045.036: touch gesture: no valid gesture detected
04-17 04:58:35.423119   984  1089 W ASH     : @ 13045.101: touch gesture: no valid gesture detected
04-17 04:58:35.487649   984  1089 W ASH     : @ 13045.165: touch gesture: no valid gesture detected
04-17 04:58:35.552118   984  1089 W ASH     : @ 13045.230: touch gesture: no valid gesture detected
04-17 04:58:35.616787   984  1089 W ASH     : @ 13045.294: touch gesture: no valid gesture detected
04-17 04:58:35.681536   984  1089 W ASH     : @ 13045.359: touch gesture: no valid gesture detected
04-17 04:58:35.745430   984  1089 W ASH     : @ 13045.423: touch gesture: no valid gesture detected
04-17 04:58:35.810260   984  1089 W ASH     : @ 13045.488: touch gesture: no valid gesture detected
04-17 04:58:35.874708   984  1089 W ASH     : @ 13045.552: touch gesture: no valid gesture detected
04-17 04:58:35.938922   984  1089 W ASH     : @ 13045.616: touch gesture: no valid gesture detected
04-17 04:58:36.003548   984  1089 W ASH     : @ 13045.681: touch gesture: no valid gesture detected
04-17 04:58:36.068228   984  1089 W ASH     : @ 13045.745: touch gesture: no valid gesture detected
04-17 04:58:36.132321   984  1089 W ASH     : @ 13045.810: touch gesture: no valid gesture detected
04-17 04:58:36.196681   984  1089 W ASH     : @ 13045.874: touch gesture: no valid gesture detected
04-17 04:58:36.261094   984  1089 W ASH     : @ 13045.939: touch gesture: no valid gesture detected
04-17 04:58:36.325510   984  1089 W ASH     : @ 13046.003: touch gesture: no valid gesture detected
04-17 04:58:36.390189   984  1089 W ASH     : @ 13046.067: touch gesture: no valid gesture detected
04-17 04:58:36.454740   984  1089 W ASH     : @ 13046.132: touch gesture: no valid gesture detected
04-17 04:58:36.518980   984  1089 W ASH     : @ 13046.196: touch gesture: no valid gesture detected
04-17 04:58:36.583490   984  1089 W ASH     : @ 13046.261: touch gesture: no valid gesture detected
04-17 04:58:36.647499   984  1089 W ASH     : @ 13046.325: touch gesture: no valid gesture detected
--------- switch to kernel
04-17 04:58:36.675263     0     0 I         : c5   5409 qcom_rpmh DRV:apps_rsc TCS Busy, retrying RPMH message send: addr=0x30000
--------- switch to main
04-17 04:58:36.710935   984  1089 W ASH     : @ 13046.390: touch gesture: no valid gesture detected
04-17 04:58:36.776475   984  1089 W ASH     : @ 13046.454: touch gesture: no valid gesture detected
04-17 04:58:36.841280   984  1089 W ASH     : @ 13046.519: touch gesture: no valid gesture detected
04-17 04:58:36.905817   984  1089 W ASH     : @ 13046.583: touch gesture: no valid gesture detected
04-17 04:58:36.970154   984  1089 W ASH     : @ 13046.648: touch gesture: no valid gesture detected
04-17 04:58:37.035008   984  1089 W ASH     : @ 13046.712: touch gesture: no valid gesture detected
04-17 04:58:37.099169   984  1089 W ASH     : @ 13046.777: touch gesture: no valid gesture detected
04-17 04:58:37.163765   984  1089 W ASH     : @ 13046.841: touch gesture: no valid gesture detected
04-17 04:58:37.228160   984  1089 W ASH     : @ 13046.906: touch gesture: no valid gesture detected
04-17 04:58:37.292456   984  1089 W ASH     : @ 13046.970: touch gesture: no valid gesture detected
04-17 04:58:37.357309   984  1089 W ASH     : @ 13047.034: touch gesture: no valid gesture detected
04-17 04:58:37.421520   984  1089 W ASH     : @ 13047.099: touch gesture: no valid gesture detected
04-17 04:58:37.485862   984  1089 W ASH     : @ 13047.163: touch gesture: no valid gesture detected
04-17 04:58:37.550656   984  1089 W ASH     : @ 13047.228: touch gesture: no valid gesture detected
04-17 04:58:37.614755   984  1089 W ASH     : @ 13047.292: touch gesture: no valid gesture detected
04-17 04:58:37.679475   984  1089 W ASH     : @ 13047.357: touch gesture: no valid gesture detected
04-17 04:58:37.743766   984  1089 W ASH     : @ 13047.421: touch gesture: no valid gesture detected
04-17 04:58:37.808603   984  1089 W ASH     : @ 13047.486: touch gesture: no valid gesture detected
04-17 04:58:37.872818   984  1089 W ASH     : @ 13047.550: touch gesture: no valid gesture detected
04-17 04:58:37.936920   984  1089 W ASH     : @ 13047.615: touch gesture: no valid gesture detected
04-17 04:58:38.001633   984  1089 W ASH     : @ 13047.679: touch gesture: no valid gesture detected
04-17 04:58:38.066039   984  1089 W ASH     : @ 13047.743: touch gesture: no valid gesture detected
04-17 04:58:38.129626   984  1089 W ASH     : @ 13047.808: touch gesture: no valid gesture detected
04-17 04:58:38.195151   984  1089 W ASH     : @ 13047.872: touch gesture: no valid gesture detected
04-17 04:58:38.259498   984  1089 W ASH     : @ 13047.937: touch gesture: no valid gesture detected
04-17 04:58:38.323781   984  1089 W ASH     : @ 13048.001: touch gesture: no valid gesture detected
04-17 04:58:38.388244   984  1089 W ASH     : @ 13048.066: touch gesture: no valid gesture detected
04-17 04:58:38.452546   984  1089 W ASH     : @ 13048.130: touch gesture: no valid gesture detected
04-17 04:58:38.516949   984  1089 W ASH     : @ 13048.195: touch gesture: no valid gesture detected
04-17 04:58:38.581585   984  1089 W ASH     : @ 13048.259: touch gesture: no valid gesture detected
04-17 04:58:38.645703   984  1089 W ASH     : @ 13048.323: touch gesture: no valid gesture detected
04-17 04:58:38.710353   984  1089 W ASH     : @ 13048.388: touch gesture: no valid gesture detected
--------- switch to kernel
04-17 04:58:38.747158     0     0 I         : c5   5330 google_charger: usbchg=USB typec=C usbv=5011 usbc=59 usbMv=5000 usbMc=450
04-17 04:58:38.747344     0     0 I         : c5   5330 sm7250_bms: MSC_PCS chg_state=1c2116003010005 [0x5:3:1:4448:450] chg=u
04-17 04:58:38.747405     0     0 I         : c5   5330 google_battery: MSC_DIN chg_state=1c2116003010005 f=0x5 chg_s=Charging chg_t=Fast vchg=4448 icl=450
04-17 04:58:38.748529     0     0 I         : c5   5330 google_battery: MSC_LAST vbatt=4448817 ibatt=-107727 fv_uv=4450000
04-17 04:58:38.748553     0     0 I         : c5   5330 google_battery: hold not defined for msc_state=7
04-17 04:58:38.748607     0     0 I         : c5   5330 google_battery: MSC_VOTE msc_state=7 cv_cnt=0 ov_cnt=0 temp_idx:2, vbatt_idx:5  fv_uv=4450000 cc_max=120000 update_interval=30000
04-17 04:58:38.748690     0     0 I         : c5   5330 google_charger: MSC_CHG fv_uv=4450000, cc_max=120000, rerun in 30000 ms (0)
--------- switch to main
04-17 04:58:38.773458   984  1089 W ASH     : @ 13048.452: touch gesture: no valid gesture detected
04-17 04:58:38.839445   984  1089 W ASH     : @ 13048.517: touch gesture: no valid gesture detected
04-17 04:58:38.903474   984  1089 W ASH     : @ 13048.581: touch gesture: no valid gesture detected
04-17 04:58:38.968245   984  1089 W ASH     : @ 13048.646: touch gesture: no valid gesture detected
04-17 04:58:39.032417   984  1089 W ASH     : @ 13048.710: touch gesture: no valid gesture detected
04-17 04:58:39.097057   984  1089 W ASH     : @ 13048.774: touch gesture: no valid gesture detected
04-17 04:58:39.161747   984  1089 W ASH     : @ 13048.839: touch gesture: no valid gesture detected
04-17 04:58:39.226183   984  1089 W ASH     : @ 13048.903: touch gesture: no valid gesture detected
04-17 04:58:39.290431   984  1089 W ASH     : @ 13048.968: touch gesture: no valid gesture detected
04-17 04:58:39.354781   984  1089 W ASH     : @ 13049.032: touch gesture: no valid gesture detected
04-17 04:58:39.419179   984  1089 W ASH     : @ 13049.097: touch gesture: no valid gesture detected
04-17 04:58:39.483631   984  1089 W ASH     : @ 13049.161: touch gesture: no valid gesture detected
04-17 04:58:39.547740   984  1089 W ASH     : @ 13049.225: touch gesture: no valid gesture detected
04-17 04:58:39.612129   984  1089 W ASH     : @ 13049.290: touch gesture: no valid gesture detected
04-17 04:58:39.676519   984  1089 W ASH     : @ 13049.354: touch gesture: no valid gesture detected
04-17 04:58:39.741465   984  1089 W ASH     : @ 13049.419: touch gesture: no valid gesture detected
04-17 04:58:39.804631   984  1089 W ASH     : @ 13049.483: touch gesture: no valid gesture detected
04-17 04:58:39.870306   984  1089 W ASH     : @ 13049.547: touch gesture: no valid gesture detected
04-17 04:58:39.934794   984  1089 W ASH     : @ 13049.612: touch gesture: no valid gesture detected
04-17 04:58:39.998819   984  1089 W ASH     : @ 13049.676: touch gesture: no valid gesture detected
04-17 04:58:40.063020   984  1089 W ASH     : @ 13049.741: touch gesture: no valid gesture detected
04-17 04:58:40.126662   984  1089 W ASH     : @ 13049.805: touch gesture: no valid gesture detected
04-17 04:58:40.192010   984  1089 W ASH     : @ 13049.869: touch gesture: no valid gesture detected
04-17 04:58:40.256254   984  1089 W ASH     : @ 13049.934: touch gesture: no valid gesture detected
04-17 04:58:40.320654   984  1089 W ASH     : @ 13049.998: touch gesture: no valid gesture detected
04-17 04:58:40.384954   984  1089 W ASH     : @ 13050.063: touch gesture: no valid gesture detected
04-17 04:58:40.449638   984  1089 W ASH     : @ 13050.127: touch gesture: no valid gesture detected
04-17 04:58:40.514214   984  1089 W ASH     : @ 13050.192: touch gesture: no valid gesture detected
04-17 04:58:40.577025   984  1089 W ASH     : @ 13050.256: touch gesture: no valid gesture detected
04-17 04:58:40.642808   984  1089 W ASH     : @ 13050.320: touch gesture: no valid gesture detected
04-17 04:58:40.707378   984  1089 W ASH     : @ 13050.385: touch gesture: no valid gesture detected
04-17 04:58:40.771802   984  1089 W ASH     : @ 13050.449: touch gesture: no valid gesture detected
04-17 04:58:40.836092   984  1089 W ASH     : @ 13050.514: touch gesture: no valid gesture detected
04-17 04:58:40.900231   984  1089 W ASH     : @ 13050.578: touch gesture: no valid gesture detected
04-17 04:58:40.964868   984  1089 W ASH     : @ 13050.642: touch gesture: no valid gesture detected
04-17 04:58:41.029086   984  1089 W ASH     : @ 13050.707: touch gesture: no valid gesture detected
04-17 04:58:41.093679   984  1089 W ASH     : @ 13050.771: touch gesture: no valid gesture detected
04-17 04:58:41.158010   984  1089 W ASH     : @ 13050.836: touch gesture: no valid gesture detected
04-17 04:58:41.222493   984  1089 W ASH     : @ 13050.900: touch gesture: no valid gesture detected
04-17 04:58:41.286615   984  1089 W ASH     : @ 13050.964: touch gesture: no valid gesture detected
04-17 04:58:41.351438   984  1089 W ASH     : @ 13051.029: touch gesture: no valid gesture detected
04-17 04:58:41.415825   984  1089 W ASH     : @ 13051.093: touch gesture: no valid gesture detected
04-17 04:58:41.479903   984  1089 W ASH     : @ 13051.158: touch gesture: no valid gesture detected
04-17 04:58:41.544444   984  1089 W ASH     : @ 13051.222: touch gesture: no valid gesture detected
04-17 04:58:41.608904   984  1089 W ASH     : @ 13051.286: touch gesture: no valid gesture detected
04-17 04:58:41.673337   984  1089 W ASH     : @ 13051.351: touch gesture: no valid gesture detected
04-17 04:58:41.737745   984  1089 W ASH     : @ 13051.415: touch gesture: no valid gesture detected
04-17 04:58:41.802155   984  1089 W ASH     : @ 13051.480: touch gesture: no valid gesture detected
04-17 04:58:41.866181   984  1089 W ASH     : @ 13051.544: touch gesture: no valid gesture detected
04-17 04:58:41.930663   984  1089 W ASH     : @ 13051.608: touch gesture: no valid gesture detected
04-17 04:58:41.995495   984  1089 W ASH     : @ 13051.673: touch gesture: no valid gesture detected
04-17 04:58:42.059827   984  1089 W ASH     : @ 13051.737: touch gesture: no valid gesture detected
04-17 04:58:42.124131   984  1089 W ASH     : @ 13051.801: touch gesture: no valid gesture detected
04-17 04:58:42.188560   984  1089 W ASH     : @ 13051.866: touch gesture: no valid gesture detected
04-17 04:58:42.252624   984  1089 W ASH     : @ 13051.930: touch gesture: no valid gesture detected
04-17 04:58:42.316922   984  1089 W ASH     : @ 13051.995: touch gesture: no valid gesture detected
04-17 04:58:42.381285   984  1089 W ASH     : @ 13052.059: touch gesture: no valid gesture detected
04-17 04:58:42.445791   984  1089 W ASH     : @ 13052.123: touch gesture: no valid gesture detected
04-17 04:58:42.510085   984  1089 W ASH     : @ 13052.188: touch gesture: no valid gesture detected
04-17 04:58:42.574647   984  1089 W ASH     : @ 13052.252: touch gesture: no valid gesture detected
04-17 04:58:42.638964   984  1089 W ASH     : @ 13052.316: touch gesture: no valid gesture detected
04-17 04:58:42.703113   984  1089 W ASH     : @ 13052.381: touch gesture: no valid gesture detected
04-17 04:58:42.767965   984  1089 W ASH     : @ 13052.445: touch gesture: no valid gesture detected
04-17 04:58:42.832282   984  1089 W ASH     : @ 13052.509: touch gesture: no valid gesture detected
04-17 04:58:42.896031   984  1089 W ASH     : @ 13052.574: touch gesture: no valid gesture detected
04-17 04:58:42.960781   984  1089 W ASH     : @ 13052.638: touch gesture: no valid gesture detected
04-17 04:58:43.025549   984  1089 W ASH     : @ 13052.703: touch gesture: no valid gesture detected
04-17 04:58:43.089321   984  1089 W ASH     : @ 13052.767: touch gesture: no valid gesture detected
04-17 04:58:43.153812   984  1089 W ASH     : @ 13052.831: touch gesture: no valid gesture detected
04-17 04:58:43.217347   984  1089 W ASH     : @ 13052.896: touch gesture: no valid gesture detected
04-17 04:58:43.282433   984  1089 W ASH     : @ 13052.960: touch gesture: no valid gesture detected
04-17 04:58:43.346898   984  1089 W ASH     : @ 13053.024: touch gesture: no valid gesture detected
04-17 04:58:43.411375   984  1089 W ASH     : @ 13053.089: touch gesture: no valid gesture detected
04-17 04:58:43.475625   984  1089 W ASH     : @ 13053.153: touch gesture: no valid gesture detected
04-17 04:58:43.540089   984  1089 W ASH     : @ 13053.218: touch gesture: no valid gesture detected
04-17 04:58:43.604307   984  1089 W ASH     : @ 13053.282: touch gesture: no valid gesture detected
04-17 04:58:43.668720   984  1089 W ASH     : @ 13053.346: touch gesture: no valid gesture detected
04-17 04:58:43.733260   984  1089 W ASH     : @ 13053.411: touch gesture: no valid gesture detected
04-17 04:58:43.797552   984  1089 W ASH     : @ 13053.475: touch gesture: no valid gesture detected
04-17 04:58:43.861802   984  1089 W ASH     : @ 13053.539: touch gesture: no valid gesture detected
04-17 04:58:43.926373   984  1089 W ASH     : @ 13053.604: touch gesture: no valid gesture detected
04-17 04:58:43.990752   984  1089 W ASH     : @ 13053.668: touch gesture: no valid gesture detected
04-17 04:58:44.055214   984  1089 W ASH     : @ 13053.732: touch gesture: no valid gesture detected
04-17 04:58:44.119246   984  1089 W ASH     : @ 13053.797: touch gesture: no valid gesture detected
04-17 04:58:44.183608   984  1089 W ASH     : @ 13053.861: touch gesture: no valid gesture detected
04-17 04:58:44.248037   984  1089 W ASH     : @ 13053.926: touch gesture: no valid gesture detected
04-17 04:58:44.312759   984  1089 W ASH     : @ 13053.990: touch gesture: no valid gesture detected
04-17 04:58:44.376690   984  1089 W ASH     : @ 13054.054: touch gesture: no valid gesture detected
04-17 04:58:44.441573   984  1089 W ASH     : @ 13054.119: touch gesture: no valid gesture detected
04-17 04:58:44.505740   984  1089 W ASH     : @ 13054.183: touch gesture: no valid gesture detected
04-17 04:58:44.569820   984  1089 W ASH     : @ 13054.247: touch gesture: no valid gesture detected
04-17 04:58:44.634866   984  1089 W ASH     : @ 13054.312: touch gesture: no valid gesture detected
04-17 04:58:44.698880   984  1089 W ASH     : @ 13054.376: touch gesture: no valid gesture detected
04-17 04:58:44.763227   984  1089 W ASH     : @ 13054.440: touch gesture: no valid gesture detected
04-17 04:58:44.827960   984  1089 W ASH     : @ 13054.505: touch gesture: no valid gesture detected
04-17 04:58:44.892239   984  1089 W ASH     : @ 13054.570: touch gesture: no valid gesture detected
04-17 04:58:44.956510   984  1089 W ASH     : @ 13054.634: touch gesture: no valid gesture detected
04-17 04:58:45.021078   984  1089 W ASH     : @ 13054.699: touch gesture: no valid gesture detected
04-17 04:58:45.085873   984  1089 W ASH     : @ 13054.763: touch gesture: no valid gesture detected
04-17 04:58:45.149734   984  1089 W ASH     : @ 13054.827: touch gesture: no valid gesture detected
04-17 04:58:45.214229   984  1089 W ASH     : @ 13054.892: touch gesture: no valid gesture detected
04-17 04:58:45.278632   984  1089 W ASH     : @ 13054.956: touch gesture: no valid gesture detected
04-17 04:58:45.343035   984  1089 W ASH     : @ 13055.021: touch gesture: no valid gesture detected
04-17 04:58:45.407404   984  1089 W ASH     : @ 13055.085: touch gesture: no valid gesture detected
04-17 04:58:45.471833   984  1089 W ASH     : @ 13055.149: touch gesture: no valid gesture detected
04-17 04:58:45.535962   984  1089 W ASH     : @ 13055.214: touch gesture: no valid gesture detected
04-17 04:58:45.600706   984  1089 W ASH     : @ 13055.278: touch gesture: no valid gesture detected
04-17 04:58:45.665012   984  1089 W ASH     : @ 13055.342: touch gesture: no valid gesture detected
04-17 04:58:45.729240   984  1089 W ASH     : @ 13055.407: touch gesture: no valid gesture detected
04-17 04:58:45.793759   984  1089 W ASH     : @ 13055.471: touch gesture: no valid gesture detected
04-17 04:58:45.858242   984  1089 W ASH     : @ 13055.536: touch gesture: no valid gesture detected
04-17 04:58:45.922750   984  1089 W ASH     : @ 13055.600: touch gesture: no valid gesture detected
04-17 04:58:45.986802   984  1089 W ASH     : @ 13055.664: touch gesture: no valid gesture detected
04-17 04:58:46.051447   984  1089 W ASH     : @ 13055.729: touch gesture: no valid gesture detected
04-17 04:58:46.115903   984  1089 W ASH     : @ 13055.793: touch gesture: no valid gesture detected
04-17 04:58:46.147956   960   960 D vendor.qti.bluetooth@1.0-uart_transport: SocRxDWakeup: Flow off->Change UART baudrate to 38.4kbs->send 0x00->Change UART baudrate to max->Flow on
04-17 04:58:46.148291   960   960 I vendor.qti.bluetooth@1.0-uart_transport: ## userial_vendor_ioctl: UART Flow Off 
--------- switch to kernel
04-17 04:58:46.147241     0     0 I         : c0    960 msm_geni_serial 894000.qcom,qup_uart: msm_geni_serial_set_termios: Start
04-17 04:58:46.148731     0     0 I         : c2    960 msm_geni_serial 894000.qcom,qup_uart: msm_geni_serial_set_termios: geni_se_clk_freq_match
04-17 04:58:46.148936     0     0 I         : c2    960 msm_geni_serial 894000.qcom,qup_uart: msm_geni_serial_set_termios: check parity
04-17 04:58:46.148971     0     0 I         : c2    960 msm_geni_serial 894000.qcom,qup_uart: msm_geni_serial_set_termios: geni_serial_write_term_regs
04-17 04:58:46.149045     0     0 I         : c2    960 msm_geni_serial 894000.qcom,qup_uart: msm_geni_serial_set_termios: End
04-17 04:58:46.150271     0     0 I         : c2    960 msm_geni_serial 894000.qcom,qup_uart: msm_geni_serial_set_termios: Start
--------- switch to main
04-17 04:58:46.151362   960   960 I vendor.qti.bluetooth@1.0-uart_transport: ## userial_vendor_set_baud: 17
--------- switch to kernel
04-17 04:58:46.159710     0     0 I         : c1    960 msm_geni_serial 894000.qcom,qup_uart: msm_geni_serial_set_termios: geni_se_clk_freq_match
04-17 04:58:46.160766     0     0 I         : c1    960 msm_geni_serial 894000.qcom,qup_uart: msm_geni_serial_set_termios: check parity
04-17 04:58:46.160822     0     0 I         : c1    960 msm_geni_serial 894000.qcom,qup_uart: msm_geni_serial_set_termios: geni_serial_write_term_regs
04-17 04:58:46.160918     0     0 I         : c1    960 msm_geni_serial 894000.qcom,qup_uart: msm_geni_serial_set_termios: End
--------- switch to main
04-17 04:58:46.162382   960   960 I vendor.qti.bluetooth@1.0-uart_transport: SetBaudRate: in BOTHER
04-17 04:58:46.162565   960   960 I vendor.qti.bluetooth@1.0-uart_transport: ## userial_vendor_ioctl: UART Flow On 
04-17 04:58:46.164127   960  3561 I vendor.qti.bluetooth@1.0-ibs_handler: ProcessIbsCmd: Received IBS_WAKE_ACK: 0xFC
04-17 04:58:46.164231   960  3561 I vendor.qti.bluetooth@1.0-ibs_handler: ProcessIbsCmd: Signal wack_cond_
04-17 04:58:46.165906   960  3561 I vendor.qti.bluetooth@1.0-ibs_handler: ProcessIbsCmd: Received IBS_WAKE_ACK: 0xFC
04-17 04:58:46.165964   960  3561 I vendor.qti.bluetooth@1.0-ibs_handler: ProcessIbsCmd: Signal wack_cond_
04-17 04:58:46.166274   960   960 D vendor.qti.bluetooth@1.0-ibs_handler: DeviceWakeUp: Unblocked from waiting for FC
04-17 04:58:46.177904   984  1089 W ASH     : @ 13055.858: touch gesture: no valid gesture detected
04-17 04:58:46.242864   984  1089 W ASH     : @ 13055.922: touch gesture: no valid gesture detected
04-17 04:58:46.308780   984  1089 W ASH     : @ 13055.986: touch gesture: no valid gesture detected
04-17 04:58:46.373315   984  1089 W ASH     : @ 13056.051: touch gesture: no valid gesture detected
04-17 04:58:46.437376   984  1089 W ASH     : @ 13056.115: touch gesture: no valid gesture detected
04-17 04:58:46.501899   984  1089 W ASH     : @ 13056.179: touch gesture: no valid gesture detected
04-17 04:58:46.566347   984  1089 W ASH     : @ 13056.244: touch gesture: no valid gesture detected
04-17 04:58:46.630005   984  1089 W ASH     : @ 13056.308: touch gesture: no valid gesture detected
04-17 04:58:46.695399   984  1089 W ASH     : @ 13056.373: touch gesture: no valid gesture detected
04-17 04:58:46.759434   984  1089 W ASH     : @ 13056.437: touch gesture: no valid gesture detected
04-17 04:58:46.823998   984  1089 W ASH     : @ 13056.502: touch gesture: no valid gesture detected
04-17 04:58:46.888418   984  1089 W ASH     : @ 13056.566: touch gesture: no valid gesture detected
04-17 04:58:46.952584   984  1089 W ASH     : @ 13056.630: touch gesture: no valid gesture detected
04-17 04:58:47.017179   984  1089 W ASH     : @ 13056.695: touch gesture: no valid gesture detected
04-17 04:58:47.081608   984  1089 W ASH     : @ 13056.759: touch gesture: no valid gesture detected
04-17 04:58:47.146264   984  1089 W ASH     : @ 13056.824: touch gesture: no valid gesture detected
04-17 04:58:47.209471   984  1089 W ASH     : @ 13056.888: touch gesture: no valid gesture detected
04-17 04:58:47.274922   984  1089 W ASH     : @ 13056.952: touch gesture: no valid gesture detected
04-17 04:58:47.339271   984  1089 W ASH     : @ 13057.017: touch gesture: no valid gesture detected
04-17 04:58:47.404083   984  1089 W ASH     : @ 13057.081: touch gesture: no valid gesture detected
04-17 04:58:47.468383   984  1089 W ASH     : @ 13057.146: touch gesture: no valid gesture detected
04-17 04:58:47.532855   984  1089 W ASH     : @ 13057.210: touch gesture: no valid gesture detected
04-17 04:58:47.597209   984  1089 W ASH     : @ 13057.275: touch gesture: no valid gesture detected
04-17 04:58:47.661619   984  1089 W ASH     : @ 13057.339: touch gesture: no valid gesture detected
04-17 04:58:47.726125   984  1089 W ASH     : @ 13057.404: touch gesture: no valid gesture detected
04-17 04:58:47.790372   984  1089 W ASH     : @ 13057.468: touch gesture: no valid gesture detected
04-17 04:58:47.854795   984  1089 W ASH     : @ 13057.532: touch gesture: no valid gesture detected
04-17 04:58:47.919504   984  1089 W ASH     : @ 13057.597: touch gesture: no valid gesture detected
04-17 04:58:47.983873   984  1089 W ASH     : @ 13057.661: touch gesture: no valid gesture detected
04-17 04:58:48.048188   984  1089 W ASH     : @ 13057.726: touch gesture: no valid gesture detected
04-17 04:58:48.112680   984  1089 W ASH     : @ 13057.790: touch gesture: no valid gesture detected
04-17 04:58:48.177189   984  1089 W ASH     : @ 13057.854: touch gesture: no valid gesture detected
04-17 04:58:48.241544   984  1089 W ASH     : @ 13057.919: touch gesture: no valid gesture detected
04-17 04:58:48.305715   984  1089 W ASH     : @ 13057.983: touch gesture: no valid gesture detected
04-17 04:58:48.370121   984  1089 W ASH     : @ 13058.048: touch gesture: no valid gesture detected
04-17 04:58:48.434749   984  1089 W ASH     : @ 13058.112: touch gesture: no valid gesture detected
04-17 04:58:48.499160   984  1089 W ASH     : @ 13058.177: touch gesture: no valid gesture detected
04-17 04:58:48.563517   984  1089 W ASH     : @ 13058.241: touch gesture: no valid gesture detected
04-17 04:58:48.628351   984  1089 W ASH     : @ 13058.305: touch gesture: no valid gesture detected
04-17 04:58:48.692831   984  1089 W ASH     : @ 13058.370: touch gesture: no valid gesture detected
04-17 04:58:48.757227   984  1089 W ASH     : @ 13058.434: touch gesture: no valid gesture detected
04-17 04:58:48.821471   984  1089 W ASH     : @ 13058.499: touch gesture: no valid gesture detected
04-17 04:58:48.885719   984  1089 W ASH     : @ 13058.563: touch gesture: no valid gesture detected
04-17 04:58:48.950437   984  1089 W ASH     : @ 13058.628: touch gesture: no valid gesture detected
04-17 04:58:49.015004   984  1089 W ASH     : @ 13058.692: touch gesture: no valid gesture detected
04-17 04:58:49.079211   984  1089 W ASH     : @ 13058.757: touch gesture: no valid gesture detected
04-17 04:58:49.143676   984  1089 W ASH     : @ 13058.821: touch gesture: no valid gesture detected
04-17 04:58:49.208120   984  1089 W ASH     : @ 13058.885: touch gesture: no valid gesture detected
04-17 04:58:49.272285   984  1089 W ASH     : @ 13058.950: touch gesture: no valid gesture detected
04-17 04:58:49.336960   984  1089 W ASH     : @ 13059.014: touch gesture: no valid gesture detected
04-17 04:58:49.401325   984  1089 W ASH     : @ 13059.079: touch gesture: no valid gesture detected
04-17 04:58:49.465607   984  1089 W ASH     : @ 13059.143: touch gesture: no valid gesture detected
04-17 04:58:49.530218   984  1089 W ASH     : @ 13059.208: touch gesture: no valid gesture detected
04-17 04:58:49.594415   984  1089 W ASH     : @ 13059.272: touch gesture: no valid gesture detected
04-17 04:58:49.658835   984  1089 W ASH     : @ 13059.336: touch gesture: no valid gesture detected
04-17 04:58:49.723170   984  1089 W ASH     : @ 13059.401: touch gesture: no valid gesture detected
04-17 04:58:49.787580   984  1089 W ASH     : @ 13059.465: touch gesture: no valid gesture detected
04-17 04:58:49.851995   984  1089 W ASH     : @ 13059.529: touch gesture: no valid gesture detected
04-17 04:58:49.916027   984  1089 W ASH     : @ 13059.594: touch gesture: no valid gesture detected
04-17 04:58:49.980589   984  1089 W ASH     : @ 13059.658: touch gesture: no valid gesture detected
04-17 04:58:50.043851   984  1089 W ASH     : @ 13059.723: touch gesture: no valid gesture detected
04-17 04:58:50.109767   984  1089 W ASH     : @ 13059.787: touch gesture: no valid gesture detected
04-17 04:58:50.173588   984  1089 W ASH     : @ 13059.851: touch gesture: no valid gesture detected
04-17 04:58:50.238320   984  1089 W ASH     : @ 13059.916: touch gesture: no valid gesture detected
04-17 04:58:50.302915   984  1089 W ASH     : @ 13059.980: touch gesture: no valid gesture detected
04-17 04:58:50.366959   984  1089 W ASH     : @ 13060.045: touch gesture: no valid gesture detected
04-17 04:58:50.432174   984  1089 W ASH     : @ 13060.109: touch gesture: no valid gesture detected
04-17 04:58:50.496359   984  1089 W ASH     : @ 13060.173: touch gesture: no valid gesture detected
04-17 04:58:50.560371   984  1089 W ASH     : @ 13060.238: touch gesture: no valid gesture detected
04-17 04:58:50.624967   984  1089 W ASH     : @ 13060.302: touch gesture: no valid gesture detected
04-17 04:58:50.689253   984  1089 W ASH     : @ 13060.367: touch gesture: no valid gesture detected
04-17 04:58:50.753741   984  1089 W ASH     : @ 13060.431: touch gesture: no valid gesture detected
04-17 04:58:50.818014   984  1089 W ASH     : @ 13060.495: touch gesture: no valid gesture detected
04-17 04:58:50.882176   984  1089 W ASH     : @ 13060.560: touch gesture: no valid gesture detected
04-17 04:58:50.946470   984  1089 W ASH     : @ 13060.624: touch gesture: no valid gesture detected
04-17 04:58:51.011054   984  1089 W ASH     : @ 13060.689: touch gesture: no valid gesture detected
04-17 04:58:51.075649   984  1089 W ASH     : @ 13060.753: touch gesture: no valid gesture detected
04-17 04:58:51.139709   984  1089 W ASH     : @ 13060.817: touch gesture: no valid gesture detected
04-17 04:58:51.204240   984  1089 W ASH     : @ 13060.882: touch gesture: no valid gesture detected
04-17 04:58:51.268788   984  1089 W ASH     : @ 13060.946: touch gesture: no valid gesture detected
04-17 04:58:51.333278   984  1089 W ASH     : @ 13061.011: touch gesture: no valid gesture detected
04-17 04:58:51.397787   984  1089 W ASH     : @ 13061.075: touch gesture: no valid gesture detected
04-17 04:58:51.462081   984  1089 W ASH     : @ 13061.139: touch gesture: no valid gesture detected
04-17 04:58:51.525025   984  1089 W ASH     : @ 13061.204: touch gesture: no valid gesture detected
04-17 04:58:51.590828   984  1089 W ASH     : @ 13061.268: touch gesture: no valid gesture detected
04-17 04:58:51.655204   984  1089 W ASH     : @ 13061.333: touch gesture: no valid gesture detected
04-17 04:58:51.719773   984  1089 W ASH     : @ 13061.397: touch gesture: no valid gesture detected
04-17 04:58:51.784270   984  1089 W ASH     : @ 13061.462: touch gesture: no valid gesture detected
04-17 04:58:51.849008   984  1089 W ASH     : @ 13061.526: touch gesture: no valid gesture detected
04-17 04:58:51.912941   984  1089 W ASH     : @ 13061.590: touch gesture: no valid gesture detected
04-17 04:58:51.977286   984  1089 W ASH     : @ 13061.655: touch gesture: no valid gesture detected
04-17 04:58:52.042020   984  1089 W ASH     : @ 13061.719: touch gesture: no valid gesture detected
04-17 04:58:52.106020   984  1089 W ASH     : @ 13061.784: touch gesture: no valid gesture detected
04-17 04:58:52.170755   984  1089 W ASH     : @ 13061.848: touch gesture: no valid gesture detected
04-17 04:58:52.234779   984  1089 W ASH     : @ 13061.912: touch gesture: no valid gesture detected
04-17 04:58:52.299306   984  1089 W ASH     : @ 13061.977: touch gesture: no valid gesture detected
04-17 04:58:52.363942   984  1089 W ASH     : @ 13062.041: touch gesture: no valid gesture detected
04-17 04:58:52.428231   984  1089 W ASH     : @ 13062.106: touch gesture: no valid gesture detected
04-17 04:58:52.492683   984  1089 W ASH     : @ 13062.170: touch gesture: no valid gesture detected
04-17 04:58:52.556852   984  1089 W ASH     : @ 13062.234: touch gesture: no valid gesture detected
04-17 04:58:52.621376   984  1089 W ASH     : @ 13062.299: touch gesture: no valid gesture detected
04-17 04:58:52.685869   984  1089 W ASH     : @ 13062.363: touch gesture: no valid gesture detected
04-17 04:58:52.750305   984  1089 W ASH     : @ 13062.428: touch gesture: no valid gesture detected
04-17 04:58:52.814811   984  1089 W ASH     : @ 13062.492: touch gesture: no valid gesture detected
04-17 04:58:52.879150   984  1089 W ASH     : @ 13062.556: touch gesture: no valid gesture detected
04-17 04:58:52.943495   984  1089 W ASH     : @ 13062.621: touch gesture: no valid gesture detected
04-17 04:58:53.008139   984  1089 W ASH     : @ 13062.685: touch gesture: no valid gesture detected
04-17 04:58:53.072195   984  1089 W ASH     : @ 13062.750: touch gesture: no valid gesture detected
04-17 04:58:53.136617   984  1089 W ASH     : @ 13062.814: touch gesture: no valid gesture detected
04-17 04:58:53.200942   984  1089 W ASH     : @ 13062.878: touch gesture: no valid gesture detected
04-17 04:58:53.265327   984  1089 W ASH     : @ 13062.943: touch gesture: no valid gesture detected
--------- switch to radio
04-17 04:58:53.295812  3483  3483 D RILJ    : [0348]> GET_CELL_INFO_LIST [PHONE1]
04-17 04:58:53.305334  3483  3515 D RILJ    : [0348]< GET_CELL_INFO_LIST [] [PHONE1]
04-17 04:58:53.307184  3483  3483 D LocaleTracker-1: processCellInfo: cell info=[]
04-17 04:58:53.307487  3483  3483 D LocaleTracker-1: updateLocale: countryIso = , countryIsoDebugInfo = empty as default
04-17 04:58:53.307701  3483  3483 D LocaleTracker-1: updateLocale: timeZoneCountryIso = , timeZoneCountryIsoDebugInfo = Defaulted: empty as default
04-17 04:58:53.308014  3483  3483 D NewNitzStateMachineImpl: handleCountryUnavailable: mLatestNitzSignal=null
