04-17 04:42:49.693889   984  1089 W ASH     : @ 12099.371: touch gesture: no valid gesture detected
04-17 04:42:49.758492   984  1089 W ASH     : @ 12099.436: touch gesture: no valid gesture detected
04-17 04:42:49.822970   984  1089 W ASH     : @ 12099.500: touch gesture: no valid gesture detected
04-17 04:42:49.887422   984  1089 W ASH     : @ 12099.565: touch gesture: no valid gesture detected
04-17 04:42:49.952059   984  1089 W ASH     : @ 12099.629: touch gesture: no valid gesture detected
04-17 04:42:50.016455   984  1089 W ASH     : @ 12099.694: touch gesture: no valid gesture detected
04-17 04:42:50.081213   984  1089 W ASH     : @ 12099.759: touch gesture: no valid gesture detected
04-17 04:42:50.145718   984  1089 W ASH     : @ 12099.823: touch gesture: no valid gesture detected
04-17 04:42:50.210392   984  1089 W ASH     : @ 12099.888: touch gesture: no valid gesture detected
04-17 04:42:50.274918   984  1089 W ASH     : @ 12099.952: touch gesture: no valid gesture detected
04-17 04:42:50.339260   984  1089 W ASH     : @ 12100.017: touch gesture: no valid gesture detected
04-17 04:42:50.403661   984  1089 W ASH     : @ 12100.081: touch gesture: no valid gesture detected
04-17 04:42:50.468431   984  1089 W ASH     : @ 12100.146: touch gesture: no valid gesture detected
04-17 04:42:50.532662   984  1089 W ASH     : @ 12100.211: touch gesture: no valid gesture detected
--------- switch to kernel
04-17 04:42:50.536193     0     0 I         : c1   5397 google_charger: usbchg=USB typec=C usbv=4989 usbc=87 usbMv=5000 usbMc=450
04-17 04:42:50.536376     0     0 I         : c1   5397 sm7250_bms: MSC_PCS chg_state=1c2115f04010009 [0x9:4:1:4447:450] chg=u
04-17 04:42:50.536436     0     0 I         : c1   5397 google_battery: MSC_DIN chg_state=1c2115f04010009 f=0x9 chg_s=Charging chg_t=Taper vchg=4447 icl=450
04-17 04:42:50.537856     0     0 I         : c1   5397 google_battery: MSC_STEADY vt=4430000 vb=4447650 fv_uv=4430000 margin=100000
04-17 04:42:50.537883     0     0 I         : c1   5397 google_battery: hold not defined for msc_state=10
04-17 04:42:50.537907     0     0 I         : c1   5397 google_battery: MSC_RSTC vt=4430000 vb=4447650 fv_uv=4430000 ibatt=-131530 cc_next_max=120000 t_cnt=0
04-17 04:42:50.537925     0     0 I         : c1   5397 google_battery: hold not defined for msc_state=14
04-17 04:42:50.537983     0     0 I         : c1   5397 google_battery: MSC_VOTE msc_state=14 cv_cnt=0 ov_cnt=0 temp_idx:2, vbatt_idx:4  fv_uv=4430000 cc_max=600000 update_interval=2000
04-17 04:42:50.538071     0     0 I         : c1   5397 google_charger: MSC_CHG fv_uv=4430000, cc_max=600000, rerun in 2000 ms (0)
--------- switch to main
04-17 04:42:50.597627   984  1089 W ASH     : @ 12100.275: touch gesture: no valid gesture detected
04-17 04:42:50.662483   984  1089 W ASH     : @ 12100.340: touch gesture: no valid gesture detected
04-17 04:42:50.726838   984  1089 W ASH     : @ 12100.404: touch gesture: no valid gesture detected
04-17 04:42:50.791228   984  1089 W ASH     : @ 12100.469: touch gesture: no valid gesture detected
04-17 04:42:50.855692   984  1089 W ASH     : @ 12100.533: touch gesture: no valid gesture detected
04-17 04:42:50.920336   984  1089 W ASH     : @ 12100.598: touch gesture: no valid gesture detected
04-17 04:42:50.984944   984  1089 W ASH     : @ 12100.663: touch gesture: no valid gesture detected
04-17 04:42:51.049753   984  1089 W ASH     : @ 12100.727: touch gesture: no valid gesture detected
04-17 04:42:51.113071   984  1089 W ASH     : @ 12100.792: touch gesture: no valid gesture detected
04-17 04:42:51.178888   984  1089 W ASH     : @ 12100.856: touch gesture: no valid gesture detected
04-17 04:42:51.243439   984  1089 W ASH     : @ 12100.921: touch gesture: no valid gesture detected
04-17 04:42:51.307703   984  1089 W ASH     : @ 12100.985: touch gesture: no valid gesture detected
04-17 04:42:51.372216   984  1089 W ASH     : @ 12101.050: touch gesture: no valid gesture detected
04-17 04:42:51.437112   984  1089 W ASH     : @ 12101.115: touch gesture: no valid gesture detected
04-17 04:42:51.501529   984  1089 W ASH     : @ 12101.179: touch gesture: no valid gesture detected
04-17 04:42:51.566046   984  1089 W ASH     : @ 12101.244: touch gesture: no valid gesture detected
04-17 04:42:51.630864   984  1089 W ASH     : @ 12101.308: touch gesture: no valid gesture detected
04-17 04:42:51.695769   984  1089 W ASH     : @ 12101.373: touch gesture: no valid gesture detected
04-17 04:42:51.759861   984  1089 W ASH     : @ 12101.437: touch gesture: no valid gesture detected
04-17 04:42:51.824275   984  1089 W ASH     : @ 12101.502: touch gesture: no valid gesture detected
04-17 04:42:51.889075   984  1089 W ASH     : @ 12101.567: touch gesture: no valid gesture detected
04-17 04:42:51.953699   984  1089 W ASH     : @ 12101.631: touch gesture: no valid gesture detected
04-17 04:42:52.018435   984  1089 W ASH     : @ 12101.696: touch gesture: no valid gesture detected
04-17 04:42:52.082546   984  1089 W ASH     : @ 12101.760: touch gesture: no valid gesture detected
04-17 04:42:52.147356   984  1089 W ASH     : @ 12101.825: touch gesture: no valid gesture detected
04-17 04:42:52.211898   984  1089 W ASH     : @ 12101.889: touch gesture: no valid gesture detected
04-17 04:42:52.276419   984  1089 W ASH     : @ 12101.954: touch gesture: no valid gesture detected
04-17 04:42:52.341044   984  1089 W ASH     : @ 12102.018: touch gesture: no valid gesture detected
04-17 04:42:52.405526   984  1089 W ASH     : @ 12102.083: touch gesture: no valid gesture detected
04-17 04:42:52.470022   984  1089 W ASH     : @ 12102.148: touch gesture: no valid gesture detected
04-17 04:42:52.534170   984  1089 W ASH     : @ 12102.212: touch gesture: no valid gesture detected
--------- switch to kernel
04-17 04:42:52.545648     0     0 I         : c1   5397 google_charger: usbchg=USB typec=C usbv=5000 usbc=87 usbMv=5000 usbMc=450
04-17 04:42:52.545830     0     0 I         : c1   5397 sm7250_bms: MSC_PCS chg_state=1c2115f04010009 [0x9:4:1:4447:450] chg=u
04-17 04:42:52.545903     0     0 I         : c1   5397 google_battery: MSC_DIN chg_state=1c2115f04010009 f=0x9 chg_s=Charging chg_t=Taper vchg=4447 icl=450
04-17 04:42:52.547874     0     0 I         : c1   5397 google_battery: MSC_STEADY vt=4430000 vb=4447260 fv_uv=4430000 margin=100000
04-17 04:42:52.547899     0     0 I         : c1   5397 google_battery: hold not defined for msc_state=10
04-17 04:42:52.547949     0     0 I         : c1   5397 google_battery: MSC_RSTC vt=4430000 vb=4447260 fv_uv=4430000 ibatt=-129089 cc_next_max=120000 t_cnt=0
04-17 04:42:52.547964     0     0 I         : c1   5397 google_battery: hold not defined for msc_state=14
04-17 04:42:52.548015     0     0 I         : c1   5397 google_battery: MSC_VOTE msc_state=14 cv_cnt=0 ov_cnt=0 temp_idx:2, vbatt_idx:4  fv_uv=4430000 cc_max=600000 update_interval=2000
04-17 04:42:52.548209     0     0 I         : c1   5397 google_charger: MSC_CHG fv_uv=4430000, cc_max=600000, rerun in 2000 ms (0)
--------- switch to main
04-17 04:42:52.597526   984  1089 W ASH     : @ 12102.277: touch gesture: no valid gesture detected
04-17 04:42:52.663370   984  1089 W ASH     : @ 12102.341: touch gesture: no valid gesture detected
04-17 04:42:52.728781   984  1089 W ASH     : @ 12102.406: touch gesture: no valid gesture detected
04-17 04:42:52.793275   984  1089 W ASH     : @ 12102.470: touch gesture: no valid gesture detected
04-17 04:42:52.857758   984  1089 W ASH     : @ 12102.535: touch gesture: no valid gesture detected
04-17 04:42:52.922144   984  1089 W ASH     : @ 12102.599: touch gesture: no valid gesture detected
04-17 04:42:52.986742   984  1089 W ASH     : @ 12102.664: touch gesture: no valid gesture detected
04-17 04:42:53.051097   984  1089 W ASH     : @ 12102.729: touch gesture: no valid gesture detected
04-17 04:42:53.115843   984  1089 W ASH     : @ 12102.793: touch gesture: no valid gesture detected
04-17 04:42:53.180202   984  1089 W ASH     : @ 12102.858: touch gesture: no valid gesture detected
04-17 04:42:53.243549   984  1089 W ASH     : @ 12102.922: touch gesture: no valid gesture detected
04-17 04:42:53.309147   984  1089 W ASH     : @ 12102.987: touch gesture: no valid gesture detected
04-17 04:42:53.329625  2901  3188 D ControlsListingControllerImpl: Subscribing callback, service count: 0
04-17 04:42:53.372424   984  1089 W ASH     : @ 12103.051: touch gesture: no valid gesture detected
04-17 04:42:53.389012  2901  3188 D ControlsListingControllerImpl: Unsubscribing callback
04-17 04:42:53.438240   984  1089 W ASH     : @ 12103.116: touch gesture: no valid gesture detected
04-17 04:42:53.502967   984  1089 W ASH     : @ 12103.180: touch gesture: no valid gesture detected
04-17 04:42:53.567332   984  1089 W ASH     : @ 12103.245: touch gesture: no valid gesture detected
04-17 04:42:53.631961   984  1089 W ASH     : @ 12103.309: touch gesture: no valid gesture detected
04-17 04:42:53.696454   984  1089 W ASH     : @ 12103.374: touch gesture: no valid gesture detected
04-17 04:42:53.759559   984  1089 W ASH     : @ 12103.439: touch gesture: no valid gesture detected
04-17 04:42:53.825445   984  1089 W ASH     : @ 12103.503: touch gesture: no valid gesture detected
04-17 04:42:53.890067   984  1089 W ASH     : @ 12103.568: touch gesture: no valid gesture detected
04-17 04:42:53.955087   984  1089 W ASH     : @ 12103.632: touch gesture: no valid gesture detected
04-17 04:42:54.019472   984  1089 W ASH     : @ 12103.697: touch gesture: no valid gesture detected
04-17 04:42:54.083677   984  1089 W ASH     : @ 12103.761: touch gesture: no valid gesture detected
04-17 04:42:54.148268   984  1089 W ASH     : @ 12103.826: touch gesture: no valid gesture detected
04-17 04:42:54.212738   984  1089 W ASH     : @ 12103.890: touch gesture: no valid gesture detected
04-17 04:42:54.277708   984  1089 W ASH     : @ 12103.955: touch gesture: no valid gesture detected
04-17 04:42:54.342245   984  1089 W ASH     : @ 12104.019: touch gesture: no valid gesture detected
04-17 04:42:54.406360   984  1089 W ASH     : @ 12104.084: touch gesture: no valid gesture detected
04-17 04:42:54.470851   984  1089 W ASH     : @ 12104.148: touch gesture: no valid gesture detected
04-17 04:42:54.535640   984  1089 W ASH     : @ 12104.213: touch gesture: no valid gesture detected
--------- switch to kernel
04-17 04:42:54.556657     0     0 I         : c1   5397 google_charger: usbchg=USB typec=C usbv=4998 usbc=84 usbMv=5000 usbMc=450
04-17 04:42:54.557044     0     0 I         : c1   5397 sm7250_bms: MSC_PCS chg_state=1c2115f04010009 [0x9:4:1:4447:450] chg=u
04-17 04:42:54.557117     0     0 I         : c1   5397 google_battery: MSC_DIN chg_state=1c2115f04010009 f=0x9 chg_s=Charging chg_t=Taper vchg=4447 icl=450
04-17 04:42:54.558699     0     0 I         : c1   5397 google_battery: MSC_STEADY vt=4430000 vb=4447844 fv_uv=4430000 margin=100000
04-17 04:42:54.558722     0     0 I         : c1   5397 google_battery: hold not defined for msc_state=10
04-17 04:42:54.558745     0     0 I         : c1   5397 google_battery: MSC_RSTC vt=4430000 vb=4447844 fv_uv=4430000 ibatt=-124511 cc_next_max=120000 t_cnt=0
04-17 04:42:54.558760     0     0 I         : c1   5397 google_battery: hold not defined for msc_state=14
04-17 04:42:54.558808     0     0 I         : c1   5397 google_battery: MSC_VOTE msc_state=14 cv_cnt=0 ov_cnt=0 temp_idx:2, vbatt_idx:4  fv_uv=4430000 cc_max=600000 update_interval=2000
04-17 04:42:54.558896     0     0 I         : c1   5397 google_charger: MSC_CHG fv_uv=4430000, cc_max=600000, rerun in 2000 ms (0)
--------- switch to main
04-17 04:42:54.599913   984  1089 W ASH     : @ 12104.277: touch gesture: no valid gesture detected
04-17 04:42:54.664334   984  1089 W ASH     : @ 12104.342: touch gesture: no valid gesture detected
04-17 04:42:54.728786   984  1089 W ASH     : @ 12104.406: touch gesture: no valid gesture detected
04-17 04:42:54.793202   984  1089 W ASH     : @ 12104.471: touch gesture: no valid gesture detected
04-17 04:42:54.857792   984  1089 W ASH     : @ 12104.536: touch gesture: no valid gesture detected
04-17 04:42:54.922471   984  1089 W ASH     : @ 12104.600: touch gesture: no valid gesture detected
04-17 04:42:54.986849   984  1089 W ASH     : @ 12104.665: touch gesture: no valid gesture detected
04-17 04:42:55.051741   984  1089 W ASH     : @ 12104.729: touch gesture: no valid gesture detected
04-17 04:42:55.115865   984  1089 W ASH     : @ 12104.794: touch gesture: no valid gesture detected
04-17 04:42:55.180596   984  1089 W ASH     : @ 12104.858: touch gesture: no valid gesture detected
04-17 04:42:55.245279   984  1089 W ASH     : @ 12104.923: touch gesture: no valid gesture detected
04-17 04:42:55.309230   984  1089 W ASH     : @ 12104.987: touch gesture: no valid gesture detected
04-17 04:42:55.374039   984  1089 W ASH     : @ 12105.052: touch gesture: no valid gesture detected
04-17 04:42:55.438714   984  1089 W ASH     : @ 12105.116: touch gesture: no valid gesture detected
04-17 04:42:55.503044   984  1089 W ASH     : @ 12105.181: touch gesture: no valid gesture detected
04-17 04:42:55.567598   984  1089 W ASH     : @ 12105.245: touch gesture: no valid gesture detected
04-17 04:42:55.632246   984  1089 W ASH     : @ 12105.310: touch gesture: no valid gesture detected
04-17 04:42:55.696754   984  1089 W ASH     : @ 12105.374: touch gesture: no valid gesture detected
04-17 04:42:55.761472   984  1089 W ASH     : @ 12105.439: touch gesture: no valid gesture detected
04-17 04:42:55.825800   984  1089 W ASH     : @ 12105.503: touch gesture: no valid gesture detected
04-17 04:42:55.890176   984  1089 W ASH     : @ 12105.568: touch gesture: no valid gesture detected
04-17 04:42:55.954905   984  1089 W ASH     : @ 12105.632: touch gesture: no valid gesture detected
04-17 04:42:56.019252   984  1089 W ASH     : @ 12105.697: touch gesture: no valid gesture detected
04-17 04:42:56.083582   984  1089 W ASH     : @ 12105.761: touch gesture: no valid gesture detected
04-17 04:42:56.148430   984  1089 W ASH     : @ 12105.826: touch gesture: no valid gesture detected
04-17 04:42:56.212884   984  1089 W ASH     : @ 12105.890: touch gesture: no valid gesture detected
04-17 04:42:56.277312   984  1089 W ASH     : @ 12105.955: touch gesture: no valid gesture detected
04-17 04:42:56.341849   984  1089 W ASH     : @ 12106.019: touch gesture: no valid gesture detected
04-17 04:42:56.406578   984  1089 W ASH     : @ 12106.084: touch gesture: no valid gesture detected
04-17 04:42:56.469127   984  1089 W ASH     : @ 12106.148: touch gesture: no valid gesture detected
04-17 04:42:56.535297   984  1089 W ASH     : @ 12106.213: touch gesture: no valid gesture detected
--------- switch to kernel
04-17 04:42:56.576921     0     0 I         : c1   5397 google_charger: usbchg=USB typec=C usbv=5007 usbc=84 usbMv=5000 usbMc=450
04-17 04:42:56.577114     0     0 I         : c1   5397 sm7250_bms: MSC_PCS chg_state=1c2116004010009 [0x9:4:1:4448:450] chg=u
04-17 04:42:56.577198     0     0 I         : c1   5397 google_battery: MSC_DIN chg_state=1c2116004010009 f=0x9 chg_s=Charging chg_t=Taper vchg=4448 icl=450
04-17 04:42:56.578902     0     0 I         : c1   5397 google_battery: MSC_STEADY vt=4430000 vb=4448623 fv_uv=4430000 margin=100000
04-17 04:42:56.578929     0     0 I         : c1   5397 google_battery: hold not defined for msc_state=10
04-17 04:42:56.578956     0     0 I         : c1   5397 google_battery: MSC_RSTC vt=4430000 vb=4448623 fv_uv=4430000 ibatt=-130310 cc_next_max=120000 t_cnt=0
04-17 04:42:56.578973     0     0 I         : c1   5397 google_battery: hold not defined for msc_state=14
04-17 04:42:56.579029     0     0 I         : c1   5397 google_battery: MSC_VOTE msc_state=14 cv_cnt=0 ov_cnt=0 temp_idx:2, vbatt_idx:4  fv_uv=4430000 cc_max=600000 update_interval=2000
04-17 04:42:56.579133     0     0 I         : c1   5397 google_charger: MSC_CHG fv_uv=4430000, cc_max=600000, rerun in 2000 ms (0)
--------- switch to main
04-17 04:42:56.599920   984  1089 W ASH     : @ 12106.277: touch gesture: no valid gesture detected
04-17 04:42:56.663313   984  1089 W ASH     : @ 12106.342: touch gesture: no valid gesture detected
04-17 04:42:56.728738   984  1089 W ASH     : @ 12106.406: touch gesture: no valid gesture detected
04-17 04:42:56.793576   984  1089 W ASH     : @ 12106.471: touch gesture: no valid gesture detected
04-17 04:42:56.858153   984  1089 W ASH     : @ 12106.535: touch gesture: no valid gesture detected
04-17 04:42:56.922184   984  1089 W ASH     : @ 12106.600: touch gesture: no valid gesture detected
04-17 04:42:56.986360   984  1089 W ASH     : @ 12106.664: touch gesture: no valid gesture detected
04-17 04:42:57.051081   984  1089 W ASH     : @ 12106.729: touch gesture: no valid gesture detected
04-17 04:42:57.115911   984  1089 W ASH     : @ 12106.793: touch gesture: no valid gesture detected
04-17 04:42:57.180265   984  1089 W ASH     : @ 12106.858: touch gesture: no valid gesture detected
04-17 04:42:57.244914   984  1089 W ASH     : @ 12106.922: touch gesture: no valid gesture detected
04-17 04:42:57.308978   984  1089 W ASH     : @ 12106.987: touch gesture: no valid gesture detected
04-17 04:42:57.373735   984  1089 W ASH     : @ 12107.051: touch gesture: no valid gesture detected
04-17 04:42:57.438226   984  1089 W ASH     : @ 12107.116: touch gesture: no valid gesture detected
04-17 04:42:57.501181   984  1089 W ASH     : @ 12107.180: touch gesture: no valid gesture detected
04-17 04:42:57.567034   984  1089 W ASH     : @ 12107.245: touch gesture: no valid gesture detected
04-17 04:42:57.631688   984  1089 W ASH     : @ 12107.309: touch gesture: no valid gesture detected
04-17 04:42:57.695780   984  1089 W ASH     : @ 12107.374: touch gesture: no valid gesture detected
04-17 04:42:57.760591   984  1089 W ASH     : @ 12107.438: touch gesture: no valid gesture detected
04-17 04:42:57.825184   984  1089 W ASH     : @ 12107.503: touch gesture: no valid gesture detected
04-17 04:42:57.889468   984  1089 W ASH     : @ 12107.567: touch gesture: no valid gesture detected
04-17 04:42:57.953946   984  1089 W ASH     : @ 12107.632: touch gesture: no valid gesture detected
04-17 04:42:58.018413   984  1089 W ASH     : @ 12107.696: touch gesture: no valid gesture detected
04-17 04:42:58.083396   984  1089 W ASH     : @ 12107.761: touch gesture: no valid gesture detected
04-17 04:42:58.147469   984  1089 W ASH     : @ 12107.825: touch gesture: no valid gesture detected
04-17 04:42:58.211941   984  1089 W ASH     : @ 12107.889: touch gesture: no valid gesture detected
04-17 04:42:58.276134   984  1089 W ASH     : @ 12107.954: touch gesture: no valid gesture detected
04-17 04:42:58.340972   984  1089 W ASH     : @ 12108.018: touch gesture: no valid gesture detected
04-17 04:42:58.405186   984  1089 W ASH     : @ 12108.083: touch gesture: no valid gesture detected
04-17 04:42:58.469792   984  1089 W ASH     : @ 12108.147: touch gesture: no valid gesture detected
04-17 04:42:58.534443   984  1089 W ASH     : @ 12108.212: touch gesture: no valid gesture detected
--------- switch to kernel
04-17 04:42:58.588423     0     0 I         : c1   5397 google_charger: usbchg=USB typec=C usbv=4996 usbc=87 usbMv=5000 usbMc=450
04-17 04:42:58.588610     0     0 I         : c1   5397 sm7250_bms: MSC_PCS chg_state=1c2115f04010009 [0x9:4:1:4447:450] chg=u
04-17 04:42:58.588686     0     0 I         : c1   5397 google_battery: MSC_DIN chg_state=1c2115f04010009 f=0x9 chg_s=Charging chg_t=Taper vchg=4447 icl=450
04-17 04:42:58.590427     0     0 I         : c1   5397 google_battery: MSC_STEADY vt=4430000 vb=4447455 fv_uv=4430000 margin=100000
04-17 04:42:58.590450     0     0 I         : c1   5397 google_battery: hold not defined for msc_state=10
04-17 04:42:58.590473     0     0 I         : c1   5397 google_battery: MSC_RSTC vt=4430000 vb=4447455 fv_uv=4430000 ibatt=-125732 cc_next_max=120000 t_cnt=0
04-17 04:42:58.590488     0     0 I         : c1   5397 google_battery: hold not defined for msc_state=14
04-17 04:42:58.590542     0     0 I         : c1   5397 google_battery: MSC_VOTE msc_state=14 cv_cnt=0 ov_cnt=0 temp_idx:2, vbatt_idx:4  fv_uv=4430000 cc_max=600000 update_interval=2000
04-17 04:42:58.590644     0     0 I         : c1   5397 google_charger: MSC_CHG fv_uv=4430000, cc_max=600000, rerun in 2000 ms (0)
--------- switch to main
04-17 04:42:58.597245   984  1089 W ASH     : @ 12108.276: touch gesture: no valid gesture detected
04-17 04:42:58.663257   984  1089 W ASH     : @ 12108.341: touch gesture: no valid gesture detected
04-17 04:42:58.727764   984  1089 W ASH     : @ 12108.405: touch gesture: no valid gesture detected
04-17 04:42:58.791010   984  1089 W ASH     : @ 12108.470: touch gesture: no valid gesture detected
04-17 04:42:58.856941   984  1089 W ASH     : @ 12108.534: touch gesture: no valid gesture detected
04-17 04:42:58.920986   984  1089 W ASH     : @ 12108.599: touch gesture: no valid gesture detected
04-17 04:42:58.985811   984  1089 W ASH     : @ 12108.663: touch gesture: no valid gesture detected
04-17 04:42:59.050119   984  1089 W ASH     : @ 12108.728: touch gesture: no valid gesture detected
04-17 04:42:59.114739   984  1089 W ASH     : @ 12108.792: touch gesture: no valid gesture detected
04-17 04:42:59.179206   984  1089 W ASH     : @ 12108.857: touch gesture: no valid gesture detected
04-17 04:42:59.243718   984  1089 W ASH     : @ 12108.921: touch gesture: no valid gesture detected
04-17 04:42:59.308191   984  1089 W ASH     : @ 12108.986: touch gesture: no valid gesture detected
04-17 04:42:59.373135   984  1089 W ASH     : @ 12109.050: touch gesture: no valid gesture detected
04-17 04:42:59.437679   984  1089 W ASH     : @ 12109.115: touch gesture: no valid gesture detected
04-17 04:42:59.501800   984  1089 W ASH     : @ 12109.179: touch gesture: no valid gesture detected
04-17 04:42:59.566717   984  1089 W ASH     : @ 12109.244: touch gesture: no valid gesture detected
04-17 04:42:59.630977   984  1089 W ASH     : @ 12109.309: touch gesture: no valid gesture detected
04-17 04:42:59.695265   984  1089 W ASH     : @ 12109.373: touch gesture: no valid gesture detected
04-17 04:42:59.759839   984  1089 W ASH     : @ 12109.438: touch gesture: no valid gesture detected
04-17 04:42:59.824565   984  1089 W ASH     : @ 12109.502: touch gesture: no valid gesture detected
04-17 04:42:59.888995   984  1089 W ASH     : @ 12109.567: touch gesture: no valid gesture detected
04-17 04:42:59.953929   984  1089 W ASH     : @ 12109.631: touch gesture: no valid gesture detected
04-17 04:42:59.982996   990  1023 D rlsservice: MonitorDisplayStatus client num 0, display status 0, sensor status 0
04-17 04:43:00.018229   984  1089 W ASH     : @ 12109.696: touch gesture: no valid gesture detected
04-17 04:43:00.082773   984  1089 W ASH     : @ 12109.760: touch gesture: no valid gesture detected
04-17 04:43:00.147266   984  1089 W ASH     : @ 12109.825: touch gesture: no valid gesture detected
04-17 04:43:00.211718   984  1089 W ASH     : @ 12109.889: touch gesture: no valid gesture detected
04-17 04:43:00.276515   984  1089 W ASH     : @ 12109.954: touch gesture: no valid gesture detected
04-17 04:43:00.340923   984  1089 W ASH     : @ 12110.018: touch gesture: no valid gesture detected
04-17 04:43:00.405560   984  1089 W ASH     : @ 12110.083: touch gesture: no valid gesture detected
04-17 04:43:00.469716   984  1089 W ASH     : @ 12110.147: touch gesture: no valid gesture detected
04-17 04:43:00.534488   984  1089 W ASH     : @ 12110.212: touch gesture: no valid gesture detected
04-17 04:43:00.598755   984  1089 W ASH     : @ 12110.276: touch gesture: no valid gesture detected
--------- switch to kernel
04-17 04:43:00.598664     0     0 I         : c1   5397 google_charger: usbchg=USB typec=C usbv=4997 usbc=111 usbMv=5000 usbMc=450
04-17 04:43:00.598840     0     0 I         : c1   5397 sm7250_bms: MSC_PCS chg_state=1c2115f04010009 [0x9:4:1:4447:450] chg=u
04-17 04:43:00.598911     0     0 I         : c1   5397 google_battery: MSC_DIN chg_state=1c2115f04010009 f=0x9 chg_s=Charging chg_t=Taper vchg=4447 icl=450
04-17 04:43:00.601229     0     0 I         : c1   5397 google_battery: MSC_STEADY vt=4430000 vb=4447844 fv_uv=4430000 margin=100000
04-17 04:43:00.601255     0     0 I         : c1   5397 google_battery: hold not defined for msc_state=10
04-17 04:43:00.601277     0     0 I         : c1   5397 google_battery: MSC_RSTC vt=4430000 vb=4447844 fv_uv=4430000 ibatt=-127868 cc_next_max=120000 t_cnt=0
04-17 04:43:00.601315     0     0 I         : c1   5397 google_battery: hold not defined for msc_state=14
04-17 04:43:00.601662     0     0 I         : c1   5397 google_battery: MSC_VOTE msc_state=14 cv_cnt=0 ov_cnt=0 temp_idx:2, vbatt_idx:4  fv_uv=4430000 cc_max=600000 update_interval=2000
04-17 04:43:00.601788     0     0 I         : c1   5397 google_charger: MSC_CHG fv_uv=4430000, cc_max=600000, rerun in 2000 ms (0)
--------- switch to main
04-17 04:43:00.663508   984  1089 W ASH     : @ 12110.341: touch gesture: no valid gesture detected
04-17 04:43:00.728206   984  1089 W ASH     : @ 12110.405: touch gesture: no valid gesture detected
04-17 04:43:00.792423   984  1089 W ASH     : @ 12110.470: touch gesture: no valid gesture detected
04-17 04:43:00.856780   984  1089 W ASH     : @ 12110.535: touch gesture: no valid gesture detected
04-17 04:43:00.921628   984  1089 W ASH     : @ 12110.599: touch gesture: no valid gesture detected
04-17 04:43:00.986290   984  1089 W ASH     : @ 12110.664: touch gesture: no valid gesture detected
04-17 04:43:01.051089   984  1089 W ASH     : @ 12110.728: touch gesture: no valid gesture detected
04-17 04:43:01.115135   984  1089 W ASH     : @ 12110.793: touch gesture: no valid gesture detected
04-17 04:43:01.179627   984  1089 W ASH     : @ 12110.857: touch gesture: no valid gesture detected
04-17 04:43:01.244276   984  1089 W ASH     : @ 12110.922: touch gesture: no valid gesture detected
04-17 04:43:01.308701   984  1089 W ASH     : @ 12110.986: touch gesture: no valid gesture detected
04-17 04:43:01.373562   984  1089 W ASH     : @ 12111.051: touch gesture: no valid gesture detected
04-17 04:43:01.437821   984  1089 W ASH     : @ 12111.115: touch gesture: no valid gesture detected
04-17 04:43:01.502430   984  1089 W ASH     : @ 12111.180: touch gesture: no valid gesture detected
04-17 04:43:01.566987   984  1089 W ASH     : @ 12111.245: touch gesture: no valid gesture detected
04-17 04:43:01.631607   984  1089 W ASH     : @ 12111.309: touch gesture: no valid gesture detected
04-17 04:43:01.695905   984  1089 W ASH     : @ 12111.374: touch gesture: no valid gesture detected
04-17 04:43:01.760658   984  1089 W ASH     : @ 12111.438: touch gesture: no valid gesture detected
04-17 04:43:01.825352   984  1089 W ASH     : @ 12111.503: touch gesture: no valid gesture detected
04-17 04:43:01.889305   984  1089 W ASH     : @ 12111.567: touch gesture: no valid gesture detected
04-17 04:43:01.953977   984  1089 W ASH     : @ 12111.632: touch gesture: no valid gesture detected
04-17 04:43:02.018408   984  1089 W ASH     : @ 12111.696: touch gesture: no valid gesture detected
04-17 04:43:02.082983   984  1089 W ASH     : @ 12111.761: touch gesture: no valid gesture detected
04-17 04:43:02.147515   984  1089 W ASH     : @ 12111.825: touch gesture: no valid gesture detected
04-17 04:43:02.211867   984  1089 W ASH     : @ 12111.890: touch gesture: no valid gesture detected
04-17 04:43:02.276646   984  1089 W ASH     : @ 12111.954: touch gesture: no valid gesture detected
04-17 04:43:02.341228   984  1089 W ASH     : @ 12112.019: touch gesture: no valid gesture detected
04-17 04:43:02.405721   984  1089 W ASH     : @ 12112.083: touch gesture: no valid gesture detected
04-17 04:43:02.470201   984  1089 W ASH     : @ 12112.148: touch gesture: no valid gesture detected
04-17 04:43:02.534869   984  1089 W ASH     : @ 12112.212: touch gesture: no valid gesture detected
04-17 04:43:02.599194   984  1089 W ASH     : @ 12112.277: touch gesture: no valid gesture detected
--------- switch to kernel
04-17 04:43:02.608547     0     0 I         : c1   5397 google_charger: usbchg=USB typec=C usbv=4999 usbc=86 usbMv=5000 usbMc=450
04-17 04:43:02.608847     0     0 I         : c1   5397 sm7250_bms: MSC_PCS chg_state=1c2115e04010009 [0x9:4:1:4446:450] chg=u
04-17 04:43:02.608921     0     0 I         : c1   5397 google_battery: MSC_DIN chg_state=1c2115e04010009 f=0x9 chg_s=Charging chg_t=Taper vchg=4446 icl=450
04-17 04:43:02.610684     0     0 I         : c1   5397 google_battery: MSC_STEADY vt=4430000 vb=4446287 fv_uv=4430000 margin=100000
04-17 04:43:02.610713     0     0 I         : c1   5397 google_battery: hold not defined for msc_state=10
04-17 04:43:02.610735     0     0 I         : c1   5397 google_battery: MSC_RSTC vt=4430000 vb=4446287 fv_uv=4430000 ibatt=-130004 cc_next_max=120000 t_cnt=0
04-17 04:43:02.610751     0     0 I         : c1   5397 google_battery: hold not defined for msc_state=14
04-17 04:43:02.610805     0     0 I         : c1   5397 google_battery: MSC_VOTE msc_state=14 cv_cnt=0 ov_cnt=0 temp_idx:2, vbatt_idx:4  fv_uv=4430000 cc_max=600000 update_interval=2000
04-17 04:43:02.610907     0     0 I         : c1   5397 google_charger: MSC_CHG fv_uv=4430000, cc_max=600000, rerun in 2000 ms (0)
--------- switch to main
04-17 04:43:02.663812   984  1089 W ASH     : @ 12112.341: touch gesture: no valid gesture detected
04-17 04:43:02.728456   984  1089 W ASH     : @ 12112.406: touch gesture: no valid gesture detected
04-17 04:43:02.792776   984  1089 W ASH     : @ 12112.470: touch gesture: no valid gesture detected
04-17 04:43:02.857269   984  1089 W ASH     : @ 12112.535: touch gesture: no valid gesture detected
04-17 04:43:02.921909   984  1089 W ASH     : @ 12112.599: touch gesture: no valid gesture detected
04-17 04:43:02.986249   984  1089 W ASH     : @ 12112.664: touch gesture: no valid gesture detected
04-17 04:43:03.050576   984  1089 W ASH     : @ 12112.728: touch gesture: no valid gesture detected
04-17 04:43:03.115232   984  1089 W ASH     : @ 12112.793: touch gesture: no valid gesture detected
04-17 04:43:03.179653   984  1089 W ASH     : @ 12112.857: touch gesture: no valid gesture detected
04-17 04:43:03.244482   984  1089 W ASH     : @ 12112.922: touch gesture: no valid gesture detected
04-17 04:43:03.308890   984  1089 W ASH     : @ 12112.986: touch gesture: no valid gesture detected
04-17 04:43:03.373281   984  1089 W ASH     : @ 12113.051: touch gesture: no valid gesture detected
04-17 04:43:03.437625   984  1089 W ASH     : @ 12113.115: touch gesture: no valid gesture detected
04-17 04:43:03.502064   984  1089 W ASH     : @ 12113.180: touch gesture: no valid gesture detected
04-17 04:43:03.566619   984  1089 W ASH     : @ 12113.244: touch gesture: no valid gesture detected
04-17 04:43:03.631355   984  1089 W ASH     : @ 12113.309: touch gesture: no valid gesture detected
04-17 04:43:03.695581   984  1089 W ASH     : @ 12113.373: touch gesture: no valid gesture detected
04-17 04:43:03.760450   984  1089 W ASH     : @ 12113.438: touch gesture: no valid gesture detected
04-17 04:43:03.824925   984  1089 W ASH     : @ 12113.502: touch gesture: no valid gesture detected
04-17 04:43:03.888899   984  1089 W ASH     : @ 12113.566: touch gesture: no valid gesture detected
04-17 04:43:03.953728   984  1089 W ASH     : @ 12113.631: touch gesture: no valid gesture detected
04-17 04:43:04.018294   984  1089 W ASH     : @ 12113.696: touch gesture: no valid gesture detected
04-17 04:43:04.082604   984  1089 W ASH     : @ 12113.760: touch gesture: no valid gesture detected
04-17 04:43:04.146882   984  1089 W ASH     : @ 12113.825: touch gesture: no valid gesture detected
04-17 04:43:04.211635   984  1089 W ASH     : @ 12113.889: touch gesture: no valid gesture detected
04-17 04:43:04.276285   984  1089 W ASH     : @ 12113.954: touch gesture: no valid gesture detected
04-17 04:43:04.340553   984  1089 W ASH     : @ 12114.018: touch gesture: no valid gesture detected
04-17 04:43:04.405009   984  1089 W ASH     : @ 12114.083: touch gesture: no valid gesture detected
04-17 04:43:04.469587   984  1089 W ASH     : @ 12114.147: touch gesture: no valid gesture detected
04-17 04:43:04.533907   984  1089 W ASH     : @ 12114.212: touch gesture: no valid gesture detected
04-17 04:43:04.598717   984  1089 W ASH     : @ 12114.276: touch gesture: no valid gesture detected
--------- switch to kernel
04-17 04:43:04.615900     0     0 I         : c1   5397 google_charger: usbchg=USB typec=C usbv=5000 usbc=81 usbMv=5000 usbMc=450
04-17 04:43:04.616091     0     0 I         : c1   5397 sm7250_bms: MSC_PCS chg_state=1c2116004010009 [0x9:4:1:4448:450] chg=u
04-17 04:43:04.616155     0     0 I         : c1   5397 google_battery: MSC_DIN chg_state=1c2116004010009 f=0x9 chg_s=Charging chg_t=Taper vchg=4448 icl=450
04-17 04:43:04.617603     0     0 I         : c1   5397 google_battery: MSC_STEADY vt=4430000 vb=4448233 fv_uv=4430000 margin=100000
04-17 04:43:04.617629     0     0 I         : c1   5397 google_battery: hold not defined for msc_state=10
04-17 04:43:04.617652     0     0 I         : c1   5397 google_battery: MSC_RSTC vt=4430000 vb=4448233 fv_uv=4430000 ibatt=-121154 cc_next_max=120000 t_cnt=0
04-17 04:43:04.617667     0     0 I         : c1   5397 google_battery: hold not defined for msc_state=14
04-17 04:43:04.617721     0     0 I         : c1   5397 google_battery: MSC_VOTE msc_state=14 cv_cnt=0 ov_cnt=0 temp_idx:2, vbatt_idx:4  fv_uv=4430000 cc_max=600000 update_interval=2000
04-17 04:43:04.617802     0     0 I         : c1   5397 google_charger: MSC_CHG fv_uv=4430000, cc_max=600000, rerun in 2000 ms (0)
--------- switch to main
04-17 04:43:04.663066   984  1089 W ASH     : @ 12114.341: touch gesture: no valid gesture detected
04-17 04:43:04.727290   984  1089 W ASH     : @ 12114.405: touch gesture: no valid gesture detected
04-17 04:43:04.790656   984  1089 W ASH     : @ 12114.470: touch gesture: no valid gesture detected
04-17 04:43:04.856559   984  1089 W ASH     : @ 12114.534: touch gesture: no valid gesture detected
04-17 04:43:04.920999   984  1089 W ASH     : @ 12114.599: touch gesture: no valid gesture detected
04-17 04:43:04.985542   984  1089 W ASH     : @ 12114.663: touch gesture: no valid gesture detected
04-17 04:43:05.049956   984  1089 W ASH     : @ 12114.728: touch gesture: no valid gesture detected
04-17 04:43:05.114854   984  1089 W ASH     : @ 12114.792: touch gesture: no valid gesture detected
04-17 04:43:05.179276   984  1089 W ASH     : @ 12114.857: touch gesture: no valid gesture detected
04-17 04:43:05.243797   984  1089 W ASH     : @ 12114.921: touch gesture: no valid gesture detected
04-17 04:43:05.308198   984  1089 W ASH     : @ 12114.986: touch gesture: no valid gesture detected
04-17 04:43:05.371722   984  1089 W ASH     : @ 12115.050: touch gesture: no valid gesture detected
04-17 04:43:05.437198   984  1089 W ASH     : @ 12115.115: touch gesture: no valid gesture detected
04-17 04:43:05.501688   984  1089 W ASH     : @ 12115.179: touch gesture: no valid gesture detected
04-17 04:43:05.566721   984  1089 W ASH     : @ 12115.244: touch gesture: no valid gesture detected
04-17 04:43:05.630850   984  1089 W ASH     : @ 12115.308: touch gesture: no valid gesture detected
04-17 04:43:05.695230   984  1089 W ASH     : @ 12115.373: touch gesture: no valid gesture detected
04-17 04:43:05.760005   984  1089 W ASH     : @ 12115.438: touch gesture: no valid gesture detected
04-17 04:43:05.824210   984  1089 W ASH     : @ 12115.502: touch gesture: no valid gesture detected
04-17 04:43:05.889031   984  1089 W ASH     : @ 12115.567: touch gesture: no valid gesture detected
04-17 04:43:05.953377   984  1089 W ASH     : @ 12115.631: touch gesture: no valid gesture detected
04-17 04:43:06.017725   984  1089 W ASH     : @ 12115.696: touch gesture: no valid gesture detected
04-17 04:43:06.082464   984  1089 W ASH     : @ 12115.760: touch gesture: no valid gesture detected
04-17 04:43:06.147071   984  1089 W ASH     : @ 12115.825: touch gesture: no valid gesture detected
04-17 04:43:06.211732   984  1089 W ASH     : @ 12115.889: touch gesture: no valid gesture detected
04-17 04:43:06.276037   984  1089 W ASH     : @ 12115.954: touch gesture: no valid gesture detected
04-17 04:43:06.340680   984  1089 W ASH     : @ 12116.018: touch gesture: no valid gesture detected
04-17 04:43:06.405144   984  1089 W ASH     : @ 12116.083: touch gesture: no valid gesture detected
04-17 04:43:06.469751   984  1089 W ASH     : @ 12116.147: touch gesture: no valid gesture detected
04-17 04:43:06.534364   984  1089 W ASH     : @ 12116.212: touch gesture: no valid gesture detected
04-17 04:43:06.598871   984  1089 W ASH     : @ 12116.276: touch gesture: no valid gesture detected
--------- switch to kernel
04-17 04:43:06.627101     0     0 I         : c1   5397 google_charger: usbchg=USB typec=C usbv=5000 usbc=83 usbMv=5000 usbMc=450
04-17 04:43:06.627292     0     0 I         : c1   5397 sm7250_bms: MSC_PCS chg_state=1c2115f04010009 [0x9:4:1:4447:450] chg=u
04-17 04:43:06.627371     0     0 I         : c1   5397 google_battery: MSC_DIN chg_state=1c2115f04010009 f=0x9 chg_s=Charging chg_t=Taper vchg=4447 icl=450
04-17 04:43:06.629129     0     0 I         : c1   5397 google_battery: MSC_STEADY vt=4430000 vb=4447455 fv_uv=4430000 margin=100000
04-17 04:43:06.629160     0     0 I         : c1   5397 google_battery: hold not defined for msc_state=10
04-17 04:43:06.629185     0     0 I         : c1   5397 google_battery: MSC_RSTC vt=4430000 vb=4447455 fv_uv=4430000 ibatt=-128173 cc_next_max=120000 t_cnt=0
04-17 04:43:06.629202     0     0 I         : c1   5397 google_battery: hold not defined for msc_state=14
04-17 04:43:06.629259     0     0 I         : c1   5397 google_battery: MSC_VOTE msc_state=14 cv_cnt=0 ov_cnt=0 temp_idx:2, vbatt_idx:4  fv_uv=4430000 cc_max=600000 update_interval=2000
04-17 04:43:06.629368     0     0 I         : c1   5397 google_charger: MSC_CHG fv_uv=4430000, cc_max=600000, rerun in 2000 ms (0)
--------- switch to main
04-17 04:43:06.663481   984  1089 W ASH     : @ 12116.341: touch gesture: no valid gesture detected
04-17 04:43:06.727822   984  1089 W ASH     : @ 12116.406: touch gesture: no valid gesture detected
04-17 04:43:06.792448   984  1089 W ASH     : @ 12116.470: touch gesture: no valid gesture detected
04-17 04:43:06.857728   984  1089 W ASH     : @ 12116.535: touch gesture: no valid gesture detected
04-17 04:43:06.921722   984  1089 W ASH     : @ 12116.599: touch gesture: no valid gesture detected
04-17 04:43:06.986794   984  1089 W ASH     : @ 12116.664: touch gesture: no valid gesture detected
04-17 04:43:07.051372   984  1089 W ASH     : @ 12116.729: touch gesture: no valid gesture detected
04-17 04:43:07.115908   984  1089 W ASH     : @ 12116.793: touch gesture: no valid gesture detected
04-17 04:43:07.180084   984  1089 W ASH     : @ 12116.858: touch gesture: no valid gesture detected
04-17 04:43:07.245039   984  1089 W ASH     : @ 12116.922: touch gesture: no valid gesture detected
04-17 04:43:07.308942   984  1089 W ASH     : @ 12116.987: touch gesture: no valid gesture detected
04-17 04:43:07.373617   984  1089 W ASH     : @ 12117.051: touch gesture: no valid gesture detected
04-17 04:43:07.438449   984  1089 W ASH     : @ 12117.116: touch gesture: no valid gesture detected
04-17 04:43:07.502825   984  1089 W ASH     : @ 12117.180: touch gesture: no valid gesture detected
04-17 04:43:07.567641   984  1089 W ASH     : @ 12117.245: touch gesture: no valid gesture detected
04-17 04:43:07.632013   984  1089 W ASH     : @ 12117.310: touch gesture: no valid gesture detected
04-17 04:43:07.696742   984  1089 W ASH     : @ 12117.374: touch gesture: no valid gesture detected
04-17 04:43:07.761483   984  1089 W ASH     : @ 12117.439: touch gesture: no valid gesture detected
04-17 04:43:07.825862   984  1089 W ASH     : @ 12117.503: touch gesture: no valid gesture detected
04-17 04:43:07.890559   984  1089 W ASH     : @ 12117.568: touch gesture: no valid gesture detected
04-17 04:43:07.954691   984  1089 W ASH     : @ 12117.632: touch gesture: no valid gesture detected
04-17 04:43:08.019557   984  1089 W ASH     : @ 12117.697: touch gesture: no valid gesture detected
04-17 04:43:08.084351   984  1089 W ASH     : @ 12117.762: touch gesture: no valid gesture detected
04-17 04:43:08.148801   984  1089 W ASH     : @ 12117.826: touch gesture: no valid gesture detected
04-17 04:43:08.213298   984  1089 W ASH     : @ 12117.891: touch gesture: no valid gesture detected
04-17 04:43:08.277400   984  1089 W ASH     : @ 12117.955: touch gesture: no valid gesture detected
04-17 04:43:08.342090   984  1089 W ASH     : @ 12118.020: touch gesture: no valid gesture detected
04-17 04:43:08.406601   984  1089 W ASH     : @ 12118.084: touch gesture: no valid gesture detected
04-17 04:43:08.471570   984  1089 W ASH     : @ 12118.149: touch gesture: no valid gesture detected
04-17 04:43:08.535710   984  1089 W ASH     : @ 12118.214: touch gesture: no valid gesture detected
04-17 04:43:08.600547   984  1089 W ASH     : @ 12118.278: touch gesture: no valid gesture detected
--------- switch to kernel
04-17 04:43:08.634636     0     0 I         : c1   5397 google_charger: usbchg=USB typec=C usbv=4999 usbc=83 usbMv=5000 usbMc=450
04-17 04:43:08.634831     0     0 I         : c1   5397 sm7250_bms: MSC_PCS chg_state=1c2115f04010009 [0x9:4:1:4447:450] chg=u
04-17 04:43:08.634898     0     0 I         : c1   5397 google_battery: MSC_DIN chg_state=1c2115f04010009 f=0x9 chg_s=Charging chg_t=Taper vchg=4447 icl=450
04-17 04:43:08.636057     0     0 I         : c1   5397 google_battery: MSC_STEADY vt=4430000 vb=4447260 fv_uv=4430000 margin=100000
04-17 04:43:08.636084     0     0 I         : c1   5397 google_battery: hold not defined for msc_state=10
04-17 04:43:08.636110     0     0 I         : c1   5397 google_battery: MSC_RSTC vt=4430000 vb=4447260 fv_uv=4430000 ibatt=-129394 cc_next_max=120000 t_cnt=0
04-17 04:43:08.636127     0     0 I         : c1   5397 google_battery: hold not defined for msc_state=14
04-17 04:43:08.636186     0     0 I         : c1   5397 google_battery: MSC_VOTE msc_state=14 cv_cnt=0 ov_cnt=0 temp_idx:2, vbatt_idx:4  fv_uv=4430000 cc_max=600000 update_interval=2000
04-17 04:43:08.636279     0     0 I         : c1   5397 google_charger: MSC_CHG fv_uv=4430000, cc_max=600000, rerun in 2000 ms (0)
--------- switch to main
04-17 04:43:08.665129   984  1089 W ASH     : @ 12118.343: touch gesture: no valid gesture detected
04-17 04:43:08.729674   984  1089 W ASH     : @ 12118.407: touch gesture: no valid gesture detected
04-17 04:43:08.794282   984  1089 W ASH     : @ 12118.472: touch gesture: no valid gesture detected
04-17 04:43:08.858777   984  1089 W ASH     : @ 12118.536: touch gesture: no valid gesture detected
04-17 04:43:08.923413   984  1089 W ASH     : @ 12118.601: touch gesture: no valid gesture detected
04-17 04:43:08.988147   984  1089 W ASH     : @ 12118.666: touch gesture: no valid gesture detected
04-17 04:43:09.052541   984  1089 W ASH     : @ 12118.730: touch gesture: no valid gesture detected
04-17 04:43:09.117264   984  1089 W ASH     : @ 12118.795: touch gesture: no valid gesture detected
04-17 04:43:09.181655   984  1089 W ASH     : @ 12118.859: touch gesture: no valid gesture detected
04-17 04:43:09.245094   984  1089 W ASH     : @ 12118.924: touch gesture: no valid gesture detected
04-17 04:43:09.311106   984  1089 W ASH     : @ 12118.989: touch gesture: no valid gesture detected
04-17 04:43:09.375691   984  1089 W ASH     : @ 12119.053: touch gesture: no valid gesture detected
04-17 04:43:09.440360   984  1089 W ASH     : @ 12119.118: touch gesture: no valid gesture detected
04-17 04:43:09.504942   984  1089 W ASH     : @ 12119.182: touch gesture: no valid gesture detected
04-17 04:43:09.569731   984  1089 W ASH     : @ 12119.247: touch gesture: no valid gesture detected
04-17 04:43:09.633991   984  1089 W ASH     : @ 12119.311: touch gesture: no valid gesture detected
04-17 04:43:09.698496   984  1089 W ASH     : @ 12119.376: touch gesture: no valid gesture detected
04-17 04:43:09.762980   984  1089 W ASH     : @ 12119.441: touch gesture: no valid gesture detected
04-17 04:43:09.827664   984  1089 W ASH     : @ 12119.505: touch gesture: no valid gesture detected
04-17 04:43:09.892390   984  1089 W ASH     : @ 12119.570: touch gesture: no valid gesture detected
04-17 04:43:09.957086   984  1089 W ASH     : @ 12119.635: touch gesture: no valid gesture detected
04-17 04:43:10.021577   984  1089 W ASH     : @ 12119.699: touch gesture: no valid gesture detected
04-17 04:43:10.086139   984  1089 W ASH     : @ 12119.764: touch gesture: no valid gesture detected
04-17 04:43:10.150443   984  1089 W ASH     : @ 12119.828: touch gesture: no valid gesture detected
04-17 04:43:10.215144   984  1089 W ASH     : @ 12119.893: touch gesture: no valid gesture detected
04-17 04:43:10.279857   984  1089 W ASH     : @ 12119.957: touch gesture: no valid gesture detected
04-17 04:43:10.344303   984  1089 W ASH     : @ 12120.022: touch gesture: no valid gesture detected
04-17 04:43:10.409035   984  1089 W ASH     : @ 12120.087: touch gesture: no valid gesture detected
04-17 04:43:10.473908   984  1089 W ASH     : @ 12120.151: touch gesture: no valid gesture detected
04-17 04:43:10.538427   984  1089 W ASH     : @ 12120.216: touch gesture: no valid gesture detected
04-17 04:43:10.603080   984  1089 W ASH     : @ 12120.281: touch gesture: no valid gesture detected
--------- switch to kernel
04-17 04:43:10.645196     0     0 I         : c1   5397 google_charger: usbchg=USB typec=C usbv=5000 usbc=80 usbMv=5000 usbMc=450
04-17 04:43:10.645389     0     0 I         : c1   5397 sm7250_bms: MSC_PCS chg_state=1c2115e04010009 [0x9:4:1:4446:450] chg=u
04-17 04:43:10.645467     0     0 I         : c1   5397 google_battery: MSC_DIN chg_state=1c2115e04010009 f=0x9 chg_s=Charging chg_t=Taper vchg=4446 icl=450
04-17 04:43:10.659163     0     0 I         : c1   5397 google_battery: MSC_STEADY vt=4430000 vb=4447650 fv_uv=4430000 margin=100000
04-17 04:43:10.659218     0     0 I         : c1   5397 google_battery: hold not defined for msc_state=10
04-17 04:43:10.659246     0     0 I         : c1   5397 google_battery: MSC_NYET ibatt=-102844 cc_next_max=120000 t_cnt=1
04-17 04:43:10.659266     0     0 I         : c1   5397 google_battery: hold not defined for msc_state=16
04-17 04:43:10.659330     0     0 I         : c1   5397 google_battery: MSC_VOTE msc_state=16 cv_cnt=0 ov_cnt=0 temp_idx:2, vbatt_idx:4  fv_uv=4430000 cc_max=600000 update_interval=2000
04-17 04:43:10.659606     0     0 I         : c1   5397 google_charger: MSC_CHG fv_uv=4430000, cc_max=600000, rerun in 2000 ms (0)
--------- switch to main
04-17 04:43:10.666510   984  1089 W ASH     : @ 12120.345: touch gesture: no valid gesture detected
04-17 04:43:10.732344   984  1089 W ASH     : @ 12120.409: touch gesture: no valid gesture detected
04-17 04:43:10.796880   984  1089 W ASH     : @ 12120.475: touch gesture: no valid gesture detected
04-17 04:43:10.861614   984  1089 W ASH     : @ 12120.539: touch gesture: no valid gesture detected
04-17 04:43:10.925387   984  1089 W ASH     : @ 12120.603: touch gesture: no valid gesture detected
04-17 04:43:10.990658   984  1089 W ASH     : @ 12120.668: touch gesture: no valid gesture detected
04-17 04:43:11.055484   984  1089 W ASH     : @ 12120.733: touch gesture: no valid gesture detected
04-17 04:43:11.119804   984  1089 W ASH     : @ 12120.797: touch gesture: no valid gesture detected
04-17 04:43:11.184493   984  1089 W ASH     : @ 12120.862: touch gesture: no valid gesture detected
04-17 04:43:11.248777   984  1089 W ASH     : @ 12120.926: touch gesture: no valid gesture detected
04-17 04:43:11.313540   984  1089 W ASH     : @ 12120.991: touch gesture: no valid gesture detected
04-17 04:43:11.377115   984  1089 W ASH     : @ 12121.056: touch gesture: no valid gesture detected
04-17 04:43:11.442455   984  1089 W ASH     : @ 12121.120: touch gesture: no valid gesture detected
04-17 04:43:11.507128   984  1089 W ASH     : @ 12121.185: touch gesture: no valid gesture detected
04-17 04:43:11.571783   984  1089 W ASH     : @ 12121.249: touch gesture: no valid gesture detected
04-17 04:43:11.636299   984  1089 W ASH     : @ 12121.314: touch gesture: no valid gesture detected
04-17 04:43:11.700841   984  1089 W ASH     : @ 12121.379: touch gesture: no valid gesture detected
04-17 04:43:11.765620   984  1089 W ASH     : @ 12121.443: touch gesture: no valid gesture detected
04-17 04:43:11.830231   984  1089 W ASH     : @ 12121.508: touch gesture: no valid gesture detected
04-17 04:43:11.894816   984  1089 W ASH     : @ 12121.572: touch gesture: no valid gesture detected
04-17 04:43:11.959305   984  1089 W ASH     : @ 12121.637: touch gesture: no valid gesture detected
04-17 04:43:12.024066   984  1089 W ASH     : @ 12121.702: touch gesture: no valid gesture detected
04-17 04:43:12.088668   984  1089 W ASH     : @ 12121.766: touch gesture: no valid gesture detected
04-17 04:43:12.153433   984  1089 W ASH     : @ 12121.831: touch gesture: no valid gesture detected
04-17 04:43:12.218069   984  1089 W ASH     : @ 12121.896: touch gesture: no valid gesture detected
04-17 04:43:12.282586   984  1089 W ASH     : @ 12121.960: touch gesture: no valid gesture detected
04-17 04:43:12.347541   984  1089 W ASH     : @ 12122.025: touch gesture: no valid gesture detected
04-17 04:43:12.412034   984  1089 W ASH     : @ 12122.089: touch gesture: no valid gesture detected
04-17 04:43:12.476178   984  1089 W ASH     : @ 12122.154: touch gesture: no valid gesture detected
04-17 04:43:12.540779   984  1089 W ASH     : @ 12122.218: touch gesture: no valid gesture detected
