04-17 04:25:00.354232   984  1089 W ASH     : @ 11030.031: touch gesture: no valid gesture detected
04-17 04:25:00.418003   984  1089 W ASH     : @ 11030.096: touch gesture: no valid gesture detected
04-17 04:25:00.482564   984  1089 W ASH     : @ 11030.160: touch gesture: no valid gesture detected
04-17 04:25:00.547372   984  1089 W ASH     : @ 11030.225: touch gesture: no valid gesture detected
04-17 04:25:00.611054   984  1089 W ASH     : @ 11030.289: touch gesture: no valid gesture detected
04-17 04:25:00.676259   984  1089 W ASH     : @ 11030.354: touch gesture: no valid gesture detected
04-17 04:25:00.740579   984  1089 W ASH     : @ 11030.418: touch gesture: no valid gesture detected
04-17 04:25:00.805037   984  1089 W ASH     : @ 11030.483: touch gesture: no valid gesture detected
04-17 04:25:00.869625   984  1089 W ASH     : @ 11030.547: touch gesture: no valid gesture detected
04-17 04:25:00.933842   984  1089 W ASH     : @ 11030.612: touch gesture: no valid gesture detected
04-17 04:25:00.998632   984  1089 W ASH     : @ 11030.676: touch gesture: no valid gesture detected
04-17 04:25:01.062924   984  1089 W ASH     : @ 11030.741: touch gesture: no valid gesture detected
04-17 04:25:01.125939   984  1089 W ASH     : @ 11030.805: touch gesture: no valid gesture detected
04-17 04:25:01.191844   984  1089 W ASH     : @ 11030.870: touch gesture: no valid gesture detected
04-17 04:25:01.256083   984  1089 W ASH     : @ 11030.934: touch gesture: no valid gesture detected
04-17 04:25:01.320780   984  1089 W ASH     : @ 11030.998: touch gesture: no valid gesture detected
04-17 04:25:01.385746   984  1089 W ASH     : @ 11031.063: touch gesture: no valid gesture detected
04-17 04:25:01.449996   984  1089 W ASH     : @ 11031.127: touch gesture: no valid gesture detected
04-17 04:25:01.513004   984  1089 W ASH     : @ 11031.192: touch gesture: no valid gesture detected
04-17 04:25:01.579011   984  1089 W ASH     : @ 11031.256: touch gesture: no valid gesture detected
04-17 04:25:01.643353   984  1089 W ASH     : @ 11031.321: touch gesture: no valid gesture detected
04-17 04:25:01.707246   984  1089 W ASH     : @ 11031.385: touch gesture: no valid gesture detected
04-17 04:25:01.771950   984  1089 W ASH     : @ 11031.450: touch gesture: no valid gesture detected
04-17 04:25:01.836402   984  1089 W ASH     : @ 11031.514: touch gesture: no valid gesture detected
04-17 04:25:01.900628   984  1089 W ASH     : @ 11031.578: touch gesture: no valid gesture detected
04-17 04:25:01.965254   984  1089 W ASH     : @ 11031.643: touch gesture: no valid gesture detected
04-17 04:25:02.029491   984  1089 W ASH     : @ 11031.707: touch gesture: no valid gesture detected
04-17 04:25:02.093973   984  1089 W ASH     : @ 11031.772: touch gesture: no valid gesture detected
04-17 04:25:02.158522   984  1089 W ASH     : @ 11031.836: touch gesture: no valid gesture detected
04-17 04:25:02.223028   984  1089 W ASH     : @ 11031.901: touch gesture: no valid gesture detected
--------- switch to kernel
04-17 04:25:02.252188     0     0 I         : c1   5371 google_charger: usbchg=USB typec=C usbv=4988 usbc=126 usbMv=5000 usbMc=450
04-17 04:25:02.252380     0     0 I         : c1   5371 sm7250_bms: MSC_PCS chg_state=1c2116104010009 [0x9:4:1:4449:450] chg=u
04-17 04:25:02.252457     0     0 I         : c1   5371 google_battery: MSC_DIN chg_state=1c2116104010009 f=0x9 chg_s=Charging chg_t=Taper vchg=4449 icl=450
04-17 04:25:02.253956     0     0 I         : c1   5371 google_battery: MSC_STEADY vt=4430000 vb=4449012 fv_uv=4430000 margin=100000
04-17 04:25:02.253979     0     0 I         : c1   5371 google_battery: hold not defined for msc_state=10
04-17 04:25:02.254002     0     0 I         : c1   5371 google_battery: MSC_RSTC vt=4430000 vb=4449012 fv_uv=4430000 ibatt=-155639 cc_next_max=120000 t_cnt=0
04-17 04:25:02.254017     0     0 I         : c1   5371 google_battery: hold not defined for msc_state=14
04-17 04:25:02.254068     0     0 I         : c1   5371 google_battery: MSC_VOTE msc_state=14 cv_cnt=0 ov_cnt=0 temp_idx:2, vbatt_idx:4  fv_uv=4430000 cc_max=600000 update_interval=2000
04-17 04:25:02.254164     0     0 I         : c1   5371 google_charger: MSC_CHG fv_uv=4430000, cc_max=600000, rerun in 2000 ms (0)
--------- switch to main
04-17 04:25:02.287536   984  1089 W ASH     : @ 11031.965: touch gesture: no valid gesture detected
04-17 04:25:02.352412   984  1089 W ASH     : @ 11032.030: touch gesture: no valid gesture detected
04-17 04:25:02.416433   984  1089 W ASH     : @ 11032.094: touch gesture: no valid gesture detected
04-17 04:25:02.480976   984  1089 W ASH     : @ 11032.159: touch gesture: no valid gesture detected
04-17 04:25:02.545250   984  1089 W ASH     : @ 11032.223: touch gesture: no valid gesture detected
04-17 04:25:02.610244   984  1089 W ASH     : @ 11032.288: touch gesture: no valid gesture detected
04-17 04:25:02.674473   984  1089 W ASH     : @ 11032.352: touch gesture: no valid gesture detected
04-17 04:25:02.738971   984  1089 W ASH     : @ 11032.417: touch gesture: no valid gesture detected
04-17 04:25:02.803555   984  1089 W ASH     : @ 11032.481: touch gesture: no valid gesture detected
04-17 04:25:02.868205   984  1089 W ASH     : @ 11032.546: touch gesture: no valid gesture detected
04-17 04:25:02.932623   984  1089 W ASH     : @ 11032.610: touch gesture: no valid gesture detected
04-17 04:25:02.997108   984  1089 W ASH     : @ 11032.675: touch gesture: no valid gesture detected
04-17 04:25:03.061768   984  1089 W ASH     : @ 11032.739: touch gesture: no valid gesture detected
04-17 04:25:03.125978   984  1089 W ASH     : @ 11032.804: touch gesture: no valid gesture detected
04-17 04:25:03.190675   984  1089 W ASH     : @ 11032.868: touch gesture: no valid gesture detected
04-17 04:25:03.255163   984  1089 W ASH     : @ 11032.933: touch gesture: no valid gesture detected
04-17 04:25:03.319708   984  1089 W ASH     : @ 11032.997: touch gesture: no valid gesture detected
04-17 04:25:03.383827   984  1089 W ASH     : @ 11033.062: touch gesture: no valid gesture detected
04-17 04:25:03.448348   984  1089 W ASH     : @ 11033.126: touch gesture: no valid gesture detected
04-17 04:25:03.512943   984  1089 W ASH     : @ 11033.191: touch gesture: no valid gesture detected
04-17 04:25:03.577574   984  1089 W ASH     : @ 11033.255: touch gesture: no valid gesture detected
04-17 04:25:03.641891   984  1089 W ASH     : @ 11033.320: touch gesture: no valid gesture detected
04-17 04:25:03.706179   984  1089 W ASH     : @ 11033.384: touch gesture: no valid gesture detected
04-17 04:25:03.770745   984  1089 W ASH     : @ 11033.449: touch gesture: no valid gesture detected
04-17 04:25:03.835145   984  1089 W ASH     : @ 11033.513: touch gesture: no valid gesture detected
04-17 04:25:03.899858   984  1089 W ASH     : @ 11033.577: touch gesture: no valid gesture detected
04-17 04:25:03.964381   984  1089 W ASH     : @ 11033.642: touch gesture: no valid gesture detected
04-17 04:25:04.028652   984  1089 W ASH     : @ 11033.706: touch gesture: no valid gesture detected
04-17 04:25:04.093126   984  1089 W ASH     : @ 11033.771: touch gesture: no valid gesture detected
04-17 04:25:04.157225   984  1089 W ASH     : @ 11033.835: touch gesture: no valid gesture detected
04-17 04:25:04.221824   984  1089 W ASH     : @ 11033.900: touch gesture: no valid gesture detected
--------- switch to kernel
04-17 04:25:04.263143     0     0 I         : c1   5371 google_charger: usbchg=USB typec=C usbv=4957 usbc=196 usbMv=5000 usbMc=450
04-17 04:25:04.263326     0     0 I         : c1   5371 sm7250_bms: MSC_PCS chg_state=1c2116004010009 [0x9:4:1:4448:450] chg=u
04-17 04:25:04.263399     0     0 I         : c1   5371 google_battery: MSC_DIN chg_state=1c2116004010009 f=0x9 chg_s=Charging chg_t=Taper vchg=4448 icl=450
04-17 04:25:04.265170     0     0 I         : c1   5371 google_battery: MSC_STEADY vt=4430000 vb=4448039 fv_uv=4430000 margin=100000
04-17 04:25:04.265195     0     0 I         : c1   5371 google_battery: hold not defined for msc_state=10
04-17 04:25:04.265217     0     0 I         : c1   5371 google_battery: MSC_RSTC vt=4430000 vb=4448039 fv_uv=4430000 ibatt=-145568 cc_next_max=120000 t_cnt=0
04-17 04:25:04.265232     0     0 I         : c1   5371 google_battery: hold not defined for msc_state=14
04-17 04:25:04.265279     0     0 I         : c1   5371 google_battery: MSC_VOTE msc_state=14 cv_cnt=0 ov_cnt=0 temp_idx:2, vbatt_idx:4  fv_uv=4430000 cc_max=600000 update_interval=2000
04-17 04:25:04.265368     0     0 I         : c1   5371 google_charger: MSC_CHG fv_uv=4430000, cc_max=600000, rerun in 2000 ms (0)
--------- switch to main
04-17 04:25:04.286413   984  1089 W ASH     : @ 11033.964: touch gesture: no valid gesture detected
04-17 04:25:04.351220   984  1089 W ASH     : @ 11034.029: touch gesture: no valid gesture detected
04-17 04:25:04.415609   984  1089 W ASH     : @ 11034.093: touch gesture: no valid gesture detected
04-17 04:25:04.479927   984  1089 W ASH     : @ 11034.158: touch gesture: no valid gesture detected
04-17 04:25:04.544437   984  1089 W ASH     : @ 11034.222: touch gesture: no valid gesture detected
04-17 04:25:04.608829   984  1089 W ASH     : @ 11034.287: touch gesture: no valid gesture detected
04-17 04:25:04.673089   984  1089 W ASH     : @ 11034.351: touch gesture: no valid gesture detected
04-17 04:25:04.737614   984  1089 W ASH     : @ 11034.415: touch gesture: no valid gesture detected
04-17 04:25:04.802275   984  1089 W ASH     : @ 11034.480: touch gesture: no valid gesture detected
04-17 04:25:04.866556   984  1089 W ASH     : @ 11034.544: touch gesture: no valid gesture detected
04-17 04:25:04.930883   984  1089 W ASH     : @ 11034.609: touch gesture: no valid gesture detected
04-17 04:25:04.995491   984  1089 W ASH     : @ 11034.673: touch gesture: no valid gesture detected
04-17 04:25:05.060029   984  1089 W ASH     : @ 11034.737: touch gesture: no valid gesture detected
04-17 04:25:05.124205   984  1089 W ASH     : @ 11034.802: touch gesture: no valid gesture detected
04-17 04:25:05.188711   984  1089 W ASH     : @ 11034.866: touch gesture: no valid gesture detected
04-17 04:25:05.253054   984  1089 W ASH     : @ 11034.931: touch gesture: no valid gesture detected
04-17 04:25:05.317451   984  1089 W ASH     : @ 11034.995: touch gesture: no valid gesture detected
04-17 04:25:05.382238   984  1089 W ASH     : @ 11035.060: touch gesture: no valid gesture detected
04-17 04:25:05.446444   984  1089 W ASH     : @ 11035.124: touch gesture: no valid gesture detected
04-17 04:25:05.510147   984  1089 W ASH     : @ 11035.188: touch gesture: no valid gesture detected
04-17 04:25:05.575204   984  1089 W ASH     : @ 11035.253: touch gesture: no valid gesture detected
04-17 04:25:05.639480   984  1089 W ASH     : @ 11035.317: touch gesture: no valid gesture detected
04-17 04:25:05.703848   984  1089 W ASH     : @ 11035.382: touch gesture: no valid gesture detected
04-17 04:25:05.768547   984  1089 W ASH     : @ 11035.446: touch gesture: no valid gesture detected
04-17 04:25:05.832693   984  1089 W ASH     : @ 11035.511: touch gesture: no valid gesture detected
04-17 04:25:05.897306   984  1089 W ASH     : @ 11035.575: touch gesture: no valid gesture detected
04-17 04:25:05.961825   984  1089 W ASH     : @ 11035.639: touch gesture: no valid gesture detected
04-17 04:25:06.026055   984  1089 W ASH     : @ 11035.704: touch gesture: no valid gesture detected
04-17 04:25:06.090558   984  1089 W ASH     : @ 11035.768: touch gesture: no valid gesture detected
04-17 04:25:06.154941   984  1089 W ASH     : @ 11035.833: touch gesture: no valid gesture detected
04-17 04:25:06.219474   984  1089 W ASH     : @ 11035.897: touch gesture: no valid gesture detected
--------- switch to kernel
04-17 04:25:06.274687     0     0 I         : c1   5371 google_charger: usbchg=USB typec=C usbv=4984 usbc=120 usbMv=5000 usbMc=450
04-17 04:25:06.274879     0     0 I         : c1   5371 sm7250_bms: MSC_PCS chg_state=1c2116004010009 [0x9:4:1:4448:450] chg=u
04-17 04:25:06.274958     0     0 I         : c1   5371 google_battery: MSC_DIN chg_state=1c2116004010009 f=0x9 chg_s=Charging chg_t=Taper vchg=4448 icl=450
04-17 04:25:06.276693     0     0 I         : c1   5371 google_battery: MSC_STEADY vt=4430000 vb=4448039 fv_uv=4430000 margin=100000
04-17 04:25:06.276721     0     0 I         : c1   5371 google_battery: hold not defined for msc_state=10
04-17 04:25:06.276746     0     0 I         : c1   5371 google_battery: MSC_RSTC vt=4430000 vb=4448039 fv_uv=4430000 ibatt=-134277 cc_next_max=120000 t_cnt=0
04-17 04:25:06.276763     0     0 I         : c1   5371 google_battery: hold not defined for msc_state=14
04-17 04:25:06.276819     0     0 I         : c1   5371 google_battery: MSC_VOTE msc_state=14 cv_cnt=0 ov_cnt=0 temp_idx:2, vbatt_idx:4  fv_uv=4430000 cc_max=600000 update_interval=2000
04-17 04:25:06.276926     0     0 I         : c1   5371 google_charger: MSC_CHG fv_uv=4430000, cc_max=600000, rerun in 2000 ms (0)
--------- switch to main
04-17 04:25:06.282762   984  1089 W ASH     : @ 11035.961: touch gesture: no valid gesture detected
04-17 04:25:06.348626   984  1089 W ASH     : @ 11036.026: touch gesture: no valid gesture detected
04-17 04:25:06.412709   984  1089 W ASH     : @ 11036.090: touch gesture: no valid gesture detected
--------- switch to kernel
04-17 04:25:06.433400     0     0 I         : c1   5350 qcom_rpmh DRV:apps_rsc TCS Busy, retrying RPMH message send: addr=0x30000
--------- switch to main
04-17 04:25:06.477238   984  1089 W ASH     : @ 11036.155: touch gesture: no valid gesture detected
04-17 04:25:06.541884   984  1089 W ASH     : @ 11036.219: touch gesture: no valid gesture detected
04-17 04:25:06.606131   984  1089 W ASH     : @ 11036.284: touch gesture: no valid gesture detected
04-17 04:25:06.670556   984  1089 W ASH     : @ 11036.348: touch gesture: no valid gesture detected
04-17 04:25:06.734897   984  1089 W ASH     : @ 11036.412: touch gesture: no valid gesture detected
04-17 04:25:06.799182   984  1089 W ASH     : @ 11036.477: touch gesture: no valid gesture detected
04-17 04:25:06.863490   984  1089 W ASH     : @ 11036.541: touch gesture: no valid gesture detected
04-17 04:25:06.928187   984  1089 W ASH     : @ 11036.606: touch gesture: no valid gesture detected
04-17 04:25:06.992271   984  1089 W ASH     : @ 11036.670: touch gesture: no valid gesture detected
04-17 04:25:07.056524   984  1089 W ASH     : @ 11036.734: touch gesture: no valid gesture detected
04-17 04:25:07.120971   984  1089 W ASH     : @ 11036.799: touch gesture: no valid gesture detected
04-17 04:25:07.185676   984  1089 W ASH     : @ 11036.863: touch gesture: no valid gesture detected
04-17 04:25:07.249705   984  1089 W ASH     : @ 11036.927: touch gesture: no valid gesture detected
04-17 04:25:07.314231   984  1089 W ASH     : @ 11036.992: touch gesture: no valid gesture detected
04-17 04:25:07.378372   984  1089 W ASH     : @ 11037.056: touch gesture: no valid gesture detected
04-17 04:25:07.443409   984  1089 W ASH     : @ 11037.121: touch gesture: no valid gesture detected
04-17 04:25:07.507801   984  1089 W ASH     : @ 11037.185: touch gesture: no valid gesture detected
04-17 04:25:07.572008   984  1089 W ASH     : @ 11037.250: touch gesture: no valid gesture detected
04-17 04:25:07.636091   984  1089 W ASH     : @ 11037.314: touch gesture: no valid gesture detected
04-17 04:25:07.700726   984  1089 W ASH     : @ 11037.378: touch gesture: no valid gesture detected
04-17 04:25:07.765400   984  1089 W ASH     : @ 11037.443: touch gesture: no valid gesture detected
04-17 04:25:07.829602   984  1089 W ASH     : @ 11037.507: touch gesture: no valid gesture detected
04-17 04:25:07.894073   984  1089 W ASH     : @ 11037.572: touch gesture: no valid gesture detected
04-17 04:25:07.958640   984  1089 W ASH     : @ 11037.636: touch gesture: no valid gesture detected
04-17 04:25:08.022919   984  1089 W ASH     : @ 11037.701: touch gesture: no valid gesture detected
04-17 04:25:08.087433   984  1089 W ASH     : @ 11037.765: touch gesture: no valid gesture detected
04-17 04:25:08.151980   984  1089 W ASH     : @ 11037.830: touch gesture: no valid gesture detected
04-17 04:25:08.216426   984  1089 W ASH     : @ 11037.894: touch gesture: no valid gesture detected
04-17 04:25:08.279892   984  1089 W ASH     : @ 11037.958: touch gesture: no valid gesture detected
--------- switch to kernel
04-17 04:25:08.282444     0     0 I         : c1   5371 google_charger: usbchg=USB typec=C usbv=4978 usbc=120 usbMv=5000 usbMc=450
04-17 04:25:08.282621     0     0 I         : c1   5371 sm7250_bms: MSC_PCS chg_state=1c2116004010009 [0x9:4:1:4448:450] chg=u
04-17 04:25:08.282681     0     0 I         : c1   5371 google_battery: MSC_DIN chg_state=1c2116004010009 f=0x9 chg_s=Charging chg_t=Taper vchg=4448 icl=450
04-17 04:25:08.283910     0     0 I         : c1   5371 google_battery: MSC_STEADY vt=4430000 vb=4448623 fv_uv=4430000 margin=100000
04-17 04:25:08.283933     0     0 I         : c1   5371 google_battery: hold not defined for msc_state=10
04-17 04:25:08.283958     0     0 I         : c1   5371 google_battery: MSC_RSTC vt=4430000 vb=4448623 fv_uv=4430000 ibatt=-155334 cc_next_max=120000 t_cnt=0
04-17 04:25:08.283973     0     0 I         : c1   5371 google_battery: hold not defined for msc_state=14
04-17 04:25:08.284048     0     0 I         : c1   5371 google_battery: MSC_VOTE msc_state=14 cv_cnt=0 ov_cnt=0 temp_idx:2, vbatt_idx:4  fv_uv=4430000 cc_max=600000 update_interval=2000
04-17 04:25:08.284142     0     0 I         : c1   5371 google_charger: MSC_CHG fv_uv=4430000, cc_max=600000, rerun in 2000 ms (0)
--------- switch to main
04-17 04:25:08.345225   984  1089 W ASH     : @ 11038.023: touch gesture: no valid gesture detected
04-17 04:25:08.409945   984  1089 W ASH     : @ 11038.087: touch gesture: no valid gesture detected
04-17 04:25:08.474064   984  1089 W ASH     : @ 11038.152: touch gesture: no valid gesture detected
04-17 04:25:08.538616   984  1089 W ASH     : @ 11038.216: touch gesture: no valid gesture detected
04-17 04:25:08.602957   984  1089 W ASH     : @ 11038.281: touch gesture: no valid gesture detected
04-17 04:25:08.667629   984  1089 W ASH     : @ 11038.345: touch gesture: no valid gesture detected
04-17 04:25:08.732115   984  1089 W ASH     : @ 11038.410: touch gesture: no valid gesture detected
04-17 04:25:08.796352   984  1089 W ASH     : @ 11038.474: touch gesture: no valid gesture detected
04-17 04:25:08.860940   984  1089 W ASH     : @ 11038.539: touch gesture: no valid gesture detected
04-17 04:25:08.924402   984  1089 W ASH     : @ 11038.603: touch gesture: no valid gesture detected
04-17 04:25:08.990130   984  1089 W ASH     : @ 11038.668: touch gesture: no valid gesture detected
04-17 04:25:09.054389   984  1089 W ASH     : @ 11038.732: touch gesture: no valid gesture detected
04-17 04:25:09.119105   984  1089 W ASH     : @ 11038.797: touch gesture: no valid gesture detected
04-17 04:25:09.183316   984  1089 W ASH     : @ 11038.861: touch gesture: no valid gesture detected
04-17 04:25:09.247976   984  1089 W ASH     : @ 11038.926: touch gesture: no valid gesture detected
04-17 04:25:09.312486   984  1089 W ASH     : @ 11038.990: touch gesture: no valid gesture detected
04-17 04:25:09.376815   984  1089 W ASH     : @ 11039.054: touch gesture: no valid gesture detected
04-17 04:25:09.440998   984  1089 W ASH     : @ 11039.119: touch gesture: no valid gesture detected
04-17 04:25:09.505607   984  1089 W ASH     : @ 11039.183: touch gesture: no valid gesture detected
04-17 04:25:09.568335   984  1089 W ASH     : @ 11039.248: touch gesture: no valid gesture detected
04-17 04:25:09.634443   984  1089 W ASH     : @ 11039.312: touch gesture: no valid gesture detected
04-17 04:25:09.699192   984  1089 W ASH     : @ 11039.377: touch gesture: no valid gesture detected
04-17 04:25:09.763473   984  1089 W ASH     : @ 11039.441: touch gesture: no valid gesture detected
04-17 04:25:09.827904   984  1089 W ASH     : @ 11039.505: touch gesture: no valid gesture detected
04-17 04:25:09.892144   984  1089 W ASH     : @ 11039.570: touch gesture: no valid gesture detected
04-17 04:25:09.956713   984  1089 W ASH     : @ 11039.634: touch gesture: no valid gesture detected
04-17 04:25:10.021258   984  1089 W ASH     : @ 11039.699: touch gesture: no valid gesture detected
04-17 04:25:10.085897   984  1089 W ASH     : @ 11039.763: touch gesture: no valid gesture detected
04-17 04:25:10.150152   984  1089 W ASH     : @ 11039.828: touch gesture: no valid gesture detected
04-17 04:25:10.214488   984  1089 W ASH     : @ 11039.892: touch gesture: no valid gesture detected
04-17 04:25:10.278930   984  1089 W ASH     : @ 11039.957: touch gesture: no valid gesture detected
--------- switch to kernel
04-17 04:25:10.287291     0     0 I         : c1   5371 google_charger: usbchg=USB typec=C usbv=4995 usbc=96 usbMv=5000 usbMc=450
04-17 04:25:10.287553     0     0 I         : c1   5371 sm7250_bms: MSC_PCS chg_state=1c2116004010009 [0x9:4:1:4448:450] chg=u
04-17 04:25:10.287610     0     0 I         : c1   5371 google_battery: MSC_DIN chg_state=1c2116004010009 f=0x9 chg_s=Charging chg_t=Taper vchg=4448 icl=450
04-17 04:25:10.288742     0     0 I         : c1   5371 google_battery: MSC_STEADY vt=4430000 vb=4448233 fv_uv=4430000 margin=100000
04-17 04:25:10.288765     0     0 I         : c1   5371 google_battery: hold not defined for msc_state=10
04-17 04:25:10.288787     0     0 I         : c1   5371 google_battery: MSC_RSTC vt=4430000 vb=4448233 fv_uv=4430000 ibatt=-158996 cc_next_max=120000 t_cnt=0
04-17 04:25:10.288803     0     0 I         : c1   5371 google_battery: hold not defined for msc_state=14
04-17 04:25:10.288855     0     0 I         : c1   5371 google_battery: MSC_VOTE msc_state=14 cv_cnt=0 ov_cnt=0 temp_idx:2, vbatt_idx:4  fv_uv=4430000 cc_max=600000 update_interval=2000
04-17 04:25:10.288931     0     0 I         : c1   5371 google_charger: MSC_CHG fv_uv=4430000, cc_max=600000, rerun in 2000 ms (0)
--------- switch to main
04-17 04:25:10.343357   984  1089 W ASH     : @ 11040.021: touch gesture: no valid gesture detected
04-17 04:25:10.407739   984  1089 W ASH     : @ 11040.085: touch gesture: no valid gesture detected
04-17 04:25:10.472111   984  1089 W ASH     : @ 11040.150: touch gesture: no valid gesture detected
04-17 04:25:10.536557   984  1089 W ASH     : @ 11040.214: touch gesture: no valid gesture detected
04-17 04:25:10.601013   984  1089 W ASH     : @ 11040.279: touch gesture: no valid gesture detected
04-17 04:25:10.665648   984  1089 W ASH     : @ 11040.343: touch gesture: no valid gesture detected
04-17 04:25:10.729791   984  1089 W ASH     : @ 11040.408: touch gesture: no valid gesture detected
04-17 04:25:10.794241   984  1089 W ASH     : @ 11040.472: touch gesture: no valid gesture detected
04-17 04:25:10.858997   984  1089 W ASH     : @ 11040.536: touch gesture: no valid gesture detected
04-17 04:25:10.923316   984  1089 W ASH     : @ 11040.601: touch gesture: no valid gesture detected
04-17 04:25:10.987785   984  1089 W ASH     : @ 11040.665: touch gesture: no valid gesture detected
04-17 04:25:11.052255   984  1089 W ASH     : @ 11040.730: touch gesture: no valid gesture detected
04-17 04:25:11.116338   984  1089 W ASH     : @ 11040.794: touch gesture: no valid gesture detected
04-17 04:25:11.181086   984  1089 W ASH     : @ 11040.859: touch gesture: no valid gesture detected
04-17 04:25:11.245433   984  1089 W ASH     : @ 11040.923: touch gesture: no valid gesture detected
04-17 04:25:11.309575   984  1089 W ASH     : @ 11040.987: touch gesture: no valid gesture detected
04-17 04:25:11.373959   984  1089 W ASH     : @ 11041.052: touch gesture: no valid gesture detected
04-17 04:25:11.438478   984  1089 W ASH     : @ 11041.116: touch gesture: no valid gesture detected
04-17 04:25:11.502523   984  1089 W ASH     : @ 11041.180: touch gesture: no valid gesture detected
04-17 04:25:11.567515   984  1089 W ASH     : @ 11041.245: touch gesture: no valid gesture detected
04-17 04:25:11.632083   984  1089 W ASH     : @ 11041.310: touch gesture: no valid gesture detected
04-17 04:25:11.695832   984  1089 W ASH     : @ 11041.374: touch gesture: no valid gesture detected
04-17 04:25:11.760765   984  1089 W ASH     : @ 11041.439: touch gesture: no valid gesture detected
04-17 04:25:11.825205   984  1089 W ASH     : @ 11041.503: touch gesture: no valid gesture detected
04-17 04:25:11.889259   984  1089 W ASH     : @ 11041.567: touch gesture: no valid gesture detected
04-17 04:25:11.954434   984  1089 W ASH     : @ 11041.632: touch gesture: no valid gesture detected
04-17 04:25:12.018749   984  1089 W ASH     : @ 11041.696: touch gesture: no valid gesture detected
04-17 04:25:12.083078   984  1089 W ASH     : @ 11041.761: touch gesture: no valid gesture detected
04-17 04:25:12.147601   984  1089 W ASH     : @ 11041.825: touch gesture: no valid gesture detected
04-17 04:25:12.212267   984  1089 W ASH     : @ 11041.890: touch gesture: no valid gesture detected
04-17 04:25:12.276457   984  1089 W ASH     : @ 11041.954: touch gesture: no valid gesture detected
--------- switch to kernel
04-17 04:25:12.293954     0     0 I         : c1   5371 google_charger: usbchg=USB typec=C usbv=4990 usbc=97 usbMv=5000 usbMc=450
04-17 04:25:12.294580     0     0 I         : c1   5371 sm7250_bms: MSC_PCS chg_state=1c2115f04010009 [0x9:4:1:4447:450] chg=u
04-17 04:25:12.294669     0     0 I         : c1   5371 google_battery: MSC_DIN chg_state=1c2115f04010009 f=0x9 chg_s=Charging chg_t=Taper vchg=4447 icl=450
04-17 04:25:12.309851     0     0 I         : c1   5371 google_battery: MSC_STEADY vt=4430000 vb=4447650 fv_uv=4430000 margin=100000
04-17 04:25:12.309899     0     0 I         : c1   5371 google_battery: hold not defined for msc_state=10
04-17 04:25:12.309924     0     0 I         : c1   5371 google_battery: MSC_RSTC vt=4430000 vb=4447650 fv_uv=4430000 ibatt=-155029 cc_next_max=120000 t_cnt=0
04-17 04:25:12.309940     0     0 I         : c1   5371 google_battery: hold not defined for msc_state=14
04-17 04:25:12.309997     0     0 I         : c1   5371 google_battery: MSC_VOTE msc_state=14 cv_cnt=0 ov_cnt=0 temp_idx:2, vbatt_idx:4  fv_uv=4430000 cc_max=600000 update_interval=2000
04-17 04:25:12.310112     0     0 I         : c1   5371 google_charger: MSC_CHG fv_uv=4430000, cc_max=600000, rerun in 2000 ms (0)
--------- switch to main
04-17 04:25:12.340671   984  1089 W ASH     : @ 11042.019: touch gesture: no valid gesture detected
04-17 04:25:12.405230   984  1089 W ASH     : @ 11042.083: touch gesture: no valid gesture detected
04-17 04:25:12.469420   984  1089 W ASH     : @ 11042.147: touch gesture: no valid gesture detected
04-17 04:25:12.534120   984  1089 W ASH     : @ 11042.212: touch gesture: no valid gesture detected
04-17 04:25:12.598877   984  1089 W ASH     : @ 11042.276: touch gesture: no valid gesture detected
04-17 04:25:12.662990   984  1089 W ASH     : @ 11042.341: touch gesture: no valid gesture detected
04-17 04:25:12.728198   984  1089 W ASH     : @ 11042.405: touch gesture: no valid gesture detected
04-17 04:25:12.791830   984  1089 W ASH     : @ 11042.470: touch gesture: no valid gesture detected
04-17 04:25:12.856349   984  1089 W ASH     : @ 11042.534: touch gesture: no valid gesture detected
04-17 04:25:12.920826   984  1089 W ASH     : @ 11042.598: touch gesture: no valid gesture detected
04-17 04:25:12.985413   984  1089 W ASH     : @ 11042.663: touch gesture: no valid gesture detected
04-17 04:25:13.049709   984  1089 W ASH     : @ 11042.727: touch gesture: no valid gesture detected
04-17 04:25:13.114040   984  1089 W ASH     : @ 11042.792: touch gesture: no valid gesture detected
04-17 04:25:13.178416   984  1089 W ASH     : @ 11042.856: touch gesture: no valid gesture detected
04-17 04:25:13.242900   984  1089 W ASH     : @ 11042.921: touch gesture: no valid gesture detected
04-17 04:25:13.307426   984  1089 W ASH     : @ 11042.985: touch gesture: no valid gesture detected
04-17 04:25:13.371958   984  1089 W ASH     : @ 11043.050: touch gesture: no valid gesture detected
04-17 04:25:13.436198   984  1089 W ASH     : @ 11043.114: touch gesture: no valid gesture detected
04-17 04:25:13.500741   984  1089 W ASH     : @ 11043.178: touch gesture: no valid gesture detected
04-17 04:25:13.565251   984  1089 W ASH     : @ 11043.243: touch gesture: no valid gesture detected
04-17 04:25:13.629585   984  1089 W ASH     : @ 11043.307: touch gesture: no valid gesture detected
04-17 04:25:13.694081   984  1089 W ASH     : @ 11043.372: touch gesture: no valid gesture detected
04-17 04:25:13.758699   984  1089 W ASH     : @ 11043.436: touch gesture: no valid gesture detected
04-17 04:25:13.823031   984  1089 W ASH     : @ 11043.501: touch gesture: no valid gesture detected
04-17 04:25:13.887396   984  1089 W ASH     : @ 11043.565: touch gesture: no valid gesture detected
04-17 04:25:13.952026   984  1089 W ASH     : @ 11043.629: touch gesture: no valid gesture detected
04-17 04:25:14.016250   984  1089 W ASH     : @ 11043.694: touch gesture: no valid gesture detected
04-17 04:25:14.080534   984  1089 W ASH     : @ 11043.758: touch gesture: no valid gesture detected
04-17 04:25:14.145029   984  1089 W ASH     : @ 11043.823: touch gesture: no valid gesture detected
04-17 04:25:14.209787   984  1089 W ASH     : @ 11043.887: touch gesture: no valid gesture detected
04-17 04:25:14.274228   984  1089 W ASH     : @ 11043.952: touch gesture: no valid gesture detected
--------- switch to kernel
04-17 04:25:14.318814     0     0 I         : c1   5371 google_charger: usbchg=USB typec=C usbv=4985 usbc=117 usbMv=5000 usbMc=450
04-17 04:25:14.319006     0     0 I         : c1   5371 sm7250_bms: MSC_PCS chg_state=1c2115f04010009 [0x9:4:1:4447:450] chg=u
04-17 04:25:14.319084     0     0 I         : c1   5371 google_battery: MSC_DIN chg_state=1c2115f04010009 f=0x9 chg_s=Charging chg_t=Taper vchg=4447 icl=450
04-17 04:25:14.320782     0     0 I         : c1   5371 google_battery: MSC_STEADY vt=4430000 vb=4447844 fv_uv=4430000 margin=100000
04-17 04:25:14.320806     0     0 I         : c1   5371 google_battery: hold not defined for msc_state=10
04-17 04:25:14.320852     0     0 I         : c1   5371 google_battery: MSC_RSTC vt=4430000 vb=4447844 fv_uv=4430000 ibatt=-156860 cc_next_max=120000 t_cnt=0
04-17 04:25:14.320885     0     0 I         : c1   5371 google_battery: hold not defined for msc_state=14
04-17 04:25:14.320950     0     0 I         : c1   5371 google_battery: MSC_VOTE msc_state=14 cv_cnt=0 ov_cnt=0 temp_idx:2, vbatt_idx:4  fv_uv=4430000 cc_max=600000 update_interval=2000
04-17 04:25:14.321041     0     0 I         : c1   5371 google_charger: MSC_CHG fv_uv=4430000, cc_max=600000, rerun in 2000 ms (0)
--------- switch to main
04-17 04:25:14.338586   984  1089 W ASH     : @ 11044.016: touch gesture: no valid gesture detected
04-17 04:25:14.402870   984  1089 W ASH     : @ 11044.081: touch gesture: no valid gesture detected
04-17 04:25:14.467165   984  1089 W ASH     : @ 11044.145: touch gesture: no valid gesture detected
04-17 04:25:14.531882   984  1089 W ASH     : @ 11044.209: touch gesture: no valid gesture detected
04-17 04:25:14.596127   984  1089 W ASH     : @ 11044.274: touch gesture: no valid gesture detected
04-17 04:25:14.660577   984  1089 W ASH     : @ 11044.338: touch gesture: no valid gesture detected
04-17 04:25:14.725225   984  1089 W ASH     : @ 11044.403: touch gesture: no valid gesture detected
04-17 04:25:14.789218   984  1089 W ASH     : @ 11044.467: touch gesture: no valid gesture detected
04-17 04:25:14.854149   984  1089 W ASH     : @ 11044.532: touch gesture: no valid gesture detected
04-17 04:25:14.918491   984  1089 W ASH     : @ 11044.596: touch gesture: no valid gesture detected
04-17 04:25:14.982781   984  1089 W ASH     : @ 11044.660: touch gesture: no valid gesture detected
04-17 04:25:15.047294   984  1089 W ASH     : @ 11044.725: touch gesture: no valid gesture detected
04-17 04:25:15.110202   984  1089 W ASH     : @ 11044.789: touch gesture: no valid gesture detected
04-17 04:25:15.175811   984  1089 W ASH     : @ 11044.854: touch gesture: no valid gesture detected
04-17 04:25:15.239329   984  1089 W ASH     : @ 11044.918: touch gesture: no valid gesture detected
04-17 04:25:15.304969   984  1089 W ASH     : @ 11044.983: touch gesture: no valid gesture detected
04-17 04:25:15.369211   984  1089 W ASH     : @ 11045.047: touch gesture: no valid gesture detected
04-17 04:25:15.432638   984  1089 W ASH     : @ 11045.111: touch gesture: no valid gesture detected
04-17 04:25:15.498770   984  1089 W ASH     : @ 11045.176: touch gesture: no valid gesture detected
04-17 04:25:15.562679   984  1089 W ASH     : @ 11045.240: touch gesture: no valid gesture detected
04-17 04:25:15.627198   984  1089 W ASH     : @ 11045.305: touch gesture: no valid gesture detected
04-17 04:25:15.691747   984  1089 W ASH     : @ 11045.369: touch gesture: no valid gesture detected
04-17 04:25:15.756066   984  1089 W ASH     : @ 11045.434: touch gesture: no valid gesture detected
04-17 04:25:15.820700   984  1089 W ASH     : @ 11045.498: touch gesture: no valid gesture detected
04-17 04:25:15.885163   984  1089 W ASH     : @ 11045.563: touch gesture: no valid gesture detected
04-17 04:25:15.949497   984  1089 W ASH     : @ 11045.627: touch gesture: no valid gesture detected
04-17 04:25:16.013835   984  1089 W ASH     : @ 11045.692: touch gesture: no valid gesture detected
04-17 04:25:16.078365   984  1089 W ASH     : @ 11045.756: touch gesture: no valid gesture detected
04-17 04:25:16.142854   984  1089 W ASH     : @ 11045.821: touch gesture: no valid gesture detected
04-17 04:25:16.207326   984  1089 W ASH     : @ 11045.885: touch gesture: no valid gesture detected
04-17 04:25:16.271836   984  1089 W ASH     : @ 11045.950: touch gesture: no valid gesture detected
--------- switch to kernel
04-17 04:25:16.329669     0     0 I         : c1   5371 google_charger: usbchg=USB typec=C usbv=4984 usbc=116 usbMv=5000 usbMc=450
04-17 04:25:16.329847     0     0 I         : c1   5371 sm7250_bms: MSC_PCS chg_state=1c2116004010009 [0x9:4:1:4448:450] chg=u
04-17 04:25:16.329920     0     0 I         : c1   5371 google_battery: MSC_DIN chg_state=1c2116004010009 f=0x9 chg_s=Charging chg_t=Taper vchg=4448 icl=450
04-17 04:25:16.331504     0     0 I         : c1   5371 google_battery: MSC_STEADY vt=4430000 vb=4448428 fv_uv=4430000 margin=100000
--------- switch to main
04-17 04:25:16.334974   984  1089 W ASH     : @ 11046.014: touch gesture: no valid gesture detected
--------- switch to kernel
04-17 04:25:16.331527     0     0 I         : c1   5371 google_battery: hold not defined for msc_state=10
04-17 04:25:16.331548     0     0 I         : c1   5371 google_battery: MSC_RSTC vt=4430000 vb=4448428 fv_uv=4430000 ibatt=-155944 cc_next_max=120000 t_cnt=0
04-17 04:25:16.331562     0     0 I         : c1   5371 google_battery: hold not defined for msc_state=14
04-17 04:25:16.331609     0     0 I         : c1   5371 google_battery: MSC_VOTE msc_state=14 cv_cnt=0 ov_cnt=0 temp_idx:2, vbatt_idx:4  fv_uv=4430000 cc_max=600000 update_interval=2000
04-17 04:25:16.331687     0     0 I         : c1   5371 google_charger: MSC_CHG fv_uv=4430000, cc_max=600000, rerun in 2000 ms (0)
--------- switch to main
04-17 04:25:16.400725   984  1089 W ASH     : @ 11046.079: touch gesture: no valid gesture detected
04-17 04:25:16.465503   984  1089 W ASH     : @ 11046.143: touch gesture: no valid gesture detected
04-17 04:25:16.529778   984  1089 W ASH     : @ 11046.208: touch gesture: no valid gesture detected
04-17 04:25:16.594253   984  1089 W ASH     : @ 11046.272: touch gesture: no valid gesture detected
04-17 04:25:16.658407   984  1089 W ASH     : @ 11046.336: touch gesture: no valid gesture detected
04-17 04:25:16.722845   984  1089 W ASH     : @ 11046.401: touch gesture: no valid gesture detected
04-17 04:25:16.787517   984  1089 W ASH     : @ 11046.465: touch gesture: no valid gesture detected
04-17 04:25:16.851791   984  1089 W ASH     : @ 11046.530: touch gesture: no valid gesture detected
04-17 04:25:16.916600   984  1089 W ASH     : @ 11046.594: touch gesture: no valid gesture detected
04-17 04:25:16.980771   984  1089 W ASH     : @ 11046.658: touch gesture: no valid gesture detected
04-17 04:25:17.045200   984  1089 W ASH     : @ 11046.723: touch gesture: no valid gesture detected
04-17 04:25:17.109740   984  1089 W ASH     : @ 11046.787: touch gesture: no valid gesture detected
04-17 04:25:17.173999   984  1089 W ASH     : @ 11046.852: touch gesture: no valid gesture detected
04-17 04:25:17.239011   984  1089 W ASH     : @ 11046.916: touch gesture: no valid gesture detected
04-17 04:25:17.303000   984  1089 W ASH     : @ 11046.981: touch gesture: no valid gesture detected
04-17 04:25:17.367564   984  1089 W ASH     : @ 11047.045: touch gesture: no valid gesture detected
04-17 04:25:17.431995   984  1089 W ASH     : @ 11047.110: touch gesture: no valid gesture detected
04-17 04:25:17.496288   984  1089 W ASH     : @ 11047.174: touch gesture: no valid gesture detected
04-17 04:25:17.561093   984  1089 W ASH     : @ 11047.239: touch gesture: no valid gesture detected
04-17 04:25:17.625183   984  1089 W ASH     : @ 11047.303: touch gesture: no valid gesture detected
04-17 04:25:17.689420   984  1089 W ASH     : @ 11047.367: touch gesture: no valid gesture detected
04-17 04:25:17.754168   984  1089 W ASH     : @ 11047.432: touch gesture: no valid gesture detected
04-17 04:25:17.818465   984  1089 W ASH     : @ 11047.496: touch gesture: no valid gesture detected
04-17 04:25:17.882910   984  1089 W ASH     : @ 11047.560: touch gesture: no valid gesture detected
04-17 04:25:17.947014   984  1089 W ASH     : @ 11047.625: touch gesture: no valid gesture detected
04-17 04:25:18.011642   984  1089 W ASH     : @ 11047.689: touch gesture: no valid gesture detected
04-17 04:25:18.075930   984  1089 W ASH     : @ 11047.754: touch gesture: no valid gesture detected
04-17 04:25:18.140066   984  1089 W ASH     : @ 11047.818: touch gesture: no valid gesture detected
04-17 04:25:18.205052   984  1089 W ASH     : @ 11047.882: touch gesture: no valid gesture detected
04-17 04:25:18.269383   984  1089 W ASH     : @ 11047.947: touch gesture: no valid gesture detected
04-17 04:25:18.333444   984  1089 W ASH     : @ 11048.011: touch gesture: no valid gesture detected
--------- switch to kernel
04-17 04:25:18.336522     0     0 I         : c1   5371 google_charger: usbchg=USB typec=C usbv=4980 usbc=127 usbMv=5000 usbMc=450
04-17 04:25:18.337357     0     0 I         : c1   5371 sm7250_bms: MSC_PCS chg_state=1c2115f04010009 [0x9:4:1:4447:450] chg=u
04-17 04:25:18.337428     0     0 I         : c1   5371 google_battery: MSC_DIN chg_state=1c2115f04010009 f=0x9 chg_s=Charging chg_t=Taper vchg=4447 icl=450
04-17 04:25:18.338857     0     0 I         : c1   5371 google_battery: MSC_STEADY vt=4430000 vb=4447650 fv_uv=4430000 margin=100000
04-17 04:25:18.338884     0     0 I         : c1   5371 google_battery: hold not defined for msc_state=10
04-17 04:25:18.338909     0     0 I         : c1   5371 google_battery: MSC_RSTC vt=4430000 vb=4447650 fv_uv=4430000 ibatt=-153808 cc_next_max=120000 t_cnt=0
04-17 04:25:18.338925     0     0 I         : c1   5371 google_battery: hold not defined for msc_state=14
04-17 04:25:18.338982     0     0 I         : c1   5371 google_battery: MSC_VOTE msc_state=14 cv_cnt=0 ov_cnt=0 temp_idx:2, vbatt_idx:4  fv_uv=4430000 cc_max=600000 update_interval=2000
04-17 04:25:18.339071     0     0 I         : c1   5371 google_charger: MSC_CHG fv_uv=4430000, cc_max=600000, rerun in 2000 ms (0)
--------- switch to main
04-17 04:25:18.397741   984  1089 W ASH     : @ 11048.075: touch gesture: no valid gesture detected
04-17 04:25:18.462143   984  1089 W ASH     : @ 11048.140: touch gesture: no valid gesture detected
04-17 04:25:18.525342   984  1089 W ASH     : @ 11048.204: touch gesture: no valid gesture detected
04-17 04:25:18.590621   984  1089 W ASH     : @ 11048.269: touch gesture: no valid gesture detected
04-17 04:25:18.655303   984  1089 W ASH     : @ 11048.333: touch gesture: no valid gesture detected
04-17 04:25:18.719692   984  1089 W ASH     : @ 11048.397: touch gesture: no valid gesture detected
04-17 04:25:18.784063   984  1089 W ASH     : @ 11048.462: touch gesture: no valid gesture detected
04-17 04:25:18.848543   984  1089 W ASH     : @ 11048.526: touch gesture: no valid gesture detected
04-17 04:25:18.912766   984  1089 W ASH     : @ 11048.590: touch gesture: no valid gesture detected
04-17 04:25:18.977232   984  1089 W ASH     : @ 11048.655: touch gesture: no valid gesture detected
04-17 04:25:19.041804   984  1089 W ASH     : @ 11048.719: touch gesture: no valid gesture detected
04-17 04:25:19.105943   984  1089 W ASH     : @ 11048.784: touch gesture: no valid gesture detected
04-17 04:25:19.170418   984  1089 W ASH     : @ 11048.848: touch gesture: no valid gesture detected
04-17 04:25:19.235241   984  1089 W ASH     : @ 11048.913: touch gesture: no valid gesture detected
04-17 04:25:19.299391   984  1089 W ASH     : @ 11048.977: touch gesture: no valid gesture detected
04-17 04:25:19.363712   984  1089 W ASH     : @ 11049.041: touch gesture: no valid gesture detected
04-17 04:25:19.428331   984  1089 W ASH     : @ 11049.106: touch gesture: no valid gesture detected
04-17 04:25:19.492583   984  1089 W ASH     : @ 11049.170: touch gesture: no valid gesture detected
04-17 04:25:19.556880   984  1089 W ASH     : @ 11049.235: touch gesture: no valid gesture detected
04-17 04:25:19.621506   984  1089 W ASH     : @ 11049.299: touch gesture: no valid gesture detected
04-17 04:25:19.685812   984  1089 W ASH     : @ 11049.364: touch gesture: no valid gesture detected
04-17 04:25:19.750337   984  1089 W ASH     : @ 11049.428: touch gesture: no valid gesture detected
04-17 04:25:19.814820   984  1089 W ASH     : @ 11049.492: touch gesture: no valid gesture detected
04-17 04:25:19.879129   984  1089 W ASH     : @ 11049.557: touch gesture: no valid gesture detected
04-17 04:25:19.943642   984  1089 W ASH     : @ 11049.621: touch gesture: no valid gesture detected
04-17 04:25:20.008270   984  1089 W ASH     : @ 11049.686: touch gesture: no valid gesture detected
04-17 04:25:20.072314   984  1089 W ASH     : @ 11049.750: touch gesture: no valid gesture detected
04-17 04:25:20.137134   984  1089 W ASH     : @ 11049.815: touch gesture: no valid gesture detected
04-17 04:25:20.201303   984  1089 W ASH     : @ 11049.879: touch gesture: no valid gesture detected
04-17 04:25:20.265639   984  1089 W ASH     : @ 11049.943: touch gesture: no valid gesture detected
04-17 04:25:20.330254   984  1089 W ASH     : @ 11050.008: touch gesture: no valid gesture detected
--------- switch to kernel
04-17 04:25:20.343518     0     0 I         : c1   5371 google_charger: usbchg=USB typec=C usbv=4995 usbc=114 usbMv=5000 usbMc=450
04-17 04:25:20.343837     0     0 I         : c1   5371 sm7250_bms: MSC_PCS chg_state=1c2116104010009 [0x9:4:1:4449:450] chg=u
04-17 04:25:20.343906     0     0 I         : c1   5371 google_battery: MSC_DIN chg_state=1c2116104010009 f=0x9 chg_s=Charging chg_t=Taper vchg=4449 icl=450
04-17 04:25:20.346034     0     0 I         : c1   5371 google_battery: MSC_STEADY vt=4430000 vb=4449012 fv_uv=4430000 margin=100000
04-17 04:25:20.346061     0     0 I         : c1   5371 google_battery: hold not defined for msc_state=10
04-17 04:25:20.346085     0     0 I         : c1   5371 google_battery: MSC_RSTC vt=4430000 vb=4449012 fv_uv=4430000 ibatt=-155029 cc_next_max=120000 t_cnt=0
04-17 04:25:20.346102     0     0 I         : c1   5371 google_battery: hold not defined for msc_state=14
04-17 04:25:20.346160     0     0 I         : c1   5371 google_battery: MSC_VOTE msc_state=14 cv_cnt=0 ov_cnt=0 temp_idx:2, vbatt_idx:4  fv_uv=4430000 cc_max=600000 update_interval=2000
04-17 04:25:20.346249     0     0 I         : c1   5371 google_charger: MSC_CHG fv_uv=4430000, cc_max=600000, rerun in 2000 ms (0)
--------- switch to main
04-17 04:25:20.394897   984  1089 W ASH     : @ 11050.072: touch gesture: no valid gesture detected
04-17 04:25:20.458830   984  1089 W ASH     : @ 11050.137: touch gesture: no valid gesture detected
04-17 04:25:20.523320   984  1089 W ASH     : @ 11050.201: touch gesture: no valid gesture detected
04-17 04:25:20.587530   984  1089 W ASH     : @ 11050.265: touch gesture: no valid gesture detected
04-17 04:25:20.652087   984  1089 W ASH     : @ 11050.330: touch gesture: no valid gesture detected
04-17 04:25:20.716650   984  1089 W ASH     : @ 11050.394: touch gesture: no valid gesture detected
04-17 04:25:20.780840   984  1089 W ASH     : @ 11050.459: touch gesture: no valid gesture detected
04-17 04:25:20.845351   984  1089 W ASH     : @ 11050.523: touch gesture: no valid gesture detected
04-17 04:25:20.909664   984  1089 W ASH     : @ 11050.587: touch gesture: no valid gesture detected
04-17 04:25:20.974333   984  1089 W ASH     : @ 11050.652: touch gesture: no valid gesture detected
04-17 04:25:21.038411   984  1089 W ASH     : @ 11050.716: touch gesture: no valid gesture detected
04-17 04:25:21.102874   984  1089 W ASH     : @ 11050.781: touch gesture: no valid gesture detected
04-17 04:25:21.167299   984  1089 W ASH     : @ 11050.845: touch gesture: no valid gesture detected
04-17 04:25:21.231826   984  1089 W ASH     : @ 11050.909: touch gesture: no valid gesture detected
04-17 04:25:21.296289   984  1089 W ASH     : @ 11050.974: touch gesture: no valid gesture detected
04-17 04:25:21.360756   984  1089 W ASH     : @ 11051.038: touch gesture: no valid gesture detected
04-17 04:25:21.424817   984  1089 W ASH     : @ 11051.103: touch gesture: no valid gesture detected
04-17 04:25:21.489394   984  1089 W ASH     : @ 11051.167: touch gesture: no valid gesture detected
04-17 04:25:21.553841   984  1089 W ASH     : @ 11051.231: touch gesture: no valid gesture detected
04-17 04:25:21.618288   984  1089 W ASH     : @ 11051.296: touch gesture: no valid gesture detected
04-17 04:25:21.682458   984  1089 W ASH     : @ 11051.360: touch gesture: no valid gesture detected
04-17 04:25:21.746894   984  1089 W ASH     : @ 11051.424: touch gesture: no valid gesture detected
04-17 04:25:21.811147   984  1089 W ASH     : @ 11051.489: touch gesture: no valid gesture detected
04-17 04:25:21.875547   984  1089 W ASH     : @ 11051.553: touch gesture: no valid gesture detected
04-17 04:25:21.938634   984  1089 W ASH     : @ 11051.618: touch gesture: no valid gesture detected
04-17 04:25:22.004377   984  1089 W ASH     : @ 11051.682: touch gesture: no valid gesture detected
04-17 04:25:22.068752   984  1089 W ASH     : @ 11051.746: touch gesture: no valid gesture detected
04-17 04:25:22.132806   984  1089 W ASH     : @ 11051.811: touch gesture: no valid gesture detected
04-17 04:25:22.197420   984  1089 W ASH     : @ 11051.875: touch gesture: no valid gesture detected
04-17 04:25:22.261888   984  1089 W ASH     : @ 11051.940: touch gesture: no valid gesture detected
04-17 04:25:22.326166   984  1089 W ASH     : @ 11052.004: touch gesture: no valid gesture detected
--------- switch to kernel
04-17 04:25:22.354843     0     0 I         : c1   5371 google_charger: usbchg=USB typec=C usbv=4988 usbc=100 usbMv=5000 usbMc=450
04-17 04:25:22.355012     0     0 I         : c1   5371 sm7250_bms: MSC_PCS chg_state=1c2116004010009 [0x9:4:1:4448:450] chg=u
04-17 04:25:22.355081     0     0 I         : c1   5371 google_battery: MSC_DIN chg_state=1c2116004010009 f=0x9 chg_s=Charging chg_t=Taper vchg=4448 icl=450
04-17 04:25:22.356473     0     0 I         : c1   5371 google_battery: MSC_STEADY vt=4430000 vb=4448623 fv_uv=4430000 margin=100000
04-17 04:25:22.356496     0     0 I         : c1   5371 google_battery: hold not defined for msc_state=10
04-17 04:25:22.356521     0     0 I         : c1   5371 google_battery: MSC_RSTC vt=4430000 vb=4448623 fv_uv=4430000 ibatt=-153503 cc_next_max=120000 t_cnt=0
04-17 04:25:22.356537     0     0 I         : c1   5371 google_battery: hold not defined for msc_state=14
04-17 04:25:22.356591     0     0 I         : c1   5371 google_battery: MSC_VOTE msc_state=14 cv_cnt=0 ov_cnt=0 temp_idx:2, vbatt_idx:4  fv_uv=4430000 cc_max=600000 update_interval=2000
04-17 04:25:22.356690     0     0 I         : c1   5371 google_charger: MSC_CHG fv_uv=4430000, cc_max=600000, rerun in 2000 ms (0)
--------- switch to main
04-17 04:25:22.390806   984  1089 W ASH     : @ 11052.068: touch gesture: no valid gesture detected
04-17 04:25:22.455034   984  1089 W ASH     : @ 11052.133: touch gesture: no valid gesture detected
04-17 04:25:22.519398   984  1089 W ASH     : @ 11052.197: touch gesture: no valid gesture detected
04-17 04:25:22.583860   984  1089 W ASH     : @ 11052.261: touch gesture: no valid gesture detected
04-17 04:25:22.648337   984  1089 W ASH     : @ 11052.326: touch gesture: no valid gesture detected
04-17 04:25:22.712532   984  1089 W ASH     : @ 11052.390: touch gesture: no valid gesture detected
04-17 04:25:22.776855   984  1089 W ASH     : @ 11052.455: touch gesture: no valid gesture detected
04-17 04:25:22.841682   984  1089 W ASH     : @ 11052.519: touch gesture: no valid gesture detected
04-17 04:25:22.906057   984  1089 W ASH     : @ 11052.584: touch gesture: no valid gesture detected
04-17 04:25:22.970263   984  1089 W ASH     : @ 11052.648: touch gesture: no valid gesture detected
04-17 04:25:23.034836   984  1089 W ASH     : @ 11052.712: touch gesture: no valid gesture detected
04-17 04:25:23.099157   984  1089 W ASH     : @ 11052.777: touch gesture: no valid gesture detected
04-17 04:25:23.163671   984  1089 W ASH     : @ 11052.841: touch gesture: no valid gesture detected
04-17 04:25:23.227817   984  1089 W ASH     : @ 11052.906: touch gesture: no valid gesture detected
