04-17 12:32:24.051057   984  1089 W ASH     : @ 40273.726: touch gesture: no valid gesture detected
04-17 12:32:24.115550   984  1089 W ASH     : @ 40273.790: touch gesture: no valid gesture detected
04-17 12:32:24.179792   984  1089 W ASH     : @ 40273.855: touch gesture: no valid gesture detected
04-17 12:32:24.244113   984  1089 W ASH     : @ 40273.919: touch gesture: no valid gesture detected
04-17 12:32:24.309146   984  1089 W ASH     : @ 40273.984: touch gesture: no valid gesture detected
04-17 12:32:24.373538   984  1089 W ASH     : @ 40274.048: touch gesture: no valid gesture detected
04-17 12:32:24.437998   984  1089 W ASH     : @ 40274.113: touch gesture: no valid gesture detected
04-17 12:32:24.502518   984  1089 W ASH     : @ 40274.177: touch gesture: no valid gesture detected
04-17 12:32:24.567106   984  1089 W ASH     : @ 40274.242: touch gesture: no valid gesture detected
04-17 12:32:24.631560   984  1089 W ASH     : @ 40274.306: touch gesture: no valid gesture detected
04-17 12:32:24.696247   984  1089 W ASH     : @ 40274.371: touch gesture: no valid gesture detected
04-17 12:32:24.760540   984  1089 W ASH     : @ 40274.436: touch gesture: no valid gesture detected
04-17 12:32:24.825323   984  1089 W ASH     : @ 40274.500: touch gesture: no valid gesture detected
04-17 12:32:24.889741   984  1089 W ASH     : @ 40274.565: touch gesture: no valid gesture detected
04-17 12:32:24.954328   984  1089 W ASH     : @ 40274.629: touch gesture: no valid gesture detected
04-17 12:32:25.018856   984  1089 W ASH     : @ 40274.694: touch gesture: no valid gesture detected
04-17 12:32:25.083222   984  1089 W ASH     : @ 40274.758: touch gesture: no valid gesture detected
--------- switch to kernel
04-17 12:32:25.083542     0     0 I         : c2   5809 google_charger: usbchg=USB typec=C usbv=5029 usbc=11 usbMv=5000 usbMc=450
04-17 12:32:25.083724     0     0 I         : c2   5809 sm7250_bms: MSC_PCS chg_state=1c2112c01030001 [0x1:1:3:4396:450] chg=u
04-17 12:32:25.083784     0     0 I         : c2   5809 google_battery: MSC_DIN chg_state=1c2112c01030001 f=0x1 chg_s=Not Charging chg_t=None vchg=4396 icl=450
04-17 12:32:25.085527     0     0 I         : c2   5809 google_battery: MSC_DSG vbatt_idx:4->4 vbatt=4396849 ibatt=-4577 fv_uv=4430000 cv_cnt=0 ov_cnt=0
04-17 12:32:25.085597     0     0 I         : c2   5809 google_battery: MSC_VOTE msc_state=2 cv_cnt=0 ov_cnt=0 temp_idx:2, vbatt_idx:4  fv_uv=4430000 cc_max=0 update_interval=-1
04-17 12:32:25.085685     0     0 I         : c2   5809 google_charger: MSC_CHG fv_uv=4430000, cc_max=0, rerun in 2000 ms (0)
--------- switch to main
04-17 12:32:25.147959   984  1089 W ASH     : @ 40274.823: touch gesture: no valid gesture detected
04-17 12:32:25.212286   984  1089 W ASH     : @ 40274.887: touch gesture: no valid gesture detected
04-17 12:32:25.277259   984  1089 W ASH     : @ 40274.952: touch gesture: no valid gesture detected
04-17 12:32:25.341565   984  1089 W ASH     : @ 40275.016: touch gesture: no valid gesture detected
04-17 12:32:25.406128   984  1089 W ASH     : @ 40275.081: touch gesture: no valid gesture detected
04-17 12:32:25.470938   984  1089 W ASH     : @ 40275.146: touch gesture: no valid gesture detected
04-17 12:32:25.535501   984  1089 W ASH     : @ 40275.210: touch gesture: no valid gesture detected
04-17 12:32:25.599883   984  1089 W ASH     : @ 40275.275: touch gesture: no valid gesture detected
04-17 12:32:25.664778   984  1089 W ASH     : @ 40275.339: touch gesture: no valid gesture detected
04-17 12:32:25.728885   984  1089 W ASH     : @ 40275.404: touch gesture: no valid gesture detected
04-17 12:32:25.793590   984  1089 W ASH     : @ 40275.468: touch gesture: no valid gesture detected
04-17 12:32:25.857903   984  1089 W ASH     : @ 40275.533: touch gesture: no valid gesture detected
04-17 12:32:25.922598   984  1089 W ASH     : @ 40275.597: touch gesture: no valid gesture detected
04-17 12:32:25.987122   984  1089 W ASH     : @ 40275.662: touch gesture: no valid gesture detected
04-17 12:32:26.051682   984  1089 W ASH     : @ 40275.726: touch gesture: no valid gesture detected
04-17 12:32:26.116049   984  1089 W ASH     : @ 40275.791: touch gesture: no valid gesture detected
04-17 12:32:26.180484   984  1089 W ASH     : @ 40275.855: touch gesture: no valid gesture detected
04-17 12:32:26.245453   984  1089 W ASH     : @ 40275.920: touch gesture: no valid gesture detected
04-17 12:32:26.310208   984  1089 W ASH     : @ 40275.984: touch gesture: no valid gesture detected
04-17 12:32:26.374066   984  1089 W ASH     : @ 40276.049: touch gesture: no valid gesture detected
04-17 12:32:26.438858   984  1089 W ASH     : @ 40276.114: touch gesture: no valid gesture detected
04-17 12:32:26.502949   984  1089 W ASH     : @ 40276.178: touch gesture: no valid gesture detected
04-17 12:32:26.567511   984  1089 W ASH     : @ 40276.243: touch gesture: no valid gesture detected
04-17 12:32:26.632854   984  1089 W ASH     : @ 40276.307: touch gesture: no valid gesture detected
--------- switch to kernel
04-17 12:32:26.678291     0     0 I         : c5   5819 qcom_rpmh DRV:apps_rsc TCS Busy, retrying RPMH message send: addr=0x50000
04-17 12:32:26.678351     0     0 I         : c5   5819 qcom_rpmh DRV:apps_rsc TCS Busy, retrying RPMH message send: addr=0x50000
--------- switch to main
04-17 12:32:26.694975   984  1089 W ASH     : @ 40276.372: touch gesture: no valid gesture detected
04-17 12:32:26.761545   984  1089 W ASH     : @ 40276.436: touch gesture: no valid gesture detected
04-17 12:32:26.826246   984  1089 W ASH     : @ 40276.501: touch gesture: no valid gesture detected
04-17 12:32:26.890394   984  1089 W ASH     : @ 40276.565: touch gesture: no valid gesture detected
04-17 12:32:26.955371   984  1089 W ASH     : @ 40276.630: touch gesture: no valid gesture detected
04-17 12:32:27.019426   984  1089 W ASH     : @ 40276.694: touch gesture: no valid gesture detected
04-17 12:32:27.084330   984  1089 W ASH     : @ 40276.759: touch gesture: no valid gesture detected
--------- switch to kernel
04-17 12:32:27.098153     0     0 I         : c2   5809 google_charger: usbchg=USB typec=C usbv=5037 usbc=51 usbMv=5000 usbMc=450
04-17 12:32:27.098333     0     0 I         : c2   5809 sm7250_bms: MSC_PCS chg_state=1c2112c01030001 [0x1:1:3:4396:450] chg=u
04-17 12:32:27.098404     0     0 I         : c2   5809 google_battery: MSC_DIN chg_state=1c2112c01030001 f=0x1 chg_s=Not Charging chg_t=None vchg=4396 icl=450
04-17 12:32:27.100140     0     0 I         : c2   5809 google_battery: MSC_DSG vbatt_idx:4->4 vbatt=4396849 ibatt=-4577 fv_uv=4430000 cv_cnt=0 ov_cnt=0
04-17 12:32:27.100199     0     0 I         : c2   5809 google_battery: MSC_VOTE msc_state=2 cv_cnt=0 ov_cnt=0 temp_idx:2, vbatt_idx:4  fv_uv=4430000 cc_max=0 update_interval=-1
04-17 12:32:27.100288     0     0 I         : c2   5809 google_charger: MSC_CHG fv_uv=4430000, cc_max=0, rerun in 2000 ms (0)
--------- switch to main
04-17 12:32:27.148705   984  1089 W ASH     : @ 40276.824: touch gesture: no valid gesture detected
04-17 12:32:27.213159   984  1089 W ASH     : @ 40276.888: touch gesture: no valid gesture detected
04-17 12:32:27.278232   984  1089 W ASH     : @ 40276.953: touch gesture: no valid gesture detected
04-17 12:32:27.342969   984  1089 W ASH     : @ 40277.017: touch gesture: no valid gesture detected
04-17 12:32:27.406872   984  1089 W ASH     : @ 40277.082: touch gesture: no valid gesture detected
04-17 12:32:27.471519   984  1089 W ASH     : @ 40277.146: touch gesture: no valid gesture detected
04-17 12:32:27.536331   984  1089 W ASH     : @ 40277.211: touch gesture: no valid gesture detected
04-17 12:32:27.601116   984  1089 W ASH     : @ 40277.276: touch gesture: no valid gesture detected
04-17 12:32:27.664938   984  1089 W ASH     : @ 40277.340: touch gesture: no valid gesture detected
04-17 12:32:27.729873   984  1089 W ASH     : @ 40277.405: touch gesture: no valid gesture detected
04-17 12:32:27.794317   984  1089 W ASH     : @ 40277.469: touch gesture: no valid gesture detected
04-17 12:32:27.858403   984  1089 W ASH     : @ 40277.533: touch gesture: no valid gesture detected
04-17 12:32:27.923760   984  1089 W ASH     : @ 40277.598: touch gesture: no valid gesture detected
04-17 12:32:27.988009   984  1089 W ASH     : @ 40277.663: touch gesture: no valid gesture detected
04-17 12:32:28.052023   984  1089 W ASH     : @ 40277.727: touch gesture: no valid gesture detected
04-17 12:32:28.117005   984  1089 W ASH     : @ 40277.792: touch gesture: no valid gesture detected
04-17 12:32:28.181384   984  1089 W ASH     : @ 40277.856: touch gesture: no valid gesture detected
04-17 12:32:28.245930   984  1089 W ASH     : @ 40277.921: touch gesture: no valid gesture detected
04-17 12:32:28.310705   984  1089 W ASH     : @ 40277.985: touch gesture: no valid gesture detected
04-17 12:32:28.374965   984  1089 W ASH     : @ 40278.050: touch gesture: no valid gesture detected
04-17 12:32:28.439583   984  1089 W ASH     : @ 40278.115: touch gesture: no valid gesture detected
04-17 12:32:28.504378   984  1089 W ASH     : @ 40278.179: touch gesture: no valid gesture detected
04-17 12:32:28.569018   984  1089 W ASH     : @ 40278.244: touch gesture: no valid gesture detected
04-17 12:32:28.633351   984  1089 W ASH     : @ 40278.308: touch gesture: no valid gesture detected
04-17 12:32:28.697634   984  1089 W ASH     : @ 40278.373: touch gesture: no valid gesture detected
04-17 12:32:28.762301   984  1089 W ASH     : @ 40278.437: touch gesture: no valid gesture detected
04-17 12:32:28.827023   984  1089 W ASH     : @ 40278.502: touch gesture: no valid gesture detected
04-17 12:32:28.891513   984  1089 W ASH     : @ 40278.566: touch gesture: no valid gesture detected
04-17 12:32:28.956186   984  1089 W ASH     : @ 40278.631: touch gesture: no valid gesture detected
04-17 12:32:29.020572   984  1089 W ASH     : @ 40278.695: touch gesture: no valid gesture detected
04-17 12:32:29.085061   984  1089 W ASH     : @ 40278.760: touch gesture: no valid gesture detected
--------- switch to kernel
04-17 12:32:29.115880     0     0 I         : c2   5809 google_charger: usbchg=USB typec=C usbv=5040 usbc=0 usbMv=5000 usbMc=450
04-17 12:32:29.116066     0     0 I         : c2   5809 sm7250_bms: MSC_PCS chg_state=1c2112c01030001 [0x1:1:3:4396:450] chg=u
04-17 12:32:29.116139     0     0 I         : c2   5809 google_battery: MSC_DIN chg_state=1c2112c01030001 f=0x1 chg_s=Not Charging chg_t=None vchg=4396 icl=450
04-17 12:32:29.117542     0     0 I         : c2   5809 google_battery: MSC_DSG vbatt_idx:4->4 vbatt=4396849 ibatt=-4577 fv_uv=4430000 cv_cnt=0 ov_cnt=0
04-17 12:32:29.117601     0     0 I         : c2   5809 google_battery: MSC_VOTE msc_state=2 cv_cnt=0 ov_cnt=0 temp_idx:2, vbatt_idx:4  fv_uv=4430000 cc_max=0 update_interval=-1
04-17 12:32:29.117699     0     0 I         : c2   5809 google_charger: MSC_CHG fv_uv=4430000, cc_max=0, rerun in 2000 ms (0)
--------- switch to main
04-17 12:32:29.149922   984  1089 W ASH     : @ 40278.825: touch gesture: no valid gesture detected
04-17 12:32:29.214406   984  1089 W ASH     : @ 40278.889: touch gesture: no valid gesture detected
04-17 12:32:29.278788   984  1089 W ASH     : @ 40278.954: touch gesture: no valid gesture detected
04-17 12:32:29.343577   984  1089 W ASH     : @ 40279.018: touch gesture: no valid gesture detected
04-17 12:32:29.407954   984  1089 W ASH     : @ 40279.083: touch gesture: no valid gesture detected
04-17 12:32:29.473041   984  1089 W ASH     : @ 40279.147: touch gesture: no valid gesture detected
04-17 12:32:29.537659   984  1089 W ASH     : @ 40279.212: touch gesture: no valid gesture detected
04-17 12:32:29.601936   984  1089 W ASH     : @ 40279.277: touch gesture: no valid gesture detected
04-17 12:32:29.666650   984  1089 W ASH     : @ 40279.341: touch gesture: no valid gesture detected
04-17 12:32:29.729631   984  1089 W ASH     : @ 40279.406: touch gesture: no valid gesture detected
04-17 12:32:29.795693   984  1089 W ASH     : @ 40279.470: touch gesture: no valid gesture detected
04-17 12:32:29.860215   984  1089 W ASH     : @ 40279.535: touch gesture: no valid gesture detected
04-17 12:32:29.924857   984  1089 W ASH     : @ 40279.600: touch gesture: no valid gesture detected
04-17 12:32:29.989419   984  1089 W ASH     : @ 40279.664: touch gesture: no valid gesture detected
04-17 12:32:30.053945   984  1089 W ASH     : @ 40279.729: touch gesture: no valid gesture detected
04-17 12:32:30.118778   984  1089 W ASH     : @ 40279.793: touch gesture: no valid gesture detected
04-17 12:32:30.183431   984  1089 W ASH     : @ 40279.858: touch gesture: no valid gesture detected
04-17 12:32:30.247974   984  1089 W ASH     : @ 40279.923: touch gesture: no valid gesture detected
04-17 12:32:30.312773   984  1089 W ASH     : @ 40279.987: touch gesture: no valid gesture detected
04-17 12:32:30.376923   984  1089 W ASH     : @ 40280.052: touch gesture: no valid gesture detected
04-17 12:32:30.441561   984  1089 W ASH     : @ 40280.116: touch gesture: no valid gesture detected
04-17 12:32:30.506069   984  1089 W ASH     : @ 40280.181: touch gesture: no valid gesture detected
04-17 12:32:30.570363   984  1089 W ASH     : @ 40280.245: touch gesture: no valid gesture detected
04-17 12:32:30.635220   984  1089 W ASH     : @ 40280.310: touch gesture: no valid gesture detected
04-17 12:32:30.699878   984  1089 W ASH     : @ 40280.375: touch gesture: no valid gesture detected
04-17 12:32:30.764508   984  1089 W ASH     : @ 40280.439: touch gesture: no valid gesture detected
04-17 12:32:30.829072   984  1089 W ASH     : @ 40280.504: touch gesture: no valid gesture detected
04-17 12:32:30.893438   984  1089 W ASH     : @ 40280.568: touch gesture: no valid gesture detected
--------- switch to kernel
04-17 12:32:30.934890     0     0 W         : c2    973 healthd: battery l=100 v=4396 t=22.7 h=2 st=5 c=4577 fc=3349000 cc=353 chg=u
--------- switch to main
04-17 12:32:30.956163   984  1089 W ASH     : @ 40280.633: touch gesture: no valid gesture detected
04-17 12:32:31.021399   984  1089 W ASH     : @ 40280.697: touch gesture: no valid gesture detected
04-17 12:32:31.087130   984  1089 W ASH     : @ 40280.762: touch gesture: no valid gesture detected
--------- switch to kernel
04-17 12:32:31.130156     0     0 I         : c2   5809 google_charger: usbchg=USB typec=C usbv=5038 usbc=0 usbMv=5000 usbMc=450
04-17 12:32:31.130465     0     0 I         : c2   5809 sm7250_bms: MSC_PCS chg_state=1c2112c01030001 [0x1:1:3:4396:450] chg=u
04-17 12:32:31.130555     0     0 I         : c2   5809 google_battery: MSC_DIN chg_state=1c2112c01030001 f=0x1 chg_s=Not Charging chg_t=None vchg=4396 icl=450
04-17 12:32:31.131958     0     0 I         : c2   5809 google_battery: MSC_DSG vbatt_idx:4->4 vbatt=4396849 ibatt=-4577 fv_uv=4430000 cv_cnt=0 ov_cnt=0
04-17 12:32:31.132023     0     0 I         : c2   5809 google_battery: MSC_VOTE msc_state=2 cv_cnt=0 ov_cnt=0 temp_idx:2, vbatt_idx:4  fv_uv=4430000 cc_max=0 update_interval=-1
04-17 12:32:31.132123     0     0 I         : c2   5809 google_charger: MSC_CHG fv_uv=4430000, cc_max=0, rerun in 2000 ms (0)
--------- switch to main
04-17 12:32:31.152358   984  1089 W ASH     : @ 40280.827: touch gesture: no valid gesture detected
04-17 12:32:31.216604   984  1089 W ASH     : @ 40280.891: touch gesture: no valid gesture detected
04-17 12:32:31.281069   984  1089 W ASH     : @ 40280.956: touch gesture: no valid gesture detected
04-17 12:32:31.345613   984  1089 W ASH     : @ 40281.020: touch gesture: no valid gesture detected
04-17 12:32:31.410077   984  1089 W ASH     : @ 40281.085: touch gesture: no valid gesture detected
04-17 12:32:31.474774   984  1089 W ASH     : @ 40281.149: touch gesture: no valid gesture detected
04-17 12:32:31.539599   984  1089 W ASH     : @ 40281.214: touch gesture: no valid gesture detected
04-17 12:32:31.603808   984  1089 W ASH     : @ 40281.279: touch gesture: no valid gesture detected
04-17 12:32:31.668138   984  1089 W ASH     : @ 40281.343: touch gesture: no valid gesture detected
04-17 12:32:31.732887   984  1089 W ASH     : @ 40281.408: touch gesture: no valid gesture detected
04-17 12:32:31.797433   984  1089 W ASH     : @ 40281.472: touch gesture: no valid gesture detected
04-17 12:32:31.862129   984  1089 W ASH     : @ 40281.537: touch gesture: no valid gesture detected
04-17 12:32:31.926495   984  1089 W ASH     : @ 40281.601: touch gesture: no valid gesture detected
04-17 12:32:31.959725   990  1023 D rlsservice: MonitorDisplayStatus client num 0, display status 0, sensor status 0
04-17 12:32:31.990998   984  1089 W ASH     : @ 40281.666: touch gesture: no valid gesture detected
04-17 12:32:32.055532   984  1089 W ASH     : @ 40281.730: touch gesture: no valid gesture detected
04-17 12:32:32.120297   984  1089 W ASH     : @ 40281.795: touch gesture: no valid gesture detected
04-17 12:32:32.182943   984  1089 W ASH     : @ 40281.860: touch gesture: no valid gesture detected
04-17 12:32:32.247620   984  1089 W ASH     : @ 40281.924: touch gesture: no valid gesture detected
04-17 12:32:32.312170   984  1089 W ASH     : @ 40281.989: touch gesture: no valid gesture detected
04-17 12:32:32.376635   984  1089 W ASH     : @ 40282.053: touch gesture: no valid gesture detected
04-17 12:32:32.441136   984  1089 W ASH     : @ 40282.118: touch gesture: no valid gesture detected
04-17 12:32:32.505514   984  1089 W ASH     : @ 40282.182: touch gesture: no valid gesture detected
04-17 12:32:32.570402   984  1089 W ASH     : @ 40282.247: touch gesture: no valid gesture detected
04-17 12:32:32.636599   984  1089 W ASH     : @ 40282.311: touch gesture: no valid gesture detected
04-17 12:32:32.701228   984  1089 W ASH     : @ 40282.376: touch gesture: no valid gesture detected
04-17 12:32:32.766130   984  1089 W ASH     : @ 40282.441: touch gesture: no valid gesture detected
04-17 12:32:32.830148   984  1089 W ASH     : @ 40282.505: touch gesture: no valid gesture detected
04-17 12:32:32.894870   984  1089 W ASH     : @ 40282.570: touch gesture: no valid gesture detected
04-17 12:32:32.959546   984  1089 W ASH     : @ 40282.634: touch gesture: no valid gesture detected
04-17 12:32:33.023523   984  1089 W ASH     : @ 40282.699: touch gesture: no valid gesture detected
04-17 12:32:33.088186   984  1089 W ASH     : @ 40282.763: touch gesture: no valid gesture detected
--------- switch to kernel
04-17 12:32:33.146669     0     0 I         : c2   5809 google_charger: usbchg=USB typec=C usbv=5051 usbc=21 usbMv=5000 usbMc=450
04-17 12:32:33.146861     0     0 I         : c2   5809 sm7250_bms: MSC_PCS chg_state=1c2112c01030001 [0x1:1:3:4396:450] chg=u
04-17 12:32:33.146938     0     0 I         : c2   5809 google_battery: MSC_DIN chg_state=1c2112c01030001 f=0x1 chg_s=Not Charging chg_t=None vchg=4396 icl=450
04-17 12:32:33.149371     0     0 I         : c2   5809 google_battery: MSC_DSG vbatt_idx:4->4 vbatt=4396849 ibatt=-5798 fv_uv=4430000 cv_cnt=0 ov_cnt=0
04-17 12:32:33.149444     0     0 I         : c2   5809 google_battery: MSC_VOTE msc_state=2 cv_cnt=0 ov_cnt=0 temp_idx:2, vbatt_idx:4  fv_uv=4430000 cc_max=0 update_interval=-1
04-17 12:32:33.149563     0     0 I         : c2   5809 google_charger: MSC_CHG fv_uv=4430000, cc_max=0, rerun in 2000 ms (0)
--------- switch to main
04-17 12:32:33.217551   984  1089 W ASH     : @ 40282.892: touch gesture: no valid gesture detected
04-17 12:32:33.282780   984  1089 W ASH     : @ 40282.957: touch gesture: no valid gesture detected
04-17 12:32:33.346397   984  1089 W ASH     : @ 40283.021: touch gesture: no valid gesture detected
04-17 12:32:33.411213   984  1089 W ASH     : @ 40283.086: touch gesture: no valid gesture detected
04-17 12:32:33.476034   984  1089 W ASH     : @ 40283.150: touch gesture: no valid gesture detected
04-17 12:32:33.540487   984  1089 W ASH     : @ 40283.215: touch gesture: no valid gesture detected
04-17 12:32:33.604726   984  1089 W ASH     : @ 40283.279: touch gesture: no valid gesture detected
04-17 12:32:33.668962   984  1089 W ASH     : @ 40283.344: touch gesture: no valid gesture detected
04-17 12:32:33.733502   984  1089 W ASH     : @ 40283.408: touch gesture: no valid gesture detected
04-17 12:32:33.797967   984  1089 W ASH     : @ 40283.473: touch gesture: no valid gesture detected
04-17 12:32:33.862683   984  1089 W ASH     : @ 40283.537: touch gesture: no valid gesture detected
04-17 12:32:33.927190   984  1089 W ASH     : @ 40283.602: touch gesture: no valid gesture detected
04-17 12:32:33.991690   984  1089 W ASH     : @ 40283.666: touch gesture: no valid gesture detected
04-17 12:32:34.056427   984  1089 W ASH     : @ 40283.731: touch gesture: no valid gesture detected
04-17 12:32:34.120819   984  1089 W ASH     : @ 40283.795: touch gesture: no valid gesture detected
04-17 12:32:34.185388   984  1089 W ASH     : @ 40283.860: touch gesture: no valid gesture detected
04-17 12:32:34.249759   984  1089 W ASH     : @ 40283.925: touch gesture: no valid gesture detected
04-17 12:32:34.314314   984  1089 W ASH     : @ 40283.989: touch gesture: no valid gesture detected
04-17 12:32:34.379186   984  1089 W ASH     : @ 40284.054: touch gesture: no valid gesture detected
04-17 12:32:34.443696   984  1089 W ASH     : @ 40284.118: touch gesture: no valid gesture detected
04-17 12:32:34.508088   984  1089 W ASH     : @ 40284.183: touch gesture: no valid gesture detected
04-17 12:32:34.572698   984  1089 W ASH     : @ 40284.247: touch gesture: no valid gesture detected
04-17 12:32:34.637158   984  1089 W ASH     : @ 40284.312: touch gesture: no valid gesture detected
04-17 12:32:34.701870   984  1089 W ASH     : @ 40284.376: touch gesture: no valid gesture detected
04-17 12:32:34.766379   984  1089 W ASH     : @ 40284.441: touch gesture: no valid gesture detected
04-17 12:32:34.830934   984  1089 W ASH     : @ 40284.506: touch gesture: no valid gesture detected
04-17 12:32:34.895821   984  1089 W ASH     : @ 40284.570: touch gesture: no valid gesture detected
04-17 12:32:34.960121   984  1089 W ASH     : @ 40284.635: touch gesture: no valid gesture detected
04-17 12:32:35.024637   984  1089 W ASH     : @ 40284.699: touch gesture: no valid gesture detected
04-17 12:32:35.089167   984  1089 W ASH     : @ 40284.764: touch gesture: no valid gesture detected
04-17 12:32:35.153750   984  1089 W ASH     : @ 40284.829: touch gesture: no valid gesture detected
--------- switch to kernel
04-17 12:32:35.157525     0     0 I         : c2   5809 google_charger: usbchg=USB typec=C usbv=5041 usbc=1 usbMv=5000 usbMc=450
04-17 12:32:35.157717     0     0 I         : c2   5809 sm7250_bms: MSC_PCS chg_state=1c2112c01030001 [0x1:1:3:4396:450] chg=u
04-17 12:32:35.157789     0     0 I         : c2   5809 google_battery: MSC_DIN chg_state=1c2112c01030001 f=0x1 chg_s=Not Charging chg_t=None vchg=4396 icl=450
04-17 12:32:35.161945     0     0 I         : c2   5809 google_battery: MSC_DSG vbatt_idx:4->4 vbatt=4396849 ibatt=-5798 fv_uv=4430000 cv_cnt=0 ov_cnt=0
04-17 12:32:35.162012     0     0 I         : c2   5809 google_battery: MSC_VOTE msc_state=2 cv_cnt=0 ov_cnt=0 temp_idx:2, vbatt_idx:4  fv_uv=4430000 cc_max=0 update_interval=-1
04-17 12:32:35.162113     0     0 I         : c2   5809 google_charger: MSC_CHG fv_uv=4430000, cc_max=0, rerun in 2000 ms (0)
--------- switch to main
04-17 12:32:35.218295   984  1089 W ASH     : @ 40284.893: touch gesture: no valid gesture detected
04-17 12:32:35.282687   984  1089 W ASH     : @ 40284.958: touch gesture: no valid gesture detected
04-17 12:32:35.347709   984  1089 W ASH     : @ 40285.022: touch gesture: no valid gesture detected
04-17 12:32:35.412360   984  1089 W ASH     : @ 40285.087: touch gesture: no valid gesture detected
04-17 12:32:35.477037   984  1089 W ASH     : @ 40285.152: touch gesture: no valid gesture detected
04-17 12:32:35.541550   984  1089 W ASH     : @ 40285.216: touch gesture: no valid gesture detected
04-17 12:32:35.606219   984  1089 W ASH     : @ 40285.281: touch gesture: no valid gesture detected
04-17 12:32:35.670980   984  1089 W ASH     : @ 40285.345: touch gesture: no valid gesture detected
04-17 12:32:35.735330   984  1089 W ASH     : @ 40285.410: touch gesture: no valid gesture detected
04-17 12:32:35.799949   984  1089 W ASH     : @ 40285.474: touch gesture: no valid gesture detected
04-17 12:32:35.864219   984  1089 W ASH     : @ 40285.539: touch gesture: no valid gesture detected
04-17 12:32:35.928797   984  1089 W ASH     : @ 40285.604: touch gesture: no valid gesture detected
04-17 12:32:35.993279   984  1089 W ASH     : @ 40285.668: touch gesture: no valid gesture detected
04-17 12:32:36.057716   984  1089 W ASH     : @ 40285.733: touch gesture: no valid gesture detected
04-17 12:32:36.122486   984  1089 W ASH     : @ 40285.797: touch gesture: no valid gesture detected
04-17 12:32:36.187081   984  1089 W ASH     : @ 40285.862: touch gesture: no valid gesture detected
04-17 12:32:36.251901   984  1089 W ASH     : @ 40285.926: touch gesture: no valid gesture detected
04-17 12:32:36.316358   984  1089 W ASH     : @ 40285.991: touch gesture: no valid gesture detected
04-17 12:32:36.381378   984  1089 W ASH     : @ 40286.056: touch gesture: no valid gesture detected
04-17 12:32:36.445287   984  1089 W ASH     : @ 40286.120: touch gesture: no valid gesture detected
04-17 12:32:36.509845   984  1089 W ASH     : @ 40286.185: touch gesture: no valid gesture detected
04-17 12:32:36.574360   984  1089 W ASH     : @ 40286.249: touch gesture: no valid gesture detected
04-17 12:32:36.639222   984  1089 W ASH     : @ 40286.314: touch gesture: no valid gesture detected
04-17 12:32:36.703444   984  1089 W ASH     : @ 40286.378: touch gesture: no valid gesture detected
04-17 12:32:36.768574   984  1089 W ASH     : @ 40286.443: touch gesture: no valid gesture detected
04-17 12:32:36.833433   984  1089 W ASH     : @ 40286.508: touch gesture: no valid gesture detected
04-17 12:32:36.897386   984  1089 W ASH     : @ 40286.572: touch gesture: no valid gesture detected
04-17 12:32:36.962504   984  1089 W ASH     : @ 40286.637: touch gesture: no valid gesture detected
04-17 12:32:37.026900   984  1089 W ASH     : @ 40286.701: touch gesture: no valid gesture detected
04-17 12:32:37.091567   984  1089 W ASH     : @ 40286.766: touch gesture: no valid gesture detected
04-17 12:32:37.155623   984  1089 W ASH     : @ 40286.830: touch gesture: no valid gesture detected
--------- switch to kernel
04-17 12:32:37.173733     0     0 I         : c2   5809 google_charger: usbchg=USB typec=C usbv=5038 usbc=0 usbMv=5000 usbMc=450
04-17 12:32:37.173922     0     0 I         : c2   5809 sm7250_bms: MSC_PCS chg_state=1c2112c01030001 [0x1:1:3:4396:450] chg=u
04-17 12:32:37.173994     0     0 I         : c2   5809 google_battery: MSC_DIN chg_state=1c2112c01030001 f=0x1 chg_s=Not Charging chg_t=None vchg=4396 icl=450
04-17 12:32:37.179584     0     0 I         : c2   5809 google_battery: MSC_DSG vbatt_idx:4->4 vbatt=4396849 ibatt=-5798 fv_uv=4430000 cv_cnt=0 ov_cnt=0
04-17 12:32:37.179654     0     0 I         : c2   5809 google_battery: MSC_VOTE msc_state=2 cv_cnt=0 ov_cnt=0 temp_idx:2, vbatt_idx:4  fv_uv=4430000 cc_max=0 update_interval=-1
04-17 12:32:37.179761     0     0 I         : c2   5809 google_charger: MSC_CHG fv_uv=4430000, cc_max=0, rerun in 2000 ms (0)
--------- switch to main
04-17 12:32:37.220267   984  1089 W ASH     : @ 40286.895: touch gesture: no valid gesture detected
04-17 12:32:37.284602   984  1089 W ASH     : @ 40286.959: touch gesture: no valid gesture detected
04-17 12:32:37.348219   984  1089 W ASH     : @ 40287.024: touch gesture: no valid gesture detected
04-17 12:32:37.413630   984  1089 W ASH     : @ 40287.088: touch gesture: no valid gesture detected
04-17 12:32:37.478173   984  1089 W ASH     : @ 40287.153: touch gesture: no valid gesture detected
04-17 12:32:37.542862   984  1089 W ASH     : @ 40287.218: touch gesture: no valid gesture detected
04-17 12:32:37.607490   984  1089 W ASH     : @ 40287.282: touch gesture: no valid gesture detected
04-17 12:32:37.671939   984  1089 W ASH     : @ 40287.347: touch gesture: no valid gesture detected
04-17 12:32:37.736486   984  1089 W ASH     : @ 40287.411: touch gesture: no valid gesture detected
04-17 12:32:37.800738   984  1089 W ASH     : @ 40287.476: touch gesture: no valid gesture detected
04-17 12:32:37.865446   984  1089 W ASH     : @ 40287.540: touch gesture: no valid gesture detected
04-17 12:32:37.930618   984  1089 W ASH     : @ 40287.605: touch gesture: no valid gesture detected
04-17 12:32:37.993665   984  1089 W ASH     : @ 40287.669: touch gesture: no valid gesture detected
04-17 12:32:38.059559   984  1089 W ASH     : @ 40287.734: touch gesture: no valid gesture detected
04-17 12:32:38.123612   984  1089 W ASH     : @ 40287.799: touch gesture: no valid gesture detected
04-17 12:32:38.188115   984  1089 W ASH     : @ 40287.863: touch gesture: no valid gesture detected
04-17 12:32:38.252749   984  1089 W ASH     : @ 40287.928: touch gesture: no valid gesture detected
04-17 12:32:38.317396   984  1089 W ASH     : @ 40287.992: touch gesture: no valid gesture detected
04-17 12:32:38.382013   984  1089 W ASH     : @ 40288.057: touch gesture: no valid gesture detected
04-17 12:32:38.446412   984  1089 W ASH     : @ 40288.121: touch gesture: no valid gesture detected
04-17 12:32:38.510875   984  1089 W ASH     : @ 40288.186: touch gesture: no valid gesture detected
04-17 12:32:38.575310   984  1089 W ASH     : @ 40288.250: touch gesture: no valid gesture detected
04-17 12:32:38.639580   984  1089 W ASH     : @ 40288.315: touch gesture: no valid gesture detected
04-17 12:32:38.704281   984  1089 W ASH     : @ 40288.379: touch gesture: no valid gesture detected
04-17 12:32:38.768801   984  1089 W ASH     : @ 40288.444: touch gesture: no valid gesture detected
04-17 12:32:38.833546   984  1089 W ASH     : @ 40288.508: touch gesture: no valid gesture detected
04-17 12:32:38.897873   984  1089 W ASH     : @ 40288.573: touch gesture: no valid gesture detected
04-17 12:32:38.962383   984  1089 W ASH     : @ 40288.637: touch gesture: no valid gesture detected
04-17 12:32:39.027018   984  1089 W ASH     : @ 40288.702: touch gesture: no valid gesture detected
04-17 12:32:39.091722   984  1089 W ASH     : @ 40288.766: touch gesture: no valid gesture detected
04-17 12:32:39.156281   984  1089 W ASH     : @ 40288.831: touch gesture: no valid gesture detected
--------- switch to kernel
04-17 12:32:39.190759     0     0 I         : c2   5809 google_charger: usbchg=USB typec=C usbv=5029 usbc=0 usbMv=5000 usbMc=450
04-17 12:32:39.190944     0     0 I         : c2   5809 sm7250_bms: MSC_PCS chg_state=1c2112c01030001 [0x1:1:3:4396:450] chg=u
04-17 12:32:39.191018     0     0 I         : c2   5809 google_battery: MSC_DIN chg_state=1c2112c01030001 f=0x1 chg_s=Not Charging chg_t=None vchg=4396 icl=450
04-17 12:32:39.196076     0     0 I         : c2   5809 google_battery: MSC_DSG vbatt_idx:4->4 vbatt=4396849 ibatt=-5798 fv_uv=4430000 cv_cnt=0 ov_cnt=0
04-17 12:32:39.196133     0     0 I         : c2   5809 google_battery: MSC_VOTE msc_state=2 cv_cnt=0 ov_cnt=0 temp_idx:2, vbatt_idx:4  fv_uv=4430000 cc_max=0 update_interval=-1
04-17 12:32:39.196220     0     0 I         : c2   5809 google_charger: MSC_CHG fv_uv=4430000, cc_max=0, rerun in 2000 ms (0)
--------- switch to main
04-17 12:32:39.220720   984  1089 W ASH     : @ 40288.895: touch gesture: no valid gesture detected
04-17 12:32:39.285247   984  1089 W ASH     : @ 40288.960: touch gesture: no valid gesture detected
04-17 12:32:39.349921   984  1089 W ASH     : @ 40289.025: touch gesture: no valid gesture detected
04-17 12:32:39.414320   984  1089 W ASH     : @ 40289.089: touch gesture: no valid gesture detected
04-17 12:32:39.478906   984  1089 W ASH     : @ 40289.154: touch gesture: no valid gesture detected
04-17 12:32:39.543309   984  1089 W ASH     : @ 40289.218: touch gesture: no valid gesture detected
04-17 12:32:39.607993   984  1089 W ASH     : @ 40289.283: touch gesture: no valid gesture detected
04-17 12:32:39.672333   984  1089 W ASH     : @ 40289.347: touch gesture: no valid gesture detected
04-17 12:32:39.736871   984  1089 W ASH     : @ 40289.412: touch gesture: no valid gesture detected
04-17 12:32:39.801541   984  1089 W ASH     : @ 40289.476: touch gesture: no valid gesture detected
04-17 12:32:39.866050   984  1089 W ASH     : @ 40289.541: touch gesture: no valid gesture detected
04-17 12:32:39.930687   984  1089 W ASH     : @ 40289.605: touch gesture: no valid gesture detected
04-17 12:32:39.994857   984  1089 W ASH     : @ 40289.670: touch gesture: no valid gesture detected
04-17 12:32:40.059433   984  1089 W ASH     : @ 40289.734: touch gesture: no valid gesture detected
04-17 12:32:40.122499   984  1089 W ASH     : @ 40289.799: touch gesture: no valid gesture detected
04-17 12:32:40.188658   984  1089 W ASH     : @ 40289.863: touch gesture: no valid gesture detected
04-17 12:32:40.253190   984  1089 W ASH     : @ 40289.928: touch gesture: no valid gesture detected
04-17 12:32:40.317736   984  1089 W ASH     : @ 40289.992: touch gesture: no valid gesture detected
04-17 12:32:40.382171   984  1089 W ASH     : @ 40290.057: touch gesture: no valid gesture detected
04-17 12:32:40.446719   984  1089 W ASH     : @ 40290.121: touch gesture: no valid gesture detected
04-17 12:32:40.511370   984  1089 W ASH     : @ 40290.186: touch gesture: no valid gesture detected
04-17 12:32:40.575502   984  1089 W ASH     : @ 40290.250: touch gesture: no valid gesture detected
04-17 12:32:40.640324   984  1089 W ASH     : @ 40290.315: touch gesture: no valid gesture detected
04-17 12:32:40.704537   984  1089 W ASH     : @ 40290.379: touch gesture: no valid gesture detected
04-17 12:32:40.769288   984  1089 W ASH     : @ 40290.444: touch gesture: no valid gesture detected
04-17 12:32:40.833739   984  1089 W ASH     : @ 40290.508: touch gesture: no valid gesture detected
04-17 12:32:40.898120   984  1089 W ASH     : @ 40290.573: touch gesture: no valid gesture detected
04-17 12:32:40.962168   984  1089 W ASH     : @ 40290.637: touch gesture: no valid gesture detected
04-17 12:32:41.027035   984  1089 W ASH     : @ 40290.702: touch gesture: no valid gesture detected
04-17 12:32:41.091384   984  1089 W ASH     : @ 40290.766: touch gesture: no valid gesture detected
04-17 12:32:41.155825   984  1089 W ASH     : @ 40290.830: touch gesture: no valid gesture detected
--------- switch to kernel
04-17 12:32:41.212408     0     0 I         : c2   5809 google_charger: usbchg=USB typec=C usbv=5051 usbc=0 usbMv=5000 usbMc=450
04-17 12:32:41.212593     0     0 I         : c2   5809 sm7250_bms: MSC_PCS chg_state=1c2112c01030001 [0x1:1:3:4396:450] chg=u
04-17 12:32:41.212778     0     0 I         : c2   5809 google_battery: MSC_DIN chg_state=1c2112c01030001 f=0x1 chg_s=Not Charging chg_t=None vchg=4396 icl=450
04-17 12:32:41.214450     0     0 I         : c2   5809 google_battery: MSC_DSG vbatt_idx:4->4 vbatt=4396849 ibatt=-5798 fv_uv=4430000 cv_cnt=0 ov_cnt=0
--------- switch to main
04-17 12:32:41.219437   984  1089 W ASH     : @ 40290.895: touch gesture: no valid gesture detected
--------- switch to kernel
04-17 12:32:41.214519     0     0 I         : c2   5809 google_battery: MSC_VOTE msc_state=2 cv_cnt=0 ov_cnt=0 temp_idx:2, vbatt_idx:4  fv_uv=4430000 cc_max=0 update_interval=-1
04-17 12:32:41.214795     0     0 I         : c2   5809 google_charger: MSC_CHG fv_uv=4430000, cc_max=0, rerun in 2000 ms (0)
--------- switch to main
04-17 12:32:41.284583   984  1089 W ASH     : @ 40290.960: touch gesture: no valid gesture detected
04-17 12:32:41.348775   984  1089 W ASH     : @ 40291.024: touch gesture: no valid gesture detected
04-17 12:32:41.413737   984  1089 W ASH     : @ 40291.088: touch gesture: no valid gesture detected
04-17 12:32:41.478768   984  1089 W ASH     : @ 40291.153: touch gesture: no valid gesture detected
04-17 12:32:41.542411   984  1089 W ASH     : @ 40291.217: touch gesture: no valid gesture detected
04-17 12:32:41.607073   984  1089 W ASH     : @ 40291.282: touch gesture: no valid gesture detected
04-17 12:32:41.671494   984  1089 W ASH     : @ 40291.346: touch gesture: no valid gesture detected
04-17 12:32:41.735970   984  1089 W ASH     : @ 40291.411: touch gesture: no valid gesture detected
04-17 12:32:41.800645   984  1089 W ASH     : @ 40291.475: touch gesture: no valid gesture detected
04-17 12:32:41.865406   984  1089 W ASH     : @ 40291.540: touch gesture: no valid gesture detected
04-17 12:32:41.930026   984  1089 W ASH     : @ 40291.604: touch gesture: no valid gesture detected
04-17 12:32:41.993146   984  1089 W ASH     : @ 40291.669: touch gesture: no valid gesture detected
04-17 12:32:42.059229   984  1089 W ASH     : @ 40291.734: touch gesture: no valid gesture detected
04-17 12:32:42.123890   984  1089 W ASH     : @ 40291.798: touch gesture: no valid gesture detected
04-17 12:32:42.188265   984  1089 W ASH     : @ 40291.863: touch gesture: no valid gesture detected
04-17 12:32:42.252464   984  1089 W ASH     : @ 40291.927: touch gesture: no valid gesture detected
04-17 12:32:42.316788   984  1089 W ASH     : @ 40291.992: touch gesture: no valid gesture detected
04-17 12:32:42.381975   984  1089 W ASH     : @ 40292.056: touch gesture: no valid gesture detected
04-17 12:32:42.445839   984  1089 W ASH     : @ 40292.121: touch gesture: no valid gesture detected
04-17 12:32:42.510047   984  1089 W ASH     : @ 40292.185: touch gesture: no valid gesture detected
04-17 12:32:42.574992   984  1089 W ASH     : @ 40292.250: touch gesture: no valid gesture detected
04-17 12:32:42.639480   984  1089 W ASH     : @ 40292.314: touch gesture: no valid gesture detected
04-17 12:32:42.703994   984  1089 W ASH     : @ 40292.379: touch gesture: no valid gesture detected
04-17 12:32:42.768919   984  1089 W ASH     : @ 40292.443: touch gesture: no valid gesture detected
04-17 12:32:42.833336   984  1089 W ASH     : @ 40292.508: touch gesture: no valid gesture detected
04-17 12:32:42.897466   984  1089 W ASH     : @ 40292.572: touch gesture: no valid gesture detected
04-17 12:32:42.961202   984  1089 W ASH     : @ 40292.637: touch gesture: no valid gesture detected
04-17 12:32:43.026536   984  1089 W ASH     : @ 40292.701: touch gesture: no valid gesture detected
04-17 12:32:43.091469   984  1089 W ASH     : @ 40292.766: touch gesture: no valid gesture detected
04-17 12:32:43.156087   984  1089 W ASH     : @ 40292.831: touch gesture: no valid gesture detected
04-17 12:32:43.218966   984  1089 W ASH     : @ 40292.895: touch gesture: no valid gesture detected
--------- switch to kernel
04-17 12:32:43.228740     0     0 I         : c2   5809 google_charger: usbchg=USB typec=C usbv=5040 usbc=0 usbMv=5000 usbMc=450
04-17 12:32:43.228933     0     0 I         : c2   5809 sm7250_bms: MSC_PCS chg_state=1c2112c01030001 [0x1:1:3:4396:450] chg=u
04-17 12:32:43.229009     0     0 I         : c2   5809 google_battery: MSC_DIN chg_state=1c2112c01030001 f=0x1 chg_s=Not Charging chg_t=None vchg=4396 icl=450
04-17 12:32:43.230725     0     0 I         : c2   5809 google_battery: MSC_DSG vbatt_idx:4->4 vbatt=4396849 ibatt=-5798 fv_uv=4430000 cv_cnt=0 ov_cnt=0
04-17 12:32:43.230785     0     0 I         : c2   5809 google_battery: MSC_VOTE msc_state=2 cv_cnt=0 ov_cnt=0 temp_idx:2, vbatt_idx:4  fv_uv=4430000 cc_max=0 update_interval=-1
04-17 12:32:43.230883     0     0 I         : c2   5809 google_charger: MSC_CHG fv_uv=4430000, cc_max=0, rerun in 2000 ms (0)
--------- switch to main
04-17 12:32:43.284829   984  1089 W ASH     : @ 40292.960: touch gesture: no valid gesture detected
04-17 12:32:43.349106   984  1089 W ASH     : @ 40293.024: touch gesture: no valid gesture detected
04-17 12:32:43.413843   984  1089 W ASH     : @ 40293.089: touch gesture: no valid gesture detected
04-17 12:32:43.478645   984  1089 W ASH     : @ 40293.153: touch gesture: no valid gesture detected
04-17 12:32:43.542755   984  1089 W ASH     : @ 40293.218: touch gesture: no valid gesture detected
04-17 12:32:43.607265   984  1089 W ASH     : @ 40293.282: touch gesture: no valid gesture detected
04-17 12:32:43.671716   984  1089 W ASH     : @ 40293.347: touch gesture: no valid gesture detected
04-17 12:32:43.736581   984  1089 W ASH     : @ 40293.411: touch gesture: no valid gesture detected
04-17 12:32:43.800859   984  1089 W ASH     : @ 40293.476: touch gesture: no valid gesture detected
04-17 12:32:43.865709   984  1089 W ASH     : @ 40293.540: touch gesture: no valid gesture detected
04-17 12:32:43.930309   984  1089 W ASH     : @ 40293.605: touch gesture: no valid gesture detected
04-17 12:32:43.994518   984  1089 W ASH     : @ 40293.669: touch gesture: no valid gesture detected
04-17 12:32:44.058836   984  1089 W ASH     : @ 40293.734: touch gesture: no valid gesture detected
04-17 12:32:44.123669   984  1089 W ASH     : @ 40293.798: touch gesture: no valid gesture detected
04-17 12:32:44.188146   984  1089 W ASH     : @ 40293.863: touch gesture: no valid gesture detected
04-17 12:32:44.252925   984  1089 W ASH     : @ 40293.927: touch gesture: no valid gesture detected
04-17 12:32:44.316938   984  1089 W ASH     : @ 40293.992: touch gesture: no valid gesture detected
04-17 12:32:44.381438   984  1089 W ASH     : @ 40294.056: touch gesture: no valid gesture detected
04-17 12:32:44.445943   984  1089 W ASH     : @ 40294.121: touch gesture: no valid gesture detected
04-17 12:32:44.510927   984  1089 W ASH     : @ 40294.185: touch gesture: no valid gesture detected
04-17 12:32:44.575281   984  1089 W ASH     : @ 40294.250: touch gesture: no valid gesture detected
04-17 12:32:44.639716   984  1089 W ASH     : @ 40294.314: touch gesture: no valid gesture detected
04-17 12:32:44.704093   984  1089 W ASH     : @ 40294.379: touch gesture: no valid gesture detected
04-17 12:32:44.768903   984  1089 W ASH     : @ 40294.443: touch gesture: no valid gesture detected
04-17 12:32:44.833221   984  1089 W ASH     : @ 40294.508: touch gesture: no valid gesture detected
04-17 12:32:44.897566   984  1089 W ASH     : @ 40294.572: touch gesture: no valid gesture detected
04-17 12:32:44.962034   984  1089 W ASH     : @ 40294.637: touch gesture: no valid gesture detected
04-17 12:32:45.027303   984  1089 W ASH     : @ 40294.701: touch gesture: no valid gesture detected
04-17 12:32:45.091369   984  1089 W ASH     : @ 40294.766: touch gesture: no valid gesture detected
04-17 12:32:45.155692   984  1089 W ASH     : @ 40294.830: touch gesture: no valid gesture detected
04-17 12:32:45.220388   984  1089 W ASH     : @ 40294.895: touch gesture: no valid gesture detected
--------- switch to kernel
04-17 12:32:45.238201     0     0 I         : c2   5809 google_charger: usbchg=USB typec=C usbv=5046 usbc=0 usbMv=5000 usbMc=450
04-17 12:32:45.238344     0     0 I         : c2   5809 sm7250_bms: MSC_PCS chg_state=1c2112c01030001 [0x1:1:3:4396:450] chg=u
04-17 12:32:45.238381     0     0 I         : c2   5809 google_battery: MSC_DIN chg_state=1c2112c01030001 f=0x1 chg_s=Not Charging chg_t=None vchg=4396 icl=450
04-17 12:32:45.244127     0     0 I         : c2   5809 google_battery: MSC_DSG vbatt_idx:4->4 vbatt=4396849 ibatt=-5798 fv_uv=4430000 cv_cnt=0 ov_cnt=0
04-17 12:32:45.244166     0     0 I         : c2   5809 google_battery: MSC_VOTE msc_state=2 cv_cnt=0 ov_cnt=0 temp_idx:2, vbatt_idx:4  fv_uv=4430000 cc_max=0 update_interval=-1
04-17 12:32:45.244212     0     0 I         : c2   5809 google_charger: MSC_CHG fv_uv=4430000, cc_max=0, rerun in 2000 ms (0)
--------- switch to main
04-17 12:32:45.285062   984  1089 W ASH     : @ 40294.960: touch gesture: no valid gesture detected
04-17 12:32:45.349527   984  1089 W ASH     : @ 40295.024: touch gesture: no valid gesture detected
04-17 12:32:45.414379   984  1089 W ASH     : @ 40295.089: touch gesture: no valid gesture detected
04-17 12:32:45.478613   984  1089 W ASH     : @ 40295.153: touch gesture: no valid gesture detected
04-17 12:32:45.542940   984  1089 W ASH     : @ 40295.218: touch gesture: no valid gesture detected
04-17 12:32:45.607466   984  1089 W ASH     : @ 40295.282: touch gesture: no valid gesture detected
04-17 12:32:45.672298   984  1089 W ASH     : @ 40295.347: touch gesture: no valid gesture detected
04-17 12:32:45.736956   984  1089 W ASH     : @ 40295.411: touch gesture: no valid gesture detected
04-17 12:32:45.801233   984  1089 W ASH     : @ 40295.476: touch gesture: no valid gesture detected
04-17 12:32:45.865822   984  1089 W ASH     : @ 40295.541: touch gesture: no valid gesture detected
04-17 12:32:45.930412   984  1089 W ASH     : @ 40295.605: touch gesture: no valid gesture detected
04-17 12:32:45.995598   984  1089 W ASH     : @ 40295.670: touch gesture: no valid gesture detected
04-17 12:32:46.059491   984  1089 W ASH     : @ 40295.734: touch gesture: no valid gesture detected
04-17 12:32:46.124093   984  1089 W ASH     : @ 40295.799: touch gesture: no valid gesture detected
04-17 12:32:46.189449   984  1089 W ASH     : @ 40295.863: touch gesture: no valid gesture detected
04-17 12:32:46.253356   984  1089 W ASH     : @ 40295.928: touch gesture: no valid gesture detected
04-17 12:32:46.317973   984  1089 W ASH     : @ 40295.993: touch gesture: no valid gesture detected
04-17 12:32:46.382205   984  1089 W ASH     : @ 40296.057: touch gesture: no valid gesture detected
04-17 12:32:46.447343   984  1089 W ASH     : @ 40296.122: touch gesture: no valid gesture detected
04-17 12:32:46.511475   984  1089 W ASH     : @ 40296.186: touch gesture: no valid gesture detected
04-17 12:32:46.575763   984  1089 W ASH     : @ 40296.251: touch gesture: no valid gesture detected
04-17 12:32:46.640663   984  1089 W ASH     : @ 40296.315: touch gesture: no valid gesture detected
04-17 12:32:46.704992   984  1089 W ASH     : @ 40296.380: touch gesture: no valid gesture detected
04-17 12:32:46.769467   984  1089 W ASH     : @ 40296.444: touch gesture: no valid gesture detected
04-17 12:32:46.834310   984  1089 W ASH     : @ 40296.509: touch gesture: no valid gesture detected
04-17 12:32:46.898600   984  1089 W ASH     : @ 40296.573: touch gesture: no valid gesture detected
04-17 12:32:46.963346   984  1089 W ASH     : @ 40296.638: touch gesture: no valid gesture detected
04-17 12:32:47.027549   984  1089 W ASH     : @ 40296.703: touch gesture: no valid gesture detected
04-17 12:32:47.092343   984  1089 W ASH     : @ 40296.767: touch gesture: no valid gesture detected
04-17 12:32:47.156908   984  1089 W ASH     : @ 40296.832: touch gesture: no valid gesture detected
04-17 12:32:47.221105   984  1089 W ASH     : @ 40296.896: touch gesture: no valid gesture detected
--------- switch to kernel
04-17 12:32:47.254830     0     0 I         : c2   5809 google_charger: usbchg=USB typec=C usbv=5038 usbc=0 usbMv=5000 usbMc=450
04-17 12:32:47.255147     0     0 I         : c2   5809 sm7250_bms: MSC_PCS chg_state=1c2112c01030001 [0x1:1:3:4396:450] chg=u
04-17 12:32:47.255217     0     0 I         : c2   5809 google_battery: MSC_DIN chg_state=1c2112c01030001 f=0x1 chg_s=Not Charging chg_t=None vchg=4396 icl=450
04-17 12:32:47.260718     0     0 I         : c2   5809 google_battery: MSC_DSG vbatt_idx:4->4 vbatt=4396849 ibatt=-5798 fv_uv=4430000 cv_cnt=0 ov_cnt=0
04-17 12:32:47.260776     0     0 I         : c2   5809 google_battery: MSC_VOTE msc_state=2 cv_cnt=0 ov_cnt=0 temp_idx:2, vbatt_idx:4  fv_uv=4430000 cc_max=0 update_interval=-1
04-17 12:32:47.260873     0     0 I         : c2   5809 google_charger: MSC_CHG fv_uv=4430000, cc_max=0, rerun in 2000 ms (0)
--------- switch to main
04-17 12:32:47.286460   984  1089 W ASH     : @ 40296.961: touch gesture: no valid gesture detected
04-17 12:32:47.350310   984  1089 W ASH     : @ 40297.025: touch gesture: no valid gesture detected
04-17 12:32:47.414872   984  1089 W ASH     : @ 40297.090: touch gesture: no valid gesture detected
04-17 12:32:47.479651   984  1089 W ASH     : @ 40297.154: touch gesture: no valid gesture detected
04-17 12:32:47.544189   984  1089 W ASH     : @ 40297.219: touch gesture: no valid gesture detected
04-17 12:32:47.608901   984  1089 W ASH     : @ 40297.283: touch gesture: no valid gesture detected
04-17 12:32:47.673194   984  1089 W ASH     : @ 40297.348: touch gesture: no valid gesture detected
04-17 12:32:47.737461   984  1089 W ASH     : @ 40297.412: touch gesture: no valid gesture detected
04-17 12:32:47.801189   984  1089 W ASH     : @ 40297.477: touch gesture: no valid gesture detected
04-17 12:32:47.866471   984  1089 W ASH     : @ 40297.541: touch gesture: no valid gesture detected
04-17 12:32:47.931645   984  1089 W ASH     : @ 40297.606: touch gesture: no valid gesture detected
04-17 12:32:47.995508   984  1089 W ASH     : @ 40297.670: touch gesture: no valid gesture detected
04-17 12:32:48.060593   984  1089 W ASH     : @ 40297.735: touch gesture: no valid gesture detected
04-17 12:32:48.124985   984  1089 W ASH     : @ 40297.799: touch gesture: no valid gesture detected
04-17 12:32:48.188981   984  1089 W ASH     : @ 40297.864: touch gesture: no valid gesture detected
04-17 12:32:48.253578   984  1089 W ASH     : @ 40297.928: touch gesture: no valid gesture detected
04-17 12:32:48.318065   984  1089 W ASH     : @ 40297.993: touch gesture: no valid gesture detected
04-17 12:32:48.382040   984  1089 W ASH     : @ 40298.057: touch gesture: no valid gesture detected
04-17 12:32:48.447229   984  1089 W ASH     : @ 40298.122: touch gesture: no valid gesture detected
04-17 12:32:48.511731   984  1089 W ASH     : @ 40298.187: touch gesture: no valid gesture detected
04-17 12:32:48.575997   984  1089 W ASH     : @ 40298.251: touch gesture: no valid gesture detected
04-17 12:32:48.640660   984  1089 W ASH     : @ 40298.315: touch gesture: no valid gesture detected
04-17 12:32:48.705387   984  1089 W ASH     : @ 40298.380: touch gesture: no valid gesture detected
