04-17 10:05:10.430289   984  1089 W ASH     : @ 31440.106: touch gesture: no valid gesture detected
04-17 10:05:10.494545   984  1089 W ASH     : @ 31440.170: touch gesture: no valid gesture detected
04-17 10:05:10.558807   984  1089 W ASH     : @ 31440.234: touch gesture: no valid gesture detected
04-17 10:05:10.623195   984  1089 W ASH     : @ 31440.299: touch gesture: no valid gesture detected
04-17 10:05:10.687612   984  1089 W ASH     : @ 31440.363: touch gesture: no valid gesture detected
04-17 10:05:10.751889   984  1089 W ASH     : @ 31440.428: touch gesture: no valid gesture detected
04-17 10:05:10.816639   984  1089 W ASH     : @ 31440.492: touch gesture: no valid gesture detected
04-17 10:05:10.881012   984  1089 W ASH     : @ 31440.557: touch gesture: no valid gesture detected
04-17 10:05:10.945078   984  1089 W ASH     : @ 31440.621: touch gesture: no valid gesture detected
04-17 10:05:11.009679   984  1089 W ASH     : @ 31440.685: touch gesture: no valid gesture detected
04-17 10:05:11.073944   984  1089 W ASH     : @ 31440.750: touch gesture: no valid gesture detected
04-17 10:05:11.138443   984  1089 W ASH     : @ 31440.814: touch gesture: no valid gesture detected
04-17 10:05:11.203182   984  1089 W ASH     : @ 31440.879: touch gesture: no valid gesture detected
04-17 10:05:11.267377   984  1089 W ASH     : @ 31440.943: touch gesture: no valid gesture detected
04-17 10:05:11.332023   984  1089 W ASH     : @ 31441.008: touch gesture: no valid gesture detected
04-17 10:05:11.396659   984  1089 W ASH     : @ 31441.072: touch gesture: no valid gesture detected
04-17 10:05:11.460757   984  1089 W ASH     : @ 31441.136: touch gesture: no valid gesture detected
04-17 10:05:11.525109   984  1089 W ASH     : @ 31441.201: touch gesture: no valid gesture detected
04-17 10:05:11.589779   984  1089 W ASH     : @ 31441.265: touch gesture: no valid gesture detected
04-17 10:05:11.654021   984  1089 W ASH     : @ 31441.330: touch gesture: no valid gesture detected
04-17 10:05:11.718825   984  1089 W ASH     : @ 31441.394: touch gesture: no valid gesture detected
04-17 10:05:11.783136   984  1089 W ASH     : @ 31441.459: touch gesture: no valid gesture detected
04-17 10:05:11.847741   984  1089 W ASH     : @ 31441.523: touch gesture: no valid gesture detected
04-17 10:05:11.911271   984  1089 W ASH     : @ 31441.587: touch gesture: no valid gesture detected
04-17 10:05:11.976367   984  1089 W ASH     : @ 31441.652: touch gesture: no valid gesture detected
04-17 10:05:12.040328   984  1089 W ASH     : @ 31441.716: touch gesture: no valid gesture detected
04-17 10:05:12.104957   984  1089 W ASH     : @ 31441.781: touch gesture: no valid gesture detected
04-17 10:05:12.169722   984  1089 W ASH     : @ 31441.845: touch gesture: no valid gesture detected
04-17 10:05:12.234146   984  1089 W ASH     : @ 31441.909: touch gesture: no valid gesture detected
04-17 10:05:12.298545   984  1089 W ASH     : @ 31441.974: touch gesture: no valid gesture detected
04-17 10:05:12.363276   984  1089 W ASH     : @ 31442.038: touch gesture: no valid gesture detected
04-17 10:05:12.427180   984  1089 W ASH     : @ 31442.103: touch gesture: no valid gesture detected
04-17 10:05:12.491425   984  1089 W ASH     : @ 31442.167: touch gesture: no valid gesture detected
04-17 10:05:12.556274   984  1089 W ASH     : @ 31442.232: touch gesture: no valid gesture detected
04-17 10:05:12.620387   984  1089 W ASH     : @ 31442.296: touch gesture: no valid gesture detected
04-17 10:05:12.684694   984  1089 W ASH     : @ 31442.361: touch gesture: no valid gesture detected
04-17 10:05:12.749451   984  1089 W ASH     : @ 31442.425: touch gesture: no valid gesture detected
04-17 10:05:12.813938   984  1089 W ASH     : @ 31442.489: touch gesture: no valid gesture detected
04-17 10:05:12.878349   984  1089 W ASH     : @ 31442.554: touch gesture: no valid gesture detected
04-17 10:05:12.942898   984  1089 W ASH     : @ 31442.618: touch gesture: no valid gesture detected
04-17 10:05:13.007444   984  1089 W ASH     : @ 31442.683: touch gesture: no valid gesture detected
04-17 10:05:13.071823   984  1089 W ASH     : @ 31442.747: touch gesture: no valid gesture detected
04-17 10:05:13.136499   984  1089 W ASH     : @ 31442.812: touch gesture: no valid gesture detected
04-17 10:05:13.200391   984  1089 W ASH     : @ 31442.876: touch gesture: no valid gesture detected
04-17 10:05:13.265231   984  1089 W ASH     : @ 31442.941: touch gesture: no valid gesture detected
04-17 10:05:13.329627   984  1089 W ASH     : @ 31443.005: touch gesture: no valid gesture detected
04-17 10:05:13.394062   984  1089 W ASH     : @ 31443.070: touch gesture: no valid gesture detected
04-17 10:05:13.458417   984  1089 W ASH     : @ 31443.134: touch gesture: no valid gesture detected
04-17 10:05:13.523078   984  1089 W ASH     : @ 31443.199: touch gesture: no valid gesture detected
04-17 10:05:13.587241   984  1089 W ASH     : @ 31443.263: touch gesture: no valid gesture detected
04-17 10:05:13.651602   984  1089 W ASH     : @ 31443.327: touch gesture: no valid gesture detected
04-17 10:05:13.716317   984  1089 W ASH     : @ 31443.392: touch gesture: no valid gesture detected
04-17 10:05:13.780916   984  1089 W ASH     : @ 31443.456: touch gesture: no valid gesture detected
04-17 10:05:13.845353   984  1089 W ASH     : @ 31443.521: touch gesture: no valid gesture detected
04-17 10:05:13.909655   984  1089 W ASH     : @ 31443.585: touch gesture: no valid gesture detected
04-17 10:05:13.974355   984  1089 W ASH     : @ 31443.650: touch gesture: no valid gesture detected
04-17 10:05:14.038889   984  1089 W ASH     : @ 31443.714: touch gesture: no valid gesture detected
04-17 10:05:14.103148   984  1089 W ASH     : @ 31443.779: touch gesture: no valid gesture detected
04-17 10:05:14.167678   984  1089 W ASH     : @ 31443.843: touch gesture: no valid gesture detected
04-17 10:05:14.232213   984  1089 W ASH     : @ 31443.908: touch gesture: no valid gesture detected
04-17 10:05:14.297031   984  1089 W ASH     : @ 31443.972: touch gesture: no valid gesture detected
04-17 10:05:14.361140   984  1089 W ASH     : @ 31444.037: touch gesture: no valid gesture detected
04-17 10:05:14.425897   984  1089 W ASH     : @ 31444.101: touch gesture: no valid gesture detected
04-17 10:05:14.490266   984  1089 W ASH     : @ 31444.166: touch gesture: no valid gesture detected
04-17 10:05:14.554646   984  1089 W ASH     : @ 31444.230: touch gesture: no valid gesture detected
04-17 10:05:14.619278   984  1089 W ASH     : @ 31444.295: touch gesture: no valid gesture detected
04-17 10:05:14.682254   984  1089 W ASH     : @ 31444.359: touch gesture: no valid gesture detected
04-17 10:05:14.748544   984  1089 W ASH     : @ 31444.424: touch gesture: no valid gesture detected
04-17 10:05:14.812891   984  1089 W ASH     : @ 31444.489: touch gesture: no valid gesture detected
04-17 10:05:14.877350   984  1089 W ASH     : @ 31444.553: touch gesture: no valid gesture detected
04-17 10:05:14.942258   984  1089 W ASH     : @ 31444.618: touch gesture: no valid gesture detected
04-17 10:05:15.006678   984  1089 W ASH     : @ 31444.682: touch gesture: no valid gesture detected
04-17 10:05:15.071114   984  1089 W ASH     : @ 31444.747: touch gesture: no valid gesture detected
04-17 10:05:15.135369   984  1089 W ASH     : @ 31444.811: touch gesture: no valid gesture detected
04-17 10:05:15.199864   984  1089 W ASH     : @ 31444.875: touch gesture: no valid gesture detected
04-17 10:05:15.264341   984  1089 W ASH     : @ 31444.940: touch gesture: no valid gesture detected
04-17 10:05:15.328833   984  1089 W ASH     : @ 31445.004: touch gesture: no valid gesture detected
04-17 10:05:15.393228   984  1089 W ASH     : @ 31445.069: touch gesture: no valid gesture detected
04-17 10:05:15.458295   984  1089 W ASH     : @ 31445.133: touch gesture: no valid gesture detected
04-17 10:05:15.522238   984  1089 W ASH     : @ 31445.198: touch gesture: no valid gesture detected
04-17 10:05:15.587208   984  1089 W ASH     : @ 31445.262: touch gesture: no valid gesture detected
04-17 10:05:15.651172   984  1089 W ASH     : @ 31445.327: touch gesture: no valid gesture detected
04-17 10:05:15.715875   984  1089 W ASH     : @ 31445.391: touch gesture: no valid gesture detected
04-17 10:05:15.780127   984  1089 W ASH     : @ 31445.456: touch gesture: no valid gesture detected
04-17 10:05:15.844362   984  1089 W ASH     : @ 31445.520: touch gesture: no valid gesture detected
04-17 10:05:15.909536   984  1089 W ASH     : @ 31445.585: touch gesture: no valid gesture detected
04-17 10:05:15.974089   984  1089 W ASH     : @ 31445.649: touch gesture: no valid gesture detected
04-17 10:05:16.038576   984  1089 W ASH     : @ 31445.714: touch gesture: no valid gesture detected
04-17 10:05:16.102157   984  1089 W ASH     : @ 31445.778: touch gesture: no valid gesture detected
04-17 10:05:16.167438   984  1089 W ASH     : @ 31445.843: touch gesture: no valid gesture detected
04-17 10:05:16.231832   984  1089 W ASH     : @ 31445.907: touch gesture: no valid gesture detected
04-17 10:05:16.295542   984  1089 W ASH     : @ 31445.971: touch gesture: no valid gesture detected
04-17 10:05:16.360776   984  1089 W ASH     : @ 31446.036: touch gesture: no valid gesture detected
04-17 10:05:16.425559   984  1089 W ASH     : @ 31446.101: touch gesture: no valid gesture detected
04-17 10:05:16.489269   984  1089 W ASH     : @ 31446.165: touch gesture: no valid gesture detected
04-17 10:05:16.554106   984  1089 W ASH     : @ 31446.230: touch gesture: no valid gesture detected
04-17 10:05:16.618712   984  1089 W ASH     : @ 31446.294: touch gesture: no valid gesture detected
04-17 10:05:16.683055   984  1089 W ASH     : @ 31446.359: touch gesture: no valid gesture detected
04-17 10:05:16.747384   984  1089 W ASH     : @ 31446.423: touch gesture: no valid gesture detected
04-17 10:05:16.812466   984  1089 W ASH     : @ 31446.488: touch gesture: no valid gesture detected
04-17 10:05:16.876542   984  1089 W ASH     : @ 31446.552: touch gesture: no valid gesture detected
04-17 10:05:16.941658   984  1089 W ASH     : @ 31446.617: touch gesture: no valid gesture detected
04-17 10:05:17.005618   984  1089 W ASH     : @ 31446.681: touch gesture: no valid gesture detected
04-17 10:05:17.070150   984  1089 W ASH     : @ 31446.746: touch gesture: no valid gesture detected
04-17 10:05:17.134356   984  1089 W ASH     : @ 31446.810: touch gesture: no valid gesture detected
04-17 10:05:17.198737   984  1089 W ASH     : @ 31446.875: touch gesture: no valid gesture detected
04-17 10:05:17.263155   984  1089 W ASH     : @ 31446.939: touch gesture: no valid gesture detected
04-17 10:05:17.327642   984  1089 W ASH     : @ 31447.004: touch gesture: no valid gesture detected
04-17 10:05:17.392077   984  1089 W ASH     : @ 31447.068: touch gesture: no valid gesture detected
04-17 10:05:17.455522   984  1089 W ASH     : @ 31447.132: touch gesture: no valid gesture detected
04-17 10:05:17.522001   984  1089 W ASH     : @ 31447.197: touch gesture: no valid gesture detected
04-17 10:05:17.585542   984  1089 W ASH     : @ 31447.261: touch gesture: no valid gesture detected
04-17 10:05:17.650263   984  1089 W ASH     : @ 31447.326: touch gesture: no valid gesture detected
04-17 10:05:17.714893   984  1089 W ASH     : @ 31447.391: touch gesture: no valid gesture detected
04-17 10:05:17.778971   984  1089 W ASH     : @ 31447.455: touch gesture: no valid gesture detected
04-17 10:05:17.844080   984  1089 W ASH     : @ 31447.519: touch gesture: no valid gesture detected
04-17 10:05:17.908374   984  1089 W ASH     : @ 31447.584: touch gesture: no valid gesture detected
04-17 10:05:17.972624   984  1089 W ASH     : @ 31447.648: touch gesture: no valid gesture detected
04-17 10:05:18.037430   984  1089 W ASH     : @ 31447.713: touch gesture: no valid gesture detected
04-17 10:05:18.101912   984  1089 W ASH     : @ 31447.777: touch gesture: no valid gesture detected
04-17 10:05:18.166407   984  1089 W ASH     : @ 31447.842: touch gesture: no valid gesture detected
04-17 10:05:18.230588   984  1089 W ASH     : @ 31447.906: touch gesture: no valid gesture detected
04-17 10:05:18.295185   984  1089 W ASH     : @ 31447.971: touch gesture: no valid gesture detected
04-17 10:05:18.359740   984  1089 W ASH     : @ 31448.035: touch gesture: no valid gesture detected
04-17 10:05:18.424046   984  1089 W ASH     : @ 31448.100: touch gesture: no valid gesture detected
04-17 10:05:18.488775   984  1089 W ASH     : @ 31448.164: touch gesture: no valid gesture detected
04-17 10:05:18.552827   984  1089 W ASH     : @ 31448.229: touch gesture: no valid gesture detected
04-17 10:05:18.617264   984  1089 W ASH     : @ 31448.293: touch gesture: no valid gesture detected
04-17 10:05:18.681960   984  1089 W ASH     : @ 31448.358: touch gesture: no valid gesture detected
04-17 10:05:18.746315   984  1089 W ASH     : @ 31448.422: touch gesture: no valid gesture detected
04-17 10:05:18.811035   984  1089 W ASH     : @ 31448.487: touch gesture: no valid gesture detected
04-17 10:05:18.875604   984  1089 W ASH     : @ 31448.551: touch gesture: no valid gesture detected
04-17 10:05:18.940017   984  1089 W ASH     : @ 31448.616: touch gesture: no valid gesture detected
04-17 10:05:19.004629   984  1089 W ASH     : @ 31448.680: touch gesture: no valid gesture detected
04-17 10:05:19.069188   984  1089 W ASH     : @ 31448.745: touch gesture: no valid gesture detected
04-17 10:05:19.133447   984  1089 W ASH     : @ 31448.809: touch gesture: no valid gesture detected
04-17 10:05:19.198067   984  1089 W ASH     : @ 31448.874: touch gesture: no valid gesture detected
04-17 10:05:19.262829   984  1089 W ASH     : @ 31448.938: touch gesture: no valid gesture detected
04-17 10:05:19.326989   984  1089 W ASH     : @ 31449.003: touch gesture: no valid gesture detected
04-17 10:05:19.391425   984  1089 W ASH     : @ 31449.067: touch gesture: no valid gesture detected
04-17 10:05:19.456273   984  1089 W ASH     : @ 31449.132: touch gesture: no valid gesture detected
04-17 10:05:19.520515   984  1089 W ASH     : @ 31449.196: touch gesture: no valid gesture detected
04-17 10:05:19.584823   984  1089 W ASH     : @ 31449.261: touch gesture: no valid gesture detected
04-17 10:05:19.649266   984  1089 W ASH     : @ 31449.325: touch gesture: no valid gesture detected
04-17 10:05:19.713872   984  1089 W ASH     : @ 31449.390: touch gesture: no valid gesture detected
04-17 10:05:19.778559   984  1089 W ASH     : @ 31449.454: touch gesture: no valid gesture detected
04-17 10:05:19.843125   984  1089 W ASH     : @ 31449.519: touch gesture: no valid gesture detected
04-17 10:05:19.907433   984  1089 W ASH     : @ 31449.583: touch gesture: no valid gesture detected
04-17 10:05:19.971824   984  1089 W ASH     : @ 31449.647: touch gesture: no valid gesture detected
04-17 10:05:20.036267   984  1089 W ASH     : @ 31449.712: touch gesture: no valid gesture detected
04-17 10:05:20.100700   984  1089 W ASH     : @ 31449.776: touch gesture: no valid gesture detected
04-17 10:05:20.165223   984  1089 W ASH     : @ 31449.841: touch gesture: no valid gesture detected
04-17 10:05:20.229893   984  1089 W ASH     : @ 31449.905: touch gesture: no valid gesture detected
04-17 10:05:20.294269   984  1089 W ASH     : @ 31449.970: touch gesture: no valid gesture detected
04-17 10:05:20.358550   984  1089 W ASH     : @ 31450.034: touch gesture: no valid gesture detected
04-17 10:05:20.423201   984  1089 W ASH     : @ 31450.099: touch gesture: no valid gesture detected
04-17 10:05:20.487161   984  1089 W ASH     : @ 31450.163: touch gesture: no valid gesture detected
04-17 10:05:20.551821   984  1089 W ASH     : @ 31450.228: touch gesture: no valid gesture detected
04-17 10:05:20.616437   984  1089 W ASH     : @ 31450.292: touch gesture: no valid gesture detected
04-17 10:05:20.681239   984  1089 W ASH     : @ 31450.357: touch gesture: no valid gesture detected
04-17 10:05:20.745588   984  1089 W ASH     : @ 31450.421: touch gesture: no valid gesture detected
04-17 10:05:20.810336   984  1089 W ASH     : @ 31450.486: touch gesture: no valid gesture detected
04-17 10:05:20.874518   984  1089 W ASH     : @ 31450.550: touch gesture: no valid gesture detected
04-17 10:05:20.938756   984  1089 W ASH     : @ 31450.614: touch gesture: no valid gesture detected
04-17 10:05:21.003802   984  1089 W ASH     : @ 31450.679: touch gesture: no valid gesture detected
04-17 10:05:21.067783   984  1089 W ASH     : @ 31450.743: touch gesture: no valid gesture detected
04-17 10:05:21.132325   984  1089 W ASH     : @ 31450.808: touch gesture: no valid gesture detected
04-17 10:05:21.196772   984  1089 W ASH     : @ 31450.872: touch gesture: no valid gesture detected
04-17 10:05:21.261245   984  1089 W ASH     : @ 31450.937: touch gesture: no valid gesture detected
04-17 10:05:21.325490   984  1089 W ASH     : @ 31451.001: touch gesture: no valid gesture detected
04-17 10:05:21.390253   984  1089 W ASH     : @ 31451.066: touch gesture: no valid gesture detected
04-17 10:05:21.454579   984  1089 W ASH     : @ 31451.130: touch gesture: no valid gesture detected
04-17 10:05:21.518757   984  1089 W ASH     : @ 31451.195: touch gesture: no valid gesture detected
04-17 10:05:21.583727   984  1089 W ASH     : @ 31451.259: touch gesture: no valid gesture detected
04-17 10:05:21.647765   984  1089 W ASH     : @ 31451.323: touch gesture: no valid gesture detected
04-17 10:05:21.710957   984  1089 W ASH     : @ 31451.388: touch gesture: no valid gesture detected
04-17 10:05:21.776795   984  1089 W ASH     : @ 31451.452: touch gesture: no valid gesture detected
04-17 10:05:21.841128   984  1089 W ASH     : @ 31451.517: touch gesture: no valid gesture detected
04-17 10:05:21.905388   984  1089 W ASH     : @ 31451.581: touch gesture: no valid gesture detected
04-17 10:05:21.969861   984  1089 W ASH     : @ 31451.646: touch gesture: no valid gesture detected
04-17 10:05:22.034725   984  1089 W ASH     : @ 31451.710: touch gesture: no valid gesture detected
04-17 10:05:22.098705   984  1089 W ASH     : @ 31451.774: touch gesture: no valid gesture detected
04-17 10:05:22.163226   984  1089 W ASH     : @ 31451.839: touch gesture: no valid gesture detected
04-17 10:05:22.227595   984  1089 W ASH     : @ 31451.903: touch gesture: no valid gesture detected
04-17 10:05:22.292259   984  1089 W ASH     : @ 31451.968: touch gesture: no valid gesture detected
04-17 10:05:22.356774   984  1089 W ASH     : @ 31452.032: touch gesture: no valid gesture detected
04-17 10:05:22.421060   984  1089 W ASH     : @ 31452.097: touch gesture: no valid gesture detected
04-17 10:05:22.485145   984  1089 W ASH     : @ 31452.161: touch gesture: no valid gesture detected
04-17 10:05:22.550276   984  1089 W ASH     : @ 31452.226: touch gesture: no valid gesture detected
04-17 10:05:22.614546   984  1089 W ASH     : @ 31452.290: touch gesture: no valid gesture detected
04-17 10:05:22.678815   984  1089 W ASH     : @ 31452.355: touch gesture: no valid gesture detected
04-17 10:05:22.743437   984  1089 W ASH     : @ 31452.419: touch gesture: no valid gesture detected
04-17 10:05:22.808134   984  1089 W ASH     : @ 31452.484: touch gesture: no valid gesture detected
04-17 10:05:22.872372   984  1089 W ASH     : @ 31452.548: touch gesture: no valid gesture detected
04-17 10:05:22.936780   984  1089 W ASH     : @ 31452.613: touch gesture: no valid gesture detected
04-17 10:05:23.001117   984  1089 W ASH     : @ 31452.677: touch gesture: no valid gesture detected
04-17 10:05:23.065559   984  1089 W ASH     : @ 31452.741: touch gesture: no valid gesture detected
04-17 10:05:23.130389   984  1089 W ASH     : @ 31452.806: touch gesture: no valid gesture detected
04-17 10:05:23.194484   984  1089 W ASH     : @ 31452.870: touch gesture: no valid gesture detected
04-17 10:05:23.259547   984  1089 W ASH     : @ 31452.935: touch gesture: no valid gesture detected
04-17 10:05:23.323272   984  1089 W ASH     : @ 31452.999: touch gesture: no valid gesture detected
04-17 10:05:23.387753   984  1089 W ASH     : @ 31453.064: touch gesture: no valid gesture detected
04-17 10:05:23.452295   984  1089 W ASH     : @ 31453.128: touch gesture: no valid gesture detected
04-17 10:05:23.517010   984  1089 W ASH     : @ 31453.193: touch gesture: no valid gesture detected
04-17 10:05:23.535137   960   960 D vendor.qti.bluetooth@1.0-uart_transport: SocRxDWakeup: Flow off->Change UART baudrate to 38.4kbs->send 0x00->Change UART baudrate to max->Flow on
04-17 10:05:23.535345   960   960 I vendor.qti.bluetooth@1.0-uart_transport: ## userial_vendor_ioctl: UART Flow Off 
--------- switch to kernel
04-17 10:05:23.532488     0     0 I         : c5    960 msm_geni_serial 894000.qcom,qup_uart: msm_geni_serial_set_termios: Start
04-17 10:05:23.533586     0     0 I         : c5    960 msm_geni_serial 894000.qcom,qup_uart: msm_geni_serial_set_termios: geni_se_clk_freq_match
04-17 10:05:23.533748     0     0 I         : c5    960 msm_geni_serial 894000.qcom,qup_uart: msm_geni_serial_set_termios: check parity
04-17 10:05:23.533778     0     0 I         : c5    960 msm_geni_serial 894000.qcom,qup_uart: msm_geni_serial_set_termios: geni_serial_write_term_regs
04-17 10:05:23.533843     0     0 I         : c5    960 msm_geni_serial 894000.qcom,qup_uart: msm_geni_serial_set_termios: End
04-17 10:05:23.534819     0     0 I         : c5    960 msm_geni_serial 894000.qcom,qup_uart: msm_geni_serial_set_termios: Start
--------- switch to main
04-17 10:05:23.537712   960   960 I vendor.qti.bluetooth@1.0-uart_transport: ## userial_vendor_set_baud: 17
04-17 10:05:23.547793   960   960 I vendor.qti.bluetooth@1.0-uart_transport: SetBaudRate: in BOTHER
04-17 10:05:23.547897   960   960 I vendor.qti.bluetooth@1.0-uart_transport: ## userial_vendor_ioctl: UART Flow On 
04-17 10:05:23.548406   960  3561 I vendor.qti.bluetooth@1.0-ibs_handler: ProcessIbsCmd: Received IBS_WAKE_ACK: 0xFC
04-17 10:05:23.548611   960  3561 I vendor.qti.bluetooth@1.0-ibs_handler: ProcessIbsCmd: Signal wack_cond_
--------- switch to kernel
04-17 10:05:23.544105     0     0 I         : c1    960 msm_geni_serial 894000.qcom,qup_uart: msm_geni_serial_set_termios: geni_se_clk_freq_match
04-17 10:05:23.544567     0     0 I         : c1    960 msm_geni_serial 894000.qcom,qup_uart: msm_geni_serial_set_termios: check parity
04-17 10:05:23.544597     0     0 I         : c1    960 msm_geni_serial 894000.qcom,qup_uart: msm_geni_serial_set_termios: geni_serial_write_term_regs
04-17 10:05:23.544664     0     0 I         : c1    960 msm_geni_serial 894000.qcom,qup_uart: msm_geni_serial_set_termios: End
--------- switch to main
04-17 10:05:23.550041   960  3561 I vendor.qti.bluetooth@1.0-ibs_handler: ProcessIbsCmd: Received IBS_WAKE_ACK: 0xFC
04-17 10:05:23.550174   960  3561 I vendor.qti.bluetooth@1.0-ibs_handler: ProcessIbsCmd: Signal wack_cond_
04-17 10:05:23.550314   960   960 D vendor.qti.bluetooth@1.0-ibs_handler: DeviceWakeUp: Unblocked from waiting for FC
04-17 10:05:23.581155   984  1089 W ASH     : @ 31453.257: touch gesture: no valid gesture detected
04-17 10:05:23.645644   984  1089 W ASH     : @ 31453.321: touch gesture: no valid gesture detected
04-17 10:05:23.710337   984  1089 W ASH     : @ 31453.386: touch gesture: no valid gesture detected
04-17 10:05:23.774806   984  1089 W ASH     : @ 31453.450: touch gesture: no valid gesture detected
04-17 10:05:23.839184   984  1089 W ASH     : @ 31453.515: touch gesture: no valid gesture detected
04-17 10:05:23.903618   984  1089 W ASH     : @ 31453.579: touch gesture: no valid gesture detected
04-17 10:05:23.968003   984  1089 W ASH     : @ 31453.644: touch gesture: no valid gesture detected
04-17 10:05:24.032441   984  1089 W ASH     : @ 31453.708: touch gesture: no valid gesture detected
04-17 10:05:24.097080   984  1089 W ASH     : @ 31453.773: touch gesture: no valid gesture detected
04-17 10:05:24.161354   984  1089 W ASH     : @ 31453.837: touch gesture: no valid gesture detected
04-17 10:05:24.225839   984  1089 W ASH     : @ 31453.901: touch gesture: no valid gesture detected
04-17 10:05:24.290222   984  1089 W ASH     : @ 31453.966: touch gesture: no valid gesture detected
04-17 10:05:24.354937   984  1089 W ASH     : @ 31454.030: touch gesture: no valid gesture detected
04-17 10:05:24.419078   984  1089 W ASH     : @ 31454.095: touch gesture: no valid gesture detected
04-17 10:05:24.483642   984  1089 W ASH     : @ 31454.159: touch gesture: no valid gesture detected
04-17 10:05:24.547864   984  1089 W ASH     : @ 31454.224: touch gesture: no valid gesture detected
04-17 10:05:24.612383   984  1089 W ASH     : @ 31454.288: touch gesture: no valid gesture detected
04-17 10:05:24.677025   984  1089 W ASH     : @ 31454.353: touch gesture: no valid gesture detected
04-17 10:05:24.741563   984  1089 W ASH     : @ 31454.417: touch gesture: no valid gesture detected
04-17 10:05:24.805768   984  1089 W ASH     : @ 31454.482: touch gesture: no valid gesture detected
04-17 10:05:24.870379   984  1089 W ASH     : @ 31454.546: touch gesture: no valid gesture detected
04-17 10:05:24.935167   984  1089 W ASH     : @ 31454.611: touch gesture: no valid gesture detected
04-17 10:05:24.999045   984  1089 W ASH     : @ 31454.675: touch gesture: no valid gesture detected
04-17 10:05:25.063629   984  1089 W ASH     : @ 31454.740: touch gesture: no valid gesture detected
04-17 10:05:25.126711   984  1089 W ASH     : @ 31454.804: touch gesture: no valid gesture detected
04-17 10:05:25.192972   984  1089 W ASH     : @ 31454.868: touch gesture: no valid gesture detected
04-17 10:05:25.256985   984  1089 W ASH     : @ 31454.933: touch gesture: no valid gesture detected
04-17 10:05:25.321582   984  1089 W ASH     : @ 31454.997: touch gesture: no valid gesture detected
04-17 10:05:25.386251   984  1089 W ASH     : @ 31455.062: touch gesture: no valid gesture detected
04-17 10:05:25.450494   984  1089 W ASH     : @ 31455.126: touch gesture: no valid gesture detected
04-17 10:05:25.515103   984  1089 W ASH     : @ 31455.191: touch gesture: no valid gesture detected
04-17 10:05:25.579654   984  1089 W ASH     : @ 31455.255: touch gesture: no valid gesture detected
04-17 10:05:25.642875   984  1089 W ASH     : @ 31455.320: touch gesture: no valid gesture detected
04-17 10:05:25.708532   984  1089 W ASH     : @ 31455.384: touch gesture: no valid gesture detected
04-17 10:05:25.773008   984  1089 W ASH     : @ 31455.449: touch gesture: no valid gesture detected
04-17 10:05:25.836998   984  1089 W ASH     : @ 31455.513: touch gesture: no valid gesture detected
04-17 10:05:25.901783   984  1089 W ASH     : @ 31455.577: touch gesture: no valid gesture detected
04-17 10:05:25.966382   984  1089 W ASH     : @ 31455.642: touch gesture: no valid gesture detected
04-17 10:05:26.031003   984  1089 W ASH     : @ 31455.706: touch gesture: no valid gesture detected
04-17 10:05:26.095673   984  1089 W ASH     : @ 31455.771: touch gesture: no valid gesture detected
04-17 10:05:26.159779   984  1089 W ASH     : @ 31455.835: touch gesture: no valid gesture detected
04-17 10:05:26.224083   984  1089 W ASH     : @ 31455.900: touch gesture: no valid gesture detected
04-17 10:05:26.288690   984  1089 W ASH     : @ 31455.964: touch gesture: no valid gesture detected
04-17 10:05:26.353187   984  1089 W ASH     : @ 31456.029: touch gesture: no valid gesture detected
04-17 10:05:26.415425   984  1089 W ASH     : @ 31456.093: touch gesture: no valid gesture detected
04-17 10:05:26.481579   984  1089 W ASH     : @ 31456.158: touch gesture: no valid gesture detected
04-17 10:05:26.546583   984  1089 W ASH     : @ 31456.222: touch gesture: no valid gesture detected
04-17 10:05:26.610920   984  1089 W ASH     : @ 31456.286: touch gesture: no valid gesture detected
04-17 10:05:26.675259   984  1089 W ASH     : @ 31456.351: touch gesture: no valid gesture detected
04-17 10:05:26.740210   984  1089 W ASH     : @ 31456.416: touch gesture: no valid gesture detected
04-17 10:05:26.804563   984  1089 W ASH     : @ 31456.480: touch gesture: no valid gesture detected
04-17 10:05:26.868727   984  1089 W ASH     : @ 31456.545: touch gesture: no valid gesture detected
04-17 10:05:26.933057   984  1089 W ASH     : @ 31456.609: touch gesture: no valid gesture detected
04-17 10:05:26.997888   984  1089 W ASH     : @ 31456.673: touch gesture: no valid gesture detected
04-17 10:05:27.062404   984  1089 W ASH     : @ 31456.738: touch gesture: no valid gesture detected
04-17 10:05:27.125944   984  1089 W ASH     : @ 31456.802: touch gesture: no valid gesture detected
04-17 10:05:27.189761   984  1089 W ASH     : @ 31456.867: touch gesture: no valid gesture detected
04-17 10:05:27.255772   984  1089 W ASH     : @ 31456.931: touch gesture: no valid gesture detected
04-17 10:05:27.320252   984  1089 W ASH     : @ 31456.996: touch gesture: no valid gesture detected
04-17 10:05:27.384440   984  1089 W ASH     : @ 31457.060: touch gesture: no valid gesture detected
04-17 10:05:27.448902   984  1089 W ASH     : @ 31457.125: touch gesture: no valid gesture detected
04-17 10:05:27.513837   984  1089 W ASH     : @ 31457.189: touch gesture: no valid gesture detected
04-17 10:05:27.578138   984  1089 W ASH     : @ 31457.254: touch gesture: no valid gesture detected
04-17 10:05:27.642488   984  1089 W ASH     : @ 31457.318: touch gesture: no valid gesture detected
04-17 10:05:27.706956   984  1089 W ASH     : @ 31457.383: touch gesture: no valid gesture detected
04-17 10:05:27.771489   984  1089 W ASH     : @ 31457.447: touch gesture: no valid gesture detected
04-17 10:05:27.836447   984  1089 W ASH     : @ 31457.512: touch gesture: no valid gesture detected
04-17 10:05:27.900417   984  1089 W ASH     : @ 31457.576: touch gesture: no valid gesture detected
04-17 10:05:27.964800   984  1089 W ASH     : @ 31457.641: touch gesture: no valid gesture detected
04-17 10:05:28.029182   984  1089 W ASH     : @ 31457.705: touch gesture: no valid gesture detected
04-17 10:05:28.094038   984  1089 W ASH     : @ 31457.770: touch gesture: no valid gesture detected
04-17 10:05:28.158715   984  1089 W ASH     : @ 31457.834: touch gesture: no valid gesture detected
04-17 10:05:28.223187   984  1089 W ASH     : @ 31457.899: touch gesture: no valid gesture detected
04-17 10:05:28.287412   984  1089 W ASH     : @ 31457.963: touch gesture: no valid gesture detected
04-17 10:05:28.351717   984  1089 W ASH     : @ 31458.028: touch gesture: no valid gesture detected
04-17 10:05:28.416255   984  1089 W ASH     : @ 31458.092: touch gesture: no valid gesture detected
04-17 10:05:28.481035   984  1089 W ASH     : @ 31458.157: touch gesture: no valid gesture detected
04-17 10:05:28.545685   984  1089 W ASH     : @ 31458.221: touch gesture: no valid gesture detected
04-17 10:05:28.609926   984  1089 W ASH     : @ 31458.286: touch gesture: no valid gesture detected
04-17 10:05:28.674788   984  1089 W ASH     : @ 31458.350: touch gesture: no valid gesture detected
04-17 10:05:28.739105   984  1089 W ASH     : @ 31458.415: touch gesture: no valid gesture detected
04-17 10:05:28.803477   984  1089 W ASH     : @ 31458.479: touch gesture: no valid gesture detected
04-17 10:05:28.868213   984  1089 W ASH     : @ 31458.544: touch gesture: no valid gesture detected
04-17 10:05:28.932370   984  1089 W ASH     : @ 31458.608: touch gesture: no valid gesture detected
04-17 10:05:28.996998   984  1089 W ASH     : @ 31458.672: touch gesture: no valid gesture detected
04-17 10:05:29.061524   984  1089 W ASH     : @ 31458.737: touch gesture: no valid gesture detected
04-17 10:05:29.124489   984  1089 W ASH     : @ 31458.801: touch gesture: no valid gesture detected
04-17 10:05:29.190480   984  1089 W ASH     : @ 31458.866: touch gesture: no valid gesture detected
04-17 10:05:29.255245   984  1089 W ASH     : @ 31458.930: touch gesture: no valid gesture detected
04-17 10:05:29.319454   984  1089 W ASH     : @ 31458.995: touch gesture: no valid gesture detected
04-17 10:05:29.383737   984  1089 W ASH     : @ 31459.059: touch gesture: no valid gesture detected
04-17 10:05:29.448309   984  1089 W ASH     : @ 31459.124: touch gesture: no valid gesture detected
04-17 10:05:29.513048   984  1089 W ASH     : @ 31459.188: touch gesture: no valid gesture detected
04-17 10:05:29.577204   984  1089 W ASH     : @ 31459.253: touch gesture: no valid gesture detected
04-17 10:05:29.641953   984  1089 W ASH     : @ 31459.317: touch gesture: no valid gesture detected
04-17 10:05:29.706298   984  1089 W ASH     : @ 31459.382: touch gesture: no valid gesture detected
04-17 10:05:29.770842   984  1089 W ASH     : @ 31459.446: touch gesture: no valid gesture detected
04-17 10:05:29.835193   984  1089 W ASH     : @ 31459.511: touch gesture: no valid gesture detected
04-17 10:05:29.899829   984  1089 W ASH     : @ 31459.575: touch gesture: no valid gesture detected
04-17 10:05:29.964101   984  1089 W ASH     : @ 31459.640: touch gesture: no valid gesture detected
04-17 10:05:30.028640   984  1089 W ASH     : @ 31459.704: touch gesture: no valid gesture detected
04-17 10:05:30.093302   984  1089 W ASH     : @ 31459.769: touch gesture: no valid gesture detected
04-17 10:05:30.157427   984  1089 W ASH     : @ 31459.833: touch gesture: no valid gesture detected
04-17 10:05:30.222125   984  1089 W ASH     : @ 31459.898: touch gesture: no valid gesture detected
04-17 10:05:30.286593   984  1089 W ASH     : @ 31459.962: touch gesture: no valid gesture detected
04-17 10:05:30.351106   984  1089 W ASH     : @ 31460.027: touch gesture: no valid gesture detected
04-17 10:05:30.415635   984  1089 W ASH     : @ 31460.091: touch gesture: no valid gesture detected
04-17 10:05:30.480033   984  1089 W ASH     : @ 31460.156: touch gesture: no valid gesture detected
04-17 10:05:30.544300   984  1089 W ASH     : @ 31460.220: touch gesture: no valid gesture detected
04-17 10:05:30.609014   984  1089 W ASH     : @ 31460.285: touch gesture: no valid gesture detected
04-17 10:05:30.673641   984  1089 W ASH     : @ 31460.349: touch gesture: no valid gesture detected
04-17 10:05:30.738362   984  1089 W ASH     : @ 31460.414: touch gesture: no valid gesture detected
04-17 10:05:30.802788   984  1089 W ASH     : @ 31460.478: touch gesture: no valid gesture detected
04-17 10:05:30.867515   984  1089 W ASH     : @ 31460.543: touch gesture: no valid gesture detected
04-17 10:05:30.930688   984  1089 W ASH     : @ 31460.607: touch gesture: no valid gesture detected
--------- switch to kernel
04-17 10:05:30.938436     0     0 W         : c2    973 healthd: battery l=100 v=4409 t=22.7 h=2 st=5 c=4882 fc=3349000 cc=353 chg=u
--------- switch to main
04-17 10:05:30.994440   984  1089 W ASH     : @ 31460.672: touch gesture: no valid gesture detected
04-17 10:05:31.060714   984  1089 W ASH     : @ 31460.736: touch gesture: no valid gesture detected
04-17 10:05:31.125398   984  1089 W ASH     : @ 31460.801: touch gesture: no valid gesture detected
04-17 10:05:31.188751   984  1089 W ASH     : @ 31460.865: touch gesture: no valid gesture detected
04-17 10:05:31.253990   984  1089 W ASH     : @ 31460.930: touch gesture: no valid gesture detected
04-17 10:05:31.318622   984  1089 W ASH     : @ 31460.994: touch gesture: no valid gesture detected
04-17 10:05:31.319873   990  1023 D rlsservice: MonitorDisplayStatus client num 0, display status 0, sensor status 0
04-17 10:05:31.383191   984  1089 W ASH     : @ 31461.059: touch gesture: no valid gesture detected
04-17 10:05:31.447791   984  1089 W ASH     : @ 31461.123: touch gesture: no valid gesture detected
04-17 10:05:31.511907   984  1089 W ASH     : @ 31461.188: touch gesture: no valid gesture detected
04-17 10:05:31.576538   984  1089 W ASH     : @ 31461.252: touch gesture: no valid gesture detected
04-17 10:05:31.640974   984  1089 W ASH     : @ 31461.317: touch gesture: no valid gesture detected
04-17 10:05:31.705535   984  1089 W ASH     : @ 31461.381: touch gesture: no valid gesture detected
04-17 10:05:31.769992   984  1089 W ASH     : @ 31461.445: touch gesture: no valid gesture detected
04-17 10:05:31.834421   984  1089 W ASH     : @ 31461.510: touch gesture: no valid gesture detected
04-17 10:05:31.898717   984  1089 W ASH     : @ 31461.574: touch gesture: no valid gesture detected
04-17 10:05:31.963322   984  1089 W ASH     : @ 31461.639: touch gesture: no valid gesture detected
04-17 10:05:32.027772   984  1089 W ASH     : @ 31461.703: touch gesture: no valid gesture detected
04-17 10:05:32.092417   984  1089 W ASH     : @ 31461.768: touch gesture: no valid gesture detected
04-17 10:05:32.156827   984  1089 W ASH     : @ 31461.832: touch gesture: no valid gesture detected
04-17 10:05:32.221358   984  1089 W ASH     : @ 31461.897: touch gesture: no valid gesture detected
04-17 10:05:32.286258   984  1089 W ASH     : @ 31461.961: touch gesture: no valid gesture detected
04-17 10:05:32.350317   984  1089 W ASH     : @ 31462.026: touch gesture: no valid gesture detected
04-17 10:05:32.415013   984  1089 W ASH     : @ 31462.090: touch gesture: no valid gesture detected
04-17 10:05:32.479607   984  1089 W ASH     : @ 31462.155: touch gesture: no valid gesture detected
04-17 10:05:32.543727   984  1089 W ASH     : @ 31462.219: touch gesture: no valid gesture detected
04-17 10:05:32.607983   984  1089 W ASH     : @ 31462.284: touch gesture: no valid gesture detected
04-17 10:05:32.673049   984  1089 W ASH     : @ 31462.348: touch gesture: no valid gesture detected
04-17 10:05:32.737175   984  1089 W ASH     : @ 31462.413: touch gesture: no valid gesture detected
04-17 10:05:32.801905   984  1089 W ASH     : @ 31462.477: touch gesture: no valid gesture detected
04-17 10:05:32.866570   984  1089 W ASH     : @ 31462.542: touch gesture: no valid gesture detected
04-17 10:05:32.931035   984  1089 W ASH     : @ 31462.606: touch gesture: no valid gesture detected
04-17 10:05:32.995610   984  1089 W ASH     : @ 31462.671: touch gesture: no valid gesture detected
04-17 10:05:33.059854   984  1089 W ASH     : @ 31462.736: touch gesture: no valid gesture detected
04-17 10:05:33.124313   984  1089 W ASH     : @ 31462.800: touch gesture: no valid gesture detected
04-17 10:05:33.189165   984  1089 W ASH     : @ 31462.865: touch gesture: no valid gesture detected
04-17 10:05:33.253504   984  1089 W ASH     : @ 31462.929: touch gesture: no valid gesture detected
04-17 10:05:33.318201   984  1089 W ASH     : @ 31462.994: touch gesture: no valid gesture detected
04-17 10:05:33.382982   984  1089 W ASH     : @ 31463.058: touch gesture: no valid gesture detected
04-17 10:05:33.447580   984  1089 W ASH     : @ 31463.123: touch gesture: no valid gesture detected
04-17 10:05:33.511849   984  1089 W ASH     : @ 31463.187: touch gesture: no valid gesture detected
04-17 10:05:33.576096   984  1089 W ASH     : @ 31463.252: touch gesture: no valid gesture detected
04-17 10:05:33.640338   984  1089 W ASH     : @ 31463.316: touch gesture: no valid gesture detected
04-17 10:05:33.705086   984  1089 W ASH     : @ 31463.381: touch gesture: no valid gesture detected
04-17 10:05:33.769922   984  1089 W ASH     : @ 31463.445: touch gesture: no valid gesture detected
04-17 10:05:33.834066   984  1089 W ASH     : @ 31463.510: touch gesture: no valid gesture detected
04-17 10:05:33.898929   984  1089 W ASH     : @ 31463.574: touch gesture: no valid gesture detected
04-17 10:05:33.963065   984  1089 W ASH     : @ 31463.639: touch gesture: no valid gesture detected
04-17 10:05:34.027964   984  1089 W ASH     : @ 31463.703: touch gesture: no valid gesture detected
04-17 10:05:34.092204   984  1089 W ASH     : @ 31463.767: touch gesture: no valid gesture detected
04-17 10:05:34.156319   984  1089 W ASH     : @ 31463.832: touch gesture: no valid gesture detected
04-17 10:05:34.220870   984  1089 W ASH     : @ 31463.896: touch gesture: no valid gesture detected
04-17 10:05:34.285730   984  1089 W ASH     : @ 31463.961: touch gesture: no valid gesture detected
04-17 10:05:34.349686   984  1089 W ASH     : @ 31464.025: touch gesture: no valid gesture detected
04-17 10:05:34.414334   984  1089 W ASH     : @ 31464.090: touch gesture: no valid gesture detected
04-17 10:05:34.478933   984  1089 W ASH     : @ 31464.154: touch gesture: no valid gesture detected
04-17 10:05:34.543494   984  1089 W ASH     : @ 31464.219: touch gesture: no valid gesture detected
04-17 10:05:34.607546   984  1089 W ASH     : @ 31464.283: touch gesture: no valid gesture detected
04-17 10:05:34.671775   984  1089 W ASH     : @ 31464.348: touch gesture: no valid gesture detected
04-17 10:05:34.736450   984  1089 W ASH     : @ 31464.412: touch gesture: no valid gesture detected
04-17 10:05:34.800841   984  1089 W ASH     : @ 31464.476: touch gesture: no valid gesture detected
04-17 10:05:34.865274   984  1089 W ASH     : @ 31464.541: touch gesture: no valid gesture detected
04-17 10:05:34.929937   984  1089 W ASH     : @ 31464.605: touch gesture: no valid gesture detected
04-17 10:05:34.993775   984  1089 W ASH     : @ 31464.670: touch gesture: no valid gesture detected
04-17 10:05:35.058653   984  1089 W ASH     : @ 31464.734: touch gesture: no valid gesture detected
04-17 10:05:35.123169   984  1089 W ASH     : @ 31464.799: touch gesture: no valid gesture detected
04-17 10:05:35.185690   984  1089 W ASH     : @ 31464.863: touch gesture: no valid gesture detected
--------- switch to kernel
04-17 10:05:35.232062     0     0 I         : c3   5692 qcom_rpmh DRV:apps_rsc TCS Busy, retrying RPMH message send: addr=0x30000
--------- switch to main
04-17 10:05:35.252178   984  1089 W ASH     : @ 31464.928: touch gesture: no valid gesture detected
04-17 10:05:35.316575   984  1089 W ASH     : @ 31464.992: touch gesture: no valid gesture detected
04-17 10:05:35.379468   984  1089 W ASH     : @ 31465.056: touch gesture: no valid gesture detected
04-17 10:05:35.445357   984  1089 W ASH     : @ 31465.121: touch gesture: no valid gesture detected
04-17 10:05:35.509929   984  1089 W ASH     : @ 31465.186: touch gesture: no valid gesture detected
04-17 10:05:35.574051   984  1089 W ASH     : @ 31465.250: touch gesture: no valid gesture detected
04-17 10:05:35.639039   984  1089 W ASH     : @ 31465.315: touch gesture: no valid gesture detected
04-17 10:05:35.703189   984  1089 W ASH     : @ 31465.379: touch gesture: no valid gesture detected
04-17 10:05:35.767617   984  1089 W ASH     : @ 31465.443: touch gesture: no valid gesture detected
04-17 10:05:35.832918   984  1089 W ASH     : @ 31465.508: touch gesture: no valid gesture detected
04-17 10:05:35.896718   984  1089 W ASH     : @ 31465.573: touch gesture: no valid gesture detected
04-17 10:05:35.961662   984  1089 W ASH     : @ 31465.637: touch gesture: no valid gesture detected
04-17 10:05:36.025623   984  1089 W ASH     : @ 31465.701: touch gesture: no valid gesture detected
04-17 10:05:36.090344   984  1089 W ASH     : @ 31465.766: touch gesture: no valid gesture detected
04-17 10:05:36.154792   984  1089 W ASH     : @ 31465.830: touch gesture: no valid gesture detected
04-17 10:05:36.219204   984  1089 W ASH     : @ 31465.895: touch gesture: no valid gesture detected
04-17 10:05:36.283677   984  1089 W ASH     : @ 31465.959: touch gesture: no valid gesture detected
04-17 10:05:36.348472   984  1089 W ASH     : @ 31466.024: touch gesture: no valid gesture detected
04-17 10:05:36.412731   984  1089 W ASH     : @ 31466.089: touch gesture: no valid gesture detected
04-17 10:05:36.477347   984  1089 W ASH     : @ 31466.153: touch gesture: no valid gesture detected
04-17 10:05:36.542233   984  1089 W ASH     : @ 31466.218: touch gesture: no valid gesture detected
04-17 10:05:36.606411   984  1089 W ASH     : @ 31466.282: touch gesture: no valid gesture detected
04-17 10:05:36.670864   984  1089 W ASH     : @ 31466.347: touch gesture: no valid gesture detected
04-17 10:05:36.735597   984  1089 W ASH     : @ 31466.411: touch gesture: no valid gesture detected
04-17 10:05:36.800275   984  1089 W ASH     : @ 31466.476: touch gesture: no valid gesture detected
04-17 10:05:36.864466   984  1089 W ASH     : @ 31466.540: touch gesture: no valid gesture detected
04-17 10:05:36.929109   984  1089 W ASH     : @ 31466.605: touch gesture: no valid gesture detected
04-17 10:05:36.993693   984  1089 W ASH     : @ 31466.669: touch gesture: no valid gesture detected
04-17 10:05:37.057989   984  1089 W ASH     : @ 31466.734: touch gesture: no valid gesture detected
04-17 10:05:37.122947   984  1089 W ASH     : @ 31466.798: touch gesture: no valid gesture detected
04-17 10:05:37.187425   984  1089 W ASH     : @ 31466.863: touch gesture: no valid gesture detected
04-17 10:05:37.251686   984  1089 W ASH     : @ 31466.928: touch gesture: no valid gesture detected
04-17 10:05:37.316630   984  1089 W ASH     : @ 31466.992: touch gesture: no valid gesture detected
04-17 10:05:37.380895   984  1089 W ASH     : @ 31467.057: touch gesture: no valid gesture detected
04-17 10:05:37.445088   984  1089 W ASH     : @ 31467.121: touch gesture: no valid gesture detected
04-17 10:05:37.508240   984  1089 W ASH     : @ 31467.186: touch gesture: no valid gesture detected
04-17 10:05:37.574696   984  1089 W ASH     : @ 31467.250: touch gesture: no valid gesture detected
04-17 10:05:37.638831   984  1089 W ASH     : @ 31467.315: touch gesture: no valid gesture detected
04-17 10:05:37.703437   984  1089 W ASH     : @ 31467.379: touch gesture: no valid gesture detected
04-17 10:05:37.767602   984  1089 W ASH     : @ 31467.444: touch gesture: no valid gesture detected
04-17 10:05:37.832755   984  1089 W ASH     : @ 31467.508: touch gesture: no valid gesture detected
04-17 10:05:37.897425   984  1089 W ASH     : @ 31467.573: touch gesture: no valid gesture detected
04-17 10:05:37.961177   984  1089 W ASH     : @ 31467.637: touch gesture: no valid gesture detected
04-17 10:05:38.025673   984  1089 W ASH     : @ 31467.701: touch gesture: no valid gesture detected
04-17 10:05:38.090382   984  1089 W ASH     : @ 31467.766: touch gesture: no valid gesture detected
04-17 10:05:38.154803   984  1089 W ASH     : @ 31467.831: touch gesture: no valid gesture detected
04-17 10:05:38.219643   984  1089 W ASH     : @ 31467.895: touch gesture: no valid gesture detected
04-17 10:05:38.283877   984  1089 W ASH     : @ 31467.959: touch gesture: no valid gesture detected
04-17 10:05:38.348044   984  1089 W ASH     : @ 31468.024: touch gesture: no valid gesture detected
04-17 10:05:38.412897   984  1089 W ASH     : @ 31468.088: touch gesture: no valid gesture detected
04-17 10:05:38.477155   984  1089 W ASH     : @ 31468.153: touch gesture: no valid gesture detected
04-17 10:05:38.541906   984  1089 W ASH     : @ 31468.218: touch gesture: no valid gesture detected
04-17 10:05:38.604830   984  1089 W ASH     : @ 31468.282: touch gesture: no valid gesture detected
04-17 10:05:38.670471   984  1089 W ASH     : @ 31468.347: touch gesture: no valid gesture detected
04-17 10:05:38.735676   984  1089 W ASH     : @ 31468.411: touch gesture: no valid gesture detected
04-17 10:05:38.800445   984  1089 W ASH     : @ 31468.476: touch gesture: no valid gesture detected
04-17 10:05:38.864510   984  1089 W ASH     : @ 31468.540: touch gesture: no valid gesture detected
04-17 10:05:38.929245   984  1089 W ASH     : @ 31468.605: touch gesture: no valid gesture detected
04-17 10:05:38.993625   984  1089 W ASH     : @ 31468.669: touch gesture: no valid gesture detected
04-17 10:05:39.058081   984  1089 W ASH     : @ 31468.734: touch gesture: no valid gesture detected
04-17 10:05:39.122858   984  1089 W ASH     : @ 31468.798: touch gesture: no valid gesture detected
04-17 10:05:39.186993   984  1089 W ASH     : @ 31468.863: touch gesture: no valid gesture detected
04-17 10:05:39.251233   984  1089 W ASH     : @ 31468.927: touch gesture: no valid gesture detected
04-17 10:05:39.315845   984  1089 W ASH     : @ 31468.992: touch gesture: no valid gesture detected
04-17 10:05:39.380648   984  1089 W ASH     : @ 31469.056: touch gesture: no valid gesture detected
04-17 10:05:39.445451   984  1089 W ASH     : @ 31469.121: touch gesture: no valid gesture detected
04-17 10:05:39.509574   984  1089 W ASH     : @ 31469.185: touch gesture: no valid gesture detected
04-17 10:05:39.573948   984  1089 W ASH     : @ 31469.250: touch gesture: no valid gesture detected
04-17 10:05:39.638814   984  1089 W ASH     : @ 31469.314: touch gesture: no valid gesture detected
04-17 10:05:39.703343   984  1089 W ASH     : @ 31469.379: touch gesture: no valid gesture detected
04-17 10:05:39.767761   984  1089 W ASH     : @ 31469.443: touch gesture: no valid gesture detected
04-17 10:05:39.832246   984  1089 W ASH     : @ 31469.508: touch gesture: no valid gesture detected
04-17 10:05:39.896797   984  1089 W ASH     : @ 31469.572: touch gesture: no valid gesture detected
04-17 10:05:39.961182   984  1089 W ASH     : @ 31469.637: touch gesture: no valid gesture detected
04-17 10:05:40.025541   984  1089 W ASH     : @ 31469.701: touch gesture: no valid gesture detected
04-17 10:05:40.090160   984  1089 W ASH     : @ 31469.766: touch gesture: no valid gesture detected
04-17 10:05:40.154834   984  1089 W ASH     : @ 31469.830: touch gesture: no valid gesture detected
04-17 10:05:40.219163   984  1089 W ASH     : @ 31469.895: touch gesture: no valid gesture detected
04-17 10:05:40.282201   984  1089 W ASH     : @ 31469.959: touch gesture: no valid gesture detected
04-17 10:05:40.347933   984  1089 W ASH     : @ 31470.024: touch gesture: no valid gesture detected
04-17 10:05:40.413062   984  1089 W ASH     : @ 31470.088: touch gesture: no valid gesture detected
04-17 10:05:40.477054   984  1089 W ASH     : @ 31470.153: touch gesture: no valid gesture detected
04-17 10:05:40.541808   984  1089 W ASH     : @ 31470.217: touch gesture: no valid gesture detected
