04-17 04:40:57.956679     0     0 I         : c1   5397 google_battery: MSC_RSTC vt=4430000 vb=4448233 fv_uv=4430000 ibatt=-126342 cc_next_max=120000 t_cnt=0
04-17 04:40:57.956696     0     0 I         : c1   5397 google_battery: hold not defined for msc_state=14
04-17 04:40:57.956761     0     0 I         : c1   5397 google_battery: MSC_VOTE msc_state=14 cv_cnt=0 ov_cnt=0 temp_idx:2, vbatt_idx:4  fv_uv=4430000 cc_max=600000 update_interval=2000
04-17 04:40:57.956972     0     0 I         : c1   5397 google_charger: MSC_CHG fv_uv=4430000, cc_max=600000, rerun in 2000 ms (0)
--------- switch to main
04-17 04:40:58.003883   984  1089 W ASH     : @ 11987.681: touch gesture: no valid gesture detected
04-17 04:40:58.068956   984  1089 W ASH     : @ 11987.746: touch gesture: no valid gesture detected
04-17 04:40:58.133301   984  1089 W ASH     : @ 11987.811: touch gesture: no valid gesture detected
04-17 04:40:58.198240   984  1089 W ASH     : @ 11987.875: touch gesture: no valid gesture detected
04-17 04:40:58.262361   984  1089 W ASH     : @ 11987.940: touch gesture: no valid gesture detected
04-17 04:40:58.326758   984  1089 W ASH     : @ 11988.005: touch gesture: no valid gesture detected
04-17 04:40:58.391639   984  1089 W ASH     : @ 11988.069: touch gesture: no valid gesture detected
04-17 04:40:58.456133   984  1089 W ASH     : @ 11988.134: touch gesture: no valid gesture detected
04-17 04:40:58.520572   984  1089 W ASH     : @ 11988.198: touch gesture: no valid gesture detected
04-17 04:40:58.585229   984  1089 W ASH     : @ 11988.263: touch gesture: no valid gesture detected
04-17 04:40:58.649894   984  1089 W ASH     : @ 11988.328: touch gesture: no valid gesture detected
04-17 04:40:58.714384   984  1089 W ASH     : @ 11988.392: touch gesture: no valid gesture detected
04-17 04:40:58.779182   984  1089 W ASH     : @ 11988.457: touch gesture: no valid gesture detected
04-17 04:40:58.844146   984  1089 W ASH     : @ 11988.521: touch gesture: no valid gesture detected
04-17 04:40:58.908815   984  1089 W ASH     : @ 11988.586: touch gesture: no valid gesture detected
04-17 04:40:58.973122   984  1089 W ASH     : @ 11988.651: touch gesture: no valid gesture detected
04-17 04:40:59.037775   984  1089 W ASH     : @ 11988.715: touch gesture: no valid gesture detected
04-17 04:40:59.102288   984  1089 W ASH     : @ 11988.780: touch gesture: no valid gesture detected
04-17 04:40:59.166927   984  1089 W ASH     : @ 11988.844: touch gesture: no valid gesture detected
04-17 04:40:59.231892   984  1089 W ASH     : @ 11988.909: touch gesture: no valid gesture detected
04-17 04:40:59.296296   984  1089 W ASH     : @ 11988.974: touch gesture: no valid gesture detected
04-17 04:40:59.360497   984  1089 W ASH     : @ 11989.038: touch gesture: no valid gesture detected
04-17 04:40:59.425030   984  1089 W ASH     : @ 11989.103: touch gesture: no valid gesture detected
04-17 04:40:59.489659   984  1089 W ASH     : @ 11989.167: touch gesture: no valid gesture detected
04-17 04:40:59.554090   984  1089 W ASH     : @ 11989.232: touch gesture: no valid gesture detected
04-17 04:40:59.619038   984  1089 W ASH     : @ 11989.297: touch gesture: no valid gesture detected
04-17 04:40:59.683433   984  1089 W ASH     : @ 11989.361: touch gesture: no valid gesture detected
04-17 04:40:59.748512   984  1089 W ASH     : @ 11989.426: touch gesture: no valid gesture detected
04-17 04:40:59.812769   984  1089 W ASH     : @ 11989.490: touch gesture: no valid gesture detected
04-17 04:40:59.877616   984  1089 W ASH     : @ 11989.555: touch gesture: no valid gesture detected
04-17 04:40:59.942012   984  1089 W ASH     : @ 11989.619: touch gesture: no valid gesture detected
--------- switch to kernel
04-17 04:40:59.966168     0     0 I         : c1   5397 google_charger: usbchg=USB typec=C usbv=4999 usbc=84 usbMv=5000 usbMc=450
04-17 04:40:59.966353     0     0 I         : c1   5397 sm7250_bms: MSC_PCS chg_state=1c2115f04010009 [0x9:4:1:4447:450] chg=u
04-17 04:40:59.966426     0     0 I         : c1   5397 google_battery: MSC_DIN chg_state=1c2115f04010009 f=0x9 chg_s=Charging chg_t=Taper vchg=4447 icl=450
--------- switch to main
04-17 04:40:59.973354   990  1023 D rlsservice: MonitorDisplayStatus client num 0, display status 0, sensor status 0
--------- switch to kernel
04-17 04:40:59.971294     0     0 I         : c1   5397 google_battery: MSC_STEADY vt=4430000 vb=4447650 fv_uv=4430000 margin=100000
04-17 04:40:59.971319     0     0 I         : c1   5397 google_battery: hold not defined for msc_state=10
04-17 04:40:59.971343     0     0 I         : c1   5397 google_battery: MSC_RSTC vt=4430000 vb=4447650 fv_uv=4430000 ibatt=-133972 cc_next_max=120000 t_cnt=0
04-17 04:40:59.971360     0     0 I         : c1   5397 google_battery: hold not defined for msc_state=14
04-17 04:40:59.971421     0     0 I         : c1   5397 google_battery: MSC_VOTE msc_state=14 cv_cnt=0 ov_cnt=0 temp_idx:2, vbatt_idx:4  fv_uv=4430000 cc_max=600000 update_interval=2000
04-17 04:40:59.971515     0     0 I         : c1   5397 google_charger: MSC_CHG fv_uv=4430000, cc_max=600000, rerun in 2000 ms (0)
--------- switch to main
04-17 04:41:00.006484   984  1089 W ASH     : @ 11989.684: touch gesture: no valid gesture detected
04-17 04:41:00.070937   984  1089 W ASH     : @ 11989.749: touch gesture: no valid gesture detected
04-17 04:41:00.135402   984  1089 W ASH     : @ 11989.813: touch gesture: no valid gesture detected
04-17 04:41:00.200323   984  1089 W ASH     : @ 11989.878: touch gesture: no valid gesture detected
04-17 04:41:00.265158   984  1089 W ASH     : @ 11989.942: touch gesture: no valid gesture detected
04-17 04:41:00.329463   984  1089 W ASH     : @ 11990.007: touch gesture: no valid gesture detected
04-17 04:41:00.393973   984  1089 W ASH     : @ 11990.072: touch gesture: no valid gesture detected
04-17 04:41:00.458633   984  1089 W ASH     : @ 11990.136: touch gesture: no valid gesture detected
04-17 04:41:00.523163   984  1089 W ASH     : @ 11990.201: touch gesture: no valid gesture detected
04-17 04:41:00.588197   984  1089 W ASH     : @ 11990.266: touch gesture: no valid gesture detected
04-17 04:41:00.652443   984  1089 W ASH     : @ 11990.330: touch gesture: no valid gesture detected
04-17 04:41:00.717619   984  1089 W ASH     : @ 11990.395: touch gesture: no valid gesture detected
04-17 04:41:00.781785   984  1089 W ASH     : @ 11990.459: touch gesture: no valid gesture detected
04-17 04:41:00.846260   984  1089 W ASH     : @ 11990.524: touch gesture: no valid gesture detected
04-17 04:41:00.911133   984  1089 W ASH     : @ 11990.589: touch gesture: no valid gesture detected
04-17 04:41:00.975692   984  1089 W ASH     : @ 11990.653: touch gesture: no valid gesture detected
04-17 04:41:01.040166   984  1089 W ASH     : @ 11990.718: touch gesture: no valid gesture detected
04-17 04:41:01.104842   984  1089 W ASH     : @ 11990.783: touch gesture: no valid gesture detected
04-17 04:41:01.169523   984  1089 W ASH     : @ 11990.847: touch gesture: no valid gesture detected
04-17 04:41:01.234313   984  1089 W ASH     : @ 11990.912: touch gesture: no valid gesture detected
04-17 04:41:01.299067   984  1089 W ASH     : @ 11990.976: touch gesture: no valid gesture detected
04-17 04:41:01.363561   984  1089 W ASH     : @ 11991.041: touch gesture: no valid gesture detected
04-17 04:41:01.428412   984  1089 W ASH     : @ 11991.106: touch gesture: no valid gesture detected
04-17 04:41:01.492726   984  1089 W ASH     : @ 11991.170: touch gesture: no valid gesture detected
04-17 04:41:01.557380   984  1089 W ASH     : @ 11991.235: touch gesture: no valid gesture detected
04-17 04:41:01.622022   984  1089 W ASH     : @ 11991.300: touch gesture: no valid gesture detected
04-17 04:41:01.686557   984  1089 W ASH     : @ 11991.364: touch gesture: no valid gesture detected
04-17 04:41:01.751724   984  1089 W ASH     : @ 11991.429: touch gesture: no valid gesture detected
04-17 04:41:01.815868   984  1089 W ASH     : @ 11991.493: touch gesture: no valid gesture detected
04-17 04:41:01.880661   984  1089 W ASH     : @ 11991.558: touch gesture: no valid gesture detected
04-17 04:41:01.945085   984  1089 W ASH     : @ 11991.623: touch gesture: no valid gesture detected
--------- switch to kernel
04-17 04:41:01.978581     0     0 I         : c1   5397 google_charger: usbchg=USB typec=C usbv=4993 usbc=100 usbMv=5000 usbMc=450
04-17 04:41:01.978775     0     0 I         : c1   5397 sm7250_bms: MSC_PCS chg_state=1c2115f04010009 [0x9:4:1:4447:450] chg=u
04-17 04:41:01.978843     0     0 I         : c1   5397 google_battery: MSC_DIN chg_state=1c2115f04010009 f=0x9 chg_s=Charging chg_t=Taper vchg=4447 icl=450
04-17 04:41:01.992463     0     0 I         : c1   5397 google_battery: MSC_STEADY vt=4430000 vb=4447844 fv_uv=4430000 margin=100000
04-17 04:41:01.992497     0     0 I         : c1   5397 google_battery: hold not defined for msc_state=10
04-17 04:41:01.992522     0     0 I         : c1   5397 google_battery: MSC_RSTC vt=4430000 vb=4447844 fv_uv=4430000 ibatt=-132751 cc_next_max=120000 t_cnt=0
04-17 04:41:01.992539     0     0 I         : c1   5397 google_battery: hold not defined for msc_state=14
04-17 04:41:01.992596     0     0 I         : c1   5397 google_battery: MSC_VOTE msc_state=14 cv_cnt=0 ov_cnt=0 temp_idx:2, vbatt_idx:4  fv_uv=4430000 cc_max=600000 update_interval=2000
04-17 04:41:01.992690     0     0 I         : c1   5397 google_charger: MSC_CHG fv_uv=4430000, cc_max=600000, rerun in 2000 ms (0)
--------- switch to main
04-17 04:41:02.008361   984  1089 W ASH     : @ 11991.687: touch gesture: no valid gesture detected
04-17 04:41:02.074358   984  1089 W ASH     : @ 11991.752: touch gesture: no valid gesture detected
04-17 04:41:02.139029   984  1089 W ASH     : @ 11991.817: touch gesture: no valid gesture detected
04-17 04:41:02.203796   984  1089 W ASH     : @ 11991.881: touch gesture: no valid gesture detected
04-17 04:41:02.268432   984  1089 W ASH     : @ 11991.946: touch gesture: no valid gesture detected
04-17 04:41:02.332927   984  1089 W ASH     : @ 11992.010: touch gesture: no valid gesture detected
04-17 04:41:02.397883   984  1089 W ASH     : @ 11992.075: touch gesture: no valid gesture detected
04-17 04:41:02.462289   984  1089 W ASH     : @ 11992.140: touch gesture: no valid gesture detected
04-17 04:41:02.526733   984  1089 W ASH     : @ 11992.204: touch gesture: no valid gesture detected
04-17 04:41:02.591708   984  1089 W ASH     : @ 11992.269: touch gesture: no valid gesture detected
04-17 04:41:02.656277   984  1089 W ASH     : @ 11992.334: touch gesture: no valid gesture detected
04-17 04:41:02.720705   984  1089 W ASH     : @ 11992.398: touch gesture: no valid gesture detected
04-17 04:41:02.785515   984  1089 W ASH     : @ 11992.463: touch gesture: no valid gesture detected
04-17 04:41:02.850576   984  1089 W ASH     : @ 11992.528: touch gesture: no valid gesture detected
04-17 04:41:02.914907   984  1089 W ASH     : @ 11992.592: touch gesture: no valid gesture detected
04-17 04:41:02.979346   984  1089 W ASH     : @ 11992.657: touch gesture: no valid gesture detected
04-17 04:41:03.044100   984  1089 W ASH     : @ 11992.722: touch gesture: no valid gesture detected
04-17 04:41:03.108578   984  1089 W ASH     : @ 11992.786: touch gesture: no valid gesture detected
04-17 04:41:03.173525   984  1089 W ASH     : @ 11992.851: touch gesture: no valid gesture detected
04-17 04:41:03.238342   984  1089 W ASH     : @ 11992.916: touch gesture: no valid gesture detected
04-17 04:41:03.302892   984  1089 W ASH     : @ 11992.981: touch gesture: no valid gesture detected
04-17 04:41:03.367609   984  1089 W ASH     : @ 11993.045: touch gesture: no valid gesture detected
04-17 04:41:03.432203   984  1089 W ASH     : @ 11993.110: touch gesture: no valid gesture detected
04-17 04:41:03.497130   984  1089 W ASH     : @ 11993.175: touch gesture: no valid gesture detected
04-17 04:41:03.561930   984  1089 W ASH     : @ 11993.239: touch gesture: no valid gesture detected
04-17 04:41:03.626200   984  1089 W ASH     : @ 11993.304: touch gesture: no valid gesture detected
04-17 04:41:03.691213   984  1089 W ASH     : @ 11993.369: touch gesture: no valid gesture detected
04-17 04:41:03.755900   984  1089 W ASH     : @ 11993.433: touch gesture: no valid gesture detected
04-17 04:41:03.818896   984  1089 W ASH     : @ 11993.498: touch gesture: no valid gesture detected
--------- switch to kernel
04-17 04:41:03.875370     0     0 I         : c1   5402 qcom_rpmh DRV:apps_rsc TCS Busy, retrying RPMH message send: addr=0x30000
--------- switch to main
04-17 04:41:03.885340   984  1089 W ASH     : @ 11993.563: touch gesture: no valid gesture detected
04-17 04:41:03.950413   984  1089 W ASH     : @ 11993.628: touch gesture: no valid gesture detected
--------- switch to kernel
04-17 04:41:04.000633     0     0 I         : c1   5397 google_charger: usbchg=USB typec=C usbv=4999 usbc=108 usbMv=5000 usbMc=450
04-17 04:41:04.000821     0     0 I         : c1   5397 sm7250_bms: MSC_PCS chg_state=1c2115f04010009 [0x9:4:1:4447:450] chg=u
04-17 04:41:04.000897     0     0 I         : c1   5397 google_battery: MSC_DIN chg_state=1c2115f04010009 f=0x9 chg_s=Charging chg_t=Taper vchg=4447 icl=450
04-17 04:41:04.002613     0     0 I         : c1   5397 google_battery: MSC_STEADY vt=4430000 vb=4447650 fv_uv=4430000 margin=100000
04-17 04:41:04.002640     0     0 I         : c1   5397 google_battery: hold not defined for msc_state=10
04-17 04:41:04.002663     0     0 I         : c1   5397 google_battery: MSC_NYET ibatt=-109558 cc_next_max=120000 t_cnt=1
04-17 04:41:04.002678     0     0 I         : c1   5397 google_battery: hold not defined for msc_state=16
04-17 04:41:04.002734     0     0 I         : c1   5397 google_battery: MSC_VOTE msc_state=16 cv_cnt=0 ov_cnt=0 temp_idx:2, vbatt_idx:4  fv_uv=4430000 cc_max=600000 update_interval=2000
04-17 04:41:04.002844     0     0 I         : c1   5397 google_charger: MSC_CHG fv_uv=4430000, cc_max=600000, rerun in 2000 ms (0)
--------- switch to main
04-17 04:41:04.013071   984  1089 W ASH     : @ 11993.692: touch gesture: no valid gesture detected
04-17 04:41:04.079372   984  1089 W ASH     : @ 11993.757: touch gesture: no valid gesture detected
04-17 04:41:04.143958   984  1089 W ASH     : @ 11993.822: touch gesture: no valid gesture detected
04-17 04:41:04.208487   984  1089 W ASH     : @ 11993.886: touch gesture: no valid gesture detected
04-17 04:41:04.273512   984  1089 W ASH     : @ 11993.951: touch gesture: no valid gesture detected
04-17 04:41:04.338068   984  1089 W ASH     : @ 11994.016: touch gesture: no valid gesture detected
04-17 04:41:04.402693   984  1089 W ASH     : @ 11994.080: touch gesture: no valid gesture detected
04-17 04:41:04.467466   984  1089 W ASH     : @ 11994.145: touch gesture: no valid gesture detected
04-17 04:41:04.532164   984  1089 W ASH     : @ 11994.210: touch gesture: no valid gesture detected
04-17 04:41:04.596611   984  1089 W ASH     : @ 11994.274: touch gesture: no valid gesture detected
04-17 04:41:04.661663   984  1089 W ASH     : @ 11994.339: touch gesture: no valid gesture detected
04-17 04:41:04.726223   984  1089 W ASH     : @ 11994.404: touch gesture: no valid gesture detected
04-17 04:41:04.791048   984  1089 W ASH     : @ 11994.469: touch gesture: no valid gesture detected
04-17 04:41:04.855529   984  1089 W ASH     : @ 11994.533: touch gesture: no valid gesture detected
04-17 04:41:04.920368   984  1089 W ASH     : @ 11994.598: touch gesture: no valid gesture detected
04-17 04:41:04.984714   984  1089 W ASH     : @ 11994.663: touch gesture: no valid gesture detected
04-17 04:41:05.049639   984  1089 W ASH     : @ 11994.727: touch gesture: no valid gesture detected
04-17 04:41:05.114740   984  1089 W ASH     : @ 11994.792: touch gesture: no valid gesture detected
04-17 04:41:05.179349   984  1089 W ASH     : @ 11994.857: touch gesture: no valid gesture detected
04-17 04:41:05.243978   984  1089 W ASH     : @ 11994.921: touch gesture: no valid gesture detected
04-17 04:41:05.308234   984  1089 W ASH     : @ 11994.986: touch gesture: no valid gesture detected
04-17 04:41:05.373492   984  1089 W ASH     : @ 11995.051: touch gesture: no valid gesture detected
04-17 04:41:05.438253   984  1089 W ASH     : @ 11995.115: touch gesture: no valid gesture detected
04-17 04:41:05.502835   984  1089 W ASH     : @ 11995.180: touch gesture: no valid gesture detected
04-17 04:41:05.567217   984  1089 W ASH     : @ 11995.245: touch gesture: no valid gesture detected
04-17 04:41:05.631988   984  1089 W ASH     : @ 11995.310: touch gesture: no valid gesture detected
04-17 04:41:05.696682   984  1089 W ASH     : @ 11995.374: touch gesture: no valid gesture detected
04-17 04:41:05.761568   984  1089 W ASH     : @ 11995.439: touch gesture: no valid gesture detected
04-17 04:41:05.825918   984  1089 W ASH     : @ 11995.504: touch gesture: no valid gesture detected
04-17 04:41:05.890771   984  1089 W ASH     : @ 11995.569: touch gesture: no valid gesture detected
04-17 04:41:05.955590   984  1089 W ASH     : @ 11995.633: touch gesture: no valid gesture detected
--------- switch to kernel
04-17 04:41:06.011980     0     0 I         : c1   5397 google_charger: usbchg=USB typec=C usbv=4998 usbc=87 usbMv=5000 usbMc=450
04-17 04:41:06.012165     0     0 I         : c1   5397 sm7250_bms: MSC_PCS chg_state=1c2115f04010009 [0x9:4:1:4447:450] chg=u
04-17 04:41:06.012243     0     0 I         : c1   5397 google_battery: MSC_DIN chg_state=1c2115f04010009 f=0x9 chg_s=Charging chg_t=Taper vchg=4447 icl=450
04-17 04:41:06.013918     0     0 I         : c1   5397 google_battery: MSC_STEADY vt=4430000 vb=4447066 fv_uv=4430000 margin=100000
04-17 04:41:06.013942     0     0 I         : c1   5397 google_battery: hold not defined for msc_state=10
04-17 04:41:06.013988     0     0 I         : c1   5397 google_battery: MSC_RSTC vt=4430000 vb=4447066 fv_uv=4430000 ibatt=-127563 cc_next_max=120000 t_cnt=0
04-17 04:41:06.014029     0     0 I         : c1   5397 google_battery: hold not defined for msc_state=14
04-17 04:41:06.014106     0     0 I         : c1   5397 google_battery: MSC_VOTE msc_state=14 cv_cnt=0 ov_cnt=0 temp_idx:2, vbatt_idx:4  fv_uv=4430000 cc_max=600000 update_interval=2000
04-17 04:41:06.014197     0     0 I         : c1   5397 google_charger: MSC_CHG fv_uv=4430000, cc_max=600000, rerun in 2000 ms (0)
--------- switch to main
04-17 04:41:06.019191   984  1089 W ASH     : @ 11995.698: touch gesture: no valid gesture detected
04-17 04:41:06.085378   984  1089 W ASH     : @ 11995.763: touch gesture: no valid gesture detected
04-17 04:41:06.149855   984  1089 W ASH     : @ 11995.827: touch gesture: no valid gesture detected
04-17 04:41:06.214731   984  1089 W ASH     : @ 11995.892: touch gesture: no valid gesture detected
04-17 04:41:06.279348   984  1089 W ASH     : @ 11995.957: touch gesture: no valid gesture detected
04-17 04:41:06.344038   984  1089 W ASH     : @ 11996.022: touch gesture: no valid gesture detected
04-17 04:41:06.408767   984  1089 W ASH     : @ 11996.086: touch gesture: no valid gesture detected
04-17 04:41:06.473636   984  1089 W ASH     : @ 11996.151: touch gesture: no valid gesture detected
04-17 04:41:06.538480   984  1089 W ASH     : @ 11996.216: touch gesture: no valid gesture detected
04-17 04:41:06.603001   984  1089 W ASH     : @ 11996.281: touch gesture: no valid gesture detected
04-17 04:41:06.667682   984  1089 W ASH     : @ 11996.345: touch gesture: no valid gesture detected
04-17 04:41:06.732531   984  1089 W ASH     : @ 11996.410: touch gesture: no valid gesture detected
04-17 04:41:06.795339   984  1089 W ASH     : @ 11996.475: touch gesture: no valid gesture detected
04-17 04:41:06.861782   984  1089 W ASH     : @ 11996.540: touch gesture: no valid gesture detected
04-17 04:41:06.926767   984  1089 W ASH     : @ 11996.604: touch gesture: no valid gesture detected
04-17 04:41:06.991652   984  1089 W ASH     : @ 11996.669: touch gesture: no valid gesture detected
04-17 04:41:07.056226   984  1089 W ASH     : @ 11996.734: touch gesture: no valid gesture detected
04-17 04:41:07.120885   984  1089 W ASH     : @ 11996.799: touch gesture: no valid gesture detected
04-17 04:41:07.185650   984  1089 W ASH     : @ 11996.863: touch gesture: no valid gesture detected
04-17 04:41:07.249876   984  1089 W ASH     : @ 11996.928: touch gesture: no valid gesture detected
04-17 04:41:07.315118   984  1089 W ASH     : @ 11996.993: touch gesture: no valid gesture detected
04-17 04:41:07.379665   984  1089 W ASH     : @ 11997.057: touch gesture: no valid gesture detected
04-17 04:41:07.444309   984  1089 W ASH     : @ 11997.122: touch gesture: no valid gesture detected
04-17 04:41:07.509175   984  1089 W ASH     : @ 11997.187: touch gesture: no valid gesture detected
04-17 04:41:07.573830   984  1089 W ASH     : @ 11997.251: touch gesture: no valid gesture detected
04-17 04:41:07.638321   984  1089 W ASH     : @ 11997.316: touch gesture: no valid gesture detected
04-17 04:41:07.703245   984  1089 W ASH     : @ 11997.381: touch gesture: no valid gesture detected
04-17 04:41:07.767889   984  1089 W ASH     : @ 11997.445: touch gesture: no valid gesture detected
04-17 04:41:07.832446   984  1089 W ASH     : @ 11997.510: touch gesture: no valid gesture detected
04-17 04:41:07.897268   984  1089 W ASH     : @ 11997.575: touch gesture: no valid gesture detected
04-17 04:41:07.962097   984  1089 W ASH     : @ 11997.640: touch gesture: no valid gesture detected
--------- switch to kernel
04-17 04:41:08.021664     0     0 I         : c1   5397 google_charger: usbchg=USB typec=C usbv=4995 usbc=99 usbMv=5000 usbMc=450
04-17 04:41:08.021863     0     0 I         : c1   5397 sm7250_bms: MSC_PCS chg_state=1c2115f04010009 [0x9:4:1:4447:450] chg=u
04-17 04:41:08.021944     0     0 I         : c1   5397 google_battery: MSC_DIN chg_state=1c2115f04010009 f=0x9 chg_s=Charging chg_t=Taper vchg=4447 icl=450
04-17 04:41:08.023438     0     0 I         : c1   5397 google_battery: MSC_STEADY vt=4430000 vb=4447260 fv_uv=4430000 margin=100000
04-17 04:41:08.023703     0     0 I         : c1   5397 google_battery: hold not defined for msc_state=10
04-17 04:41:08.023729     0     0 I         : c1   5397 google_battery: MSC_RSTC vt=4430000 vb=4447260 fv_uv=4430000 ibatt=-127258 cc_next_max=120000 t_cnt=0
--------- switch to main
04-17 04:41:08.025923   984  1089 W ASH     : @ 11997.704: touch gesture: no valid gesture detected
--------- switch to kernel
04-17 04:41:08.023746     0     0 I         : c1   5397 google_battery: hold not defined for msc_state=14
04-17 04:41:08.023812     0     0 I         : c1   5397 google_battery: MSC_VOTE msc_state=14 cv_cnt=0 ov_cnt=0 temp_idx:2, vbatt_idx:4  fv_uv=4430000 cc_max=600000 update_interval=2000
04-17 04:41:08.023921     0     0 I         : c1   5397 google_charger: MSC_CHG fv_uv=4430000, cc_max=600000, rerun in 2000 ms (0)
--------- switch to main
04-17 04:41:08.091655   984  1089 W ASH     : @ 11997.769: touch gesture: no valid gesture detected
04-17 04:41:08.156485   984  1089 W ASH     : @ 11997.834: touch gesture: no valid gesture detected
04-17 04:41:08.220887   984  1089 W ASH     : @ 11997.899: touch gesture: no valid gesture detected
04-17 04:41:08.285884   984  1089 W ASH     : @ 11997.963: touch gesture: no valid gesture detected
04-17 04:41:08.350515   984  1089 W ASH     : @ 11998.028: touch gesture: no valid gesture detected
04-17 04:41:08.415336   984  1089 W ASH     : @ 11998.093: touch gesture: no valid gesture detected
04-17 04:41:08.479667   984  1089 W ASH     : @ 11998.157: touch gesture: no valid gesture detected
04-17 04:41:08.544277   984  1089 W ASH     : @ 11998.222: touch gesture: no valid gesture detected
04-17 04:41:08.609425   984  1089 W ASH     : @ 11998.287: touch gesture: no valid gesture detected
04-17 04:41:08.674103   984  1089 W ASH     : @ 11998.352: touch gesture: no valid gesture detected
04-17 04:41:08.738891   984  1089 W ASH     : @ 11998.416: touch gesture: no valid gesture detected
04-17 04:41:08.803701   984  1089 W ASH     : @ 11998.481: touch gesture: no valid gesture detected
04-17 04:41:08.867871   984  1089 W ASH     : @ 11998.546: touch gesture: no valid gesture detected
04-17 04:41:08.931006   984  1089 W ASH     : @ 11998.610: touch gesture: no valid gesture detected
04-17 04:41:08.997766   984  1089 W ASH     : @ 11998.675: touch gesture: no valid gesture detected
04-17 04:41:09.062145   984  1089 W ASH     : @ 11998.740: touch gesture: no valid gesture detected
04-17 04:41:09.126168   984  1089 W ASH     : @ 11998.805: touch gesture: no valid gesture detected
04-17 04:41:09.191878   984  1089 W ASH     : @ 11998.869: touch gesture: no valid gesture detected
04-17 04:41:09.256451   984  1089 W ASH     : @ 11998.934: touch gesture: no valid gesture detected
04-17 04:41:09.321711   984  1089 W ASH     : @ 11998.999: touch gesture: no valid gesture detected
04-17 04:41:09.385838   984  1089 W ASH     : @ 11999.064: touch gesture: no valid gesture detected
04-17 04:41:09.450947   984  1089 W ASH     : @ 11999.128: touch gesture: no valid gesture detected
04-17 04:41:09.515570   984  1089 W ASH     : @ 11999.193: touch gesture: no valid gesture detected
04-17 04:41:09.580242   984  1089 W ASH     : @ 11999.258: touch gesture: no valid gesture detected
04-17 04:41:09.645220   984  1089 W ASH     : @ 11999.323: touch gesture: no valid gesture detected
04-17 04:41:09.709863   984  1089 W ASH     : @ 11999.387: touch gesture: no valid gesture detected
04-17 04:41:09.774543   984  1089 W ASH     : @ 11999.452: touch gesture: no valid gesture detected
04-17 04:41:09.839086   984  1089 W ASH     : @ 11999.517: touch gesture: no valid gesture detected
04-17 04:41:09.903658   984  1089 W ASH     : @ 11999.581: touch gesture: no valid gesture detected
04-17 04:41:09.968548   984  1089 W ASH     : @ 11999.646: touch gesture: no valid gesture detected
04-17 04:41:10.032757   984  1089 W ASH     : @ 11999.711: touch gesture: no valid gesture detected
--------- switch to kernel
04-17 04:41:10.031337     0     0 I         : c1   5397 google_charger: usbchg=USB typec=C usbv=4990 usbc=135 usbMv=5000 usbMc=450
04-17 04:41:10.031470     0     0 I         : c1   5397 sm7250_bms: MSC_PCS chg_state=1c2115e04010009 [0x9:4:1:4446:450] chg=u
04-17 04:41:10.031515     0     0 I         : c1   5397 google_battery: MSC_DIN chg_state=1c2115e04010009 f=0x9 chg_s=Charging chg_t=Taper vchg=4446 icl=450
04-17 04:41:10.032746     0     0 I         : c1   5397 google_battery: MSC_STEADY vt=4430000 vb=4446871 fv_uv=4430000 margin=100000
04-17 04:41:10.032757     0     0 I         : c1   5397 google_battery: hold not defined for msc_state=10
04-17 04:41:10.032768     0     0 I         : c1   5397 google_battery: MSC_RSTC vt=4430000 vb=4446871 fv_uv=4430000 ibatt=-134582 cc_next_max=120000 t_cnt=0
04-17 04:41:10.032774     0     0 I         : c1   5397 google_battery: hold not defined for msc_state=14
04-17 04:41:10.032803     0     0 I         : c1   5397 google_battery: MSC_VOTE msc_state=14 cv_cnt=0 ov_cnt=0 temp_idx:2, vbatt_idx:4  fv_uv=4430000 cc_max=600000 update_interval=2000
04-17 04:41:10.032855     0     0 I         : c1   5397 google_charger: MSC_CHG fv_uv=4430000, cc_max=600000, rerun in 2000 ms (0)
--------- switch to main
04-17 04:41:10.098096   984  1089 W ASH     : @ 11999.775: touch gesture: no valid gesture detected
04-17 04:41:10.162188   984  1089 W ASH     : @ 11999.840: touch gesture: no valid gesture detected
04-17 04:41:10.227299   984  1089 W ASH     : @ 11999.905: touch gesture: no valid gesture detected
04-17 04:41:10.290587   984  1089 W ASH     : @ 11999.970: touch gesture: no valid gesture detected
04-17 04:41:10.356407   984  1089 W ASH     : @ 12000.034: touch gesture: no valid gesture detected
04-17 04:41:10.421531   984  1089 W ASH     : @ 12000.099: touch gesture: no valid gesture detected
04-17 04:41:10.485918   984  1089 W ASH     : @ 12000.164: touch gesture: no valid gesture detected
04-17 04:41:10.550861   984  1089 W ASH     : @ 12000.228: touch gesture: no valid gesture detected
04-17 04:41:10.616140   984  1089 W ASH     : @ 12000.293: touch gesture: no valid gesture detected
04-17 04:41:10.680653   984  1089 W ASH     : @ 12000.358: touch gesture: no valid gesture detected
04-17 04:41:10.744811   984  1089 W ASH     : @ 12000.422: touch gesture: no valid gesture detected
04-17 04:41:10.809851   984  1089 W ASH     : @ 12000.487: touch gesture: no valid gesture detected
04-17 04:41:10.873954   984  1089 W ASH     : @ 12000.552: touch gesture: no valid gesture detected
04-17 04:41:10.938875   984  1089 W ASH     : @ 12000.616: touch gesture: no valid gesture detected
04-17 04:41:11.003630   984  1089 W ASH     : @ 12000.681: touch gesture: no valid gesture detected
04-17 04:41:11.068400   984  1089 W ASH     : @ 12000.746: touch gesture: no valid gesture detected
04-17 04:41:11.133449   984  1089 W ASH     : @ 12000.811: touch gesture: no valid gesture detected
04-17 04:41:11.197594   984  1089 W ASH     : @ 12000.875: touch gesture: no valid gesture detected
04-17 04:41:11.262779   984  1089 W ASH     : @ 12000.940: touch gesture: no valid gesture detected
04-17 04:41:11.327328   984  1089 W ASH     : @ 12001.005: touch gesture: no valid gesture detected
04-17 04:41:11.391866   984  1089 W ASH     : @ 12001.069: touch gesture: no valid gesture detected
04-17 04:41:11.456484   984  1089 W ASH     : @ 12001.134: touch gesture: no valid gesture detected
04-17 04:41:11.520695   984  1089 W ASH     : @ 12001.198: touch gesture: no valid gesture detected
04-17 04:41:11.585703   984  1089 W ASH     : @ 12001.263: touch gesture: no valid gesture detected
04-17 04:41:11.650193   984  1089 W ASH     : @ 12001.328: touch gesture: no valid gesture detected
04-17 04:41:11.713498   984  1089 W ASH     : @ 12001.392: touch gesture: no valid gesture detected
04-17 04:41:11.778972   984  1089 W ASH     : @ 12001.457: touch gesture: no valid gesture detected
04-17 04:41:11.844174   984  1089 W ASH     : @ 12001.522: touch gesture: no valid gesture detected
04-17 04:41:11.908867   984  1089 W ASH     : @ 12001.586: touch gesture: no valid gesture detected
04-17 04:41:11.973595   984  1089 W ASH     : @ 12001.651: touch gesture: no valid gesture detected
04-17 04:41:12.037077   984  1089 W ASH     : @ 12001.716: touch gesture: no valid gesture detected
--------- switch to kernel
04-17 04:41:12.039171     0     0 I         : c1   5397 google_charger: usbchg=USB typec=C usbv=4988 usbc=110 usbMv=5000 usbMc=450
04-17 04:41:12.039349     0     0 I         : c1   5397 sm7250_bms: MSC_PCS chg_state=1c2115f04010009 [0x9:4:1:4447:450] chg=u
04-17 04:41:12.039414     0     0 I         : c1   5397 google_battery: MSC_DIN chg_state=1c2115f04010009 f=0x9 chg_s=Charging chg_t=Taper vchg=4447 icl=450
04-17 04:41:12.041234     0     0 I         : c1   5397 google_battery: MSC_STEADY vt=4430000 vb=4447455 fv_uv=4430000 margin=100000
04-17 04:41:12.041265     0     0 I         : c1   5397 google_battery: hold not defined for msc_state=10
04-17 04:41:12.041288     0     0 I         : c1   5397 google_battery: MSC_NYET ibatt=-110168 cc_next_max=120000 t_cnt=1
04-17 04:41:12.041305     0     0 I         : c1   5397 google_battery: hold not defined for msc_state=16
04-17 04:41:12.041372     0     0 I         : c1   5397 google_battery: MSC_VOTE msc_state=16 cv_cnt=0 ov_cnt=0 temp_idx:2, vbatt_idx:4  fv_uv=4430000 cc_max=600000 update_interval=2000
04-17 04:41:12.041495     0     0 I         : c1   5397 google_charger: MSC_CHG fv_uv=4430000, cc_max=600000, rerun in 2000 ms (0)
--------- switch to main
04-17 04:41:12.102889   984  1089 W ASH     : @ 12001.780: touch gesture: no valid gesture detected
04-17 04:41:12.167440   984  1089 W ASH     : @ 12001.845: touch gesture: no valid gesture detected
04-17 04:41:12.232326   984  1089 W ASH     : @ 12001.910: touch gesture: no valid gesture detected
04-17 04:41:12.296934   984  1089 W ASH     : @ 12001.974: touch gesture: no valid gesture detected
04-17 04:41:12.361544   984  1089 W ASH     : @ 12002.039: touch gesture: no valid gesture detected
04-17 04:41:12.425978   984  1089 W ASH     : @ 12002.104: touch gesture: no valid gesture detected
04-17 04:41:12.490694   984  1089 W ASH     : @ 12002.168: touch gesture: no valid gesture detected
04-17 04:41:12.554106   984  1089 W ASH     : @ 12002.233: touch gesture: no valid gesture detected
04-17 04:41:12.620285   984  1089 W ASH     : @ 12002.298: touch gesture: no valid gesture detected
04-17 04:41:12.684898   984  1089 W ASH     : @ 12002.362: touch gesture: no valid gesture detected
04-17 04:41:12.749036   984  1089 W ASH     : @ 12002.427: touch gesture: no valid gesture detected
04-17 04:41:12.813507   984  1089 W ASH     : @ 12002.491: touch gesture: no valid gesture detected
04-17 04:41:12.878546   984  1089 W ASH     : @ 12002.556: touch gesture: no valid gesture detected
04-17 04:41:12.943206   984  1089 W ASH     : @ 12002.621: touch gesture: no valid gesture detected
04-17 04:41:13.007852   984  1089 W ASH     : @ 12002.685: touch gesture: no valid gesture detected
04-17 04:41:13.072244   984  1089 W ASH     : @ 12002.750: touch gesture: no valid gesture detected
04-17 04:41:13.137052   984  1089 W ASH     : @ 12002.815: touch gesture: no valid gesture detected
04-17 04:41:13.202388   984  1089 W ASH     : @ 12002.879: touch gesture: no valid gesture detected
04-17 04:41:13.266425   984  1089 W ASH     : @ 12002.944: touch gesture: no valid gesture detected
04-17 04:41:13.331149   984  1089 W ASH     : @ 12003.009: touch gesture: no valid gesture detected
04-17 04:41:13.396177   984  1089 W ASH     : @ 12003.073: touch gesture: no valid gesture detected
04-17 04:41:13.460314   984  1089 W ASH     : @ 12003.138: touch gesture: no valid gesture detected
04-17 04:41:13.525530   984  1089 W ASH     : @ 12003.203: touch gesture: no valid gesture detected
04-17 04:41:13.589411   984  1089 W ASH     : @ 12003.267: touch gesture: no valid gesture detected
04-17 04:41:13.654451   984  1089 W ASH     : @ 12003.332: touch gesture: no valid gesture detected
04-17 04:41:13.718845   984  1089 W ASH     : @ 12003.397: touch gesture: no valid gesture detected
04-17 04:41:13.783552   984  1089 W ASH     : @ 12003.461: touch gesture: no valid gesture detected
04-17 04:41:13.848363   984  1089 W ASH     : @ 12003.526: touch gesture: no valid gesture detected
04-17 04:41:13.913032   984  1089 W ASH     : @ 12003.590: touch gesture: no valid gesture detected
04-17 04:41:13.977681   984  1089 W ASH     : @ 12003.655: touch gesture: no valid gesture detected
04-17 04:41:14.042079   984  1089 W ASH     : @ 12003.720: touch gesture: no valid gesture detected
--------- switch to kernel
04-17 04:41:14.045296     0     0 I         : c1   5397 google_charger: usbchg=USB typec=C usbv=4986 usbc=116 usbMv=5000 usbMc=450
04-17 04:41:14.045470     0     0 I         : c1   5397 sm7250_bms: MSC_PCS chg_state=1c2116004010009 [0x9:4:1:4448:450] chg=u
04-17 04:41:14.045535     0     0 I         : c1   5397 google_battery: MSC_DIN chg_state=1c2116004010009 f=0x9 chg_s=Charging chg_t=Taper vchg=4448 icl=450
04-17 04:41:14.046671     0     0 I         : c1   5397 google_battery: MSC_STEADY vt=4430000 vb=4448428 fv_uv=4430000 margin=100000
04-17 04:41:14.046696     0     0 I         : c1   5397 google_battery: hold not defined for msc_state=10
04-17 04:41:14.046720     0     0 I         : c1   5397 google_battery: MSC_RSTC vt=4430000 vb=4448428 fv_uv=4430000 ibatt=-127258 cc_next_max=120000 t_cnt=0
04-17 04:41:14.046737     0     0 I         : c1   5397 google_battery: hold not defined for msc_state=14
04-17 04:41:14.047108     0     0 I         : c1   5397 google_battery: MSC_VOTE msc_state=14 cv_cnt=0 ov_cnt=0 temp_idx:2, vbatt_idx:4  fv_uv=4430000 cc_max=600000 update_interval=2000
04-17 04:41:14.047192     0     0 I         : c1   5397 google_charger: MSC_CHG fv_uv=4430000, cc_max=600000, rerun in 2000 ms (0)
--------- switch to main
04-17 04:41:14.106855   984  1089 W ASH     : @ 12003.784: touch gesture: no valid gesture detected
04-17 04:41:14.171788   984  1089 W ASH     : @ 12003.849: touch gesture: no valid gesture detected
04-17 04:41:14.235949   984  1089 W ASH     : @ 12003.914: touch gesture: no valid gesture detected
04-17 04:41:14.300388   984  1089 W ASH     : @ 12003.978: touch gesture: no valid gesture detected
04-17 04:41:14.365061   984  1089 W ASH     : @ 12004.043: touch gesture: no valid gesture detected
04-17 04:41:14.430010   984  1089 W ASH     : @ 12004.107: touch gesture: no valid gesture detected
04-17 04:41:14.494346   984  1089 W ASH     : @ 12004.172: touch gesture: no valid gesture detected
04-17 04:41:14.558656   984  1089 W ASH     : @ 12004.236: touch gesture: no valid gesture detected
04-17 04:41:14.623467   984  1089 W ASH     : @ 12004.301: touch gesture: no valid gesture detected
04-17 04:41:14.687890   984  1089 W ASH     : @ 12004.366: touch gesture: no valid gesture detected
04-17 04:41:14.753217   984  1089 W ASH     : @ 12004.430: touch gesture: no valid gesture detected
04-17 04:41:14.817609   984  1089 W ASH     : @ 12004.495: touch gesture: no valid gesture detected
04-17 04:41:14.881741   984  1089 W ASH     : @ 12004.559: touch gesture: no valid gesture detected
04-17 04:41:14.946546   984  1089 W ASH     : @ 12004.624: touch gesture: no valid gesture detected
04-17 04:41:15.011514   984  1089 W ASH     : @ 12004.689: touch gesture: no valid gesture detected
04-17 04:41:15.075780   984  1089 W ASH     : @ 12004.753: touch gesture: no valid gesture detected
04-17 04:41:15.140505   984  1089 W ASH     : @ 12004.818: touch gesture: no valid gesture detected
04-17 04:41:15.204893   984  1089 W ASH     : @ 12004.882: touch gesture: no valid gesture detected
04-17 04:41:15.269360   984  1089 W ASH     : @ 12004.947: touch gesture: no valid gesture detected
04-17 04:41:15.334151   984  1089 W ASH     : @ 12005.012: touch gesture: no valid gesture detected
04-17 04:41:15.398465   984  1089 W ASH     : @ 12005.076: touch gesture: no valid gesture detected
04-17 04:41:15.463657   984  1089 W ASH     : @ 12005.141: touch gesture: no valid gesture detected
04-17 04:41:15.527515   984  1089 W ASH     : @ 12005.205: touch gesture: no valid gesture detected
04-17 04:41:15.592256   984  1089 W ASH     : @ 12005.270: touch gesture: no valid gesture detected
04-17 04:41:15.656792   984  1089 W ASH     : @ 12005.334: touch gesture: no valid gesture detected
04-17 04:41:15.721205   984  1089 W ASH     : @ 12005.399: touch gesture: no valid gesture detected
04-17 04:41:15.786014   984  1089 W ASH     : @ 12005.464: touch gesture: no valid gesture detected
04-17 04:41:15.850667   984  1089 W ASH     : @ 12005.528: touch gesture: no valid gesture detected
04-17 04:41:15.915300   984  1089 W ASH     : @ 12005.593: touch gesture: no valid gesture detected
04-17 04:41:15.979713   984  1089 W ASH     : @ 12005.657: touch gesture: no valid gesture detected
04-17 04:41:16.044302   984  1089 W ASH     : @ 12005.722: touch gesture: no valid gesture detected
--------- switch to kernel
04-17 04:41:16.051376     0     0 I         : c1   5397 google_charger: usbchg=USB typec=C usbv=4999 usbc=85 usbMv=5000 usbMc=450
04-17 04:41:16.051562     0     0 I         : c1   5397 sm7250_bms: MSC_PCS chg_state=1c2115e04010009 [0x9:4:1:4446:450] chg=u
04-17 04:41:16.051622     0     0 I         : c1   5397 google_battery: MSC_DIN chg_state=1c2115e04010009 f=0x9 chg_s=Charging chg_t=Taper vchg=4446 icl=450
04-17 04:41:16.052755     0     0 I         : c1   5397 google_battery: MSC_STEADY vt=4430000 vb=4446676 fv_uv=4430000 margin=100000
04-17 04:41:16.052778     0     0 I         : c1   5397 google_battery: hold not defined for msc_state=10
04-17 04:41:16.052803     0     0 I         : c1   5397 google_battery: MSC_RSTC vt=4430000 vb=4446676 fv_uv=4430000 ibatt=-129394 cc_next_max=120000 t_cnt=0
04-17 04:41:16.052819     0     0 I         : c1   5397 google_battery: hold not defined for msc_state=14
04-17 04:41:16.052874     0     0 I         : c1   5397 google_battery: MSC_VOTE msc_state=14 cv_cnt=0 ov_cnt=0 temp_idx:2, vbatt_idx:4  fv_uv=4430000 cc_max=600000 update_interval=2000
04-17 04:41:16.052958     0     0 I         : c1   5397 google_charger: MSC_CHG fv_uv=4430000, cc_max=600000, rerun in 2000 ms (0)
--------- switch to main
04-17 04:41:16.109321   984  1089 W ASH     : @ 12005.787: touch gesture: no valid gesture detected
04-17 04:41:16.173895   984  1089 W ASH     : @ 12005.852: touch gesture: no valid gesture detected
04-17 04:41:16.238442   984  1089 W ASH     : @ 12005.916: touch gesture: no valid gesture detected
04-17 04:41:16.303190   984  1089 W ASH     : @ 12005.981: touch gesture: no valid gesture detected
04-17 04:41:16.367893   984  1089 W ASH     : @ 12006.046: touch gesture: no valid gesture detected
04-17 04:41:16.432812   984  1089 W ASH     : @ 12006.110: touch gesture: no valid gesture detected
04-17 04:41:16.497723   984  1089 W ASH     : @ 12006.175: touch gesture: no valid gesture detected
04-17 04:41:16.562428   984  1089 W ASH     : @ 12006.240: touch gesture: no valid gesture detected
04-17 04:41:16.626863   984  1089 W ASH     : @ 12006.304: touch gesture: no valid gesture detected
04-17 04:41:16.691199   984  1089 W ASH     : @ 12006.369: touch gesture: no valid gesture detected
04-17 04:41:16.756243   984  1089 W ASH     : @ 12006.433: touch gesture: no valid gesture detected
04-17 04:41:16.820553   984  1089 W ASH     : @ 12006.498: touch gesture: no valid gesture detected
04-17 04:41:16.885222   984  1089 W ASH     : @ 12006.563: touch gesture: no valid gesture detected
04-17 04:41:16.949797   984  1089 W ASH     : @ 12006.627: touch gesture: no valid gesture detected
04-17 04:41:17.014474   984  1089 W ASH     : @ 12006.692: touch gesture: no valid gesture detected
04-17 04:41:17.077598   984  1089 W ASH     : @ 12006.756: touch gesture: no valid gesture detected
04-17 04:41:17.143468   984  1089 W ASH     : @ 12006.821: touch gesture: no valid gesture detected
04-17 04:41:17.207895   984  1089 W ASH     : @ 12006.886: touch gesture: no valid gesture detected
04-17 04:41:17.272288   984  1089 W ASH     : @ 12006.950: touch gesture: no valid gesture detected
04-17 04:41:17.336861   984  1089 W ASH     : @ 12007.015: touch gesture: no valid gesture detected
04-17 04:41:17.401959   984  1089 W ASH     : @ 12007.079: touch gesture: no valid gesture detected
04-17 04:41:17.466080   984  1089 W ASH     : @ 12007.144: touch gesture: no valid gesture detected
04-17 04:41:17.530847   984  1089 W ASH     : @ 12007.208: touch gesture: no valid gesture detected
04-17 04:41:17.595364   984  1089 W ASH     : @ 12007.273: touch gesture: no valid gesture detected
04-17 04:41:17.659721   984  1089 W ASH     : @ 12007.337: touch gesture: no valid gesture detected
04-17 04:41:17.724831   984  1089 W ASH     : @ 12007.402: touch gesture: no valid gesture detected
04-17 04:41:17.789404   984  1089 W ASH     : @ 12007.467: touch gesture: no valid gesture detected
04-17 04:41:17.853149   984  1089 W ASH     : @ 12007.531: touch gesture: no valid gesture detected
04-17 04:41:17.918419   984  1089 W ASH     : @ 12007.596: touch gesture: no valid gesture detected
04-17 04:41:17.983423   984  1089 W ASH     : @ 12007.661: touch gesture: no valid gesture detected
04-17 04:41:18.047697   984  1089 W ASH     : @ 12007.725: touch gesture: no valid gesture detected
--------- switch to kernel
04-17 04:41:18.056249     0     0 I         : c1   5397 google_charger: usbchg=USB typec=C usbv=5003 usbc=68 usbMv=5000 usbMc=450
04-17 04:41:18.056435     0     0 I         : c1   5397 sm7250_bms: MSC_PCS chg_state=1c2115f04010009 [0x9:4:1:4447:450] chg=u
04-17 04:41:18.056497     0     0 I         : c1   5397 google_battery: MSC_DIN chg_state=1c2115f04010009 f=0x9 chg_s=Charging chg_t=Taper vchg=4447 icl=450
04-17 04:41:18.057657     0     0 I         : c1   5397 google_battery: MSC_STEADY vt=4430000 vb=4447650 fv_uv=4430000 margin=100000
04-17 04:41:18.057683     0     0 I         : c1   5397 google_battery: hold not defined for msc_state=10
04-17 04:41:18.057702     0     0 I         : c1   5397 google_battery: MSC_NYET ibatt=-108642 cc_next_max=120000 t_cnt=1
04-17 04:41:18.057716     0     0 I         : c1   5397 google_battery: hold not defined for msc_state=16
04-17 04:41:18.057771     0     0 I         : c1   5397 google_battery: MSC_VOTE msc_state=16 cv_cnt=0 ov_cnt=0 temp_idx:2, vbatt_idx:4  fv_uv=4430000 cc_max=600000 update_interval=2000
04-17 04:41:18.057849     0     0 I         : c1   5397 google_charger: MSC_CHG fv_uv=4430000, cc_max=600000, rerun in 2000 ms (0)
--------- switch to main
04-17 04:41:18.112191   984  1089 W ASH     : @ 12007.790: touch gesture: no valid gesture detected
04-17 04:41:18.176532   984  1089 W ASH     : @ 12007.854: touch gesture: no valid gesture detected
04-17 04:41:18.241638   984  1089 W ASH     : @ 12007.919: touch gesture: no valid gesture detected
04-17 04:41:18.306130   984  1089 W ASH     : @ 12007.984: touch gesture: no valid gesture detected
04-17 04:41:18.371068   984  1089 W ASH     : @ 12008.048: touch gesture: no valid gesture detected
04-17 04:41:18.435334   984  1089 W ASH     : @ 12008.113: touch gesture: no valid gesture detected
04-17 04:41:18.500187   984  1089 W ASH     : @ 12008.177: touch gesture: no valid gesture detected
04-17 04:41:18.564517   984  1089 W ASH     : @ 12008.242: touch gesture: no valid gesture detected
04-17 04:41:18.629060   984  1089 W ASH     : @ 12008.307: touch gesture: no valid gesture detected
04-17 04:41:18.693649   984  1089 W ASH     : @ 12008.371: touch gesture: no valid gesture detected
04-17 04:41:18.758362   984  1089 W ASH     : @ 12008.436: touch gesture: no valid gesture detected
04-17 04:41:18.822477   984  1089 W ASH     : @ 12008.500: touch gesture: no valid gesture detected
04-17 04:41:18.887247   984  1089 W ASH     : @ 12008.565: touch gesture: no valid gesture detected
04-17 04:41:18.950487   984  1089 W ASH     : @ 12008.630: touch gesture: no valid gesture detected
04-17 04:41:19.016289   984  1089 W ASH     : @ 12008.694: touch gesture: no valid gesture detected
04-17 04:41:19.081025   984  1089 W ASH     : @ 12008.759: touch gesture: no valid gesture detected
04-17 04:41:19.145679   984  1089 W ASH     : @ 12008.823: touch gesture: no valid gesture detected
04-17 04:41:19.210060   984  1089 W ASH     : @ 12008.888: touch gesture: no valid gesture detected
04-17 04:41:19.274987   984  1089 W ASH     : @ 12008.952: touch gesture: no valid gesture detected
04-17 04:41:19.339374   984  1089 W ASH     : @ 12009.017: touch gesture: no valid gesture detected
04-17 04:41:19.403720   984  1089 W ASH     : @ 12009.081: touch gesture: no valid gesture detected
04-17 04:41:19.468477   984  1089 W ASH     : @ 12009.146: touch gesture: no valid gesture detected
04-17 04:41:19.533144   984  1089 W ASH     : @ 12009.211: touch gesture: no valid gesture detected
04-17 04:41:19.597721   984  1089 W ASH     : @ 12009.275: touch gesture: no valid gesture detected
04-17 04:41:19.662411   984  1089 W ASH     : @ 12009.340: touch gesture: no valid gesture detected
04-17 04:41:19.726616   984  1089 W ASH     : @ 12009.404: touch gesture: no valid gesture detected
04-17 04:41:19.791138   984  1089 W ASH     : @ 12009.469: touch gesture: no valid gesture detected
04-17 04:41:19.855838   984  1089 W ASH     : @ 12009.533: touch gesture: no valid gesture detected
04-17 04:41:19.920333   984  1089 W ASH     : @ 12009.598: touch gesture: no valid gesture detected
04-17 04:41:19.984977   984  1089 W ASH     : @ 12009.663: touch gesture: no valid gesture detected
04-17 04:41:20.049425   984  1089 W ASH     : @ 12009.727: touch gesture: no valid gesture detected
--------- switch to kernel
04-17 04:41:20.077135     0     0 I         : c1   5397 google_charger: usbchg=USB typec=C usbv=4999 usbc=76 usbMv=5000 usbMc=450
04-17 04:41:20.077325     0     0 I         : c1   5397 sm7250_bms: MSC_PCS chg_state=1c2116004010009 [0x9:4:1:4448:450] chg=u
04-17 04:41:20.077402     0     0 I         : c1   5397 google_battery: MSC_DIN chg_state=1c2116004010009 f=0x9 chg_s=Charging chg_t=Taper vchg=4448 icl=450
04-17 04:41:20.079154     0     0 I         : c1   5397 google_battery: MSC_STEADY vt=4430000 vb=4448428 fv_uv=4430000 margin=100000
04-17 04:41:20.079184     0     0 I         : c1   5397 google_battery: hold not defined for msc_state=10
04-17 04:41:20.079210     0     0 I         : c1   5397 google_battery: MSC_RSTC vt=4430000 vb=4448428 fv_uv=4430000 ibatt=-128479 cc_next_max=120000 t_cnt=0
04-17 04:41:20.079227     0     0 I         : c1   5397 google_battery: hold not defined for msc_state=14
04-17 04:41:20.079282     0     0 I         : c1   5397 google_battery: MSC_VOTE msc_state=14 cv_cnt=0 ov_cnt=0 temp_idx:2, vbatt_idx:4  fv_uv=4430000 cc_max=600000 update_interval=2000
04-17 04:41:20.079395     0     0 I         : c1   5397 google_charger: MSC_CHG fv_uv=4430000, cc_max=600000, rerun in 2000 ms (0)
--------- switch to main
04-17 04:41:20.114081   984  1089 W ASH     : @ 12009.792: touch gesture: no valid gesture detected
04-17 04:41:20.178558   984  1089 W ASH     : @ 12009.856: touch gesture: no valid gesture detected
04-17 04:41:20.243299   984  1089 W ASH     : @ 12009.921: touch gesture: no valid gesture detected
04-17 04:41:20.308099   984  1089 W ASH     : @ 12009.985: touch gesture: no valid gesture detected
04-17 04:41:20.372567   984  1089 W ASH     : @ 12010.050: touch gesture: no valid gesture detected
04-17 04:41:20.437035   984  1089 W ASH     : @ 12010.115: touch gesture: no valid gesture detected
04-17 04:41:20.501808   984  1089 W ASH     : @ 12010.179: touch gesture: no valid gesture detected
