04-17 06:51:03.716508   984  1089 W ASH     : @ 19793.393: touch gesture: no valid gesture detected
04-17 06:51:03.780937   984  1089 W ASH     : @ 19793.458: touch gesture: no valid gesture detected
04-17 06:51:03.845296   984  1089 W ASH     : @ 19793.522: touch gesture: no valid gesture detected
04-17 06:51:03.909321   984  1089 W ASH     : @ 19793.587: touch gesture: no valid gesture detected
04-17 06:51:03.974677   984  1089 W ASH     : @ 19793.651: touch gesture: no valid gesture detected
04-17 06:51:04.039032   984  1089 W ASH     : @ 19793.716: touch gesture: no valid gesture detected
04-17 06:51:04.103607   984  1089 W ASH     : @ 19793.780: touch gesture: no valid gesture detected
04-17 06:51:04.168085   984  1089 W ASH     : @ 19793.845: touch gesture: no valid gesture detected
04-17 06:51:04.232158   984  1089 W ASH     : @ 19793.909: touch gesture: no valid gesture detected
04-17 06:51:04.297514   984  1089 W ASH     : @ 19793.974: touch gesture: no valid gesture detected
04-17 06:51:04.361859   984  1089 W ASH     : @ 19794.039: touch gesture: no valid gesture detected
04-17 06:51:04.426494   984  1089 W ASH     : @ 19794.103: touch gesture: no valid gesture detected
04-17 06:51:04.491294   984  1089 W ASH     : @ 19794.168: touch gesture: no valid gesture detected
04-17 06:51:04.555886   984  1089 W ASH     : @ 19794.232: touch gesture: no valid gesture detected
04-17 06:51:04.619888   984  1089 W ASH     : @ 19794.297: touch gesture: no valid gesture detected
04-17 06:51:04.684248   984  1089 W ASH     : @ 19794.361: touch gesture: no valid gesture detected
04-17 06:51:04.748830   984  1089 W ASH     : @ 19794.426: touch gesture: no valid gesture detected
04-17 06:51:04.813340   984  1089 W ASH     : @ 19794.490: touch gesture: no valid gesture detected
04-17 06:51:04.878211   984  1089 W ASH     : @ 19794.555: touch gesture: no valid gesture detected
04-17 06:51:04.942561   984  1089 W ASH     : @ 19794.619: touch gesture: no valid gesture detected
04-17 06:51:05.007032   984  1089 W ASH     : @ 19794.684: touch gesture: no valid gesture detected
04-17 06:51:05.071563   984  1089 W ASH     : @ 19794.748: touch gesture: no valid gesture detected
04-17 06:51:05.136076   984  1089 W ASH     : @ 19794.813: touch gesture: no valid gesture detected
04-17 06:51:05.200766   984  1089 W ASH     : @ 19794.877: touch gesture: no valid gesture detected
04-17 06:51:05.265177   984  1089 W ASH     : @ 19794.942: touch gesture: no valid gesture detected
04-17 06:51:05.329351   984  1089 W ASH     : @ 19795.006: touch gesture: no valid gesture detected
04-17 06:51:05.394099   984  1089 W ASH     : @ 19795.071: touch gesture: no valid gesture detected
04-17 06:51:05.458837   984  1089 W ASH     : @ 19795.135: touch gesture: no valid gesture detected
04-17 06:51:05.523124   984  1089 W ASH     : @ 19795.200: touch gesture: no valid gesture detected
04-17 06:51:05.587794   984  1089 W ASH     : @ 19795.265: touch gesture: no valid gesture detected
04-17 06:51:05.652248   984  1089 W ASH     : @ 19795.329: touch gesture: no valid gesture detected
04-17 06:51:05.717460   984  1089 W ASH     : @ 19795.394: touch gesture: no valid gesture detected
04-17 06:51:05.781503   984  1089 W ASH     : @ 19795.458: touch gesture: no valid gesture detected
04-17 06:51:05.845666   984  1089 W ASH     : @ 19795.523: touch gesture: no valid gesture detected
04-17 06:51:05.910632   984  1089 W ASH     : @ 19795.587: touch gesture: no valid gesture detected
04-17 06:51:05.974731   984  1089 W ASH     : @ 19795.652: touch gesture: no valid gesture detected
04-17 06:51:06.039501   984  1089 W ASH     : @ 19795.716: touch gesture: no valid gesture detected
04-17 06:51:06.103989   984  1089 W ASH     : @ 19795.781: touch gesture: no valid gesture detected
04-17 06:51:06.168476   984  1089 W ASH     : @ 19795.845: touch gesture: no valid gesture detected
04-17 06:51:06.232850   984  1089 W ASH     : @ 19795.910: touch gesture: no valid gesture detected
04-17 06:51:06.297717   984  1089 W ASH     : @ 19795.974: touch gesture: no valid gesture detected
04-17 06:51:06.362212   984  1089 W ASH     : @ 19796.039: touch gesture: no valid gesture detected
04-17 06:51:06.426768   984  1089 W ASH     : @ 19796.103: touch gesture: no valid gesture detected
04-17 06:51:06.491410   984  1089 W ASH     : @ 19796.168: touch gesture: no valid gesture detected
04-17 06:51:06.555844   984  1089 W ASH     : @ 19796.233: touch gesture: no valid gesture detected
04-17 06:51:06.620897   984  1089 W ASH     : @ 19796.297: touch gesture: no valid gesture detected
04-17 06:51:06.685479   984  1089 W ASH     : @ 19796.362: touch gesture: no valid gesture detected
04-17 06:51:06.749695   984  1089 W ASH     : @ 19796.426: touch gesture: no valid gesture detected
04-17 06:51:06.814534   984  1089 W ASH     : @ 19796.491: touch gesture: no valid gesture detected
04-17 06:51:06.878622   984  1089 W ASH     : @ 19796.555: touch gesture: no valid gesture detected
04-17 06:51:06.943227   984  1089 W ASH     : @ 19796.620: touch gesture: no valid gesture detected
04-17 06:51:07.007756   984  1089 W ASH     : @ 19796.685: touch gesture: no valid gesture detected
04-17 06:51:07.072124   984  1089 W ASH     : @ 19796.749: touch gesture: no valid gesture detected
04-17 06:51:07.136964   984  1089 W ASH     : @ 19796.814: touch gesture: no valid gesture detected
04-17 06:51:07.201297   984  1089 W ASH     : @ 19796.878: touch gesture: no valid gesture detected
04-17 06:51:07.265798   984  1089 W ASH     : @ 19796.943: touch gesture: no valid gesture detected
04-17 06:51:07.330437   984  1089 W ASH     : @ 19797.007: touch gesture: no valid gesture detected
04-17 06:51:07.395036   984  1089 W ASH     : @ 19797.072: touch gesture: no valid gesture detected
04-17 06:51:07.459667   984  1089 W ASH     : @ 19797.136: touch gesture: no valid gesture detected
04-17 06:51:07.524306   984  1089 W ASH     : @ 19797.201: touch gesture: no valid gesture detected
04-17 06:51:07.588738   984  1089 W ASH     : @ 19797.266: touch gesture: no valid gesture detected
04-17 06:51:07.653200   984  1089 W ASH     : @ 19797.330: touch gesture: no valid gesture detected
04-17 06:51:07.717777   984  1089 W ASH     : @ 19797.395: touch gesture: no valid gesture detected
04-17 06:51:07.782675   984  1089 W ASH     : @ 19797.459: touch gesture: no valid gesture detected
04-17 06:51:07.847314   984  1089 W ASH     : @ 19797.524: touch gesture: no valid gesture detected
04-17 06:51:07.911619   984  1089 W ASH     : @ 19797.588: touch gesture: no valid gesture detected
04-17 06:51:07.976287   984  1089 W ASH     : @ 19797.653: touch gesture: no valid gesture detected
04-17 06:51:08.040993   984  1089 W ASH     : @ 19797.718: touch gesture: no valid gesture detected
04-17 06:51:08.105571   984  1089 W ASH     : @ 19797.782: touch gesture: no valid gesture detected
04-17 06:51:08.170336   984  1089 W ASH     : @ 19797.847: touch gesture: no valid gesture detected
04-17 06:51:08.234812   984  1089 W ASH     : @ 19797.912: touch gesture: no valid gesture detected
04-17 06:51:08.299674   984  1089 W ASH     : @ 19797.976: touch gesture: no valid gesture detected
04-17 06:51:08.364119   984  1089 W ASH     : @ 19798.041: touch gesture: no valid gesture detected
04-17 06:51:08.428682   984  1089 W ASH     : @ 19798.106: touch gesture: no valid gesture detected
04-17 06:51:08.493581   984  1089 W ASH     : @ 19798.170: touch gesture: no valid gesture detected
04-17 06:51:08.558228   984  1089 W ASH     : @ 19798.235: touch gesture: no valid gesture detected
04-17 06:51:08.622656   984  1089 W ASH     : @ 19798.300: touch gesture: no valid gesture detected
04-17 06:51:08.687410   984  1089 W ASH     : @ 19798.364: touch gesture: no valid gesture detected
04-17 06:51:08.752307   984  1089 W ASH     : @ 19798.429: touch gesture: no valid gesture detected
04-17 06:51:08.816096   984  1089 W ASH     : @ 19798.494: touch gesture: no valid gesture detected
04-17 06:51:08.881221   984  1089 W ASH     : @ 19798.558: touch gesture: no valid gesture detected
04-17 06:51:08.945671   984  1089 W ASH     : @ 19798.623: touch gesture: no valid gesture detected
04-17 06:51:09.010389   984  1089 W ASH     : @ 19798.687: touch gesture: no valid gesture detected
04-17 06:51:09.074944   984  1089 W ASH     : @ 19798.752: touch gesture: no valid gesture detected
04-17 06:51:09.139825   984  1089 W ASH     : @ 19798.817: touch gesture: no valid gesture detected
04-17 06:51:09.204328   984  1089 W ASH     : @ 19798.881: touch gesture: no valid gesture detected
04-17 06:51:09.269051   984  1089 W ASH     : @ 19798.946: touch gesture: no valid gesture detected
04-17 06:51:09.333546   984  1089 W ASH     : @ 19799.011: touch gesture: no valid gesture detected
04-17 06:51:09.398075   984  1089 W ASH     : @ 19799.075: touch gesture: no valid gesture detected
04-17 06:51:09.462914   984  1089 W ASH     : @ 19799.140: touch gesture: no valid gesture detected
04-17 06:51:09.527463   984  1089 W ASH     : @ 19799.204: touch gesture: no valid gesture detected
04-17 06:51:09.592004   984  1089 W ASH     : @ 19799.269: touch gesture: no valid gesture detected
04-17 06:51:09.656531   984  1089 W ASH     : @ 19799.334: touch gesture: no valid gesture detected
04-17 06:51:09.720938   984  1089 W ASH     : @ 19799.398: touch gesture: no valid gesture detected
04-17 06:51:09.785791   984  1089 W ASH     : @ 19799.463: touch gesture: no valid gesture detected
04-17 06:51:09.850684   984  1089 W ASH     : @ 19799.527: touch gesture: no valid gesture detected
04-17 06:51:09.914983   984  1089 W ASH     : @ 19799.592: touch gesture: no valid gesture detected
04-17 06:51:09.979779   984  1089 W ASH     : @ 19799.657: touch gesture: no valid gesture detected
04-17 06:51:10.044388   984  1089 W ASH     : @ 19799.721: touch gesture: no valid gesture detected
04-17 06:51:10.108598   984  1089 W ASH     : @ 19799.785: touch gesture: no valid gesture detected
04-17 06:51:10.173625   984  1089 W ASH     : @ 19799.850: touch gesture: no valid gesture detected
04-17 06:51:10.238072   984  1089 W ASH     : @ 19799.915: touch gesture: no valid gesture detected
04-17 06:51:10.302631   984  1089 W ASH     : @ 19799.980: touch gesture: no valid gesture detected
04-17 06:51:10.367249   984  1089 W ASH     : @ 19800.044: touch gesture: no valid gesture detected
04-17 06:51:10.431631   984  1089 W ASH     : @ 19800.109: touch gesture: no valid gesture detected
04-17 06:51:10.496761   984  1089 W ASH     : @ 19800.173: touch gesture: no valid gesture detected
04-17 06:51:10.561029   984  1089 W ASH     : @ 19800.238: touch gesture: no valid gesture detected
04-17 06:51:10.625052   984  1089 W ASH     : @ 19800.302: touch gesture: no valid gesture detected
04-17 06:51:10.689936   984  1089 W ASH     : @ 19800.367: touch gesture: no valid gesture detected
04-17 06:51:10.754475   984  1089 W ASH     : @ 19800.431: touch gesture: no valid gesture detected
04-17 06:51:10.818934   984  1089 W ASH     : @ 19800.496: touch gesture: no valid gesture detected
04-17 06:51:10.883981   984  1089 W ASH     : @ 19800.560: touch gesture: no valid gesture detected
04-17 06:51:10.947944   984  1089 W ASH     : @ 19800.625: touch gesture: no valid gesture detected
04-17 06:51:11.012513   984  1089 W ASH     : @ 19800.689: touch gesture: no valid gesture detected
04-17 06:51:11.076871   984  1089 W ASH     : @ 19800.754: touch gesture: no valid gesture detected
04-17 06:51:11.142014   984  1089 W ASH     : @ 19800.818: touch gesture: no valid gesture detected
04-17 06:51:11.206070   984  1089 W ASH     : @ 19800.883: touch gesture: no valid gesture detected
04-17 06:51:11.270778   984  1089 W ASH     : @ 19800.948: touch gesture: no valid gesture detected
04-17 06:51:11.335163   984  1089 W ASH     : @ 19801.012: touch gesture: no valid gesture detected
04-17 06:51:11.399770   984  1089 W ASH     : @ 19801.077: touch gesture: no valid gesture detected
04-17 06:51:11.464244   984  1089 W ASH     : @ 19801.141: touch gesture: no valid gesture detected
04-17 06:51:11.528851   984  1089 W ASH     : @ 19801.206: touch gesture: no valid gesture detected
04-17 06:51:11.593698   984  1089 W ASH     : @ 19801.270: touch gesture: no valid gesture detected
04-17 06:51:11.658495   984  1089 W ASH     : @ 19801.335: touch gesture: no valid gesture detected
04-17 06:51:11.722745   984  1089 W ASH     : @ 19801.400: touch gesture: no valid gesture detected
04-17 06:51:11.787489   984  1089 W ASH     : @ 19801.464: touch gesture: no valid gesture detected
04-17 06:51:11.851715   984  1089 W ASH     : @ 19801.529: touch gesture: no valid gesture detected
04-17 06:51:11.916638   984  1089 W ASH     : @ 19801.593: touch gesture: no valid gesture detected
04-17 06:51:11.980963   984  1089 W ASH     : @ 19801.658: touch gesture: no valid gesture detected
04-17 06:51:12.046095   984  1089 W ASH     : @ 19801.723: touch gesture: no valid gesture detected
04-17 06:51:12.110427   984  1089 W ASH     : @ 19801.787: touch gesture: no valid gesture detected
04-17 06:51:12.175086   984  1089 W ASH     : @ 19801.852: touch gesture: no valid gesture detected
04-17 06:51:12.239427   984  1089 W ASH     : @ 19801.916: touch gesture: no valid gesture detected
04-17 06:51:12.304474   984  1089 W ASH     : @ 19801.981: touch gesture: no valid gesture detected
04-17 06:51:12.369168   984  1089 W ASH     : @ 19802.046: touch gesture: no valid gesture detected
04-17 06:51:12.434198   984  1089 W ASH     : @ 19802.110: touch gesture: no valid gesture detected
04-17 06:51:12.498270   984  1089 W ASH     : @ 19802.175: touch gesture: no valid gesture detected
04-17 06:51:12.563010   984  1089 W ASH     : @ 19802.240: touch gesture: no valid gesture detected
04-17 06:51:12.627343   984  1089 W ASH     : @ 19802.304: touch gesture: no valid gesture detected
04-17 06:51:12.692146   984  1089 W ASH     : @ 19802.369: touch gesture: no valid gesture detected
04-17 06:51:12.756309   984  1089 W ASH     : @ 19802.433: touch gesture: no valid gesture detected
04-17 06:51:12.821062   984  1089 W ASH     : @ 19802.498: touch gesture: no valid gesture detected
04-17 06:51:12.885849   984  1089 W ASH     : @ 19802.562: touch gesture: no valid gesture detected
04-17 06:51:12.950835   984  1089 W ASH     : @ 19802.627: touch gesture: no valid gesture detected
04-17 06:51:13.014606   984  1089 W ASH     : @ 19802.692: touch gesture: no valid gesture detected
04-17 06:51:13.079395   984  1089 W ASH     : @ 19802.756: touch gesture: no valid gesture detected
04-17 06:51:13.143772   984  1089 W ASH     : @ 19802.821: touch gesture: no valid gesture detected
04-17 06:51:13.208372   984  1089 W ASH     : @ 19802.885: touch gesture: no valid gesture detected
04-17 06:51:13.273341   984  1089 W ASH     : @ 19802.950: touch gesture: no valid gesture detected
04-17 06:51:13.337895   984  1089 W ASH     : @ 19803.015: touch gesture: no valid gesture detected
04-17 06:51:13.402215   984  1089 W ASH     : @ 19803.079: touch gesture: no valid gesture detected
04-17 06:51:13.466960   984  1089 W ASH     : @ 19803.144: touch gesture: no valid gesture detected
04-17 06:51:13.531777   984  1089 W ASH     : @ 19803.209: touch gesture: no valid gesture detected
04-17 06:51:13.596286   984  1089 W ASH     : @ 19803.273: touch gesture: no valid gesture detected
04-17 06:51:13.660977   984  1089 W ASH     : @ 19803.338: touch gesture: no valid gesture detected
04-17 06:51:13.723886   984  1089 W ASH     : @ 19803.402: touch gesture: no valid gesture detected
04-17 06:51:13.789779   984  1089 W ASH     : @ 19803.467: touch gesture: no valid gesture detected
04-17 06:51:13.855057   984  1089 W ASH     : @ 19803.531: touch gesture: no valid gesture detected
04-17 06:51:13.919323   984  1089 W ASH     : @ 19803.596: touch gesture: no valid gesture detected
04-17 06:51:13.983549   984  1089 W ASH     : @ 19803.661: touch gesture: no valid gesture detected
04-17 06:51:14.048464   984  1089 W ASH     : @ 19803.725: touch gesture: no valid gesture detected
04-17 06:51:14.112863   984  1089 W ASH     : @ 19803.790: touch gesture: no valid gesture detected
04-17 06:51:14.177552   984  1089 W ASH     : @ 19803.854: touch gesture: no valid gesture detected
04-17 06:51:14.242162   984  1089 W ASH     : @ 19803.919: touch gesture: no valid gesture detected
04-17 06:51:14.306967   984  1089 W ASH     : @ 19803.983: touch gesture: no valid gesture detected
04-17 06:51:14.369853   984  1089 W ASH     : @ 19804.048: touch gesture: no valid gesture detected
04-17 06:51:14.435945   984  1089 W ASH     : @ 19804.112: touch gesture: no valid gesture detected
04-17 06:51:14.499798   984  1089 W ASH     : @ 19804.177: touch gesture: no valid gesture detected
04-17 06:51:14.564571   984  1089 W ASH     : @ 19804.242: touch gesture: no valid gesture detected
04-17 06:51:14.629279   984  1089 W ASH     : @ 19804.306: touch gesture: no valid gesture detected
04-17 06:51:14.694210   984  1089 W ASH     : @ 19804.371: touch gesture: no valid gesture detected
04-17 06:51:14.758388   984  1089 W ASH     : @ 19804.435: touch gesture: no valid gesture detected
04-17 06:51:14.823269   984  1089 W ASH     : @ 19804.500: touch gesture: no valid gesture detected
04-17 06:51:14.887608   984  1089 W ASH     : @ 19804.565: touch gesture: no valid gesture detected
04-17 06:51:14.952387   984  1089 W ASH     : @ 19804.629: touch gesture: no valid gesture detected
04-17 06:51:15.017047   984  1089 W ASH     : @ 19804.694: touch gesture: no valid gesture detected
04-17 06:51:15.081280   984  1089 W ASH     : @ 19804.758: touch gesture: no valid gesture detected
04-17 06:51:15.146205   984  1089 W ASH     : @ 19804.823: touch gesture: no valid gesture detected
04-17 06:51:15.210599   984  1089 W ASH     : @ 19804.888: touch gesture: no valid gesture detected
04-17 06:51:15.275414   984  1089 W ASH     : @ 19804.952: touch gesture: no valid gesture detected
04-17 06:51:15.339607   984  1089 W ASH     : @ 19805.017: touch gesture: no valid gesture detected
04-17 06:51:15.404381   984  1089 W ASH     : @ 19805.081: touch gesture: no valid gesture detected
04-17 06:51:15.468909   984  1089 W ASH     : @ 19805.146: touch gesture: no valid gesture detected
04-17 06:51:15.533296   984  1089 W ASH     : @ 19805.210: touch gesture: no valid gesture detected
04-17 06:51:15.597857   984  1089 W ASH     : @ 19805.275: touch gesture: no valid gesture detected
04-17 06:51:15.662530   984  1089 W ASH     : @ 19805.339: touch gesture: no valid gesture detected
04-17 06:51:15.726950   984  1089 W ASH     : @ 19805.404: touch gesture: no valid gesture detected
04-17 06:51:15.791405   984  1089 W ASH     : @ 19805.468: touch gesture: no valid gesture detected
04-17 06:51:15.856314   984  1089 W ASH     : @ 19805.533: touch gesture: no valid gesture detected
04-17 06:51:15.921177   984  1089 W ASH     : @ 19805.598: touch gesture: no valid gesture detected
04-17 06:51:15.984791   984  1089 W ASH     : @ 19805.662: touch gesture: no valid gesture detected
04-17 06:51:16.049990   984  1089 W ASH     : @ 19805.727: touch gesture: no valid gesture detected
04-17 06:51:16.114854   984  1089 W ASH     : @ 19805.791: touch gesture: no valid gesture detected
04-17 06:51:16.179015   984  1089 W ASH     : @ 19805.856: touch gesture: no valid gesture detected
04-17 06:51:16.243956   984  1089 W ASH     : @ 19805.920: touch gesture: no valid gesture detected
04-17 06:51:16.308566   984  1089 W ASH     : @ 19805.985: touch gesture: no valid gesture detected
04-17 06:51:16.373117   984  1089 W ASH     : @ 19806.049: touch gesture: no valid gesture detected
04-17 06:51:16.437479   984  1089 W ASH     : @ 19806.114: touch gesture: no valid gesture detected
04-17 06:51:16.501740   984  1089 W ASH     : @ 19806.179: touch gesture: no valid gesture detected
04-17 06:51:16.566521   984  1089 W ASH     : @ 19806.243: touch gesture: no valid gesture detected
04-17 06:51:16.631161   984  1089 W ASH     : @ 19806.308: touch gesture: no valid gesture detected
04-17 06:51:16.695439   984  1089 W ASH     : @ 19806.372: touch gesture: no valid gesture detected
04-17 06:51:16.759936   984  1089 W ASH     : @ 19806.437: touch gesture: no valid gesture detected
04-17 06:51:16.824379   984  1089 W ASH     : @ 19806.501: touch gesture: no valid gesture detected
04-17 06:51:16.889536   984  1089 W ASH     : @ 19806.566: touch gesture: no valid gesture detected
04-17 06:51:16.954030   984  1089 W ASH     : @ 19806.631: touch gesture: no valid gesture detected
04-17 06:51:17.018256   984  1089 W ASH     : @ 19806.695: touch gesture: no valid gesture detected
04-17 06:51:17.082865   984  1089 W ASH     : @ 19806.760: touch gesture: no valid gesture detected
04-17 06:51:17.147702   984  1089 W ASH     : @ 19806.824: touch gesture: no valid gesture detected
04-17 06:51:17.212328   984  1089 W ASH     : @ 19806.889: touch gesture: no valid gesture detected
04-17 06:51:17.276587   984  1089 W ASH     : @ 19806.953: touch gesture: no valid gesture detected
04-17 06:51:17.341250   984  1089 W ASH     : @ 19807.018: touch gesture: no valid gesture detected
04-17 06:51:17.405937   984  1089 W ASH     : @ 19807.083: touch gesture: no valid gesture detected
04-17 06:51:17.470398   984  1089 W ASH     : @ 19807.147: touch gesture: no valid gesture detected
04-17 06:51:17.534926   984  1089 W ASH     : @ 19807.212: touch gesture: no valid gesture detected
04-17 06:51:17.599355   984  1089 W ASH     : @ 19807.276: touch gesture: no valid gesture detected
04-17 06:51:17.664112   984  1089 W ASH     : @ 19807.341: touch gesture: no valid gesture detected
04-17 06:51:17.728747   984  1089 W ASH     : @ 19807.406: touch gesture: no valid gesture detected
04-17 06:51:17.793689   984  1089 W ASH     : @ 19807.470: touch gesture: no valid gesture detected
04-17 06:51:17.858355   984  1089 W ASH     : @ 19807.535: touch gesture: no valid gesture detected
04-17 06:51:17.922433   984  1089 W ASH     : @ 19807.599: touch gesture: no valid gesture detected
04-17 06:51:17.986941   984  1089 W ASH     : @ 19807.664: touch gesture: no valid gesture detected
04-17 06:51:18.051756   984  1089 W ASH     : @ 19807.728: touch gesture: no valid gesture detected
04-17 06:51:18.115911   984  1089 W ASH     : @ 19807.793: touch gesture: no valid gesture detected
04-17 06:51:18.180796   984  1089 W ASH     : @ 19807.858: touch gesture: no valid gesture detected
04-17 06:51:18.245822   984  1089 W ASH     : @ 19807.922: touch gesture: no valid gesture detected
04-17 06:51:18.309610   984  1089 W ASH     : @ 19807.987: touch gesture: no valid gesture detected
04-17 06:51:18.374235   984  1089 W ASH     : @ 19808.051: touch gesture: no valid gesture detected
04-17 06:51:18.438715   984  1089 W ASH     : @ 19808.116: touch gesture: no valid gesture detected
04-17 06:51:18.503493   984  1089 W ASH     : @ 19808.180: touch gesture: no valid gesture detected
04-17 06:51:18.567955   984  1089 W ASH     : @ 19808.245: touch gesture: no valid gesture detected
04-17 06:51:18.632462   984  1089 W ASH     : @ 19808.309: touch gesture: no valid gesture detected
04-17 06:51:18.696985   984  1089 W ASH     : @ 19808.374: touch gesture: no valid gesture detected
04-17 06:51:18.762086   984  1089 W ASH     : @ 19808.438: touch gesture: no valid gesture detected
04-17 06:51:18.826007   984  1089 W ASH     : @ 19808.503: touch gesture: no valid gesture detected
04-17 06:51:18.890714   984  1089 W ASH     : @ 19808.567: touch gesture: no valid gesture detected
04-17 06:51:18.955177   984  1089 W ASH     : @ 19808.632: touch gesture: no valid gesture detected
04-17 06:51:19.020052   984  1089 W ASH     : @ 19808.696: touch gesture: no valid gesture detected
04-17 06:51:19.084075   984  1089 W ASH     : @ 19808.761: touch gesture: no valid gesture detected
04-17 06:51:19.148590   984  1089 W ASH     : @ 19808.826: touch gesture: no valid gesture detected
04-17 06:51:19.213489   984  1089 W ASH     : @ 19808.890: touch gesture: no valid gesture detected
04-17 06:51:19.278196   984  1089 W ASH     : @ 19808.955: touch gesture: no valid gesture detected
04-17 06:51:19.342494   984  1089 W ASH     : @ 19809.019: touch gesture: no valid gesture detected
04-17 06:51:19.407023   984  1089 W ASH     : @ 19809.084: touch gesture: no valid gesture detected
04-17 06:51:19.471446   984  1089 W ASH     : @ 19809.148: touch gesture: no valid gesture detected
04-17 06:51:19.535641   984  1089 W ASH     : @ 19809.213: touch gesture: no valid gesture detected
04-17 06:51:19.600126   984  1089 W ASH     : @ 19809.277: touch gesture: no valid gesture detected
04-17 06:51:19.664792   984  1089 W ASH     : @ 19809.342: touch gesture: no valid gesture detected
04-17 06:51:19.729440   984  1089 W ASH     : @ 19809.406: touch gesture: no valid gesture detected
04-17 06:51:19.793928   984  1089 W ASH     : @ 19809.471: touch gesture: no valid gesture detected
04-17 06:51:19.858506   984  1089 W ASH     : @ 19809.535: touch gesture: no valid gesture detected
04-17 06:51:19.923107   984  1089 W ASH     : @ 19809.600: touch gesture: no valid gesture detected
04-17 06:51:19.987899   984  1089 W ASH     : @ 19809.664: touch gesture: no valid gesture detected
04-17 06:51:20.052017   984  1089 W ASH     : @ 19809.729: touch gesture: no valid gesture detected
04-17 06:51:20.116864   984  1089 W ASH     : @ 19809.793: touch gesture: no valid gesture detected
04-17 06:51:20.181160   984  1089 W ASH     : @ 19809.858: touch gesture: no valid gesture detected
04-17 06:51:20.246218   984  1089 W ASH     : @ 19809.923: touch gesture: no valid gesture detected
04-17 06:51:20.310318   984  1089 W ASH     : @ 19809.987: touch gesture: no valid gesture detected
04-17 06:51:20.374887   984  1089 W ASH     : @ 19810.052: touch gesture: no valid gesture detected
04-17 06:51:20.439717   984  1089 W ASH     : @ 19810.116: touch gesture: no valid gesture detected
04-17 06:51:20.503938   984  1089 W ASH     : @ 19810.181: touch gesture: no valid gesture detected
04-17 06:51:20.568792   984  1089 W ASH     : @ 19810.246: touch gesture: no valid gesture detected
04-17 06:51:20.633753   984  1089 W ASH     : @ 19810.310: touch gesture: no valid gesture detected
04-17 06:51:20.698132   984  1089 W ASH     : @ 19810.375: touch gesture: no valid gesture detected
04-17 06:51:20.762449   984  1089 W ASH     : @ 19810.439: touch gesture: no valid gesture detected
04-17 06:51:20.827280   984  1089 W ASH     : @ 19810.504: touch gesture: no valid gesture detected
04-17 06:51:20.891611   984  1089 W ASH     : @ 19810.568: touch gesture: no valid gesture detected
04-17 06:51:20.955719   984  1089 W ASH     : @ 19810.633: touch gesture: no valid gesture detected
04-17 06:51:21.020699   984  1089 W ASH     : @ 19810.697: touch gesture: no valid gesture detected
04-17 06:51:21.085303   984  1089 W ASH     : @ 19810.762: touch gesture: no valid gesture detected
04-17 06:51:21.149424   984  1089 W ASH     : @ 19810.826: touch gesture: no valid gesture detected
04-17 06:51:21.214359   984  1089 W ASH     : @ 19810.891: touch gesture: no valid gesture detected
04-17 06:51:21.278740   984  1089 W ASH     : @ 19810.956: touch gesture: no valid gesture detected
04-17 06:51:21.343159   984  1089 W ASH     : @ 19811.020: touch gesture: no valid gesture detected
04-17 06:51:21.408060   984  1089 W ASH     : @ 19811.085: touch gesture: no valid gesture detected
04-17 06:51:21.471403   984  1089 W ASH     : @ 19811.149: touch gesture: no valid gesture detected
04-17 06:51:21.537398   984  1089 W ASH     : @ 19811.214: touch gesture: no valid gesture detected
04-17 06:51:21.602066   984  1089 W ASH     : @ 19811.278: touch gesture: no valid gesture detected
04-17 06:51:21.666038   984  1089 W ASH     : @ 19811.343: touch gesture: no valid gesture detected
04-17 06:51:21.731117   984  1089 W ASH     : @ 19811.408: touch gesture: no valid gesture detected
04-17 06:51:21.795292   984  1089 W ASH     : @ 19811.472: touch gesture: no valid gesture detected
04-17 06:51:21.859810   984  1089 W ASH     : @ 19811.536: touch gesture: no valid gesture detected
04-17 06:51:21.924659   984  1089 W ASH     : @ 19811.601: touch gesture: no valid gesture detected
04-17 06:51:21.989127   984  1089 W ASH     : @ 19811.666: touch gesture: no valid gesture detected
04-17 06:51:22.051058   984  1089 W ASH     : @ 19811.730: touch gesture: no valid gesture detected
04-17 06:51:22.117896   984  1089 W ASH     : @ 19811.795: touch gesture: no valid gesture detected
04-17 06:51:22.182862   984  1089 W ASH     : @ 19811.859: touch gesture: no valid gesture detected
04-17 06:51:22.247464   984  1089 W ASH     : @ 19811.924: touch gesture: no valid gesture detected
04-17 06:51:22.311925   984  1089 W ASH     : @ 19811.989: touch gesture: no valid gesture detected
04-17 06:51:22.376316   984  1089 W ASH     : @ 19812.053: touch gesture: no valid gesture detected
04-17 06:51:22.441007   984  1089 W ASH     : @ 19812.118: touch gesture: no valid gesture detected
04-17 06:51:22.505166   984  1089 W ASH     : @ 19812.182: touch gesture: no valid gesture detected
04-17 06:51:22.570104   984  1089 W ASH     : @ 19812.247: touch gesture: no valid gesture detected
04-17 06:51:22.634453   984  1089 W ASH     : @ 19812.311: touch gesture: no valid gesture detected
04-17 06:51:22.698901   984  1089 W ASH     : @ 19812.376: touch gesture: no valid gesture detected
04-17 06:51:22.763556   984  1089 W ASH     : @ 19812.440: touch gesture: no valid gesture detected
04-17 06:51:22.828139   984  1089 W ASH     : @ 19812.505: touch gesture: no valid gesture detected
04-17 06:51:22.892564   984  1089 W ASH     : @ 19812.570: touch gesture: no valid gesture detected
04-17 06:51:22.957469   984  1089 W ASH     : @ 19812.634: touch gesture: no valid gesture detected
04-17 06:51:23.021775   984  1089 W ASH     : @ 19812.699: touch gesture: no valid gesture detected
04-17 06:51:23.086608   984  1089 W ASH     : @ 19812.763: touch gesture: no valid gesture detected
04-17 06:51:23.150870   984  1089 W ASH     : @ 19812.828: touch gesture: no valid gesture detected
04-17 06:51:23.215458   984  1089 W ASH     : @ 19812.892: touch gesture: no valid gesture detected
04-17 06:51:23.278128   984  1089 W ASH     : @ 19812.957: touch gesture: no valid gesture detected
--------- switch to kernel
04-17 06:51:23.285180     0     0 I         : c5    960 msm_geni_serial 894000.qcom,qup_uart: msm_geni_serial_set_termios: Start
--------- switch to main
04-17 06:51:23.286918   960   960 D vendor.qti.bluetooth@1.0-uart_transport: SocRxDWakeup: Flow off->Change UART baudrate to 38.4kbs->send 0x00->Change UART baudrate to max->Flow on
04-17 06:51:23.286993   960   960 I vendor.qti.bluetooth@1.0-uart_transport: ## userial_vendor_ioctl: UART Flow Off 
04-17 06:51:23.288484   960   960 I vendor.qti.bluetooth@1.0-uart_transport: ## userial_vendor_set_baud: 17
--------- switch to radio
04-17 06:51:23.288984  3483  3483 D RILJ    : [0374]> GET_ACTIVITY_INFO [PHONE0]
--------- switch to kernel
04-17 06:51:23.285899     0     0 I         : c1    960 msm_geni_serial 894000.qcom,qup_uart: msm_geni_serial_set_termios: geni_se_clk_freq_match
04-17 06:51:23.286001     0     0 I         : c1    960 msm_geni_serial 894000.qcom,qup_uart: msm_geni_serial_set_termios: check parity
04-17 06:51:23.286017     0     0 I         : c1    960 msm_geni_serial 894000.qcom,qup_uart: msm_geni_serial_set_termios: geni_serial_write_term_regs
04-17 06:51:23.286054     0     0 I         : c1    960 msm_geni_serial 894000.qcom,qup_uart: msm_geni_serial_set_termios: End
04-17 06:51:23.286645     0     0 I         : c1    960 msm_geni_serial 894000.qcom,qup_uart: msm_geni_serial_set_termios: Start
--------- switch to radio
04-17 06:51:23.296472  3483  3515 D RILJ    : [0374]< GET_ACTIVITY_INFO ModemActivityInfo{ mTimestamp=19800133 mSleepTimeMs=1699302 mIdleTimeMs=10148 mTxTimeMs[]=[0, 0, 0, 0, 0] mRxTimeMs=90546} [PHONE0]
--------- switch to kernel
04-17 06:51:23.295687     0     0 I         : c3    960 msm_geni_serial 894000.qcom,qup_uart: msm_geni_serial_set_termios: geni_se_clk_freq_match
04-17 06:51:23.295893     0     0 I         : c3    960 msm_geni_serial 894000.qcom,qup_uart: msm_geni_serial_set_termios: check parity
04-17 06:51:23.295914     0     0 I         : c3    960 msm_geni_serial 894000.qcom,qup_uart: msm_geni_serial_set_termios: geni_serial_write_term_regs
04-17 06:51:23.295961     0     0 I         : c3    960 msm_geni_serial 894000.qcom,qup_uart: msm_geni_serial_set_termios: End
--------- switch to main
04-17 06:51:23.297933   960   960 I vendor.qti.bluetooth@1.0-uart_transport: SetBaudRate: in BOTHER
04-17 06:51:23.297993   960   960 I vendor.qti.bluetooth@1.0-uart_transport: ## userial_vendor_ioctl: UART Flow On 
04-17 06:51:23.298359   960  3561 I vendor.qti.bluetooth@1.0-ibs_handler: ProcessIbsCmd: Received IBS_WAKE_ACK: 0xFC
04-17 06:51:23.298405   960  3561 I vendor.qti.bluetooth@1.0-ibs_handler: ProcessIbsCmd: Signal wack_cond_
04-17 06:51:23.299190  2612  4344 D TelephonyManager: requestModemActivityInfo: Sending result to app: ModemActivityInfo{ mTimestamp=19800133 mSleepTimeMs=18678648 mIdleTimeMs=133365 mTxTimeMs[]=[0, 0, 0, 0, 0] mRxTimeMs=977669}
04-17 06:51:23.300193   960  3561 I vendor.qti.bluetooth@1.0-ibs_handler: ProcessIbsCmd: Received IBS_WAKE_ACK: 0xFC
04-17 06:51:23.300235   960  3561 I vendor.qti.bluetooth@1.0-ibs_handler: ProcessIbsCmd: Signal wack_cond_
04-17 06:51:23.300314   960   960 D vendor.qti.bluetooth@1.0-ibs_handler: DeviceWakeUp: Unblocked from waiting for FC
04-17 06:51:23.342808   984  1089 W ASH     : @ 19813.021: touch gesture: no valid gesture detected
--------- switch to events
04-17 06:51:23.405371  2612  2694 I commit_sys_config_file: [batterystats,5]
--------- switch to main
04-17 06:51:23.406765   984  1089 W ASH     : @ 19813.086: touch gesture: no valid gesture detected
--------- switch to events
04-17 06:51:23.407703  2612  2694 I commit_sys_config_file: [batterystats,2]
--------- switch to main
04-17 06:51:23.473229   984  1089 W ASH     : @ 19813.150: touch gesture: no valid gesture detected
04-17 06:51:23.536666   984  1089 W ASH     : @ 19813.215: touch gesture: no valid gesture detected
04-17 06:51:23.602587   984  1089 W ASH     : @ 19813.279: touch gesture: no valid gesture detected
04-17 06:51:23.667618   984  1089 W ASH     : @ 19813.344: touch gesture: no valid gesture detected
04-17 06:51:23.732084   984  1089 W ASH     : @ 19813.408: touch gesture: no valid gesture detected
04-17 06:51:23.796475   984  1089 W ASH     : @ 19813.473: touch gesture: no valid gesture detected
04-17 06:51:23.860977   984  1089 W ASH     : @ 19813.537: touch gesture: no valid gesture detected
04-17 06:51:23.925073   984  1089 W ASH     : @ 19813.602: touch gesture: no valid gesture detected
04-17 06:51:23.989638   984  1089 W ASH     : @ 19813.666: touch gesture: no valid gesture detected
04-17 06:51:24.054449   984  1089 W ASH     : @ 19813.731: touch gesture: no valid gesture detected
04-17 06:51:24.118413   984  1089 W ASH     : @ 19813.796: touch gesture: no valid gesture detected
04-17 06:51:24.183180   984  1089 W ASH     : @ 19813.860: touch gesture: no valid gesture detected
04-17 06:51:24.247771   984  1089 W ASH     : @ 19813.925: touch gesture: no valid gesture detected
04-17 06:51:24.312420   984  1089 W ASH     : @ 19813.989: touch gesture: no valid gesture detected
04-17 06:51:24.376883   984  1089 W ASH     : @ 19814.054: touch gesture: no valid gesture detected
04-17 06:51:24.441628   984  1089 W ASH     : @ 19814.118: touch gesture: no valid gesture detected
04-17 06:51:24.506069   984  1089 W ASH     : @ 19814.183: touch gesture: no valid gesture detected
04-17 06:51:24.570380   984  1089 W ASH     : @ 19814.247: touch gesture: no valid gesture detected
04-17 06:51:24.635288   984  1089 W ASH     : @ 19814.312: touch gesture: no valid gesture detected
04-17 06:51:24.699851   984  1089 W ASH     : @ 19814.376: touch gesture: no valid gesture detected
04-17 06:51:24.764258   984  1089 W ASH     : @ 19814.441: touch gesture: no valid gesture detected
04-17 06:51:24.828868   984  1089 W ASH     : @ 19814.505: touch gesture: no valid gesture detected
04-17 06:51:24.892843   984  1089 W ASH     : @ 19814.570: touch gesture: no valid gesture detected
04-17 06:51:24.956486   984  1089 W ASH     : @ 19814.634: touch gesture: no valid gesture detected
04-17 06:51:25.021715   984  1089 W ASH     : @ 19814.699: touch gesture: no valid gesture detected
04-17 06:51:25.086378   984  1089 W ASH     : @ 19814.763: touch gesture: no valid gesture detected
04-17 06:51:25.151013   984  1089 W ASH     : @ 19814.828: touch gesture: no valid gesture detected
04-17 06:51:25.215858   984  1089 W ASH     : @ 19814.892: touch gesture: no valid gesture detected
04-17 06:51:25.279895   984  1089 W ASH     : @ 19814.957: touch gesture: no valid gesture detected
04-17 06:51:25.344630   984  1089 W ASH     : @ 19815.021: touch gesture: no valid gesture detected
04-17 06:51:25.409321   984  1089 W ASH     : @ 19815.086: touch gesture: no valid gesture detected
04-17 06:51:25.473056   984  1089 W ASH     : @ 19815.150: touch gesture: no valid gesture detected
04-17 06:51:25.538117   984  1089 W ASH     : @ 19815.215: touch gesture: no valid gesture detected
04-17 06:51:25.602880   984  1089 W ASH     : @ 19815.279: touch gesture: no valid gesture detected
04-17 06:51:25.666937   984  1089 W ASH     : @ 19815.344: touch gesture: no valid gesture detected
04-17 06:51:25.731946   984  1089 W ASH     : @ 19815.408: touch gesture: no valid gesture detected
04-17 06:51:25.796555   984  1089 W ASH     : @ 19815.473: touch gesture: no valid gesture detected
04-17 06:51:25.861165   984  1089 W ASH     : @ 19815.537: touch gesture: no valid gesture detected
04-17 06:51:25.925214   984  1089 W ASH     : @ 19815.602: touch gesture: no valid gesture detected
04-17 06:51:25.989676   984  1089 W ASH     : @ 19815.666: touch gesture: no valid gesture detected
04-17 06:51:26.054436   984  1089 W ASH     : @ 19815.731: touch gesture: no valid gesture detected
04-17 06:51:26.118940   984  1089 W ASH     : @ 19815.796: touch gesture: no valid gesture detected
04-17 06:51:26.183317   984  1089 W ASH     : @ 19815.860: touch gesture: no valid gesture detected
04-17 06:51:26.247845   984  1089 W ASH     : @ 19815.925: touch gesture: no valid gesture detected
04-17 06:51:26.311394   984  1089 W ASH     : @ 19815.989: touch gesture: no valid gesture detected
04-17 06:51:26.376854   984  1089 W ASH     : @ 19816.054: touch gesture: no valid gesture detected
04-17 06:51:26.441242   984  1089 W ASH     : @ 19816.118: touch gesture: no valid gesture detected
04-17 06:51:26.504125   984  1089 W ASH     : @ 19816.183: touch gesture: no valid gesture detected
04-17 06:51:26.570367   984  1089 W ASH     : @ 19816.247: touch gesture: no valid gesture detected
04-17 06:51:26.634574   984  1089 W ASH     : @ 19816.312: touch gesture: no valid gesture detected
04-17 06:51:26.699061   984  1089 W ASH     : @ 19816.376: touch gesture: no valid gesture detected
04-17 06:51:26.764008   984  1089 W ASH     : @ 19816.441: touch gesture: no valid gesture detected
04-17 06:51:26.828118   984  1089 W ASH     : @ 19816.505: touch gesture: no valid gesture detected
04-17 06:51:26.892575   984  1089 W ASH     : @ 19816.569: touch gesture: no valid gesture detected
04-17 06:51:26.957452   984  1089 W ASH     : @ 19816.634: touch gesture: no valid gesture detected
04-17 06:51:27.021756   984  1089 W ASH     : @ 19816.699: touch gesture: no valid gesture detected
04-17 06:51:27.086624   984  1089 W ASH     : @ 19816.763: touch gesture: no valid gesture detected
04-17 06:51:27.151049   984  1089 W ASH     : @ 19816.828: touch gesture: no valid gesture detected
04-17 06:51:27.215655   984  1089 W ASH     : @ 19816.892: touch gesture: no valid gesture detected
04-17 06:51:27.279743   984  1089 W ASH     : @ 19816.957: touch gesture: no valid gesture detected
04-17 06:51:27.344682   984  1089 W ASH     : @ 19817.021: touch gesture: no valid gesture detected
04-17 06:51:27.408837   984  1089 W ASH     : @ 19817.086: touch gesture: no valid gesture detected
04-17 06:51:27.473620   984  1089 W ASH     : @ 19817.150: touch gesture: no valid gesture detected
04-17 06:51:27.538390   984  1089 W ASH     : @ 19817.215: touch gesture: no valid gesture detected
04-17 06:51:27.602482   984  1089 W ASH     : @ 19817.279: touch gesture: no valid gesture detected
04-17 06:51:27.667520   984  1089 W ASH     : @ 19817.344: touch gesture: no valid gesture detected
04-17 06:51:27.731559   984  1089 W ASH     : @ 19817.408: touch gesture: no valid gesture detected
04-17 06:51:27.796196   984  1089 W ASH     : @ 19817.473: touch gesture: no valid gesture detected
04-17 06:51:27.860955   984  1089 W ASH     : @ 19817.537: touch gesture: no valid gesture detected
04-17 06:51:27.925093   984  1089 W ASH     : @ 19817.602: touch gesture: no valid gesture detected
04-17 06:51:27.989530   984  1089 W ASH     : @ 19817.666: touch gesture: no valid gesture detected
04-17 06:51:28.054062   984  1089 W ASH     : @ 19817.731: touch gesture: no valid gesture detected
04-17 06:51:28.118692   984  1089 W ASH     : @ 19817.795: touch gesture: no valid gesture detected
04-17 06:51:28.183454   984  1089 W ASH     : @ 19817.860: touch gesture: no valid gesture detected
04-17 06:51:28.247822   984  1089 W ASH     : @ 19817.924: touch gesture: no valid gesture detected
04-17 06:51:28.311341   984  1089 W ASH     : @ 19817.989: touch gesture: no valid gesture detected
04-17 06:51:28.376795   984  1089 W ASH     : @ 19818.054: touch gesture: no valid gesture detected
04-17 06:51:28.441356   984  1089 W ASH     : @ 19818.118: touch gesture: no valid gesture detected
04-17 06:51:28.505586   984  1089 W ASH     : @ 19818.183: touch gesture: no valid gesture detected
04-17 06:51:28.570597   984  1089 W ASH     : @ 19818.247: touch gesture: no valid gesture detected
04-17 06:51:28.635073   984  1089 W ASH     : @ 19818.312: touch gesture: no valid gesture detected
04-17 06:51:28.699043   984  1089 W ASH     : @ 19818.376: touch gesture: no valid gesture detected
04-17 06:51:28.764471   984  1089 W ASH     : @ 19818.441: touch gesture: no valid gesture detected
04-17 06:51:28.828658   984  1089 W ASH     : @ 19818.506: touch gesture: no valid gesture detected
04-17 06:51:28.892772   984  1089 W ASH     : @ 19818.570: touch gesture: no valid gesture detected
04-17 06:51:28.958013   984  1089 W ASH     : @ 19818.635: touch gesture: no valid gesture detected
04-17 06:51:29.022290   984  1089 W ASH     : @ 19818.699: touch gesture: no valid gesture detected
04-17 06:51:29.086753   984  1089 W ASH     : @ 19818.764: touch gesture: no valid gesture detected
04-17 06:51:29.151803   984  1089 W ASH     : @ 19818.828: touch gesture: no valid gesture detected
04-17 06:51:29.216100   984  1089 W ASH     : @ 19818.893: touch gesture: no valid gesture detected
04-17 06:51:29.280376   984  1089 W ASH     : @ 19818.957: touch gesture: no valid gesture detected
04-17 06:51:29.344884   984  1089 W ASH     : @ 19819.022: touch gesture: no valid gesture detected
04-17 06:51:29.409735   984  1089 W ASH     : @ 19819.086: touch gesture: no valid gesture detected
04-17 06:51:29.474445   984  1089 W ASH     : @ 19819.151: touch gesture: no valid gesture detected
04-17 06:51:29.538515   984  1089 W ASH     : @ 19819.216: touch gesture: no valid gesture detected
04-17 06:51:29.603120   984  1089 W ASH     : @ 19819.280: touch gesture: no valid gesture detected
04-17 06:51:29.668038   984  1089 W ASH     : @ 19819.345: touch gesture: no valid gesture detected
04-17 06:51:29.732330   984  1089 W ASH     : @ 19819.409: touch gesture: no valid gesture detected
04-17 06:51:29.797584   984  1089 W ASH     : @ 19819.474: touch gesture: no valid gesture detected
04-17 06:51:29.861803   984  1089 W ASH     : @ 19819.538: touch gesture: no valid gesture detected
04-17 06:51:29.926542   984  1089 W ASH     : @ 19819.603: touch gesture: no valid gesture detected
04-17 06:51:29.991110   984  1089 W ASH     : @ 19819.668: touch gesture: no valid gesture detected
04-17 06:51:30.055763   984  1089 W ASH     : @ 19819.732: touch gesture: no valid gesture detected
04-17 06:51:30.119853   984  1089 W ASH     : @ 19819.797: touch gesture: no valid gesture detected
04-17 06:51:30.184334   984  1089 W ASH     : @ 19819.861: touch gesture: no valid gesture detected
04-17 06:51:30.248951   984  1089 W ASH     : @ 19819.926: touch gesture: no valid gesture detected
04-17 06:51:30.313610   984  1089 W ASH     : @ 19819.990: touch gesture: no valid gesture detected
04-17 06:51:30.377942   984  1089 W ASH     : @ 19820.055: touch gesture: no valid gesture detected
04-17 06:51:30.442779   984  1089 W ASH     : @ 19820.120: touch gesture: no valid gesture detected
04-17 06:51:30.507438   984  1089 W ASH     : @ 19820.184: touch gesture: no valid gesture detected
04-17 06:51:30.513647   990  1023 D rlsservice: MonitorDisplayStatus client num 0, display status 0, sensor status 0
04-17 06:51:30.571895   984  1089 W ASH     : @ 19820.249: touch gesture: no valid gesture detected
04-17 06:51:30.636590   984  1089 W ASH     : @ 19820.313: touch gesture: no valid gesture detected
04-17 06:51:30.700927   984  1089 W ASH     : @ 19820.378: touch gesture: no valid gesture detected
04-17 06:51:30.765867   984  1089 W ASH     : @ 19820.443: touch gesture: no valid gesture detected
04-17 06:51:30.830238   984  1089 W ASH     : @ 19820.507: touch gesture: no valid gesture detected
04-17 06:51:30.894844   984  1089 W ASH     : @ 19820.572: touch gesture: no valid gesture detected
04-17 06:51:30.934632   973   973 I android.hardware.health@2.1-service: Recording a sample at time 19807
--------- switch to kernel
04-17 06:51:30.936346     0     0 W         : c0    973 healthd: battery l=100 v=4436 t=22.8 h=2 st=5 c=7019 fc=3349000 cc=353 chg=u
--------- switch to main
04-17 06:51:30.957630   984  1089 W ASH     : @ 19820.636: touch gesture: no valid gesture detected
04-17 06:51:31.024054   984  1089 W ASH     : @ 19820.701: touch gesture: no valid gesture detected
04-17 06:51:31.088241   984  1089 W ASH     : @ 19820.765: touch gesture: no valid gesture detected
04-17 06:51:31.152838   984  1089 W ASH     : @ 19820.830: touch gesture: no valid gesture detected
04-17 06:51:31.216188   984  1089 W ASH     : @ 19820.894: touch gesture: no valid gesture detected
04-17 06:51:31.281863   984  1089 W ASH     : @ 19820.959: touch gesture: no valid gesture detected
04-17 06:51:31.346231   984  1089 W ASH     : @ 19821.023: touch gesture: no valid gesture detected
04-17 06:51:31.411242   984  1089 W ASH     : @ 19821.088: touch gesture: no valid gesture detected
04-17 06:51:31.475315   984  1089 W ASH     : @ 19821.152: touch gesture: no valid gesture detected
04-17 06:51:31.540147   984  1089 W ASH     : @ 19821.217: touch gesture: no valid gesture detected
04-17 06:51:31.604408   984  1089 W ASH     : @ 19821.281: touch gesture: no valid gesture detected
04-17 06:51:31.669113   984  1089 W ASH     : @ 19821.346: touch gesture: no valid gesture detected
04-17 06:51:31.734218   984  1089 W ASH     : @ 19821.411: touch gesture: no valid gesture detected
04-17 06:51:31.798520   984  1089 W ASH     : @ 19821.475: touch gesture: no valid gesture detected
04-17 06:51:31.862987   984  1089 W ASH     : @ 19821.540: touch gesture: no valid gesture detected
04-17 06:51:31.927552   984  1089 W ASH     : @ 19821.604: touch gesture: no valid gesture detected
04-17 06:51:31.991944   984  1089 W ASH     : @ 19821.669: touch gesture: no valid gesture detected
04-17 06:51:32.056925   984  1089 W ASH     : @ 19821.734: touch gesture: no valid gesture detected
04-17 06:51:32.121212   984  1089 W ASH     : @ 19821.798: touch gesture: no valid gesture detected
04-17 06:51:32.185683   984  1089 W ASH     : @ 19821.863: touch gesture: no valid gesture detected
04-17 06:51:32.250036   984  1089 W ASH     : @ 19821.927: touch gesture: no valid gesture detected
04-17 06:51:32.313570   984  1089 W ASH     : @ 19821.992: touch gesture: no valid gesture detected
--------- switch to kernel
04-17 06:51:32.352835     0     0 I         : c2   5458 qcom_rpmh DRV:apps_rsc TCS Busy, retrying RPMH message send: addr=0x30000
--------- switch to main
04-17 06:51:32.379182   984  1089 W ASH     : @ 19822.056: touch gesture: no valid gesture detected
04-17 06:51:32.443793   984  1089 W ASH     : @ 19822.121: touch gesture: no valid gesture detected
04-17 06:51:32.508018   984  1089 W ASH     : @ 19822.185: touch gesture: no valid gesture detected
04-17 06:51:32.572711   984  1089 W ASH     : @ 19822.250: touch gesture: no valid gesture detected
04-17 06:51:32.637339   984  1089 W ASH     : @ 19822.314: touch gesture: no valid gesture detected
04-17 06:51:32.701685   984  1089 W ASH     : @ 19822.379: touch gesture: no valid gesture detected
04-17 06:51:32.766663   984  1089 W ASH     : @ 19822.443: touch gesture: no valid gesture detected
04-17 06:51:32.831076   984  1089 W ASH     : @ 19822.508: touch gesture: no valid gesture detected
04-17 06:51:32.895193   984  1089 W ASH     : @ 19822.572: touch gesture: no valid gesture detected
04-17 06:51:32.959719   984  1089 W ASH     : @ 19822.637: touch gesture: no valid gesture detected
04-17 06:51:33.025013   984  1089 W ASH     : @ 19822.701: touch gesture: no valid gesture detected
04-17 06:51:33.088779   984  1089 W ASH     : @ 19822.766: touch gesture: no valid gesture detected
04-17 06:51:33.153218   984  1089 W ASH     : @ 19822.830: touch gesture: no valid gesture detected
04-17 06:51:33.217996   984  1089 W ASH     : @ 19822.895: touch gesture: no valid gesture detected
