04-17 09:23:47.280706   984  1089 W ASH     : @ 28956.956: touch gesture: no valid gesture detected
04-17 09:23:47.345033   984  1089 W ASH     : @ 28957.021: touch gesture: no valid gesture detected
04-17 09:23:47.409449   984  1089 W ASH     : @ 28957.085: touch gesture: no valid gesture detected
04-17 09:23:47.473582   984  1089 W ASH     : @ 28957.150: touch gesture: no valid gesture detected
04-17 09:23:47.537024   984  1089 W ASH     : @ 28957.214: touch gesture: no valid gesture detected
04-17 09:23:47.602719   984  1089 W ASH     : @ 28957.279: touch gesture: no valid gesture detected
04-17 09:23:47.667629   984  1089 W ASH     : @ 28957.343: touch gesture: no valid gesture detected
04-17 09:23:47.732115   984  1089 W ASH     : @ 28957.408: touch gesture: no valid gesture detected
04-17 09:23:47.796857   984  1089 W ASH     : @ 28957.473: touch gesture: no valid gesture detected
04-17 09:23:47.859841   984  1089 W ASH     : @ 28957.537: touch gesture: no valid gesture detected
04-17 09:23:47.925859   984  1089 W ASH     : @ 28957.602: touch gesture: no valid gesture detected
04-17 09:23:47.990487   984  1089 W ASH     : @ 28957.666: touch gesture: no valid gesture detected
04-17 09:23:48.054790   984  1089 W ASH     : @ 28957.731: touch gesture: no valid gesture detected
04-17 09:23:48.119709   984  1089 W ASH     : @ 28957.795: touch gesture: no valid gesture detected
04-17 09:23:48.183897   984  1089 W ASH     : @ 28957.860: touch gesture: no valid gesture detected
04-17 09:23:48.248669   984  1089 W ASH     : @ 28957.924: touch gesture: no valid gesture detected
04-17 09:23:48.313153   984  1089 W ASH     : @ 28957.989: touch gesture: no valid gesture detected
04-17 09:23:48.377509   984  1089 W ASH     : @ 28958.053: touch gesture: no valid gesture detected
04-17 09:23:48.442118   984  1089 W ASH     : @ 28958.118: touch gesture: no valid gesture detected
04-17 09:23:48.506531   984  1089 W ASH     : @ 28958.183: touch gesture: no valid gesture detected
04-17 09:23:48.570892   984  1089 W ASH     : @ 28958.247: touch gesture: no valid gesture detected
04-17 09:23:48.635857   984  1089 W ASH     : @ 28958.312: touch gesture: no valid gesture detected
04-17 09:23:48.700485   984  1089 W ASH     : @ 28958.376: touch gesture: no valid gesture detected
04-17 09:23:48.764887   984  1089 W ASH     : @ 28958.441: touch gesture: no valid gesture detected
04-17 09:23:48.829224   984  1089 W ASH     : @ 28958.505: touch gesture: no valid gesture detected
04-17 09:23:48.893705   984  1089 W ASH     : @ 28958.570: touch gesture: no valid gesture detected
04-17 09:23:48.958495   984  1089 W ASH     : @ 28958.634: touch gesture: no valid gesture detected
04-17 09:23:49.023237   984  1089 W ASH     : @ 28958.699: touch gesture: no valid gesture detected
04-17 09:23:49.087666   984  1089 W ASH     : @ 28958.764: touch gesture: no valid gesture detected
04-17 09:23:49.152103   984  1089 W ASH     : @ 28958.828: touch gesture: no valid gesture detected
04-17 09:23:49.216717   984  1089 W ASH     : @ 28958.893: touch gesture: no valid gesture detected
04-17 09:23:49.281382   984  1089 W ASH     : @ 28958.957: touch gesture: no valid gesture detected
04-17 09:23:49.345923   984  1089 W ASH     : @ 28959.022: touch gesture: no valid gesture detected
04-17 09:23:49.410663   984  1089 W ASH     : @ 28959.087: touch gesture: no valid gesture detected
04-17 09:23:49.475055   984  1089 W ASH     : @ 28959.151: touch gesture: no valid gesture detected
04-17 09:23:49.539887   984  1089 W ASH     : @ 28959.216: touch gesture: no valid gesture detected
04-17 09:23:49.604433   984  1089 W ASH     : @ 28959.280: touch gesture: no valid gesture detected
04-17 09:23:49.669401   984  1089 W ASH     : @ 28959.345: touch gesture: no valid gesture detected
04-17 09:23:49.733319   984  1089 W ASH     : @ 28959.409: touch gesture: no valid gesture detected
04-17 09:23:49.798243   984  1089 W ASH     : @ 28959.474: touch gesture: no valid gesture detected
04-17 09:23:49.863145   984  1089 W ASH     : @ 28959.539: touch gesture: no valid gesture detected
04-17 09:23:49.927824   984  1089 W ASH     : @ 28959.603: touch gesture: no valid gesture detected
04-17 09:23:49.992460   984  1089 W ASH     : @ 28959.668: touch gesture: no valid gesture detected
04-17 09:23:50.056791   984  1089 W ASH     : @ 28959.732: touch gesture: no valid gesture detected
04-17 09:23:50.121520   984  1089 W ASH     : @ 28959.797: touch gesture: no valid gesture detected
04-17 09:23:50.186507   984  1089 W ASH     : @ 28959.862: touch gesture: no valid gesture detected
04-17 09:23:50.250051   984  1089 W ASH     : @ 28959.926: touch gesture: no valid gesture detected
04-17 09:23:50.315330   984  1089 W ASH     : @ 28959.991: touch gesture: no valid gesture detected
04-17 09:23:50.380074   984  1089 W ASH     : @ 28960.056: touch gesture: no valid gesture detected
04-17 09:23:50.444308   984  1089 W ASH     : @ 28960.120: touch gesture: no valid gesture detected
04-17 09:23:50.509025   984  1089 W ASH     : @ 28960.185: touch gesture: no valid gesture detected
04-17 09:23:50.574454   984  1089 W ASH     : @ 28960.250: touch gesture: no valid gesture detected
04-17 09:23:50.638373   984  1089 W ASH     : @ 28960.314: touch gesture: no valid gesture detected
04-17 09:23:50.702790   984  1089 W ASH     : @ 28960.379: touch gesture: no valid gesture detected
04-17 09:23:50.766566   984  1089 W ASH     : @ 28960.443: touch gesture: no valid gesture detected
04-17 09:23:50.832295   984  1089 W ASH     : @ 28960.508: touch gesture: no valid gesture detected
04-17 09:23:50.896815   984  1089 W ASH     : @ 28960.573: touch gesture: no valid gesture detected
04-17 09:23:50.961455   984  1089 W ASH     : @ 28960.637: touch gesture: no valid gesture detected
04-17 09:23:51.026442   984  1089 W ASH     : @ 28960.702: touch gesture: no valid gesture detected
04-17 09:23:51.090416   984  1089 W ASH     : @ 28960.767: touch gesture: no valid gesture detected
04-17 09:23:51.155119   984  1089 W ASH     : @ 28960.831: touch gesture: no valid gesture detected
04-17 09:23:51.220112   984  1089 W ASH     : @ 28960.896: touch gesture: no valid gesture detected
04-17 09:23:51.284989   984  1089 W ASH     : @ 28960.960: touch gesture: no valid gesture detected
04-17 09:23:51.349349   984  1089 W ASH     : @ 28961.025: touch gesture: no valid gesture detected
04-17 09:23:51.414087   984  1089 W ASH     : @ 28961.090: touch gesture: no valid gesture detected
04-17 09:23:51.478643   984  1089 W ASH     : @ 28961.154: touch gesture: no valid gesture detected
04-17 09:23:51.542602   984  1089 W ASH     : @ 28961.219: touch gesture: no valid gesture detected
--------- switch to kernel
04-17 09:23:51.549513     0     0 I         : c1   5639 qcom_rpmh DRV:apps_rsc TCS Busy, retrying RPMH message send: addr=0x30000
--------- switch to main
04-17 09:23:51.607719   984  1089 W ASH     : @ 28961.284: touch gesture: no valid gesture detected
04-17 09:23:51.672275   984  1089 W ASH     : @ 28961.348: touch gesture: no valid gesture detected
04-17 09:23:51.736950   984  1089 W ASH     : @ 28961.413: touch gesture: no valid gesture detected
04-17 09:23:51.801443   984  1089 W ASH     : @ 28961.477: touch gesture: no valid gesture detected
04-17 09:23:51.866126   984  1089 W ASH     : @ 28961.542: touch gesture: no valid gesture detected
04-17 09:23:51.930899   984  1089 W ASH     : @ 28961.607: touch gesture: no valid gesture detected
04-17 09:23:51.995627   984  1089 W ASH     : @ 28961.671: touch gesture: no valid gesture detected
04-17 09:23:52.060130   984  1089 W ASH     : @ 28961.736: touch gesture: no valid gesture detected
04-17 09:23:52.123170   984  1089 W ASH     : @ 28961.800: touch gesture: no valid gesture detected
04-17 09:23:52.188964   984  1089 W ASH     : @ 28961.865: touch gesture: no valid gesture detected
04-17 09:23:52.253826   984  1089 W ASH     : @ 28961.930: touch gesture: no valid gesture detected
04-17 09:23:52.318518   984  1089 W ASH     : @ 28961.994: touch gesture: no valid gesture detected
04-17 09:23:52.383144   984  1089 W ASH     : @ 28962.059: touch gesture: no valid gesture detected
04-17 09:23:52.447520   984  1089 W ASH     : @ 28962.124: touch gesture: no valid gesture detected
04-17 09:23:52.512131   984  1089 W ASH     : @ 28962.188: touch gesture: no valid gesture detected
04-17 09:23:52.577191   984  1089 W ASH     : @ 28962.253: touch gesture: no valid gesture detected
04-17 09:23:52.641298   984  1089 W ASH     : @ 28962.317: touch gesture: no valid gesture detected
04-17 09:23:52.706170   984  1089 W ASH     : @ 28962.382: touch gesture: no valid gesture detected
04-17 09:23:52.769951   984  1089 W ASH     : @ 28962.447: touch gesture: no valid gesture detected
04-17 09:23:52.835347   984  1089 W ASH     : @ 28962.511: touch gesture: no valid gesture detected
04-17 09:23:52.899887   984  1089 W ASH     : @ 28962.576: touch gesture: no valid gesture detected
04-17 09:23:52.964442   984  1089 W ASH     : @ 28962.640: touch gesture: no valid gesture detected
04-17 09:23:53.028810   984  1089 W ASH     : @ 28962.705: touch gesture: no valid gesture detected
04-17 09:23:53.093639   984  1089 W ASH     : @ 28962.770: touch gesture: no valid gesture detected
04-17 09:23:53.158047   984  1089 W ASH     : @ 28962.834: touch gesture: no valid gesture detected
04-17 09:23:53.223150   984  1089 W ASH     : @ 28962.899: touch gesture: no valid gesture detected
04-17 09:23:53.287218   984  1089 W ASH     : @ 28962.963: touch gesture: no valid gesture detected
04-17 09:23:53.351728   984  1089 W ASH     : @ 28963.028: touch gesture: no valid gesture detected
04-17 09:23:53.416622   984  1089 W ASH     : @ 28963.093: touch gesture: no valid gesture detected
04-17 09:23:53.481201   984  1089 W ASH     : @ 28963.157: touch gesture: no valid gesture detected
04-17 09:23:53.545584   984  1089 W ASH     : @ 28963.222: touch gesture: no valid gesture detected
04-17 09:23:53.610176   984  1089 W ASH     : @ 28963.286: touch gesture: no valid gesture detected
04-17 09:23:53.674958   984  1089 W ASH     : @ 28963.351: touch gesture: no valid gesture detected
04-17 09:23:53.739237   984  1089 W ASH     : @ 28963.415: touch gesture: no valid gesture detected
04-17 09:23:53.803811   984  1089 W ASH     : @ 28963.480: touch gesture: no valid gesture detected
04-17 09:23:53.868532   984  1089 W ASH     : @ 28963.544: touch gesture: no valid gesture detected
04-17 09:23:53.933243   984  1089 W ASH     : @ 28963.609: touch gesture: no valid gesture detected
04-17 09:23:53.997669   984  1089 W ASH     : @ 28963.674: touch gesture: no valid gesture detected
04-17 09:23:54.062364   984  1089 W ASH     : @ 28963.738: touch gesture: no valid gesture detected
04-17 09:23:54.125890   984  1089 W ASH     : @ 28963.803: touch gesture: no valid gesture detected
04-17 09:23:54.191471   984  1089 W ASH     : @ 28963.867: touch gesture: no valid gesture detected
04-17 09:23:54.255851   984  1089 W ASH     : @ 28963.932: touch gesture: no valid gesture detected
04-17 09:23:54.320273   984  1089 W ASH     : @ 28963.996: touch gesture: no valid gesture detected
04-17 09:23:54.385168   984  1089 W ASH     : @ 28964.061: touch gesture: no valid gesture detected
04-17 09:23:54.449355   984  1089 W ASH     : @ 28964.125: touch gesture: no valid gesture detected
04-17 09:23:54.512463   984  1089 W ASH     : @ 28964.190: touch gesture: no valid gesture detected
04-17 09:23:54.578842   984  1089 W ASH     : @ 28964.255: touch gesture: no valid gesture detected
04-17 09:23:54.643078   984  1089 W ASH     : @ 28964.319: touch gesture: no valid gesture detected
04-17 09:23:54.707763   984  1089 W ASH     : @ 28964.384: touch gesture: no valid gesture detected
04-17 09:23:54.772390   984  1089 W ASH     : @ 28964.448: touch gesture: no valid gesture detected
04-17 09:23:54.836674   984  1089 W ASH     : @ 28964.513: touch gesture: no valid gesture detected
04-17 09:23:54.901352   984  1089 W ASH     : @ 28964.577: touch gesture: no valid gesture detected
04-17 09:23:54.966149   984  1089 W ASH     : @ 28964.642: touch gesture: no valid gesture detected
04-17 09:23:55.030380   984  1089 W ASH     : @ 28964.706: touch gesture: no valid gesture detected
04-17 09:23:55.094906   984  1089 W ASH     : @ 28964.771: touch gesture: no valid gesture detected
04-17 09:23:55.159483   984  1089 W ASH     : @ 28964.835: touch gesture: no valid gesture detected
04-17 09:23:55.224049   984  1089 W ASH     : @ 28964.900: touch gesture: no valid gesture detected
04-17 09:23:55.288811   984  1089 W ASH     : @ 28964.964: touch gesture: no valid gesture detected
04-17 09:23:55.353570   984  1089 W ASH     : @ 28965.029: touch gesture: no valid gesture detected
04-17 09:23:55.417319   984  1089 W ASH     : @ 28965.093: touch gesture: no valid gesture detected
04-17 09:23:55.481961   984  1089 W ASH     : @ 28965.158: touch gesture: no valid gesture detected
04-17 09:23:55.546777   984  1089 W ASH     : @ 28965.222: touch gesture: no valid gesture detected
04-17 09:23:55.610664   984  1089 W ASH     : @ 28965.287: touch gesture: no valid gesture detected
04-17 09:23:55.675443   984  1089 W ASH     : @ 28965.351: touch gesture: no valid gesture detected
04-17 09:23:55.740146   984  1089 W ASH     : @ 28965.416: touch gesture: no valid gesture detected
04-17 09:23:55.804286   984  1089 W ASH     : @ 28965.480: touch gesture: no valid gesture detected
04-17 09:23:55.868984   984  1089 W ASH     : @ 28965.545: touch gesture: no valid gesture detected
04-17 09:23:55.933285   984  1089 W ASH     : @ 28965.609: touch gesture: no valid gesture detected
04-17 09:23:55.997648   984  1089 W ASH     : @ 28965.674: touch gesture: no valid gesture detected
04-17 09:23:56.062155   984  1089 W ASH     : @ 28965.738: touch gesture: no valid gesture detected
04-17 09:23:56.126351   984  1089 W ASH     : @ 28965.803: touch gesture: no valid gesture detected
04-17 09:23:56.191345   984  1089 W ASH     : @ 28965.867: touch gesture: no valid gesture detected
04-17 09:23:56.256106   984  1089 W ASH     : @ 28965.932: touch gesture: no valid gesture detected
04-17 09:23:56.320773   984  1089 W ASH     : @ 28965.997: touch gesture: no valid gesture detected
04-17 09:23:56.385456   984  1089 W ASH     : @ 28966.061: touch gesture: no valid gesture detected
04-17 09:23:56.449887   984  1089 W ASH     : @ 28966.126: touch gesture: no valid gesture detected
04-17 09:23:56.514643   984  1089 W ASH     : @ 28966.190: touch gesture: no valid gesture detected
04-17 09:23:56.579105   984  1089 W ASH     : @ 28966.255: touch gesture: no valid gesture detected
04-17 09:23:56.643395   984  1089 W ASH     : @ 28966.319: touch gesture: no valid gesture detected
--------- switch to kernel
04-17 09:23:56.672350     0     0 I         : c4   5654 qcom_rpmh DRV:apps_rsc TCS Busy, retrying RPMH message send: addr=0x30000
04-17 09:23:56.672413     0     0 I         : c4   5654 qcom_rpmh DRV:apps_rsc TCS Busy, retrying RPMH message send: addr=0x30000
--------- switch to main
04-17 09:23:56.708083   984  1089 W ASH     : @ 28966.384: touch gesture: no valid gesture detected
04-17 09:23:56.773053   984  1089 W ASH     : @ 28966.449: touch gesture: no valid gesture detected
04-17 09:23:56.837166   984  1089 W ASH     : @ 28966.513: touch gesture: no valid gesture detected
04-17 09:23:56.901824   984  1089 W ASH     : @ 28966.578: touch gesture: no valid gesture detected
04-17 09:23:56.966643   984  1089 W ASH     : @ 28966.642: touch gesture: no valid gesture detected
04-17 09:23:57.029721   984  1089 W ASH     : @ 28966.707: touch gesture: no valid gesture detected
04-17 09:23:57.095108   984  1089 W ASH     : @ 28966.771: touch gesture: no valid gesture detected
04-17 09:23:57.160470   984  1089 W ASH     : @ 28966.836: touch gesture: no valid gesture detected
04-17 09:23:57.224972   984  1089 W ASH     : @ 28966.901: touch gesture: no valid gesture detected
04-17 09:23:57.289242   984  1089 W ASH     : @ 28966.965: touch gesture: no valid gesture detected
04-17 09:23:57.354034   984  1089 W ASH     : @ 28967.030: touch gesture: no valid gesture detected
04-17 09:23:57.418377   984  1089 W ASH     : @ 28967.094: touch gesture: no valid gesture detected
04-17 09:23:57.482552   984  1089 W ASH     : @ 28967.158: touch gesture: no valid gesture detected
04-17 09:23:57.547392   984  1089 W ASH     : @ 28967.223: touch gesture: no valid gesture detected
04-17 09:23:57.611955   984  1089 W ASH     : @ 28967.288: touch gesture: no valid gesture detected
04-17 09:23:57.676502   984  1089 W ASH     : @ 28967.352: touch gesture: no valid gesture detected
04-17 09:23:57.741277   984  1089 W ASH     : @ 28967.417: touch gesture: no valid gesture detected
04-17 09:23:57.805128   984  1089 W ASH     : @ 28967.481: touch gesture: no valid gesture detected
04-17 09:23:57.869732   984  1089 W ASH     : @ 28967.546: touch gesture: no valid gesture detected
04-17 09:23:57.934419   984  1089 W ASH     : @ 28967.610: touch gesture: no valid gesture detected
04-17 09:23:57.998949   984  1089 W ASH     : @ 28967.675: touch gesture: no valid gesture detected
04-17 09:23:58.063344   984  1089 W ASH     : @ 28967.739: touch gesture: no valid gesture detected
04-17 09:23:58.126611   984  1089 W ASH     : @ 28967.804: touch gesture: no valid gesture detected
04-17 09:23:58.193093   984  1089 W ASH     : @ 28967.869: touch gesture: no valid gesture detected
04-17 09:23:58.257267   984  1089 W ASH     : @ 28967.933: touch gesture: no valid gesture detected
04-17 09:23:58.322003   984  1089 W ASH     : @ 28967.998: touch gesture: no valid gesture detected
04-17 09:23:58.386752   984  1089 W ASH     : @ 28968.063: touch gesture: no valid gesture detected
04-17 09:23:58.451188   984  1089 W ASH     : @ 28968.127: touch gesture: no valid gesture detected
04-17 09:23:58.516437   984  1089 W ASH     : @ 28968.192: touch gesture: no valid gesture detected
04-17 09:23:58.580236   984  1089 W ASH     : @ 28968.256: touch gesture: no valid gesture detected
04-17 09:23:58.644996   984  1089 W ASH     : @ 28968.321: touch gesture: no valid gesture detected
04-17 09:23:58.709727   984  1089 W ASH     : @ 28968.385: touch gesture: no valid gesture detected
04-17 09:23:58.774042   984  1089 W ASH     : @ 28968.450: touch gesture: no valid gesture detected
04-17 09:23:58.838562   984  1089 W ASH     : @ 28968.515: touch gesture: no valid gesture detected
04-17 09:23:58.903309   984  1089 W ASH     : @ 28968.579: touch gesture: no valid gesture detected
04-17 09:23:58.967770   984  1089 W ASH     : @ 28968.644: touch gesture: no valid gesture detected
04-17 09:23:59.032457   984  1089 W ASH     : @ 28968.708: touch gesture: no valid gesture detected
04-17 09:23:59.097035   984  1089 W ASH     : @ 28968.773: touch gesture: no valid gesture detected
04-17 09:23:59.161556   984  1089 W ASH     : @ 28968.838: touch gesture: no valid gesture detected
04-17 09:23:59.226374   984  1089 W ASH     : @ 28968.902: touch gesture: no valid gesture detected
04-17 09:23:59.290600   984  1089 W ASH     : @ 28968.967: touch gesture: no valid gesture detected
04-17 09:23:59.355524   984  1089 W ASH     : @ 28969.031: touch gesture: no valid gesture detected
04-17 09:23:59.419954   984  1089 W ASH     : @ 28969.096: touch gesture: no valid gesture detected
04-17 09:23:59.484340   984  1089 W ASH     : @ 28969.160: touch gesture: no valid gesture detected
04-17 09:23:59.549061   984  1089 W ASH     : @ 28969.225: touch gesture: no valid gesture detected
04-17 09:23:59.613508   984  1089 W ASH     : @ 28969.290: touch gesture: no valid gesture detected
04-17 09:23:59.678169   984  1089 W ASH     : @ 28969.354: touch gesture: no valid gesture detected
04-17 09:23:59.743381   984  1089 W ASH     : @ 28969.419: touch gesture: no valid gesture detected
04-17 09:23:59.807710   984  1089 W ASH     : @ 28969.483: touch gesture: no valid gesture detected
04-17 09:23:59.872017   984  1089 W ASH     : @ 28969.548: touch gesture: no valid gesture detected
04-17 09:23:59.936801   984  1089 W ASH     : @ 28969.612: touch gesture: no valid gesture detected
04-17 09:24:00.001199   984  1089 W ASH     : @ 28969.677: touch gesture: no valid gesture detected
04-17 09:24:00.065607   984  1089 W ASH     : @ 28969.742: touch gesture: no valid gesture detected
04-17 09:24:00.130092   984  1089 W ASH     : @ 28969.806: touch gesture: no valid gesture detected
04-17 09:24:00.194561   984  1089 W ASH     : @ 28969.871: touch gesture: no valid gesture detected
04-17 09:24:00.259145   984  1089 W ASH     : @ 28969.935: touch gesture: no valid gesture detected
04-17 09:24:00.323860   984  1089 W ASH     : @ 28970.000: touch gesture: no valid gesture detected
04-17 09:24:00.388322   984  1089 W ASH     : @ 28970.064: touch gesture: no valid gesture detected
04-17 09:24:00.452821   984  1089 W ASH     : @ 28970.129: touch gesture: no valid gesture detected
04-17 09:24:00.517089   984  1089 W ASH     : @ 28970.193: touch gesture: no valid gesture detected
04-17 09:24:00.581783   984  1089 W ASH     : @ 28970.258: touch gesture: no valid gesture detected
04-17 09:24:00.646607   984  1089 W ASH     : @ 28970.322: touch gesture: no valid gesture detected
04-17 09:24:00.710834   984  1089 W ASH     : @ 28970.387: touch gesture: no valid gesture detected
04-17 09:24:00.775363   984  1089 W ASH     : @ 28970.451: touch gesture: no valid gesture detected
04-17 09:24:00.839725   984  1089 W ASH     : @ 28970.516: touch gesture: no valid gesture detected
04-17 09:24:00.904319   984  1089 W ASH     : @ 28970.580: touch gesture: no valid gesture detected
04-17 09:24:00.968966   984  1089 W ASH     : @ 28970.645: touch gesture: no valid gesture detected
04-17 09:24:01.033328   984  1089 W ASH     : @ 28970.709: touch gesture: no valid gesture detected
04-17 09:24:01.097815   984  1089 W ASH     : @ 28970.774: touch gesture: no valid gesture detected
04-17 09:24:01.140926   990  1023 D rlsservice: MonitorDisplayStatus client num 0, display status 0, sensor status 0
04-17 09:24:01.161478   984  1089 W ASH     : @ 28970.838: touch gesture: no valid gesture detected
--------- switch to events
04-17 09:24:01.189771  2612  2937 I commit_sys_config_file: [appops,28927828]
--------- switch to main
04-17 09:24:01.226654   984  1089 W ASH     : @ 28970.903: touch gesture: no valid gesture detected
--------- switch to kernel
04-17 09:24:01.238151     0     0 I         : c1   3740 qcom_rpmh DRV:apps_rsc TCS Busy, retrying RPMH message send: addr=0x50014
04-17 09:24:01.238210     0     0 I         : c1   3740 qcom_rpmh DRV:apps_rsc TCS Busy, retrying RPMH message send: addr=0x50014
04-17 09:24:01.238244     0     0 I         : c1   3740 qcom_rpmh DRV:apps_rsc TCS Busy, retrying RPMH message send: addr=0x50014
04-17 09:24:01.238267     0     0 I         : c2   5654 qcom_rpmh DRV:apps_rsc TCS Busy, retrying RPMH message send: addr=0x30000
04-17 09:24:01.238288     0     0 I         : c1   3740 qcom_rpmh DRV:apps_rsc TCS Busy, retrying RPMH message send: addr=0x50014
04-17 09:24:01.238320     0     0 I         : c2   5654 qcom_rpmh DRV:apps_rsc TCS Busy, retrying RPMH message send: addr=0x30000
04-17 09:24:01.238335     0     0 I         : c1   3740 qcom_rpmh DRV:apps_rsc TCS Busy, retrying RPMH message send: addr=0x50014
04-17 09:24:01.238358     0     0 I         : c1   3740 qcom_rpmh DRV:apps_rsc TCS Busy, retrying RPMH message send: addr=0x50014
--------- switch to main
04-17 09:24:01.291829   984  1089 W ASH     : @ 28970.968: touch gesture: no valid gesture detected
04-17 09:24:01.356454   984  1089 W ASH     : @ 28971.032: touch gesture: no valid gesture detected
04-17 09:24:01.420641   984  1089 W ASH     : @ 28971.097: touch gesture: no valid gesture detected
04-17 09:24:01.485413   984  1089 W ASH     : @ 28971.161: touch gesture: no valid gesture detected
04-17 09:24:01.549918   984  1089 W ASH     : @ 28971.226: touch gesture: no valid gesture detected
04-17 09:24:01.614831   984  1089 W ASH     : @ 28971.290: touch gesture: no valid gesture detected
--------- switch to radio
04-17 09:24:01.635855  3483  3483 D RILJ    : [0410]> GET_CELL_INFO_LIST [PHONE0]
--------- switch to main
04-17 09:24:01.677704   984  1089 W ASH     : @ 28971.355: touch gesture: no valid gesture detected
--------- switch to radio
04-17 09:24:01.694492  3483  3515 D RILJ    : [0410]< GET_CELL_INFO_LIST [CellInfoGsm:{mRegistered=NO mTimeStamp=28958525939504ns mCellConnectionStatus=0 CellIdentityGsm:{ mLac=20989 mCid=17522 mArfcn=632 mBsic=0xa mMcc=460 mMnc=00 mAlphaLong=CHINA MOBILE mAlphaShort=CMCC mAdditionalPlmns={}} CellSignalStrengthGsm: rssi=-63 ber=2147483647 mTa=0 mLevel=4}, CellInfoGsm:{mRegistered=NO mTimeStamp=28958525939504ns mCellConnectionStatus=0 CellIdentityGsm:{ mLac=20989 mCid=17521 mArfcn=619 mBsic=0x26 mMcc=460 mMnc=00 mAlphaLong=CHINA MOBILE mAlphaShort=CMCC mAdditionalPlmns={}} CellSignalStrengthGsm: rssi=-83 ber=2147483647 mTa=2147483647 mLevel=4}, CellInfoGsm:{mRegistered=NO mTimeStamp=28958525939504ns mCellConnectionStatus=0 CellIdentityGsm:{ mLac=20989 mCid=13813 mArfcn=59 mBsic=0x6 mMcc=460 mMnc=00 mAlphaLong=CHINA MOBILE mAlphaShort=CMCC mAdditionalPlmns={}} CellSignalStrengthGsm: rssi=-91 ber=2147483647 mTa=2147483647 mLevel=3}, CellInfoGsm:{mRegistered=NO mTimeStamp=28958525939504ns mCellConnectionStatus=0 CellIdentityGsm:{ mLac=20989 mCid=9101 mArfcn=95 mBsic=0x27 mMcc=460 mMnc=00 mAlphaLong=CHINA MOBILE mAlphaShort=CMCC mAdditionalPlmns={}} CellSignalStrengthGsm: rssi=-87 ber=2147483647 mTa=2147483647 mLevel=4}, CellInfoGsm:{mRegistered=NO mTimeStamp=28958525939504ns mCellConnectionStatus=0 CellIdentityGsm:{ mLac=2147483647 mCid=2147483647 mArfcn=627 mBsic=0x2e mMcc=null mMnc=null mAlphaLong=000000 mAlphaShort= mAdditionalPlmns={}} CellSignalStrengthGsm: rssi=-93 ber=2147483647 mTa=2147483647 mLevel=3}, CellInfoGsm:{mRegistered=NO mTimeStamp=28958525939504ns mCellConnectionStatus=0 CellIdentityGsm:{ mLac=2147483647 mCid=2147483647 mArfcn=60 mBsic=0x34 mMcc=null mMnc=null mAlphaLong=000000 mAlphaShort= mAdditionalPlmns={}} CellSignalStrengthGsm: rssi=-97 ber=2147483647 mTa=2147483647 mLevel=3}, CellInfoGsm:{mRegistered=NO mTimeStamp=28958525939504ns mCellConnectionStatus=0 CellIdentityGsm:{ mLac=2147483647 mCid=2147483647 mArfcn=51 mBsic=0x11 mMcc=null mMnc=null mAlphaLong=000000 mAlphaShort= mAdditionalPlmns={}} CellSignalStrengthGsm: rssi=-95 ber=2147483647 mTa=2147483647 mLevel=3}] [PHONE0]
04-17 09:24:01.699298  3483  3483 D LocaleTracker-0: processCellInfo: cell info=[CellInfoGsm:{mRegistered=NO mTimeStamp=28958525939504ns mCellConnectionStatus=0 CellIdentityGsm:{ mLac=20989 mCid=17522 mArfcn=632 mBsic=0xa mMcc=460 mMnc=00 mAlphaLong=CHINA MOBILE mAlphaShort=CMCC mAdditionalPlmns={}} CellSignalStrengthGsm: rssi=-63 ber=2147483647 mTa=0 mLevel=4}, CellInfoGsm:{mRegistered=NO mTimeStamp=28958525939504ns mCellConnectionStatus=0 CellIdentityGsm:{ mLac=20989 mCid=17521 mArfcn=619 mBsic=0x26 mMcc=460 mMnc=00 mAlphaLong=CHINA MOBILE mAlphaShort=CMCC mAdditionalPlmns={}} CellSignalStrengthGsm: rssi=-83 ber=2147483647 mTa=2147483647 mLevel=4}, CellInfoGsm:{mRegistered=NO mTimeStamp=28958525939504ns mCellConnectionStatus=0 CellIdentityGsm:{ mLac=20989 mCid=13813 mArfcn=59 mBsic=0x6 mMcc=460 mMnc=00 mAlphaLong=CHINA MOBILE mAlphaShort=CMCC mAdditionalPlmns={}} CellSignalStrengthGsm: rssi=-91 ber=2147483647 mTa=2147483647 mLevel=3}, CellInfoGsm:{mRegistered=NO mTimeStamp=28958525939504ns mCellConnectionStatus=0 CellIdentityGsm:{ mLac=20989 mCid=9101 mArfcn=95 mBsic=0x27 mMcc=460 mMnc=00 mAlphaLong=CHINA MOBILE mAlphaShort=CMCC mAdditionalPlmns={}} CellSignalStrengthGsm: rssi=-87 ber=2147483647 mTa=2147483647 mLevel=4}, CellInfoGsm:{mRegistered=NO mTimeStamp=28958525939504ns mCellConnectionStatus=0 CellIdentityGsm:{ mLac=2147483647 mCid=2147483647 mArfcn=627 mBsic=0x2e mMcc=null mMnc=null mAlphaLong=000000 mAlphaShort= mAdditionalPlmns={}} CellSignalStrengthGsm: rssi=-93 ber=2147483647 mTa=2147483647 mLevel=3}, CellInfoGsm:{mRegistered=NO mTimeStamp=28958525939504ns mCellConnectionStatus=0 CellIdentityGsm:{ mLac=2147483647 mCid=2147483647 mArfcn=60 mBsic=0x34 mMcc=null mMnc=null mAlphaLong=000000 mAlphaShort= mAdditionalPlmns={}} CellSignalStrengthGsm: rssi=-97 ber=2147483647 mTa=2147483647 mLevel=3}, CellInfoGsm:{mRegistered=NO mTimeStamp=28958525939504ns mCellConnectionStatus=0 CellIdentityGsm:{ mLac=2147483647 mCid=2147483647 mArfcn=51 mBsic=0x11 mMcc=null mMnc=null mAlphaLong=000000 mAlphaShort= mAdditionalPlmns={}} CellSignalStrengthGsm: rssi=-95 ber=2147483647 mTa=2147483647 mLevel=3}]
04-17 09:24:01.700311  3483  3483 D LocaleTracker-0: updateLocale: countryIso = cn, countryIsoDebugInfo = OperatorNumeric(46000): MccTable.countryCodeForMcc("460")
04-17 09:24:01.700550  3483  3483 D LocaleTracker-0: updateLocale: timeZoneCountryIso = cn, timeZoneCountryIsoDebugInfo = OperatorNumeric: MccTable.geoCountryCodeForMccMnc(MccMnc{mcc='460', mnc='00'})
04-17 09:24:01.700854  3483  3483 D NewNitzStateMachineImpl: handleCountryDetected: countryIsoCode=cn, mLatestNitzSignal=null
--------- switch to main
04-17 09:24:01.743241   984  1089 W ASH     : @ 28971.419: touch gesture: no valid gesture detected
04-17 09:24:01.808057   984  1089 W ASH     : @ 28971.484: touch gesture: no valid gesture detected
04-17 09:24:01.872767   984  1089 W ASH     : @ 28971.548: touch gesture: no valid gesture detected
04-17 09:24:01.937113   984  1089 W ASH     : @ 28971.613: touch gesture: no valid gesture detected
04-17 09:24:02.001611   984  1089 W ASH     : @ 28971.677: touch gesture: no valid gesture detected
04-17 09:24:02.066009   984  1089 W ASH     : @ 28971.742: touch gesture: no valid gesture detected
04-17 09:24:02.130596   984  1089 W ASH     : @ 28971.807: touch gesture: no valid gesture detected
04-17 09:24:02.194983   984  1089 W ASH     : @ 28971.871: touch gesture: no valid gesture detected
04-17 09:24:02.259529   984  1089 W ASH     : @ 28971.936: touch gesture: no valid gesture detected
04-17 09:24:02.324266   984  1089 W ASH     : @ 28972.000: touch gesture: no valid gesture detected
04-17 09:24:02.388591   984  1089 W ASH     : @ 28972.065: touch gesture: no valid gesture detected
04-17 09:24:02.453399   984  1089 W ASH     : @ 28972.129: touch gesture: no valid gesture detected
04-17 09:24:02.517866   984  1089 W ASH     : @ 28972.194: touch gesture: no valid gesture detected
04-17 09:24:02.582364   984  1089 W ASH     : @ 28972.258: touch gesture: no valid gesture detected
04-17 09:24:02.647055   984  1089 W ASH     : @ 28972.323: touch gesture: no valid gesture detected
04-17 09:24:02.711666   984  1089 W ASH     : @ 28972.387: touch gesture: no valid gesture detected
04-17 09:24:02.775821   984  1089 W ASH     : @ 28972.452: touch gesture: no valid gesture detected
04-17 09:24:02.840202   984  1089 W ASH     : @ 28972.516: touch gesture: no valid gesture detected
04-17 09:24:02.905033   984  1089 W ASH     : @ 28972.581: touch gesture: no valid gesture detected
04-17 09:24:02.969726   984  1089 W ASH     : @ 28972.645: touch gesture: no valid gesture detected
04-17 09:24:03.034417   984  1089 W ASH     : @ 28972.710: touch gesture: no valid gesture detected
04-17 09:24:03.098793   984  1089 W ASH     : @ 28972.774: touch gesture: no valid gesture detected
04-17 09:24:03.163223   984  1089 W ASH     : @ 28972.839: touch gesture: no valid gesture detected
04-17 09:24:03.227615   984  1089 W ASH     : @ 28972.904: touch gesture: no valid gesture detected
04-17 09:24:03.292144   984  1089 W ASH     : @ 28972.968: touch gesture: no valid gesture detected
04-17 09:24:03.356821   984  1089 W ASH     : @ 28973.033: touch gesture: no valid gesture detected
04-17 09:24:03.421109   984  1089 W ASH     : @ 28973.097: touch gesture: no valid gesture detected
04-17 09:24:03.485866   984  1089 W ASH     : @ 28973.162: touch gesture: no valid gesture detected
04-17 09:24:03.550862   984  1089 W ASH     : @ 28973.226: touch gesture: no valid gesture detected
04-17 09:24:03.615093   984  1089 W ASH     : @ 28973.291: touch gesture: no valid gesture detected
04-17 09:24:03.679708   984  1089 W ASH     : @ 28973.355: touch gesture: no valid gesture detected
04-17 09:24:03.744534   984  1089 W ASH     : @ 28973.420: touch gesture: no valid gesture detected
04-17 09:24:03.808707   984  1089 W ASH     : @ 28973.485: touch gesture: no valid gesture detected
04-17 09:24:03.873291   984  1089 W ASH     : @ 28973.549: touch gesture: no valid gesture detected
04-17 09:24:03.937775   984  1089 W ASH     : @ 28973.614: touch gesture: no valid gesture detected
04-17 09:24:04.002227   984  1089 W ASH     : @ 28973.678: touch gesture: no valid gesture detected
04-17 09:24:04.066578   984  1089 W ASH     : @ 28973.743: touch gesture: no valid gesture detected
04-17 09:24:04.131312   984  1089 W ASH     : @ 28973.807: touch gesture: no valid gesture detected
04-17 09:24:04.196130   984  1089 W ASH     : @ 28973.872: touch gesture: no valid gesture detected
04-17 09:24:04.260195   984  1089 W ASH     : @ 28973.936: touch gesture: no valid gesture detected
04-17 09:24:04.324877   984  1089 W ASH     : @ 28974.001: touch gesture: no valid gesture detected
04-17 09:24:04.389482   984  1089 W ASH     : @ 28974.065: touch gesture: no valid gesture detected
04-17 09:24:04.453932   984  1089 W ASH     : @ 28974.130: touch gesture: no valid gesture detected
04-17 09:24:04.516501   984  1089 W ASH     : @ 28974.194: touch gesture: no valid gesture detected
04-17 09:24:04.583216   984  1089 W ASH     : @ 28974.259: touch gesture: no valid gesture detected
04-17 09:24:04.647695   984  1089 W ASH     : @ 28974.323: touch gesture: no valid gesture detected
04-17 09:24:04.712260   984  1089 W ASH     : @ 28974.388: touch gesture: no valid gesture detected
04-17 09:24:04.776788   984  1089 W ASH     : @ 28974.452: touch gesture: no valid gesture detected
04-17 09:24:04.840926   984  1089 W ASH     : @ 28974.517: touch gesture: no valid gesture detected
04-17 09:24:04.905728   984  1089 W ASH     : @ 28974.582: touch gesture: no valid gesture detected
04-17 09:24:04.969024   984  1089 W ASH     : @ 28974.646: touch gesture: no valid gesture detected
04-17 09:24:05.034652   984  1089 W ASH     : @ 28974.710: touch gesture: no valid gesture detected
04-17 09:24:05.098873   984  1089 W ASH     : @ 28974.775: touch gesture: no valid gesture detected
04-17 09:24:05.163523   984  1089 W ASH     : @ 28974.840: touch gesture: no valid gesture detected
04-17 09:24:05.227969   984  1089 W ASH     : @ 28974.904: touch gesture: no valid gesture detected
04-17 09:24:05.292222   984  1089 W ASH     : @ 28974.968: touch gesture: no valid gesture detected
04-17 09:24:05.357303   984  1089 W ASH     : @ 28975.033: touch gesture: no valid gesture detected
04-17 09:24:05.421850   984  1089 W ASH     : @ 28975.098: touch gesture: no valid gesture detected
04-17 09:24:05.485720   984  1089 W ASH     : @ 28975.162: touch gesture: no valid gesture detected
04-17 09:24:05.550913   984  1089 W ASH     : @ 28975.227: touch gesture: no valid gesture detected
04-17 09:24:05.615444   984  1089 W ASH     : @ 28975.291: touch gesture: no valid gesture detected
04-17 09:24:05.679831   984  1089 W ASH     : @ 28975.356: touch gesture: no valid gesture detected
04-17 09:24:05.745028   984  1089 W ASH     : @ 28975.421: touch gesture: no valid gesture detected
04-17 09:24:05.809206   984  1089 W ASH     : @ 28975.485: touch gesture: no valid gesture detected
04-17 09:24:05.873606   984  1089 W ASH     : @ 28975.550: touch gesture: no valid gesture detected
04-17 09:24:05.938674   984  1089 W ASH     : @ 28975.614: touch gesture: no valid gesture detected
04-17 09:24:06.002830   984  1089 W ASH     : @ 28975.679: touch gesture: no valid gesture detected
04-17 09:24:06.067405   984  1089 W ASH     : @ 28975.743: touch gesture: no valid gesture detected
04-17 09:24:06.131904   984  1089 W ASH     : @ 28975.808: touch gesture: no valid gesture detected
04-17 09:24:06.196167   984  1089 W ASH     : @ 28975.872: touch gesture: no valid gesture detected
04-17 09:24:06.260785   984  1089 W ASH     : @ 28975.937: touch gesture: no valid gesture detected
04-17 09:24:06.325597   984  1089 W ASH     : @ 28976.001: touch gesture: no valid gesture detected
04-17 09:24:06.390039   984  1089 W ASH     : @ 28976.066: touch gesture: no valid gesture detected
04-17 09:24:06.454722   984  1089 W ASH     : @ 28976.130: touch gesture: no valid gesture detected
04-17 09:24:06.518900   984  1089 W ASH     : @ 28976.195: touch gesture: no valid gesture detected
04-17 09:24:06.583782   984  1089 W ASH     : @ 28976.260: touch gesture: no valid gesture detected
04-17 09:24:06.648374   984  1089 W ASH     : @ 28976.324: touch gesture: no valid gesture detected
04-17 09:24:06.711363   984  1089 W ASH     : @ 28976.389: touch gesture: no valid gesture detected
04-17 09:24:06.777249   984  1089 W ASH     : @ 28976.453: touch gesture: no valid gesture detected
04-17 09:24:06.841718   984  1089 W ASH     : @ 28976.518: touch gesture: no valid gesture detected
04-17 09:24:06.906656   984  1089 W ASH     : @ 28976.582: touch gesture: no valid gesture detected
04-17 09:24:06.970534   984  1089 W ASH     : @ 28976.647: touch gesture: no valid gesture detected
04-17 09:24:07.035045   984  1089 W ASH     : @ 28976.711: touch gesture: no valid gesture detected
04-17 09:24:07.099881   984  1089 W ASH     : @ 28976.776: touch gesture: no valid gesture detected
04-17 09:24:07.164623   984  1089 W ASH     : @ 28976.840: touch gesture: no valid gesture detected
04-17 09:24:07.229505   984  1089 W ASH     : @ 28976.905: touch gesture: no valid gesture detected
04-17 09:24:07.293347   984  1089 W ASH     : @ 28976.969: touch gesture: no valid gesture detected
04-17 09:24:07.358243   984  1089 W ASH     : @ 28977.034: touch gesture: no valid gesture detected
04-17 09:24:07.422788   984  1089 W ASH     : @ 28977.098: touch gesture: no valid gesture detected
04-17 09:24:07.485850   984  1089 W ASH     : @ 28977.163: touch gesture: no valid gesture detected
04-17 09:24:07.551881   984  1089 W ASH     : @ 28977.227: touch gesture: no valid gesture detected
04-17 09:24:07.616149   984  1089 W ASH     : @ 28977.292: touch gesture: no valid gesture detected
04-17 09:24:07.680623   984  1089 W ASH     : @ 28977.357: touch gesture: no valid gesture detected
04-17 09:24:07.745555   984  1089 W ASH     : @ 28977.421: touch gesture: no valid gesture detected
04-17 09:24:07.809913   984  1089 W ASH     : @ 28977.486: touch gesture: no valid gesture detected
04-17 09:24:07.874609   984  1089 W ASH     : @ 28977.550: touch gesture: no valid gesture detected
04-17 09:24:07.938975   984  1089 W ASH     : @ 28977.615: touch gesture: no valid gesture detected
04-17 09:24:08.003449   984  1089 W ASH     : @ 28977.679: touch gesture: no valid gesture detected
04-17 09:24:08.068101   984  1089 W ASH     : @ 28977.744: touch gesture: no valid gesture detected
04-17 09:24:08.132426   984  1089 W ASH     : @ 28977.808: touch gesture: no valid gesture detected
04-17 09:24:08.197028   984  1089 W ASH     : @ 28977.873: touch gesture: no valid gesture detected
04-17 09:24:08.261234   984  1089 W ASH     : @ 28977.937: touch gesture: no valid gesture detected
04-17 09:24:08.326002   984  1089 W ASH     : @ 28978.002: touch gesture: no valid gesture detected
04-17 09:24:08.390338   984  1089 W ASH     : @ 28978.066: touch gesture: no valid gesture detected
04-17 09:24:08.455031   984  1089 W ASH     : @ 28978.131: touch gesture: no valid gesture detected
04-17 09:24:08.519856   984  1089 W ASH     : @ 28978.195: touch gesture: no valid gesture detected
04-17 09:24:08.583995   984  1089 W ASH     : @ 28978.260: touch gesture: no valid gesture detected
04-17 09:24:08.648648   984  1089 W ASH     : @ 28978.325: touch gesture: no valid gesture detected
04-17 09:24:08.713484   984  1089 W ASH     : @ 28978.389: touch gesture: no valid gesture detected
04-17 09:24:08.777570   984  1089 W ASH     : @ 28978.454: touch gesture: no valid gesture detected
04-17 09:24:08.841900   984  1089 W ASH     : @ 28978.518: touch gesture: no valid gesture detected
04-17 09:24:08.906726   984  1089 W ASH     : @ 28978.583: touch gesture: no valid gesture detected
04-17 09:24:08.971080   984  1089 W ASH     : @ 28978.647: touch gesture: no valid gesture detected
04-17 09:24:09.035811   984  1089 W ASH     : @ 28978.712: touch gesture: no valid gesture detected
04-17 09:24:09.100538   984  1089 W ASH     : @ 28978.776: touch gesture: no valid gesture detected
04-17 09:24:09.165007   984  1089 W ASH     : @ 28978.841: touch gesture: no valid gesture detected
04-17 09:24:09.229804   984  1089 W ASH     : @ 28978.905: touch gesture: no valid gesture detected
04-17 09:24:09.293903   984  1089 W ASH     : @ 28978.970: touch gesture: no valid gesture detected
04-17 09:24:09.358618   984  1089 W ASH     : @ 28979.035: touch gesture: no valid gesture detected
04-17 09:24:09.423435   984  1089 W ASH     : @ 28979.099: touch gesture: no valid gesture detected
04-17 09:24:09.487752   984  1089 W ASH     : @ 28979.164: touch gesture: no valid gesture detected
04-17 09:24:09.552295   984  1089 W ASH     : @ 28979.228: touch gesture: no valid gesture detected
04-17 09:24:09.615623   984  1089 W ASH     : @ 28979.293: touch gesture: no valid gesture detected
04-17 09:24:09.681566   984  1089 W ASH     : @ 28979.357: touch gesture: no valid gesture detected
04-17 09:24:09.746378   984  1089 W ASH     : @ 28979.422: touch gesture: no valid gesture detected
04-17 09:24:09.809435   984  1089 W ASH     : @ 28979.486: touch gesture: no valid gesture detected
04-17 09:24:09.874905   984  1089 W ASH     : @ 28979.551: touch gesture: no valid gesture detected
04-17 09:24:09.939779   984  1089 W ASH     : @ 28979.615: touch gesture: no valid gesture detected
04-17 09:24:10.004073   984  1089 W ASH     : @ 28979.680: touch gesture: no valid gesture detected
04-17 09:24:10.068745   984  1089 W ASH     : @ 28979.744: touch gesture: no valid gesture detected
04-17 09:24:10.133297   984  1089 W ASH     : @ 28979.809: touch gesture: no valid gesture detected
04-17 09:24:10.197327   984  1089 W ASH     : @ 28979.873: touch gesture: no valid gesture detected
04-17 09:24:10.262282   984  1089 W ASH     : @ 28979.938: touch gesture: no valid gesture detected
04-17 09:24:10.326892   984  1089 W ASH     : @ 28980.002: touch gesture: no valid gesture detected
04-17 09:24:10.391425   984  1089 W ASH     : @ 28980.067: touch gesture: no valid gesture detected
04-17 09:24:10.455641   984  1089 W ASH     : @ 28980.132: touch gesture: no valid gesture detected
04-17 09:24:10.520030   984  1089 W ASH     : @ 28980.196: touch gesture: no valid gesture detected
04-17 09:24:10.584577   984  1089 W ASH     : @ 28980.261: touch gesture: no valid gesture detected
04-17 09:24:10.649418   984  1089 W ASH     : @ 28980.325: touch gesture: no valid gesture detected
04-17 09:24:10.714201   984  1089 W ASH     : @ 28980.390: touch gesture: no valid gesture detected
04-17 09:24:10.778510   984  1089 W ASH     : @ 28980.454: touch gesture: no valid gesture detected
04-17 09:24:10.843555   984  1089 W ASH     : @ 28980.519: touch gesture: no valid gesture detected
04-17 09:24:10.908075   984  1089 W ASH     : @ 28980.584: touch gesture: no valid gesture detected
04-17 09:24:10.972232   984  1089 W ASH     : @ 28980.648: touch gesture: no valid gesture detected
04-17 09:24:11.036898   984  1089 W ASH     : @ 28980.713: touch gesture: no valid gesture detected
04-17 09:24:11.101622   984  1089 W ASH     : @ 28980.777: touch gesture: no valid gesture detected
04-17 09:24:11.165910   984  1089 W ASH     : @ 28980.842: touch gesture: no valid gesture detected
04-17 09:24:11.230251   984  1089 W ASH     : @ 28980.906: touch gesture: no valid gesture detected
04-17 09:24:11.294912   984  1089 W ASH     : @ 28980.971: touch gesture: no valid gesture detected
04-17 09:24:11.359749   984  1089 W ASH     : @ 28981.035: touch gesture: no valid gesture detected
04-17 09:24:11.424187   984  1089 W ASH     : @ 28981.100: touch gesture: no valid gesture detected
04-17 09:24:11.488530   984  1089 W ASH     : @ 28981.165: touch gesture: no valid gesture detected
04-17 09:24:11.553388   984  1089 W ASH     : @ 28981.229: touch gesture: no valid gesture detected
04-17 09:24:11.618781   984  1089 W ASH     : @ 28981.294: touch gesture: no valid gesture detected
04-17 09:24:11.682783   984  1089 W ASH     : @ 28981.359: touch gesture: no valid gesture detected
04-17 09:24:11.747271   984  1089 W ASH     : @ 28981.423: touch gesture: no valid gesture detected
04-17 09:24:11.812088   984  1089 W ASH     : @ 28981.488: touch gesture: no valid gesture detected
04-17 09:24:11.876597   984  1089 W ASH     : @ 28981.552: touch gesture: no valid gesture detected
04-17 09:24:11.941042   984  1089 W ASH     : @ 28981.617: touch gesture: no valid gesture detected
04-17 09:24:12.005886   984  1089 W ASH     : @ 28981.682: touch gesture: no valid gesture detected
04-17 09:24:12.070620   984  1089 W ASH     : @ 28981.746: touch gesture: no valid gesture detected
04-17 09:24:12.135009   984  1089 W ASH     : @ 28981.811: touch gesture: no valid gesture detected
04-17 09:24:12.199747   984  1089 W ASH     : @ 28981.875: touch gesture: no valid gesture detected
04-17 09:24:12.264196   984  1089 W ASH     : @ 28981.940: touch gesture: no valid gesture detected
04-17 09:24:12.328891   984  1089 W ASH     : @ 28982.005: touch gesture: no valid gesture detected
04-17 09:24:12.393554   984  1089 W ASH     : @ 28982.069: touch gesture: no valid gesture detected
04-17 09:24:12.458130   984  1089 W ASH     : @ 28982.134: touch gesture: no valid gesture detected
04-17 09:24:12.522300   984  1089 W ASH     : @ 28982.198: touch gesture: no valid gesture detected
04-17 09:24:12.587202   984  1089 W ASH     : @ 28982.263: touch gesture: no valid gesture detected
04-17 09:24:12.651695   984  1089 W ASH     : @ 28982.328: touch gesture: no valid gesture detected
04-17 09:24:12.716030   984  1089 W ASH     : @ 28982.392: touch gesture: no valid gesture detected
04-17 09:24:12.781178   984  1089 W ASH     : @ 28982.457: touch gesture: no valid gesture detected
04-17 09:24:12.843477   984  1089 W ASH     : @ 28982.521: touch gesture: no valid gesture detected
04-17 09:24:12.907561   984  1089 W ASH     : @ 28982.585: touch gesture: no valid gesture detected
04-17 09:24:12.972557   984  1089 W ASH     : @ 28982.650: touch gesture: no valid gesture detected
04-17 09:24:13.037149   984  1089 W ASH     : @ 28982.715: touch gesture: no valid gesture detected
04-17 09:24:13.101584   984  1089 W ASH     : @ 28982.779: touch gesture: no valid gesture detected
04-17 09:24:13.166308   984  1089 W ASH     : @ 28982.844: touch gesture: no valid gesture detected
04-17 09:24:13.230804   984  1089 W ASH     : @ 28982.909: touch gesture: no valid gesture detected
04-17 09:24:13.297352   984  1089 W ASH     : @ 28982.973: touch gesture: no valid gesture detected
04-17 09:24:13.361972   984  1089 W ASH     : @ 28983.038: touch gesture: no valid gesture detected
04-17 09:24:13.426463   984  1089 W ASH     : @ 28983.102: touch gesture: no valid gesture detected
04-17 09:24:13.490781   984  1089 W ASH     : @ 28983.167: touch gesture: no valid gesture detected
04-17 09:24:13.555668   984  1089 W ASH     : @ 28983.232: touch gesture: no valid gesture detected
04-17 09:24:13.620521   984  1089 W ASH     : @ 28983.296: touch gesture: no valid gesture detected
04-17 09:24:13.684973   984  1089 W ASH     : @ 28983.361: touch gesture: no valid gesture detected
04-17 09:24:13.749283   984  1089 W ASH     : @ 28983.425: touch gesture: no valid gesture detected
04-17 09:24:13.814369   984  1089 W ASH     : @ 28983.490: touch gesture: no valid gesture detected
04-17 09:24:13.878618   984  1089 W ASH     : @ 28983.555: touch gesture: no valid gesture detected
04-17 09:24:13.942868   984  1089 W ASH     : @ 28983.619: touch gesture: no valid gesture detected
04-17 09:24:14.007766   984  1089 W ASH     : @ 28983.684: touch gesture: no valid gesture detected
04-17 09:24:14.072433   984  1089 W ASH     : @ 28983.748: touch gesture: no valid gesture detected
04-17 09:24:14.136803   984  1089 W ASH     : @ 28983.813: touch gesture: no valid gesture detected
04-17 09:24:14.201669   984  1089 W ASH     : @ 28983.877: touch gesture: no valid gesture detected
04-17 09:24:14.266580   984  1089 W ASH     : @ 28983.942: touch gesture: no valid gesture detected
04-17 09:24:14.330703   984  1089 W ASH     : @ 28984.006: touch gesture: no valid gesture detected
04-17 09:24:14.395315   984  1089 W ASH     : @ 28984.071: touch gesture: no valid gesture detected
04-17 09:24:14.459500   984  1089 W ASH     : @ 28984.135: touch gesture: no valid gesture detected
04-17 09:24:14.522655   984  1089 W ASH     : @ 28984.200: touch gesture: no valid gesture detected
04-17 09:24:14.588911   984  1089 W ASH     : @ 28984.265: touch gesture: no valid gesture detected
04-17 09:24:14.653476   984  1089 W ASH     : @ 28984.329: touch gesture: no valid gesture detected
04-17 09:24:14.717691   984  1089 W ASH     : @ 28984.394: touch gesture: no valid gesture detected
04-17 09:24:14.782422   984  1089 W ASH     : @ 28984.458: touch gesture: no valid gesture detected
04-17 09:24:14.847232   984  1089 W ASH     : @ 28984.523: touch gesture: no valid gesture detected
04-17 09:24:14.911539   984  1089 W ASH     : @ 28984.588: touch gesture: no valid gesture detected
04-17 09:24:14.976185   984  1089 W ASH     : @ 28984.652: touch gesture: no valid gesture detected
04-17 09:24:15.040699   984  1089 W ASH     : @ 28984.717: touch gesture: no valid gesture detected
04-17 09:24:15.105257   984  1089 W ASH     : @ 28984.781: touch gesture: no valid gesture detected
