04-17 12:48:09.557454     0     0 I         : c2   5837 google_charger: MSC_CHG fv_uv=4430000, cc_max=0, rerun in 2000 ms (0)
--------- switch to main
04-17 12:48:09.566842   984  1089 W ASH     : @ 41219.243: touch gesture: no valid gesture detected
04-17 12:48:09.632730   984  1089 W ASH     : @ 41219.307: touch gesture: no valid gesture detected
04-17 12:48:09.697276   984  1089 W ASH     : @ 41219.372: touch gesture: no valid gesture detected
04-17 12:48:09.761480   984  1089 W ASH     : @ 41219.436: touch gesture: no valid gesture detected
04-17 12:48:09.825848   984  1089 W ASH     : @ 41219.500: touch gesture: no valid gesture detected
04-17 12:48:09.890092   984  1089 W ASH     : @ 41219.565: touch gesture: no valid gesture detected
04-17 12:48:09.954644   984  1089 W ASH     : @ 41219.629: touch gesture: no valid gesture detected
04-17 12:48:10.019288   984  1089 W ASH     : @ 41219.694: touch gesture: no valid gesture detected
04-17 12:48:10.083396   984  1089 W ASH     : @ 41219.758: touch gesture: no valid gesture detected
04-17 12:48:10.148014   984  1089 W ASH     : @ 41219.823: touch gesture: no valid gesture detected
04-17 12:48:10.212371   984  1089 W ASH     : @ 41219.887: touch gesture: no valid gesture detected
04-17 12:48:10.276792   984  1089 W ASH     : @ 41219.952: touch gesture: no valid gesture detected
04-17 12:48:10.341445   984  1089 W ASH     : @ 41220.016: touch gesture: no valid gesture detected
04-17 12:48:10.405451   984  1089 W ASH     : @ 41220.080: touch gesture: no valid gesture detected
04-17 12:48:10.468793   984  1089 W ASH     : @ 41220.145: touch gesture: no valid gesture detected
04-17 12:48:10.534533   984  1089 W ASH     : @ 41220.209: touch gesture: no valid gesture detected
04-17 12:48:10.598780   984  1089 W ASH     : @ 41220.273: touch gesture: no valid gesture detected
04-17 12:48:10.663210   984  1089 W ASH     : @ 41220.338: touch gesture: no valid gesture detected
04-17 12:48:10.727554   984  1089 W ASH     : @ 41220.402: touch gesture: no valid gesture detected
04-17 12:48:10.792027   984  1089 W ASH     : @ 41220.467: touch gesture: no valid gesture detected
04-17 12:48:10.856367   984  1089 W ASH     : @ 41220.531: touch gesture: no valid gesture detected
04-17 12:48:10.920618   984  1089 W ASH     : @ 41220.595: touch gesture: no valid gesture detected
04-17 12:48:10.985442   984  1089 W ASH     : @ 41220.660: touch gesture: no valid gesture detected
04-17 12:48:11.049635   984  1089 W ASH     : @ 41220.724: touch gesture: no valid gesture detected
04-17 12:48:11.114045   984  1089 W ASH     : @ 41220.789: touch gesture: no valid gesture detected
04-17 12:48:11.178605   984  1089 W ASH     : @ 41220.853: touch gesture: no valid gesture detected
04-17 12:48:11.242754   984  1089 W ASH     : @ 41220.917: touch gesture: no valid gesture detected
04-17 12:48:11.306816   984  1089 W ASH     : @ 41220.982: touch gesture: no valid gesture detected
04-17 12:48:11.371486   984  1089 W ASH     : @ 41221.046: touch gesture: no valid gesture detected
04-17 12:48:11.435870   984  1089 W ASH     : @ 41221.110: touch gesture: no valid gesture detected
04-17 12:48:11.500037   984  1089 W ASH     : @ 41221.175: touch gesture: no valid gesture detected
04-17 12:48:11.563645   984  1089 W ASH     : @ 41221.239: touch gesture: no valid gesture detected
--------- switch to kernel
04-17 12:48:11.570174     0     0 I         : c2   5837 google_charger: usbchg=USB typec=C usbv=5026 usbc=0 usbMv=5000 usbMc=450
04-17 12:48:11.570348     0     0 I         : c2   5837 sm7250_bms: MSC_PCS chg_state=1c2112c01030001 [0x1:1:3:4396:450] chg=u
04-17 12:48:11.570537     0     0 I         : c2   5837 google_battery: MSC_DIN chg_state=1c2112c01030001 f=0x1 chg_s=Not Charging chg_t=None vchg=4396 icl=450
04-17 12:48:11.572411     0     0 I         : c2   5837 google_battery: MSC_DSG vbatt_idx:4->4 vbatt=4396071 ibatt=-6408 fv_uv=4430000 cv_cnt=0 ov_cnt=0
04-17 12:48:11.572481     0     0 I         : c2   5837 google_battery: MSC_VOTE msc_state=2 cv_cnt=0 ov_cnt=0 temp_idx:2, vbatt_idx:4  fv_uv=4430000 cc_max=0 update_interval=-1
04-17 12:48:11.572588     0     0 I         : c2   5837 google_charger: MSC_CHG fv_uv=4430000, cc_max=0, rerun in 2000 ms (0)
--------- switch to main
04-17 12:48:11.628885   984  1089 W ASH     : @ 41221.303: touch gesture: no valid gesture detected
04-17 12:48:11.693378   984  1089 W ASH     : @ 41221.368: touch gesture: no valid gesture detected
04-17 12:48:11.757704   984  1089 W ASH     : @ 41221.432: touch gesture: no valid gesture detected
04-17 12:48:11.822126   984  1089 W ASH     : @ 41221.497: touch gesture: no valid gesture detected
04-17 12:48:11.886410   984  1089 W ASH     : @ 41221.561: touch gesture: no valid gesture detected
04-17 12:48:11.950620   984  1089 W ASH     : @ 41221.625: touch gesture: no valid gesture detected
04-17 12:48:12.014941   984  1089 W ASH     : @ 41221.690: touch gesture: no valid gesture detected
04-17 12:48:12.079192   984  1089 W ASH     : @ 41221.754: touch gesture: no valid gesture detected
04-17 12:48:12.143803   984  1089 W ASH     : @ 41221.818: touch gesture: no valid gesture detected
04-17 12:48:12.208128   984  1089 W ASH     : @ 41221.883: touch gesture: no valid gesture detected
04-17 12:48:12.272248   984  1089 W ASH     : @ 41221.947: touch gesture: no valid gesture detected
04-17 12:48:12.336943   984  1089 W ASH     : @ 41222.012: touch gesture: no valid gesture detected
04-17 12:48:12.401327   984  1089 W ASH     : @ 41222.076: touch gesture: no valid gesture detected
04-17 12:48:12.465839   984  1089 W ASH     : @ 41222.140: touch gesture: no valid gesture detected
04-17 12:48:12.530164   984  1089 W ASH     : @ 41222.205: touch gesture: no valid gesture detected
04-17 12:48:12.594861   984  1089 W ASH     : @ 41222.269: touch gesture: no valid gesture detected
04-17 12:48:12.659116   984  1089 W ASH     : @ 41222.334: touch gesture: no valid gesture detected
04-17 12:48:12.724041   984  1089 W ASH     : @ 41222.398: touch gesture: no valid gesture detected
04-17 12:48:12.787914   984  1089 W ASH     : @ 41222.463: touch gesture: no valid gesture detected
04-17 12:48:12.852594   984  1089 W ASH     : @ 41222.527: touch gesture: no valid gesture detected
04-17 12:48:12.916842   984  1089 W ASH     : @ 41222.592: touch gesture: no valid gesture detected
04-17 12:48:12.981019   984  1089 W ASH     : @ 41222.656: touch gesture: no valid gesture detected
04-17 12:48:13.045690   984  1089 W ASH     : @ 41222.721: touch gesture: no valid gesture detected
04-17 12:48:13.110490   984  1089 W ASH     : @ 41222.785: touch gesture: no valid gesture detected
04-17 12:48:13.174566   984  1089 W ASH     : @ 41222.849: touch gesture: no valid gesture detected
04-17 12:48:13.239559   984  1089 W ASH     : @ 41222.914: touch gesture: no valid gesture detected
04-17 12:48:13.303392   984  1089 W ASH     : @ 41222.978: touch gesture: no valid gesture detected
04-17 12:48:13.367708   984  1089 W ASH     : @ 41223.042: touch gesture: no valid gesture detected
04-17 12:48:13.432326   984  1089 W ASH     : @ 41223.107: touch gesture: no valid gesture detected
04-17 12:48:13.496901   984  1089 W ASH     : @ 41223.172: touch gesture: no valid gesture detected
04-17 12:48:13.560960   984  1089 W ASH     : @ 41223.236: touch gesture: no valid gesture detected
--------- switch to kernel
04-17 12:48:13.587557     0     0 I         : c2   5837 google_charger: usbchg=USB typec=C usbv=5053 usbc=0 usbMv=5000 usbMc=450
04-17 12:48:13.587957     0     0 I         : c2   5837 sm7250_bms: MSC_PCS chg_state=1c2112c01030001 [0x1:1:3:4396:450] chg=u
04-17 12:48:13.588040     0     0 I         : c2   5837 google_battery: MSC_DIN chg_state=1c2112c01030001 f=0x1 chg_s=Not Charging chg_t=None vchg=4396 icl=450
04-17 12:48:13.589830     0     0 I         : c2   5837 google_battery: MSC_DSG vbatt_idx:4->4 vbatt=4396071 ibatt=-6408 fv_uv=4430000 cv_cnt=0 ov_cnt=0
04-17 12:48:13.589897     0     0 I         : c2   5837 google_battery: MSC_VOTE msc_state=2 cv_cnt=0 ov_cnt=0 temp_idx:2, vbatt_idx:4  fv_uv=4430000 cc_max=0 update_interval=-1
04-17 12:48:13.589998     0     0 I         : c2   5837 google_charger: MSC_CHG fv_uv=4430000, cc_max=0, rerun in 2000 ms (0)
--------- switch to main
04-17 12:48:13.624358   984  1089 W ASH     : @ 41223.300: touch gesture: no valid gesture detected
04-17 12:48:13.690096   984  1089 W ASH     : @ 41223.365: touch gesture: no valid gesture detected
04-17 12:48:13.754892   984  1089 W ASH     : @ 41223.429: touch gesture: no valid gesture detected
04-17 12:48:13.819204   984  1089 W ASH     : @ 41223.494: touch gesture: no valid gesture detected
04-17 12:48:13.882401   984  1089 W ASH     : @ 41223.558: touch gesture: no valid gesture detected
04-17 12:48:13.947867   984  1089 W ASH     : @ 41223.623: touch gesture: no valid gesture detected
04-17 12:48:14.012542   984  1089 W ASH     : @ 41223.687: touch gesture: no valid gesture detected
04-17 12:48:14.077073   984  1089 W ASH     : @ 41223.752: touch gesture: no valid gesture detected
04-17 12:48:14.141478   984  1089 W ASH     : @ 41223.816: touch gesture: no valid gesture detected
04-17 12:48:14.206127   984  1089 W ASH     : @ 41223.881: touch gesture: no valid gesture detected
04-17 12:48:14.270564   984  1089 W ASH     : @ 41223.945: touch gesture: no valid gesture detected
04-17 12:48:14.335327   984  1089 W ASH     : @ 41224.010: touch gesture: no valid gesture detected
04-17 12:48:14.398114   984  1089 W ASH     : @ 41224.074: touch gesture: no valid gesture detected
04-17 12:48:14.463895   984  1089 W ASH     : @ 41224.139: touch gesture: no valid gesture detected
04-17 12:48:14.528236   984  1089 W ASH     : @ 41224.203: touch gesture: no valid gesture detected
04-17 12:48:14.593067   984  1089 W ASH     : @ 41224.267: touch gesture: no valid gesture detected
04-17 12:48:14.657763   984  1089 W ASH     : @ 41224.332: touch gesture: no valid gesture detected
04-17 12:48:14.721974   984  1089 W ASH     : @ 41224.396: touch gesture: no valid gesture detected
04-17 12:48:14.786229   984  1089 W ASH     : @ 41224.461: touch gesture: no valid gesture detected
04-17 12:48:14.851119   984  1089 W ASH     : @ 41224.525: touch gesture: no valid gesture detected
04-17 12:48:14.915465   984  1089 W ASH     : @ 41224.590: touch gesture: no valid gesture detected
04-17 12:48:14.980012   984  1089 W ASH     : @ 41224.654: touch gesture: no valid gesture detected
04-17 12:48:15.043907   984  1089 W ASH     : @ 41224.719: touch gesture: no valid gesture detected
04-17 12:48:15.108689   984  1089 W ASH     : @ 41224.783: touch gesture: no valid gesture detected
04-17 12:48:15.172909   984  1089 W ASH     : @ 41224.848: touch gesture: no valid gesture detected
04-17 12:48:15.237681   984  1089 W ASH     : @ 41224.912: touch gesture: no valid gesture detected
04-17 12:48:15.302135   984  1089 W ASH     : @ 41224.977: touch gesture: no valid gesture detected
04-17 12:48:15.366100   984  1089 W ASH     : @ 41225.041: touch gesture: no valid gesture detected
04-17 12:48:15.430827   984  1089 W ASH     : @ 41225.106: touch gesture: no valid gesture detected
04-17 12:48:15.495432   984  1089 W ASH     : @ 41225.170: touch gesture: no valid gesture detected
04-17 12:48:15.559913   984  1089 W ASH     : @ 41225.235: touch gesture: no valid gesture detected
--------- switch to kernel
04-17 12:48:15.602719     0     0 I         : c2   5837 google_charger: usbchg=USB typec=C usbv=5040 usbc=29 usbMv=5000 usbMc=450
04-17 12:48:15.602900     0     0 I         : c2   5837 sm7250_bms: MSC_PCS chg_state=1c2112c01030001 [0x1:1:3:4396:450] chg=u
04-17 12:48:15.602971     0     0 I         : c2   5837 google_battery: MSC_DIN chg_state=1c2112c01030001 f=0x1 chg_s=Not Charging chg_t=None vchg=4396 icl=450
04-17 12:48:15.604611     0     0 I         : c2   5837 google_battery: MSC_DSG vbatt_idx:4->4 vbatt=4396655 ibatt=-5187 fv_uv=4430000 cv_cnt=0 ov_cnt=0
04-17 12:48:15.604674     0     0 I         : c2   5837 google_battery: MSC_VOTE msc_state=2 cv_cnt=0 ov_cnt=0 temp_idx:2, vbatt_idx:4  fv_uv=4430000 cc_max=0 update_interval=-1
04-17 12:48:15.604770     0     0 I         : c2   5837 google_charger: MSC_CHG fv_uv=4430000, cc_max=0, rerun in 2000 ms (0)
--------- switch to main
04-17 12:48:15.624224   984  1089 W ASH     : @ 41225.299: touch gesture: no valid gesture detected
04-17 12:48:15.688880   984  1089 W ASH     : @ 41225.363: touch gesture: no valid gesture detected
04-17 12:48:15.752989   984  1089 W ASH     : @ 41225.428: touch gesture: no valid gesture detected
04-17 12:48:15.817940   984  1089 W ASH     : @ 41225.492: touch gesture: no valid gesture detected
04-17 12:48:15.882097   984  1089 W ASH     : @ 41225.557: touch gesture: no valid gesture detected
04-17 12:48:15.946793   984  1089 W ASH     : @ 41225.621: touch gesture: no valid gesture detected
04-17 12:48:16.011171   984  1089 W ASH     : @ 41225.686: touch gesture: no valid gesture detected
04-17 12:48:16.075463   984  1089 W ASH     : @ 41225.750: touch gesture: no valid gesture detected
04-17 12:48:16.140222   984  1089 W ASH     : @ 41225.815: touch gesture: no valid gesture detected
04-17 12:48:16.204318   984  1089 W ASH     : @ 41225.879: touch gesture: no valid gesture detected
04-17 12:48:16.268864   984  1089 W ASH     : @ 41225.944: touch gesture: no valid gesture detected
04-17 12:48:16.333558   984  1089 W ASH     : @ 41226.008: touch gesture: no valid gesture detected
04-17 12:48:16.397732   984  1089 W ASH     : @ 41226.073: touch gesture: no valid gesture detected
04-17 12:48:16.462503   984  1089 W ASH     : @ 41226.137: touch gesture: no valid gesture detected
04-17 12:48:16.526902   984  1089 W ASH     : @ 41226.202: touch gesture: no valid gesture detected
04-17 12:48:16.591292   984  1089 W ASH     : @ 41226.266: touch gesture: no valid gesture detected
04-17 12:48:16.655453   984  1089 W ASH     : @ 41226.330: touch gesture: no valid gesture detected
04-17 12:48:16.720056   984  1089 W ASH     : @ 41226.395: touch gesture: no valid gesture detected
04-17 12:48:16.784665   984  1089 W ASH     : @ 41226.459: touch gesture: no valid gesture detected
04-17 12:48:16.848723   984  1089 W ASH     : @ 41226.524: touch gesture: no valid gesture detected
04-17 12:48:16.913177   984  1089 W ASH     : @ 41226.588: touch gesture: no valid gesture detected
04-17 12:48:16.977555   984  1089 W ASH     : @ 41226.652: touch gesture: no valid gesture detected
04-17 12:48:17.042096   984  1089 W ASH     : @ 41226.717: touch gesture: no valid gesture detected
04-17 12:48:17.106660   984  1089 W ASH     : @ 41226.781: touch gesture: no valid gesture detected
04-17 12:48:17.170809   984  1089 W ASH     : @ 41226.846: touch gesture: no valid gesture detected
04-17 12:48:17.235459   984  1089 W ASH     : @ 41226.910: touch gesture: no valid gesture detected
04-17 12:48:17.299741   984  1089 W ASH     : @ 41226.975: touch gesture: no valid gesture detected
04-17 12:48:17.364386   984  1089 W ASH     : @ 41227.039: touch gesture: no valid gesture detected
04-17 12:48:17.428981   984  1089 W ASH     : @ 41227.104: touch gesture: no valid gesture detected
04-17 12:48:17.493249   984  1089 W ASH     : @ 41227.168: touch gesture: no valid gesture detected
04-17 12:48:17.557851   984  1089 W ASH     : @ 41227.233: touch gesture: no valid gesture detected
04-17 12:48:17.621320   984  1089 W ASH     : @ 41227.297: touch gesture: no valid gesture detected
--------- switch to kernel
04-17 12:48:17.616957     0     0 I         : c2   5837 google_charger: usbchg=USB typec=C usbv=5036 usbc=0 usbMv=5000 usbMc=450
04-17 12:48:17.617132     0     0 I         : c2   5837 sm7250_bms: MSC_PCS chg_state=1c2112c01030001 [0x1:1:3:4396:450] chg=u
04-17 12:48:17.617198     0     0 I         : c2   5837 google_battery: MSC_DIN chg_state=1c2112c01030001 f=0x1 chg_s=Not Charging chg_t=None vchg=4396 icl=450
04-17 12:48:17.618713     0     0 I         : c2   5837 google_battery: MSC_DSG vbatt_idx:4->4 vbatt=4396655 ibatt=-5187 fv_uv=4430000 cv_cnt=0 ov_cnt=0
04-17 12:48:17.618771     0     0 I         : c2   5837 google_battery: MSC_VOTE msc_state=2 cv_cnt=0 ov_cnt=0 temp_idx:2, vbatt_idx:4  fv_uv=4430000 cc_max=0 update_interval=-1
04-17 12:48:17.618879     0     0 I         : c2   5837 google_charger: MSC_CHG fv_uv=4430000, cc_max=0, rerun in 2000 ms (0)
--------- switch to main
04-17 12:48:17.686871   984  1089 W ASH     : @ 41227.362: touch gesture: no valid gesture detected
04-17 12:48:17.751558   984  1089 W ASH     : @ 41227.426: touch gesture: no valid gesture detected
04-17 12:48:17.815738   984  1089 W ASH     : @ 41227.491: touch gesture: no valid gesture detected
04-17 12:48:17.880366   984  1089 W ASH     : @ 41227.555: touch gesture: no valid gesture detected
04-17 12:48:17.944667   984  1089 W ASH     : @ 41227.620: touch gesture: no valid gesture detected
04-17 12:48:18.009145   984  1089 W ASH     : @ 41227.684: touch gesture: no valid gesture detected
04-17 12:48:18.074032   984  1089 W ASH     : @ 41227.749: touch gesture: no valid gesture detected
04-17 12:48:18.138572   984  1089 W ASH     : @ 41227.813: touch gesture: no valid gesture detected
04-17 12:48:18.202676   984  1089 W ASH     : @ 41227.877: touch gesture: no valid gesture detected
04-17 12:48:18.267119   984  1089 W ASH     : @ 41227.942: touch gesture: no valid gesture detected
04-17 12:48:18.331568   984  1089 W ASH     : @ 41228.006: touch gesture: no valid gesture detected
04-17 12:48:18.396014   984  1089 W ASH     : @ 41228.071: touch gesture: no valid gesture detected
04-17 12:48:18.460728   984  1089 W ASH     : @ 41228.135: touch gesture: no valid gesture detected
04-17 12:48:18.524778   984  1089 W ASH     : @ 41228.200: touch gesture: no valid gesture detected
04-17 12:48:18.589591   984  1089 W ASH     : @ 41228.264: touch gesture: no valid gesture detected
04-17 12:48:18.653865   984  1089 W ASH     : @ 41228.328: touch gesture: no valid gesture detected
04-17 12:48:18.718745   984  1089 W ASH     : @ 41228.393: touch gesture: no valid gesture detected
04-17 12:48:18.782734   984  1089 W ASH     : @ 41228.457: touch gesture: no valid gesture detected
04-17 12:48:18.847209   984  1089 W ASH     : @ 41228.522: touch gesture: no valid gesture detected
04-17 12:48:18.911413   984  1089 W ASH     : @ 41228.586: touch gesture: no valid gesture detected
04-17 12:48:18.975985   984  1089 W ASH     : @ 41228.651: touch gesture: no valid gesture detected
04-17 12:48:19.040089   984  1089 W ASH     : @ 41228.715: touch gesture: no valid gesture detected
--------- switch to kernel
04-17 12:48:19.068433     0     0 I         : c1   5798 qcom_rpmh DRV:apps_rsc TCS Busy, retrying RPMH message send: addr=0x30000
04-17 12:48:19.068499     0     0 I         : c1   5798 qcom_rpmh DRV:apps_rsc TCS Busy, retrying RPMH message send: addr=0x30000
04-17 12:48:19.068535     0     0 I         : c1   5798 qcom_rpmh DRV:apps_rsc TCS Busy, retrying RPMH message send: addr=0x30000
--------- switch to main
04-17 12:48:19.104730   984  1089 W ASH     : @ 41228.780: touch gesture: no valid gesture detected
04-17 12:48:19.169259   984  1089 W ASH     : @ 41228.844: touch gesture: no valid gesture detected
04-17 12:48:19.233739   984  1089 W ASH     : @ 41228.908: touch gesture: no valid gesture detected
04-17 12:48:19.298489   984  1089 W ASH     : @ 41228.973: touch gesture: no valid gesture detected
04-17 12:48:19.362921   984  1089 W ASH     : @ 41229.037: touch gesture: no valid gesture detected
04-17 12:48:19.426950   984  1089 W ASH     : @ 41229.102: touch gesture: no valid gesture detected
04-17 12:48:19.491422   984  1089 W ASH     : @ 41229.166: touch gesture: no valid gesture detected
04-17 12:48:19.555902   984  1089 W ASH     : @ 41229.231: touch gesture: no valid gesture detected
04-17 12:48:19.620546   984  1089 W ASH     : @ 41229.295: touch gesture: no valid gesture detected
--------- switch to kernel
04-17 12:48:19.633728     0     0 I         : c2   5837 google_charger: usbchg=USB typec=C usbv=5041 usbc=0 usbMv=5000 usbMc=450
04-17 12:48:19.633915     0     0 I         : c2   5837 sm7250_bms: MSC_PCS chg_state=1c2112c01030001 [0x1:1:3:4396:450] chg=u
04-17 12:48:19.633980     0     0 I         : c2   5837 google_battery: MSC_DIN chg_state=1c2112c01030001 f=0x1 chg_s=Not Charging chg_t=None vchg=4396 icl=450
04-17 12:48:19.635421     0     0 I         : c2   5837 google_battery: MSC_DSG vbatt_idx:4->4 vbatt=4396655 ibatt=-5187 fv_uv=4430000 cv_cnt=0 ov_cnt=0
04-17 12:48:19.635483     0     0 I         : c2   5837 google_battery: MSC_VOTE msc_state=2 cv_cnt=0 ov_cnt=0 temp_idx:2, vbatt_idx:4  fv_uv=4430000 cc_max=0 update_interval=-1
04-17 12:48:19.635569     0     0 I         : c2   5837 google_charger: MSC_CHG fv_uv=4430000, cc_max=0, rerun in 2000 ms (0)
--------- switch to main
04-17 12:48:19.685140   984  1089 W ASH     : @ 41229.360: touch gesture: no valid gesture detected
04-17 12:48:19.749082   984  1089 W ASH     : @ 41229.424: touch gesture: no valid gesture detected
04-17 12:48:19.813765   984  1089 W ASH     : @ 41229.488: touch gesture: no valid gesture detected
04-17 12:48:19.878033   984  1089 W ASH     : @ 41229.553: touch gesture: no valid gesture detected
04-17 12:48:19.942509   984  1089 W ASH     : @ 41229.617: touch gesture: no valid gesture detected
04-17 12:48:20.007118   984  1089 W ASH     : @ 41229.682: touch gesture: no valid gesture detected
04-17 12:48:20.071218   984  1089 W ASH     : @ 41229.746: touch gesture: no valid gesture detected
04-17 12:48:20.135783   984  1089 W ASH     : @ 41229.811: touch gesture: no valid gesture detected
04-17 12:48:20.200279   984  1089 W ASH     : @ 41229.875: touch gesture: no valid gesture detected
04-17 12:48:20.264613   984  1089 W ASH     : @ 41229.939: touch gesture: no valid gesture detected
04-17 12:48:20.329107   984  1089 W ASH     : @ 41230.004: touch gesture: no valid gesture detected
04-17 12:48:20.393171   984  1089 W ASH     : @ 41230.068: touch gesture: no valid gesture detected
04-17 12:48:20.457768   984  1089 W ASH     : @ 41230.133: touch gesture: no valid gesture detected
04-17 12:48:20.522086   984  1089 W ASH     : @ 41230.197: touch gesture: no valid gesture detected
04-17 12:48:20.586890   984  1089 W ASH     : @ 41230.261: touch gesture: no valid gesture detected
04-17 12:48:20.652050   984  1089 W ASH     : @ 41230.326: touch gesture: no valid gesture detected
04-17 12:48:20.715653   984  1089 W ASH     : @ 41230.390: touch gesture: no valid gesture detected
04-17 12:48:20.779873   984  1089 W ASH     : @ 41230.455: touch gesture: no valid gesture detected
04-17 12:48:20.844299   984  1089 W ASH     : @ 41230.519: touch gesture: no valid gesture detected
04-17 12:48:20.908735   984  1089 W ASH     : @ 41230.583: touch gesture: no valid gesture detected
04-17 12:48:20.973034   984  1089 W ASH     : @ 41230.648: touch gesture: no valid gesture detected
04-17 12:48:21.037552   984  1089 W ASH     : @ 41230.712: touch gesture: no valid gesture detected
04-17 12:48:21.102238   984  1089 W ASH     : @ 41230.777: touch gesture: no valid gesture detected
04-17 12:48:21.166349   984  1089 W ASH     : @ 41230.841: touch gesture: no valid gesture detected
04-17 12:48:21.230580   984  1089 W ASH     : @ 41230.905: touch gesture: no valid gesture detected
04-17 12:48:21.295490   984  1089 W ASH     : @ 41230.970: touch gesture: no valid gesture detected
04-17 12:48:21.359620   984  1089 W ASH     : @ 41231.034: touch gesture: no valid gesture detected
04-17 12:48:21.423817   984  1089 W ASH     : @ 41231.099: touch gesture: no valid gesture detected
04-17 12:48:21.488615   984  1089 W ASH     : @ 41231.163: touch gesture: no valid gesture detected
04-17 12:48:21.552885   984  1089 W ASH     : @ 41231.227: touch gesture: no valid gesture detected
04-17 12:48:21.617485   984  1089 W ASH     : @ 41231.292: touch gesture: no valid gesture detected
--------- switch to kernel
04-17 12:48:21.650301     0     0 I         : c2   5832 google_charger: usbchg=USB typec=C usbv=5044 usbc=0 usbMv=5000 usbMc=450
04-17 12:48:21.650493     0     0 I         : c2   5832 sm7250_bms: MSC_PCS chg_state=1c2112c01030001 [0x1:1:3:4396:450] chg=u
04-17 12:48:21.650570     0     0 I         : c2   5832 google_battery: MSC_DIN chg_state=1c2112c01030001 f=0x1 chg_s=Not Charging chg_t=None vchg=4396 icl=450
04-17 12:48:21.652213     0     0 I         : c2   5832 google_battery: MSC_DSG vbatt_idx:4->4 vbatt=4396655 ibatt=-5187 fv_uv=4430000 cv_cnt=0 ov_cnt=0
04-17 12:48:21.652284     0     0 I         : c2   5832 google_battery: MSC_VOTE msc_state=2 cv_cnt=0 ov_cnt=0 temp_idx:2, vbatt_idx:4  fv_uv=4430000 cc_max=0 update_interval=-1
04-17 12:48:21.652380     0     0 I         : c2   5832 google_charger: MSC_CHG fv_uv=4430000, cc_max=0, rerun in 2000 ms (0)
--------- switch to main
04-17 12:48:21.682030   984  1089 W ASH     : @ 41231.356: touch gesture: no valid gesture detected
04-17 12:48:21.746121   984  1089 W ASH     : @ 41231.421: touch gesture: no valid gesture detected
04-17 12:48:21.810686   984  1089 W ASH     : @ 41231.485: touch gesture: no valid gesture detected
04-17 12:48:21.875372   984  1089 W ASH     : @ 41231.550: touch gesture: no valid gesture detected
04-17 12:48:21.939485   984  1089 W ASH     : @ 41231.614: touch gesture: no valid gesture detected
04-17 12:48:22.004059   984  1089 W ASH     : @ 41231.679: touch gesture: no valid gesture detected
04-17 12:48:22.068236   984  1089 W ASH     : @ 41231.743: touch gesture: no valid gesture detected
04-17 12:48:22.132457   984  1089 W ASH     : @ 41231.807: touch gesture: no valid gesture detected
04-17 12:48:22.197369   984  1089 W ASH     : @ 41231.872: touch gesture: no valid gesture detected
04-17 12:48:22.261926   984  1089 W ASH     : @ 41231.936: touch gesture: no valid gesture detected
04-17 12:48:22.326524   984  1089 W ASH     : @ 41232.001: touch gesture: no valid gesture detected
04-17 12:48:22.390814   984  1089 W ASH     : @ 41232.065: touch gesture: no valid gesture detected
04-17 12:48:22.455445   984  1089 W ASH     : @ 41232.130: touch gesture: no valid gesture detected
04-17 12:48:22.520085   984  1089 W ASH     : @ 41232.194: touch gesture: no valid gesture detected
04-17 12:48:22.584329   984  1089 W ASH     : @ 41232.259: touch gesture: no valid gesture detected
04-17 12:48:22.646953   984  1089 W ASH     : @ 41232.323: touch gesture: no valid gesture detected
04-17 12:48:22.713632   984  1089 W ASH     : @ 41232.388: touch gesture: no valid gesture detected
04-17 12:48:22.777382   984  1089 W ASH     : @ 41232.452: touch gesture: no valid gesture detected
04-17 12:48:22.840812   984  1089 W ASH     : @ 41232.517: touch gesture: no valid gesture detected
04-17 12:48:22.906472   984  1089 W ASH     : @ 41232.581: touch gesture: no valid gesture detected
04-17 12:48:22.971151   984  1089 W ASH     : @ 41232.646: touch gesture: no valid gesture detected
04-17 12:48:23.035676   984  1089 W ASH     : @ 41232.710: touch gesture: no valid gesture detected
04-17 12:48:23.100073   984  1089 W ASH     : @ 41232.775: touch gesture: no valid gesture detected
04-17 12:48:23.164717   984  1089 W ASH     : @ 41232.839: touch gesture: no valid gesture detected
04-17 12:48:23.229254   984  1089 W ASH     : @ 41232.904: touch gesture: no valid gesture detected
04-17 12:48:23.294171   984  1089 W ASH     : @ 41232.968: touch gesture: no valid gesture detected
04-17 12:48:23.358465   984  1089 W ASH     : @ 41233.033: touch gesture: no valid gesture detected
04-17 12:48:23.423129   984  1089 W ASH     : @ 41233.097: touch gesture: no valid gesture detected
04-17 12:48:23.486968   984  1089 W ASH     : @ 41233.162: touch gesture: no valid gesture detected
04-17 12:48:23.552003   984  1089 W ASH     : @ 41233.226: touch gesture: no valid gesture detected
04-17 12:48:23.616385   984  1089 W ASH     : @ 41233.291: touch gesture: no valid gesture detected
--------- switch to kernel
04-17 12:48:23.665026     0     0 I         : c2   5832 google_charger: usbchg=USB typec=C usbv=5042 usbc=0 usbMv=5000 usbMc=450
04-17 12:48:23.665359     0     0 I         : c2   5832 sm7250_bms: MSC_PCS chg_state=1c2112c01030001 [0x1:1:3:4396:450] chg=u
04-17 12:48:23.665444     0     0 I         : c2   5832 google_battery: MSC_DIN chg_state=1c2112c01030001 f=0x1 chg_s=Not Charging chg_t=None vchg=4396 icl=450
04-17 12:48:23.666940     0     0 I         : c2   5832 google_battery: MSC_DSG vbatt_idx:4->4 vbatt=4396655 ibatt=-5187 fv_uv=4430000 cv_cnt=0 ov_cnt=0
04-17 12:48:23.667008     0     0 I         : c2   5832 google_battery: MSC_VOTE msc_state=2 cv_cnt=0 ov_cnt=0 temp_idx:2, vbatt_idx:4  fv_uv=4430000 cc_max=0 update_interval=-1
04-17 12:48:23.667117     0     0 I         : c2   5832 google_charger: MSC_CHG fv_uv=4430000, cc_max=0, rerun in 2000 ms (0)
--------- switch to main
04-17 12:48:23.679278   984  1089 W ASH     : @ 41233.355: touch gesture: no valid gesture detected
04-17 12:48:23.745169   984  1089 W ASH     : @ 41233.420: touch gesture: no valid gesture detected
04-17 12:48:23.809878   984  1089 W ASH     : @ 41233.484: touch gesture: no valid gesture detected
04-17 12:48:23.874409   984  1089 W ASH     : @ 41233.549: touch gesture: no valid gesture detected
04-17 12:48:23.938957   984  1089 W ASH     : @ 41233.614: touch gesture: no valid gesture detected
04-17 12:48:24.003340   984  1089 W ASH     : @ 41233.678: touch gesture: no valid gesture detected
04-17 12:48:24.068064   984  1089 W ASH     : @ 41233.742: touch gesture: no valid gesture detected
04-17 12:48:24.132102   984  1089 W ASH     : @ 41233.807: touch gesture: no valid gesture detected
04-17 12:48:24.196774   984  1089 W ASH     : @ 41233.871: touch gesture: no valid gesture detected
04-17 12:48:24.261398   984  1089 W ASH     : @ 41233.936: touch gesture: no valid gesture detected
04-17 12:48:24.325671   984  1089 W ASH     : @ 41234.000: touch gesture: no valid gesture detected
04-17 12:48:24.390031   984  1089 W ASH     : @ 41234.065: touch gesture: no valid gesture detected
04-17 12:48:24.454519   984  1089 W ASH     : @ 41234.129: touch gesture: no valid gesture detected
04-17 12:48:24.518867   984  1089 W ASH     : @ 41234.194: touch gesture: no valid gesture detected
04-17 12:48:24.583570   984  1089 W ASH     : @ 41234.258: touch gesture: no valid gesture detected
04-17 12:48:24.648079   984  1089 W ASH     : @ 41234.323: touch gesture: no valid gesture detected
04-17 12:48:24.712577   984  1089 W ASH     : @ 41234.387: touch gesture: no valid gesture detected
04-17 12:48:24.777201   984  1089 W ASH     : @ 41234.452: touch gesture: no valid gesture detected
04-17 12:48:24.841777   984  1089 W ASH     : @ 41234.516: touch gesture: no valid gesture detected
04-17 12:48:24.906571   984  1089 W ASH     : @ 41234.581: touch gesture: no valid gesture detected
04-17 12:48:24.970309   984  1089 W ASH     : @ 41234.645: touch gesture: no valid gesture detected
04-17 12:48:25.034937   984  1089 W ASH     : @ 41234.710: touch gesture: no valid gesture detected
04-17 12:48:25.099307   984  1089 W ASH     : @ 41234.774: touch gesture: no valid gesture detected
04-17 12:48:25.163901   984  1089 W ASH     : @ 41234.838: touch gesture: no valid gesture detected
04-17 12:48:25.228017   984  1089 W ASH     : @ 41234.903: touch gesture: no valid gesture detected
04-17 12:48:25.292637   984  1089 W ASH     : @ 41234.967: touch gesture: no valid gesture detected
04-17 12:48:25.356866   984  1089 W ASH     : @ 41235.032: touch gesture: no valid gesture detected
04-17 12:48:25.421551   984  1089 W ASH     : @ 41235.096: touch gesture: no valid gesture detected
04-17 12:48:25.486045   984  1089 W ASH     : @ 41235.161: touch gesture: no valid gesture detected
04-17 12:48:25.550737   984  1089 W ASH     : @ 41235.225: touch gesture: no valid gesture detected
04-17 12:48:25.613898   984  1089 W ASH     : @ 41235.290: touch gesture: no valid gesture detected
04-17 12:48:25.679623   984  1089 W ASH     : @ 41235.354: touch gesture: no valid gesture detected
--------- switch to kernel
04-17 12:48:25.678773     0     0 I         : c2   5832 google_charger: usbchg=USB typec=C usbv=5033 usbc=0 usbMv=5000 usbMc=450
04-17 12:48:25.678962     0     0 I         : c2   5832 sm7250_bms: MSC_PCS chg_state=1c2112c01030001 [0x1:1:3:4396:450] chg=u
04-17 12:48:25.679037     0     0 I         : c2   5832 google_battery: MSC_DIN chg_state=1c2112c01030001 f=0x1 chg_s=Not Charging chg_t=None vchg=4396 icl=450
04-17 12:48:25.680795     0     0 I         : c2   5832 google_battery: MSC_DSG vbatt_idx:4->4 vbatt=4396655 ibatt=-5187 fv_uv=4430000 cv_cnt=0 ov_cnt=0
04-17 12:48:25.680861     0     0 I         : c2   5832 google_battery: MSC_VOTE msc_state=2 cv_cnt=0 ov_cnt=0 temp_idx:2, vbatt_idx:4  fv_uv=4430000 cc_max=0 update_interval=-1
04-17 12:48:25.680965     0     0 I         : c2   5832 google_charger: MSC_CHG fv_uv=4430000, cc_max=0, rerun in 2000 ms (0)
--------- switch to main
04-17 12:48:25.744111   984  1089 W ASH     : @ 41235.419: touch gesture: no valid gesture detected
04-17 12:48:25.808599   984  1089 W ASH     : @ 41235.483: touch gesture: no valid gesture detected
04-17 12:48:25.873126   984  1089 W ASH     : @ 41235.548: touch gesture: no valid gesture detected
04-17 12:48:25.937568   984  1089 W ASH     : @ 41235.612: touch gesture: no valid gesture detected
04-17 12:48:26.002136   984  1089 W ASH     : @ 41235.677: touch gesture: no valid gesture detected
04-17 12:48:26.066536   984  1089 W ASH     : @ 41235.741: touch gesture: no valid gesture detected
04-17 12:48:26.131258   984  1089 W ASH     : @ 41235.806: touch gesture: no valid gesture detected
04-17 12:48:26.195644   984  1089 W ASH     : @ 41235.870: touch gesture: no valid gesture detected
04-17 12:48:26.259859   984  1089 W ASH     : @ 41235.935: touch gesture: no valid gesture detected
04-17 12:48:26.324680   984  1089 W ASH     : @ 41235.999: touch gesture: no valid gesture detected
04-17 12:48:26.388570   984  1089 W ASH     : @ 41236.063: touch gesture: no valid gesture detected
04-17 12:48:26.453165   984  1089 W ASH     : @ 41236.128: touch gesture: no valid gesture detected
04-17 12:48:26.517807   984  1089 W ASH     : @ 41236.192: touch gesture: no valid gesture detected
04-17 12:48:26.581829   984  1089 W ASH     : @ 41236.257: touch gesture: no valid gesture detected
04-17 12:48:26.646228   984  1089 W ASH     : @ 41236.321: touch gesture: no valid gesture detected
04-17 12:48:26.709966   984  1089 W ASH     : @ 41236.385: touch gesture: no valid gesture detected
04-17 12:48:26.775528   984  1089 W ASH     : @ 41236.450: touch gesture: no valid gesture detected
04-17 12:48:26.839562   984  1089 W ASH     : @ 41236.514: touch gesture: no valid gesture detected
04-17 12:48:26.903799   984  1089 W ASH     : @ 41236.579: touch gesture: no valid gesture detected
04-17 12:48:26.968304   984  1089 W ASH     : @ 41236.643: touch gesture: no valid gesture detected
04-17 12:48:27.032853   984  1089 W ASH     : @ 41236.708: touch gesture: no valid gesture detected
04-17 12:48:27.097205   984  1089 W ASH     : @ 41236.772: touch gesture: no valid gesture detected
04-17 12:48:27.161808   984  1089 W ASH     : @ 41236.836: touch gesture: no valid gesture detected
04-17 12:48:27.225900   984  1089 W ASH     : @ 41236.901: touch gesture: no valid gesture detected
04-17 12:48:27.290324   984  1089 W ASH     : @ 41236.965: touch gesture: no valid gesture detected
04-17 12:48:27.354491   984  1089 W ASH     : @ 41237.029: touch gesture: no valid gesture detected
04-17 12:48:27.419149   984  1089 W ASH     : @ 41237.094: touch gesture: no valid gesture detected
04-17 12:48:27.483326   984  1089 W ASH     : @ 41237.158: touch gesture: no valid gesture detected
04-17 12:48:27.547811   984  1089 W ASH     : @ 41237.223: touch gesture: no valid gesture detected
04-17 12:48:27.612413   984  1089 W ASH     : @ 41237.287: touch gesture: no valid gesture detected
04-17 12:48:27.676523   984  1089 W ASH     : @ 41237.351: touch gesture: no valid gesture detected
--------- switch to kernel
04-17 12:48:27.694353     0     0 I         : c2   5832 google_charger: usbchg=USB typec=C usbv=5040 usbc=0 usbMv=5000 usbMc=450
04-17 12:48:27.694673     0     0 I         : c2   5832 sm7250_bms: MSC_PCS chg_state=1c2112c01030001 [0x1:1:3:4396:450] chg=u
04-17 12:48:27.694751     0     0 I         : c2   5832 google_battery: MSC_DIN chg_state=1c2112c01030001 f=0x1 chg_s=Not Charging chg_t=None vchg=4396 icl=450
04-17 12:48:27.696435     0     0 I         : c2   5832 google_battery: MSC_DSG vbatt_idx:4->4 vbatt=4396655 ibatt=-5187 fv_uv=4430000 cv_cnt=0 ov_cnt=0
04-17 12:48:27.696499     0     0 I         : c2   5832 google_battery: MSC_VOTE msc_state=2 cv_cnt=0 ov_cnt=0 temp_idx:2, vbatt_idx:4  fv_uv=4430000 cc_max=0 update_interval=-1
04-17 12:48:27.696603     0     0 I         : c2   5832 google_charger: MSC_CHG fv_uv=4430000, cc_max=0, rerun in 2000 ms (0)
--------- switch to main
04-17 12:48:27.740975   984  1089 W ASH     : @ 41237.416: touch gesture: no valid gesture detected
04-17 12:48:27.805249   984  1089 W ASH     : @ 41237.480: touch gesture: no valid gesture detected
04-17 12:48:27.869780   984  1089 W ASH     : @ 41237.545: touch gesture: no valid gesture detected
04-17 12:48:27.934225   984  1089 W ASH     : @ 41237.609: touch gesture: no valid gesture detected
04-17 12:48:27.998737   984  1089 W ASH     : @ 41237.673: touch gesture: no valid gesture detected
04-17 12:48:28.063509   984  1089 W ASH     : @ 41237.738: touch gesture: no valid gesture detected
04-17 12:48:28.126232   984  1089 W ASH     : @ 41237.802: touch gesture: no valid gesture detected
04-17 12:48:28.191969   984  1089 W ASH     : @ 41237.867: touch gesture: no valid gesture detected
04-17 12:48:28.256462   984  1089 W ASH     : @ 41237.931: touch gesture: no valid gesture detected
04-17 12:48:28.320568   984  1089 W ASH     : @ 41237.995: touch gesture: no valid gesture detected
04-17 12:48:28.385268   984  1089 W ASH     : @ 41238.060: touch gesture: no valid gesture detected
04-17 12:48:28.449361   984  1089 W ASH     : @ 41238.124: touch gesture: no valid gesture detected
04-17 12:48:28.514131   984  1089 W ASH     : @ 41238.189: touch gesture: no valid gesture detected
04-17 12:48:28.578589   984  1089 W ASH     : @ 41238.253: touch gesture: no valid gesture detected
04-17 12:48:28.642810   984  1089 W ASH     : @ 41238.318: touch gesture: no valid gesture detected
04-17 12:48:28.707481   984  1089 W ASH     : @ 41238.382: touch gesture: no valid gesture detected
04-17 12:48:28.772065   984  1089 W ASH     : @ 41238.446: touch gesture: no valid gesture detected
04-17 12:48:28.836017   984  1089 W ASH     : @ 41238.511: touch gesture: no valid gesture detected
04-17 12:48:28.900569   984  1089 W ASH     : @ 41238.575: touch gesture: no valid gesture detected
04-17 12:48:28.964672   984  1089 W ASH     : @ 41238.639: touch gesture: no valid gesture detected
04-17 12:48:29.029375   984  1089 W ASH     : @ 41238.704: touch gesture: no valid gesture detected
04-17 12:48:29.093489   984  1089 W ASH     : @ 41238.768: touch gesture: no valid gesture detected
04-17 12:48:29.158302   984  1089 W ASH     : @ 41238.833: touch gesture: no valid gesture detected
04-17 12:48:29.222124   984  1089 W ASH     : @ 41238.897: touch gesture: no valid gesture detected
04-17 12:48:29.286360   984  1089 W ASH     : @ 41238.961: touch gesture: no valid gesture detected
04-17 12:48:29.351398   984  1089 W ASH     : @ 41239.026: touch gesture: no valid gesture detected
04-17 12:48:29.415548   984  1089 W ASH     : @ 41239.090: touch gesture: no valid gesture detected
04-17 12:48:29.479900   984  1089 W ASH     : @ 41239.154: touch gesture: no valid gesture detected
04-17 12:48:29.544418   984  1089 W ASH     : @ 41239.219: touch gesture: no valid gesture detected
04-17 12:48:29.608641   984  1089 W ASH     : @ 41239.283: touch gesture: no valid gesture detected
04-17 12:48:29.673407   984  1089 W ASH     : @ 41239.348: touch gesture: no valid gesture detected
--------- switch to kernel
04-17 12:48:29.709390     0     0 I         : c2   5832 google_charger: usbchg=USB typec=C usbv=5049 usbc=0 usbMv=5000 usbMc=450
04-17 12:48:29.709571     0     0 I         : c2   5832 sm7250_bms: MSC_PCS chg_state=1c2112c01030001 [0x1:1:3:4396:450] chg=u
04-17 12:48:29.709633     0     0 I         : c2   5832 google_battery: MSC_DIN chg_state=1c2112c01030001 f=0x1 chg_s=Not Charging chg_t=None vchg=4396 icl=450
04-17 12:48:29.710995     0     0 I         : c2   5832 google_battery: MSC_DSG vbatt_idx:4->4 vbatt=4396655 ibatt=-5187 fv_uv=4430000 cv_cnt=0 ov_cnt=0
04-17 12:48:29.711263     0     0 I         : c2   5832 google_battery: MSC_VOTE msc_state=2 cv_cnt=0 ov_cnt=0 temp_idx:2, vbatt_idx:4  fv_uv=4430000 cc_max=0 update_interval=-1
04-17 12:48:29.711340     0     0 I         : c2   5832 google_charger: MSC_CHG fv_uv=4430000, cc_max=0, rerun in 2000 ms (0)
--------- switch to main
04-17 12:48:29.737414   984  1089 W ASH     : @ 41239.412: touch gesture: no valid gesture detected
04-17 12:48:29.801649   984  1089 W ASH     : @ 41239.476: touch gesture: no valid gesture detected
04-17 12:48:29.866268   984  1089 W ASH     : @ 41239.541: touch gesture: no valid gesture detected
04-17 12:48:29.930327   984  1089 W ASH     : @ 41239.605: touch gesture: no valid gesture detected
04-17 12:48:29.995110   984  1089 W ASH     : @ 41239.669: touch gesture: no valid gesture detected
04-17 12:48:30.059202   984  1089 W ASH     : @ 41239.734: touch gesture: no valid gesture detected
04-17 12:48:30.123163   984  1089 W ASH     : @ 41239.798: touch gesture: no valid gesture detected
04-17 12:48:30.187653   984  1089 W ASH     : @ 41239.863: touch gesture: no valid gesture detected
04-17 12:48:30.252196   984  1089 W ASH     : @ 41239.927: touch gesture: no valid gesture detected
04-17 12:48:30.316299   984  1089 W ASH     : @ 41239.991: touch gesture: no valid gesture detected
04-17 12:48:30.381523   984  1089 W ASH     : @ 41240.056: touch gesture: no valid gesture detected
04-17 12:48:30.445611   984  1089 W ASH     : @ 41240.120: touch gesture: no valid gesture detected
04-17 12:48:30.509678   984  1089 W ASH     : @ 41240.184: touch gesture: no valid gesture detected
04-17 12:48:30.574621   984  1089 W ASH     : @ 41240.249: touch gesture: no valid gesture detected
04-17 12:48:30.638970   984  1089 W ASH     : @ 41240.314: touch gesture: no valid gesture detected
04-17 12:48:30.703125   984  1089 W ASH     : @ 41240.378: touch gesture: no valid gesture detected
04-17 12:48:30.767611   984  1089 W ASH     : @ 41240.443: touch gesture: no valid gesture detected
04-17 12:48:30.832528   984  1089 W ASH     : @ 41240.507: touch gesture: no valid gesture detected
04-17 12:48:30.897021   984  1089 W ASH     : @ 41240.571: touch gesture: no valid gesture detected
--------- switch to kernel
04-17 12:48:30.936330     0     0 W         : c3    973 healthd: battery l=100 v=4396 t=22.4 h=2 st=5 c=5493 fc=3349000 cc=353 chg=u
--------- switch to main
04-17 12:48:30.959659   984  1089 W ASH     : @ 41240.636: touch gesture: no valid gesture detected
--------- switch to kernel
04-17 12:48:31.005628     0     0 I         : c4   5831 qcom_rpmh DRV:apps_rsc TCS Busy, retrying RPMH message send: addr=0x30000
04-17 12:48:31.005698     0     0 I         : c4   5831 qcom_rpmh DRV:apps_rsc TCS Busy, retrying RPMH message send: addr=0x30000
--------- switch to main
04-17 12:48:31.025972   984  1089 W ASH     : @ 41240.700: touch gesture: no valid gesture detected
04-17 12:48:31.090290   984  1089 W ASH     : @ 41240.765: touch gesture: no valid gesture detected
04-17 12:48:31.154966   984  1089 W ASH     : @ 41240.829: touch gesture: no valid gesture detected
04-17 12:48:31.219511   984  1089 W ASH     : @ 41240.894: touch gesture: no valid gesture detected
04-17 12:48:31.283726   984  1089 W ASH     : @ 41240.958: touch gesture: no valid gesture detected
04-17 12:48:31.348278   984  1089 W ASH     : @ 41241.023: touch gesture: no valid gesture detected
04-17 12:48:31.412529   984  1089 W ASH     : @ 41241.087: touch gesture: no valid gesture detected
04-17 12:48:31.476811   984  1089 W ASH     : @ 41241.152: touch gesture: no valid gesture detected
04-17 12:48:31.541452   984  1089 W ASH     : @ 41241.216: touch gesture: no valid gesture detected
04-17 12:48:31.605799   984  1089 W ASH     : @ 41241.281: touch gesture: no valid gesture detected
04-17 12:48:31.670031   984  1089 W ASH     : @ 41241.345: touch gesture: no valid gesture detected
--------- switch to kernel
04-17 12:48:31.727258     0     0 I         : c2   5832 google_charger: usbchg=USB typec=C usbv=5050 usbc=0 usbMv=5000 usbMc=450
04-17 12:48:31.727449     0     0 I         : c2   5832 sm7250_bms: MSC_PCS chg_state=1c2112c01030001 [0x1:1:3:4396:450] chg=u
04-17 12:48:31.727522     0     0 I         : c2   5832 google_battery: MSC_DIN chg_state=1c2112c01030001 f=0x1 chg_s=Not Charging chg_t=None vchg=4396 icl=450
04-17 12:48:31.728962     0     0 I         : c2   5832 google_battery: MSC_DSG vbatt_idx:4->4 vbatt=4396655 ibatt=-5493 fv_uv=4430000 cv_cnt=0 ov_cnt=0
04-17 12:48:31.729024     0     0 I         : c2   5832 google_battery: MSC_VOTE msc_state=2 cv_cnt=0 ov_cnt=0 temp_idx:2, vbatt_idx:4  fv_uv=4430000 cc_max=0 update_interval=-1
04-17 12:48:31.729119     0     0 I         : c2   5832 google_charger: MSC_CHG fv_uv=4430000, cc_max=0, rerun in 2000 ms (0)
--------- switch to main
04-17 12:48:31.733629   984  1089 W ASH     : @ 41241.409: touch gesture: no valid gesture detected
04-17 12:48:31.799084   984  1089 W ASH     : @ 41241.474: touch gesture: no valid gesture detected
04-17 12:48:31.863663   984  1089 W ASH     : @ 41241.538: touch gesture: no valid gesture detected
04-17 12:48:31.928241   984  1089 W ASH     : @ 41241.603: touch gesture: no valid gesture detected
04-17 12:48:31.992628   984  1089 W ASH     : @ 41241.667: touch gesture: no valid gesture detected
04-17 12:48:32.031646   990  1023 D rlsservice: MonitorDisplayStatus client num 0, display status 0, sensor status 0
04-17 12:48:32.057076   984  1089 W ASH     : @ 41241.732: touch gesture: no valid gesture detected
04-17 12:48:32.121566   984  1089 W ASH     : @ 41241.796: touch gesture: no valid gesture detected
04-17 12:48:32.186119   984  1089 W ASH     : @ 41241.861: touch gesture: no valid gesture detected
04-17 12:48:32.251045   984  1089 W ASH     : @ 41241.925: touch gesture: no valid gesture detected
04-17 12:48:32.315429   984  1089 W ASH     : @ 41241.990: touch gesture: no valid gesture detected
04-17 12:48:32.379581   984  1089 W ASH     : @ 41242.054: touch gesture: no valid gesture detected
04-17 12:48:32.442549   984  1089 W ASH     : @ 41242.119: touch gesture: no valid gesture detected
04-17 12:48:32.508725   984  1089 W ASH     : @ 41242.183: touch gesture: no valid gesture detected
04-17 12:48:32.573085   984  1089 W ASH     : @ 41242.248: touch gesture: no valid gesture detected
04-17 12:48:32.637368   984  1089 W ASH     : @ 41242.312: touch gesture: no valid gesture detected
04-17 12:48:32.702006   984  1089 W ASH     : @ 41242.376: touch gesture: no valid gesture detected
04-17 12:48:32.766067   984  1089 W ASH     : @ 41242.441: touch gesture: no valid gesture detected
04-17 12:48:32.830444   984  1089 W ASH     : @ 41242.505: touch gesture: no valid gesture detected
04-17 12:48:32.894889   984  1089 W ASH     : @ 41242.570: touch gesture: no valid gesture detected
04-17 12:48:32.959603   984  1089 W ASH     : @ 41242.634: touch gesture: no valid gesture detected
04-17 12:48:33.024036   984  1089 W ASH     : @ 41242.699: touch gesture: no valid gesture detected
04-17 12:48:33.087052   984  1089 W ASH     : @ 41242.763: touch gesture: no valid gesture detected
04-17 12:48:33.152605   984  1089 W ASH     : @ 41242.827: touch gesture: no valid gesture detected
04-17 12:48:33.217192   984  1089 W ASH     : @ 41242.892: touch gesture: no valid gesture detected
04-17 12:48:33.281867   984  1089 W ASH     : @ 41242.956: touch gesture: no valid gesture detected
04-17 12:48:33.346240   984  1089 W ASH     : @ 41243.021: touch gesture: no valid gesture detected
04-17 12:48:33.410499   984  1089 W ASH     : @ 41243.085: touch gesture: no valid gesture detected
04-17 12:48:33.475206   984  1089 W ASH     : @ 41243.150: touch gesture: no valid gesture detected
04-17 12:48:33.539504   984  1089 W ASH     : @ 41243.214: touch gesture: no valid gesture detected
04-17 12:48:33.604143   984  1089 W ASH     : @ 41243.278: touch gesture: no valid gesture detected
04-17 12:48:33.668218   984  1089 W ASH     : @ 41243.343: touch gesture: no valid gesture detected
04-17 12:48:33.732682   984  1089 W ASH     : @ 41243.407: touch gesture: no valid gesture detected
--------- switch to kernel
04-17 12:48:33.740236     0     0 I         : c2   5832 google_charger: usbchg=USB typec=C usbv=5038 usbc=0 usbMv=5000 usbMc=450
04-17 12:48:33.740408     0     0 I         : c2   5832 sm7250_bms: MSC_PCS chg_state=1c2112c01030001 [0x1:1:3:4396:450] chg=u
04-17 12:48:33.740475     0     0 I         : c2   5832 google_battery: MSC_DIN chg_state=1c2112c01030001 f=0x1 chg_s=Not Charging chg_t=None vchg=4396 icl=450
04-17 12:48:33.741959     0     0 I         : c2   5832 google_battery: MSC_DSG vbatt_idx:4->4 vbatt=4396655 ibatt=-5493 fv_uv=4430000 cv_cnt=0 ov_cnt=0
04-17 12:48:33.742016     0     0 I         : c2   5832 google_battery: MSC_VOTE msc_state=2 cv_cnt=0 ov_cnt=0 temp_idx:2, vbatt_idx:4  fv_uv=4430000 cc_max=0 update_interval=-1
04-17 12:48:33.742100     0     0 I         : c2   5832 google_charger: MSC_CHG fv_uv=4430000, cc_max=0, rerun in 2000 ms (0)
--------- switch to main
