04-17 04:25:45.653316   984  1089 W ASH     : @ 11075.331: touch gesture: no valid gesture detected
04-17 04:25:45.718275   984  1089 W ASH     : @ 11075.396: touch gesture: no valid gesture detected
04-17 04:25:45.782567   984  1089 W ASH     : @ 11075.460: touch gesture: no valid gesture detected
04-17 04:25:45.847134   984  1089 W ASH     : @ 11075.525: touch gesture: no valid gesture detected
04-17 04:25:45.911755   984  1089 W ASH     : @ 11075.589: touch gesture: no valid gesture detected
04-17 04:25:45.975923   984  1089 W ASH     : @ 11075.654: touch gesture: no valid gesture detected
04-17 04:25:46.040166   984  1089 W ASH     : @ 11075.718: touch gesture: no valid gesture detected
04-17 04:25:46.104845   984  1089 W ASH     : @ 11075.782: touch gesture: no valid gesture detected
04-17 04:25:46.169019   984  1089 W ASH     : @ 11075.847: touch gesture: no valid gesture detected
04-17 04:25:46.233414   984  1089 W ASH     : @ 11075.911: touch gesture: no valid gesture detected
04-17 04:25:46.297835   984  1089 W ASH     : @ 11075.976: touch gesture: no valid gesture detected
04-17 04:25:46.362595   984  1089 W ASH     : @ 11076.040: touch gesture: no valid gesture detected
04-17 04:25:46.426934   984  1089 W ASH     : @ 11076.104: touch gesture: no valid gesture detected
--------- switch to kernel
04-17 04:25:46.479378     0     0 I         : c1   5371 google_charger: usbchg=USB typec=C usbv=4981 usbc=112 usbMv=5000 usbMc=450
04-17 04:25:46.479573     0     0 I         : c1   5371 sm7250_bms: MSC_PCS chg_state=1c2116004010009 [0x9:4:1:4448:450] chg=u
04-17 04:25:46.479654     0     0 I         : c1   5371 google_battery: MSC_DIN chg_state=1c2116004010009 f=0x9 chg_s=Charging chg_t=Taper vchg=4448 icl=450
04-17 04:25:46.481434     0     0 I         : c1   5371 google_battery: MSC_STEADY vt=4430000 vb=4448233 fv_uv=4430000 margin=100000
04-17 04:25:46.481461     0     0 I         : c1   5371 google_battery: hold not defined for msc_state=10
04-17 04:25:46.481485     0     0 I         : c1   5371 google_battery: MSC_RSTC vt=4430000 vb=4448233 fv_uv=4430000 ibatt=-157165 cc_next_max=120000 t_cnt=0
04-17 04:25:46.481501     0     0 I         : c1   5371 google_battery: hold not defined for msc_state=14
04-17 04:25:46.481552     0     0 I         : c1   5371 google_battery: MSC_VOTE msc_state=14 cv_cnt=0 ov_cnt=0 temp_idx:2, vbatt_idx:4  fv_uv=4430000 cc_max=600000 update_interval=2000
04-17 04:25:46.481654     0     0 I         : c1   5371 google_charger: MSC_CHG fv_uv=4430000, cc_max=600000, rerun in 2000 ms (0)
--------- switch to main
04-17 04:25:46.489725   984  1089 W ASH     : @ 11076.169: touch gesture: no valid gesture detected
04-17 04:25:46.555755   984  1089 W ASH     : @ 11076.233: touch gesture: no valid gesture detected
04-17 04:25:46.619733   984  1089 W ASH     : @ 11076.298: touch gesture: no valid gesture detected
04-17 04:25:46.683126   984  1089 W ASH     : @ 11076.362: touch gesture: no valid gesture detected
04-17 04:25:46.748742   984  1089 W ASH     : @ 11076.426: touch gesture: no valid gesture detected
04-17 04:25:46.812997   984  1089 W ASH     : @ 11076.491: touch gesture: no valid gesture detected
04-17 04:25:46.877311   984  1089 W ASH     : @ 11076.555: touch gesture: no valid gesture detected
04-17 04:25:46.941837   984  1089 W ASH     : @ 11076.620: touch gesture: no valid gesture detected
04-17 04:25:47.005884   984  1089 W ASH     : @ 11076.684: touch gesture: no valid gesture detected
04-17 04:25:47.070688   984  1089 W ASH     : @ 11076.748: touch gesture: no valid gesture detected
04-17 04:25:47.135171   984  1089 W ASH     : @ 11076.813: touch gesture: no valid gesture detected
04-17 04:25:47.199272   984  1089 W ASH     : @ 11076.877: touch gesture: no valid gesture detected
04-17 04:25:47.263767   984  1089 W ASH     : @ 11076.941: touch gesture: no valid gesture detected
04-17 04:25:47.328462   984  1089 W ASH     : @ 11077.006: touch gesture: no valid gesture detected
04-17 04:25:47.393288   984  1089 W ASH     : @ 11077.070: touch gesture: no valid gesture detected
04-17 04:25:47.456871   984  1089 W ASH     : @ 11077.135: touch gesture: no valid gesture detected
04-17 04:25:47.521825   984  1089 W ASH     : @ 11077.199: touch gesture: no valid gesture detected
04-17 04:25:47.586088   984  1089 W ASH     : @ 11077.264: touch gesture: no valid gesture detected
04-17 04:25:47.649902   984  1089 W ASH     : @ 11077.328: touch gesture: no valid gesture detected
04-17 04:25:47.715223   984  1089 W ASH     : @ 11077.393: touch gesture: no valid gesture detected
04-17 04:25:47.777988   984  1089 W ASH     : @ 11077.457: touch gesture: no valid gesture detected
04-17 04:25:47.843588   984  1089 W ASH     : @ 11077.521: touch gesture: no valid gesture detected
04-17 04:25:47.907950   984  1089 W ASH     : @ 11077.586: touch gesture: no valid gesture detected
04-17 04:25:47.972488   984  1089 W ASH     : @ 11077.650: touch gesture: no valid gesture detected
04-17 04:25:48.036827   984  1089 W ASH     : @ 11077.714: touch gesture: no valid gesture detected
04-17 04:25:48.101949   984  1089 W ASH     : @ 11077.779: touch gesture: no valid gesture detected
04-17 04:25:48.166383   984  1089 W ASH     : @ 11077.844: touch gesture: no valid gesture detected
04-17 04:25:48.230260   984  1089 W ASH     : @ 11077.908: touch gesture: no valid gesture detected
04-17 04:25:48.294585   984  1089 W ASH     : @ 11077.973: touch gesture: no valid gesture detected
04-17 04:25:48.359424   984  1089 W ASH     : @ 11078.037: touch gesture: no valid gesture detected
04-17 04:25:48.423885   984  1089 W ASH     : @ 11078.102: touch gesture: no valid gesture detected
04-17 04:25:48.486964   984  1089 W ASH     : @ 11078.166: touch gesture: no valid gesture detected
--------- switch to kernel
04-17 04:25:48.487569     0     0 I         : c1   5371 google_charger: usbchg=USB typec=C usbv=4980 usbc=144 usbMv=5000 usbMc=450
04-17 04:25:48.487745     0     0 I         : c1   5371 sm7250_bms: MSC_PCS chg_state=1c2116004010009 [0x9:4:1:4448:450] chg=u
04-17 04:25:48.487797     0     0 I         : c1   5371 google_battery: MSC_DIN chg_state=1c2116004010009 f=0x9 chg_s=Charging chg_t=Taper vchg=4448 icl=450
04-17 04:25:48.489375     0     0 I         : c1   5371 google_battery: MSC_STEADY vt=4430000 vb=4448233 fv_uv=4430000 margin=100000
04-17 04:25:48.489399     0     0 I         : c1   5371 google_battery: hold not defined for msc_state=10
04-17 04:25:48.489423     0     0 I         : c1   5371 google_battery: MSC_RSTC vt=4430000 vb=4448233 fv_uv=4430000 ibatt=-155029 cc_next_max=120000 t_cnt=0
04-17 04:25:48.489439     0     0 I         : c1   5371 google_battery: hold not defined for msc_state=14
04-17 04:25:48.489493     0     0 I         : c1   5371 google_battery: MSC_VOTE msc_state=14 cv_cnt=0 ov_cnt=0 temp_idx:2, vbatt_idx:4  fv_uv=4430000 cc_max=600000 update_interval=2000
04-17 04:25:48.489575     0     0 I         : c1   5371 google_charger: MSC_CHG fv_uv=4430000, cc_max=600000, rerun in 2000 ms (0)
--------- switch to main
04-17 04:25:48.552803   984  1089 W ASH     : @ 11078.230: touch gesture: no valid gesture detected
04-17 04:25:48.616758   984  1089 W ASH     : @ 11078.295: touch gesture: no valid gesture detected
04-17 04:25:48.681239   984  1089 W ASH     : @ 11078.359: touch gesture: no valid gesture detected
04-17 04:25:48.745741   984  1089 W ASH     : @ 11078.423: touch gesture: no valid gesture detected
04-17 04:25:48.810180   984  1089 W ASH     : @ 11078.488: touch gesture: no valid gesture detected
04-17 04:25:48.874490   984  1089 W ASH     : @ 11078.552: touch gesture: no valid gesture detected
04-17 04:25:48.938750   984  1089 W ASH     : @ 11078.617: touch gesture: no valid gesture detected
04-17 04:25:49.003390   984  1089 W ASH     : @ 11078.681: touch gesture: no valid gesture detected
04-17 04:25:49.067904   984  1089 W ASH     : @ 11078.745: touch gesture: no valid gesture detected
04-17 04:25:49.132215   984  1089 W ASH     : @ 11078.810: touch gesture: no valid gesture detected
04-17 04:25:49.196529   984  1089 W ASH     : @ 11078.874: touch gesture: no valid gesture detected
04-17 04:25:49.260995   984  1089 W ASH     : @ 11078.939: touch gesture: no valid gesture detected
04-17 04:25:49.324138   984  1089 W ASH     : @ 11079.003: touch gesture: no valid gesture detected
04-17 04:25:49.389702   984  1089 W ASH     : @ 11079.068: touch gesture: no valid gesture detected
04-17 04:25:49.454383   984  1089 W ASH     : @ 11079.132: touch gesture: no valid gesture detected
04-17 04:25:49.518894   984  1089 W ASH     : @ 11079.196: touch gesture: no valid gesture detected
04-17 04:25:49.583219   984  1089 W ASH     : @ 11079.261: touch gesture: no valid gesture detected
04-17 04:25:49.647403   984  1089 W ASH     : @ 11079.325: touch gesture: no valid gesture detected
04-17 04:25:49.712096   984  1089 W ASH     : @ 11079.390: touch gesture: no valid gesture detected
04-17 04:25:49.776544   984  1089 W ASH     : @ 11079.454: touch gesture: no valid gesture detected
04-17 04:25:49.840873   984  1089 W ASH     : @ 11079.519: touch gesture: no valid gesture detected
04-17 04:25:49.905311   984  1089 W ASH     : @ 11079.583: touch gesture: no valid gesture detected
04-17 04:25:49.969775   984  1089 W ASH     : @ 11079.647: touch gesture: no valid gesture detected
04-17 04:25:50.034613   984  1089 W ASH     : @ 11079.712: touch gesture: no valid gesture detected
04-17 04:25:50.098452   984  1089 W ASH     : @ 11079.776: touch gesture: no valid gesture detected
04-17 04:25:50.162844   984  1089 W ASH     : @ 11079.841: touch gesture: no valid gesture detected
04-17 04:25:50.227378   984  1089 W ASH     : @ 11079.905: touch gesture: no valid gesture detected
04-17 04:25:50.291945   984  1089 W ASH     : @ 11079.969: touch gesture: no valid gesture detected
04-17 04:25:50.355991   984  1089 W ASH     : @ 11080.034: touch gesture: no valid gesture detected
04-17 04:25:50.420277   984  1089 W ASH     : @ 11080.098: touch gesture: no valid gesture detected
04-17 04:25:50.484942   984  1089 W ASH     : @ 11080.163: touch gesture: no valid gesture detected
--------- switch to kernel
04-17 04:25:50.493465     0     0 I         : c1   5371 google_charger: usbchg=USB typec=C usbv=4997 usbc=94 usbMv=5000 usbMc=450
04-17 04:25:50.493844     0     0 I         : c1   5371 sm7250_bms: MSC_PCS chg_state=1c2115f04010009 [0x9:4:1:4447:450] chg=u
04-17 04:25:50.493941     0     0 I         : c1   5371 google_battery: MSC_DIN chg_state=1c2115f04010009 f=0x9 chg_s=Charging chg_t=Taper vchg=4447 icl=450
04-17 04:25:50.495141     0     0 I         : c1   5371 google_battery: MSC_STEADY vt=4430000 vb=4447844 fv_uv=4430000 margin=100000
04-17 04:25:50.495172     0     0 I         : c1   5371 google_battery: hold not defined for msc_state=10
04-17 04:25:50.495198     0     0 I         : c1   5371 google_battery: MSC_RSTC vt=4430000 vb=4447844 fv_uv=4430000 ibatt=-151672 cc_next_max=120000 t_cnt=0
04-17 04:25:50.495216     0     0 I         : c1   5371 google_battery: hold not defined for msc_state=14
04-17 04:25:50.495273     0     0 I         : c1   5371 google_battery: MSC_VOTE msc_state=14 cv_cnt=0 ov_cnt=0 temp_idx:2, vbatt_idx:4  fv_uv=4430000 cc_max=600000 update_interval=2000
04-17 04:25:50.495362     0     0 I         : c1   5371 google_charger: MSC_CHG fv_uv=4430000, cc_max=600000, rerun in 2000 ms (0)
--------- switch to main
04-17 04:25:50.548995   984  1089 W ASH     : @ 11080.227: touch gesture: no valid gesture detected
04-17 04:25:50.613746   984  1089 W ASH     : @ 11080.291: touch gesture: no valid gesture detected
04-17 04:25:50.678236   984  1089 W ASH     : @ 11080.356: touch gesture: no valid gesture detected
04-17 04:25:50.742854   984  1089 W ASH     : @ 11080.420: touch gesture: no valid gesture detected
04-17 04:25:50.806875   984  1089 W ASH     : @ 11080.484: touch gesture: no valid gesture detected
04-17 04:25:50.871252   984  1089 W ASH     : @ 11080.549: touch gesture: no valid gesture detected
04-17 04:25:50.935632   984  1089 W ASH     : @ 11080.613: touch gesture: no valid gesture detected
04-17 04:25:50.999877   984  1089 W ASH     : @ 11080.678: touch gesture: no valid gesture detected
04-17 04:25:51.064107   984  1089 W ASH     : @ 11080.742: touch gesture: no valid gesture detected
04-17 04:25:51.127011   984  1089 W ASH     : @ 11080.806: touch gesture: no valid gesture detected
04-17 04:25:51.193014   984  1089 W ASH     : @ 11080.871: touch gesture: no valid gesture detected
04-17 04:25:51.257392   984  1089 W ASH     : @ 11080.935: touch gesture: no valid gesture detected
04-17 04:25:51.321709   984  1089 W ASH     : @ 11080.999: touch gesture: no valid gesture detected
04-17 04:25:51.385864   984  1089 W ASH     : @ 11081.064: touch gesture: no valid gesture detected
04-17 04:25:51.450461   984  1089 W ASH     : @ 11081.128: touch gesture: no valid gesture detected
04-17 04:25:51.514934   984  1089 W ASH     : @ 11081.192: touch gesture: no valid gesture detected
04-17 04:25:51.579321   984  1089 W ASH     : @ 11081.257: touch gesture: no valid gesture detected
04-17 04:25:51.643663   984  1089 W ASH     : @ 11081.321: touch gesture: no valid gesture detected
04-17 04:25:51.707864   984  1089 W ASH     : @ 11081.385: touch gesture: no valid gesture detected
04-17 04:25:51.772361   984  1089 W ASH     : @ 11081.450: touch gesture: no valid gesture detected
04-17 04:25:51.836576   984  1089 W ASH     : @ 11081.514: touch gesture: no valid gesture detected
04-17 04:25:51.901544   984  1089 W ASH     : @ 11081.579: touch gesture: no valid gesture detected
04-17 04:25:51.965592   984  1089 W ASH     : @ 11081.643: touch gesture: no valid gesture detected
04-17 04:25:52.030088   984  1089 W ASH     : @ 11081.707: touch gesture: no valid gesture detected
04-17 04:25:52.094053   984  1089 W ASH     : @ 11081.772: touch gesture: no valid gesture detected
04-17 04:25:52.158451   984  1089 W ASH     : @ 11081.836: touch gesture: no valid gesture detected
04-17 04:25:52.223108   984  1089 W ASH     : @ 11081.901: touch gesture: no valid gesture detected
04-17 04:25:52.287583   984  1089 W ASH     : @ 11081.965: touch gesture: no valid gesture detected
04-17 04:25:52.352324   984  1089 W ASH     : @ 11082.030: touch gesture: no valid gesture detected
04-17 04:25:52.416535   984  1089 W ASH     : @ 11082.094: touch gesture: no valid gesture detected
04-17 04:25:52.481044   984  1089 W ASH     : @ 11082.159: touch gesture: no valid gesture detected
--------- switch to kernel
04-17 04:25:52.504301     0     0 I         : c1   5371 google_charger: usbchg=USB typec=C usbv=4992 usbc=113 usbMv=5000 usbMc=450
04-17 04:25:52.504492     0     0 I         : c1   5371 sm7250_bms: MSC_PCS chg_state=1c2115f04010009 [0x9:4:1:4447:450] chg=u
04-17 04:25:52.504573     0     0 I         : c1   5371 google_battery: MSC_DIN chg_state=1c2115f04010009 f=0x9 chg_s=Charging chg_t=Taper vchg=4447 icl=450
04-17 04:25:52.506315     0     0 I         : c1   5371 google_battery: MSC_STEADY vt=4430000 vb=4447650 fv_uv=4430000 margin=100000
04-17 04:25:52.506343     0     0 I         : c1   5371 google_battery: hold not defined for msc_state=10
04-17 04:25:52.506369     0     0 I         : c1   5371 google_battery: MSC_RSTC vt=4430000 vb=4447650 fv_uv=4430000 ibatt=-147400 cc_next_max=120000 t_cnt=0
04-17 04:25:52.506387     0     0 I         : c1   5371 google_battery: hold not defined for msc_state=14
04-17 04:25:52.506443     0     0 I         : c1   5371 google_battery: MSC_VOTE msc_state=14 cv_cnt=0 ov_cnt=0 temp_idx:2, vbatt_idx:4  fv_uv=4430000 cc_max=600000 update_interval=2000
04-17 04:25:52.506553     0     0 I         : c1   5371 google_charger: MSC_CHG fv_uv=4430000, cc_max=600000, rerun in 2000 ms (0)
--------- switch to main
04-17 04:25:52.545532   984  1089 W ASH     : @ 11082.223: touch gesture: no valid gesture detected
04-17 04:25:52.610063   984  1089 W ASH     : @ 11082.288: touch gesture: no valid gesture detected
04-17 04:25:52.674277   984  1089 W ASH     : @ 11082.352: touch gesture: no valid gesture detected
04-17 04:25:52.738946   984  1089 W ASH     : @ 11082.417: touch gesture: no valid gesture detected
04-17 04:25:52.803249   984  1089 W ASH     : @ 11082.481: touch gesture: no valid gesture detected
04-17 04:25:52.868254   984  1089 W ASH     : @ 11082.546: touch gesture: no valid gesture detected
04-17 04:25:52.932486   984  1089 W ASH     : @ 11082.610: touch gesture: no valid gesture detected
04-17 04:25:52.996933   984  1089 W ASH     : @ 11082.675: touch gesture: no valid gesture detected
04-17 04:25:53.061620   984  1089 W ASH     : @ 11082.739: touch gesture: no valid gesture detected
04-17 04:25:53.125953   984  1089 W ASH     : @ 11082.804: touch gesture: no valid gesture detected
04-17 04:25:53.190620   984  1089 W ASH     : @ 11082.868: touch gesture: no valid gesture detected
04-17 04:25:53.255241   984  1089 W ASH     : @ 11082.933: touch gesture: no valid gesture detected
04-17 04:25:53.319761   984  1089 W ASH     : @ 11082.997: touch gesture: no valid gesture detected
04-17 04:25:53.384229   984  1089 W ASH     : @ 11083.062: touch gesture: no valid gesture detected
04-17 04:25:53.448931   984  1089 W ASH     : @ 11083.126: touch gesture: no valid gesture detected
04-17 04:25:53.512465   984  1089 W ASH     : @ 11083.191: touch gesture: no valid gesture detected
04-17 04:25:53.578139   984  1089 W ASH     : @ 11083.255: touch gesture: no valid gesture detected
04-17 04:25:53.642494   984  1089 W ASH     : @ 11083.320: touch gesture: no valid gesture detected
04-17 04:25:53.707056   984  1089 W ASH     : @ 11083.384: touch gesture: no valid gesture detected
04-17 04:25:53.771629   984  1089 W ASH     : @ 11083.449: touch gesture: no valid gesture detected
04-17 04:25:53.836074   984  1089 W ASH     : @ 11083.513: touch gesture: no valid gesture detected
04-17 04:25:53.900755   984  1089 W ASH     : @ 11083.578: touch gesture: no valid gesture detected
04-17 04:25:53.964911   984  1089 W ASH     : @ 11083.642: touch gesture: no valid gesture detected
04-17 04:25:54.029409   984  1089 W ASH     : @ 11083.707: touch gesture: no valid gesture detected
04-17 04:25:54.093487   984  1089 W ASH     : @ 11083.771: touch gesture: no valid gesture detected
04-17 04:25:54.158324   984  1089 W ASH     : @ 11083.836: touch gesture: no valid gesture detected
04-17 04:25:54.222271   984  1089 W ASH     : @ 11083.900: touch gesture: no valid gesture detected
04-17 04:25:54.287060   984  1089 W ASH     : @ 11083.964: touch gesture: no valid gesture detected
04-17 04:25:54.351480   984  1089 W ASH     : @ 11084.029: touch gesture: no valid gesture detected
04-17 04:25:54.415750   984  1089 W ASH     : @ 11084.093: touch gesture: no valid gesture detected
04-17 04:25:54.480296   984  1089 W ASH     : @ 11084.158: touch gesture: no valid gesture detected
--------- switch to kernel
04-17 04:25:54.514453     0     0 I         : c1   5371 google_charger: usbchg=USB typec=C usbv=4976 usbc=186 usbMv=5000 usbMc=450
04-17 04:25:54.514632     0     0 I         : c1   5371 sm7250_bms: MSC_PCS chg_state=1c2116004010009 [0x9:4:1:4448:450] chg=u
04-17 04:25:54.514703     0     0 I         : c1   5371 google_battery: MSC_DIN chg_state=1c2116004010009 f=0x9 chg_s=Charging chg_t=Taper vchg=4448 icl=450
04-17 04:25:54.516327     0     0 I         : c1   5371 google_battery: MSC_STEADY vt=4430000 vb=4448233 fv_uv=4430000 margin=100000
04-17 04:25:54.516352     0     0 I         : c1   5371 google_battery: hold not defined for msc_state=10
04-17 04:25:54.516376     0     0 I         : c1   5371 google_battery: MSC_RSTC vt=4430000 vb=4448233 fv_uv=4430000 ibatt=-156555 cc_next_max=120000 t_cnt=0
04-17 04:25:54.516392     0     0 I         : c1   5371 google_battery: hold not defined for msc_state=14
04-17 04:25:54.516445     0     0 I         : c1   5371 google_battery: MSC_VOTE msc_state=14 cv_cnt=0 ov_cnt=0 temp_idx:2, vbatt_idx:4  fv_uv=4430000 cc_max=600000 update_interval=2000
04-17 04:25:54.516548     0     0 I         : c1   5371 google_charger: MSC_CHG fv_uv=4430000, cc_max=600000, rerun in 2000 ms (0)
--------- switch to main
04-17 04:25:54.544547   984  1089 W ASH     : @ 11084.222: touch gesture: no valid gesture detected
04-17 04:25:54.608750   984  1089 W ASH     : @ 11084.287: touch gesture: no valid gesture detected
04-17 04:25:54.673194   984  1089 W ASH     : @ 11084.351: touch gesture: no valid gesture detected
04-17 04:25:54.737736   984  1089 W ASH     : @ 11084.415: touch gesture: no valid gesture detected
04-17 04:25:54.802137   984  1089 W ASH     : @ 11084.480: touch gesture: no valid gesture detected
04-17 04:25:54.866693   984  1089 W ASH     : @ 11084.544: touch gesture: no valid gesture detected
04-17 04:25:54.931521   984  1089 W ASH     : @ 11084.609: touch gesture: no valid gesture detected
04-17 04:25:54.995418   984  1089 W ASH     : @ 11084.673: touch gesture: no valid gesture detected
04-17 04:25:55.059048   984  1089 W ASH     : @ 11084.738: touch gesture: no valid gesture detected
04-17 04:25:55.124565   984  1089 W ASH     : @ 11084.802: touch gesture: no valid gesture detected
04-17 04:25:55.188945   984  1089 W ASH     : @ 11084.867: touch gesture: no valid gesture detected
04-17 04:25:55.253314   984  1089 W ASH     : @ 11084.931: touch gesture: no valid gesture detected
04-17 04:25:55.317740   984  1089 W ASH     : @ 11084.995: touch gesture: no valid gesture detected
04-17 04:25:55.382040   984  1089 W ASH     : @ 11085.060: touch gesture: no valid gesture detected
04-17 04:25:55.446599   984  1089 W ASH     : @ 11085.124: touch gesture: no valid gesture detected
04-17 04:25:55.510272   984  1089 W ASH     : @ 11085.189: touch gesture: no valid gesture detected
04-17 04:25:55.575140   984  1089 W ASH     : @ 11085.253: touch gesture: no valid gesture detected
04-17 04:25:55.639507   984  1089 W ASH     : @ 11085.317: touch gesture: no valid gesture detected
04-17 04:25:55.703781   984  1089 W ASH     : @ 11085.382: touch gesture: no valid gesture detected
04-17 04:25:55.768641   984  1089 W ASH     : @ 11085.446: touch gesture: no valid gesture detected
04-17 04:25:55.832770   984  1089 W ASH     : @ 11085.510: touch gesture: no valid gesture detected
04-17 04:25:55.897384   984  1089 W ASH     : @ 11085.575: touch gesture: no valid gesture detected
04-17 04:25:55.961635   984  1089 W ASH     : @ 11085.639: touch gesture: no valid gesture detected
04-17 04:25:56.025753   984  1089 W ASH     : @ 11085.704: touch gesture: no valid gesture detected
04-17 04:25:56.090257   984  1089 W ASH     : @ 11085.768: touch gesture: no valid gesture detected
04-17 04:25:56.155119   984  1089 W ASH     : @ 11085.833: touch gesture: no valid gesture detected
04-17 04:25:56.219353   984  1089 W ASH     : @ 11085.897: touch gesture: no valid gesture detected
04-17 04:25:56.283858   984  1089 W ASH     : @ 11085.962: touch gesture: no valid gesture detected
04-17 04:25:56.348610   984  1089 W ASH     : @ 11086.026: touch gesture: no valid gesture detected
04-17 04:25:56.412758   984  1089 W ASH     : @ 11086.090: touch gesture: no valid gesture detected
04-17 04:25:56.477230   984  1089 W ASH     : @ 11086.155: touch gesture: no valid gesture detected
--------- switch to kernel
04-17 04:25:56.525266     0     0 I         : c1   5371 google_charger: usbchg=USB typec=C usbv=4955 usbc=173 usbMv=5000 usbMc=450
04-17 04:25:56.525435     0     0 I         : c1   5371 sm7250_bms: MSC_PCS chg_state=1c2116004010009 [0x9:4:1:4448:450] chg=u
04-17 04:25:56.525499     0     0 I         : c1   5371 google_battery: MSC_DIN chg_state=1c2116004010009 f=0x9 chg_s=Charging chg_t=Taper vchg=4448 icl=450
04-17 04:25:56.526852     0     0 I         : c1   5371 google_battery: MSC_STEADY vt=4430000 vb=4448233 fv_uv=4430000 margin=100000
04-17 04:25:56.526873     0     0 I         : c1   5371 google_battery: hold not defined for msc_state=10
04-17 04:25:56.526897     0     0 I         : c1   5371 google_battery: MSC_RSTC vt=4430000 vb=4448233 fv_uv=4430000 ibatt=-155334 cc_next_max=120000 t_cnt=0
04-17 04:25:56.526914     0     0 I         : c1   5371 google_battery: hold not defined for msc_state=14
04-17 04:25:56.527181     0     0 I         : c1   5371 google_battery: MSC_VOTE msc_state=14 cv_cnt=0 ov_cnt=0 temp_idx:2, vbatt_idx:4  fv_uv=4430000 cc_max=600000 update_interval=2000
04-17 04:25:56.527264     0     0 I         : c1   5371 google_charger: MSC_CHG fv_uv=4430000, cc_max=600000, rerun in 2000 ms (0)
--------- switch to main
04-17 04:25:56.541786   984  1089 W ASH     : @ 11086.219: touch gesture: no valid gesture detected
04-17 04:25:56.606140   984  1089 W ASH     : @ 11086.284: touch gesture: no valid gesture detected
04-17 04:25:56.670493   984  1089 W ASH     : @ 11086.348: touch gesture: no valid gesture detected
04-17 04:25:56.735275   984  1089 W ASH     : @ 11086.413: touch gesture: no valid gesture detected
04-17 04:25:56.799564   984  1089 W ASH     : @ 11086.477: touch gesture: no valid gesture detected
04-17 04:25:56.863929   984  1089 W ASH     : @ 11086.542: touch gesture: no valid gesture detected
04-17 04:25:56.928444   984  1089 W ASH     : @ 11086.606: touch gesture: no valid gesture detected
04-17 04:25:56.992986   984  1089 W ASH     : @ 11086.671: touch gesture: no valid gesture detected
04-17 04:25:57.057171   984  1089 W ASH     : @ 11086.735: touch gesture: no valid gesture detected
04-17 04:25:57.121808   984  1089 W ASH     : @ 11086.799: touch gesture: no valid gesture detected
04-17 04:25:57.186115   984  1089 W ASH     : @ 11086.864: touch gesture: no valid gesture detected
04-17 04:25:57.250573   984  1089 W ASH     : @ 11086.928: touch gesture: no valid gesture detected
04-17 04:25:57.315141   984  1089 W ASH     : @ 11086.993: touch gesture: no valid gesture detected
04-17 04:25:57.379651   984  1089 W ASH     : @ 11087.057: touch gesture: no valid gesture detected
04-17 04:25:57.443752   984  1089 W ASH     : @ 11087.122: touch gesture: no valid gesture detected
04-17 04:25:57.508390   984  1089 W ASH     : @ 11087.186: touch gesture: no valid gesture detected
04-17 04:25:57.571821   984  1089 W ASH     : @ 11087.251: touch gesture: no valid gesture detected
04-17 04:25:57.637582   984  1089 W ASH     : @ 11087.315: touch gesture: no valid gesture detected
04-17 04:25:57.701915   984  1089 W ASH     : @ 11087.379: touch gesture: no valid gesture detected
04-17 04:25:57.766270   984  1089 W ASH     : @ 11087.444: touch gesture: no valid gesture detected
04-17 04:25:57.830481   984  1089 W ASH     : @ 11087.508: touch gesture: no valid gesture detected
04-17 04:25:57.895250   984  1089 W ASH     : @ 11087.573: touch gesture: no valid gesture detected
04-17 04:25:57.959704   984  1089 W ASH     : @ 11087.637: touch gesture: no valid gesture detected
04-17 04:25:58.024333   984  1089 W ASH     : @ 11087.702: touch gesture: no valid gesture detected
04-17 04:25:58.088416   984  1089 W ASH     : @ 11087.766: touch gesture: no valid gesture detected
04-17 04:25:58.153305   984  1089 W ASH     : @ 11087.830: touch gesture: no valid gesture detected
04-17 04:25:58.217227   984  1089 W ASH     : @ 11087.895: touch gesture: no valid gesture detected
04-17 04:25:58.281778   984  1089 W ASH     : @ 11087.959: touch gesture: no valid gesture detected
04-17 04:25:58.345057   984  1089 W ASH     : @ 11088.023: touch gesture: no valid gesture detected
04-17 04:25:58.410166   984  1089 W ASH     : @ 11088.088: touch gesture: no valid gesture detected
04-17 04:25:58.474600   984  1089 W ASH     : @ 11088.152: touch gesture: no valid gesture detected
--------- switch to kernel
04-17 04:25:58.536426     0     0 I         : c1   5371 google_charger: usbchg=USB typec=C usbv=4989 usbc=127 usbMv=5000 usbMc=450
04-17 04:25:58.536608     0     0 I         : c1   5371 sm7250_bms: MSC_PCS chg_state=1c2116004010009 [0x9:4:1:4448:450] chg=u
04-17 04:25:58.536683     0     0 I         : c1   5371 google_battery: MSC_DIN chg_state=1c2116004010009 f=0x9 chg_s=Charging chg_t=Taper vchg=4448 icl=450
--------- switch to main
04-17 04:25:58.538238   984  1089 W ASH     : @ 11088.216: touch gesture: no valid gesture detected
--------- switch to kernel
04-17 04:25:58.538573     0     0 I         : c1   5371 google_battery: MSC_STEADY vt=4430000 vb=4448428 fv_uv=4430000 margin=100000
04-17 04:25:58.538606     0     0 I         : c1   5371 google_battery: hold not defined for msc_state=10
04-17 04:25:58.538634     0     0 I         : c1   5371 google_battery: MSC_RSTC vt=4430000 vb=4448428 fv_uv=4430000 ibatt=-150146 cc_next_max=120000 t_cnt=0
04-17 04:25:58.538654     0     0 I         : c1   5371 google_battery: hold not defined for msc_state=14
04-17 04:25:58.538714     0     0 I         : c1   5371 google_battery: MSC_VOTE msc_state=14 cv_cnt=0 ov_cnt=0 temp_idx:2, vbatt_idx:4  fv_uv=4430000 cc_max=600000 update_interval=2000
04-17 04:25:58.538825     0     0 I         : c1   5371 google_charger: MSC_CHG fv_uv=4430000, cc_max=600000, rerun in 2000 ms (0)
--------- switch to main
04-17 04:25:58.603256   984  1089 W ASH     : @ 11088.281: touch gesture: no valid gesture detected
04-17 04:25:58.667478   984  1089 W ASH     : @ 11088.345: touch gesture: no valid gesture detected
04-17 04:25:58.731832   984  1089 W ASH     : @ 11088.409: touch gesture: no valid gesture detected
04-17 04:25:58.796153   984  1089 W ASH     : @ 11088.474: touch gesture: no valid gesture detected
04-17 04:25:58.860433   984  1089 W ASH     : @ 11088.538: touch gesture: no valid gesture detected
04-17 04:25:58.924643   984  1089 W ASH     : @ 11088.602: touch gesture: no valid gesture detected
04-17 04:25:58.989161   984  1089 W ASH     : @ 11088.667: touch gesture: no valid gesture detected
04-17 04:25:59.053161   984  1089 W ASH     : @ 11088.731: touch gesture: no valid gesture detected
04-17 04:25:59.117786   984  1089 W ASH     : @ 11088.795: touch gesture: no valid gesture detected
04-17 04:25:59.182081   984  1089 W ASH     : @ 11088.860: touch gesture: no valid gesture detected
04-17 04:25:59.246371   984  1089 W ASH     : @ 11088.924: touch gesture: no valid gesture detected
04-17 04:25:59.310840   984  1089 W ASH     : @ 11088.988: touch gesture: no valid gesture detected
04-17 04:25:59.375168   984  1089 W ASH     : @ 11089.053: touch gesture: no valid gesture detected
04-17 04:25:59.439471   984  1089 W ASH     : @ 11089.117: touch gesture: no valid gesture detected
04-17 04:25:59.504042   984  1089 W ASH     : @ 11089.182: touch gesture: no valid gesture detected
04-17 04:25:59.568459   984  1089 W ASH     : @ 11089.246: touch gesture: no valid gesture detected
04-17 04:25:59.633051   984  1089 W ASH     : @ 11089.310: touch gesture: no valid gesture detected
04-17 04:25:59.697183   984  1089 W ASH     : @ 11089.375: touch gesture: no valid gesture detected
04-17 04:25:59.761559   984  1089 W ASH     : @ 11089.439: touch gesture: no valid gesture detected
04-17 04:25:59.826151   984  1089 W ASH     : @ 11089.504: touch gesture: no valid gesture detected
04-17 04:25:59.890366   984  1089 W ASH     : @ 11089.568: touch gesture: no valid gesture detected
04-17 04:25:59.907870   990  1023 D rlsservice: MonitorDisplayStatus client num 0, display status 0, sensor status 0
04-17 04:25:59.954389   984  1089 W ASH     : @ 11089.632: touch gesture: no valid gesture detected
04-17 04:26:00.018942   984  1089 W ASH     : @ 11089.697: touch gesture: no valid gesture detected
04-17 04:26:00.082934   984  1089 W ASH     : @ 11089.761: touch gesture: no valid gesture detected
04-17 04:26:00.147705   984  1089 W ASH     : @ 11089.825: touch gesture: no valid gesture detected
04-17 04:26:00.211843   984  1089 W ASH     : @ 11089.889: touch gesture: no valid gesture detected
04-17 04:26:00.276099   984  1089 W ASH     : @ 11089.954: touch gesture: no valid gesture detected
04-17 04:26:00.340138   984  1089 W ASH     : @ 11090.018: touch gesture: no valid gesture detected
04-17 04:26:00.405142   984  1089 W ASH     : @ 11090.082: touch gesture: no valid gesture detected
04-17 04:26:00.469011   984  1089 W ASH     : @ 11090.147: touch gesture: no valid gesture detected
04-17 04:26:00.533312   984  1089 W ASH     : @ 11090.211: touch gesture: no valid gesture detected
--------- switch to kernel
04-17 04:26:00.542288     0     0 I         : c1   5371 google_charger: usbchg=USB typec=C usbv=4992 usbc=96 usbMv=5000 usbMc=450
04-17 04:26:00.542467     0     0 I         : c1   5371 sm7250_bms: MSC_PCS chg_state=1c2115f04010009 [0x9:4:1:4447:450] chg=u
04-17 04:26:00.542522     0     0 I         : c1   5371 google_battery: MSC_DIN chg_state=1c2115f04010009 f=0x9 chg_s=Charging chg_t=Taper vchg=4447 icl=450
04-17 04:26:00.543748     0     0 I         : c1   5371 google_battery: MSC_STEADY vt=4430000 vb=4447844 fv_uv=4430000 margin=100000
04-17 04:26:00.543769     0     0 I         : c1   5371 google_battery: hold not defined for msc_state=10
04-17 04:26:00.543792     0     0 I         : c1   5371 google_battery: MSC_RSTC vt=4430000 vb=4447844 fv_uv=4430000 ibatt=-155639 cc_next_max=120000 t_cnt=0
04-17 04:26:00.543807     0     0 I         : c1   5371 google_battery: hold not defined for msc_state=14
04-17 04:26:00.543861     0     0 I         : c1   5371 google_battery: MSC_VOTE msc_state=14 cv_cnt=0 ov_cnt=0 temp_idx:2, vbatt_idx:4  fv_uv=4430000 cc_max=600000 update_interval=2000
04-17 04:26:00.543939     0     0 I         : c1   5371 google_charger: MSC_CHG fv_uv=4430000, cc_max=600000, rerun in 2000 ms (0)
--------- switch to main
04-17 04:26:00.597630   984  1089 W ASH     : @ 11090.276: touch gesture: no valid gesture detected
04-17 04:26:00.661743   984  1089 W ASH     : @ 11090.340: touch gesture: no valid gesture detected
04-17 04:26:00.726491   984  1089 W ASH     : @ 11090.404: touch gesture: no valid gesture detected
04-17 04:26:00.790887   984  1089 W ASH     : @ 11090.468: touch gesture: no valid gesture detected
04-17 04:26:00.855138   984  1089 W ASH     : @ 11090.533: touch gesture: no valid gesture detected
04-17 04:26:00.919566   984  1089 W ASH     : @ 11090.597: touch gesture: no valid gesture detected
04-17 04:26:00.983599   984  1089 W ASH     : @ 11090.661: touch gesture: no valid gesture detected
04-17 04:26:01.047933   984  1089 W ASH     : @ 11090.726: touch gesture: no valid gesture detected
04-17 04:26:01.112320   984  1089 W ASH     : @ 11090.790: touch gesture: no valid gesture detected
04-17 04:26:01.176742   984  1089 W ASH     : @ 11090.855: touch gesture: no valid gesture detected
04-17 04:26:01.240907   984  1089 W ASH     : @ 11090.919: touch gesture: no valid gesture detected
04-17 04:26:01.305604   984  1089 W ASH     : @ 11090.983: touch gesture: no valid gesture detected
04-17 04:26:01.369927   984  1089 W ASH     : @ 11091.048: touch gesture: no valid gesture detected
04-17 04:26:01.433897   984  1089 W ASH     : @ 11091.112: touch gesture: no valid gesture detected
04-17 04:26:01.498749   984  1089 W ASH     : @ 11091.176: touch gesture: no valid gesture detected
04-17 04:26:01.563359   984  1089 W ASH     : @ 11091.241: touch gesture: no valid gesture detected
04-17 04:26:01.627330   984  1089 W ASH     : @ 11091.305: touch gesture: no valid gesture detected
04-17 04:26:01.692054   984  1089 W ASH     : @ 11091.370: touch gesture: no valid gesture detected
04-17 04:26:01.756431   984  1089 W ASH     : @ 11091.434: touch gesture: no valid gesture detected
04-17 04:26:01.820361   984  1089 W ASH     : @ 11091.498: touch gesture: no valid gesture detected
04-17 04:26:01.885465   984  1089 W ASH     : @ 11091.563: touch gesture: no valid gesture detected
04-17 04:26:01.949674   984  1089 W ASH     : @ 11091.627: touch gesture: no valid gesture detected
04-17 04:26:02.013614   984  1089 W ASH     : @ 11091.692: touch gesture: no valid gesture detected
04-17 04:26:02.078774   984  1089 W ASH     : @ 11091.756: touch gesture: no valid gesture detected
04-17 04:26:02.143140   984  1089 W ASH     : @ 11091.821: touch gesture: no valid gesture detected
04-17 04:26:02.207932   984  1089 W ASH     : @ 11091.885: touch gesture: no valid gesture detected
04-17 04:26:02.272067   984  1089 W ASH     : @ 11091.949: touch gesture: no valid gesture detected
04-17 04:26:02.335944   984  1089 W ASH     : @ 11092.014: touch gesture: no valid gesture detected
04-17 04:26:02.400172   984  1089 W ASH     : @ 11092.078: touch gesture: no valid gesture detected
04-17 04:26:02.462984   984  1089 W ASH     : @ 11092.142: touch gesture: no valid gesture detected
--------- switch to kernel
04-17 04:26:02.464021     0     0 I         : c0   5380 QG-K: process_udata_work: cc_soc 10301 exceeds FULL, calibrate qg_soc
04-17 04:26:02.464062     0     0 I         : c0   5380 QG-K: qg_trigger_good_ocv: Force to trigger QG GOOD_OCV
--------- switch to main
04-17 04:26:02.528990   984  1089 W ASH     : @ 11092.207: touch gesture: no valid gesture detected
--------- switch to kernel
04-17 04:26:02.563984     0     0 I         : c1   5371 google_charger: usbchg=USB typec=C usbv=4984 usbc=129 usbMv=5000 usbMc=450
04-17 04:26:02.564178     0     0 I         : c1   5371 sm7250_bms: MSC_PCS chg_state=1c2115f04010009 [0x9:4:1:4447:450] chg=u
04-17 04:26:02.564259     0     0 I         : c1   5371 google_battery: MSC_DIN chg_state=1c2115f04010009 f=0x9 chg_s=Charging chg_t=Taper vchg=4447 icl=450
04-17 04:26:02.566023     0     0 I         : c1   5371 google_battery: MSC_STEADY vt=4430000 vb=4447650 fv_uv=4430000 margin=100000
04-17 04:26:02.566052     0     0 I         : c1   5371 google_battery: hold not defined for msc_state=10
04-17 04:26:02.566077     0     0 I         : c1   5371 google_battery: MSC_RSTC vt=4430000 vb=4447650 fv_uv=4430000 ibatt=-158081 cc_next_max=120000 t_cnt=0
04-17 04:26:02.566094     0     0 I         : c1   5371 google_battery: hold not defined for msc_state=14
04-17 04:26:02.566149     0     0 I         : c1   5371 google_battery: MSC_VOTE msc_state=14 cv_cnt=0 ov_cnt=0 temp_idx:2, vbatt_idx:4  fv_uv=4430000 cc_max=600000 update_interval=2000
04-17 04:26:02.566260     0     0 I         : c1   5371 google_charger: MSC_CHG fv_uv=4430000, cc_max=600000, rerun in 2000 ms (0)
--------- switch to main
04-17 04:26:02.592195   984  1089 W ASH     : @ 11092.271: touch gesture: no valid gesture detected
04-17 04:26:02.657658   984  1089 W ASH     : @ 11092.335: touch gesture: no valid gesture detected
04-17 04:26:02.722193   984  1089 W ASH     : @ 11092.400: touch gesture: no valid gesture detected
04-17 04:26:02.786758   984  1089 W ASH     : @ 11092.464: touch gesture: no valid gesture detected
04-17 04:26:02.850881   984  1089 W ASH     : @ 11092.529: touch gesture: no valid gesture detected
04-17 04:26:02.915472   984  1089 W ASH     : @ 11092.593: touch gesture: no valid gesture detected
04-17 04:26:02.979798   984  1089 W ASH     : @ 11092.658: touch gesture: no valid gesture detected
04-17 04:26:03.044279   984  1089 W ASH     : @ 11092.722: touch gesture: no valid gesture detected
04-17 04:26:03.108843   984  1089 W ASH     : @ 11092.786: touch gesture: no valid gesture detected
04-17 04:26:03.172813   984  1089 W ASH     : @ 11092.851: touch gesture: no valid gesture detected
04-17 04:26:03.237332   984  1089 W ASH     : @ 11092.915: touch gesture: no valid gesture detected
04-17 04:26:03.301777   984  1089 W ASH     : @ 11092.979: touch gesture: no valid gesture detected
04-17 04:26:03.366022   984  1089 W ASH     : @ 11093.044: touch gesture: no valid gesture detected
04-17 04:26:03.430321   984  1089 W ASH     : @ 11093.108: touch gesture: no valid gesture detected
04-17 04:26:03.495183   984  1089 W ASH     : @ 11093.172: touch gesture: no valid gesture detected
04-17 04:26:03.559294   984  1089 W ASH     : @ 11093.237: touch gesture: no valid gesture detected
04-17 04:26:03.623662   984  1089 W ASH     : @ 11093.301: touch gesture: no valid gesture detected
04-17 04:26:03.687729   984  1089 W ASH     : @ 11093.366: touch gesture: no valid gesture detected
04-17 04:26:03.751151   984  1089 W ASH     : @ 11093.430: touch gesture: no valid gesture detected
04-17 04:26:03.816847   984  1089 W ASH     : @ 11093.494: touch gesture: no valid gesture detected
04-17 04:26:03.881123   984  1089 W ASH     : @ 11093.559: touch gesture: no valid gesture detected
04-17 04:26:03.945608   984  1089 W ASH     : @ 11093.623: touch gesture: no valid gesture detected
04-17 04:26:04.009799   984  1089 W ASH     : @ 11093.687: touch gesture: no valid gesture detected
04-17 04:26:04.073965   984  1089 W ASH     : @ 11093.752: touch gesture: no valid gesture detected
04-17 04:26:04.138330   984  1089 W ASH     : @ 11093.816: touch gesture: no valid gesture detected
04-17 04:26:04.203169   984  1089 W ASH     : @ 11093.881: touch gesture: no valid gesture detected
04-17 04:26:04.267582   984  1089 W ASH     : @ 11093.945: touch gesture: no valid gesture detected
04-17 04:26:04.331965   984  1089 W ASH     : @ 11094.009: touch gesture: no valid gesture detected
04-17 04:26:04.395844   984  1089 W ASH     : @ 11094.074: touch gesture: no valid gesture detected
04-17 04:26:04.460676   984  1089 W ASH     : @ 11094.138: touch gesture: no valid gesture detected
04-17 04:26:04.524999   984  1089 W ASH     : @ 11094.202: touch gesture: no valid gesture detected
--------- switch to kernel
04-17 04:26:04.574787     0     0 I         : c1   5371 google_charger: usbchg=USB typec=C usbv=4988 usbc=133 usbMv=5000 usbMc=450
04-17 04:26:04.574972     0     0 I         : c1   5371 sm7250_bms: MSC_PCS chg_state=1c2116004010009 [0x9:4:1:4448:450] chg=u
04-17 04:26:04.575047     0     0 I         : c1   5371 google_battery: MSC_DIN chg_state=1c2116004010009 f=0x9 chg_s=Charging chg_t=Taper vchg=4448 icl=450
04-17 04:26:04.576512     0     0 I         : c1   5371 google_battery: MSC_STEADY vt=4430000 vb=4448233 fv_uv=4430000 margin=100000
04-17 04:26:04.576536     0     0 I         : c1   5371 google_battery: hold not defined for msc_state=10
04-17 04:26:04.576560     0     0 I         : c1   5371 google_battery: MSC_RSTC vt=4430000 vb=4448233 fv_uv=4430000 ibatt=-154113 cc_next_max=120000 t_cnt=0
04-17 04:26:04.576578     0     0 I         : c1   5371 google_battery: hold not defined for msc_state=14
04-17 04:26:04.576633     0     0 I         : c1   5371 google_battery: MSC_VOTE msc_state=14 cv_cnt=0 ov_cnt=0 temp_idx:2, vbatt_idx:4  fv_uv=4430000 cc_max=600000 update_interval=2000
04-17 04:26:04.576740     0     0 I         : c1   5371 google_charger: MSC_CHG fv_uv=4430000, cc_max=600000, rerun in 2000 ms (0)
--------- switch to main
04-17 04:26:04.587570   984  1089 W ASH     : @ 11094.267: touch gesture: no valid gesture detected
04-17 04:26:04.653387   984  1089 W ASH     : @ 11094.331: touch gesture: no valid gesture detected
04-17 04:26:04.717926   984  1089 W ASH     : @ 11094.396: touch gesture: no valid gesture detected
04-17 04:26:04.782474   984  1089 W ASH     : @ 11094.460: touch gesture: no valid gesture detected
04-17 04:26:04.846833   984  1089 W ASH     : @ 11094.524: touch gesture: no valid gesture detected
04-17 04:26:04.911179   984  1089 W ASH     : @ 11094.589: touch gesture: no valid gesture detected
04-17 04:26:04.975240   984  1089 W ASH     : @ 11094.653: touch gesture: no valid gesture detected
04-17 04:26:05.039839   984  1089 W ASH     : @ 11094.717: touch gesture: no valid gesture detected
04-17 04:26:05.104153   984  1089 W ASH     : @ 11094.782: touch gesture: no valid gesture detected
04-17 04:26:05.168911   984  1089 W ASH     : @ 11094.846: touch gesture: no valid gesture detected
04-17 04:26:05.232866   984  1089 W ASH     : @ 11094.911: touch gesture: no valid gesture detected
04-17 04:26:05.297367   984  1089 W ASH     : @ 11094.975: touch gesture: no valid gesture detected
04-17 04:26:05.360585   984  1089 W ASH     : @ 11095.039: touch gesture: no valid gesture detected
04-17 04:26:05.426267   984  1089 W ASH     : @ 11095.104: touch gesture: no valid gesture detected
04-17 04:26:05.490675   984  1089 W ASH     : @ 11095.168: touch gesture: no valid gesture detected
04-17 04:26:05.554990   984  1089 W ASH     : @ 11095.233: touch gesture: no valid gesture detected
04-17 04:26:05.619503   984  1089 W ASH     : @ 11095.297: touch gesture: no valid gesture detected
04-17 04:26:05.683530   984  1089 W ASH     : @ 11095.361: touch gesture: no valid gesture detected
04-17 04:26:05.748461   984  1089 W ASH     : @ 11095.426: touch gesture: no valid gesture detected
04-17 04:26:05.812237   984  1089 W ASH     : @ 11095.490: touch gesture: no valid gesture detected
04-17 04:26:05.877239   984  1089 W ASH     : @ 11095.554: touch gesture: no valid gesture detected
04-17 04:26:05.941089   984  1089 W ASH     : @ 11095.619: touch gesture: no valid gesture detected
04-17 04:26:06.006251   984  1089 W ASH     : @ 11095.683: touch gesture: no valid gesture detected
04-17 04:26:06.070776   984  1089 W ASH     : @ 11095.748: touch gesture: no valid gesture detected
04-17 04:26:06.135014   984  1089 W ASH     : @ 11095.812: touch gesture: no valid gesture detected
04-17 04:26:06.199499   984  1089 W ASH     : @ 11095.877: touch gesture: no valid gesture detected
04-17 04:26:06.263758   984  1089 W ASH     : @ 11095.941: touch gesture: no valid gesture detected
04-17 04:26:06.327991   984  1089 W ASH     : @ 11096.006: touch gesture: no valid gesture detected
04-17 04:26:06.392603   984  1089 W ASH     : @ 11096.070: touch gesture: no valid gesture detected
04-17 04:26:06.457047   984  1089 W ASH     : @ 11096.135: touch gesture: no valid gesture detected
04-17 04:26:06.521696   984  1089 W ASH     : @ 11096.199: touch gesture: no valid gesture detected
04-17 04:26:06.585075   984  1089 W ASH     : @ 11096.264: touch gesture: no valid gesture detected
--------- switch to kernel
04-17 04:26:06.584716     0     0 I         : c1   5371 google_charger: usbchg=USB typec=C usbv=4983 usbc=146 usbMv=5000 usbMc=450
04-17 04:26:06.584892     0     0 I         : c1   5371 sm7250_bms: MSC_PCS chg_state=1c2116004010009 [0x9:4:1:4448:450] chg=u
04-17 04:26:06.584967     0     0 I         : c1   5371 google_battery: MSC_DIN chg_state=1c2116004010009 f=0x9 chg_s=Charging chg_t=Taper vchg=4448 icl=450
04-17 04:26:06.586437     0     0 I         : c1   5371 google_battery: MSC_STEADY vt=4430000 vb=4448039 fv_uv=4430000 margin=100000
04-17 04:26:06.586467     0     0 I         : c1   5371 google_battery: hold not defined for msc_state=10
04-17 04:26:06.586495     0     0 I         : c1   5371 google_battery: MSC_RSTC vt=4430000 vb=4448039 fv_uv=4430000 ibatt=-154419 cc_next_max=120000 t_cnt=0
04-17 04:26:06.586516     0     0 I         : c1   5371 google_battery: hold not defined for msc_state=14
04-17 04:26:06.586578     0     0 I         : c1   5371 google_battery: MSC_VOTE msc_state=14 cv_cnt=0 ov_cnt=0 temp_idx:2, vbatt_idx:4  fv_uv=4430000 cc_max=600000 update_interval=2000
04-17 04:26:06.586702     0     0 I         : c1   5371 google_charger: MSC_CHG fv_uv=4430000, cc_max=600000, rerun in 2000 ms (0)
--------- switch to main
04-17 04:26:06.650534   984  1089 W ASH     : @ 11096.328: touch gesture: no valid gesture detected
04-17 04:26:06.713945   984  1089 W ASH     : @ 11096.393: touch gesture: no valid gesture detected
04-17 04:26:06.779069   984  1089 W ASH     : @ 11096.457: touch gesture: no valid gesture detected
--------- switch to kernel
04-17 04:26:06.808014     0     0 I         : c1   5366 qcom_rpmh DRV:apps_rsc TCS Busy, retrying RPMH message send: addr=0x30000
--------- switch to main
04-17 04:26:06.843651   984  1089 W ASH     : @ 11096.522: touch gesture: no valid gesture detected
04-17 04:26:06.908520   984  1089 W ASH     : @ 11096.586: touch gesture: no valid gesture detected
04-17 04:26:06.973021   984  1089 W ASH     : @ 11096.650: touch gesture: no valid gesture detected
04-17 04:26:07.037508   984  1089 W ASH     : @ 11096.715: touch gesture: no valid gesture detected
04-17 04:26:07.101869   984  1089 W ASH     : @ 11096.779: touch gesture: no valid gesture detected
04-17 04:26:07.165139   984  1089 W ASH     : @ 11096.844: touch gesture: no valid gesture detected
04-17 04:26:07.230628   984  1089 W ASH     : @ 11096.908: touch gesture: no valid gesture detected
04-17 04:26:07.295134   984  1089 W ASH     : @ 11096.973: touch gesture: no valid gesture detected
04-17 04:26:07.359890   984  1089 W ASH     : @ 11097.037: touch gesture: no valid gesture detected
04-17 04:26:07.423883   984  1089 W ASH     : @ 11097.102: touch gesture: no valid gesture detected
04-17 04:26:07.488408   984  1089 W ASH     : @ 11097.166: touch gesture: no valid gesture detected
04-17 04:26:07.553067   984  1089 W ASH     : @ 11097.231: touch gesture: no valid gesture detected
04-17 04:26:07.617456   984  1089 W ASH     : @ 11097.295: touch gesture: no valid gesture detected
04-17 04:26:07.681873   984  1089 W ASH     : @ 11097.360: touch gesture: no valid gesture detected
04-17 04:26:07.746276   984  1089 W ASH     : @ 11097.424: touch gesture: no valid gesture detected
04-17 04:26:07.808925   984  1089 W ASH     : @ 11097.488: touch gesture: no valid gesture detected
--------- switch to kernel
04-17 04:26:07.858568     0     0 I         : c1   5350 qcom_rpmh DRV:apps_rsc TCS Busy, retrying RPMH message send: addr=0x30000
04-17 04:26:07.858628     0     0 I         : c1   5350 qcom_rpmh DRV:apps_rsc TCS Busy, retrying RPMH message send: addr=0x30000
--------- switch to main
04-17 04:26:07.874972   984  1089 W ASH     : @ 11097.553: touch gesture: no valid gesture detected
04-17 04:26:07.939615   984  1089 W ASH     : @ 11097.617: touch gesture: no valid gesture detected
04-17 04:26:08.003983   984  1089 W ASH     : @ 11097.681: touch gesture: no valid gesture detected
