04-17 05:21:00.032840     0     0 I         : c3   5432 qcom_rpmh DRV:apps_rsc TCS Busy, retrying RPMH message send: addr=0x30000
--------- switch to main
04-17 05:21:00.081467   984  1089 W ASH     : @ 14389.759: touch gesture: no valid gesture detected
04-17 05:21:00.123454   990  1023 D rlsservice: MonitorDisplayStatus client num 0, display status 0, sensor status 0
04-17 05:21:00.145961   984  1089 W ASH     : @ 14389.823: touch gesture: no valid gesture detected
04-17 05:21:00.210234   984  1089 W ASH     : @ 14389.888: touch gesture: no valid gesture detected
04-17 05:21:00.274883   984  1089 W ASH     : @ 14389.952: touch gesture: no valid gesture detected
04-17 05:21:00.339520   984  1089 W ASH     : @ 14390.016: touch gesture: no valid gesture detected
04-17 05:21:00.403318   984  1089 W ASH     : @ 14390.081: touch gesture: no valid gesture detected
04-17 05:21:00.467908   984  1089 W ASH     : @ 14390.145: touch gesture: no valid gesture detected
04-17 05:21:00.532424   984  1089 W ASH     : @ 14390.209: touch gesture: no valid gesture detected
04-17 05:21:00.596683   984  1089 W ASH     : @ 14390.274: touch gesture: no valid gesture detected
04-17 05:21:00.660877   984  1089 W ASH     : @ 14390.338: touch gesture: no valid gesture detected
04-17 05:21:00.724988   984  1089 W ASH     : @ 14390.402: touch gesture: no valid gesture detected
04-17 05:21:00.789506   984  1089 W ASH     : @ 14390.467: touch gesture: no valid gesture detected
04-17 05:21:00.853736   984  1089 W ASH     : @ 14390.531: touch gesture: no valid gesture detected
04-17 05:21:00.918266   984  1089 W ASH     : @ 14390.596: touch gesture: no valid gesture detected
04-17 05:21:00.982396   984  1089 W ASH     : @ 14390.660: touch gesture: no valid gesture detected
04-17 05:21:01.046777   984  1089 W ASH     : @ 14390.724: touch gesture: no valid gesture detected
04-17 05:21:01.111263   984  1089 W ASH     : @ 14390.789: touch gesture: no valid gesture detected
04-17 05:21:01.175494   984  1089 W ASH     : @ 14390.853: touch gesture: no valid gesture detected
04-17 05:21:01.240033   984  1089 W ASH     : @ 14390.917: touch gesture: no valid gesture detected
04-17 05:21:01.304134   984  1089 W ASH     : @ 14390.982: touch gesture: no valid gesture detected
04-17 05:21:01.368551   984  1089 W ASH     : @ 14391.046: touch gesture: no valid gesture detected
04-17 05:21:01.432977   984  1089 W ASH     : @ 14391.110: touch gesture: no valid gesture detected
04-17 05:21:01.496997   984  1089 W ASH     : @ 14391.175: touch gesture: no valid gesture detected
04-17 05:21:01.561981   984  1089 W ASH     : @ 14391.239: touch gesture: no valid gesture detected
04-17 05:21:01.625947   984  1089 W ASH     : @ 14391.303: touch gesture: no valid gesture detected
04-17 05:21:01.690063   984  1089 W ASH     : @ 14391.368: touch gesture: no valid gesture detected
04-17 05:21:01.754704   984  1089 W ASH     : @ 14391.432: touch gesture: no valid gesture detected
04-17 05:21:01.818994   984  1089 W ASH     : @ 14391.496: touch gesture: no valid gesture detected
04-17 05:21:01.883304   984  1089 W ASH     : @ 14391.561: touch gesture: no valid gesture detected
04-17 05:21:01.947495   984  1089 W ASH     : @ 14391.625: touch gesture: no valid gesture detected
04-17 05:21:02.011914   984  1089 W ASH     : @ 14391.689: touch gesture: no valid gesture detected
04-17 05:21:02.076401   984  1089 W ASH     : @ 14391.754: touch gesture: no valid gesture detected
04-17 05:21:02.140699   984  1089 W ASH     : @ 14391.818: touch gesture: no valid gesture detected
04-17 05:21:02.204878   984  1089 W ASH     : @ 14391.882: touch gesture: no valid gesture detected
04-17 05:21:02.269370   984  1089 W ASH     : @ 14391.947: touch gesture: no valid gesture detected
04-17 05:21:02.333688   984  1089 W ASH     : @ 14392.011: touch gesture: no valid gesture detected
04-17 05:21:02.398205   984  1089 W ASH     : @ 14392.075: touch gesture: no valid gesture detected
04-17 05:21:02.462499   984  1089 W ASH     : @ 14392.140: touch gesture: no valid gesture detected
04-17 05:21:02.527010   984  1089 W ASH     : @ 14392.204: touch gesture: no valid gesture detected
04-17 05:21:02.591218   984  1089 W ASH     : @ 14392.269: touch gesture: no valid gesture detected
04-17 05:21:02.655918   984  1089 W ASH     : @ 14392.333: touch gesture: no valid gesture detected
04-17 05:21:02.720220   984  1089 W ASH     : @ 14392.398: touch gesture: no valid gesture detected
04-17 05:21:02.784568   984  1089 W ASH     : @ 14392.462: touch gesture: no valid gesture detected
04-17 05:21:02.848997   984  1089 W ASH     : @ 14392.526: touch gesture: no valid gesture detected
04-17 05:21:02.913274   984  1089 W ASH     : @ 14392.591: touch gesture: no valid gesture detected
04-17 05:21:02.977453   984  1089 W ASH     : @ 14392.655: touch gesture: no valid gesture detected
04-17 05:21:03.042157   984  1089 W ASH     : @ 14392.719: touch gesture: no valid gesture detected
04-17 05:21:03.106447   984  1089 W ASH     : @ 14392.784: touch gesture: no valid gesture detected
04-17 05:21:03.170821   984  1089 W ASH     : @ 14392.848: touch gesture: no valid gesture detected
04-17 05:21:03.235080   984  1089 W ASH     : @ 14392.913: touch gesture: no valid gesture detected
04-17 05:21:03.299825   984  1089 W ASH     : @ 14392.977: touch gesture: no valid gesture detected
04-17 05:21:03.363991   984  1089 W ASH     : @ 14393.042: touch gesture: no valid gesture detected
04-17 05:21:03.428684   984  1089 W ASH     : @ 14393.106: touch gesture: no valid gesture detected
04-17 05:21:03.493154   984  1089 W ASH     : @ 14393.170: touch gesture: no valid gesture detected
04-17 05:21:03.557155   984  1089 W ASH     : @ 14393.235: touch gesture: no valid gesture detected
04-17 05:21:03.620628   984  1089 W ASH     : @ 14393.299: touch gesture: no valid gesture detected
04-17 05:21:03.686433   984  1089 W ASH     : @ 14393.364: touch gesture: no valid gesture detected
04-17 05:21:03.750594   984  1089 W ASH     : @ 14393.428: touch gesture: no valid gesture detected
04-17 05:21:03.815323   984  1089 W ASH     : @ 14393.493: touch gesture: no valid gesture detected
04-17 05:21:03.879971   984  1089 W ASH     : @ 14393.557: touch gesture: no valid gesture detected
04-17 05:21:03.944689   984  1089 W ASH     : @ 14393.621: touch gesture: no valid gesture detected
04-17 05:21:04.008421   984  1089 W ASH     : @ 14393.686: touch gesture: no valid gesture detected
04-17 05:21:04.072861   984  1089 W ASH     : @ 14393.750: touch gesture: no valid gesture detected
04-17 05:21:04.137273   984  1089 W ASH     : @ 14393.815: touch gesture: no valid gesture detected
04-17 05:21:04.201593   984  1089 W ASH     : @ 14393.879: touch gesture: no valid gesture detected
04-17 05:21:04.265944   984  1089 W ASH     : @ 14393.943: touch gesture: no valid gesture detected
04-17 05:21:04.330236   984  1089 W ASH     : @ 14394.008: touch gesture: no valid gesture detected
04-17 05:21:04.394781   984  1089 W ASH     : @ 14394.072: touch gesture: no valid gesture detected
04-17 05:21:04.458923   984  1089 W ASH     : @ 14394.136: touch gesture: no valid gesture detected
04-17 05:21:04.523043   984  1089 W ASH     : @ 14394.201: touch gesture: no valid gesture detected
04-17 05:21:04.588073   984  1089 W ASH     : @ 14394.265: touch gesture: no valid gesture detected
04-17 05:21:04.652047   984  1089 W ASH     : @ 14394.329: touch gesture: no valid gesture detected
04-17 05:21:04.716734   984  1089 W ASH     : @ 14394.394: touch gesture: no valid gesture detected
04-17 05:21:04.780837   984  1089 W ASH     : @ 14394.458: touch gesture: no valid gesture detected
04-17 05:21:04.845219   984  1089 W ASH     : @ 14394.523: touch gesture: no valid gesture detected
04-17 05:21:04.909560   984  1089 W ASH     : @ 14394.587: touch gesture: no valid gesture detected
04-17 05:21:04.973936   984  1089 W ASH     : @ 14394.651: touch gesture: no valid gesture detected
04-17 05:21:05.038337   984  1089 W ASH     : @ 14394.716: touch gesture: no valid gesture detected
04-17 05:21:05.102868   984  1089 W ASH     : @ 14394.780: touch gesture: no valid gesture detected
04-17 05:21:05.167199   984  1089 W ASH     : @ 14394.844: touch gesture: no valid gesture detected
04-17 05:21:05.231440   984  1089 W ASH     : @ 14394.909: touch gesture: no valid gesture detected
04-17 05:21:05.295570   984  1089 W ASH     : @ 14394.973: touch gesture: no valid gesture detected
04-17 05:21:05.360242   984  1089 W ASH     : @ 14395.038: touch gesture: no valid gesture detected
04-17 05:21:05.424768   984  1089 W ASH     : @ 14395.102: touch gesture: no valid gesture detected
04-17 05:21:05.488956   984  1089 W ASH     : @ 14395.166: touch gesture: no valid gesture detected
04-17 05:21:05.553495   984  1089 W ASH     : @ 14395.231: touch gesture: no valid gesture detected
04-17 05:21:05.617458   984  1089 W ASH     : @ 14395.295: touch gesture: no valid gesture detected
04-17 05:21:05.682082   984  1089 W ASH     : @ 14395.359: touch gesture: no valid gesture detected
04-17 05:21:05.746752   984  1089 W ASH     : @ 14395.424: touch gesture: no valid gesture detected
04-17 05:21:05.810807   984  1089 W ASH     : @ 14395.488: touch gesture: no valid gesture detected
04-17 05:21:05.875377   984  1089 W ASH     : @ 14395.553: touch gesture: no valid gesture detected
04-17 05:21:05.938292   984  1089 W ASH     : @ 14395.617: touch gesture: no valid gesture detected
04-17 05:21:06.004174   984  1089 W ASH     : @ 14395.681: touch gesture: no valid gesture detected
04-17 05:21:06.068792   984  1089 W ASH     : @ 14395.746: touch gesture: no valid gesture detected
04-17 05:21:06.132932   984  1089 W ASH     : @ 14395.810: touch gesture: no valid gesture detected
04-17 05:21:06.197020   984  1089 W ASH     : @ 14395.874: touch gesture: no valid gesture detected
04-17 05:21:06.261379   984  1089 W ASH     : @ 14395.939: touch gesture: no valid gesture detected
04-17 05:21:06.326119   984  1089 W ASH     : @ 14396.003: touch gesture: no valid gesture detected
04-17 05:21:06.390546   984  1089 W ASH     : @ 14396.068: touch gesture: no valid gesture detected
04-17 05:21:06.454715   984  1089 W ASH     : @ 14396.132: touch gesture: no valid gesture detected
04-17 05:21:06.518889   984  1089 W ASH     : @ 14396.196: touch gesture: no valid gesture detected
04-17 05:21:06.583117   984  1089 W ASH     : @ 14396.261: touch gesture: no valid gesture detected
04-17 05:21:06.647886   984  1089 W ASH     : @ 14396.325: touch gesture: no valid gesture detected
04-17 05:21:06.710972   984  1089 W ASH     : @ 14396.389: touch gesture: no valid gesture detected
04-17 05:21:06.776293   984  1089 W ASH     : @ 14396.454: touch gesture: no valid gesture detected
04-17 05:21:06.840880   984  1089 W ASH     : @ 14396.518: touch gesture: no valid gesture detected
04-17 05:21:06.905175   984  1089 W ASH     : @ 14396.582: touch gesture: no valid gesture detected
04-17 05:21:06.969434   984  1089 W ASH     : @ 14396.647: touch gesture: no valid gesture detected
04-17 05:21:07.033980   984  1089 W ASH     : @ 14396.711: touch gesture: no valid gesture detected
04-17 05:21:07.098372   984  1089 W ASH     : @ 14396.776: touch gesture: no valid gesture detected
04-17 05:21:07.162745   984  1089 W ASH     : @ 14396.840: touch gesture: no valid gesture detected
04-17 05:21:07.227112   984  1089 W ASH     : @ 14396.904: touch gesture: no valid gesture detected
04-17 05:21:07.291764   984  1089 W ASH     : @ 14396.969: touch gesture: no valid gesture detected
04-17 05:21:07.356055   984  1089 W ASH     : @ 14397.033: touch gesture: no valid gesture detected
04-17 05:21:07.420360   984  1089 W ASH     : @ 14397.098: touch gesture: no valid gesture detected
04-17 05:21:07.484723   984  1089 W ASH     : @ 14397.162: touch gesture: no valid gesture detected
04-17 05:21:07.549148   984  1089 W ASH     : @ 14397.227: touch gesture: no valid gesture detected
04-17 05:21:07.613378   984  1089 W ASH     : @ 14397.291: touch gesture: no valid gesture detected
04-17 05:21:07.676779   984  1089 W ASH     : @ 14397.355: touch gesture: no valid gesture detected
04-17 05:21:07.742343   984  1089 W ASH     : @ 14397.420: touch gesture: no valid gesture detected
04-17 05:21:07.806405   984  1089 W ASH     : @ 14397.484: touch gesture: no valid gesture detected
04-17 05:21:07.871286   984  1089 W ASH     : @ 14397.548: touch gesture: no valid gesture detected
04-17 05:21:07.935335   984  1089 W ASH     : @ 14397.613: touch gesture: no valid gesture detected
04-17 05:21:08.000078   984  1089 W ASH     : @ 14397.677: touch gesture: no valid gesture detected
04-17 05:21:08.063932   984  1089 W ASH     : @ 14397.741: touch gesture: no valid gesture detected
04-17 05:21:08.127406   984  1089 W ASH     : @ 14397.806: touch gesture: no valid gesture detected
04-17 05:21:08.193441   984  1089 W ASH     : @ 14397.870: touch gesture: no valid gesture detected
04-17 05:21:08.257101   984  1089 W ASH     : @ 14397.934: touch gesture: no valid gesture detected
04-17 05:21:08.321798   984  1089 W ASH     : @ 14397.999: touch gesture: no valid gesture detected
04-17 05:21:08.385958   984  1089 W ASH     : @ 14398.063: touch gesture: no valid gesture detected
04-17 05:21:08.450030   984  1089 W ASH     : @ 14398.127: touch gesture: no valid gesture detected
04-17 05:21:08.514879   984  1089 W ASH     : @ 14398.192: touch gesture: no valid gesture detected
04-17 05:21:08.578907   984  1089 W ASH     : @ 14398.256: touch gesture: no valid gesture detected
04-17 05:21:08.643253   984  1089 W ASH     : @ 14398.320: touch gesture: no valid gesture detected
04-17 05:21:08.708244   984  1089 W ASH     : @ 14398.385: touch gesture: no valid gesture detected
04-17 05:21:08.772613   984  1089 W ASH     : @ 14398.450: touch gesture: no valid gesture detected
04-17 05:21:08.836928   984  1089 W ASH     : @ 14398.514: touch gesture: no valid gesture detected
04-17 05:21:08.901493   984  1089 W ASH     : @ 14398.578: touch gesture: no valid gesture detected
04-17 05:21:08.965608   984  1089 W ASH     : @ 14398.643: touch gesture: no valid gesture detected
04-17 05:21:09.029556   984  1089 W ASH     : @ 14398.707: touch gesture: no valid gesture detected
04-17 05:21:09.094576   984  1089 W ASH     : @ 14398.772: touch gesture: no valid gesture detected
04-17 05:21:09.158839   984  1089 W ASH     : @ 14398.836: touch gesture: no valid gesture detected
04-17 05:21:09.222882   984  1089 W ASH     : @ 14398.900: touch gesture: no valid gesture detected
--------- switch to kernel
04-17 05:21:09.280446     0     0 I         : c5   5418 google_charger: usbchg=USB typec=C usbv=4997 usbc=84 usbMv=5000 usbMc=450
04-17 05:21:09.280635     0     0 I         : c5   5418 sm7250_bms: MSC_PCS chg_state=1c2116603010005 [0x5:3:1:4454:450] chg=u
04-17 05:21:09.280711     0     0 I         : c5   5418 google_battery: MSC_DIN chg_state=1c2116603010005 f=0x5 chg_s=Charging chg_t=Fast vchg=4454 icl=450
04-17 05:21:09.282397     0     0 I         : c5   5418 google_battery: MSC_LAST vbatt=4454851 ibatt=-107421 fv_uv=4450000
04-17 05:21:09.282423     0     0 I         : c5   5418 google_battery: hold not defined for msc_state=7
04-17 05:21:09.282474     0     0 I         : c5   5418 google_battery: MSC_VOTE msc_state=7 cv_cnt=0 ov_cnt=0 temp_idx:2, vbatt_idx:5  fv_uv=4450000 cc_max=120000 update_interval=30000
04-17 05:21:09.282579     0     0 I         : c5   5418 google_charger: MSC_CHG fv_uv=4450000, cc_max=120000, rerun in 30000 ms (0)
--------- switch to main
04-17 05:21:09.286602   984  1089 W ASH     : @ 14398.965: touch gesture: no valid gesture detected
04-17 05:21:09.350783   984  1089 W ASH     : @ 14399.029: touch gesture: no valid gesture detected
04-17 05:21:09.415936   984  1089 W ASH     : @ 14399.093: touch gesture: no valid gesture detected
04-17 05:21:09.480544   984  1089 W ASH     : @ 14399.158: touch gesture: no valid gesture detected
04-17 05:21:09.545142   984  1089 W ASH     : @ 14399.222: touch gesture: no valid gesture detected
04-17 05:21:09.608982   984  1089 W ASH     : @ 14399.286: touch gesture: no valid gesture detected
04-17 05:21:09.673620   984  1089 W ASH     : @ 14399.351: touch gesture: no valid gesture detected
04-17 05:21:09.738216   984  1089 W ASH     : @ 14399.415: touch gesture: no valid gesture detected
04-17 05:21:09.802422   984  1089 W ASH     : @ 14399.480: touch gesture: no valid gesture detected
04-17 05:21:09.867150   984  1089 W ASH     : @ 14399.544: touch gesture: no valid gesture detected
04-17 05:21:09.930975   984  1089 W ASH     : @ 14399.608: touch gesture: no valid gesture detected
04-17 05:21:09.995042   984  1089 W ASH     : @ 14399.673: touch gesture: no valid gesture detected
04-17 05:21:10.059758   984  1089 W ASH     : @ 14399.737: touch gesture: no valid gesture detected
04-17 05:21:10.124256   984  1089 W ASH     : @ 14399.801: touch gesture: no valid gesture detected
04-17 05:21:10.188388   984  1089 W ASH     : @ 14399.866: touch gesture: no valid gesture detected
04-17 05:21:10.252895   984  1089 W ASH     : @ 14399.930: touch gesture: no valid gesture detected
04-17 05:21:10.317600   984  1089 W ASH     : @ 14399.995: touch gesture: no valid gesture detected
04-17 05:21:10.382033   984  1089 W ASH     : @ 14400.059: touch gesture: no valid gesture detected
04-17 05:21:10.446107   984  1089 W ASH     : @ 14400.124: touch gesture: no valid gesture detected
04-17 05:21:10.510620   984  1089 W ASH     : @ 14400.188: touch gesture: no valid gesture detected
04-17 05:21:10.575080   984  1089 W ASH     : @ 14400.252: touch gesture: no valid gesture detected
04-17 05:21:10.639162   984  1089 W ASH     : @ 14400.317: touch gesture: no valid gesture detected
04-17 05:21:10.703587   984  1089 W ASH     : @ 14400.381: touch gesture: no valid gesture detected
04-17 05:21:10.768327   984  1089 W ASH     : @ 14400.446: touch gesture: no valid gesture detected
04-17 05:21:10.832559   984  1089 W ASH     : @ 14400.510: touch gesture: no valid gesture detected
04-17 05:21:10.896984   984  1089 W ASH     : @ 14400.574: touch gesture: no valid gesture detected
04-17 05:21:10.961466   984  1089 W ASH     : @ 14400.639: touch gesture: no valid gesture detected
04-17 05:21:11.025759   984  1089 W ASH     : @ 14400.703: touch gesture: no valid gesture detected
04-17 05:21:11.090227   984  1089 W ASH     : @ 14400.768: touch gesture: no valid gesture detected
04-17 05:21:11.154952   984  1089 W ASH     : @ 14400.832: touch gesture: no valid gesture detected
04-17 05:21:11.219326   984  1089 W ASH     : @ 14400.897: touch gesture: no valid gesture detected
04-17 05:21:11.283442   984  1089 W ASH     : @ 14400.961: touch gesture: no valid gesture detected
04-17 05:21:11.348245   984  1089 W ASH     : @ 14401.025: touch gesture: no valid gesture detected
04-17 05:21:11.412614   984  1089 W ASH     : @ 14401.090: touch gesture: no valid gesture detected
04-17 05:21:11.476710   984  1089 W ASH     : @ 14401.154: touch gesture: no valid gesture detected
04-17 05:21:11.541465   984  1089 W ASH     : @ 14401.219: touch gesture: no valid gesture detected
04-17 05:21:11.605680   984  1089 W ASH     : @ 14401.283: touch gesture: no valid gesture detected
04-17 05:21:11.670091   984  1089 W ASH     : @ 14401.348: touch gesture: no valid gesture detected
04-17 05:21:11.734709   984  1089 W ASH     : @ 14401.412: touch gesture: no valid gesture detected
04-17 05:21:11.799015   984  1089 W ASH     : @ 14401.476: touch gesture: no valid gesture detected
04-17 05:21:11.863331   984  1089 W ASH     : @ 14401.541: touch gesture: no valid gesture detected
04-17 05:21:11.928035   984  1089 W ASH     : @ 14401.605: touch gesture: no valid gesture detected
04-17 05:21:11.992151   984  1089 W ASH     : @ 14401.669: touch gesture: no valid gesture detected
04-17 05:21:12.056344   984  1089 W ASH     : @ 14401.734: touch gesture: no valid gesture detected
04-17 05:21:12.120598   984  1089 W ASH     : @ 14401.798: touch gesture: no valid gesture detected
04-17 05:21:12.185225   984  1089 W ASH     : @ 14401.863: touch gesture: no valid gesture detected
04-17 05:21:12.249727   984  1089 W ASH     : @ 14401.927: touch gesture: no valid gesture detected
04-17 05:21:12.314124   984  1089 W ASH     : @ 14401.991: touch gesture: no valid gesture detected
04-17 05:21:12.378379   984  1089 W ASH     : @ 14402.056: touch gesture: no valid gesture detected
04-17 05:21:12.443114   984  1089 W ASH     : @ 14402.120: touch gesture: no valid gesture detected
04-17 05:21:12.507153   984  1089 W ASH     : @ 14402.184: touch gesture: no valid gesture detected
04-17 05:21:12.571541   984  1089 W ASH     : @ 14402.249: touch gesture: no valid gesture detected
04-17 05:21:12.635937   984  1089 W ASH     : @ 14402.313: touch gesture: no valid gesture detected
04-17 05:21:12.699984   984  1089 W ASH     : @ 14402.378: touch gesture: no valid gesture detected
04-17 05:21:12.763534   984  1089 W ASH     : @ 14402.442: touch gesture: no valid gesture detected
04-17 05:21:12.828851   984  1089 W ASH     : @ 14402.506: touch gesture: no valid gesture detected
04-17 05:21:12.893225   984  1089 W ASH     : @ 14402.571: touch gesture: no valid gesture detected
04-17 05:21:12.957605   984  1089 W ASH     : @ 14402.635: touch gesture: no valid gesture detected
04-17 05:21:13.021830   984  1089 W ASH     : @ 14402.699: touch gesture: no valid gesture detected
04-17 05:21:13.086200   984  1089 W ASH     : @ 14402.764: touch gesture: no valid gesture detected
04-17 05:21:13.150922   984  1089 W ASH     : @ 14402.828: touch gesture: no valid gesture detected
04-17 05:21:13.215055   984  1089 W ASH     : @ 14402.892: touch gesture: no valid gesture detected
04-17 05:21:13.279069   984  1089 W ASH     : @ 14402.957: touch gesture: no valid gesture detected
04-17 05:21:13.343593   984  1089 W ASH     : @ 14403.021: touch gesture: no valid gesture detected
04-17 05:21:13.406275   984  1089 W ASH     : @ 14403.085: touch gesture: no valid gesture detected
04-17 05:21:13.472300   984  1089 W ASH     : @ 14403.150: touch gesture: no valid gesture detected
04-17 05:21:13.536638   984  1089 W ASH     : @ 14403.214: touch gesture: no valid gesture detected
04-17 05:21:13.600858   984  1089 W ASH     : @ 14403.278: touch gesture: no valid gesture detected
04-17 05:21:13.665202   984  1089 W ASH     : @ 14403.343: touch gesture: no valid gesture detected
04-17 05:21:13.729769   984  1089 W ASH     : @ 14403.407: touch gesture: no valid gesture detected
04-17 05:21:13.794483   984  1089 W ASH     : @ 14403.471: touch gesture: no valid gesture detected
04-17 05:21:13.858609   984  1089 W ASH     : @ 14403.536: touch gesture: no valid gesture detected
04-17 05:21:13.922767   984  1089 W ASH     : @ 14403.600: touch gesture: no valid gesture detected
04-17 05:21:13.987432   984  1089 W ASH     : @ 14403.665: touch gesture: no valid gesture detected
04-17 05:21:14.051620   984  1089 W ASH     : @ 14403.729: touch gesture: no valid gesture detected
04-17 05:21:14.116131   984  1089 W ASH     : @ 14403.793: touch gesture: no valid gesture detected
04-17 05:21:14.180653   984  1089 W ASH     : @ 14403.858: touch gesture: no valid gesture detected
04-17 05:21:14.244887   984  1089 W ASH     : @ 14403.922: touch gesture: no valid gesture detected
04-17 05:21:14.309357   984  1089 W ASH     : @ 14403.987: touch gesture: no valid gesture detected
04-17 05:21:14.373736   984  1089 W ASH     : @ 14404.051: touch gesture: no valid gesture detected
04-17 05:21:14.437914   984  1089 W ASH     : @ 14404.115: touch gesture: no valid gesture detected
04-17 05:21:14.502871   984  1089 W ASH     : @ 14404.180: touch gesture: no valid gesture detected
04-17 05:21:14.566726   984  1089 W ASH     : @ 14404.244: touch gesture: no valid gesture detected
04-17 05:21:14.630993   984  1089 W ASH     : @ 14404.308: touch gesture: no valid gesture detected
04-17 05:21:14.695368   984  1089 W ASH     : @ 14404.373: touch gesture: no valid gesture detected
04-17 05:21:14.759949   984  1089 W ASH     : @ 14404.437: touch gesture: no valid gesture detected
04-17 05:21:14.824320   984  1089 W ASH     : @ 14404.502: touch gesture: no valid gesture detected
04-17 05:21:14.888800   984  1089 W ASH     : @ 14404.566: touch gesture: no valid gesture detected
04-17 05:21:14.952883   984  1089 W ASH     : @ 14404.630: touch gesture: no valid gesture detected
04-17 05:21:15.017486   984  1089 W ASH     : @ 14404.695: touch gesture: no valid gesture detected
04-17 05:21:15.081784   984  1089 W ASH     : @ 14404.759: touch gesture: no valid gesture detected
04-17 05:21:15.146159   984  1089 W ASH     : @ 14404.823: touch gesture: no valid gesture detected
04-17 05:21:15.210437   984  1089 W ASH     : @ 14404.888: touch gesture: no valid gesture detected
04-17 05:21:15.274924   984  1089 W ASH     : @ 14404.952: touch gesture: no valid gesture detected
04-17 05:21:15.339568   984  1089 W ASH     : @ 14405.017: touch gesture: no valid gesture detected
04-17 05:21:15.403572   984  1089 W ASH     : @ 14405.081: touch gesture: no valid gesture detected
04-17 05:21:15.467994   984  1089 W ASH     : @ 14405.145: touch gesture: no valid gesture detected
04-17 05:21:15.532142   984  1089 W ASH     : @ 14405.210: touch gesture: no valid gesture detected
04-17 05:21:15.596496   984  1089 W ASH     : @ 14405.274: touch gesture: no valid gesture detected
04-17 05:21:15.660915   984  1089 W ASH     : @ 14405.338: touch gesture: no valid gesture detected
04-17 05:21:15.725510   984  1089 W ASH     : @ 14405.403: touch gesture: no valid gesture detected
04-17 05:21:15.789870   984  1089 W ASH     : @ 14405.467: touch gesture: no valid gesture detected
04-17 05:21:15.854053   984  1089 W ASH     : @ 14405.531: touch gesture: no valid gesture detected
04-17 05:21:15.918841   984  1089 W ASH     : @ 14405.596: touch gesture: no valid gesture detected
04-17 05:21:15.982760   984  1089 W ASH     : @ 14405.660: touch gesture: no valid gesture detected
04-17 05:21:16.047405   984  1089 W ASH     : @ 14405.725: touch gesture: no valid gesture detected
04-17 05:21:16.111825   984  1089 W ASH     : @ 14405.789: touch gesture: no valid gesture detected
04-17 05:21:16.176008   984  1089 W ASH     : @ 14405.853: touch gesture: no valid gesture detected
04-17 05:21:16.240435   984  1089 W ASH     : @ 14405.918: touch gesture: no valid gesture detected
04-17 05:21:16.304762   984  1089 W ASH     : @ 14405.982: touch gesture: no valid gesture detected
04-17 05:21:16.369376   984  1089 W ASH     : @ 14406.046: touch gesture: no valid gesture detected
04-17 05:21:16.433489   984  1089 W ASH     : @ 14406.111: touch gesture: no valid gesture detected
04-17 05:21:16.497997   984  1089 W ASH     : @ 14406.175: touch gesture: no valid gesture detected
04-17 05:21:16.562344   984  1089 W ASH     : @ 14406.240: touch gesture: no valid gesture detected
04-17 05:21:16.626451   984  1089 W ASH     : @ 14406.304: touch gesture: no valid gesture detected
04-17 05:21:16.691153   984  1089 W ASH     : @ 14406.368: touch gesture: no valid gesture detected
04-17 05:21:16.755190   984  1089 W ASH     : @ 14406.433: touch gesture: no valid gesture detected
04-17 05:21:16.818930   984  1089 W ASH     : @ 14406.497: touch gesture: no valid gesture detected
04-17 05:21:16.884497   984  1089 W ASH     : @ 14406.561: touch gesture: no valid gesture detected
04-17 05:21:16.948283   984  1089 W ASH     : @ 14406.626: touch gesture: no valid gesture detected
04-17 05:21:17.012894   984  1089 W ASH     : @ 14406.690: touch gesture: no valid gesture detected
04-17 05:21:17.077013   984  1089 W ASH     : @ 14406.755: touch gesture: no valid gesture detected
04-17 05:21:17.141824   984  1089 W ASH     : @ 14406.819: touch gesture: no valid gesture detected
04-17 05:21:17.205959   984  1089 W ASH     : @ 14406.883: touch gesture: no valid gesture detected
04-17 05:21:17.270357   984  1089 W ASH     : @ 14406.948: touch gesture: no valid gesture detected
04-17 05:21:17.334888   984  1089 W ASH     : @ 14407.012: touch gesture: no valid gesture detected
04-17 05:21:17.399061   984  1089 W ASH     : @ 14407.077: touch gesture: no valid gesture detected
04-17 05:21:17.463408   984  1089 W ASH     : @ 14407.141: touch gesture: no valid gesture detected
04-17 05:21:17.528212   984  1089 W ASH     : @ 14407.205: touch gesture: no valid gesture detected
04-17 05:21:17.592387   984  1089 W ASH     : @ 14407.270: touch gesture: no valid gesture detected
04-17 05:21:17.656816   984  1089 W ASH     : @ 14407.334: touch gesture: no valid gesture detected
04-17 05:21:17.721362   984  1089 W ASH     : @ 14407.399: touch gesture: no valid gesture detected
04-17 05:21:17.785437   984  1089 W ASH     : @ 14407.463: touch gesture: no valid gesture detected
04-17 05:21:17.849909   984  1089 W ASH     : @ 14407.527: touch gesture: no valid gesture detected
04-17 05:21:17.914675   984  1089 W ASH     : @ 14407.592: touch gesture: no valid gesture detected
04-17 05:21:17.979439   984  1089 W ASH     : @ 14407.656: touch gesture: no valid gesture detected
04-17 05:21:18.043363   984  1089 W ASH     : @ 14407.721: touch gesture: no valid gesture detected
04-17 05:21:18.107845   984  1089 W ASH     : @ 14407.785: touch gesture: no valid gesture detected
04-17 05:21:18.172129   984  1089 W ASH     : @ 14407.849: touch gesture: no valid gesture detected
04-17 05:21:18.236505   984  1089 W ASH     : @ 14407.914: touch gesture: no valid gesture detected
04-17 05:21:18.301237   984  1089 W ASH     : @ 14407.978: touch gesture: no valid gesture detected
04-17 05:21:18.365411   984  1089 W ASH     : @ 14408.043: touch gesture: no valid gesture detected
04-17 05:21:18.429785   984  1089 W ASH     : @ 14408.107: touch gesture: no valid gesture detected
04-17 05:21:18.494263   984  1089 W ASH     : @ 14408.171: touch gesture: no valid gesture detected
04-17 05:21:18.558471   984  1089 W ASH     : @ 14408.236: touch gesture: no valid gesture detected
04-17 05:21:18.622663   984  1089 W ASH     : @ 14408.300: touch gesture: no valid gesture detected
04-17 05:21:18.687281   984  1089 W ASH     : @ 14408.364: touch gesture: no valid gesture detected
04-17 05:21:18.751658   984  1089 W ASH     : @ 14408.429: touch gesture: no valid gesture detected
04-17 05:21:18.816116   984  1089 W ASH     : @ 14408.493: touch gesture: no valid gesture detected
04-17 05:21:18.880585   984  1089 W ASH     : @ 14408.558: touch gesture: no valid gesture detected
04-17 05:21:18.944865   984  1089 W ASH     : @ 14408.622: touch gesture: no valid gesture detected
04-17 05:21:19.008790   984  1089 W ASH     : @ 14408.686: touch gesture: no valid gesture detected
04-17 05:21:19.073670   984  1089 W ASH     : @ 14408.751: touch gesture: no valid gesture detected
04-17 05:21:19.137976   984  1089 W ASH     : @ 14408.815: touch gesture: no valid gesture detected
04-17 05:21:19.202256   984  1089 W ASH     : @ 14408.880: touch gesture: no valid gesture detected
04-17 05:21:19.266723   984  1089 W ASH     : @ 14408.944: touch gesture: no valid gesture detected
04-17 05:21:19.330971   984  1089 W ASH     : @ 14409.008: touch gesture: no valid gesture detected
04-17 05:21:19.395638   984  1089 W ASH     : @ 14409.073: touch gesture: no valid gesture detected
04-17 05:21:19.460070   984  1089 W ASH     : @ 14409.137: touch gesture: no valid gesture detected
04-17 05:21:19.524679   984  1089 W ASH     : @ 14409.202: touch gesture: no valid gesture detected
04-17 05:21:19.588856   984  1089 W ASH     : @ 14409.266: touch gesture: no valid gesture detected
04-17 05:21:19.653499   984  1089 W ASH     : @ 14409.331: touch gesture: no valid gesture detected
04-17 05:21:19.718034   984  1089 W ASH     : @ 14409.395: touch gesture: no valid gesture detected
04-17 05:21:19.782077   984  1089 W ASH     : @ 14409.460: touch gesture: no valid gesture detected
04-17 05:21:19.846511   984  1089 W ASH     : @ 14409.524: touch gesture: no valid gesture detected
04-17 05:21:19.911205   984  1089 W ASH     : @ 14409.588: touch gesture: no valid gesture detected
04-17 05:21:19.975579   984  1089 W ASH     : @ 14409.653: touch gesture: no valid gesture detected
04-17 05:21:20.040033   984  1089 W ASH     : @ 14409.717: touch gesture: no valid gesture detected
04-17 05:21:20.104583   984  1089 W ASH     : @ 14409.782: touch gesture: no valid gesture detected
04-17 05:21:20.168850   984  1089 W ASH     : @ 14409.846: touch gesture: no valid gesture detected
04-17 05:21:20.231817   984  1089 W ASH     : @ 14409.911: touch gesture: no valid gesture detected
04-17 05:21:20.298264   984  1089 W ASH     : @ 14409.975: touch gesture: no valid gesture detected
04-17 05:21:20.362390   984  1089 W ASH     : @ 14410.039: touch gesture: no valid gesture detected
04-17 05:21:20.426948   984  1089 W ASH     : @ 14410.104: touch gesture: no valid gesture detected
04-17 05:21:20.490805   984  1089 W ASH     : @ 14410.168: touch gesture: no valid gesture detected
04-17 05:21:20.555448   984  1089 W ASH     : @ 14410.233: touch gesture: no valid gesture detected
04-17 05:21:20.619805   984  1089 W ASH     : @ 14410.297: touch gesture: no valid gesture detected
04-17 05:21:20.684281   984  1089 W ASH     : @ 14410.362: touch gesture: no valid gesture detected
04-17 05:21:20.748681   984  1089 W ASH     : @ 14410.426: touch gesture: no valid gesture detected
04-17 05:21:20.813127   984  1089 W ASH     : @ 14410.490: touch gesture: no valid gesture detected
04-17 05:21:20.877481   984  1089 W ASH     : @ 14410.555: touch gesture: no valid gesture detected
04-17 05:21:20.941852   984  1089 W ASH     : @ 14410.619: touch gesture: no valid gesture detected
04-17 05:21:21.006163   984  1089 W ASH     : @ 14410.684: touch gesture: no valid gesture detected
04-17 05:21:21.070630   984  1089 W ASH     : @ 14410.748: touch gesture: no valid gesture detected
04-17 05:21:21.135139   984  1089 W ASH     : @ 14410.812: touch gesture: no valid gesture detected
04-17 05:21:21.199404   984  1089 W ASH     : @ 14410.877: touch gesture: no valid gesture detected
04-17 05:21:21.264130   984  1089 W ASH     : @ 14410.941: touch gesture: no valid gesture detected
04-17 05:21:21.328245   984  1089 W ASH     : @ 14411.006: touch gesture: no valid gesture detected
04-17 05:21:21.392588   984  1089 W ASH     : @ 14411.070: touch gesture: no valid gesture detected
04-17 05:21:21.457005   984  1089 W ASH     : @ 14411.134: touch gesture: no valid gesture detected
04-17 05:21:21.521366   984  1089 W ASH     : @ 14411.199: touch gesture: no valid gesture detected
04-17 05:21:21.585970   984  1089 W ASH     : @ 14411.263: touch gesture: no valid gesture detected
04-17 05:21:21.650307   984  1089 W ASH     : @ 14411.328: touch gesture: no valid gesture detected
04-17 05:21:21.714946   984  1089 W ASH     : @ 14411.392: touch gesture: no valid gesture detected
04-17 05:21:21.779185   984  1089 W ASH     : @ 14411.457: touch gesture: no valid gesture detected
04-17 05:21:21.843661   984  1089 W ASH     : @ 14411.521: touch gesture: no valid gesture detected
04-17 05:21:21.908211   984  1089 W ASH     : @ 14411.585: touch gesture: no valid gesture detected
04-17 05:21:21.972514   984  1089 W ASH     : @ 14411.650: touch gesture: no valid gesture detected
04-17 05:21:22.037027   984  1089 W ASH     : @ 14411.714: touch gesture: no valid gesture detected
04-17 05:21:22.101298   984  1089 W ASH     : @ 14411.779: touch gesture: no valid gesture detected
04-17 05:21:22.165930   984  1089 W ASH     : @ 14411.843: touch gesture: no valid gesture detected
04-17 05:21:22.230394   984  1089 W ASH     : @ 14411.908: touch gesture: no valid gesture detected
04-17 05:21:22.294800   984  1089 W ASH     : @ 14411.972: touch gesture: no valid gesture detected
04-17 05:21:22.359357   984  1089 W ASH     : @ 14412.037: touch gesture: no valid gesture detected
04-17 05:21:22.423690   984  1089 W ASH     : @ 14412.101: touch gesture: no valid gesture detected
04-17 05:21:22.488238   984  1089 W ASH     : @ 14412.165: touch gesture: no valid gesture detected
04-17 05:21:22.552613   984  1089 W ASH     : @ 14412.230: touch gesture: no valid gesture detected
04-17 05:21:22.617129   984  1089 W ASH     : @ 14412.294: touch gesture: no valid gesture detected
04-17 05:21:22.681534   984  1089 W ASH     : @ 14412.359: touch gesture: no valid gesture detected
04-17 05:21:22.746051   984  1089 W ASH     : @ 14412.423: touch gesture: no valid gesture detected
04-17 05:21:22.810188   984  1089 W ASH     : @ 14412.488: touch gesture: no valid gesture detected
04-17 05:21:22.874793   984  1089 W ASH     : @ 14412.552: touch gesture: no valid gesture detected
04-17 05:21:22.939212   984  1089 W ASH     : @ 14412.616: touch gesture: no valid gesture detected
04-17 05:21:23.003148   984  1089 W ASH     : @ 14412.681: touch gesture: no valid gesture detected
04-17 05:21:23.068097   984  1089 W ASH     : @ 14412.745: touch gesture: no valid gesture detected
04-17 05:21:23.132586   984  1089 W ASH     : @ 14412.810: touch gesture: no valid gesture detected
04-17 05:21:23.196757   984  1089 W ASH     : @ 14412.874: touch gesture: no valid gesture detected
04-17 05:21:23.259359   984  1089 W ASH     : @ 14412.939: touch gesture: no valid gesture detected
--------- switch to kernel
04-17 05:21:23.285452     0     0 I         : c2    960 msm_geni_serial 894000.qcom,qup_uart: msm_geni_serial_set_termios: Start
--------- switch to main
04-17 05:21:23.286577   960   960 D vendor.qti.bluetooth@1.0-uart_transport: SocRxDWakeup: Flow off->Change UART baudrate to 38.4kbs->send 0x00->Change UART baudrate to max->Flow on
04-17 05:21:23.286720   960   960 I vendor.qti.bluetooth@1.0-uart_transport: ## userial_vendor_ioctl: UART Flow Off 
--------- switch to radio
04-17 05:21:23.288322  3483  3483 D RILJ    : [0353]> GET_ACTIVITY_INFO [PHONE0]
--------- switch to main
04-17 05:21:23.288729   960   960 I vendor.qti.bluetooth@1.0-uart_transport: ## userial_vendor_set_baud: 17
--------- switch to radio
04-17 05:21:23.294323  3483  3515 D RILJ    : [0353]< GET_ACTIVITY_INFO ModemActivityInfo{ mTimestamp=14400131 mSleepTimeMs=1699364 mIdleTimeMs=10167 mTxTimeMs[]=[0, 0, 0, 0, 0] mRxTimeMs=90468} [PHONE0]
--------- switch to main
04-17 05:21:23.296266  2612  4344 D TelephonyManager: requestModemActivityInfo: Sending result to app: ModemActivityInfo{ mTimestamp=14400131 mSleepTimeMs=13582824 mIdleTimeMs=102906 mTxTimeMs[]=[0, 0, 0, 0, 0] mRxTimeMs=703950}
--------- switch to kernel
04-17 05:21:23.286620     0     0 I         : c4    960 msm_geni_serial 894000.qcom,qup_uart: msm_geni_serial_set_termios: geni_se_clk_freq_match
04-17 05:21:23.286755     0     0 I         : c4    960 msm_geni_serial 894000.qcom,qup_uart: msm_geni_serial_set_termios: check parity
04-17 05:21:23.286776     0     0 I         : c4    960 msm_geni_serial 894000.qcom,qup_uart: msm_geni_serial_set_termios: geni_serial_write_term_regs
04-17 05:21:23.286825     0     0 I         : c4    960 msm_geni_serial 894000.qcom,qup_uart: msm_geni_serial_set_termios: End
04-17 05:21:23.287407     0     0 I         : c4    960 msm_geni_serial 894000.qcom,qup_uart: msm_geni_serial_set_termios: Start
04-17 05:21:23.296423     0     0 I         : c1    960 msm_geni_serial 894000.qcom,qup_uart: msm_geni_serial_set_termios: geni_se_clk_freq_match
04-17 05:21:23.296671     0     0 I         : c1    960 msm_geni_serial 894000.qcom,qup_uart: msm_geni_serial_set_termios: check parity
04-17 05:21:23.296695     0     0 I         : c1    960 msm_geni_serial 894000.qcom,qup_uart: msm_geni_serial_set_termios: geni_serial_write_term_regs
04-17 05:21:23.296747     0     0 I         : c1    960 msm_geni_serial 894000.qcom,qup_uart: msm_geni_serial_set_termios: End
--------- switch to main
04-17 05:21:23.298335   960   960 I vendor.qti.bluetooth@1.0-uart_transport: ## userial_vendor_ioctl: UART Flow On 
04-17 05:21:23.298941   960  3561 I vendor.qti.bluetooth@1.0-ibs_handler: ProcessIbsCmd: Received IBS_WAKE_ACK: 0xFC
04-17 05:21:23.298992   960  3561 I vendor.qti.bluetooth@1.0-ibs_handler: ProcessIbsCmd: Signal wack_cond_
04-17 05:21:23.299570   960  3561 I vendor.qti.bluetooth@1.0-ibs_handler: ProcessIbsCmd: Received IBS_WAKE_ACK: 0xFC
04-17 05:21:23.299620   960  3561 I vendor.qti.bluetooth@1.0-ibs_handler: ProcessIbsCmd: Signal wack_cond_
04-17 05:21:23.299732   960   960 D vendor.qti.bluetooth@1.0-ibs_handler: DeviceWakeUp: Unblocked from waiting for FC
04-17 05:21:23.324188   984  1089 W ASH     : @ 14413.003: touch gesture: no valid gesture detected
04-17 05:21:23.388214   984  1089 W ASH     : @ 14413.067: touch gesture: no valid gesture detected
--------- switch to events
04-17 05:21:23.427446  2612  2694 I commit_sys_config_file: [batterystats,20]
04-17 05:21:23.430680  2612  2694 I commit_sys_config_file: [batterystats,3]
--------- switch to main
04-17 05:21:23.454855   984  1089 W ASH     : @ 14413.132: touch gesture: no valid gesture detected
04-17 05:21:23.519057   984  1089 W ASH     : @ 14413.196: touch gesture: no valid gesture detected
04-17 05:21:23.583259   984  1089 W ASH     : @ 14413.261: touch gesture: no valid gesture detected
04-17 05:21:23.648049   984  1089 W ASH     : @ 14413.325: touch gesture: no valid gesture detected
04-17 05:21:23.712491   984  1089 W ASH     : @ 14413.390: touch gesture: no valid gesture detected
04-17 05:21:23.776693   984  1089 W ASH     : @ 14413.454: touch gesture: no valid gesture detected
04-17 05:21:23.841132   984  1089 W ASH     : @ 14413.518: touch gesture: no valid gesture detected
04-17 05:21:23.905240   984  1089 W ASH     : @ 14413.583: touch gesture: no valid gesture detected
04-17 05:21:23.969339   984  1089 W ASH     : @ 14413.647: touch gesture: no valid gesture detected
04-17 05:21:24.034254   984  1089 W ASH     : @ 14413.712: touch gesture: no valid gesture detected
04-17 05:21:24.098596   984  1089 W ASH     : @ 14413.776: touch gesture: no valid gesture detected
04-17 05:21:24.162670   984  1089 W ASH     : @ 14413.840: touch gesture: no valid gesture detected
04-17 05:21:24.227414   984  1089 W ASH     : @ 14413.905: touch gesture: no valid gesture detected
04-17 05:21:24.291661   984  1089 W ASH     : @ 14413.969: touch gesture: no valid gesture detected
04-17 05:21:24.355733   984  1089 W ASH     : @ 14414.033: touch gesture: no valid gesture detected
04-17 05:21:24.420674   984  1089 W ASH     : @ 14414.098: touch gesture: no valid gesture detected
04-17 05:21:24.485104   984  1089 W ASH     : @ 14414.162: touch gesture: no valid gesture detected
04-17 05:21:24.548775   984  1089 W ASH     : @ 14414.226: touch gesture: no valid gesture detected
04-17 05:21:24.613821   984  1089 W ASH     : @ 14414.291: touch gesture: no valid gesture detected
04-17 05:21:24.678203   984  1089 W ASH     : @ 14414.356: touch gesture: no valid gesture detected
04-17 05:21:24.742462   984  1089 W ASH     : @ 14414.420: touch gesture: no valid gesture detected
04-17 05:21:24.806851   984  1089 W ASH     : @ 14414.484: touch gesture: no valid gesture detected
04-17 05:21:24.871541   984  1089 W ASH     : @ 14414.549: touch gesture: no valid gesture detected
04-17 05:21:24.934621   984  1089 W ASH     : @ 14414.613: touch gesture: no valid gesture detected
04-17 05:21:25.000036   984  1089 W ASH     : @ 14414.678: touch gesture: no valid gesture detected
04-17 05:21:25.064877   984  1089 W ASH     : @ 14414.742: touch gesture: no valid gesture detected
04-17 05:21:25.128619   984  1089 W ASH     : @ 14414.806: touch gesture: no valid gesture detected
04-17 05:21:25.193178   984  1089 W ASH     : @ 14414.871: touch gesture: no valid gesture detected
04-17 05:21:25.257826   984  1089 W ASH     : @ 14414.935: touch gesture: no valid gesture detected
04-17 05:21:25.321784   984  1089 W ASH     : @ 14414.999: touch gesture: no valid gesture detected
04-17 05:21:25.386236   984  1089 W ASH     : @ 14415.064: touch gesture: no valid gesture detected
04-17 05:21:25.450709   984  1089 W ASH     : @ 14415.128: touch gesture: no valid gesture detected
04-17 05:21:25.515234   984  1089 W ASH     : @ 14415.193: touch gesture: no valid gesture detected
04-17 05:21:25.579390   984  1089 W ASH     : @ 14415.257: touch gesture: no valid gesture detected
04-17 05:21:25.643919   984  1089 W ASH     : @ 14415.321: touch gesture: no valid gesture detected
04-17 05:21:25.708225   984  1089 W ASH     : @ 14415.386: touch gesture: no valid gesture detected
04-17 05:21:25.772613   984  1089 W ASH     : @ 14415.450: touch gesture: no valid gesture detected
04-17 05:21:25.836955   984  1089 W ASH     : @ 14415.514: touch gesture: no valid gesture detected
04-17 05:21:25.901291   984  1089 W ASH     : @ 14415.579: touch gesture: no valid gesture detected
04-17 05:21:25.965782   984  1089 W ASH     : @ 14415.643: touch gesture: no valid gesture detected
04-17 05:21:26.030039   984  1089 W ASH     : @ 14415.708: touch gesture: no valid gesture detected
04-17 05:21:26.094787   984  1089 W ASH     : @ 14415.772: touch gesture: no valid gesture detected
04-17 05:21:26.159027   984  1089 W ASH     : @ 14415.836: touch gesture: no valid gesture detected
04-17 05:21:26.223649   984  1089 W ASH     : @ 14415.901: touch gesture: no valid gesture detected
04-17 05:21:26.288113   984  1089 W ASH     : @ 14415.965: touch gesture: no valid gesture detected
04-17 05:21:26.352374   984  1089 W ASH     : @ 14416.030: touch gesture: no valid gesture detected
04-17 05:21:26.416678   984  1089 W ASH     : @ 14416.094: touch gesture: no valid gesture detected
04-17 05:21:26.480893   984  1089 W ASH     : @ 14416.158: touch gesture: no valid gesture detected
04-17 05:21:26.545339   984  1089 W ASH     : @ 14416.223: touch gesture: no valid gesture detected
04-17 05:21:26.609725   984  1089 W ASH     : @ 14416.287: touch gesture: no valid gesture detected
04-17 05:21:26.674046   984  1089 W ASH     : @ 14416.352: touch gesture: no valid gesture detected
04-17 05:21:26.738548   984  1089 W ASH     : @ 14416.416: touch gesture: no valid gesture detected
04-17 05:21:26.802914   984  1089 W ASH     : @ 14416.480: touch gesture: no valid gesture detected
04-17 05:21:26.866279   984  1089 W ASH     : @ 14416.545: touch gesture: no valid gesture detected
04-17 05:21:26.931918   984  1089 W ASH     : @ 14416.609: touch gesture: no valid gesture detected
04-17 05:21:26.996229   984  1089 W ASH     : @ 14416.674: touch gesture: no valid gesture detected
04-17 05:21:27.060806   984  1089 W ASH     : @ 14416.738: touch gesture: no valid gesture detected
04-17 05:21:27.124961   984  1089 W ASH     : @ 14416.802: touch gesture: no valid gesture detected
04-17 05:21:27.189070   984  1089 W ASH     : @ 14416.867: touch gesture: no valid gesture detected
04-17 05:21:27.254154   984  1089 W ASH     : @ 14416.931: touch gesture: no valid gesture detected
04-17 05:21:27.318220   984  1089 W ASH     : @ 14416.996: touch gesture: no valid gesture detected
04-17 05:21:27.382799   984  1089 W ASH     : @ 14417.060: touch gesture: no valid gesture detected
04-17 05:21:27.446847   984  1089 W ASH     : @ 14417.124: touch gesture: no valid gesture detected
04-17 05:21:27.511368   984  1089 W ASH     : @ 14417.189: touch gesture: no valid gesture detected
04-17 05:21:27.575458   984  1089 W ASH     : @ 14417.253: touch gesture: no valid gesture detected
04-17 05:21:27.640230   984  1089 W ASH     : @ 14417.317: touch gesture: no valid gesture detected
04-17 05:21:27.704698   984  1089 W ASH     : @ 14417.382: touch gesture: no valid gesture detected
04-17 05:21:27.769004   984  1089 W ASH     : @ 14417.446: touch gesture: no valid gesture detected
04-17 05:21:27.833117   984  1089 W ASH     : @ 14417.511: touch gesture: no valid gesture detected
04-17 05:21:27.897936   984  1089 W ASH     : @ 14417.575: touch gesture: no valid gesture detected
04-17 05:21:27.962273   984  1089 W ASH     : @ 14417.639: touch gesture: no valid gesture detected
04-17 05:21:28.026750   984  1089 W ASH     : @ 14417.704: touch gesture: no valid gesture detected
04-17 05:21:28.090991   984  1089 W ASH     : @ 14417.768: touch gesture: no valid gesture detected
04-17 05:21:28.155486   984  1089 W ASH     : @ 14417.833: touch gesture: no valid gesture detected
04-17 05:21:28.219560   984  1089 W ASH     : @ 14417.897: touch gesture: no valid gesture detected
04-17 05:21:28.284311   984  1089 W ASH     : @ 14417.961: touch gesture: no valid gesture detected
04-17 05:21:28.348631   984  1089 W ASH     : @ 14418.026: touch gesture: no valid gesture detected
04-17 05:21:28.412831   984  1089 W ASH     : @ 14418.090: touch gesture: no valid gesture detected
04-17 05:21:28.477570   984  1089 W ASH     : @ 14418.155: touch gesture: no valid gesture detected
04-17 05:21:28.541687   984  1089 W ASH     : @ 14418.219: touch gesture: no valid gesture detected
04-17 05:21:28.606462   984  1089 W ASH     : @ 14418.283: touch gesture: no valid gesture detected
04-17 05:21:28.670746   984  1089 W ASH     : @ 14418.348: touch gesture: no valid gesture detected
04-17 05:21:28.735201   984  1089 W ASH     : @ 14418.412: touch gesture: no valid gesture detected
04-17 05:21:28.799221   984  1089 W ASH     : @ 14418.476: touch gesture: no valid gesture detected
04-17 05:21:28.863593   984  1089 W ASH     : @ 14418.541: touch gesture: no valid gesture detected
04-17 05:21:28.927957   984  1089 W ASH     : @ 14418.605: touch gesture: no valid gesture detected
04-17 05:21:28.992179   984  1089 W ASH     : @ 14418.669: touch gesture: no valid gesture detected
04-17 05:21:29.056488   984  1089 W ASH     : @ 14418.734: touch gesture: no valid gesture detected
04-17 05:21:29.120741   984  1089 W ASH     : @ 14418.798: touch gesture: no valid gesture detected
04-17 05:21:29.185530   984  1089 W ASH     : @ 14418.863: touch gesture: no valid gesture detected
