04-17 11:59:18.519820     0     0 I         : c2   5787 sm7250_bms: MSC_PCS chg_state=1c2112f01030001 [0x1:1:3:4399:450] chg=u
04-17 11:59:18.519903     0     0 I         : c2   5787 google_battery: MSC_DIN chg_state=1c2112f01030001 f=0x1 chg_s=Not Charging chg_t=None vchg=4399 icl=450
04-17 11:59:18.521337     0     0 I         : c2   5787 google_battery: MSC_DSG vbatt_idx:4->4 vbatt=4399769 ibatt=-6713 fv_uv=4430000 cv_cnt=0 ov_cnt=0
04-17 11:59:18.521404     0     0 I         : c2   5787 google_battery: MSC_VOTE msc_state=2 cv_cnt=0 ov_cnt=0 temp_idx:2, vbatt_idx:4  fv_uv=4430000 cc_max=0 update_interval=-1
04-17 11:59:18.521513     0     0 I         : c2   5787 google_charger: MSC_CHG fv_uv=4430000, cc_max=0, rerun in 2000 ms (0)
--------- switch to main
04-17 11:59:18.535679   984  1089 W ASH     : @ 38288.212: touch gesture: no valid gesture detected
04-17 11:59:18.601947   984  1089 W ASH     : @ 38288.277: touch gesture: no valid gesture detected
04-17 11:59:18.666617   984  1089 W ASH     : @ 38288.342: touch gesture: no valid gesture detected
04-17 11:59:18.731279   984  1089 W ASH     : @ 38288.406: touch gesture: no valid gesture detected
04-17 11:59:18.795758   984  1089 W ASH     : @ 38288.471: touch gesture: no valid gesture detected
04-17 11:59:18.860846   984  1089 W ASH     : @ 38288.535: touch gesture: no valid gesture detected
04-17 11:59:18.923977   984  1089 W ASH     : @ 38288.600: touch gesture: no valid gesture detected
04-17 11:59:18.990363   984  1089 W ASH     : @ 38288.665: touch gesture: no valid gesture detected
04-17 11:59:19.054262   984  1089 W ASH     : @ 38288.729: touch gesture: no valid gesture detected
04-17 11:59:19.119103   984  1089 W ASH     : @ 38288.794: touch gesture: no valid gesture detected
04-17 11:59:19.183498   984  1089 W ASH     : @ 38288.858: touch gesture: no valid gesture detected
04-17 11:59:19.247886   984  1089 W ASH     : @ 38288.923: touch gesture: no valid gesture detected
04-17 11:59:19.313129   984  1089 W ASH     : @ 38288.988: touch gesture: no valid gesture detected
04-17 11:59:19.376142   984  1089 W ASH     : @ 38289.052: touch gesture: no valid gesture detected
04-17 11:59:19.441570   984  1089 W ASH     : @ 38289.116: touch gesture: no valid gesture detected
04-17 11:59:19.506282   984  1089 W ASH     : @ 38289.181: touch gesture: no valid gesture detected
04-17 11:59:19.571004   984  1089 W ASH     : @ 38289.246: touch gesture: no valid gesture detected
04-17 11:59:19.635502   984  1089 W ASH     : @ 38289.310: touch gesture: no valid gesture detected
04-17 11:59:19.700173   984  1089 W ASH     : @ 38289.375: touch gesture: no valid gesture detected
04-17 11:59:19.764997   984  1089 W ASH     : @ 38289.440: touch gesture: no valid gesture detected
04-17 11:59:19.829511   984  1089 W ASH     : @ 38289.504: touch gesture: no valid gesture detected
04-17 11:59:19.894195   984  1089 W ASH     : @ 38289.569: touch gesture: no valid gesture detected
04-17 11:59:19.958928   984  1089 W ASH     : @ 38289.634: touch gesture: no valid gesture detected
04-17 11:59:20.023083   984  1089 W ASH     : @ 38289.698: touch gesture: no valid gesture detected
04-17 11:59:20.087647   984  1089 W ASH     : @ 38289.763: touch gesture: no valid gesture detected
04-17 11:59:20.152307   984  1089 W ASH     : @ 38289.827: touch gesture: no valid gesture detected
04-17 11:59:20.216917   984  1089 W ASH     : @ 38289.892: touch gesture: no valid gesture detected
04-17 11:59:20.281448   984  1089 W ASH     : @ 38289.957: touch gesture: no valid gesture detected
04-17 11:59:20.346101   984  1089 W ASH     : @ 38290.021: touch gesture: no valid gesture detected
04-17 11:59:20.410614   984  1089 W ASH     : @ 38290.086: touch gesture: no valid gesture detected
04-17 11:59:20.475247   984  1089 W ASH     : @ 38290.150: touch gesture: no valid gesture detected
04-17 11:59:20.538865   984  1089 W ASH     : @ 38290.215: touch gesture: no valid gesture detected
--------- switch to kernel
04-17 11:59:20.533413     0     0 I         : c2   5787 google_charger: usbchg=USB typec=C usbv=5050 usbc=12 usbMv=5000 usbMc=450
04-17 11:59:20.533605     0     0 I         : c2   5787 sm7250_bms: MSC_PCS chg_state=1c2112f01030001 [0x1:1:3:4399:450] chg=u
04-17 11:59:20.533679     0     0 I         : c2   5787 google_battery: MSC_DIN chg_state=1c2112f01030001 f=0x1 chg_s=Not Charging chg_t=None vchg=4399 icl=450
04-17 11:59:20.535301     0     0 I         : c2   5787 google_battery: MSC_DSG vbatt_idx:4->4 vbatt=4399769 ibatt=-4577 fv_uv=4430000 cv_cnt=0 ov_cnt=0
04-17 11:59:20.535365     0     0 I         : c2   5787 google_battery: MSC_VOTE msc_state=2 cv_cnt=0 ov_cnt=0 temp_idx:2, vbatt_idx:4  fv_uv=4430000 cc_max=0 update_interval=-1
04-17 11:59:20.535475     0     0 I         : c2   5787 google_charger: MSC_CHG fv_uv=4430000, cc_max=0, rerun in 2000 ms (0)
--------- switch to main
04-17 11:59:20.604163   984  1089 W ASH     : @ 38290.279: touch gesture: no valid gesture detected
04-17 11:59:20.668855   984  1089 W ASH     : @ 38290.344: touch gesture: no valid gesture detected
04-17 11:59:20.733735   984  1089 W ASH     : @ 38290.409: touch gesture: no valid gesture detected
04-17 11:59:20.798194   984  1089 W ASH     : @ 38290.473: touch gesture: no valid gesture detected
04-17 11:59:20.862714   984  1089 W ASH     : @ 38290.538: touch gesture: no valid gesture detected
04-17 11:59:20.927273   984  1089 W ASH     : @ 38290.602: touch gesture: no valid gesture detected
04-17 11:59:20.991815   984  1089 W ASH     : @ 38290.667: touch gesture: no valid gesture detected
04-17 11:59:21.056310   984  1089 W ASH     : @ 38290.731: touch gesture: no valid gesture detected
04-17 11:59:21.120954   984  1089 W ASH     : @ 38290.796: touch gesture: no valid gesture detected
04-17 11:59:21.185726   984  1089 W ASH     : @ 38290.861: touch gesture: no valid gesture detected
04-17 11:59:21.250209   984  1089 W ASH     : @ 38290.925: touch gesture: no valid gesture detected
04-17 11:59:21.314932   984  1089 W ASH     : @ 38290.990: touch gesture: no valid gesture detected
04-17 11:59:21.379896   984  1089 W ASH     : @ 38291.055: touch gesture: no valid gesture detected
04-17 11:59:21.444090   984  1089 W ASH     : @ 38291.119: touch gesture: no valid gesture detected
04-17 11:59:21.508886   984  1089 W ASH     : @ 38291.184: touch gesture: no valid gesture detected
04-17 11:59:21.573299   984  1089 W ASH     : @ 38291.249: touch gesture: no valid gesture detected
04-17 11:59:21.637841   984  1089 W ASH     : @ 38291.313: touch gesture: no valid gesture detected
04-17 11:59:21.703287   984  1089 W ASH     : @ 38291.378: touch gesture: no valid gesture detected
04-17 11:59:21.767968   984  1089 W ASH     : @ 38291.442: touch gesture: no valid gesture detected
04-17 11:59:21.832309   984  1089 W ASH     : @ 38291.507: touch gesture: no valid gesture detected
04-17 11:59:21.896929   984  1089 W ASH     : @ 38291.572: touch gesture: no valid gesture detected
04-17 11:59:21.961437   984  1089 W ASH     : @ 38291.636: touch gesture: no valid gesture detected
04-17 11:59:22.026287   984  1089 W ASH     : @ 38291.701: touch gesture: no valid gesture detected
04-17 11:59:22.090505   984  1089 W ASH     : @ 38291.765: touch gesture: no valid gesture detected
04-17 11:59:22.154916   984  1089 W ASH     : @ 38291.830: touch gesture: no valid gesture detected
04-17 11:59:22.219431   984  1089 W ASH     : @ 38291.895: touch gesture: no valid gesture detected
04-17 11:59:22.283152   984  1089 W ASH     : @ 38291.959: touch gesture: no valid gesture detected
04-17 11:59:22.348986   984  1089 W ASH     : @ 38292.024: touch gesture: no valid gesture detected
04-17 11:59:22.413385   984  1089 W ASH     : @ 38292.088: touch gesture: no valid gesture detected
04-17 11:59:22.477531   984  1089 W ASH     : @ 38292.153: touch gesture: no valid gesture detected
04-17 11:59:22.541263   984  1089 W ASH     : @ 38292.217: touch gesture: no valid gesture detected
--------- switch to kernel
04-17 11:59:22.547619     0     0 I         : c2   5787 google_charger: usbchg=USB typec=C usbv=5035 usbc=0 usbMv=5000 usbMc=450
04-17 11:59:22.547817     0     0 I         : c2   5787 sm7250_bms: MSC_PCS chg_state=1c2112f01030001 [0x1:1:3:4399:450] chg=u
04-17 11:59:22.548041     0     0 I         : c2   5787 google_battery: MSC_DIN chg_state=1c2112f01030001 f=0x1 chg_s=Not Charging chg_t=None vchg=4399 icl=450
04-17 11:59:22.550223     0     0 I         : c2   5787 google_battery: MSC_DSG vbatt_idx:4->4 vbatt=4399769 ibatt=-4577 fv_uv=4430000 cv_cnt=0 ov_cnt=0
04-17 11:59:22.550304     0     0 I         : c2   5787 google_battery: MSC_VOTE msc_state=2 cv_cnt=0 ov_cnt=0 temp_idx:2, vbatt_idx:4  fv_uv=4430000 cc_max=0 update_interval=-1
04-17 11:59:22.550433     0     0 I         : c2   5787 google_charger: MSC_CHG fv_uv=4430000, cc_max=0, rerun in 2000 ms (0)
--------- switch to main
04-17 11:59:22.606826   984  1089 W ASH     : @ 38292.282: touch gesture: no valid gesture detected
04-17 11:59:22.671234   984  1089 W ASH     : @ 38292.346: touch gesture: no valid gesture detected
04-17 11:59:22.736151   984  1089 W ASH     : @ 38292.411: touch gesture: no valid gesture detected
04-17 11:59:22.800594   984  1089 W ASH     : @ 38292.475: touch gesture: no valid gesture detected
04-17 11:59:22.864788   984  1089 W ASH     : @ 38292.540: touch gesture: no valid gesture detected
04-17 11:59:22.929276   984  1089 W ASH     : @ 38292.604: touch gesture: no valid gesture detected
04-17 11:59:22.994184   984  1089 W ASH     : @ 38292.669: touch gesture: no valid gesture detected
04-17 11:59:23.058828   984  1089 W ASH     : @ 38292.734: touch gesture: no valid gesture detected
04-17 11:59:23.122967   984  1089 W ASH     : @ 38292.798: touch gesture: no valid gesture detected
04-17 11:59:23.187797   984  1089 W ASH     : @ 38292.863: touch gesture: no valid gesture detected
04-17 11:59:23.252433   984  1089 W ASH     : @ 38292.927: touch gesture: no valid gesture detected
04-17 11:59:23.317289   984  1089 W ASH     : @ 38292.992: touch gesture: no valid gesture detected
04-17 11:59:23.381186   984  1089 W ASH     : @ 38293.056: touch gesture: no valid gesture detected
04-17 11:59:23.446025   984  1089 W ASH     : @ 38293.121: touch gesture: no valid gesture detected
04-17 11:59:23.510269   984  1089 W ASH     : @ 38293.185: touch gesture: no valid gesture detected
04-17 11:59:23.575263   984  1089 W ASH     : @ 38293.250: touch gesture: no valid gesture detected
04-17 11:59:23.639919   984  1089 W ASH     : @ 38293.315: touch gesture: no valid gesture detected
04-17 11:59:23.704551   984  1089 W ASH     : @ 38293.379: touch gesture: no valid gesture detected
04-17 11:59:23.768967   984  1089 W ASH     : @ 38293.444: touch gesture: no valid gesture detected
04-17 11:59:23.833346   984  1089 W ASH     : @ 38293.508: touch gesture: no valid gesture detected
04-17 11:59:23.897895   984  1089 W ASH     : @ 38293.573: touch gesture: no valid gesture detected
04-17 11:59:23.961494   984  1089 W ASH     : @ 38293.638: touch gesture: no valid gesture detected
04-17 11:59:24.027023   984  1089 W ASH     : @ 38293.702: touch gesture: no valid gesture detected
04-17 11:59:24.091480   984  1089 W ASH     : @ 38293.767: touch gesture: no valid gesture detected
04-17 11:59:24.156022   984  1089 W ASH     : @ 38293.831: touch gesture: no valid gesture detected
04-17 11:59:24.220721   984  1089 W ASH     : @ 38293.896: touch gesture: no valid gesture detected
04-17 11:59:24.285651   984  1089 W ASH     : @ 38293.960: touch gesture: no valid gesture detected
04-17 11:59:24.350196   984  1089 W ASH     : @ 38294.025: touch gesture: no valid gesture detected
04-17 11:59:24.414484   984  1089 W ASH     : @ 38294.089: touch gesture: no valid gesture detected
04-17 11:59:24.479532   984  1089 W ASH     : @ 38294.154: touch gesture: no valid gesture detected
04-17 11:59:24.543486   984  1089 W ASH     : @ 38294.219: touch gesture: no valid gesture detected
--------- switch to kernel
04-17 11:59:24.563549     0     0 I         : c2   5787 google_charger: usbchg=USB typec=C usbv=5029 usbc=0 usbMv=5000 usbMc=450
04-17 11:59:24.563731     0     0 I         : c2   5787 sm7250_bms: MSC_PCS chg_state=1c2112f01030001 [0x1:1:3:4399:450] chg=u
04-17 11:59:24.563808     0     0 I         : c2   5787 google_battery: MSC_DIN chg_state=1c2112f01030001 f=0x1 chg_s=Not Charging chg_t=None vchg=4399 icl=450
04-17 11:59:24.566166     0     0 I         : c2   5787 google_battery: MSC_DSG vbatt_idx:4->4 vbatt=4399769 ibatt=-4577 fv_uv=4430000 cv_cnt=0 ov_cnt=0
04-17 11:59:24.566232     0     0 I         : c2   5787 google_battery: MSC_VOTE msc_state=2 cv_cnt=0 ov_cnt=0 temp_idx:2, vbatt_idx:4  fv_uv=4430000 cc_max=0 update_interval=-1
04-17 11:59:24.566330     0     0 I         : c2   5787 google_charger: MSC_CHG fv_uv=4430000, cc_max=0, rerun in 2000 ms (0)
--------- switch to main
04-17 11:59:24.608095   984  1089 W ASH     : @ 38294.283: touch gesture: no valid gesture detected
04-17 11:59:24.672658   984  1089 W ASH     : @ 38294.348: touch gesture: no valid gesture detected
04-17 11:59:24.737208   984  1089 W ASH     : @ 38294.412: touch gesture: no valid gesture detected
04-17 11:59:24.801857   984  1089 W ASH     : @ 38294.477: touch gesture: no valid gesture detected
04-17 11:59:24.866384   984  1089 W ASH     : @ 38294.541: touch gesture: no valid gesture detected
04-17 11:59:24.931039   984  1089 W ASH     : @ 38294.606: touch gesture: no valid gesture detected
04-17 11:59:24.995969   984  1089 W ASH     : @ 38294.670: touch gesture: no valid gesture detected
04-17 11:59:25.060240   984  1089 W ASH     : @ 38294.735: touch gesture: no valid gesture detected
04-17 11:59:25.124710   984  1089 W ASH     : @ 38294.800: touch gesture: no valid gesture detected
04-17 11:59:25.189211   984  1089 W ASH     : @ 38294.864: touch gesture: no valid gesture detected
04-17 11:59:25.253763   984  1089 W ASH     : @ 38294.929: touch gesture: no valid gesture detected
04-17 11:59:25.318360   984  1089 W ASH     : @ 38294.993: touch gesture: no valid gesture detected
04-17 11:59:25.383030   984  1089 W ASH     : @ 38295.058: touch gesture: no valid gesture detected
04-17 11:59:25.447349   984  1089 W ASH     : @ 38295.123: touch gesture: no valid gesture detected
04-17 11:59:25.512065   984  1089 W ASH     : @ 38295.187: touch gesture: no valid gesture detected
04-17 11:59:25.577179   984  1089 W ASH     : @ 38295.252: touch gesture: no valid gesture detected
04-17 11:59:25.641263   984  1089 W ASH     : @ 38295.316: touch gesture: no valid gesture detected
04-17 11:59:25.705709   984  1089 W ASH     : @ 38295.381: touch gesture: no valid gesture detected
04-17 11:59:25.770268   984  1089 W ASH     : @ 38295.445: touch gesture: no valid gesture detected
04-17 11:59:25.835246   984  1089 W ASH     : @ 38295.510: touch gesture: no valid gesture detected
04-17 11:59:25.899619   984  1089 W ASH     : @ 38295.574: touch gesture: no valid gesture detected
04-17 11:59:25.964223   984  1089 W ASH     : @ 38295.639: touch gesture: no valid gesture detected
04-17 11:59:26.029019   984  1089 W ASH     : @ 38295.704: touch gesture: no valid gesture detected
04-17 11:59:26.093492   984  1089 W ASH     : @ 38295.768: touch gesture: no valid gesture detected
04-17 11:59:26.158145   984  1089 W ASH     : @ 38295.833: touch gesture: no valid gesture detected
04-17 11:59:26.223384   984  1089 W ASH     : @ 38295.898: touch gesture: no valid gesture detected
04-17 11:59:26.287480   984  1089 W ASH     : @ 38295.962: touch gesture: no valid gesture detected
04-17 11:59:26.352379   984  1089 W ASH     : @ 38296.027: touch gesture: no valid gesture detected
04-17 11:59:26.417066   984  1089 W ASH     : @ 38296.091: touch gesture: no valid gesture detected
04-17 11:59:26.481390   984  1089 W ASH     : @ 38296.156: touch gesture: no valid gesture detected
04-17 11:59:26.546183   984  1089 W ASH     : @ 38296.221: touch gesture: no valid gesture detected
--------- switch to kernel
04-17 11:59:26.581003     0     0 I         : c2   5787 google_charger: usbchg=USB typec=C usbv=5051 usbc=0 usbMv=5000 usbMc=450
04-17 11:59:26.581193     0     0 I         : c2   5787 sm7250_bms: MSC_PCS chg_state=1c2112f01030001 [0x1:1:3:4399:450] chg=u
04-17 11:59:26.581269     0     0 I         : c2   5787 google_battery: MSC_DIN chg_state=1c2112f01030001 f=0x1 chg_s=Not Charging chg_t=None vchg=4399 icl=450
04-17 11:59:26.582893     0     0 I         : c2   5787 google_battery: MSC_DSG vbatt_idx:4->4 vbatt=4399769 ibatt=-4577 fv_uv=4430000 cv_cnt=0 ov_cnt=0
04-17 11:59:26.582952     0     0 I         : c2   5787 google_battery: MSC_VOTE msc_state=2 cv_cnt=0 ov_cnt=0 temp_idx:2, vbatt_idx:4  fv_uv=4430000 cc_max=0 update_interval=-1
04-17 11:59:26.583051     0     0 I         : c2   5787 google_charger: MSC_CHG fv_uv=4430000, cc_max=0, rerun in 2000 ms (0)
--------- switch to main
04-17 11:59:26.608929   984  1089 W ASH     : @ 38296.285: touch gesture: no valid gesture detected
04-17 11:59:26.674681   984  1089 W ASH     : @ 38296.350: touch gesture: no valid gesture detected
04-17 11:59:26.738251   984  1089 W ASH     : @ 38296.415: touch gesture: no valid gesture detected
04-17 11:59:26.804307   984  1089 W ASH     : @ 38296.479: touch gesture: no valid gesture detected
04-17 11:59:26.869300   984  1089 W ASH     : @ 38296.544: touch gesture: no valid gesture detected
04-17 11:59:26.933593   984  1089 W ASH     : @ 38296.609: touch gesture: no valid gesture detected
04-17 11:59:26.998263   984  1089 W ASH     : @ 38296.673: touch gesture: no valid gesture detected
04-17 11:59:27.062972   984  1089 W ASH     : @ 38296.738: touch gesture: no valid gesture detected
04-17 11:59:27.126174   984  1089 W ASH     : @ 38296.803: touch gesture: no valid gesture detected
04-17 11:59:27.192592   984  1089 W ASH     : @ 38296.867: touch gesture: no valid gesture detected
04-17 11:59:27.256753   984  1089 W ASH     : @ 38296.932: touch gesture: no valid gesture detected
04-17 11:59:27.321841   984  1089 W ASH     : @ 38296.997: touch gesture: no valid gesture detected
04-17 11:59:27.386256   984  1089 W ASH     : @ 38297.061: touch gesture: no valid gesture detected
04-17 11:59:27.450880   984  1089 W ASH     : @ 38297.126: touch gesture: no valid gesture detected
04-17 11:59:27.515621   984  1089 W ASH     : @ 38297.191: touch gesture: no valid gesture detected
04-17 11:59:27.580345   984  1089 W ASH     : @ 38297.255: touch gesture: no valid gesture detected
04-17 11:59:27.644678   984  1089 W ASH     : @ 38297.320: touch gesture: no valid gesture detected
04-17 11:59:27.709387   984  1089 W ASH     : @ 38297.385: touch gesture: no valid gesture detected
04-17 11:59:27.774287   984  1089 W ASH     : @ 38297.449: touch gesture: no valid gesture detected
04-17 11:59:27.839337   984  1089 W ASH     : @ 38297.514: touch gesture: no valid gesture detected
04-17 11:59:27.903545   984  1089 W ASH     : @ 38297.579: touch gesture: no valid gesture detected
04-17 11:59:27.968338   984  1089 W ASH     : @ 38297.643: touch gesture: no valid gesture detected
04-17 11:59:28.033121   984  1089 W ASH     : @ 38297.708: touch gesture: no valid gesture detected
04-17 11:59:28.097803   984  1089 W ASH     : @ 38297.773: touch gesture: no valid gesture detected
04-17 11:59:28.162376   984  1089 W ASH     : @ 38297.837: touch gesture: no valid gesture detected
04-17 11:59:28.226719   984  1089 W ASH     : @ 38297.902: touch gesture: no valid gesture detected
04-17 11:59:28.291433   984  1089 W ASH     : @ 38297.967: touch gesture: no valid gesture detected
04-17 11:59:28.356128   984  1089 W ASH     : @ 38298.031: touch gesture: no valid gesture detected
04-17 11:59:28.420657   984  1089 W ASH     : @ 38298.096: touch gesture: no valid gesture detected
04-17 11:59:28.485482   984  1089 W ASH     : @ 38298.160: touch gesture: no valid gesture detected
04-17 11:59:28.550124   984  1089 W ASH     : @ 38298.225: touch gesture: no valid gesture detected
--------- switch to kernel
04-17 11:59:28.596593     0     0 I         : c2   5787 google_charger: usbchg=USB typec=C usbv=5039 usbc=2 usbMv=5000 usbMc=450
04-17 11:59:28.596776     0     0 I         : c2   5787 sm7250_bms: MSC_PCS chg_state=1c2112f01030001 [0x1:1:3:4399:450] chg=u
04-17 11:59:28.596848     0     0 I         : c2   5787 google_battery: MSC_DIN chg_state=1c2112f01030001 f=0x1 chg_s=Not Charging chg_t=None vchg=4399 icl=450
04-17 11:59:28.598219     0     0 I         : c2   5787 google_battery: MSC_DSG vbatt_idx:4->4 vbatt=4399769 ibatt=-4577 fv_uv=4430000 cv_cnt=0 ov_cnt=0
04-17 11:59:28.598461     0     0 I         : c2   5787 google_battery: MSC_VOTE msc_state=2 cv_cnt=0 ov_cnt=0 temp_idx:2, vbatt_idx:4  fv_uv=4430000 cc_max=0 update_interval=-1
04-17 11:59:28.598556     0     0 I         : c2   5787 google_charger: MSC_CHG fv_uv=4430000, cc_max=0, rerun in 2000 ms (0)
--------- switch to main
04-17 11:59:28.614866   984  1089 W ASH     : @ 38298.290: touch gesture: no valid gesture detected
04-17 11:59:28.679504   984  1089 W ASH     : @ 38298.354: touch gesture: no valid gesture detected
04-17 11:59:28.743771   984  1089 W ASH     : @ 38298.419: touch gesture: no valid gesture detected
04-17 11:59:28.808742   984  1089 W ASH     : @ 38298.484: touch gesture: no valid gesture detected
04-17 11:59:28.873258   984  1089 W ASH     : @ 38298.548: touch gesture: no valid gesture detected
04-17 11:59:28.938131   984  1089 W ASH     : @ 38298.613: touch gesture: no valid gesture detected
04-17 11:59:29.002386   984  1089 W ASH     : @ 38298.678: touch gesture: no valid gesture detected
04-17 11:59:29.067039   984  1089 W ASH     : @ 38298.742: touch gesture: no valid gesture detected
04-17 11:59:29.131891   984  1089 W ASH     : @ 38298.807: touch gesture: no valid gesture detected
04-17 11:59:29.196075   984  1089 W ASH     : @ 38298.871: touch gesture: no valid gesture detected
04-17 11:59:29.260883   984  1089 W ASH     : @ 38298.936: touch gesture: no valid gesture detected
04-17 11:59:29.325442   984  1089 W ASH     : @ 38299.000: touch gesture: no valid gesture detected
04-17 11:59:29.390123   984  1089 W ASH     : @ 38299.065: touch gesture: no valid gesture detected
04-17 11:59:29.454846   984  1089 W ASH     : @ 38299.130: touch gesture: no valid gesture detected
04-17 11:59:29.519123   984  1089 W ASH     : @ 38299.194: touch gesture: no valid gesture detected
04-17 11:59:29.583653   984  1089 W ASH     : @ 38299.259: touch gesture: no valid gesture detected
04-17 11:59:29.648968   984  1089 W ASH     : @ 38299.323: touch gesture: no valid gesture detected
04-17 11:59:29.713253   984  1089 W ASH     : @ 38299.388: touch gesture: no valid gesture detected
04-17 11:59:29.777751   984  1089 W ASH     : @ 38299.453: touch gesture: no valid gesture detected
04-17 11:59:29.842172   984  1089 W ASH     : @ 38299.517: touch gesture: no valid gesture detected
04-17 11:59:29.906948   984  1089 W ASH     : @ 38299.582: touch gesture: no valid gesture detected
04-17 11:59:29.971523   984  1089 W ASH     : @ 38299.647: touch gesture: no valid gesture detected
04-17 11:59:30.035991   984  1089 W ASH     : @ 38299.711: touch gesture: no valid gesture detected
04-17 11:59:30.101080   984  1089 W ASH     : @ 38299.776: touch gesture: no valid gesture detected
04-17 11:59:30.165800   984  1089 W ASH     : @ 38299.841: touch gesture: no valid gesture detected
04-17 11:59:30.230369   984  1089 W ASH     : @ 38299.905: touch gesture: no valid gesture detected
04-17 11:59:30.295021   984  1089 W ASH     : @ 38299.970: touch gesture: no valid gesture detected
04-17 11:59:30.359882   984  1089 W ASH     : @ 38300.035: touch gesture: no valid gesture detected
04-17 11:59:30.424210   984  1089 W ASH     : @ 38300.099: touch gesture: no valid gesture detected
--------- switch to kernel
04-17 11:59:30.428796     0     0 I         : c1   5726 qcom_rpmh DRV:apps_rsc TCS Busy, retrying RPMH message send: addr=0x30000
04-17 11:59:30.428865     0     0 I         : c1   5726 qcom_rpmh DRV:apps_rsc TCS Busy, retrying RPMH message send: addr=0x30000
--------- switch to main
04-17 11:59:30.489105   984  1089 W ASH     : @ 38300.164: touch gesture: no valid gesture detected
04-17 11:59:30.553647   984  1089 W ASH     : @ 38300.229: touch gesture: no valid gesture detected
04-17 11:59:30.616620   984  1089 W ASH     : @ 38300.293: touch gesture: no valid gesture detected
--------- switch to kernel
04-17 11:59:30.612633     0     0 I         : c2   5787 google_charger: usbchg=USB typec=C usbv=5033 usbc=19 usbMv=5000 usbMc=450
04-17 11:59:30.612794     0     0 I         : c2   5787 sm7250_bms: MSC_PCS chg_state=1c2112f01030001 [0x1:1:3:4399:450] chg=u
04-17 11:59:30.612868     0     0 I         : c2   5787 google_battery: MSC_DIN chg_state=1c2112f01030001 f=0x1 chg_s=Not Charging chg_t=None vchg=4399 icl=450
04-17 11:59:30.614363     0     0 I         : c2   5787 google_battery: MSC_DSG vbatt_idx:4->4 vbatt=4399769 ibatt=-4577 fv_uv=4430000 cv_cnt=0 ov_cnt=0
04-17 11:59:30.614434     0     0 I         : c2   5787 google_battery: MSC_VOTE msc_state=2 cv_cnt=0 ov_cnt=0 temp_idx:2, vbatt_idx:4  fv_uv=4430000 cc_max=0 update_interval=-1
04-17 11:59:30.614541     0     0 I         : c2   5787 google_charger: MSC_CHG fv_uv=4430000, cc_max=0, rerun in 2000 ms (0)
--------- switch to main
04-17 11:59:30.682737   984  1089 W ASH     : @ 38300.358: touch gesture: no valid gesture detected
04-17 11:59:30.747551   984  1089 W ASH     : @ 38300.422: touch gesture: no valid gesture detected
04-17 11:59:30.811540   984  1089 W ASH     : @ 38300.487: touch gesture: no valid gesture detected
04-17 11:59:30.876421   984  1089 W ASH     : @ 38300.551: touch gesture: no valid gesture detected
--------- switch to kernel
04-17 11:59:30.933387     0     0 W         : c3    973 healthd: battery l=100 v=4399 t=22.7 h=2 st=5 c=4577 fc=3349000 cc=353 chg=u
--------- switch to main
04-17 11:59:30.939728   984  1089 W ASH     : @ 38300.616: touch gesture: no valid gesture detected
04-17 11:59:31.005605   984  1089 W ASH     : @ 38300.680: touch gesture: no valid gesture detected
04-17 11:59:31.069986   984  1089 W ASH     : @ 38300.745: touch gesture: no valid gesture detected
04-17 11:59:31.134699   984  1089 W ASH     : @ 38300.810: touch gesture: no valid gesture detected
04-17 11:59:31.199180   984  1089 W ASH     : @ 38300.874: touch gesture: no valid gesture detected
04-17 11:59:31.263859   984  1089 W ASH     : @ 38300.939: touch gesture: no valid gesture detected
04-17 11:59:31.328515   984  1089 W ASH     : @ 38301.003: touch gesture: no valid gesture detected
04-17 11:59:31.392935   984  1089 W ASH     : @ 38301.068: touch gesture: no valid gesture detected
04-17 11:59:31.457163   984  1089 W ASH     : @ 38301.133: touch gesture: no valid gesture detected
04-17 11:59:31.521867   984  1089 W ASH     : @ 38301.197: touch gesture: no valid gesture detected
04-17 11:59:31.586580   984  1089 W ASH     : @ 38301.262: touch gesture: no valid gesture detected
04-17 11:59:31.650996   984  1089 W ASH     : @ 38301.326: touch gesture: no valid gesture detected
04-17 11:59:31.715602   984  1089 W ASH     : @ 38301.391: touch gesture: no valid gesture detected
04-17 11:59:31.780275   984  1089 W ASH     : @ 38301.455: touch gesture: no valid gesture detected
04-17 11:59:31.813522   990  1023 D rlsservice: MonitorDisplayStatus client num 0, display status 0, sensor status 0
04-17 11:59:31.844785   984  1089 W ASH     : @ 38301.520: touch gesture: no valid gesture detected
04-17 11:59:31.909422   984  1089 W ASH     : @ 38301.584: touch gesture: no valid gesture detected
04-17 11:59:31.974248   984  1089 W ASH     : @ 38301.649: touch gesture: no valid gesture detected
04-17 11:59:32.038839   984  1089 W ASH     : @ 38301.714: touch gesture: no valid gesture detected
04-17 11:59:32.103365   984  1089 W ASH     : @ 38301.778: touch gesture: no valid gesture detected
04-17 11:59:32.167622   984  1089 W ASH     : @ 38301.843: touch gesture: no valid gesture detected
04-17 11:59:32.232228   984  1089 W ASH     : @ 38301.907: touch gesture: no valid gesture detected
04-17 11:59:32.296912   984  1089 W ASH     : @ 38301.972: touch gesture: no valid gesture detected
04-17 11:59:32.361345   984  1089 W ASH     : @ 38302.036: touch gesture: no valid gesture detected
04-17 11:59:32.425838   984  1089 W ASH     : @ 38302.101: touch gesture: no valid gesture detected
04-17 11:59:32.490522   984  1089 W ASH     : @ 38302.165: touch gesture: no valid gesture detected
04-17 11:59:32.555122   984  1089 W ASH     : @ 38302.230: touch gesture: no valid gesture detected
04-17 11:59:32.619745   984  1089 W ASH     : @ 38302.295: touch gesture: no valid gesture detected
--------- switch to kernel
04-17 11:59:32.627183     0     0 I         : c2   5787 google_charger: usbchg=USB typec=C usbv=5037 usbc=0 usbMv=5000 usbMc=450
04-17 11:59:32.627372     0     0 I         : c2   5787 sm7250_bms: MSC_PCS chg_state=1c2112f01030001 [0x1:1:3:4399:450] chg=u
04-17 11:59:32.627450     0     0 I         : c2   5787 google_battery: MSC_DIN chg_state=1c2112f01030001 f=0x1 chg_s=Not Charging chg_t=None vchg=4399 icl=450
04-17 11:59:32.629489     0     0 I         : c2   5787 google_battery: MSC_DSG vbatt_idx:4->4 vbatt=4399769 ibatt=-4577 fv_uv=4430000 cv_cnt=0 ov_cnt=0
04-17 11:59:32.629564     0     0 I         : c2   5787 google_battery: MSC_VOTE msc_state=2 cv_cnt=0 ov_cnt=0 temp_idx:2, vbatt_idx:4  fv_uv=4430000 cc_max=0 update_interval=-1
04-17 11:59:32.629678     0     0 I         : c2   5787 google_charger: MSC_CHG fv_uv=4430000, cc_max=0, rerun in 2000 ms (0)
--------- switch to main
04-17 11:59:32.684547   984  1089 W ASH     : @ 38302.359: touch gesture: no valid gesture detected
04-17 11:59:32.749314   984  1089 W ASH     : @ 38302.424: touch gesture: no valid gesture detected
04-17 11:59:32.813824   984  1089 W ASH     : @ 38302.489: touch gesture: no valid gesture detected
04-17 11:59:32.878597   984  1089 W ASH     : @ 38302.553: touch gesture: no valid gesture detected
04-17 11:59:32.943042   984  1089 W ASH     : @ 38302.618: touch gesture: no valid gesture detected
04-17 11:59:33.008004   984  1089 W ASH     : @ 38302.683: touch gesture: no valid gesture detected
04-17 11:59:33.072516   984  1089 W ASH     : @ 38302.748: touch gesture: no valid gesture detected
04-17 11:59:33.136229   984  1089 W ASH     : @ 38302.812: touch gesture: no valid gesture detected
04-17 11:59:33.202390   984  1089 W ASH     : @ 38302.877: touch gesture: no valid gesture detected
04-17 11:59:33.266938   984  1089 W ASH     : @ 38302.942: touch gesture: no valid gesture detected
04-17 11:59:33.331396   984  1089 W ASH     : @ 38303.006: touch gesture: no valid gesture detected
04-17 11:59:33.395748   984  1089 W ASH     : @ 38303.071: touch gesture: no valid gesture detected
04-17 11:59:33.460763   984  1089 W ASH     : @ 38303.136: touch gesture: no valid gesture detected
04-17 11:59:33.525605   984  1089 W ASH     : @ 38303.200: touch gesture: no valid gesture detected
04-17 11:59:33.588752   984  1089 W ASH     : @ 38303.265: touch gesture: no valid gesture detected
04-17 11:59:33.655015   984  1089 W ASH     : @ 38303.330: touch gesture: no valid gesture detected
04-17 11:59:33.719553   984  1089 W ASH     : @ 38303.395: touch gesture: no valid gesture detected
04-17 11:59:33.784326   984  1089 W ASH     : @ 38303.459: touch gesture: no valid gesture detected
04-17 11:59:33.847912   984  1089 W ASH     : @ 38303.524: touch gesture: no valid gesture detected
04-17 11:59:33.913822   984  1089 W ASH     : @ 38303.589: touch gesture: no valid gesture detected
04-17 11:59:33.978467   984  1089 W ASH     : @ 38303.654: touch gesture: no valid gesture detected
04-17 11:59:34.043019   984  1089 W ASH     : @ 38303.718: touch gesture: no valid gesture detected
04-17 11:59:34.108045   984  1089 W ASH     : @ 38303.783: touch gesture: no valid gesture detected
04-17 11:59:34.172380   984  1089 W ASH     : @ 38303.848: touch gesture: no valid gesture detected
04-17 11:59:34.237432   984  1089 W ASH     : @ 38303.912: touch gesture: no valid gesture detected
04-17 11:59:34.302339   984  1089 W ASH     : @ 38303.977: touch gesture: no valid gesture detected
04-17 11:59:34.366927   984  1089 W ASH     : @ 38304.042: touch gesture: no valid gesture detected
04-17 11:59:34.431274   984  1089 W ASH     : @ 38304.106: touch gesture: no valid gesture detected
04-17 11:59:34.495975   984  1089 W ASH     : @ 38304.171: touch gesture: no valid gesture detected
04-17 11:59:34.560839   984  1089 W ASH     : @ 38304.236: touch gesture: no valid gesture detected
04-17 11:59:34.625809   984  1089 W ASH     : @ 38304.300: touch gesture: no valid gesture detected
--------- switch to kernel
04-17 11:59:34.640831     0     0 I         : c2   5787 google_charger: usbchg=USB typec=C usbv=5044 usbc=0 usbMv=5000 usbMc=450
04-17 11:59:34.641021     0     0 I         : c2   5787 sm7250_bms: MSC_PCS chg_state=1c2112f01030001 [0x1:1:3:4399:450] chg=u
04-17 11:59:34.641097     0     0 I         : c2   5787 google_battery: MSC_DIN chg_state=1c2112f01030001 f=0x1 chg_s=Not Charging chg_t=None vchg=4399 icl=450
04-17 11:59:34.642896     0     0 I         : c2   5787 google_battery: MSC_DSG vbatt_idx:4->4 vbatt=4399769 ibatt=-4577 fv_uv=4430000 cv_cnt=0 ov_cnt=0
04-17 11:59:34.642958     0     0 I         : c2   5787 google_battery: MSC_VOTE msc_state=2 cv_cnt=0 ov_cnt=0 temp_idx:2, vbatt_idx:4  fv_uv=4430000 cc_max=0 update_interval=-1
04-17 11:59:34.643047     0     0 I         : c2   5787 google_charger: MSC_CHG fv_uv=4430000, cc_max=0, rerun in 2000 ms (0)
--------- switch to main
04-17 11:59:34.690431   984  1089 W ASH     : @ 38304.365: touch gesture: no valid gesture detected
04-17 11:59:34.755468   984  1089 W ASH     : @ 38304.430: touch gesture: no valid gesture detected
04-17 11:59:34.819971   984  1089 W ASH     : @ 38304.495: touch gesture: no valid gesture detected
04-17 11:59:34.884320   984  1089 W ASH     : @ 38304.559: touch gesture: no valid gesture detected
04-17 11:59:34.949378   984  1089 W ASH     : @ 38304.624: touch gesture: no valid gesture detected
04-17 11:59:35.013983   984  1089 W ASH     : @ 38304.689: touch gesture: no valid gesture detected
04-17 11:59:35.079005   984  1089 W ASH     : @ 38304.753: touch gesture: no valid gesture detected
04-17 11:59:35.143212   984  1089 W ASH     : @ 38304.818: touch gesture: no valid gesture detected
04-17 11:59:35.207640   984  1089 W ASH     : @ 38304.883: touch gesture: no valid gesture detected
04-17 11:59:35.272459   984  1089 W ASH     : @ 38304.947: touch gesture: no valid gesture detected
04-17 11:59:35.336831   984  1089 W ASH     : @ 38305.012: touch gesture: no valid gesture detected
04-17 11:59:35.401482   984  1089 W ASH     : @ 38305.076: touch gesture: no valid gesture detected
04-17 11:59:35.466124   984  1089 W ASH     : @ 38305.141: touch gesture: no valid gesture detected
04-17 11:59:35.530518   984  1089 W ASH     : @ 38305.206: touch gesture: no valid gesture detected
04-17 11:59:35.595249   984  1089 W ASH     : @ 38305.270: touch gesture: no valid gesture detected
04-17 11:59:35.659743   984  1089 W ASH     : @ 38305.335: touch gesture: no valid gesture detected
04-17 11:59:35.724658   984  1089 W ASH     : @ 38305.400: touch gesture: no valid gesture detected
04-17 11:59:35.789203   984  1089 W ASH     : @ 38305.464: touch gesture: no valid gesture detected
04-17 11:59:35.853801   984  1089 W ASH     : @ 38305.529: touch gesture: no valid gesture detected
04-17 11:59:35.918508   984  1089 W ASH     : @ 38305.593: touch gesture: no valid gesture detected
04-17 11:59:35.983363   984  1089 W ASH     : @ 38305.658: touch gesture: no valid gesture detected
04-17 11:59:36.048556   984  1089 W ASH     : @ 38305.723: touch gesture: no valid gesture detected
04-17 11:59:36.112276   984  1089 W ASH     : @ 38305.787: touch gesture: no valid gesture detected
04-17 11:59:36.177627   984  1089 W ASH     : @ 38305.852: touch gesture: no valid gesture detected
04-17 11:59:36.242407   984  1089 W ASH     : @ 38305.917: touch gesture: no valid gesture detected
04-17 11:59:36.306734   984  1089 W ASH     : @ 38305.982: touch gesture: no valid gesture detected
04-17 11:59:36.371122   984  1089 W ASH     : @ 38306.046: touch gesture: no valid gesture detected
04-17 11:59:36.436131   984  1089 W ASH     : @ 38306.111: touch gesture: no valid gesture detected
04-17 11:59:36.501190   984  1089 W ASH     : @ 38306.176: touch gesture: no valid gesture detected
04-17 11:59:36.565940   984  1089 W ASH     : @ 38306.240: touch gesture: no valid gesture detected
04-17 11:59:36.629940   984  1089 W ASH     : @ 38306.305: touch gesture: no valid gesture detected
--------- switch to kernel
04-17 11:59:36.655750     0     0 I         : c2   5787 google_charger: usbchg=USB typec=C usbv=5051 usbc=0 usbMv=5000 usbMc=450
04-17 11:59:36.655935     0     0 I         : c2   5787 sm7250_bms: MSC_PCS chg_state=1c2112f01030001 [0x1:1:3:4399:450] chg=u
04-17 11:59:36.655996     0     0 I         : c2   5787 google_battery: MSC_DIN chg_state=1c2112f01030001 f=0x1 chg_s=Not Charging chg_t=None vchg=4399 icl=450
04-17 11:59:36.657630     0     0 I         : c2   5787 google_battery: MSC_DSG vbatt_idx:4->4 vbatt=4399769 ibatt=-6713 fv_uv=4430000 cv_cnt=0 ov_cnt=0
04-17 11:59:36.657690     0     0 I         : c2   5787 google_battery: MSC_VOTE msc_state=2 cv_cnt=0 ov_cnt=0 temp_idx:2, vbatt_idx:4  fv_uv=4430000 cc_max=0 update_interval=-1
04-17 11:59:36.657777     0     0 I         : c2   5787 google_charger: MSC_CHG fv_uv=4430000, cc_max=0, rerun in 2000 ms (0)
--------- switch to main
04-17 11:59:36.693461   984  1089 W ASH     : @ 38306.370: touch gesture: no valid gesture detected
04-17 11:59:36.759613   984  1089 W ASH     : @ 38306.434: touch gesture: no valid gesture detected
04-17 11:59:36.824046   984  1089 W ASH     : @ 38306.499: touch gesture: no valid gesture detected
04-17 11:59:36.888573   984  1089 W ASH     : @ 38306.564: touch gesture: no valid gesture detected
04-17 11:59:36.953577   984  1089 W ASH     : @ 38306.628: touch gesture: no valid gesture detected
04-17 11:59:37.017671   984  1089 W ASH     : @ 38306.693: touch gesture: no valid gesture detected
04-17 11:59:37.082605   984  1089 W ASH     : @ 38306.758: touch gesture: no valid gesture detected
04-17 11:59:37.147158   984  1089 W ASH     : @ 38306.822: touch gesture: no valid gesture detected
04-17 11:59:37.211564   984  1089 W ASH     : @ 38306.887: touch gesture: no valid gesture detected
04-17 11:59:37.276493   984  1089 W ASH     : @ 38306.951: touch gesture: no valid gesture detected
04-17 11:59:37.340945   984  1089 W ASH     : @ 38307.016: touch gesture: no valid gesture detected
04-17 11:59:37.405488   984  1089 W ASH     : @ 38307.080: touch gesture: no valid gesture detected
04-17 11:59:37.470065   984  1089 W ASH     : @ 38307.145: touch gesture: no valid gesture detected
04-17 11:59:37.534973   984  1089 W ASH     : @ 38307.210: touch gesture: no valid gesture detected
04-17 11:59:37.599349   984  1089 W ASH     : @ 38307.274: touch gesture: no valid gesture detected
04-17 11:59:37.663667   984  1089 W ASH     : @ 38307.339: touch gesture: no valid gesture detected
04-17 11:59:37.728286   984  1089 W ASH     : @ 38307.403: touch gesture: no valid gesture detected
04-17 11:59:37.792882   984  1089 W ASH     : @ 38307.468: touch gesture: no valid gesture detected
04-17 11:59:37.857864   984  1089 W ASH     : @ 38307.533: touch gesture: no valid gesture detected
04-17 11:59:37.922482   984  1089 W ASH     : @ 38307.597: touch gesture: no valid gesture detected
04-17 11:59:37.986922   984  1089 W ASH     : @ 38307.662: touch gesture: no valid gesture detected
04-17 11:59:38.050190   984  1089 W ASH     : @ 38307.726: touch gesture: no valid gesture detected
04-17 11:59:38.116222   984  1089 W ASH     : @ 38307.791: touch gesture: no valid gesture detected
04-17 11:59:38.180913   984  1089 W ASH     : @ 38307.856: touch gesture: no valid gesture detected
04-17 11:59:38.245127   984  1089 W ASH     : @ 38307.920: touch gesture: no valid gesture detected
04-17 11:59:38.309783   984  1089 W ASH     : @ 38307.985: touch gesture: no valid gesture detected
04-17 11:59:38.374523   984  1089 W ASH     : @ 38308.049: touch gesture: no valid gesture detected
04-17 11:59:38.439124   984  1089 W ASH     : @ 38308.114: touch gesture: no valid gesture detected
04-17 11:59:38.503617   984  1089 W ASH     : @ 38308.179: touch gesture: no valid gesture detected
04-17 11:59:38.568082   984  1089 W ASH     : @ 38308.243: touch gesture: no valid gesture detected
04-17 11:59:38.632748   984  1089 W ASH     : @ 38308.308: touch gesture: no valid gesture detected
--------- switch to kernel
04-17 11:59:38.671422     0     0 I         : c2   5787 google_charger: usbchg=USB typec=C usbv=5021 usbc=42 usbMv=5000 usbMc=450
04-17 11:59:38.671799     0     0 I         : c2   5787 sm7250_bms: MSC_PCS chg_state=1c2112f01030001 [0x1:1:3:4399:450] chg=u
04-17 11:59:38.671885     0     0 I         : c2   5787 google_battery: MSC_DIN chg_state=1c2112f01030001 f=0x1 chg_s=Not Charging chg_t=None vchg=4399 icl=450
04-17 11:59:38.673612     0     0 I         : c2   5787 google_battery: MSC_DSG vbatt_idx:4->4 vbatt=4399769 ibatt=-6713 fv_uv=4430000 cv_cnt=0 ov_cnt=0
04-17 11:59:38.673679     0     0 I         : c2   5787 google_battery: MSC_VOTE msc_state=2 cv_cnt=0 ov_cnt=0 temp_idx:2, vbatt_idx:4  fv_uv=4430000 cc_max=0 update_interval=-1
04-17 11:59:38.673781     0     0 I         : c2   5787 google_charger: MSC_CHG fv_uv=4430000, cc_max=0, rerun in 2000 ms (0)
--------- switch to main
04-17 11:59:38.697371   984  1089 W ASH     : @ 38308.372: touch gesture: no valid gesture detected
04-17 11:59:38.762178   984  1089 W ASH     : @ 38308.437: touch gesture: no valid gesture detected
04-17 11:59:38.826262   984  1089 W ASH     : @ 38308.501: touch gesture: no valid gesture detected
04-17 11:59:38.891225   984  1089 W ASH     : @ 38308.566: touch gesture: no valid gesture detected
04-17 11:59:38.955929   984  1089 W ASH     : @ 38308.631: touch gesture: no valid gesture detected
04-17 11:59:39.020391   984  1089 W ASH     : @ 38308.695: touch gesture: no valid gesture detected
04-17 11:59:39.085031   984  1089 W ASH     : @ 38308.760: touch gesture: no valid gesture detected
04-17 11:59:39.149356   984  1089 W ASH     : @ 38308.824: touch gesture: no valid gesture detected
04-17 11:59:39.213815   984  1089 W ASH     : @ 38308.889: touch gesture: no valid gesture detected
04-17 11:59:39.278887   984  1089 W ASH     : @ 38308.954: touch gesture: no valid gesture detected
04-17 11:59:39.343238   984  1089 W ASH     : @ 38309.018: touch gesture: no valid gesture detected
04-17 11:59:39.407863   984  1089 W ASH     : @ 38309.083: touch gesture: no valid gesture detected
04-17 11:59:39.472614   984  1089 W ASH     : @ 38309.148: touch gesture: no valid gesture detected
04-17 11:59:39.537161   984  1089 W ASH     : @ 38309.212: touch gesture: no valid gesture detected
04-17 11:59:39.601794   984  1089 W ASH     : @ 38309.277: touch gesture: no valid gesture detected
04-17 11:59:39.666568   984  1089 W ASH     : @ 38309.341: touch gesture: no valid gesture detected
04-17 11:59:39.730972   984  1089 W ASH     : @ 38309.406: touch gesture: no valid gesture detected
04-17 11:59:39.795819   984  1089 W ASH     : @ 38309.471: touch gesture: no valid gesture detected
04-17 11:59:39.860369   984  1089 W ASH     : @ 38309.535: touch gesture: no valid gesture detected
04-17 11:59:39.924924   984  1089 W ASH     : @ 38309.600: touch gesture: no valid gesture detected
04-17 11:59:39.989563   984  1089 W ASH     : @ 38309.664: touch gesture: no valid gesture detected
04-17 11:59:40.054051   984  1089 W ASH     : @ 38309.729: touch gesture: no valid gesture detected
04-17 11:59:40.119036   984  1089 W ASH     : @ 38309.794: touch gesture: no valid gesture detected
04-17 11:59:40.183531   984  1089 W ASH     : @ 38309.858: touch gesture: no valid gesture detected
04-17 11:59:40.247771   984  1089 W ASH     : @ 38309.923: touch gesture: no valid gesture detected
04-17 11:59:40.312595   984  1089 W ASH     : @ 38309.987: touch gesture: no valid gesture detected
04-17 11:59:40.376806   984  1089 W ASH     : @ 38310.052: touch gesture: no valid gesture detected
04-17 11:59:40.441629   984  1089 W ASH     : @ 38310.117: touch gesture: no valid gesture detected
04-17 11:59:40.505866   984  1089 W ASH     : @ 38310.181: touch gesture: no valid gesture detected
04-17 11:59:40.570733   984  1089 W ASH     : @ 38310.246: touch gesture: no valid gesture detected
04-17 11:59:40.635662   984  1089 W ASH     : @ 38310.310: touch gesture: no valid gesture detected
--------- switch to kernel
04-17 11:59:40.685873     0     0 I         : c2   5787 google_charger: usbchg=USB typec=C usbv=5036 usbc=0 usbMv=5000 usbMc=450
04-17 11:59:40.686046     0     0 I         : c2   5787 sm7250_bms: MSC_PCS chg_state=1c2112f01030001 [0x1:1:3:4399:450] chg=u
04-17 11:59:40.686117     0     0 I         : c2   5787 google_battery: MSC_DIN chg_state=1c2112f01030001 f=0x1 chg_s=Not Charging chg_t=None vchg=4399 icl=450
04-17 11:59:40.687761     0     0 I         : c2   5787 google_battery: MSC_DSG vbatt_idx:4->4 vbatt=4399769 ibatt=-6713 fv_uv=4430000 cv_cnt=0 ov_cnt=0
04-17 11:59:40.687823     0     0 I         : c2   5787 google_battery: MSC_VOTE msc_state=2 cv_cnt=0 ov_cnt=0 temp_idx:2, vbatt_idx:4  fv_uv=4430000 cc_max=0 update_interval=-1
04-17 11:59:40.687924     0     0 I         : c2   5787 google_charger: MSC_CHG fv_uv=4430000, cc_max=0, rerun in 2000 ms (0)
--------- switch to main
04-17 11:59:40.698436   984  1089 W ASH     : @ 38310.375: touch gesture: no valid gesture detected
04-17 11:59:40.764509   984  1089 W ASH     : @ 38310.439: touch gesture: no valid gesture detected
04-17 11:59:40.829380   984  1089 W ASH     : @ 38310.504: touch gesture: no valid gesture detected
04-17 11:59:40.893501   984  1089 W ASH     : @ 38310.568: touch gesture: no valid gesture detected
04-17 11:59:40.957765   984  1089 W ASH     : @ 38310.633: touch gesture: no valid gesture detected
04-17 11:59:41.022577   984  1089 W ASH     : @ 38310.698: touch gesture: no valid gesture detected
04-17 11:59:41.087649   984  1089 W ASH     : @ 38310.762: touch gesture: no valid gesture detected
04-17 11:59:41.151725   984  1089 W ASH     : @ 38310.827: touch gesture: no valid gesture detected
04-17 11:59:41.216138   984  1089 W ASH     : @ 38310.891: touch gesture: no valid gesture detected
04-17 11:59:41.281047   984  1089 W ASH     : @ 38310.956: touch gesture: no valid gesture detected
04-17 11:59:41.345775   984  1089 W ASH     : @ 38311.020: touch gesture: no valid gesture detected
04-17 11:59:41.409869   984  1089 W ASH     : @ 38311.085: touch gesture: no valid gesture detected
04-17 11:59:41.474418   984  1089 W ASH     : @ 38311.149: touch gesture: no valid gesture detected
04-17 11:59:41.538895   984  1089 W ASH     : @ 38311.214: touch gesture: no valid gesture detected
04-17 11:59:41.603214   984  1089 W ASH     : @ 38311.278: touch gesture: no valid gesture detected
04-17 11:59:41.667782   984  1089 W ASH     : @ 38311.343: touch gesture: no valid gesture detected
04-17 11:59:41.733149   984  1089 W ASH     : @ 38311.407: touch gesture: no valid gesture detected
04-17 11:59:41.796737   984  1089 W ASH     : @ 38311.472: touch gesture: no valid gesture detected
04-17 11:59:41.861654   984  1089 W ASH     : @ 38311.536: touch gesture: no valid gesture detected
04-17 11:59:41.926221   984  1089 W ASH     : @ 38311.601: touch gesture: no valid gesture detected
04-17 11:59:41.990142   984  1089 W ASH     : @ 38311.665: touch gesture: no valid gesture detected
04-17 11:59:42.054985   984  1089 W ASH     : @ 38311.730: touch gesture: no valid gesture detected
04-17 11:59:42.119629   984  1089 W ASH     : @ 38311.795: touch gesture: no valid gesture detected
04-17 11:59:42.183449   984  1089 W ASH     : @ 38311.859: touch gesture: no valid gesture detected
04-17 11:59:42.248538   984  1089 W ASH     : @ 38311.924: touch gesture: no valid gesture detected
04-17 11:59:42.313310   984  1089 W ASH     : @ 38311.988: touch gesture: no valid gesture detected
04-17 11:59:42.377779   984  1089 W ASH     : @ 38312.053: touch gesture: no valid gesture detected
04-17 11:59:42.442082   984  1089 W ASH     : @ 38312.117: touch gesture: no valid gesture detected
04-17 11:59:42.506834   984  1089 W ASH     : @ 38312.182: touch gesture: no valid gesture detected
04-17 11:59:42.571080   984  1089 W ASH     : @ 38312.246: touch gesture: no valid gesture detected
04-17 11:59:42.635833   984  1089 W ASH     : @ 38312.311: touch gesture: no valid gesture detected
04-17 11:59:42.700595   984  1089 W ASH     : @ 38312.375: touch gesture: no valid gesture detected
--------- switch to kernel
04-17 11:59:42.703338     0     0 I         : c2   5787 google_charger: usbchg=USB typec=C usbv=5038 usbc=0 usbMv=5000 usbMc=450
04-17 11:59:42.703530     0     0 I         : c2   5787 sm7250_bms: MSC_PCS chg_state=1c2112f01030001 [0x1:1:3:4399:450] chg=u
04-17 11:59:42.703606     0     0 I         : c2   5787 google_battery: MSC_DIN chg_state=1c2112f01030001 f=0x1 chg_s=Not Charging chg_t=None vchg=4399 icl=450
04-17 11:59:42.704796     0     0 I         : c2   5787 google_battery: MSC_DSG vbatt_idx:4->4 vbatt=4399769 ibatt=-6713 fv_uv=4430000 cv_cnt=0 ov_cnt=0
04-17 11:59:42.704864     0     0 I         : c2   5787 google_battery: MSC_VOTE msc_state=2 cv_cnt=0 ov_cnt=0 temp_idx:2, vbatt_idx:4  fv_uv=4430000 cc_max=0 update_interval=-1
04-17 11:59:42.705143     0     0 I         : c2   5787 google_charger: MSC_CHG fv_uv=4430000, cc_max=0, rerun in 2000 ms (0)
--------- switch to main
