04-17 09:21:12.335074   984  1089 W ASH     : @ 28802.012: touch gesture: no valid gesture detected
04-17 09:21:12.400599   984  1089 W ASH     : @ 28802.077: touch gesture: no valid gesture detected
04-17 09:21:12.465217   984  1089 W ASH     : @ 28802.141: touch gesture: no valid gesture detected
04-17 09:21:12.529680   984  1089 W ASH     : @ 28802.206: touch gesture: no valid gesture detected
04-17 09:21:12.593977   984  1089 W ASH     : @ 28802.270: touch gesture: no valid gesture detected
04-17 09:21:12.658482   984  1089 W ASH     : @ 28802.335: touch gesture: no valid gesture detected
04-17 09:21:12.723373   984  1089 W ASH     : @ 28802.399: touch gesture: no valid gesture detected
04-17 09:21:12.785996   984  1089 W ASH     : @ 28802.464: touch gesture: no valid gesture detected
04-17 09:21:12.852401   984  1089 W ASH     : @ 28802.528: touch gesture: no valid gesture detected
04-17 09:21:12.916966   984  1089 W ASH     : @ 28802.593: touch gesture: no valid gesture detected
04-17 09:21:12.981292   984  1089 W ASH     : @ 28802.657: touch gesture: no valid gesture detected
04-17 09:21:13.045960   984  1089 W ASH     : @ 28802.722: touch gesture: no valid gesture detected
04-17 09:21:13.110233   984  1089 W ASH     : @ 28802.786: touch gesture: no valid gesture detected
04-17 09:21:13.174762   984  1089 W ASH     : @ 28802.851: touch gesture: no valid gesture detected
04-17 09:21:13.239369   984  1089 W ASH     : @ 28802.915: touch gesture: no valid gesture detected
04-17 09:21:13.304166   984  1089 W ASH     : @ 28802.980: touch gesture: no valid gesture detected
04-17 09:21:13.368235   984  1089 W ASH     : @ 28803.044: touch gesture: no valid gesture detected
04-17 09:21:13.432863   984  1089 W ASH     : @ 28803.109: touch gesture: no valid gesture detected
04-17 09:21:13.497299   984  1089 W ASH     : @ 28803.173: touch gesture: no valid gesture detected
04-17 09:21:13.562168   984  1089 W ASH     : @ 28803.238: touch gesture: no valid gesture detected
04-17 09:21:13.626760   984  1089 W ASH     : @ 28803.302: touch gesture: no valid gesture detected
04-17 09:21:13.691013   984  1089 W ASH     : @ 28803.367: touch gesture: no valid gesture detected
04-17 09:21:13.755831   984  1089 W ASH     : @ 28803.432: touch gesture: no valid gesture detected
04-17 09:21:13.820614   984  1089 W ASH     : @ 28803.496: touch gesture: no valid gesture detected
04-17 09:21:13.884845   984  1089 W ASH     : @ 28803.561: touch gesture: no valid gesture detected
04-17 09:21:13.949263   984  1089 W ASH     : @ 28803.625: touch gesture: no valid gesture detected
04-17 09:21:14.013518   984  1089 W ASH     : @ 28803.690: touch gesture: no valid gesture detected
04-17 09:21:14.078151   984  1089 W ASH     : @ 28803.754: touch gesture: no valid gesture detected
04-17 09:21:14.142523   984  1089 W ASH     : @ 28803.819: touch gesture: no valid gesture detected
04-17 09:21:14.206912   984  1089 W ASH     : @ 28803.883: touch gesture: no valid gesture detected
04-17 09:21:14.271177   984  1089 W ASH     : @ 28803.947: touch gesture: no valid gesture detected
04-17 09:21:14.336010   984  1089 W ASH     : @ 28804.012: touch gesture: no valid gesture detected
04-17 09:21:14.400542   984  1089 W ASH     : @ 28804.076: touch gesture: no valid gesture detected
04-17 09:21:14.464819   984  1089 W ASH     : @ 28804.141: touch gesture: no valid gesture detected
04-17 09:21:14.529118   984  1089 W ASH     : @ 28804.205: touch gesture: no valid gesture detected
04-17 09:21:14.593783   984  1089 W ASH     : @ 28804.270: touch gesture: no valid gesture detected
04-17 09:21:14.658243   984  1089 W ASH     : @ 28804.334: touch gesture: no valid gesture detected
04-17 09:21:14.722714   984  1089 W ASH     : @ 28804.399: touch gesture: no valid gesture detected
04-17 09:21:14.787221   984  1089 W ASH     : @ 28804.463: touch gesture: no valid gesture detected
04-17 09:21:14.851837   984  1089 W ASH     : @ 28804.528: touch gesture: no valid gesture detected
04-17 09:21:14.916432   984  1089 W ASH     : @ 28804.592: touch gesture: no valid gesture detected
04-17 09:21:14.980791   984  1089 W ASH     : @ 28804.657: touch gesture: no valid gesture detected
04-17 09:21:15.045244   984  1089 W ASH     : @ 28804.721: touch gesture: no valid gesture detected
04-17 09:21:15.109020   984  1089 W ASH     : @ 28804.786: touch gesture: no valid gesture detected
04-17 09:21:15.174214   984  1089 W ASH     : @ 28804.850: touch gesture: no valid gesture detected
04-17 09:21:15.238993   984  1089 W ASH     : @ 28804.915: touch gesture: no valid gesture detected
04-17 09:21:15.303728   984  1089 W ASH     : @ 28804.980: touch gesture: no valid gesture detected
04-17 09:21:15.368124   984  1089 W ASH     : @ 28805.044: touch gesture: no valid gesture detected
04-17 09:21:15.433020   984  1089 W ASH     : @ 28805.109: touch gesture: no valid gesture detected
04-17 09:21:15.497506   984  1089 W ASH     : @ 28805.173: touch gesture: no valid gesture detected
04-17 09:21:15.562070   984  1089 W ASH     : @ 28805.238: touch gesture: no valid gesture detected
04-17 09:21:15.626561   984  1089 W ASH     : @ 28805.302: touch gesture: no valid gesture detected
04-17 09:21:15.690877   984  1089 W ASH     : @ 28805.367: touch gesture: no valid gesture detected
04-17 09:21:15.755886   984  1089 W ASH     : @ 28805.431: touch gesture: no valid gesture detected
04-17 09:21:15.820011   984  1089 W ASH     : @ 28805.496: touch gesture: no valid gesture detected
04-17 09:21:15.884914   984  1089 W ASH     : @ 28805.560: touch gesture: no valid gesture detected
04-17 09:21:15.949138   984  1089 W ASH     : @ 28805.625: touch gesture: no valid gesture detected
04-17 09:21:16.013459   984  1089 W ASH     : @ 28805.689: touch gesture: no valid gesture detected
04-17 09:21:16.077806   984  1089 W ASH     : @ 28805.754: touch gesture: no valid gesture detected
04-17 09:21:16.142323   984  1089 W ASH     : @ 28805.818: touch gesture: no valid gesture detected
04-17 09:21:16.206861   984  1089 W ASH     : @ 28805.883: touch gesture: no valid gesture detected
04-17 09:21:16.271637   984  1089 W ASH     : @ 28805.947: touch gesture: no valid gesture detected
04-17 09:21:16.336628   984  1089 W ASH     : @ 28806.012: touch gesture: no valid gesture detected
04-17 09:21:16.401150   984  1089 W ASH     : @ 28806.077: touch gesture: no valid gesture detected
04-17 09:21:16.464972   984  1089 W ASH     : @ 28806.141: touch gesture: no valid gesture detected
04-17 09:21:16.529876   984  1089 W ASH     : @ 28806.206: touch gesture: no valid gesture detected
04-17 09:21:16.594511   984  1089 W ASH     : @ 28806.270: touch gesture: no valid gesture detected
04-17 09:21:16.658950   984  1089 W ASH     : @ 28806.335: touch gesture: no valid gesture detected
04-17 09:21:16.723214   984  1089 W ASH     : @ 28806.399: touch gesture: no valid gesture detected
04-17 09:21:16.787840   984  1089 W ASH     : @ 28806.464: touch gesture: no valid gesture detected
04-17 09:21:16.852338   984  1089 W ASH     : @ 28806.528: touch gesture: no valid gesture detected
04-17 09:21:16.916946   984  1089 W ASH     : @ 28806.593: touch gesture: no valid gesture detected
04-17 09:21:16.981713   984  1089 W ASH     : @ 28806.657: touch gesture: no valid gesture detected
04-17 09:21:17.045828   984  1089 W ASH     : @ 28806.722: touch gesture: no valid gesture detected
04-17 09:21:17.110358   984  1089 W ASH     : @ 28806.786: touch gesture: no valid gesture detected
04-17 09:21:17.174945   984  1089 W ASH     : @ 28806.851: touch gesture: no valid gesture detected
04-17 09:21:17.239806   984  1089 W ASH     : @ 28806.915: touch gesture: no valid gesture detected
04-17 09:21:17.304334   984  1089 W ASH     : @ 28806.980: touch gesture: no valid gesture detected
04-17 09:21:17.368678   984  1089 W ASH     : @ 28807.045: touch gesture: no valid gesture detected
04-17 09:21:17.433312   984  1089 W ASH     : @ 28807.109: touch gesture: no valid gesture detected
04-17 09:21:17.497633   984  1089 W ASH     : @ 28807.174: touch gesture: no valid gesture detected
04-17 09:21:17.561972   984  1089 W ASH     : @ 28807.238: touch gesture: no valid gesture detected
04-17 09:21:17.626872   984  1089 W ASH     : @ 28807.302: touch gesture: no valid gesture detected
04-17 09:21:17.691425   984  1089 W ASH     : @ 28807.367: touch gesture: no valid gesture detected
04-17 09:21:17.755758   984  1089 W ASH     : @ 28807.432: touch gesture: no valid gesture detected
04-17 09:21:17.820060   984  1089 W ASH     : @ 28807.496: touch gesture: no valid gesture detected
04-17 09:21:17.884291   984  1089 W ASH     : @ 28807.561: touch gesture: no valid gesture detected
04-17 09:21:17.949192   984  1089 W ASH     : @ 28807.625: touch gesture: no valid gesture detected
04-17 09:21:18.013516   984  1089 W ASH     : @ 28807.689: touch gesture: no valid gesture detected
04-17 09:21:18.078315   984  1089 W ASH     : @ 28807.754: touch gesture: no valid gesture detected
04-17 09:21:18.143285   984  1089 W ASH     : @ 28807.819: touch gesture: no valid gesture detected
04-17 09:21:18.207703   984  1089 W ASH     : @ 28807.883: touch gesture: no valid gesture detected
04-17 09:21:18.272080   984  1089 W ASH     : @ 28807.948: touch gesture: no valid gesture detected
04-17 09:21:18.336963   984  1089 W ASH     : @ 28808.013: touch gesture: no valid gesture detected
04-17 09:21:18.401434   984  1089 W ASH     : @ 28808.077: touch gesture: no valid gesture detected
04-17 09:21:18.465782   984  1089 W ASH     : @ 28808.142: touch gesture: no valid gesture detected
04-17 09:21:18.530661   984  1089 W ASH     : @ 28808.206: touch gesture: no valid gesture detected
04-17 09:21:18.594920   984  1089 W ASH     : @ 28808.271: touch gesture: no valid gesture detected
04-17 09:21:18.659184   984  1089 W ASH     : @ 28808.335: touch gesture: no valid gesture detected
04-17 09:21:18.723973   984  1089 W ASH     : @ 28808.400: touch gesture: no valid gesture detected
04-17 09:21:18.788222   984  1089 W ASH     : @ 28808.464: touch gesture: no valid gesture detected
04-17 09:21:18.853177   984  1089 W ASH     : @ 28808.529: touch gesture: no valid gesture detected
04-17 09:21:18.917755   984  1089 W ASH     : @ 28808.594: touch gesture: no valid gesture detected
04-17 09:21:18.982188   984  1089 W ASH     : @ 28808.658: touch gesture: no valid gesture detected
04-17 09:21:19.047170   984  1089 W ASH     : @ 28808.723: touch gesture: no valid gesture detected
04-17 09:21:19.111482   984  1089 W ASH     : @ 28808.787: touch gesture: no valid gesture detected
04-17 09:21:19.175883   984  1089 W ASH     : @ 28808.852: touch gesture: no valid gesture detected
04-17 09:21:19.240865   984  1089 W ASH     : @ 28808.917: touch gesture: no valid gesture detected
04-17 09:21:19.305548   984  1089 W ASH     : @ 28808.981: touch gesture: no valid gesture detected
04-17 09:21:19.370091   984  1089 W ASH     : @ 28809.046: touch gesture: no valid gesture detected
04-17 09:21:19.434358   984  1089 W ASH     : @ 28809.111: touch gesture: no valid gesture detected
04-17 09:21:19.499062   984  1089 W ASH     : @ 28809.175: touch gesture: no valid gesture detected
04-17 09:21:19.563624   984  1089 W ASH     : @ 28809.240: touch gesture: no valid gesture detected
04-17 09:21:19.628609   984  1089 W ASH     : @ 28809.304: touch gesture: no valid gesture detected
04-17 09:21:19.693085   984  1089 W ASH     : @ 28809.369: touch gesture: no valid gesture detected
04-17 09:21:19.757832   984  1089 W ASH     : @ 28809.433: touch gesture: no valid gesture detected
04-17 09:21:19.822253   984  1089 W ASH     : @ 28809.498: touch gesture: no valid gesture detected
04-17 09:21:19.886667   984  1089 W ASH     : @ 28809.562: touch gesture: no valid gesture detected
04-17 09:21:19.950878   984  1089 W ASH     : @ 28809.627: touch gesture: no valid gesture detected
04-17 09:21:20.015760   984  1089 W ASH     : @ 28809.691: touch gesture: no valid gesture detected
04-17 09:21:20.080181   984  1089 W ASH     : @ 28809.756: touch gesture: no valid gesture detected
04-17 09:21:20.144720   984  1089 W ASH     : @ 28809.821: touch gesture: no valid gesture detected
04-17 09:21:20.209326   984  1089 W ASH     : @ 28809.885: touch gesture: no valid gesture detected
04-17 09:21:20.274000   984  1089 W ASH     : @ 28809.949: touch gesture: no valid gesture detected
04-17 09:21:20.337923   984  1089 W ASH     : @ 28810.014: touch gesture: no valid gesture detected
04-17 09:21:20.402691   984  1089 W ASH     : @ 28810.079: touch gesture: no valid gesture detected
04-17 09:21:20.467142   984  1089 W ASH     : @ 28810.143: touch gesture: no valid gesture detected
04-17 09:21:20.531702   984  1089 W ASH     : @ 28810.208: touch gesture: no valid gesture detected
04-17 09:21:20.596097   984  1089 W ASH     : @ 28810.272: touch gesture: no valid gesture detected
04-17 09:21:20.660524   984  1089 W ASH     : @ 28810.337: touch gesture: no valid gesture detected
04-17 09:21:20.725322   984  1089 W ASH     : @ 28810.401: touch gesture: no valid gesture detected
04-17 09:21:20.789861   984  1089 W ASH     : @ 28810.466: touch gesture: no valid gesture detected
04-17 09:21:20.854189   984  1089 W ASH     : @ 28810.530: touch gesture: no valid gesture detected
04-17 09:21:20.918915   984  1089 W ASH     : @ 28810.595: touch gesture: no valid gesture detected
04-17 09:21:20.983623   984  1089 W ASH     : @ 28810.659: touch gesture: no valid gesture detected
04-17 09:21:21.047886   984  1089 W ASH     : @ 28810.724: touch gesture: no valid gesture detected
04-17 09:21:21.112557   984  1089 W ASH     : @ 28810.788: touch gesture: no valid gesture detected
04-17 09:21:21.177015   984  1089 W ASH     : @ 28810.853: touch gesture: no valid gesture detected
04-17 09:21:21.241480   984  1089 W ASH     : @ 28810.917: touch gesture: no valid gesture detected
04-17 09:21:21.306150   984  1089 W ASH     : @ 28810.982: touch gesture: no valid gesture detected
04-17 09:21:21.370331   984  1089 W ASH     : @ 28811.046: touch gesture: no valid gesture detected
04-17 09:21:21.434950   984  1089 W ASH     : @ 28811.111: touch gesture: no valid gesture detected
04-17 09:21:21.499345   984  1089 W ASH     : @ 28811.175: touch gesture: no valid gesture detected
04-17 09:21:21.564004   984  1089 W ASH     : @ 28811.240: touch gesture: no valid gesture detected
04-17 09:21:21.628195   984  1089 W ASH     : @ 28811.304: touch gesture: no valid gesture detected
04-17 09:21:21.692804   984  1089 W ASH     : @ 28811.369: touch gesture: no valid gesture detected
04-17 09:21:21.757307   984  1089 W ASH     : @ 28811.433: touch gesture: no valid gesture detected
04-17 09:21:21.822002   984  1089 W ASH     : @ 28811.498: touch gesture: no valid gesture detected
04-17 09:21:21.886743   984  1089 W ASH     : @ 28811.562: touch gesture: no valid gesture detected
04-17 09:21:21.949441   984  1089 W ASH     : @ 28811.627: touch gesture: no valid gesture detected
04-17 09:21:22.015482   984  1089 W ASH     : @ 28811.691: touch gesture: no valid gesture detected
04-17 09:21:22.079903   984  1089 W ASH     : @ 28811.756: touch gesture: no valid gesture detected
04-17 09:21:22.144031   984  1089 W ASH     : @ 28811.820: touch gesture: no valid gesture detected
04-17 09:21:22.208829   984  1089 W ASH     : @ 28811.885: touch gesture: no valid gesture detected
04-17 09:21:22.273331   984  1089 W ASH     : @ 28811.949: touch gesture: no valid gesture detected
04-17 09:21:22.337470   984  1089 W ASH     : @ 28812.014: touch gesture: no valid gesture detected
04-17 09:21:22.402332   984  1089 W ASH     : @ 28812.078: touch gesture: no valid gesture detected
04-17 09:21:22.466652   984  1089 W ASH     : @ 28812.143: touch gesture: no valid gesture detected
04-17 09:21:22.531723   984  1089 W ASH     : @ 28812.207: touch gesture: no valid gesture detected
04-17 09:21:22.595523   984  1089 W ASH     : @ 28812.272: touch gesture: no valid gesture detected
04-17 09:21:22.660918   984  1089 W ASH     : @ 28812.336: touch gesture: no valid gesture detected
04-17 09:21:22.725068   984  1089 W ASH     : @ 28812.401: touch gesture: no valid gesture detected
04-17 09:21:22.789325   984  1089 W ASH     : @ 28812.465: touch gesture: no valid gesture detected
04-17 09:21:22.854054   984  1089 W ASH     : @ 28812.530: touch gesture: no valid gesture detected
04-17 09:21:22.918602   984  1089 W ASH     : @ 28812.594: touch gesture: no valid gesture detected
04-17 09:21:22.983388   984  1089 W ASH     : @ 28812.659: touch gesture: no valid gesture detected
04-17 09:21:23.048007   984  1089 W ASH     : @ 28812.723: touch gesture: no valid gesture detected
04-17 09:21:23.112043   984  1089 W ASH     : @ 28812.788: touch gesture: no valid gesture detected
04-17 09:21:23.176680   984  1089 W ASH     : @ 28812.852: touch gesture: no valid gesture detected
04-17 09:21:23.240214   984  1089 W ASH     : @ 28812.917: touch gesture: no valid gesture detected
04-17 09:21:23.303621   984  1089 W ASH     : @ 28812.981: touch gesture: no valid gesture detected
04-17 09:21:23.341413   960   960 D vendor.qti.bluetooth@1.0-uart_transport: SocRxDWakeup: Flow off->Change UART baudrate to 38.4kbs->send 0x00->Change UART baudrate to max->Flow on
04-17 09:21:23.341539   960   960 I vendor.qti.bluetooth@1.0-uart_transport: ## userial_vendor_ioctl: UART Flow Off 
--------- switch to kernel
04-17 09:21:23.338850     0     0 I         : c5    960 msm_geni_serial 894000.qcom,qup_uart: msm_geni_serial_set_termios: Start
04-17 09:21:23.339557     0     0 I         : c5    960 msm_geni_serial 894000.qcom,qup_uart: msm_geni_serial_set_termios: geni_se_clk_freq_match
04-17 09:21:23.339648     0     0 I         : c5    960 msm_geni_serial 894000.qcom,qup_uart: msm_geni_serial_set_termios: check parity
04-17 09:21:23.339661     0     0 I         : c5    960 msm_geni_serial 894000.qcom,qup_uart: msm_geni_serial_set_termios: geni_serial_write_term_regs
04-17 09:21:23.339694     0     0 I         : c5    960 msm_geni_serial 894000.qcom,qup_uart: msm_geni_serial_set_termios: End
04-17 09:21:23.340248     0     0 I         : c5    960 msm_geni_serial 894000.qcom,qup_uart: msm_geni_serial_set_termios: Start
--------- switch to main
04-17 09:21:23.342965   960   960 I vendor.qti.bluetooth@1.0-uart_transport: ## userial_vendor_set_baud: 17
--------- switch to radio
04-17 09:21:23.343666  3483  3483 D RILJ    : [0409]> GET_ACTIVITY_INFO [PHONE0]
04-17 09:21:23.348981  3483  3515 D RILJ    : [0409]< GET_ACTIVITY_INFO ModemActivityInfo{ mTimestamp=28800186 mSleepTimeMs=1700164 mIdleTimeMs=10097 mTxTimeMs[]=[0, 0, 0, 0, 0] mRxTimeMs=89734} [PHONE0]
--------- switch to main
04-17 09:21:23.351027  2612  2733 D TelephonyManager: requestModemActivityInfo: Sending result to app: ModemActivityInfo{ mTimestamp=28800186 mSleepTimeMs=27176265 mIdleTimeMs=182767 mTxTimeMs[]=[0, 0, 0, 0, 0] mRxTimeMs=1430701}
04-17 09:21:23.352558   960   960 I vendor.qti.bluetooth@1.0-uart_transport: SetBaudRate: in BOTHER
04-17 09:21:23.352605   960   960 I vendor.qti.bluetooth@1.0-uart_transport: ## userial_vendor_ioctl: UART Flow On 
--------- switch to kernel
04-17 09:21:23.349415     0     0 I         : c2    960 msm_geni_serial 894000.qcom,qup_uart: msm_geni_serial_set_termios: geni_se_clk_freq_match
04-17 09:21:23.349646     0     0 I         : c2    960 msm_geni_serial 894000.qcom,qup_uart: msm_geni_serial_set_termios: check parity
--------- switch to main
04-17 09:21:23.352985   960  3561 I vendor.qti.bluetooth@1.0-ibs_handler: ProcessIbsCmd: Received IBS_WAKE_ACK: 0xFC
--------- switch to kernel
04-17 09:21:23.349668     0     0 I         : c2    960 msm_geni_serial 894000.qcom,qup_uart: msm_geni_serial_set_termios: geni_serial_write_term_regs
--------- switch to main
04-17 09:21:23.353027   960  3561 I vendor.qti.bluetooth@1.0-ibs_handler: ProcessIbsCmd: Signal wack_cond_
--------- switch to kernel
04-17 09:21:23.349718     0     0 I         : c2    960 msm_geni_serial 894000.qcom,qup_uart: msm_geni_serial_set_termios: End
--------- switch to main
04-17 09:21:23.353793   960  3561 I vendor.qti.bluetooth@1.0-ibs_handler: ProcessIbsCmd: Received IBS_WAKE_ACK: 0xFC
04-17 09:21:23.353869   960  3561 I vendor.qti.bluetooth@1.0-ibs_handler: ProcessIbsCmd: Signal wack_cond_
04-17 09:21:23.353947   960   960 D vendor.qti.bluetooth@1.0-ibs_handler: DeviceWakeUp: Unblocked from waiting for FC
04-17 09:21:23.368099   984  1089 W ASH     : @ 28813.046: touch gesture: no valid gesture detected
04-17 09:21:23.432584   984  1089 W ASH     : @ 28813.110: touch gesture: no valid gesture detected
--------- switch to kernel
04-17 09:21:23.454257     0     0 I         : c1   3740 qcom_rpmh DRV:apps_rsc TCS Busy, retrying RPMH message send: addr=0x50014
--------- switch to events
04-17 09:21:23.475116  2612  2694 I commit_sys_config_file: [batterystats,20]
04-17 09:21:23.479037  2612  2694 I commit_sys_config_file: [batterystats,4]
--------- switch to main
04-17 09:21:23.498649   984  1089 W ASH     : @ 28813.175: touch gesture: no valid gesture detected
04-17 09:21:23.563575   984  1089 W ASH     : @ 28813.239: touch gesture: no valid gesture detected
04-17 09:21:23.628165   984  1089 W ASH     : @ 28813.304: touch gesture: no valid gesture detected
04-17 09:21:23.692784   984  1089 W ASH     : @ 28813.369: touch gesture: no valid gesture detected
04-17 09:21:23.757987   984  1089 W ASH     : @ 28813.433: touch gesture: no valid gesture detected
04-17 09:21:23.821798   984  1089 W ASH     : @ 28813.498: touch gesture: no valid gesture detected
04-17 09:21:23.886804   984  1089 W ASH     : @ 28813.562: touch gesture: no valid gesture detected
04-17 09:21:23.951081   984  1089 W ASH     : @ 28813.627: touch gesture: no valid gesture detected
04-17 09:21:24.015360   984  1089 W ASH     : @ 28813.691: touch gesture: no valid gesture detected
04-17 09:21:24.079540   984  1089 W ASH     : @ 28813.756: touch gesture: no valid gesture detected
04-17 09:21:24.144177   984  1089 W ASH     : @ 28813.820: touch gesture: no valid gesture detected
04-17 09:21:24.208687   984  1089 W ASH     : @ 28813.885: touch gesture: no valid gesture detected
04-17 09:21:24.273033   984  1089 W ASH     : @ 28813.949: touch gesture: no valid gesture detected
04-17 09:21:24.337548   984  1089 W ASH     : @ 28814.014: touch gesture: no valid gesture detected
04-17 09:21:24.401785   984  1089 W ASH     : @ 28814.078: touch gesture: no valid gesture detected
04-17 09:21:24.466740   984  1089 W ASH     : @ 28814.142: touch gesture: no valid gesture detected
04-17 09:21:24.530942   984  1089 W ASH     : @ 28814.207: touch gesture: no valid gesture detected
04-17 09:21:24.595182   984  1089 W ASH     : @ 28814.271: touch gesture: no valid gesture detected
04-17 09:21:24.659880   984  1089 W ASH     : @ 28814.336: touch gesture: no valid gesture detected
04-17 09:21:24.724339   984  1089 W ASH     : @ 28814.400: touch gesture: no valid gesture detected
04-17 09:21:24.787497   984  1089 W ASH     : @ 28814.465: touch gesture: no valid gesture detected
04-17 09:21:24.853531   984  1089 W ASH     : @ 28814.529: touch gesture: no valid gesture detected
04-17 09:21:24.917773   984  1089 W ASH     : @ 28814.594: touch gesture: no valid gesture detected
04-17 09:21:24.982506   984  1089 W ASH     : @ 28814.658: touch gesture: no valid gesture detected
04-17 09:21:25.046370   984  1089 W ASH     : @ 28814.723: touch gesture: no valid gesture detected
04-17 09:21:25.111177   984  1089 W ASH     : @ 28814.787: touch gesture: no valid gesture detected
04-17 09:21:25.175824   984  1089 W ASH     : @ 28814.851: touch gesture: no valid gesture detected
04-17 09:21:25.240059   984  1089 W ASH     : @ 28814.916: touch gesture: no valid gesture detected
04-17 09:21:25.304577   984  1089 W ASH     : @ 28814.980: touch gesture: no valid gesture detected
04-17 09:21:25.368586   984  1089 W ASH     : @ 28815.045: touch gesture: no valid gesture detected
04-17 09:21:25.433508   984  1089 W ASH     : @ 28815.109: touch gesture: no valid gesture detected
04-17 09:21:25.497721   984  1089 W ASH     : @ 28815.174: touch gesture: no valid gesture detected
04-17 09:21:25.562336   984  1089 W ASH     : @ 28815.238: touch gesture: no valid gesture detected
04-17 09:21:25.626553   984  1089 W ASH     : @ 28815.303: touch gesture: no valid gesture detected
04-17 09:21:25.691005   984  1089 W ASH     : @ 28815.367: touch gesture: no valid gesture detected
04-17 09:21:25.755640   984  1089 W ASH     : @ 28815.431: touch gesture: no valid gesture detected
04-17 09:21:25.819818   984  1089 W ASH     : @ 28815.496: touch gesture: no valid gesture detected
04-17 09:21:25.884423   984  1089 W ASH     : @ 28815.560: touch gesture: no valid gesture detected
04-17 09:21:25.948830   984  1089 W ASH     : @ 28815.625: touch gesture: no valid gesture detected
04-17 09:21:26.013364   984  1089 W ASH     : @ 28815.689: touch gesture: no valid gesture detected
04-17 09:21:26.077865   984  1089 W ASH     : @ 28815.754: touch gesture: no valid gesture detected
04-17 09:21:26.142133   984  1089 W ASH     : @ 28815.818: touch gesture: no valid gesture detected
04-17 09:21:26.206468   984  1089 W ASH     : @ 28815.883: touch gesture: no valid gesture detected
04-17 09:21:26.270892   984  1089 W ASH     : @ 28815.947: touch gesture: no valid gesture detected
04-17 09:21:26.335482   984  1089 W ASH     : @ 28816.011: touch gesture: no valid gesture detected
04-17 09:21:26.400211   984  1089 W ASH     : @ 28816.076: touch gesture: no valid gesture detected
04-17 09:21:26.464334   984  1089 W ASH     : @ 28816.140: touch gesture: no valid gesture detected
04-17 09:21:26.528758   984  1089 W ASH     : @ 28816.205: touch gesture: no valid gesture detected
04-17 09:21:26.593198   984  1089 W ASH     : @ 28816.269: touch gesture: no valid gesture detected
04-17 09:21:26.655827   984  1089 W ASH     : @ 28816.334: touch gesture: no valid gesture detected
04-17 09:21:26.722508   984  1089 W ASH     : @ 28816.398: touch gesture: no valid gesture detected
04-17 09:21:26.786507   984  1089 W ASH     : @ 28816.462: touch gesture: no valid gesture detected
04-17 09:21:26.851084   984  1089 W ASH     : @ 28816.527: touch gesture: no valid gesture detected
04-17 09:21:26.915552   984  1089 W ASH     : @ 28816.591: touch gesture: no valid gesture detected
04-17 09:21:26.979972   984  1089 W ASH     : @ 28816.656: touch gesture: no valid gesture detected
04-17 09:21:27.044552   984  1089 W ASH     : @ 28816.720: touch gesture: no valid gesture detected
04-17 09:21:27.109228   984  1089 W ASH     : @ 28816.785: touch gesture: no valid gesture detected
04-17 09:21:27.173181   984  1089 W ASH     : @ 28816.849: touch gesture: no valid gesture detected
04-17 09:21:27.237387   984  1089 W ASH     : @ 28816.914: touch gesture: no valid gesture detected
04-17 09:21:27.302069   984  1089 W ASH     : @ 28816.978: touch gesture: no valid gesture detected
04-17 09:21:27.366540   984  1089 W ASH     : @ 28817.042: touch gesture: no valid gesture detected
04-17 09:21:27.431434   984  1089 W ASH     : @ 28817.107: touch gesture: no valid gesture detected
04-17 09:21:27.495685   984  1089 W ASH     : @ 28817.172: touch gesture: no valid gesture detected
04-17 09:21:27.560069   984  1089 W ASH     : @ 28817.236: touch gesture: no valid gesture detected
04-17 09:21:27.624998   984  1089 W ASH     : @ 28817.300: touch gesture: no valid gesture detected
04-17 09:21:27.689132   984  1089 W ASH     : @ 28817.365: touch gesture: no valid gesture detected
04-17 09:21:27.753756   984  1089 W ASH     : @ 28817.430: touch gesture: no valid gesture detected
04-17 09:21:27.818682   984  1089 W ASH     : @ 28817.494: touch gesture: no valid gesture detected
04-17 09:21:27.882818   984  1089 W ASH     : @ 28817.559: touch gesture: no valid gesture detected
04-17 09:21:27.947240   984  1089 W ASH     : @ 28817.623: touch gesture: no valid gesture detected
04-17 09:21:28.011791   984  1089 W ASH     : @ 28817.688: touch gesture: no valid gesture detected
04-17 09:21:28.076107   984  1089 W ASH     : @ 28817.752: touch gesture: no valid gesture detected
04-17 09:21:28.140693   984  1089 W ASH     : @ 28817.817: touch gesture: no valid gesture detected
04-17 09:21:28.205509   984  1089 W ASH     : @ 28817.881: touch gesture: no valid gesture detected
04-17 09:21:28.269837   984  1089 W ASH     : @ 28817.946: touch gesture: no valid gesture detected
04-17 09:21:28.334425   984  1089 W ASH     : @ 28818.010: touch gesture: no valid gesture detected
04-17 09:21:28.399069   984  1089 W ASH     : @ 28818.075: touch gesture: no valid gesture detected
04-17 09:21:28.463536   984  1089 W ASH     : @ 28818.139: touch gesture: no valid gesture detected
04-17 09:21:28.527911   984  1089 W ASH     : @ 28818.204: touch gesture: no valid gesture detected
04-17 09:21:28.592622   984  1089 W ASH     : @ 28818.269: touch gesture: no valid gesture detected
04-17 09:21:28.657551   984  1089 W ASH     : @ 28818.333: touch gesture: no valid gesture detected
04-17 09:21:28.721886   984  1089 W ASH     : @ 28818.398: touch gesture: no valid gesture detected
04-17 09:21:28.786384   984  1089 W ASH     : @ 28818.462: touch gesture: no valid gesture detected
04-17 09:21:28.851034   984  1089 W ASH     : @ 28818.527: touch gesture: no valid gesture detected
04-17 09:21:28.915459   984  1089 W ASH     : @ 28818.591: touch gesture: no valid gesture detected
04-17 09:21:28.979920   984  1089 W ASH     : @ 28818.656: touch gesture: no valid gesture detected
04-17 09:21:29.044034   984  1089 W ASH     : @ 28818.720: touch gesture: no valid gesture detected
04-17 09:21:29.108775   984  1089 W ASH     : @ 28818.785: touch gesture: no valid gesture detected
04-17 09:21:29.173264   984  1089 W ASH     : @ 28818.849: touch gesture: no valid gesture detected
04-17 09:21:29.238123   984  1089 W ASH     : @ 28818.914: touch gesture: no valid gesture detected
04-17 09:21:29.303053   984  1089 W ASH     : @ 28818.979: touch gesture: no valid gesture detected
04-17 09:21:29.367140   984  1089 W ASH     : @ 28819.043: touch gesture: no valid gesture detected
04-17 09:21:29.431458   984  1089 W ASH     : @ 28819.108: touch gesture: no valid gesture detected
04-17 09:21:29.496498   984  1089 W ASH     : @ 28819.172: touch gesture: no valid gesture detected
04-17 09:21:29.560677   984  1089 W ASH     : @ 28819.237: touch gesture: no valid gesture detected
04-17 09:21:29.625705   984  1089 W ASH     : @ 28819.301: touch gesture: no valid gesture detected
04-17 09:21:29.689918   984  1089 W ASH     : @ 28819.366: touch gesture: no valid gesture detected
04-17 09:21:29.754540   984  1089 W ASH     : @ 28819.430: touch gesture: no valid gesture detected
04-17 09:21:29.818771   984  1089 W ASH     : @ 28819.495: touch gesture: no valid gesture detected
04-17 09:21:29.883552   984  1089 W ASH     : @ 28819.559: touch gesture: no valid gesture detected
04-17 09:21:29.947854   984  1089 W ASH     : @ 28819.624: touch gesture: no valid gesture detected
04-17 09:21:30.012406   984  1089 W ASH     : @ 28819.689: touch gesture: no valid gesture detected
04-17 09:21:30.077443   984  1089 W ASH     : @ 28819.753: touch gesture: no valid gesture detected
04-17 09:21:30.141505   984  1089 W ASH     : @ 28819.818: touch gesture: no valid gesture detected
04-17 09:21:30.205822   984  1089 W ASH     : @ 28819.882: touch gesture: no valid gesture detected
04-17 09:21:30.270364   984  1089 W ASH     : @ 28819.946: touch gesture: no valid gesture detected
04-17 09:21:30.335014   984  1089 W ASH     : @ 28820.011: touch gesture: no valid gesture detected
04-17 09:21:30.399454   984  1089 W ASH     : @ 28820.075: touch gesture: no valid gesture detected
04-17 09:21:30.464054   984  1089 W ASH     : @ 28820.140: touch gesture: no valid gesture detected
04-17 09:21:30.528824   984  1089 W ASH     : @ 28820.204: touch gesture: no valid gesture detected
04-17 09:21:30.593123   984  1089 W ASH     : @ 28820.269: touch gesture: no valid gesture detected
04-17 09:21:30.657317   984  1089 W ASH     : @ 28820.333: touch gesture: no valid gesture detected
04-17 09:21:30.722044   984  1089 W ASH     : @ 28820.398: touch gesture: no valid gesture detected
04-17 09:21:30.786744   984  1089 W ASH     : @ 28820.462: touch gesture: no valid gesture detected
04-17 09:21:30.850935   984  1089 W ASH     : @ 28820.527: touch gesture: no valid gesture detected
04-17 09:21:30.915394   984  1089 W ASH     : @ 28820.591: touch gesture: no valid gesture detected
04-17 09:21:30.933913   973   973 I android.hardware.health@2.1-service: Recording a sample at time 28807
--------- switch to kernel
04-17 09:21:30.935405     0     0 W         : c5    973 healthd: battery l=100 v=4414 t=22.7 h=2 st=5 c=5187 fc=3349000 cc=353 chg=u
--------- switch to main
04-17 09:21:30.979872   984  1089 W ASH     : @ 28820.656: touch gesture: no valid gesture detected
04-17 09:21:31.044574   984  1089 W ASH     : @ 28820.720: touch gesture: no valid gesture detected
04-17 09:21:31.108254   984  1089 W ASH     : @ 28820.785: touch gesture: no valid gesture detected
04-17 09:21:31.131594   990  1023 D rlsservice: MonitorDisplayStatus client num 0, display status 0, sensor status 0
04-17 09:21:31.173519   984  1089 W ASH     : @ 28820.849: touch gesture: no valid gesture detected
04-17 09:21:31.237678   984  1089 W ASH     : @ 28820.914: touch gesture: no valid gesture detected
04-17 09:21:31.302111   984  1089 W ASH     : @ 28820.978: touch gesture: no valid gesture detected
04-17 09:21:31.366643   984  1089 W ASH     : @ 28821.043: touch gesture: no valid gesture detected
04-17 09:21:31.431208   984  1089 W ASH     : @ 28821.107: touch gesture: no valid gesture detected
04-17 09:21:31.495692   984  1089 W ASH     : @ 28821.172: touch gesture: no valid gesture detected
04-17 09:21:31.560391   984  1089 W ASH     : @ 28821.236: touch gesture: no valid gesture detected
04-17 09:21:31.625008   984  1089 W ASH     : @ 28821.301: touch gesture: no valid gesture detected
04-17 09:21:31.689392   984  1089 W ASH     : @ 28821.365: touch gesture: no valid gesture detected
04-17 09:21:31.753742   984  1089 W ASH     : @ 28821.430: touch gesture: no valid gesture detected
04-17 09:21:31.818260   984  1089 W ASH     : @ 28821.494: touch gesture: no valid gesture detected
04-17 09:21:31.882892   984  1089 W ASH     : @ 28821.559: touch gesture: no valid gesture detected
04-17 09:21:31.947590   984  1089 W ASH     : @ 28821.623: touch gesture: no valid gesture detected
04-17 09:21:32.012367   984  1089 W ASH     : @ 28821.688: touch gesture: no valid gesture detected
04-17 09:21:32.076759   984  1089 W ASH     : @ 28821.752: touch gesture: no valid gesture detected
04-17 09:21:32.140852   984  1089 W ASH     : @ 28821.817: touch gesture: no valid gesture detected
04-17 09:21:32.205348   984  1089 W ASH     : @ 28821.881: touch gesture: no valid gesture detected
04-17 09:21:32.270363   984  1089 W ASH     : @ 28821.946: touch gesture: no valid gesture detected
04-17 09:21:32.334243   984  1089 W ASH     : @ 28822.010: touch gesture: no valid gesture detected
04-17 09:21:32.398593   984  1089 W ASH     : @ 28822.075: touch gesture: no valid gesture detected
04-17 09:21:32.462490   984  1089 W ASH     : @ 28822.139: touch gesture: no valid gesture detected
04-17 09:21:32.528355   984  1089 W ASH     : @ 28822.204: touch gesture: no valid gesture detected
04-17 09:21:32.592768   984  1089 W ASH     : @ 28822.268: touch gesture: no valid gesture detected
04-17 09:21:32.656614   984  1089 W ASH     : @ 28822.333: touch gesture: no valid gesture detected
04-17 09:21:32.721532   984  1089 W ASH     : @ 28822.397: touch gesture: no valid gesture detected
04-17 09:21:32.785942   984  1089 W ASH     : @ 28822.462: touch gesture: no valid gesture detected
04-17 09:21:32.850825   984  1089 W ASH     : @ 28822.526: touch gesture: no valid gesture detected
04-17 09:21:32.915235   984  1089 W ASH     : @ 28822.591: touch gesture: no valid gesture detected
04-17 09:21:32.979944   984  1089 W ASH     : @ 28822.655: touch gesture: no valid gesture detected
04-17 09:21:33.044108   984  1089 W ASH     : @ 28822.720: touch gesture: no valid gesture detected
04-17 09:21:33.109099   984  1089 W ASH     : @ 28822.785: touch gesture: no valid gesture detected
04-17 09:21:33.173570   984  1089 W ASH     : @ 28822.849: touch gesture: no valid gesture detected
04-17 09:21:33.237438   984  1089 W ASH     : @ 28822.914: touch gesture: no valid gesture detected
04-17 09:21:33.301998   984  1089 W ASH     : @ 28822.978: touch gesture: no valid gesture detected
04-17 09:21:33.366774   984  1089 W ASH     : @ 28823.043: touch gesture: no valid gesture detected
04-17 09:21:33.431258   984  1089 W ASH     : @ 28823.107: touch gesture: no valid gesture detected
04-17 09:21:33.495633   984  1089 W ASH     : @ 28823.171: touch gesture: no valid gesture detected
04-17 09:21:33.560123   984  1089 W ASH     : @ 28823.236: touch gesture: no valid gesture detected
04-17 09:21:33.624522   984  1089 W ASH     : @ 28823.301: touch gesture: no valid gesture detected
04-17 09:21:33.689004   984  1089 W ASH     : @ 28823.365: touch gesture: no valid gesture detected
04-17 09:21:33.753825   984  1089 W ASH     : @ 28823.430: touch gesture: no valid gesture detected
04-17 09:21:33.818140   984  1089 W ASH     : @ 28823.494: touch gesture: no valid gesture detected
04-17 09:21:33.881961   984  1089 W ASH     : @ 28823.559: touch gesture: no valid gesture detected
04-17 09:21:33.947400   984  1089 W ASH     : @ 28823.623: touch gesture: no valid gesture detected
04-17 09:21:34.011985   984  1089 W ASH     : @ 28823.688: touch gesture: no valid gesture detected
04-17 09:21:34.076406   984  1089 W ASH     : @ 28823.752: touch gesture: no valid gesture detected
04-17 09:21:34.140794   984  1089 W ASH     : @ 28823.817: touch gesture: no valid gesture detected
04-17 09:21:34.205440   984  1089 W ASH     : @ 28823.881: touch gesture: no valid gesture detected
04-17 09:21:34.269501   984  1089 W ASH     : @ 28823.946: touch gesture: no valid gesture detected
04-17 09:21:34.334407   984  1089 W ASH     : @ 28824.010: touch gesture: no valid gesture detected
04-17 09:21:34.398762   984  1089 W ASH     : @ 28824.075: touch gesture: no valid gesture detected
04-17 09:21:34.463385   984  1089 W ASH     : @ 28824.139: touch gesture: no valid gesture detected
04-17 09:21:34.528108   984  1089 W ASH     : @ 28824.204: touch gesture: no valid gesture detected
04-17 09:21:34.592639   984  1089 W ASH     : @ 28824.269: touch gesture: no valid gesture detected
04-17 09:21:34.657432   984  1089 W ASH     : @ 28824.333: touch gesture: no valid gesture detected
04-17 09:21:34.722202   984  1089 W ASH     : @ 28824.398: touch gesture: no valid gesture detected
04-17 09:21:34.786982   984  1089 W ASH     : @ 28824.463: touch gesture: no valid gesture detected
04-17 09:21:34.851654   984  1089 W ASH     : @ 28824.527: touch gesture: no valid gesture detected
04-17 09:21:34.915921   984  1089 W ASH     : @ 28824.592: touch gesture: no valid gesture detected
04-17 09:21:34.980449   984  1089 W ASH     : @ 28824.656: touch gesture: no valid gesture detected
04-17 09:21:35.045421   984  1089 W ASH     : @ 28824.721: touch gesture: no valid gesture detected
04-17 09:21:35.110124   984  1089 W ASH     : @ 28824.786: touch gesture: no valid gesture detected
04-17 09:21:35.174130   984  1089 W ASH     : @ 28824.850: touch gesture: no valid gesture detected
04-17 09:21:35.239250   984  1089 W ASH     : @ 28824.915: touch gesture: no valid gesture detected
04-17 09:21:35.303748   984  1089 W ASH     : @ 28824.979: touch gesture: no valid gesture detected
04-17 09:21:35.367894   984  1089 W ASH     : @ 28825.044: touch gesture: no valid gesture detected
04-17 09:21:35.432584   984  1089 W ASH     : @ 28825.109: touch gesture: no valid gesture detected
04-17 09:21:35.497221   984  1089 W ASH     : @ 28825.173: touch gesture: no valid gesture detected
04-17 09:21:35.561609   984  1089 W ASH     : @ 28825.237: touch gesture: no valid gesture detected
04-17 09:21:35.626090   984  1089 W ASH     : @ 28825.302: touch gesture: no valid gesture detected
04-17 09:21:35.690830   984  1089 W ASH     : @ 28825.367: touch gesture: no valid gesture detected
04-17 09:21:35.754869   984  1089 W ASH     : @ 28825.431: touch gesture: no valid gesture detected
04-17 09:21:35.819942   984  1089 W ASH     : @ 28825.496: touch gesture: no valid gesture detected
04-17 09:21:35.884615   984  1089 W ASH     : @ 28825.560: touch gesture: no valid gesture detected
04-17 09:21:35.949104   984  1089 W ASH     : @ 28825.625: touch gesture: no valid gesture detected
04-17 09:21:36.014069   984  1089 W ASH     : @ 28825.689: touch gesture: no valid gesture detected
04-17 09:21:36.077989   984  1089 W ASH     : @ 28825.754: touch gesture: no valid gesture detected
04-17 09:21:36.142507   984  1089 W ASH     : @ 28825.819: touch gesture: no valid gesture detected
04-17 09:21:36.207051   984  1089 W ASH     : @ 28825.883: touch gesture: no valid gesture detected
04-17 09:21:36.271638   984  1089 W ASH     : @ 28825.948: touch gesture: no valid gesture detected
04-17 09:21:36.336450   984  1089 W ASH     : @ 28826.012: touch gesture: no valid gesture detected
04-17 09:21:36.400753   984  1089 W ASH     : @ 28826.077: touch gesture: no valid gesture detected
04-17 09:21:36.465009   984  1089 W ASH     : @ 28826.141: touch gesture: no valid gesture detected
04-17 09:21:36.529988   984  1089 W ASH     : @ 28826.206: touch gesture: no valid gesture detected
04-17 09:21:36.594247   984  1089 W ASH     : @ 28826.270: touch gesture: no valid gesture detected
04-17 09:21:36.657499   984  1089 W ASH     : @ 28826.335: touch gesture: no valid gesture detected
04-17 09:21:36.723395   984  1089 W ASH     : @ 28826.399: touch gesture: no valid gesture detected
04-17 09:21:36.787722   984  1089 W ASH     : @ 28826.464: touch gesture: no valid gesture detected
04-17 09:21:36.852438   984  1089 W ASH     : @ 28826.528: touch gesture: no valid gesture detected
04-17 09:21:36.916681   984  1089 W ASH     : @ 28826.593: touch gesture: no valid gesture detected
04-17 09:21:36.981292   984  1089 W ASH     : @ 28826.657: touch gesture: no valid gesture detected
04-17 09:21:37.045645   984  1089 W ASH     : @ 28826.722: touch gesture: no valid gesture detected
04-17 09:21:37.110407   984  1089 W ASH     : @ 28826.786: touch gesture: no valid gesture detected
04-17 09:21:37.174426   984  1089 W ASH     : @ 28826.851: touch gesture: no valid gesture detected
04-17 09:21:37.239380   984  1089 W ASH     : @ 28826.915: touch gesture: no valid gesture detected
04-17 09:21:37.303595   984  1089 W ASH     : @ 28826.980: touch gesture: no valid gesture detected
04-17 09:21:37.368295   984  1089 W ASH     : @ 28827.044: touch gesture: no valid gesture detected
04-17 09:21:37.432821   984  1089 W ASH     : @ 28827.109: touch gesture: no valid gesture detected
04-17 09:21:37.497202   984  1089 W ASH     : @ 28827.173: touch gesture: no valid gesture detected
04-17 09:21:37.561678   984  1089 W ASH     : @ 28827.238: touch gesture: no valid gesture detected
04-17 09:21:37.626179   984  1089 W ASH     : @ 28827.302: touch gesture: no valid gesture detected
04-17 09:21:37.690530   984  1089 W ASH     : @ 28827.367: touch gesture: no valid gesture detected
04-17 09:21:37.754749   984  1089 W ASH     : @ 28827.431: touch gesture: no valid gesture detected
04-17 09:21:37.819237   984  1089 W ASH     : @ 28827.495: touch gesture: no valid gesture detected
04-17 09:21:37.883784   984  1089 W ASH     : @ 28827.560: touch gesture: no valid gesture detected
04-17 09:21:37.948379   984  1089 W ASH     : @ 28827.624: touch gesture: no valid gesture detected
04-17 09:21:38.013048   984  1089 W ASH     : @ 28827.689: touch gesture: no valid gesture detected
04-17 09:21:38.077541   984  1089 W ASH     : @ 28827.753: touch gesture: no valid gesture detected
04-17 09:21:38.142047   984  1089 W ASH     : @ 28827.818: touch gesture: no valid gesture detected
04-17 09:21:38.206415   984  1089 W ASH     : @ 28827.882: touch gesture: no valid gesture detected
04-17 09:21:38.270749   984  1089 W ASH     : @ 28827.947: touch gesture: no valid gesture detected
04-17 09:21:38.335253   984  1089 W ASH     : @ 28828.011: touch gesture: no valid gesture detected
04-17 09:21:38.399957   984  1089 W ASH     : @ 28828.076: touch gesture: no valid gesture detected
04-17 09:21:38.464109   984  1089 W ASH     : @ 28828.140: touch gesture: no valid gesture detected
04-17 09:21:38.528625   984  1089 W ASH     : @ 28828.205: touch gesture: no valid gesture detected
04-17 09:21:38.593281   984  1089 W ASH     : @ 28828.269: touch gesture: no valid gesture detected
04-17 09:21:38.658015   984  1089 W ASH     : @ 28828.334: touch gesture: no valid gesture detected
04-17 09:21:38.722382   984  1089 W ASH     : @ 28828.398: touch gesture: no valid gesture detected
04-17 09:21:38.786635   984  1089 W ASH     : @ 28828.463: touch gesture: no valid gesture detected
04-17 09:21:38.851306   984  1089 W ASH     : @ 28828.527: touch gesture: no valid gesture detected
04-17 09:21:38.915632   984  1089 W ASH     : @ 28828.592: touch gesture: no valid gesture detected
04-17 09:21:38.980613   984  1089 W ASH     : @ 28828.656: touch gesture: no valid gesture detected
04-17 09:21:39.044944   984  1089 W ASH     : @ 28828.721: touch gesture: no valid gesture detected
04-17 09:21:39.109340   984  1089 W ASH     : @ 28828.785: touch gesture: no valid gesture detected
04-17 09:21:39.173921   984  1089 W ASH     : @ 28828.850: touch gesture: no valid gesture detected
04-17 09:21:39.238441   984  1089 W ASH     : @ 28828.914: touch gesture: no valid gesture detected
04-17 09:21:39.303325   984  1089 W ASH     : @ 28828.979: touch gesture: no valid gesture detected
04-17 09:21:39.367291   984  1089 W ASH     : @ 28829.043: touch gesture: no valid gesture detected
04-17 09:21:39.431841   984  1089 W ASH     : @ 28829.108: touch gesture: no valid gesture detected
04-17 09:21:39.496691   984  1089 W ASH     : @ 28829.172: touch gesture: no valid gesture detected
04-17 09:21:39.560814   984  1089 W ASH     : @ 28829.237: touch gesture: no valid gesture detected
04-17 09:21:39.625486   984  1089 W ASH     : @ 28829.301: touch gesture: no valid gesture detected
04-17 09:21:39.689850   984  1089 W ASH     : @ 28829.366: touch gesture: no valid gesture detected
04-17 09:21:39.753870   984  1089 W ASH     : @ 28829.430: touch gesture: no valid gesture detected
04-17 09:21:39.818614   984  1089 W ASH     : @ 28829.494: touch gesture: no valid gesture detected
04-17 09:21:39.883202   984  1089 W ASH     : @ 28829.559: touch gesture: no valid gesture detected
04-17 09:21:39.947592   984  1089 W ASH     : @ 28829.623: touch gesture: no valid gesture detected
04-17 09:21:40.011750   984  1089 W ASH     : @ 28829.688: touch gesture: no valid gesture detected
04-17 09:21:40.076589   984  1089 W ASH     : @ 28829.752: touch gesture: no valid gesture detected
04-17 09:21:40.141092   984  1089 W ASH     : @ 28829.817: touch gesture: no valid gesture detected
04-17 09:21:40.205540   984  1089 W ASH     : @ 28829.881: touch gesture: no valid gesture detected
04-17 09:21:40.270018   984  1089 W ASH     : @ 28829.946: touch gesture: no valid gesture detected
04-17 09:21:40.334754   984  1089 W ASH     : @ 28830.011: touch gesture: no valid gesture detected
04-17 09:21:40.399468   984  1089 W ASH     : @ 28830.075: touch gesture: no valid gesture detected
04-17 09:21:40.463915   984  1089 W ASH     : @ 28830.140: touch gesture: no valid gesture detected
04-17 09:21:40.528834   984  1089 W ASH     : @ 28830.204: touch gesture: no valid gesture detected
04-17 09:21:40.593453   984  1089 W ASH     : @ 28830.269: touch gesture: no valid gesture detected
04-17 09:21:40.657482   984  1089 W ASH     : @ 28830.333: touch gesture: no valid gesture detected
04-17 09:21:40.722381   984  1089 W ASH     : @ 28830.398: touch gesture: no valid gesture detected
04-17 09:21:40.786162   984  1089 W ASH     : @ 28830.462: touch gesture: no valid gesture detected
04-17 09:21:40.851016   984  1089 W ASH     : @ 28830.527: touch gesture: no valid gesture detected
04-17 09:21:40.915626   984  1089 W ASH     : @ 28830.591: touch gesture: no valid gesture detected
04-17 09:21:40.980043   984  1089 W ASH     : @ 28830.656: touch gesture: no valid gesture detected
04-17 09:21:41.044277   984  1089 W ASH     : @ 28830.720: touch gesture: no valid gesture detected
04-17 09:21:41.108997   984  1089 W ASH     : @ 28830.785: touch gesture: no valid gesture detected
04-17 09:21:41.173366   984  1089 W ASH     : @ 28830.849: touch gesture: no valid gesture detected
04-17 09:21:41.238034   984  1089 W ASH     : @ 28830.914: touch gesture: no valid gesture detected
04-17 09:21:41.302402   984  1089 W ASH     : @ 28830.978: touch gesture: no valid gesture detected
04-17 09:21:41.366942   984  1089 W ASH     : @ 28831.043: touch gesture: no valid gesture detected
04-17 09:21:41.431710   984  1089 W ASH     : @ 28831.107: touch gesture: no valid gesture detected
04-17 09:21:41.495988   984  1089 W ASH     : @ 28831.172: touch gesture: no valid gesture detected
04-17 09:21:41.560353   984  1089 W ASH     : @ 28831.236: touch gesture: no valid gesture detected
04-17 09:21:41.624741   984  1089 W ASH     : @ 28831.301: touch gesture: no valid gesture detected
04-17 09:21:41.689414   984  1089 W ASH     : @ 28831.365: touch gesture: no valid gesture detected
04-17 09:21:41.753867   984  1089 W ASH     : @ 28831.430: touch gesture: no valid gesture detected
04-17 09:21:41.818423   984  1089 W ASH     : @ 28831.494: touch gesture: no valid gesture detected
