--------- switch to main
04-17 13:22:26.434430  5933  5963 I adbd    : UsbFfs-worker thread spawned
--------- switch to kernel
04-17 13:22:26.428314     0     0 I         : c1     87 configfs-gadget gadget: high-speed config #1: b
04-17 13:22:26.428467     0     0 I         : c1   5834 msm-dwc3 a600000.ssusb: Avail curr from USB = 500
04-17 13:22:26.429391     0     0 I         : c1   5834 android_work: sent uevent USB_STATE=CONFIGURED
--------- switch to main
04-17 13:22:26.434759  5933  5938 I adbd    : jdwp connection from 4091
--------- switch to events
04-17 13:22:26.434782  2612  2761 I am_unfreeze: [4091,android.process.media]
--------- switch to main
04-17 13:22:26.438082  3055  3236 I Tethering: USB bcast connected:true configured:true rndis:false ncm:false
--------- switch to kernel
04-17 13:22:26.440849     0     0 I         : c2    515 dsi_backlight_late_dpms:970: sysfs_notify state:0x0
--------- switch to main
04-17 13:22:26.445153   984  2673 I sensors-hal: [DPInfo]file_contents_parse:176, _status = 1
04-17 13:22:26.445380   984  2673 I sensors-hal: [ssc_utils]get_qmi_debug_flag:243, support_qmi_debug : false
--------- switch to radio
04-17 13:22:26.445490  3483  3483 D RILJ    : [0467]> GET_ACTIVITY_INFO [PHONE0]
--------- switch to events
04-17 13:22:26.445546  2612  2694 I commit_sys_config_file: [batterystats-checkin,40]
--------- switch to radio
04-17 13:22:26.449774  3483  3515 D RILJ    : [0467]< GET_ACTIVITY_INFO ModemActivityInfo{ mTimestamp=0 mSleepTimeMs=0 mIdleTimeMs=0 mTxTimeMs[]=[0, 0, 0, 0, 0] mRxTimeMs=0} [PHONE0]
--------- switch to main
04-17 13:22:26.450793   950   950 I netd    : firewallReplaceUidChain(fw_standby, false, []) -> {true} <0.07ms>
--------- switch to radio
04-17 13:22:26.450849  3483  3483 D RILJ    : [0468]> SEND_DEVICE_STATE 1:false [PHONE0]
--------- switch to main
04-17 13:22:26.451358   984  1089 I ASH     : @ 43276.128: tcs3701: display status: 1
04-17 13:22:26.451383   984  1089 I ASH     : @ 43276.128: tcs3701: display brightness: 104
04-17 13:22:26.451411   984  1089 I ASH     : @ 43276.128: tcs3701: display refresh_rate: 90
04-17 13:22:26.451863   617   681 I SDM     : StrategyImpl::SetIdleTimeoutMs: Idle timeout set to zero for command mode panels
--------- switch to radio
04-17 13:22:26.452279  3483  3515 D RILJ    : [0468]< SEND_DEVICE_STATE  [PHONE0]
--------- switch to events
04-17 13:22:26.452390  2612  2694 I commit_sys_config_file: [batterystats,3]
--------- switch to main
04-17 13:22:26.452434   615   615 D SurfaceFlinger: Finished setting power mode 2 on display 4630946523002478721
04-17 13:22:26.452637  2612  2847 D SurfaceControl: Excessive delay in setPowerMode()
--------- switch to radio
04-17 13:22:26.454263  3483  3483 D RILJ    : [0469]> SEND_DEVICE_STATE 1:false [PHONE1]
--------- switch to main
04-17 13:22:26.454564   984  1089 I ASH     : @ 43276.131: tcs3701: Calibrating POFFSET
--------- switch to events
04-17 13:22:26.454584  2612  2694 I commit_sys_config_file: [batterystats,2]
--------- switch to radio
04-17 13:22:26.455281  3483  3515 D RILJ    : [0469]< SEND_DEVICE_STATE  [PHONE1]
--------- switch to main
04-17 13:22:26.455317   984  1089 I ASH     : @ 43276.132: tcs3701: POFFSET calibration in progress...
04-17 13:22:26.457137  2612  3217 D TelephonyManager: requestModemActivityInfo: Sending result to app: ModemActivityInfo{ mTimestamp=43263159 mSleepTimeMs=40828407 mIdleTimeMs=264138 mTxTimeMs[]=[0, 0, 0, 0, 0] mRxTimeMs=2160161}
04-17 13:22:26.459439   984  1089 W ASH     : @ 43276.136: touch gesture: no valid gesture detected
04-17 13:22:26.460194   984  1089 W ASH     : @ 43276.137: touch gesture: no valid gesture detected
--------- switch to kernel
04-17 13:22:26.456495     0     0 I         : c1    515 dsi_backlight_update_status:468: req:0 bl:0 state:0x0
04-17 13:22:26.456614     0     0 I         : c1   5873 sec_ts spi0.0: [sec_input] sec_ts_resume_work
--------- switch to main
04-17 13:22:26.463767   984  1089 I ASH     : @ 43276.140: touch gesture: received SNS_TBN_ACQUIRE_BUS_REQ_V01: kernel requesting bus
--------- switch to kernel
04-17 13:22:26.458347     0     0 I         : c1     87 sec_ts spi0.0: kernel requesting bus access from SLPI
04-17 13:22:26.458427     0     0 I         : c0      1 init: processing action (graphics.display.kernel_idle_timer.enabled=true) from (/vendor/etc/init/hw/init.redfin.rc:19)
04-17 13:22:26.459736     0     0 I         : c1   5873 sec_ts spi0.0: [sec_input] sec_set_switch_gpio: toggling switch to AP
04-17 13:22:26.459755     0     0 I         : c1   5873 sec_ts spi0.0: [sec_input] sec_ts_pinctrl_configure: ACTIVE
--------- switch to main
04-17 13:22:26.467631   984  1089 D VSC     : @ 43276.144: [WO] Set sensor rate and start algorithm version 12_2
04-17 13:22:26.467672   984  1089 D VSC     : @ 43276.144: [WO] Reset mTask, clear history
04-17 13:22:26.467701   984  1089 D VSC     : @ 43276.144: [Device Orientation] Request accel, interval 66.6 ms, latency 40.0 ms
04-17 13:22:26.468292   984  1089 D VSC     : @ 43276.145: [Device Orientation] Request gyro, interval 66.6 ms, latency 40.0 ms
--------- switch to system
04-17 13:22:26.468878  2612  2711 I DisplayPowerController[0]: Unblocked screen on after 178 ms
04-17 13:22:26.471338  2612  2711 I DreamManagerService: Gently waking up from dream.
04-17 13:22:26.471512  2612  2684 I DreamManagerService: Performing gentle wake from dream.
--------- switch to kernel
04-17 13:22:26.466787     0     0 I         : c5    681 dsi_backlight_update_status:468: req:297 bl:299 state:0x0
--------- switch to events
04-17 13:22:26.471719  2612  2612 I sysui_multi_action: [757,198,758,1,759,1,1359,187,1694,3]
04-17 13:22:26.471948  2612  2612 I power_screen_state: [1,0,0,0,187]
--------- switch to main
04-17 13:22:26.478216   984  1089 I ASH     : @ 43276.155: tcs3701: Calibration Finished!
04-17 13:22:26.478957   984  2673 I sensors-hal: [ssc_utils]get_qmi_debug_flag:243, support_qmi_debug : false
04-17 13:22:26.479460   984  1089 I ASH     : @ 43276.156: tcs3701: POFFSET 0015
--------- switch to system
04-17 13:22:26.480069  2612  3217 I DreamManagerService: Leaving dreamland.
04-17 13:22:26.480573  2612  2684 I DreamManagerService: Performing gentle wake from dream.
04-17 13:22:26.480753  2612  2684 I DreamController: Stopping dream: name=ComponentInfo{com.android.systemui/com.android.systemui.doze.DozeService}, isTest=false, canDoze=true, userId=0, reason='finished self'(from 'requested stopDream')
--------- switch to events
04-17 13:22:26.480888  2612  2684 I sysui_multi_action: [757,223,758,2]
04-17 13:22:26.481111  2612  2684 I sysui_multi_action: [757,804,799,dozing_minutes,801,19,802,1]
--------- switch to main
04-17 13:22:26.485445   984  1089 I ASH     : @ 43276.161: tcs3701: display status: 1
04-17 13:22:26.485505   984  1089 I ASH     : @ 43276.161: tcs3701: display brightness: 297
04-17 13:22:26.485540   984  1089 I ASH     : @ 43276.162: tcs3701: display refresh_rate: 90
04-17 13:22:26.485607   984  1089 D VSC     : @ 43276.162: [Device Pickup Sensor] Stop motion_detect
04-17 13:22:26.487386   984  1089 D VSC     : @ 43276.164: [Proximity Gated Single Tap Gesture] Stop touch_gesture
04-17 13:22:26.487648   984  1089 I ASH     : @ 43276.164: touch gesture: [touch gesture] unsubscribed
04-17 13:22:26.487764   984  1089 D VSC     : @ 43276.164: [Proximity Gated Single Tap Gesture] Stop proximity
04-17 13:22:26.487975   984  1089 I VSC     : @ 43276.165: [single-tap-prox-gated] sensor disabled
04-17 13:22:26.488220   984  1089 I ASH     : @ 43276.165: tcs3701: Client count (type)cur/new: (3)1/0
04-17 13:22:26.488242   984  1089 I ASH     : @ 43276.165: tcs3701: Disabling sensor 3
04-17 13:22:26.488273   984  1089 I ASH     : @ 43276.165: tcs3701: Disabling PROX
04-17 13:22:26.516776   984  1089 D ASH     : @ 43276.193: SensorType 195 resampler quality 2
--------- switch to kernel
04-17 13:22:26.531100     0     0 I         : c1   5873 sec_ts spi0.0: [sec_input] sec_ts_wait_for_ready_with_count: 09, 00, 40, 00, 00, 00, 00, 00 [0]
04-17 13:22:26.531121     0     0 I         : c1   5873 sec_ts spi0.0: [sec_input] sec_ts_system_reset: sw_reset done
04-17 13:22:26.531331     0     0 I         : c1   5873 sec_ts spi0.0: [sec_input] sec_ts_set_grip_type: re-init grip(0), edh:0, edg:0, lan:0
04-17 13:22:26.531434     0     0 I         : c1   5873 sec_ts spi0.0: [sec_input] sec_ts_resume_work: set charger mode 0x2
04-17 13:22:26.531557     0     0 I         : c1   5873 sec_ts spi0.0: [sec_input] applying touch_offload settings.
--------- switch to main
04-17 13:22:26.553914   984  1089 D VSC     : @ 43276.231: [WO] Reset mTask, clear history
04-17 13:22:26.574650  5933  5936 I adbd    : adbd_auth: received a new framework connection
04-17 13:22:26.575044  5933  5936 I adbd    : adbd_auth: received new framework fd 36 (current = -1)
04-17 13:22:26.656382   984  1089 I ASH     : @ 43276.332: tcs3701: POFFSET calibration timeout check. Success!
--------- switch to events
04-17 13:22:26.838467  2612  3233 I sysui_multi_action: [757,128,758,1,793,43238900,794,0,795,43238900,796,26,798,0,806,android,857,DEVELOPER_IMPORTANT,858,4,947,0,1395,2,1500,43238690,1688,1]
04-17 13:22:26.839641  2612  3233 I sysui_multi_action: [757,804,799,note_freshness,801,43238900,802,1]
04-17 13:22:26.840144  2612  3233 I notification_visibility: [-1|android|26|null|1000,1,43238900,43238900,0,0]
--------- switch to main
04-17 13:22:26.886738  5933  5933 I adbd    : UsbFfs: already offline
04-17 13:22:26.887115  5933  5933 I adbd    : authentication not required
04-17 13:22:26.936152   984  2673 I sensors-hal: [ssc_utils]get_qmi_debug_flag:243, support_qmi_debug : false
04-17 13:22:26.951113  5975  5975 D ProcessState: Binder ioctl to enable oneway spam detection failed: Invalid argument
--------- switch to kernel
04-17 13:22:26.946847     0     0 I         : c7   5975 binder: 5975:5975 ioctl 40046210 7fd7ebe134 returned -22
--------- switch to events
04-17 13:22:26.953000  5975  5975 I auditd  : type=1400 audit(0.0:4): avc: denied { getattr } for comm="remount" name="/" dev="sda12" ino=1 scontext=u:r:su:s0 tcontext=u:object_r:firmware_file:s0 tclass=filesystem permissive=1
--------- switch to main
04-17 13:22:26.953000  5975  5975 I remount : type=1400 audit(0.0:4): avc: denied { getattr } for name="/" dev="sda12" ino=1 scontext=u:r:su:s0 tcontext=u:object_r:firmware_file:s0 tclass=filesystem permissive=1
--------- switch to kernel
04-17 13:22:26.983598     0     0 I         : c5    570 logd: logdr: UID=0 GID=0 PID=5982 b tail=0 logMask=99 pid=0 start=0ns deadline=0ns
04-17 13:22:27.001784     0     0 I         : c2   5913 sm7250_bms: MSC_PCS chg_state=1c2112903030005 [0x5:3:3:4393:450] chg=u
04-17 13:22:27.001948     0     0 I         : c2   5913 sm7250_bms: CHGR_ENG_CHARGING_CFG_REG = 0x04
04-17 13:22:27.010895     0     0 W         : c3    973 healthd: battery l=100 v=4393 t=22.1 h=2 st=5 c=5798 fc=3349000 cc=353 chg=u
04-17 13:22:27.012030     0     0 I         : c2   5923 google_charger: usbchg=USB typec=C usbv=4883 usbc=441 usbMv=5000 usbMc=450
04-17 13:22:27.012162     0     0 I         : c2   5923 sm7250_bms: MSC_PCS chg_state=1c2112903030005 [0x5:3:3:4393:450] chg=u
04-17 13:22:27.012189     0     0 I         : c2   5923 google_battery: MSC_DIN chg_state=1c2112903030005 f=0x5 chg_s=Not Charging chg_t=Fast vchg=4393 icl=450
04-17 13:22:27.014028     0     0 I         : c2   5923 google_battery: MSC_DSG vbatt_idx:4->4 vbatt=4393541 ibatt=-5798 fv_uv=4430000 cv_cnt=0 ov_cnt=0
04-17 13:22:27.014040     0     0 I         : c2   5923 google_battery: MSC_VOTE msc_state=2 cv_cnt=0 ov_cnt=0 temp_idx:2, vbatt_idx:4  fv_uv=4430000 cc_max=0 update_interval=-1
04-17 13:22:27.014075     0     0 I         : c2   5923 google_charger: MSC_CHG fv_uv=4430000, cc_max=0, rerun in 2000 ms (0)
--------- switch to events
04-17 13:22:27.020567  2612  3005 I sysui_multi_action: [757,1417,758,4,1418,100,1421,2]
04-17 13:22:27.020852  2612  3005 I battery_status: [5,2,1,2,Unknown]
--------- switch to system
04-17 13:22:27.022782  2612  2686 I EntropyMixer: Writing entropy...
--------- switch to events
04-17 13:22:27.026015  2612  2612 I battery_saving_stats: [0,1,0,736,0,0,736,0,0]
--------- switch to main
04-17 13:22:27.030855   987   987 D hw-ProcessState: Binder ioctl to enable oneway spam detection failed: Invalid argument
--------- switch to radio
04-17 13:22:27.031766  3483  3483 D RILJ    : [0470]> GET_ACTIVITY_INFO [PHONE0]
--------- switch to kernel
04-17 13:22:27.026645     0     0 I         : c3    987 binder: 987:987 ioctl 40046210 7fe29d1f94 returned -22
--------- switch to main
04-17 13:22:27.032822  2612  2612 E Binder  : Outgoing transactions from this process must be FLAG_ONEWAY
04-17 13:22:27.032822  2612  2612 E Binder  : java.lang.Throwable
04-17 13:22:27.032822  2612  2612 E Binder  : 	at android.os.BinderProxy.transact(BinderProxy.java:528)
04-17 13:22:27.032822  2612  2612 E Binder  : 	at android.content.ContentProviderProxy.openTypedAssetFile(ContentProviderNative.java:778)
04-17 13:22:27.032822  2612  2612 E Binder  : 	at android.content.ContentResolver.openTypedAssetFileDescriptor(ContentResolver.java:2027)
04-17 13:22:27.032822  2612  2612 E Binder  : 	at android.content.ContentResolver.openTypedAssetFileDescriptor(ContentResolver.java:1965)
04-17 13:22:27.032822  2612  2612 E Binder  : 	at android.provider.MediaStore.getOriginalMediaFormatFileDescriptor(MediaStore.java:930)
04-17 13:22:27.032822  2612  2612 E Binder  : 	at android.os.FileUtils.convertToModernFd(FileUtils.java:1471)
04-17 13:22:27.032822  2612  2612 E Binder  : 	at android.media.MediaPlayer.setDataSource(MediaPlayer.java:1274)
04-17 13:22:27.032822  2612  2612 E Binder  : 	at android.media.MediaPlayer.setDataSource(MediaPlayer.java:1257)
04-17 13:22:27.032822  2612  2612 E Binder  : 	at android.media.MediaPlayer.setDataSource(MediaPlayer.java:1214)
04-17 13:22:27.032822  2612  2612 E Binder  : 	at android.media.MediaPlayer.setDataSource(MediaPlayer.java:1191)
04-17 13:22:27.032822  2612  2612 E Binder  : 	at android.media.MediaPlayer.setDataSource(MediaPlayer.java:1156)
04-17 13:22:27.032822  2612  2612 E Binder  : 	at android.media.MediaPlayer.setDataSource(MediaPlayer.java:1081)
04-17 13:22:27.032822  2612  2612 E Binder  : 	at android.media.MediaPlayer.setDataSource(MediaPlayer.java:1027)
04-17 13:22:27.032822  2612  2612 E Binder  : 	at android.media.Ringtone.setUri(Ringtone.java:371)
04-17 13:22:27.032822  2612  2612 E Binder  : 	at android.media.RingtoneManager.getRingtone(RingtoneManager.java:742)
04-17 13:22:27.032822  2612  2612 E Binder  : 	at android.media.RingtoneManager.getRingtone(RingtoneManager.java:717)
04-17 13:22:27.032822  2612  2612 E Binder  : 	at android.media.RingtoneManager.getRingtone(RingtoneManager.java:680)
04-17 13:22:27.032822  2612  2612 E Binder  : 	at com.android.server.power.Notifier.playChargingStartedFeedback(Notifier.java:811)
04-17 13:22:27.032822  2612  2612 E Binder  : 	at com.android.server.power.Notifier.showWiredChargingStarted(Notifier.java:831)
04-17 13:22:27.032822  2612  2612 E Binder  : 	at com.android.server.power.Notifier.access$700(Notifier.java:84)
04-17 13:22:27.032822  2612  2612 E Binder  : 	at com.android.server.power.Notifier$NotifierHandler.handleMessage(Notifier.java:877)
04-17 13:22:27.032822  2612  2612 E Binder  : 	at android.os.Handler.dispatchMessage(Handler.java:106)
04-17 13:22:27.032822  2612  2612 E Binder  : 	at android.os.Looper.loopOnce(Looper.java:201)
04-17 13:22:27.032822  2612  2612 E Binder  : 	at android.os.Looper.loop(Looper.java:288)
04-17 13:22:27.032822  2612  2612 E Binder  : 	at com.android.server.SystemServer.run(SystemServer.java:902)
04-17 13:22:27.032822  2612  2612 E Binder  : 	at com.android.server.SystemServer.main(SystemServer.java:609)
04-17 13:22:27.032822  2612  2612 E Binder  : 	at java.lang.reflect.Method.invoke(Native Method)
04-17 13:22:27.032822  2612  2612 E Binder  : 	at com.android.internal.os.RuntimeInit$MethodAndArgsCaller.run(RuntimeInit.java:548)
04-17 13:22:27.032822  2612  2612 E Binder  : 	at com.android.internal.os.ZygoteInit.main(ZygoteInit.java:981)
--------- switch to radio
04-17 13:22:27.034522  3483  3515 D RILJ    : [0470]< GET_ACTIVITY_INFO ModemActivityInfo{ mTimestamp=0 mSleepTimeMs=0 mIdleTimeMs=0 mTxTimeMs[]=[0, 0, 0, 0, 0] mRxTimeMs=0} [PHONE0]
--------- switch to events
04-17 13:22:27.034946  2612  2695 I am_wtf  : [0,2612,system_server,-1,Binder,Outgoing transactions from this process must be FLAG_ONEWAY]
--------- switch to main
04-17 13:22:27.035723  2612  5988 I HidlSensorManager: hidl_ssvc_poll started.
04-17 13:22:27.035786  2612  3479 D TelephonyManager: requestModemActivityInfo: Sending result to app: ModemActivityInfo{ mTimestamp=43263159 mSleepTimeMs=40828407 mIdleTimeMs=264138 mTxTimeMs[]=[0, 0, 0, 0, 0] mRxTimeMs=2160161}
04-17 13:22:27.036338  3688  3737 W MediaProvider: Failed to fetch original file descriptor
04-17 13:22:27.036338  3688  3737 W MediaProvider: java.io.FileNotFoundException: Input file descriptor is already original
04-17 13:22:27.036338  3688  3737 W MediaProvider: 	at com.android.providers.media.MediaProvider.getOriginalMediaFormatFileDescriptor(MediaProvider.java:5741)
04-17 13:22:27.036338  3688  3737 W MediaProvider: 	at com.android.providers.media.MediaProvider.openTypedAssetFileCommon(MediaProvider.java:7157)
04-17 13:22:27.036338  3688  3737 W MediaProvider: 	at com.android.providers.media.MediaProvider.openTypedAssetFile(MediaProvider.java:7138)
04-17 13:22:27.036338  3688  3737 W MediaProvider: 	at android.content.ContentProvider$Transport.openTypedAssetFile(ContentProvider.java:548)
04-17 13:22:27.036338  3688  3737 W MediaProvider: 	at android.content.ContentProviderNative.onTransact(ContentProviderNative.java:327)
04-17 13:22:27.036338  3688  3737 W MediaProvider: 	at android.os.Binder.execTransactInternal(Binder.java:1184)
04-17 13:22:27.036338  3688  3737 W MediaProvider: 	at android.os.Binder.execTransact(Binder.java:1143)
04-17 13:22:27.037523   984  2673 I sensors-hal: [ssc_utils]get_qmi_debug_flag:243, support_qmi_debug : false
--------- switch to system
04-17 13:22:27.039448  2612  2695 I DropBoxManagerService: add tag=system_server_wtf isTagEnabled=true flags=0x2
--------- switch to main
04-17 13:22:27.039708   984  1089 I VSC     : @ 43276.716: {Fusion} configure fusion 9 5000us 0us.
04-17 13:22:27.039741   984  1089 D VSC     : @ 43276.716: [Gravity Sensor] Request accel, interval 5.0 ms, latency 0.0 ms
04-17 13:22:27.039958   984  1089 D VSC     : @ 43276.717: [Gravity Sensor] Request gyro, interval 5.0 ms, latency 0.0 ms
04-17 13:22:27.044407  1271  1412 D NuPlayerDriver: NuPlayerDriver(0xf1801870) created, clientPid(2612)
04-17 13:22:27.052550   984  1089 D ASH     : @ 43276.729: SensorType 1 resampler quality 0
04-17 13:22:27.056830  1271  5996 D GenericSource: FileSource remote
04-17 13:22:27.067547  2612  2612 D Ringtone: Successfully created local player
04-17 13:22:27.067604  2612  2612 W Ringtone: Use of stream types is deprecated for operations other than volume control
04-17 13:22:27.067627  2612  2612 W Ringtone: See the documentation of setStreamType() for what to use instead with android.media.AudioAttributes to qualify your playback use case
04-17 13:22:27.067886  1271  1412 D NuPlayerDriver: reset(0xf1801870) at state 4
04-17 13:22:27.069375  1271  5992 D NuPlayerDriver: notifyResetComplete(0xf1801870)
04-17 13:22:27.069522  1271  1412 D NuPlayerDriver: reset(0xf1801870) at state 0
04-17 13:22:27.069971   984  1089 D ASH     : @ 43276.746: SensorType 195 resampler quality 1
04-17 13:22:27.070469  2612  2612 V MediaPlayer: resetDrmState:  mDrmInfo=null mDrmProvisioningThread=null mPrepareDrmInProgress=false mActiveDrmScheme=false
04-17 13:22:27.070547  2612  2612 V MediaPlayer: cleanDrmObj: mDrmObj=null mDrmSessionId=null
04-17 13:22:27.071242  2612  2612 V MediaPlayer: resetDrmState:  mDrmInfo=null mDrmProvisioningThread=null mPrepareDrmInProgress=false mActiveDrmScheme=false
04-17 13:22:27.071279  2612  2612 V MediaPlayer: cleanDrmObj: mDrmObj=null mDrmSessionId=null
04-17 13:22:27.075815  3688  3737 W MediaProvider: Failed to fetch original file descriptor
04-17 13:22:27.075815  3688  3737 W MediaProvider: java.io.FileNotFoundException: Input file descriptor is already original
04-17 13:22:27.075815  3688  3737 W MediaProvider: 	at com.android.providers.media.MediaProvider.getOriginalMediaFormatFileDescriptor(MediaProvider.java:5741)
04-17 13:22:27.075815  3688  3737 W MediaProvider: 	at com.android.providers.media.MediaProvider.openTypedAssetFileCommon(MediaProvider.java:7157)
04-17 13:22:27.075815  3688  3737 W MediaProvider: 	at com.android.providers.media.MediaProvider.openTypedAssetFile(MediaProvider.java:7138)
04-17 13:22:27.075815  3688  3737 W MediaProvider: 	at android.content.ContentProvider$Transport.openTypedAssetFile(ContentProvider.java:548)
04-17 13:22:27.075815  3688  3737 W MediaProvider: 	at android.content.ContentProviderNative.onTransact(ContentProviderNative.java:327)
04-17 13:22:27.075815  3688  3737 W MediaProvider: 	at android.os.Binder.execTransactInternal(Binder.java:1184)
04-17 13:22:27.075815  3688  3737 W MediaProvider: 	at android.os.Binder.execTransact(Binder.java:1143)
04-17 13:22:27.076918  1271  1412 D NuPlayerDriver: NuPlayerDriver(0xf1801870) created, clientPid(2612)
04-17 13:22:27.085677  1271  6001 D GenericSource: FileSource remote
04-17 13:22:27.094122  2612  2612 D Ringtone: Successfully created local player
04-17 13:22:27.133430   984  1089 D VSC     : @ 43276.810: [Gravity Sensor] Stop accel
04-17 13:22:27.133661   984  1089 D VSC     : @ 43276.810: [Gravity Sensor] Stop gyro
04-17 13:22:27.136794   987   987 E IPCThreadState: binder thread pool (1 threads) starved for 108 ms
04-17 13:22:27.188700   984  1089 D ASH     : @ 43276.865: SensorType 195 resampler quality 2
04-17 13:22:27.312564   984  2673 I sensors-hal: [ssc_utils]get_qmi_debug_flag:243, support_qmi_debug : false
04-17 13:22:27.368228   984  2673 I sensors-hal: [ssc_utils]get_qmi_debug_flag:243, support_qmi_debug : false
--------- switch to kernel
04-17 13:22:27.480032     0     0 W         : c0    973 healthd: battery l=100 v=4393 t=22.1 h=2 st=5 c=5798 fc=3349000 cc=353 chg=u
--------- switch to main
04-17 13:22:27.491241   950   950 I netd    : firewallReplaceUidChain(fw_standby, false, []) -> {true} <0.08ms>
--------- switch to radio
04-17 13:22:27.495249  3483  3483 D RILJ    : [0471]> SEND_DEVICE_STATE 1:true [PHONE0]
04-17 13:22:27.496401  3483  3515 D RILJ    : [0471]< SEND_DEVICE_STATE  [PHONE0]
04-17 13:22:27.498057  3483  3483 D RILJ    : [0472]> SEND_DEVICE_STATE 1:true [PHONE1]
04-17 13:22:27.499148  3483  3515 D RILJ    : [0472]< SEND_DEVICE_STATE  [PHONE1]
--------- switch to main
04-17 13:22:27.762824  2612  3479 D WifiNl80211Manager: Scan result ready event
04-17 13:22:27.762949  2612  3479 D WifiNative: Scan result ready event
04-17 13:22:27.763353  1354  3445 I LOWI-9.0.0.89: [LOWI-Scan] lowi_close_record:Scan done in 43244411ms, 13 APs in scan results
04-17 13:22:27.912928   984  2673 I sensors-hal: [ssc_utils]get_qmi_debug_flag:243, support_qmi_debug : false
--------- switch to kernel
04-17 13:22:28.074043     0     0 I         : c4   5919 sm7250_bms: MSC_PCS chg_state=1c2112904030009 [0x9:4:3:4393:450] chg=u
04-17 13:22:28.074218     0     0 I         : c4   5919 sm7250_bms: CHGR_ENG_CHARGING_CFG_REG = 0x04
04-17 13:22:28.079032     0     0 W         : c3    973 healthd: battery l=100 v=4393 t=22.1 h=2 st=5 c=5798 fc=3349000 cc=353 chg=u
04-17 13:22:28.083867     0     0 I         : c4   5912 google_charger: usbchg=USB typec=C usbv=4972 usbc=134 usbMv=5000 usbMc=450
04-17 13:22:28.084040     0     0 I         : c4   5912 sm7250_bms: MSC_PCS chg_state=1c2112904030009 [0x9:4:3:4393:450] chg=u
04-17 13:22:28.084073     0     0 I         : c4   5912 google_battery: MSC_DIN chg_state=1c2112904030009 f=0x9 chg_s=Not Charging chg_t=Taper vchg=4393 icl=450
04-17 13:22:28.085122     0     0 I         : c4   5912 google_battery: MSC_DSG vbatt_idx:4->4 vbatt=4393541 ibatt=-5798 fv_uv=4430000 cv_cnt=0 ov_cnt=0
04-17 13:22:28.085157     0     0 I         : c4   5912 google_battery: MSC_VOTE msc_state=2 cv_cnt=0 ov_cnt=0 temp_idx:2, vbatt_idx:4  fv_uv=4430000 cc_max=0 update_interval=-1
04-17 13:22:28.085195     0     0 I         : c4   5912 google_charger: MSC_CHG fv_uv=4430000, cc_max=0, rerun in 2000 ms (0)
04-17 13:22:30.088750     0     0 I         : c4   5912 google_charger: usbchg=USB typec=C usbv=4997 usbc=66 usbMv=5000 usbMc=450
04-17 13:22:30.088918     0     0 I         : c4   5912 sm7250_bms: MSC_PCS chg_state=1c2112904030009 [0x9:4:3:4393:450] chg=u
04-17 13:22:30.088975     0     0 I         : c4   5912 google_battery: MSC_DIN chg_state=1c2112904030009 f=0x9 chg_s=Not Charging chg_t=Taper vchg=4393 icl=450
04-17 13:22:30.090067     0     0 I         : c4   5912 google_battery: MSC_DSG vbatt_idx:4->4 vbatt=4393541 ibatt=-5798 fv_uv=4430000 cv_cnt=0 ov_cnt=0
04-17 13:22:30.090122     0     0 I         : c4   5912 google_battery: MSC_VOTE msc_state=2 cv_cnt=0 ov_cnt=0 temp_idx:2, vbatt_idx:4  fv_uv=4430000 cc_max=0 update_interval=-1
04-17 13:22:30.090193     0     0 I         : c4   5912 google_charger: MSC_CHG fv_uv=4430000, cc_max=0, rerun in 2000 ms (0)
04-17 13:22:32.098248     0     0 I         : c4   5912 google_charger: usbchg=USB typec=C usbv=5015 usbc=49 usbMv=5000 usbMc=450
04-17 13:22:32.098435     0     0 I         : c4   5912 sm7250_bms: MSC_PCS chg_state=1c2112904030009 [0x9:4:3:4393:450] chg=u
04-17 13:22:32.098509     0     0 I         : c4   5912 google_battery: MSC_DIN chg_state=1c2112904030009 f=0x9 chg_s=Not Charging chg_t=Taper vchg=4393 icl=450
04-17 13:22:32.100248     0     0 I         : c4   5912 google_battery: MSC_DSG vbatt_idx:4->4 vbatt=4393541 ibatt=-5798 fv_uv=4430000 cv_cnt=0 ov_cnt=0
04-17 13:22:32.100312     0     0 I         : c4   5912 google_battery: MSC_VOTE msc_state=2 cv_cnt=0 ov_cnt=0 temp_idx:2, vbatt_idx:4  fv_uv=4430000 cc_max=0 update_interval=-1
04-17 13:22:32.100416     0     0 I         : c4   5912 google_charger: MSC_CHG fv_uv=4430000, cc_max=0, rerun in 2000 ms (0)
--------- switch to main
04-17 13:22:32.202768   990  1023 D rlsservice: MonitorDisplayStatus client num 1, display status 1, sensor status 0
--------- switch to kernel
04-17 13:22:34.109019     0     0 I         : c4   5912 google_charger: usbchg=USB typec=C usbv=4996 usbc=95 usbMv=5000 usbMc=450
04-17 13:22:34.109196     0     0 I         : c4   5912 sm7250_bms: MSC_PCS chg_state=1c2112904030009 [0x9:4:3:4393:450] chg=u
04-17 13:22:34.109272     0     0 I         : c4   5912 google_battery: MSC_DIN chg_state=1c2112904030009 f=0x9 chg_s=Not Charging chg_t=Taper vchg=4393 icl=450
04-17 13:22:34.111054     0     0 I         : c4   5912 google_battery: MSC_DSG vbatt_idx:4->4 vbatt=4393541 ibatt=-5798 fv_uv=4430000 cv_cnt=0 ov_cnt=0
04-17 13:22:34.111117     0     0 I         : c4   5912 google_battery: MSC_VOTE msc_state=2 cv_cnt=0 ov_cnt=0 temp_idx:2, vbatt_idx:4  fv_uv=4430000 cc_max=0 update_interval=-1
04-17 13:22:34.111222     0     0 I         : c4   5912 google_charger: MSC_CHG fv_uv=4430000, cc_max=0, rerun in 2000 ms (0)
--------- switch to system
04-17 13:22:35.038578  2612  2711 V DisplayPowerController[0]: Brightness [0.05] reason changing to: 'manual [ dim ]', previous reason: 'manual'.
--------- switch to events
04-17 13:22:35.039261  2612  2711 I sysui_multi_action: [757,1696,758,6,759,2]
--------- switch to kernel
04-17 13:22:35.038305     0     0 I         : c4    681 dsi_backlight_update_status:468: req:296 bl:298 state:0x0
04-17 13:22:35.044400     0     0 I         : c5    681 dsi_backlight_update_status:468: req:288 bl:290 state:0x0
04-17 13:22:35.057652     0     0 I         : c4    681 dsi_backlight_update_status:468: req:280 bl:282 state:0x0
04-17 13:22:35.068569     0     0 I         : c2    681 dsi_backlight_update_status:468: req:272 bl:274 state:0x0
04-17 13:22:35.078770     0     0 I         : c4    681 dsi_backlight_update_status:468: req:264 bl:266 state:0x0
04-17 13:22:35.090281     0     0 I         : c4    681 dsi_backlight_update_status:468: req:256 bl:258 state:0x0
04-17 13:22:35.100435     0     0 I         : c5    681 dsi_backlight_update_status:468: req:248 bl:250 state:0x0
04-17 13:22:35.112176     0     0 I         : c5    681 dsi_backlight_update_status:468: req:240 bl:242 state:0x0
04-17 13:22:35.124995     0     0 I         : c3    681 dsi_backlight_update_status:468: req:232 bl:234 state:0x0
04-17 13:22:35.134331     0     0 I         : c4    681 dsi_backlight_update_status:468: req:224 bl:226 state:0x0
04-17 13:22:35.145658     0     0 I         : c4    681 dsi_backlight_update_status:468: req:216 bl:218 state:0x0
04-17 13:22:35.157748     0     0 I         : c4    681 dsi_backlight_update_status:468: req:208 bl:210 state:0x0
04-17 13:22:35.167742     0     0 I         : c3    681 dsi_backlight_update_status:468: req:200 bl:202 state:0x0
04-17 13:22:35.178909     0     0 I         : c5    681 dsi_backlight_update_status:468: req:192 bl:194 state:0x0
04-17 13:22:35.191136     0     0 I         : c3    681 dsi_backlight_update_status:468: req:184 bl:186 state:0x0
04-17 13:22:35.201320     0     0 I         : c3    681 dsi_backlight_update_status:468: req:176 bl:178 state:0x0
04-17 13:22:35.211814     0     0 I         : c2    681 dsi_backlight_update_status:468: req:168 bl:171 state:0x0
04-17 13:22:35.223528     0     0 I         : c4    681 dsi_backlight_update_status:468: req:160 bl:163 state:0x0
--------- switch to main
04-17 13:22:35.231782   984  2673 I sensors-hal: [ssc_utils]get_qmi_debug_flag:243, support_qmi_debug : false
--------- switch to kernel
04-17 13:22:35.233432     0     0 I         : c4    681 dsi_backlight_update_status:468: req:152 bl:155 state:0x0
--------- switch to main
04-17 13:22:35.238798   984  1089 I ASH     : @ 43284.915: tcs3701: display status: 1
04-17 13:22:35.238859   984  1089 I ASH     : @ 43284.915: tcs3701: display brightness: 160
04-17 13:22:35.238904   984  1089 I ASH     : @ 43284.915: tcs3701: display refresh_rate: 60
--------- switch to kernel
04-17 13:22:35.244817     0     0 I         : c3    681 dsi_backlight_update_status:468: req:144 bl:147 state:0x0
04-17 13:22:35.256907     0     0 I         : c2    681 dsi_backlight_update_status:468: req:136 bl:139 state:0x0
--------- switch to main
04-17 13:22:35.264258   984  2673 I sensors-hal: [ssc_utils]get_qmi_debug_flag:243, support_qmi_debug : false
--------- switch to kernel
04-17 13:22:35.267348     0     0 I         : c3    681 dsi_backlight_update_status:468: req:128 bl:131 state:0x0
--------- switch to main
04-17 13:22:35.277943   984  1089 I ASH     : @ 43284.955: tcs3701: display status: 1
04-17 13:22:35.278005   984  1089 I ASH     : @ 43284.955: tcs3701: display brightness: 136
04-17 13:22:35.278039   984  1089 I ASH     : @ 43284.955: tcs3701: display refresh_rate: 60
--------- switch to kernel
04-17 13:22:35.278266     0     0 I         : c5    681 dsi_backlight_update_status:468: req:120 bl:123 state:0x0
04-17 13:22:35.289231     0     0 I         : c4    681 dsi_backlight_update_status:468: req:112 bl:115 state:0x0
--------- switch to main
04-17 13:22:35.294859   984  2673 I sensors-hal: [ssc_utils]get_qmi_debug_flag:243, support_qmi_debug : false
04-17 13:22:35.303949   984  1089 I ASH     : @ 43284.981: tcs3701: display status: 1
04-17 13:22:35.304000   984  1089 I ASH     : @ 43284.981: tcs3701: display brightness: 112
04-17 13:22:35.304019   984  1089 I ASH     : @ 43284.981: tcs3701: display refresh_rate: 60
--------- switch to kernel
04-17 13:22:35.300125     0     0 I         : c2    681 dsi_backlight_update_status:468: req:104 bl:107 state:0x0
04-17 13:22:35.311616     0     0 I         : c3    681 dsi_backlight_update_status:468: req:96 bl:99 state:0x0
04-17 13:22:35.322983     0     0 I         : c3    681 dsi_backlight_update_status:468: req:88 bl:91 state:0x0
04-17 13:22:35.334142     0     0 I         : c3    681 dsi_backlight_update_status:468: req:80 bl:83 state:0x0
04-17 13:22:35.345696     0     0 I         : c3    681 dsi_backlight_update_status:468: req:72 bl:75 state:0x0
04-17 13:22:35.356716     0     0 I         : c4    681 dsi_backlight_update_status:468: req:64 bl:67 state:0x0
04-17 13:22:35.367776     0     0 I         : c4    681 dsi_backlight_update_status:468: req:56 bl:59 state:0x0
04-17 13:22:35.378829     0     0 I         : c4    681 dsi_backlight_update_status:468: req:52 bl:55 state:0x0
04-17 13:22:36.115453     0     0 I         : c4   5912 google_charger: usbchg=USB typec=C usbv=5014 usbc=36 usbMv=5000 usbMc=450
04-17 13:22:36.115631     0     0 I         : c4   5912 sm7250_bms: MSC_PCS chg_state=1c2112904030009 [0x9:4:3:4393:450] chg=u
04-17 13:22:36.115690     0     0 I         : c4   5912 google_battery: MSC_DIN chg_state=1c2112904030009 f=0x9 chg_s=Not Charging chg_t=Taper vchg=4393 icl=450
04-17 13:22:36.116784     0     0 I         : c4   5912 google_battery: MSC_DSG vbatt_idx:4->4 vbatt=4393541 ibatt=-5798 fv_uv=4430000 cv_cnt=0 ov_cnt=0
04-17 13:22:36.116843     0     0 I         : c4   5912 google_battery: MSC_VOTE msc_state=2 cv_cnt=0 ov_cnt=0 temp_idx:2, vbatt_idx:4  fv_uv=4430000 cc_max=0 update_interval=-1
04-17 13:22:36.116920     0     0 I         : c4   5912 google_charger: MSC_CHG fv_uv=4430000, cc_max=0, rerun in 2000 ms (0)
--------- switch to system
04-17 13:22:37.025811  2612  2711 I PowerManagerService: Powering off display group due to timeout (groupId= 0, uid= 1000)...
04-17 13:22:37.026257  2612  2711 I PowerManagerService: Going to sleep due to timeout (uid 1000)...
--------- switch to events
04-17 13:22:37.031818  2612  2711 I power_sleep_requested: 0
--------- switch to main
04-17 13:22:37.035896   617   681 I SDM     : HWCDisplay::GetColorModeCount: Supported color mode count = 3
04-17 13:22:37.036051   617   681 I SDM     : HWCDisplay::GetColorModes: Color mode = 0 is supported
04-17 13:22:37.036093   617   681 I SDM     : HWCDisplay::GetColorModes: Color mode = 7 is supported
04-17 13:22:37.036129   617   681 I SDM     : HWCDisplay::GetColorModes: Color mode = 9 is supported
04-17 13:22:37.059845   984  2673 I sensors-hal: [ssc_utils]get_qmi_debug_flag:243, support_qmi_debug : false
--------- switch to system
04-17 13:22:37.080250  2612  2711 V DisplayPowerController[0]: Brightness [0.2901961] reason changing to: 'manual', previous reason: 'manual [ dim ]'.
--------- switch to events
04-17 13:22:37.080513  2612  2711 I sysui_multi_action: [757,1696,758,6,759,0]
--------- switch to main
04-17 13:22:37.106223   617   681 I SDM     : HWDeviceDRM::UpdateMixerAttributes: Mixer WxH 1080x2340-1 for Peripheral
04-17 13:22:37.106334   617   681 I SDM     : DisplayBase::SetActiveConfig: Active configuration changed to: 0
04-17 13:22:37.106538   617   681 I SDM     : StrategyImpl::SetIdleTimeoutMs: Idle timeout set to zero for command mode panels
--------- switch to kernel
04-17 13:22:37.106832     0     0 I         : c5    515 [drm:dsi_display_set_mode [msm_drm]] [msm-dsi-info]: mdp_transfer_time_us=14000 us
04-17 13:22:37.107065     0     0 I         : c5    515 [drm:dsi_display_set_mode [msm_drm]] [msm-dsi-info]: hactive= 1080,vactive= 2340,fps=60
--------- switch to main
04-17 13:22:37.113071   617   681 I SDM     : HWDeviceDRM::UpdateMixerAttributes: Mixer WxH 1080x2340-1 for Peripheral
04-17 13:22:37.113174   617   681 I SDM     : DisplayBase::SetActiveConfig: Active configuration changed to: 1
04-17 13:22:37.113410   617   681 I SDM     : StrategyImpl::SetIdleTimeoutMs: Idle timeout set to zero for command mode panels
--------- switch to system
04-17 13:22:37.113480  2612  2687 I DisplayDeviceRepository: Display device changed: DisplayDeviceInfo{"Built-in Screen": uniqueId="local:4630946523002478721", 1080 x 2340, modeId 1, defaultModeId 1, supportedModes [{id=1, width=1080, height=2340, fps=60.000004, alternativeRefreshRates=[90.0]}, {id=2, width=1080, height=2340, fps=90.0, alternativeRefreshRates=[60.000004]}], colorMode 0, supportedColorModes [0, 7, 9], hdrCapabilities HdrCapabilities{mSupportedHdrTypes=[2, 3], mMaxLuminance=500.0, mMaxAverageLuminance=500.0, mMinLuminance=0.0}, allmSupported false, gameContentTypeSupported false, density 440, 435.428 x 433.839 dpi, appVsyncOff 2333332, presDeadline 11500000, cutout DisplayCutout{insets=Rect(0, 136 - 0, 0) waterfall=Insets{left=0, top=0, right=0, bottom=0} boundingRect={Bounds=[Rect(0, 0 - 0, 0), Rect(0, 0 - 136, 136), Rect(0, 0 - 0, 0), Rect(0, 0 - 0, 0)]} cutoutPathParserInfo={CutoutPathParserInfo{displayWidth=1080 displayHeight=2340 density={2.75} cutoutSpec={M 41,77 a 40,40 0 1 0 80,0 40,40 0 1 0 -80,0 Z @left} rotation={0} scale={1.0}}}}, touch INTERNAL, rotation 0, type INTERNAL, address {port=129, model=0x40446d53ad64a0}, deviceProductInfo DeviceProductInfo{name=, manufacturerPnpId=QCM, productId=1, modelYear=null, manufactureDate=ManufactureDate{week=27, year=2006}, connectionToSinkType=0}, state ON, frameRateOverride , brightnessMinimum 0.0, brightnessMaximum 1.0, brightnessDefault 0.2901961, roundedCorners RoundedCorners{[RoundedCorner{position=TopLeft, radius=108, center=Point(108, 108)}, RoundedCorner{position=TopRight, radius=108, center=Point(972, 108)}, RoundedCorner{position=BottomRight, radius=108, center=Point(972, 2232)}, RoundedCorner{position=BottomLeft, radius=108, center=Point(108, 2232)}]}, FLAG_DEFAULT_DISPLAY, FLAG_ROTATES_WITH_CONTENT, FLAG_SECURE, FLAG_SUPPORTS_PROTECTED_BUFFERS}
--------- switch to main
04-17 13:22:37.114413   984  2673 I sensors-hal: [ssc_utils]get_qmi_debug_flag:243, support_qmi_debug : false
--------- switch to kernel
04-17 13:22:37.120504     0     0 I         : c0    515 [drm:dsi_display_set_mode [msm_drm]] [msm-dsi-info]: mdp_transfer_time_us=9000 us
04-17 13:22:37.120654     0     0 I         : c0    515 [drm:dsi_display_set_mode [msm_drm]] [msm-dsi-info]: hactive= 1080,vactive= 2340,fps=90
--------- switch to system
04-17 13:22:37.125113  2612  2687 I DisplayDeviceRepository: Display device changed: DisplayDeviceInfo{"Built-in Screen": uniqueId="local:4630946523002478721", 1080 x 2340, modeId 2, defaultModeId 1, supportedModes [{id=1, width=1080, height=2340, fps=60.000004, alternativeRefreshRates=[90.0]}, {id=2, width=1080, height=2340, fps=90.0, alternativeRefreshRates=[60.000004]}], colorMode 0, supportedColorModes [0, 7, 9], hdrCapabilities HdrCapabilities{mSupportedHdrTypes=[2, 3], mMaxLuminance=500.0, mMaxAverageLuminance=500.0, mMinLuminance=0.0}, allmSupported false, gameContentTypeSupported false, density 440, 435.428 x 433.839 dpi, appVsyncOff 2333333, presDeadline 11500000, cutout DisplayCutout{insets=Rect(0, 136 - 0, 0) waterfall=Insets{left=0, top=0, right=0, bottom=0} boundingRect={Bounds=[Rect(0, 0 - 0, 0), Rect(0, 0 - 136, 136), Rect(0, 0 - 0, 0), Rect(0, 0 - 0, 0)]} cutoutPathParserInfo={CutoutPathParserInfo{displayWidth=1080 displayHeight=2340 density={2.75} cutoutSpec={M 41,77 a 40,40 0 1 0 80,0 40,40 0 1 0 -80,0 Z @left} rotation={0} scale={1.0}}}}, touch INTERNAL, rotation 0, type INTERNAL, address {port=129, model=0x40446d53ad64a0}, deviceProductInfo DeviceProductInfo{name=, manufacturerPnpId=QCM, productId=1, modelYear=null, manufactureDate=ManufactureDate{week=27, year=2006}, connectionToSinkType=0}, state ON, frameRateOverride , brightnessMinimum 0.0, brightnessMaximum 1.0, brightnessDefault 0.2901961, roundedCorners RoundedCorners{[RoundedCorner{position=TopLeft, radius=108, center=Point(108, 108)}, RoundedCorner{position=TopRight, radius=108, center=Point(972, 108)}, RoundedCorner{position=BottomRight, radius=108, center=Point(972, 2232)}, RoundedCorner{position=BottomLeft, radius=108, center=Point(108, 2232)}]}, FLAG_DEFAULT_DISPLAY, FLAG_ROTATES_WITH_CONTENT, FLAG_SECURE, FLAG_SUPPORTS_PROTECTED_BUFFERS}
--------- switch to main
04-17 13:22:37.134370   984  2673 I sensors-hal: [ssc_utils]get_qmi_debug_flag:243, support_qmi_debug : false
--------- switch to system
04-17 13:22:37.497048  2612  2711 I DisplayPowerController[0]: Blocking screen off
04-17 13:22:37.497473  2612  2711 I DisplayPowerController[0]: Unblocked screen off after 0 ms
--------- switch to kernel
04-17 13:22:37.493636     0     0 I         : c2    681 dsi_backlight_update_status:468: req:0 bl:0 state:0x0
--------- switch to main
04-17 13:22:37.500652   984  1089 D VSC     : @ 43287.177: [Device Orientation] Stop accel
04-17 13:22:37.500938   984  1089 D VSC     : @ 43287.178: [Device Orientation] Stop gyro
04-17 13:22:37.503936  2901  2901 D StatusBar: disable<e i a s b H R c s > disable2<q i n >
04-17 13:22:37.504213   984   984 I sensors-hal: [hal]activate_physical_sensor:251, android.sensor.light/51 en=0
04-17 13:22:37.505954  2901  2901 D StatusBar: disable<e i a s b H R c s > disable2<q i n >
04-17 13:22:37.509553   984  1089 I ASH     : @ 43287.186: tcs3701: Client count (type)cur/new: (0)2/1
04-17 13:22:37.509710   984   984 I sensors-hal: [hal]activate_physical_sensor:262, android.sensor.light/51 en=0 completed
--------- switch to system
04-17 13:22:37.510079  2612  2711 V DisplayPowerController[0]: Brightness [0.0] reason changing to: 'screen_off', previous reason: 'manual'.
--------- switch to main
04-17 13:22:37.511990   615   615 D SurfaceFlinger: Setting power mode 0 on display 4630946523002478721
--------- switch to system
04-17 13:22:37.512394  2612  2687 I DisplayDeviceRepository: Display device changed state: "Built-in Screen", OFF
--------- switch to main
04-17 13:22:37.512812   617   681 I SDM     : DisplayBase::SetDisplayState: Set state = 0, display 29-0, teardown = 0
04-17 13:22:37.514481  2612  2687 I InputManager-JNI: Viewport [0] to add: local:4630946523002478721, isActive: false
04-17 13:22:37.515787  2612  2776 I InputReader: Reconfiguring input devices, changes=DISPLAY_INFO | 
04-17 13:22:37.515883  2612  2776 I InputReader: Disabling sec_touchscreen (device 4) because the associated viewport is not active
04-17 13:22:37.521255   984   984 I sensors-hal: [hal]activate_physical_sensor:251, com.google.sensor.combo_light/11101 en=0
04-17 13:22:37.522715   984   984 I sensors-hal: [hal]activate_physical_sensor:262, com.google.sensor.combo_light/11101 en=0 completed
04-17 13:22:37.523248   990  1028 I rlsservice: DisableInternal handle 1681692778, mode 1
04-17 13:22:37.523745   984  1089 I ASH     : @ 43287.200: tcs3701: Client count (type)cur/new: (0)1/0
04-17 13:22:37.523773   984  1089 I ASH     : @ 43287.200: tcs3701: Disabling sensor 0
04-17 13:22:37.523835   984  1089 I ASH     : @ 43287.200: tcs3701: Disabling ALS
04-17 13:22:37.523865   984  1089 D ASH     : @ 43287.201: tcs3701: start power rail timer, state:3
04-17 13:22:37.524083   990  1028 I BpBinder: onLastStrongRef automatically unlinking death recipients: <uncached descriptor>
04-17 13:22:37.524144   984  1089 I ASH     : @ 43287.201: tcs3701: Instance deinit
--------- switch to kernel
04-17 13:22:37.521311     0     0 I         : c2     87 sec_ts spi0.0: [sec_input] sec_ts_suspend_work
04-17 13:22:37.521324     0     0 I         : c1    515 dsi_backlight_early_dpms:925: power_mode:5 state:0x0
04-17 13:22:37.521338     0     0 I         : c2     87 sec_ts spi0.0: [sec_input] sec_ts_fix_tmode: mode 6 state 1
--------- switch to main
04-17 13:22:37.573336   984  1089 I ASH     : @ 43287.250: touch gesture: received SNS_TBN_RELEASE_BUS_REQ_V01: kernel releasing bus
--------- switch to kernel
04-17 13:22:37.567482     0     0 I         : c1     87 sec_ts spi0.0: [sec_input] sec_ts_pinctrl_configure: SUSPEND
04-17 13:22:37.567526     0     0 I         : c1     87 sec_ts spi0.0: [sec_input] sec_set_switch_gpio: toggling switch to SLPI
04-17 13:22:37.567712     0     0 I         : c3   5968 sec_ts spi0.0: kernel releasing bus access from SLPI
04-17 13:22:37.569193     0     0 I         : c0    718 sec_ts spi0.0: [sec_input] sec_ts_irq_thread: Skipping stray interrupt since bus is suspended(power_status: 1)
04-17 13:22:37.663164     0     0 I         : c0    515 dsi_backlight_late_dpms:970: sysfs_notify state:0x2
04-17 13:22:37.666449     0     0 I         : c0    515 [drm:__sde_crtc_early_wakeup_work:6297] sde crtc is not enabled
--------- switch to main
04-17 13:22:37.668007   984  2673 I sensors-hal: [DPInfo]file_contents_parse:176, _status = 0
04-17 13:22:37.668331   984  2673 I sensors-hal: [ssc_utils]get_qmi_debug_flag:243, support_qmi_debug : false
04-17 13:22:37.669912   615   615 D SurfaceFlinger: Finished setting power mode 0 on display 4630946523002478721
04-17 13:22:37.670233  2612  2847 D SurfaceControl: Excessive delay in setPowerMode()
--------- switch to system
04-17 13:22:37.672826  2612  2711 I DreamManagerService: Entering dreamland.
--------- switch to main
04-17 13:22:37.673917   984  1089 I ASH     : @ 43287.351: tcs3701: stop power rail pending_off timer
04-17 13:22:37.673973   984  1089 I ASH     : @ 43287.351: tcs3701: Instance init
--------- switch to kernel
04-17 13:22:37.669658     0     0 I         : c4      1 init: processing action (graphics.display.kernel_idle_timer.enabled=false) from (/vendor/etc/init/hw/init.redfin.rc:23)
--------- switch to main
04-17 13:22:37.674774   984  1089 I ASH     : @ 43287.351: tcs3701: Slow filter size: 255
04-17 13:22:37.674849   984  1089 I ASH     : @ 43287.351: tcs3701: Fast filter size: 10
04-17 13:22:37.674880   984  1089 I ASH     : @ 43287.352: tcs3701: display status: 0
04-17 13:22:37.674896   984  1089 I ASH     : @ 43287.352: tcs3701: display brightness: 112
04-17 13:22:37.674923   984  1089 I ASH     : @ 43287.352: tcs3701: display refresh_rate: 0
04-17 13:22:37.675091   984  1089 I ASH     : @ 43287.352: tcs3701: ALS trigger disabled!!
--------- switch to system
04-17 13:22:37.675748  2612  2711 I PowerManagerService: Dozing...
--------- switch to main
04-17 13:22:37.676234   984  1089 I ASH     : @ 43287.353: tcs3701: PROX trigger disabled!!
--------- switch to system
04-17 13:22:37.677240  2612  2684 I DreamController: Starting dream: name=ComponentInfo{com.android.systemui/com.android.systemui.doze.DozeService}, isTest=false, canDoze=true, userId=0
--------- switch to main
04-17 13:22:37.677351   984  1089 I ASH     : @ 43287.354: tcs3701: PERS: 40
--------- switch to events
04-17 13:22:37.677495  2612  2684 I sysui_multi_action: [757,223,758,1]
--------- switch to main
04-17 13:22:37.678197   984  1089 D ASH     : @ 43287.355: tcs3701: start power rail timer, state:3
04-17 13:22:37.678264   984  1089 I ASH     : @ 43287.355: tcs3701: Instance deinit
04-17 13:22:37.678596   984  6032 I sensors-hal: [ssc_conn]handle_indication:589, qmi indication is coming while connection is being closed
--------- switch to system
04-17 13:22:37.684323  2612  2684 D AutofillManagerService: Close system dialogs
--------- switch to main
04-17 13:22:37.704614  2901  2901 D StatusBar: updateQsExpansionEnabled - QS Expand enabled: false
--------- switch to events
04-17 13:22:37.706828  2612  3478 I wm_set_keyguard_shown: [1,1,0,setKeyguardShown]
--------- switch to main
04-17 13:22:37.720123  2901  2901 D StatusBar: updateQsExpansionEnabled - QS Expand enabled: false
--------- switch to events
04-17 13:22:37.728154  2612  3478 I sysui_multi_action: [757,128,758,2,793,43249790,794,10890,795,43249790,796,26,798,0,806,android,857,DEVELOPER_IMPORTANT,858,4,947,0,1395,2,1500,43249580,1688,1]
04-17 13:22:37.728730  2612  3478 I notification_visibility: [-1|android|26|null|1000,0,43249790,43249790,0,0]
--------- switch to main
04-17 13:22:37.731057  2901  2901 D StatusBar: disable<e i a s b H R c s > disable2<q i n >
04-17 13:22:37.731773  2901  2901 D StatusBar: disable<e i a s b H R c s > disable2<q i n >
04-17 13:22:37.732541  2901  2901 D StatusBar: disable<e i a s b H R c s > disable2<q i n >
04-17 13:22:37.732896  2901  2901 D StatusBar: disable<e i a s b H R c s > disable2<q i n >
04-17 13:22:37.741434  2901  2901 D StatusBar: disable<e i a s b H R c s > disable2<q i n >
04-17 13:22:37.741949  2901  2901 D StatusBar: disable<e i a s b H R c s > disable2<q i n >
04-17 13:22:37.742640  2901  2901 D StatusBar: disable<e i a s b H R c s > disable2<q i n >
04-17 13:22:37.743006  2901  2901 D StatusBar: disable<e i a s b H R c s > disable2<q i n >
04-17 13:22:37.747618  2612  3479 W ServiceManager: Permission failure: android.permission.HIGH_SAMPLING_RATE_SENSORS from uid=10090 pid=2901
04-17 13:22:37.751000   984  1089 D VSC     : @ 43287.428: [Device Pickup Sensor] Request accel, interval 20.0 ms, latency 0.0 ms
04-17 13:22:37.752191   984  1089 D ASH     : @ 43287.429: SensorType 1 resampler quality 0
04-17 13:22:37.752253  2612  4887 W ServiceManager: Permission failure: android.permission.HIGH_SAMPLING_RATE_SENSORS from uid=10090 pid=2901
--------- switch to events
04-17 13:22:37.753571  2612  2711 I sysui_multi_action: [757,1696,758,6,759,1]
--------- switch to main
04-17 13:22:37.753959   984  1089 I VSC     : @ 43287.431: [single-tap-prox-gated] configuring sensor with interval: 1000000, latency: 0
04-17 13:22:37.753994   984  1089 D VSC     : @ 43287.431: [Proximity Gated Single Tap Gesture] Request proximity, interval 100.0 ms, latency 0.0 ms
--------- switch to events
04-17 13:22:37.754081  2612  2612 I sysui_multi_action: [757,198,758,2,759,3,1359,729,1695,2]
04-17 13:22:37.754267  2612  2612 I power_screen_state: [0,3,0,0,729]
04-17 13:22:37.754335  2612  2612 I screen_toggled: 0
04-17 13:22:37.754429  2612  2612 I sysui_multi_action: [757,804,799,screen_timeout,801,60,802,1]
--------- switch to main
04-17 13:22:37.754959   984  1089 D VSC     : @ 43287.431: [Proximity Gated Single Tap Gesture] Request touch_gesture, interval 18446744027136.0 ms, latency 0.0 ms
--------- switch to events
04-17 13:22:37.754980  2612  2612 I sysui_multi_action: [757,1594,758,4,759,-2147483648,1359,11283]
--------- switch to main
