04-17 12:15:26.817719   984  1089 W ASH     : @ 39256.493: touch gesture: no valid gesture detected
04-17 12:15:26.882447   984  1089 W ASH     : @ 39256.557: touch gesture: no valid gesture detected
04-17 12:15:26.946608   984  1089 W ASH     : @ 39256.621: touch gesture: no valid gesture detected
04-17 12:15:27.010963   984  1089 W ASH     : @ 39256.686: touch gesture: no valid gesture detected
04-17 12:15:27.075580   984  1089 W ASH     : @ 39256.750: touch gesture: no valid gesture detected
04-17 12:15:27.138808   984  1089 W ASH     : @ 39256.814: touch gesture: no valid gesture detected
04-17 12:15:27.203758   984  1089 W ASH     : @ 39256.879: touch gesture: no valid gesture detected
04-17 12:15:27.268304   984  1089 W ASH     : @ 39256.943: touch gesture: no valid gesture detected
04-17 12:15:27.332423   984  1089 W ASH     : @ 39257.007: touch gesture: no valid gesture detected
04-17 12:15:27.396866   984  1089 W ASH     : @ 39257.072: touch gesture: no valid gesture detected
04-17 12:15:27.461070   984  1089 W ASH     : @ 39257.136: touch gesture: no valid gesture detected
04-17 12:15:27.523910   984  1089 W ASH     : @ 39257.200: touch gesture: no valid gesture detected
--------- switch to kernel
04-17 12:15:27.518343     0     0 I         : c2   5809 google_charger: usbchg=USB typec=C usbv=5036 usbc=0 usbMv=5000 usbMc=450
04-17 12:15:27.518525     0     0 I         : c2   5809 sm7250_bms: MSC_PCS chg_state=1c2112e01030001 [0x1:1:3:4398:450] chg=u
04-17 12:15:27.518586     0     0 I         : c2   5809 google_battery: MSC_DIN chg_state=1c2112e01030001 f=0x1 chg_s=Not Charging chg_t=None vchg=4398 icl=450
04-17 12:15:27.520562     0     0 I         : c2   5809 google_battery: MSC_DSG vbatt_idx:4->4 vbatt=4398796 ibatt=-5493 fv_uv=4430000 cv_cnt=0 ov_cnt=0
04-17 12:15:27.520625     0     0 I         : c2   5809 google_battery: MSC_VOTE msc_state=2 cv_cnt=0 ov_cnt=0 temp_idx:2, vbatt_idx:4  fv_uv=4430000 cc_max=0 update_interval=-1
04-17 12:15:27.520712     0     0 I         : c2   5809 google_charger: MSC_CHG fv_uv=4430000, cc_max=0, rerun in 2000 ms (0)
--------- switch to main
04-17 12:15:27.588922   984  1089 W ASH     : @ 39257.265: touch gesture: no valid gesture detected
04-17 12:15:27.654580   984  1089 W ASH     : @ 39257.329: touch gesture: no valid gesture detected
04-17 12:15:27.719026   984  1089 W ASH     : @ 39257.393: touch gesture: no valid gesture detected
04-17 12:15:27.782610   984  1089 W ASH     : @ 39257.458: touch gesture: no valid gesture detected
04-17 12:15:27.847342   984  1089 W ASH     : @ 39257.522: touch gesture: no valid gesture detected
04-17 12:15:27.912179   984  1089 W ASH     : @ 39257.587: touch gesture: no valid gesture detected
04-17 12:15:27.976531   984  1089 W ASH     : @ 39257.651: touch gesture: no valid gesture detected
04-17 12:15:28.040818   984  1089 W ASH     : @ 39257.715: touch gesture: no valid gesture detected
04-17 12:15:28.104766   984  1089 W ASH     : @ 39257.780: touch gesture: no valid gesture detected
04-17 12:15:28.169182   984  1089 W ASH     : @ 39257.844: touch gesture: no valid gesture detected
04-17 12:15:28.233414   984  1089 W ASH     : @ 39257.908: touch gesture: no valid gesture detected
04-17 12:15:28.297603   984  1089 W ASH     : @ 39257.973: touch gesture: no valid gesture detected
04-17 12:15:28.362435   984  1089 W ASH     : @ 39258.037: touch gesture: no valid gesture detected
04-17 12:15:28.426770   984  1089 W ASH     : @ 39258.101: touch gesture: no valid gesture detected
04-17 12:15:28.491389   984  1089 W ASH     : @ 39258.166: touch gesture: no valid gesture detected
04-17 12:15:28.555566   984  1089 W ASH     : @ 39258.230: touch gesture: no valid gesture detected
04-17 12:15:28.619703   984  1089 W ASH     : @ 39258.295: touch gesture: no valid gesture detected
04-17 12:15:28.684131   984  1089 W ASH     : @ 39258.359: touch gesture: no valid gesture detected
04-17 12:15:28.749051   984  1089 W ASH     : @ 39258.423: touch gesture: no valid gesture detected
04-17 12:15:28.813358   984  1089 W ASH     : @ 39258.488: touch gesture: no valid gesture detected
04-17 12:15:28.877322   984  1089 W ASH     : @ 39258.552: touch gesture: no valid gesture detected
04-17 12:15:28.942161   984  1089 W ASH     : @ 39258.617: touch gesture: no valid gesture detected
04-17 12:15:29.006013   984  1089 W ASH     : @ 39258.681: touch gesture: no valid gesture detected
04-17 12:15:29.070518   984  1089 W ASH     : @ 39258.745: touch gesture: no valid gesture detected
04-17 12:15:29.134991   984  1089 W ASH     : @ 39258.810: touch gesture: no valid gesture detected
04-17 12:15:29.199665   984  1089 W ASH     : @ 39258.874: touch gesture: no valid gesture detected
04-17 12:15:29.263699   984  1089 W ASH     : @ 39258.938: touch gesture: no valid gesture detected
04-17 12:15:29.327816   984  1089 W ASH     : @ 39259.003: touch gesture: no valid gesture detected
04-17 12:15:29.392213   984  1089 W ASH     : @ 39259.067: touch gesture: no valid gesture detected
04-17 12:15:29.456623   984  1089 W ASH     : @ 39259.131: touch gesture: no valid gesture detected
04-17 12:15:29.520995   984  1089 W ASH     : @ 39259.196: touch gesture: no valid gesture detected
--------- switch to kernel
04-17 12:15:29.529149     0     0 I         : c2   5809 google_charger: usbchg=USB typec=C usbv=5040 usbc=0 usbMv=5000 usbMc=450
04-17 12:15:29.529332     0     0 I         : c2   5809 sm7250_bms: MSC_PCS chg_state=1c2112e01030001 [0x1:1:3:4398:450] chg=u
04-17 12:15:29.529410     0     0 I         : c2   5809 google_battery: MSC_DIN chg_state=1c2112e01030001 f=0x1 chg_s=Not Charging chg_t=None vchg=4398 icl=450
04-17 12:15:29.531161     0     0 I         : c2   5809 google_battery: MSC_DSG vbatt_idx:4->4 vbatt=4398796 ibatt=-5493 fv_uv=4430000 cv_cnt=0 ov_cnt=0
04-17 12:15:29.531227     0     0 I         : c2   5809 google_battery: MSC_VOTE msc_state=2 cv_cnt=0 ov_cnt=0 temp_idx:2, vbatt_idx:4  fv_uv=4430000 cc_max=0 update_interval=-1
04-17 12:15:29.531338     0     0 I         : c2   5809 google_charger: MSC_CHG fv_uv=4430000, cc_max=0, rerun in 2000 ms (0)
--------- switch to main
04-17 12:15:29.585491   984  1089 W ASH     : @ 39259.260: touch gesture: no valid gesture detected
04-17 12:15:29.649939   984  1089 W ASH     : @ 39259.325: touch gesture: no valid gesture detected
04-17 12:15:29.714374   984  1089 W ASH     : @ 39259.389: touch gesture: no valid gesture detected
04-17 12:15:29.778969   984  1089 W ASH     : @ 39259.453: touch gesture: no valid gesture detected
04-17 12:15:29.843064   984  1089 W ASH     : @ 39259.518: touch gesture: no valid gesture detected
04-17 12:15:29.907371   984  1089 W ASH     : @ 39259.582: touch gesture: no valid gesture detected
04-17 12:15:29.971463   984  1089 W ASH     : @ 39259.647: touch gesture: no valid gesture detected
04-17 12:15:30.035944   984  1089 W ASH     : @ 39259.711: touch gesture: no valid gesture detected
04-17 12:15:30.100217   984  1089 W ASH     : @ 39259.775: touch gesture: no valid gesture detected
04-17 12:15:30.164930   984  1089 W ASH     : @ 39259.840: touch gesture: no valid gesture detected
04-17 12:15:30.229282   984  1089 W ASH     : @ 39259.904: touch gesture: no valid gesture detected
04-17 12:15:30.293407   984  1089 W ASH     : @ 39259.969: touch gesture: no valid gesture detected
04-17 12:15:30.358155   984  1089 W ASH     : @ 39260.033: touch gesture: no valid gesture detected
04-17 12:15:30.422420   984  1089 W ASH     : @ 39260.097: touch gesture: no valid gesture detected
04-17 12:15:30.486681   984  1089 W ASH     : @ 39260.162: touch gesture: no valid gesture detected
04-17 12:15:30.550958   984  1089 W ASH     : @ 39260.226: touch gesture: no valid gesture detected
04-17 12:15:30.615320   984  1089 W ASH     : @ 39260.290: touch gesture: no valid gesture detected
04-17 12:15:30.679628   984  1089 W ASH     : @ 39260.355: touch gesture: no valid gesture detected
04-17 12:15:30.744216   984  1089 W ASH     : @ 39260.419: touch gesture: no valid gesture detected
04-17 12:15:30.808779   984  1089 W ASH     : @ 39260.483: touch gesture: no valid gesture detected
04-17 12:15:30.872744   984  1089 W ASH     : @ 39260.548: touch gesture: no valid gesture detected
04-17 12:15:30.936160   984  1089 W ASH     : @ 39260.612: touch gesture: no valid gesture detected
--------- switch to kernel
04-17 12:15:30.937050     0     0 W         : c1    973 healthd: battery l=100 v=4398 t=22.7 h=2 st=5 c=5493 fc=3349000 cc=353 chg=u
--------- switch to main
04-17 12:15:31.001480   984  1089 W ASH     : @ 39260.677: touch gesture: no valid gesture detected
--------- switch to kernel
04-17 12:15:31.003942     0     0 I         : c2   5806 qcom_rpmh DRV:apps_rsc TCS Busy, retrying RPMH message send: addr=0x30000
--------- switch to main
04-17 12:15:31.065876   984  1089 W ASH     : @ 39260.741: touch gesture: no valid gesture detected
04-17 12:15:31.130936   984  1089 W ASH     : @ 39260.805: touch gesture: no valid gesture detected
04-17 12:15:31.194786   984  1089 W ASH     : @ 39260.870: touch gesture: no valid gesture detected
04-17 12:15:31.259377   984  1089 W ASH     : @ 39260.934: touch gesture: no valid gesture detected
04-17 12:15:31.323812   984  1089 W ASH     : @ 39260.998: touch gesture: no valid gesture detected
04-17 12:15:31.388184   984  1089 W ASH     : @ 39261.063: touch gesture: no valid gesture detected
04-17 12:15:31.452568   984  1089 W ASH     : @ 39261.127: touch gesture: no valid gesture detected
04-17 12:15:31.516557   984  1089 W ASH     : @ 39261.192: touch gesture: no valid gesture detected
--------- switch to kernel
04-17 12:15:31.540062     0     0 I         : c2   5809 google_charger: usbchg=USB typec=C usbv=5039 usbc=0 usbMv=5000 usbMc=450
04-17 12:15:31.540271     0     0 I         : c2   5809 sm7250_bms: MSC_PCS chg_state=1c2112e01030001 [0x1:1:3:4398:450] chg=u
04-17 12:15:31.540360     0     0 I         : c2   5809 google_battery: MSC_DIN chg_state=1c2112e01030001 f=0x1 chg_s=Not Charging chg_t=None vchg=4398 icl=450
04-17 12:15:31.542347     0     0 I         : c2   5809 google_battery: MSC_DSG vbatt_idx:4->4 vbatt=4398796 ibatt=-5493 fv_uv=4430000 cv_cnt=0 ov_cnt=0
04-17 12:15:31.542425     0     0 I         : c2   5809 google_battery: MSC_VOTE msc_state=2 cv_cnt=0 ov_cnt=0 temp_idx:2, vbatt_idx:4  fv_uv=4430000 cc_max=0 update_interval=-1
04-17 12:15:31.542538     0     0 I         : c2   5809 google_charger: MSC_CHG fv_uv=4430000, cc_max=0, rerun in 2000 ms (0)
--------- switch to main
04-17 12:15:31.581189   984  1089 W ASH     : @ 39261.256: touch gesture: no valid gesture detected
04-17 12:15:31.645759   984  1089 W ASH     : @ 39261.320: touch gesture: no valid gesture detected
04-17 12:15:31.709918   984  1089 W ASH     : @ 39261.385: touch gesture: no valid gesture detected
04-17 12:15:31.774406   984  1089 W ASH     : @ 39261.449: touch gesture: no valid gesture detected
04-17 12:15:31.838982   984  1089 W ASH     : @ 39261.513: touch gesture: no valid gesture detected
04-17 12:15:31.885719   990  1023 D rlsservice: MonitorDisplayStatus client num 0, display status 0, sensor status 0
04-17 12:15:31.901820   984  1089 W ASH     : @ 39261.578: touch gesture: no valid gesture detected
04-17 12:15:31.967303   984  1089 W ASH     : @ 39261.642: touch gesture: no valid gesture detected
04-17 12:15:32.032224   984  1089 W ASH     : @ 39261.706: touch gesture: no valid gesture detected
04-17 12:15:32.096062   984  1089 W ASH     : @ 39261.771: touch gesture: no valid gesture detected
04-17 12:15:32.160213   984  1089 W ASH     : @ 39261.835: touch gesture: no valid gesture detected
04-17 12:15:32.224765   984  1089 W ASH     : @ 39261.900: touch gesture: no valid gesture detected
04-17 12:15:32.289236   984  1089 W ASH     : @ 39261.964: touch gesture: no valid gesture detected
04-17 12:15:32.353537   984  1089 W ASH     : @ 39262.028: touch gesture: no valid gesture detected
04-17 12:15:32.418039   984  1089 W ASH     : @ 39262.093: touch gesture: no valid gesture detected
04-17 12:15:32.482295   984  1089 W ASH     : @ 39262.157: touch gesture: no valid gesture detected
04-17 12:15:32.546538   984  1089 W ASH     : @ 39262.222: touch gesture: no valid gesture detected
04-17 12:15:32.611112   984  1089 W ASH     : @ 39262.286: touch gesture: no valid gesture detected
04-17 12:15:32.675656   984  1089 W ASH     : @ 39262.350: touch gesture: no valid gesture detected
04-17 12:15:32.739918   984  1089 W ASH     : @ 39262.415: touch gesture: no valid gesture detected
04-17 12:15:32.804520   984  1089 W ASH     : @ 39262.479: touch gesture: no valid gesture detected
04-17 12:15:32.868862   984  1089 W ASH     : @ 39262.544: touch gesture: no valid gesture detected
04-17 12:15:32.932932   984  1089 W ASH     : @ 39262.608: touch gesture: no valid gesture detected
04-17 12:15:32.997108   984  1089 W ASH     : @ 39262.672: touch gesture: no valid gesture detected
04-17 12:15:33.062354   984  1089 W ASH     : @ 39262.737: touch gesture: no valid gesture detected
04-17 12:15:33.125940   984  1089 W ASH     : @ 39262.801: touch gesture: no valid gesture detected
04-17 12:15:33.190575   984  1089 W ASH     : @ 39262.865: touch gesture: no valid gesture detected
04-17 12:15:33.255164   984  1089 W ASH     : @ 39262.930: touch gesture: no valid gesture detected
04-17 12:15:33.319336   984  1089 W ASH     : @ 39262.994: touch gesture: no valid gesture detected
04-17 12:15:33.383708   984  1089 W ASH     : @ 39263.059: touch gesture: no valid gesture detected
04-17 12:15:33.448137   984  1089 W ASH     : @ 39263.123: touch gesture: no valid gesture detected
04-17 12:15:33.512723   984  1089 W ASH     : @ 39263.187: touch gesture: no valid gesture detected
--------- switch to kernel
04-17 12:15:33.549805     0     0 I         : c2   5809 google_charger: usbchg=USB typec=C usbv=5033 usbc=0 usbMv=5000 usbMc=450
04-17 12:15:33.549988     0     0 I         : c2   5809 sm7250_bms: MSC_PCS chg_state=1c2112e01030001 [0x1:1:3:4398:450] chg=u
04-17 12:15:33.550052     0     0 I         : c2   5809 google_battery: MSC_DIN chg_state=1c2112e01030001 f=0x1 chg_s=Not Charging chg_t=None vchg=4398 icl=450
04-17 12:15:33.551628     0     0 I         : c2   5809 google_battery: MSC_DSG vbatt_idx:4->4 vbatt=4398796 ibatt=-3356 fv_uv=4430000 cv_cnt=0 ov_cnt=0
04-17 12:15:33.551685     0     0 I         : c2   5809 google_battery: MSC_VOTE msc_state=2 cv_cnt=0 ov_cnt=0 temp_idx:2, vbatt_idx:4  fv_uv=4430000 cc_max=0 update_interval=-1
04-17 12:15:33.551763     0     0 I         : c2   5809 google_charger: MSC_CHG fv_uv=4430000, cc_max=0, rerun in 2000 ms (0)
--------- switch to main
04-17 12:15:33.577295   984  1089 W ASH     : @ 39263.252: touch gesture: no valid gesture detected
04-17 12:15:33.641369   984  1089 W ASH     : @ 39263.316: touch gesture: no valid gesture detected
04-17 12:15:33.706120   984  1089 W ASH     : @ 39263.381: touch gesture: no valid gesture detected
04-17 12:15:33.770162   984  1089 W ASH     : @ 39263.445: touch gesture: no valid gesture detected
04-17 12:15:33.834569   984  1089 W ASH     : @ 39263.509: touch gesture: no valid gesture detected
04-17 12:15:33.898938   984  1089 W ASH     : @ 39263.574: touch gesture: no valid gesture detected
04-17 12:15:33.963247   984  1089 W ASH     : @ 39263.638: touch gesture: no valid gesture detected
04-17 12:15:34.027503   984  1089 W ASH     : @ 39263.702: touch gesture: no valid gesture detected
04-17 12:15:34.092361   984  1089 W ASH     : @ 39263.767: touch gesture: no valid gesture detected
04-17 12:15:34.156334   984  1089 W ASH     : @ 39263.831: touch gesture: no valid gesture detected
04-17 12:15:34.220721   984  1089 W ASH     : @ 39263.896: touch gesture: no valid gesture detected
04-17 12:15:34.285286   984  1089 W ASH     : @ 39263.960: touch gesture: no valid gesture detected
04-17 12:15:34.349901   984  1089 W ASH     : @ 39264.025: touch gesture: no valid gesture detected
04-17 12:15:34.414049   984  1089 W ASH     : @ 39264.089: touch gesture: no valid gesture detected
04-17 12:15:34.478450   984  1089 W ASH     : @ 39264.153: touch gesture: no valid gesture detected
04-17 12:15:34.543121   984  1089 W ASH     : @ 39264.218: touch gesture: no valid gesture detected
04-17 12:15:34.607006   984  1089 W ASH     : @ 39264.282: touch gesture: no valid gesture detected
04-17 12:15:34.671728   984  1089 W ASH     : @ 39264.347: touch gesture: no valid gesture detected
04-17 12:15:34.735990   984  1089 W ASH     : @ 39264.411: touch gesture: no valid gesture detected
04-17 12:15:34.800399   984  1089 W ASH     : @ 39264.475: touch gesture: no valid gesture detected
04-17 12:15:34.865069   984  1089 W ASH     : @ 39264.540: touch gesture: no valid gesture detected
04-17 12:15:34.927935   984  1089 W ASH     : @ 39264.604: touch gesture: no valid gesture detected
04-17 12:15:34.993619   984  1089 W ASH     : @ 39264.668: touch gesture: no valid gesture detected
04-17 12:15:35.057805   984  1089 W ASH     : @ 39264.733: touch gesture: no valid gesture detected
04-17 12:15:35.122345   984  1089 W ASH     : @ 39264.797: touch gesture: no valid gesture detected
04-17 12:15:35.186560   984  1089 W ASH     : @ 39264.861: touch gesture: no valid gesture detected
04-17 12:15:35.251269   984  1089 W ASH     : @ 39264.926: touch gesture: no valid gesture detected
04-17 12:15:35.315586   984  1089 W ASH     : @ 39264.990: touch gesture: no valid gesture detected
04-17 12:15:35.379802   984  1089 W ASH     : @ 39265.054: touch gesture: no valid gesture detected
04-17 12:15:35.444422   984  1089 W ASH     : @ 39265.119: touch gesture: no valid gesture detected
04-17 12:15:35.508713   984  1089 W ASH     : @ 39265.183: touch gesture: no valid gesture detected
--------- switch to kernel
04-17 12:15:35.559583     0     0 I         : c2   5809 google_charger: usbchg=USB typec=C usbv=5038 usbc=1 usbMv=5000 usbMc=450
04-17 12:15:35.559773     0     0 I         : c2   5809 sm7250_bms: MSC_PCS chg_state=1c2112e01030001 [0x1:1:3:4398:450] chg=u
04-17 12:15:35.559850     0     0 I         : c2   5809 google_battery: MSC_DIN chg_state=1c2112e01030001 f=0x1 chg_s=Not Charging chg_t=None vchg=4398 icl=450
04-17 12:15:35.561301     0     0 I         : c2   5809 google_battery: MSC_DSG vbatt_idx:4->4 vbatt=4398796 ibatt=-3356 fv_uv=4430000 cv_cnt=0 ov_cnt=0
04-17 12:15:35.561361     0     0 I         : c2   5809 google_battery: MSC_VOTE msc_state=2 cv_cnt=0 ov_cnt=0 temp_idx:2, vbatt_idx:4  fv_uv=4430000 cc_max=0 update_interval=-1
04-17 12:15:35.561795     0     0 I         : c2   5809 google_charger: MSC_CHG fv_uv=4430000, cc_max=0, rerun in 2000 ms (0)
--------- switch to main
04-17 12:15:35.571201   984  1089 W ASH     : @ 39265.247: touch gesture: no valid gesture detected
04-17 12:15:35.637127   984  1089 W ASH     : @ 39265.312: touch gesture: no valid gesture detected
04-17 12:15:35.701699   984  1089 W ASH     : @ 39265.376: touch gesture: no valid gesture detected
04-17 12:15:35.765422   984  1089 W ASH     : @ 39265.440: touch gesture: no valid gesture detected
04-17 12:15:35.830337   984  1089 W ASH     : @ 39265.505: touch gesture: no valid gesture detected
04-17 12:15:35.894919   984  1089 W ASH     : @ 39265.570: touch gesture: no valid gesture detected
04-17 12:15:35.959176   984  1089 W ASH     : @ 39265.634: touch gesture: no valid gesture detected
04-17 12:15:36.023658   984  1089 W ASH     : @ 39265.698: touch gesture: no valid gesture detected
04-17 12:15:36.087805   984  1089 W ASH     : @ 39265.763: touch gesture: no valid gesture detected
04-17 12:15:36.152503   984  1089 W ASH     : @ 39265.827: touch gesture: no valid gesture detected
04-17 12:15:36.216427   984  1089 W ASH     : @ 39265.891: touch gesture: no valid gesture detected
04-17 12:15:36.281171   984  1089 W ASH     : @ 39265.956: touch gesture: no valid gesture detected
04-17 12:15:36.345555   984  1089 W ASH     : @ 39266.020: touch gesture: no valid gesture detected
04-17 12:15:36.410046   984  1089 W ASH     : @ 39266.085: touch gesture: no valid gesture detected
04-17 12:15:36.474269   984  1089 W ASH     : @ 39266.149: touch gesture: no valid gesture detected
04-17 12:15:36.538666   984  1089 W ASH     : @ 39266.213: touch gesture: no valid gesture detected
04-17 12:15:36.603107   984  1089 W ASH     : @ 39266.278: touch gesture: no valid gesture detected
--------- switch to kernel
04-17 12:15:36.614922     0     0 I         : c2   5726 qcom_rpmh DRV:apps_rsc TCS Busy, retrying RPMH message send: addr=0x30000
--------- switch to main
04-17 12:15:36.667294   984  1089 W ASH     : @ 39266.342: touch gesture: no valid gesture detected
04-17 12:15:36.731632   984  1089 W ASH     : @ 39266.407: touch gesture: no valid gesture detected
04-17 12:15:36.795931   984  1089 W ASH     : @ 39266.471: touch gesture: no valid gesture detected
04-17 12:15:36.860306   984  1089 W ASH     : @ 39266.535: touch gesture: no valid gesture detected
04-17 12:15:36.925416   984  1089 W ASH     : @ 39266.600: touch gesture: no valid gesture detected
04-17 12:15:36.989564   984  1089 W ASH     : @ 39266.664: touch gesture: no valid gesture detected
04-17 12:15:37.053733   984  1089 W ASH     : @ 39266.728: touch gesture: no valid gesture detected
04-17 12:15:37.118286   984  1089 W ASH     : @ 39266.793: touch gesture: no valid gesture detected
04-17 12:15:37.182965   984  1089 W ASH     : @ 39266.857: touch gesture: no valid gesture detected
04-17 12:15:37.246980   984  1089 W ASH     : @ 39266.922: touch gesture: no valid gesture detected
04-17 12:15:37.311158   984  1089 W ASH     : @ 39266.986: touch gesture: no valid gesture detected
04-17 12:15:37.375379   984  1089 W ASH     : @ 39267.050: touch gesture: no valid gesture detected
04-17 12:15:37.439528   984  1089 W ASH     : @ 39267.115: touch gesture: no valid gesture detected
04-17 12:15:37.504287   984  1089 W ASH     : @ 39267.179: touch gesture: no valid gesture detected
04-17 12:15:37.567769   984  1089 W ASH     : @ 39267.243: touch gesture: no valid gesture detected
--------- switch to kernel
04-17 12:15:37.567874     0     0 I         : c2   5809 google_charger: usbchg=USB typec=C usbv=5033 usbc=0 usbMv=5000 usbMc=450
04-17 12:15:37.568051     0     0 I         : c2   5809 sm7250_bms: MSC_PCS chg_state=1c2112e01030001 [0x1:1:3:4398:450] chg=u
04-17 12:15:37.568298     0     0 I         : c2   5809 google_battery: MSC_DIN chg_state=1c2112e01030001 f=0x1 chg_s=Not Charging chg_t=None vchg=4398 icl=450
04-17 12:15:37.569509     0     0 I         : c2   5809 google_battery: MSC_DSG vbatt_idx:4->4 vbatt=4398796 ibatt=-3356 fv_uv=4430000 cv_cnt=0 ov_cnt=0
04-17 12:15:37.569573     0     0 I         : c2   5809 google_battery: MSC_VOTE msc_state=2 cv_cnt=0 ov_cnt=0 temp_idx:2, vbatt_idx:4  fv_uv=4430000 cc_max=0 update_interval=-1
04-17 12:15:37.569656     0     0 I         : c2   5809 google_charger: MSC_CHG fv_uv=4430000, cc_max=0, rerun in 2000 ms (0)
--------- switch to main
04-17 12:15:37.632972   984  1089 W ASH     : @ 39267.308: touch gesture: no valid gesture detected
04-17 12:15:37.697325   984  1089 W ASH     : @ 39267.372: touch gesture: no valid gesture detected
04-17 12:15:37.761524   984  1089 W ASH     : @ 39267.437: touch gesture: no valid gesture detected
04-17 12:15:37.825909   984  1089 W ASH     : @ 39267.501: touch gesture: no valid gesture detected
04-17 12:15:37.890265   984  1089 W ASH     : @ 39267.565: touch gesture: no valid gesture detected
04-17 12:15:37.954728   984  1089 W ASH     : @ 39267.630: touch gesture: no valid gesture detected
04-17 12:15:38.019130   984  1089 W ASH     : @ 39267.694: touch gesture: no valid gesture detected
04-17 12:15:38.083449   984  1089 W ASH     : @ 39267.758: touch gesture: no valid gesture detected
04-17 12:15:38.147582   984  1089 W ASH     : @ 39267.823: touch gesture: no valid gesture detected
04-17 12:15:38.212091   984  1089 W ASH     : @ 39267.887: touch gesture: no valid gesture detected
04-17 12:15:38.276414   984  1089 W ASH     : @ 39267.951: touch gesture: no valid gesture detected
04-17 12:15:38.340604   984  1089 W ASH     : @ 39268.016: touch gesture: no valid gesture detected
04-17 12:15:38.405463   984  1089 W ASH     : @ 39268.080: touch gesture: no valid gesture detected
04-17 12:15:38.468292   984  1089 W ASH     : @ 39268.144: touch gesture: no valid gesture detected
04-17 12:15:38.534078   984  1089 W ASH     : @ 39268.209: touch gesture: no valid gesture detected
04-17 12:15:38.598498   984  1089 W ASH     : @ 39268.273: touch gesture: no valid gesture detected
04-17 12:15:38.662971   984  1089 W ASH     : @ 39268.338: touch gesture: no valid gesture detected
04-17 12:15:38.727327   984  1089 W ASH     : @ 39268.402: touch gesture: no valid gesture detected
04-17 12:15:38.791367   984  1089 W ASH     : @ 39268.466: touch gesture: no valid gesture detected
04-17 12:15:38.856280   984  1089 W ASH     : @ 39268.531: touch gesture: no valid gesture detected
04-17 12:15:38.920543   984  1089 W ASH     : @ 39268.595: touch gesture: no valid gesture detected
04-17 12:15:38.984881   984  1089 W ASH     : @ 39268.660: touch gesture: no valid gesture detected
04-17 12:15:39.049386   984  1089 W ASH     : @ 39268.724: touch gesture: no valid gesture detected
04-17 12:15:39.113758   984  1089 W ASH     : @ 39268.789: touch gesture: no valid gesture detected
04-17 12:15:39.178317   984  1089 W ASH     : @ 39268.853: touch gesture: no valid gesture detected
04-17 12:15:39.242737   984  1089 W ASH     : @ 39268.917: touch gesture: no valid gesture detected
04-17 12:15:39.307175   984  1089 W ASH     : @ 39268.982: touch gesture: no valid gesture detected
04-17 12:15:39.371150   984  1089 W ASH     : @ 39269.046: touch gesture: no valid gesture detected
04-17 12:15:39.435728   984  1089 W ASH     : @ 39269.111: touch gesture: no valid gesture detected
04-17 12:15:39.499845   984  1089 W ASH     : @ 39269.175: touch gesture: no valid gesture detected
04-17 12:15:39.564429   984  1089 W ASH     : @ 39269.239: touch gesture: no valid gesture detected
--------- switch to kernel
04-17 12:15:39.572926     0     0 I         : c2   5809 google_charger: usbchg=USB typec=C usbv=4976 usbc=145 usbMv=5000 usbMc=450
04-17 12:15:39.573115     0     0 I         : c2   5809 sm7250_bms: MSC_PCS chg_state=1c2112e01030001 [0x1:1:3:4398:450] chg=u
04-17 12:15:39.573174     0     0 I         : c2   5809 google_battery: MSC_DIN chg_state=1c2112e01030001 f=0x1 chg_s=Not Charging chg_t=None vchg=4398 icl=450
04-17 12:15:39.574303     0     0 I         : c2   5809 google_battery: MSC_DSG vbatt_idx:4->4 vbatt=4398796 ibatt=-3356 fv_uv=4430000 cv_cnt=0 ov_cnt=0
04-17 12:15:39.574365     0     0 I         : c2   5809 google_battery: MSC_VOTE msc_state=2 cv_cnt=0 ov_cnt=0 temp_idx:2, vbatt_idx:4  fv_uv=4430000 cc_max=0 update_interval=-1
04-17 12:15:39.574448     0     0 I         : c2   5809 google_charger: MSC_CHG fv_uv=4430000, cc_max=0, rerun in 2000 ms (0)
--------- switch to main
04-17 12:15:39.628780   984  1089 W ASH     : @ 39269.304: touch gesture: no valid gesture detected
04-17 12:15:39.692251   984  1089 W ASH     : @ 39269.368: touch gesture: no valid gesture detected
04-17 12:15:39.757348   984  1089 W ASH     : @ 39269.432: touch gesture: no valid gesture detected
04-17 12:15:39.822188   984  1089 W ASH     : @ 39269.497: touch gesture: no valid gesture detected
04-17 12:15:39.886518   984  1089 W ASH     : @ 39269.561: touch gesture: no valid gesture detected
04-17 12:15:39.950835   984  1089 W ASH     : @ 39269.626: touch gesture: no valid gesture detected
04-17 12:15:40.015427   984  1089 W ASH     : @ 39269.690: touch gesture: no valid gesture detected
04-17 12:15:40.079573   984  1089 W ASH     : @ 39269.754: touch gesture: no valid gesture detected
04-17 12:15:40.143941   984  1089 W ASH     : @ 39269.819: touch gesture: no valid gesture detected
04-17 12:15:40.208365   984  1089 W ASH     : @ 39269.883: touch gesture: no valid gesture detected
04-17 12:15:40.272718   984  1089 W ASH     : @ 39269.948: touch gesture: no valid gesture detected
04-17 12:15:40.337156   984  1089 W ASH     : @ 39270.012: touch gesture: no valid gesture detected
04-17 12:15:40.401514   984  1089 W ASH     : @ 39270.076: touch gesture: no valid gesture detected
04-17 12:15:40.466081   984  1089 W ASH     : @ 39270.141: touch gesture: no valid gesture detected
04-17 12:15:40.530511   984  1089 W ASH     : @ 39270.205: touch gesture: no valid gesture detected
04-17 12:15:40.594960   984  1089 W ASH     : @ 39270.270: touch gesture: no valid gesture detected
04-17 12:15:40.659381   984  1089 W ASH     : @ 39270.334: touch gesture: no valid gesture detected
04-17 12:15:40.723724   984  1089 W ASH     : @ 39270.399: touch gesture: no valid gesture detected
04-17 12:15:40.788128   984  1089 W ASH     : @ 39270.463: touch gesture: no valid gesture detected
04-17 12:15:40.852627   984  1089 W ASH     : @ 39270.528: touch gesture: no valid gesture detected
04-17 12:15:40.917217   984  1089 W ASH     : @ 39270.592: touch gesture: no valid gesture detected
04-17 12:15:40.982238   984  1089 W ASH     : @ 39270.657: touch gesture: no valid gesture detected
04-17 12:15:41.046204   984  1089 W ASH     : @ 39270.721: touch gesture: no valid gesture detected
04-17 12:15:41.110839   984  1089 W ASH     : @ 39270.786: touch gesture: no valid gesture detected
04-17 12:15:41.175180   984  1089 W ASH     : @ 39270.850: touch gesture: no valid gesture detected
04-17 12:15:41.239532   984  1089 W ASH     : @ 39270.914: touch gesture: no valid gesture detected
04-17 12:15:41.303772   984  1089 W ASH     : @ 39270.979: touch gesture: no valid gesture detected
04-17 12:15:41.368081   984  1089 W ASH     : @ 39271.043: touch gesture: no valid gesture detected
04-17 12:15:41.432731   984  1089 W ASH     : @ 39271.108: touch gesture: no valid gesture detected
04-17 12:15:41.497060   984  1089 W ASH     : @ 39271.172: touch gesture: no valid gesture detected
04-17 12:15:41.562213   984  1089 W ASH     : @ 39271.236: touch gesture: no valid gesture detected
--------- switch to kernel
04-17 12:15:41.579408     0     0 I         : c2   5809 google_charger: usbchg=USB typec=C usbv=5048 usbc=0 usbMv=5000 usbMc=450
04-17 12:15:41.579602     0     0 I         : c2   5809 sm7250_bms: MSC_PCS chg_state=1c2112e01030001 [0x1:1:3:4398:450] chg=u
04-17 12:15:41.579667     0     0 I         : c2   5809 google_battery: MSC_DIN chg_state=1c2112e01030001 f=0x1 chg_s=Not Charging chg_t=None vchg=4398 icl=450
04-17 12:15:41.580828     0     0 I         : c2   5809 google_battery: MSC_DSG vbatt_idx:4->4 vbatt=4398796 ibatt=-3356 fv_uv=4430000 cv_cnt=0 ov_cnt=0
04-17 12:15:41.580898     0     0 I         : c2   5809 google_battery: MSC_VOTE msc_state=2 cv_cnt=0 ov_cnt=0 temp_idx:2, vbatt_idx:4  fv_uv=4430000 cc_max=0 update_interval=-1
04-17 12:15:41.580995     0     0 I         : c2   5809 google_charger: MSC_CHG fv_uv=4430000, cc_max=0, rerun in 2000 ms (0)
--------- switch to main
04-17 12:15:41.625977   984  1089 W ASH     : @ 39271.301: touch gesture: no valid gesture detected
04-17 12:15:41.690337   984  1089 W ASH     : @ 39271.365: touch gesture: no valid gesture detected
04-17 12:15:41.754600   984  1089 W ASH     : @ 39271.430: touch gesture: no valid gesture detected
04-17 12:15:41.819094   984  1089 W ASH     : @ 39271.494: touch gesture: no valid gesture detected
04-17 12:15:41.883506   984  1089 W ASH     : @ 39271.558: touch gesture: no valid gesture detected
04-17 12:15:41.947900   984  1089 W ASH     : @ 39271.623: touch gesture: no valid gesture detected
04-17 12:15:42.012335   984  1089 W ASH     : @ 39271.687: touch gesture: no valid gesture detected
04-17 12:15:42.076624   984  1089 W ASH     : @ 39271.752: touch gesture: no valid gesture detected
04-17 12:15:42.141026   984  1089 W ASH     : @ 39271.816: touch gesture: no valid gesture detected
04-17 12:15:42.205572   984  1089 W ASH     : @ 39271.880: touch gesture: no valid gesture detected
04-17 12:15:42.269786   984  1089 W ASH     : @ 39271.945: touch gesture: no valid gesture detected
04-17 12:15:42.334471   984  1089 W ASH     : @ 39272.009: touch gesture: no valid gesture detected
04-17 12:15:42.398680   984  1089 W ASH     : @ 39272.073: touch gesture: no valid gesture detected
04-17 12:15:42.463139   984  1089 W ASH     : @ 39272.138: touch gesture: no valid gesture detected
04-17 12:15:42.527434   984  1089 W ASH     : @ 39272.202: touch gesture: no valid gesture detected
04-17 12:15:42.592062   984  1089 W ASH     : @ 39272.267: touch gesture: no valid gesture detected
04-17 12:15:42.656070   984  1089 W ASH     : @ 39272.331: touch gesture: no valid gesture detected
04-17 12:15:42.720445   984  1089 W ASH     : @ 39272.395: touch gesture: no valid gesture detected
04-17 12:15:42.784618   984  1089 W ASH     : @ 39272.460: touch gesture: no valid gesture detected
04-17 12:15:42.849069   984  1089 W ASH     : @ 39272.524: touch gesture: no valid gesture detected
04-17 12:15:42.913555   984  1089 W ASH     : @ 39272.588: touch gesture: no valid gesture detected
04-17 12:15:42.977765   984  1089 W ASH     : @ 39272.653: touch gesture: no valid gesture detected
04-17 12:15:43.042332   984  1089 W ASH     : @ 39272.717: touch gesture: no valid gesture detected
04-17 12:15:43.106721   984  1089 W ASH     : @ 39272.782: touch gesture: no valid gesture detected
04-17 12:15:43.169286   984  1089 W ASH     : @ 39272.846: touch gesture: no valid gesture detected
04-17 12:15:43.235500   984  1089 W ASH     : @ 39272.910: touch gesture: no valid gesture detected
04-17 12:15:43.299856   984  1089 W ASH     : @ 39272.975: touch gesture: no valid gesture detected
04-17 12:15:43.364437   984  1089 W ASH     : @ 39273.039: touch gesture: no valid gesture detected
04-17 12:15:43.428780   984  1089 W ASH     : @ 39273.103: touch gesture: no valid gesture detected
04-17 12:15:43.492744   984  1089 W ASH     : @ 39273.168: touch gesture: no valid gesture detected
04-17 12:15:43.557091   984  1089 W ASH     : @ 39273.232: touch gesture: no valid gesture detected
--------- switch to kernel
04-17 12:15:43.590211     0     0 I         : c2   5809 google_charger: usbchg=USB typec=C usbv=5033 usbc=0 usbMv=5000 usbMc=450
04-17 12:15:43.590406     0     0 I         : c2   5809 sm7250_bms: MSC_PCS chg_state=1c2112e01030001 [0x1:1:3:4398:450] chg=u
04-17 12:15:43.590485     0     0 I         : c2   5809 google_battery: MSC_DIN chg_state=1c2112e01030001 f=0x1 chg_s=Not Charging chg_t=None vchg=4398 icl=450
04-17 12:15:43.592853     0     0 I         : c2   5809 google_battery: MSC_DSG vbatt_idx:4->4 vbatt=4398796 ibatt=-3356 fv_uv=4430000 cv_cnt=0 ov_cnt=0
04-17 12:15:43.592917     0     0 I         : c2   5809 google_battery: MSC_VOTE msc_state=2 cv_cnt=0 ov_cnt=0 temp_idx:2, vbatt_idx:4  fv_uv=4430000 cc_max=0 update_interval=-1
04-17 12:15:43.593017     0     0 I         : c2   5809 google_charger: MSC_CHG fv_uv=4430000, cc_max=0, rerun in 2000 ms (0)
--------- switch to main
04-17 12:15:43.621529   984  1089 W ASH     : @ 39273.296: touch gesture: no valid gesture detected
04-17 12:15:43.685967   984  1089 W ASH     : @ 39273.361: touch gesture: no valid gesture detected
04-17 12:15:43.750042   984  1089 W ASH     : @ 39273.425: touch gesture: no valid gesture detected
04-17 12:15:43.814403   984  1089 W ASH     : @ 39273.489: touch gesture: no valid gesture detected
04-17 12:15:43.878949   984  1089 W ASH     : @ 39273.554: touch gesture: no valid gesture detected
04-17 12:15:43.943836   984  1089 W ASH     : @ 39273.618: touch gesture: no valid gesture detected
04-17 12:15:44.008300   984  1089 W ASH     : @ 39273.683: touch gesture: no valid gesture detected
04-17 12:15:44.072200   984  1089 W ASH     : @ 39273.747: touch gesture: no valid gesture detected
04-17 12:15:44.136604   984  1089 W ASH     : @ 39273.811: touch gesture: no valid gesture detected
04-17 12:15:44.200755   984  1089 W ASH     : @ 39273.876: touch gesture: no valid gesture detected
04-17 12:15:44.265562   984  1089 W ASH     : @ 39273.940: touch gesture: no valid gesture detected
04-17 12:15:44.329442   984  1089 W ASH     : @ 39274.004: touch gesture: no valid gesture detected
04-17 12:15:44.394076   984  1089 W ASH     : @ 39274.069: touch gesture: no valid gesture detected
04-17 12:15:44.458031   984  1089 W ASH     : @ 39274.133: touch gesture: no valid gesture detected
04-17 12:15:44.522447   984  1089 W ASH     : @ 39274.197: touch gesture: no valid gesture detected
04-17 12:15:44.586961   984  1089 W ASH     : @ 39274.262: touch gesture: no valid gesture detected
04-17 12:15:44.652048   984  1089 W ASH     : @ 39274.326: touch gesture: no valid gesture detected
04-17 12:15:44.716175   984  1089 W ASH     : @ 39274.391: touch gesture: no valid gesture detected
04-17 12:15:44.779965   984  1089 W ASH     : @ 39274.455: touch gesture: no valid gesture detected
04-17 12:15:44.844531   984  1089 W ASH     : @ 39274.519: touch gesture: no valid gesture detected
04-17 12:15:44.908898   984  1089 W ASH     : @ 39274.584: touch gesture: no valid gesture detected
04-17 12:15:44.973346   984  1089 W ASH     : @ 39274.648: touch gesture: no valid gesture detected
04-17 12:15:45.037996   984  1089 W ASH     : @ 39274.713: touch gesture: no valid gesture detected
04-17 12:15:45.102243   984  1089 W ASH     : @ 39274.777: touch gesture: no valid gesture detected
04-17 12:15:45.166349   984  1089 W ASH     : @ 39274.841: touch gesture: no valid gesture detected
04-17 12:15:45.230770   984  1089 W ASH     : @ 39274.906: touch gesture: no valid gesture detected
04-17 12:15:45.295136   984  1089 W ASH     : @ 39274.970: touch gesture: no valid gesture detected
04-17 12:15:45.359533   984  1089 W ASH     : @ 39275.034: touch gesture: no valid gesture detected
04-17 12:15:45.423665   984  1089 W ASH     : @ 39275.099: touch gesture: no valid gesture detected
04-17 12:15:45.488514   984  1089 W ASH     : @ 39275.163: touch gesture: no valid gesture detected
04-17 12:15:45.552605   984  1089 W ASH     : @ 39275.228: touch gesture: no valid gesture detected
--------- switch to kernel
04-17 12:15:45.601608     0     0 I         : c2   5809 google_charger: usbchg=USB typec=C usbv=5029 usbc=0 usbMv=5000 usbMc=450
04-17 12:15:45.601787     0     0 I         : c2   5809 sm7250_bms: MSC_PCS chg_state=1c2112e01030001 [0x1:1:3:4398:450] chg=u
04-17 12:15:45.601857     0     0 I         : c2   5809 google_battery: MSC_DIN chg_state=1c2112e01030001 f=0x1 chg_s=Not Charging chg_t=None vchg=4398 icl=450
04-17 12:15:45.603427     0     0 I         : c2   5809 google_battery: MSC_DSG vbatt_idx:4->4 vbatt=4398796 ibatt=-3356 fv_uv=4430000 cv_cnt=0 ov_cnt=0
04-17 12:15:45.603487     0     0 I         : c2   5809 google_battery: MSC_VOTE msc_state=2 cv_cnt=0 ov_cnt=0 temp_idx:2, vbatt_idx:4  fv_uv=4430000 cc_max=0 update_interval=-1
04-17 12:15:45.603578     0     0 I         : c2   5809 google_charger: MSC_CHG fv_uv=4430000, cc_max=0, rerun in 2000 ms (0)
--------- switch to main
04-17 12:15:45.615568   984  1089 W ASH     : @ 39275.292: touch gesture: no valid gesture detected
04-17 12:15:45.681486   984  1089 W ASH     : @ 39275.356: touch gesture: no valid gesture detected
04-17 12:15:45.745830   984  1089 W ASH     : @ 39275.421: touch gesture: no valid gesture detected
04-17 12:15:45.810266   984  1089 W ASH     : @ 39275.485: touch gesture: no valid gesture detected
04-17 12:15:45.874782   984  1089 W ASH     : @ 39275.550: touch gesture: no valid gesture detected
04-17 12:15:45.939312   984  1089 W ASH     : @ 39275.614: touch gesture: no valid gesture detected
04-17 12:15:46.003972   984  1089 W ASH     : @ 39275.679: touch gesture: no valid gesture detected
04-17 12:15:46.067971   984  1089 W ASH     : @ 39275.743: touch gesture: no valid gesture detected
04-17 12:15:46.132570   984  1089 W ASH     : @ 39275.808: touch gesture: no valid gesture detected
04-17 12:15:46.197156   984  1089 W ASH     : @ 39275.872: touch gesture: no valid gesture detected
04-17 12:15:46.261779   984  1089 W ASH     : @ 39275.937: touch gesture: no valid gesture detected
04-17 12:15:46.326307   984  1089 W ASH     : @ 39276.001: touch gesture: no valid gesture detected
04-17 12:15:46.390745   984  1089 W ASH     : @ 39276.066: touch gesture: no valid gesture detected
04-17 12:15:46.455525   984  1089 W ASH     : @ 39276.130: touch gesture: no valid gesture detected
04-17 12:15:46.519916   984  1089 W ASH     : @ 39276.195: touch gesture: no valid gesture detected
04-17 12:15:46.582444   984  1089 W ASH     : @ 39276.259: touch gesture: no valid gesture detected
04-17 12:15:46.648711   984  1089 W ASH     : @ 39276.324: touch gesture: no valid gesture detected
04-17 12:15:46.712195   984  1089 W ASH     : @ 39276.388: touch gesture: no valid gesture detected
04-17 12:15:46.777625   984  1089 W ASH     : @ 39276.452: touch gesture: no valid gesture detected
04-17 12:15:46.842179   984  1089 W ASH     : @ 39276.517: touch gesture: no valid gesture detected
04-17 12:15:46.906756   984  1089 W ASH     : @ 39276.581: touch gesture: no valid gesture detected
04-17 12:15:46.971140   984  1089 W ASH     : @ 39276.646: touch gesture: no valid gesture detected
04-17 12:15:47.035764   984  1089 W ASH     : @ 39276.710: touch gesture: no valid gesture detected
04-17 12:15:47.099849   984  1089 W ASH     : @ 39276.775: touch gesture: no valid gesture detected
04-17 12:15:47.164327   984  1089 W ASH     : @ 39276.839: touch gesture: no valid gesture detected
04-17 12:15:47.229131   984  1089 W ASH     : @ 39276.904: touch gesture: no valid gesture detected
04-17 12:15:47.293234   984  1089 W ASH     : @ 39276.968: touch gesture: no valid gesture detected
04-17 12:15:47.357952   984  1089 W ASH     : @ 39277.033: touch gesture: no valid gesture detected
04-17 12:15:47.422253   984  1089 W ASH     : @ 39277.097: touch gesture: no valid gesture detected
04-17 12:15:47.486773   984  1089 W ASH     : @ 39277.162: touch gesture: no valid gesture detected
04-17 12:15:47.551230   984  1089 W ASH     : @ 39277.226: touch gesture: no valid gesture detected
04-17 12:15:47.613892   984  1089 W ASH     : @ 39277.290: touch gesture: no valid gesture detected
--------- switch to kernel
04-17 12:15:47.611100     0     0 I         : c2   5809 google_charger: usbchg=USB typec=C usbv=5033 usbc=15 usbMv=5000 usbMc=450
04-17 12:15:47.611264     0     0 I         : c2   5809 sm7250_bms: MSC_PCS chg_state=1c2112e01030001 [0x1:1:3:4398:450] chg=u
04-17 12:15:47.611329     0     0 I         : c2   5809 google_battery: MSC_DIN chg_state=1c2112e01030001 f=0x1 chg_s=Not Charging chg_t=None vchg=4398 icl=450
04-17 12:15:47.612889     0     0 I         : c2   5809 google_battery: MSC_DSG vbatt_idx:4->4 vbatt=4398796 ibatt=-3356 fv_uv=4430000 cv_cnt=0 ov_cnt=0
04-17 12:15:47.612947     0     0 I         : c2   5809 google_battery: MSC_VOTE msc_state=2 cv_cnt=0 ov_cnt=0 temp_idx:2, vbatt_idx:4  fv_uv=4430000 cc_max=0 update_interval=-1
04-17 12:15:47.613032     0     0 I         : c2   5809 google_charger: MSC_CHG fv_uv=4430000, cc_max=0, rerun in 2000 ms (0)
--------- switch to main
04-17 12:15:47.680527   984  1089 W ASH     : @ 39277.355: touch gesture: no valid gesture detected
04-17 12:15:47.745025   984  1089 W ASH     : @ 39277.419: touch gesture: no valid gesture detected
04-17 12:15:47.808870   984  1089 W ASH     : @ 39277.483: touch gesture: no valid gesture detected
04-17 12:15:47.873564   984  1089 W ASH     : @ 39277.548: touch gesture: no valid gesture detected
04-17 12:15:47.937652   984  1089 W ASH     : @ 39277.613: touch gesture: no valid gesture detected
04-17 12:15:48.001525   984  1089 W ASH     : @ 39277.676: touch gesture: no valid gesture detected
04-17 12:15:48.066600   984  1089 W ASH     : @ 39277.741: touch gesture: no valid gesture detected
04-17 12:15:48.130695   984  1089 W ASH     : @ 39277.806: touch gesture: no valid gesture detected
04-17 12:15:48.195095   984  1089 W ASH     : @ 39277.870: touch gesture: no valid gesture detected
04-17 12:15:48.259765   984  1089 W ASH     : @ 39277.934: touch gesture: no valid gesture detected
04-17 12:15:48.324054   984  1089 W ASH     : @ 39277.999: touch gesture: no valid gesture detected
04-17 12:15:48.388346   984  1089 W ASH     : @ 39278.063: touch gesture: no valid gesture detected
04-17 12:15:48.452721   984  1089 W ASH     : @ 39278.128: touch gesture: no valid gesture detected
04-17 12:15:48.517335   984  1089 W ASH     : @ 39278.192: touch gesture: no valid gesture detected
04-17 12:15:48.581396   984  1089 W ASH     : @ 39278.256: touch gesture: no valid gesture detected
04-17 12:15:48.645419   984  1089 W ASH     : @ 39278.321: touch gesture: no valid gesture detected
04-17 12:15:48.708898   984  1089 W ASH     : @ 39278.385: touch gesture: no valid gesture detected
04-17 12:15:48.774520   984  1089 W ASH     : @ 39278.449: touch gesture: no valid gesture detected
04-17 12:15:48.839095   984  1089 W ASH     : @ 39278.514: touch gesture: no valid gesture detected
04-17 12:15:48.903580   984  1089 W ASH     : @ 39278.578: touch gesture: no valid gesture detected
04-17 12:15:48.967513   984  1089 W ASH     : @ 39278.643: touch gesture: no valid gesture detected
04-17 12:15:49.031795   984  1089 W ASH     : @ 39278.707: touch gesture: no valid gesture detected
04-17 12:15:49.096500   984  1089 W ASH     : @ 39278.771: touch gesture: no valid gesture detected
04-17 12:15:49.160946   984  1089 W ASH     : @ 39278.836: touch gesture: no valid gesture detected
04-17 12:15:49.225499   984  1089 W ASH     : @ 39278.900: touch gesture: no valid gesture detected
04-17 12:15:49.289790   984  1089 W ASH     : @ 39278.965: touch gesture: no valid gesture detected
04-17 12:15:49.354319   984  1089 W ASH     : @ 39279.029: touch gesture: no valid gesture detected
04-17 12:15:49.418788   984  1089 W ASH     : @ 39279.093: touch gesture: no valid gesture detected
04-17 12:15:49.483178   984  1089 W ASH     : @ 39279.158: touch gesture: no valid gesture detected
04-17 12:15:49.547644   984  1089 W ASH     : @ 39279.222: touch gesture: no valid gesture detected
04-17 12:15:49.612167   984  1089 W ASH     : @ 39279.287: touch gesture: no valid gesture detected
--------- switch to kernel
04-17 12:15:49.619935     0     0 I         : c2   5809 google_charger: usbchg=USB typec=C usbv=5037 usbc=0 usbMv=5000 usbMc=450
04-17 12:15:49.620128     0     0 I         : c2   5809 sm7250_bms: MSC_PCS chg_state=1c2112e01030001 [0x1:1:3:4398:450] chg=u
04-17 12:15:49.620208     0     0 I         : c2   5809 google_battery: MSC_DIN chg_state=1c2112e01030001 f=0x1 chg_s=Not Charging chg_t=None vchg=4398 icl=450
04-17 12:15:49.621823     0     0 I         : c2   5809 google_battery: MSC_DSG vbatt_idx:4->4 vbatt=4398796 ibatt=-5187 fv_uv=4430000 cv_cnt=0 ov_cnt=0
04-17 12:15:49.621886     0     0 I         : c2   5809 google_battery: MSC_VOTE msc_state=2 cv_cnt=0 ov_cnt=0 temp_idx:2, vbatt_idx:4  fv_uv=4430000 cc_max=0 update_interval=-1
04-17 12:15:49.622001     0     0 I         : c2   5809 google_charger: MSC_CHG fv_uv=4430000, cc_max=0, rerun in 2000 ms (0)
--------- switch to main
04-17 12:15:49.676724   984  1089 W ASH     : @ 39279.351: touch gesture: no valid gesture detected
04-17 12:15:49.740664   984  1089 W ASH     : @ 39279.416: touch gesture: no valid gesture detected
04-17 12:15:49.805539   984  1089 W ASH     : @ 39279.480: touch gesture: no valid gesture detected
04-17 12:15:49.869487   984  1089 W ASH     : @ 39279.544: touch gesture: no valid gesture detected
04-17 12:15:49.934087   984  1089 W ASH     : @ 39279.609: touch gesture: no valid gesture detected
04-17 12:15:49.998428   984  1089 W ASH     : @ 39279.673: touch gesture: no valid gesture detected
04-17 12:15:50.063140   984  1089 W ASH     : @ 39279.738: touch gesture: no valid gesture detected
04-17 12:15:50.126265   984  1089 W ASH     : @ 39279.802: touch gesture: no valid gesture detected
04-17 12:15:50.191825   984  1089 W ASH     : @ 39279.867: touch gesture: no valid gesture detected
04-17 12:15:50.256179   984  1089 W ASH     : @ 39279.931: touch gesture: no valid gesture detected
04-17 12:15:50.320493   984  1089 W ASH     : @ 39279.996: touch gesture: no valid gesture detected
04-17 12:15:50.385008   984  1089 W ASH     : @ 39280.060: touch gesture: no valid gesture detected
04-17 12:15:50.449478   984  1089 W ASH     : @ 39280.124: touch gesture: no valid gesture detected
04-17 12:15:50.513936   984  1089 W ASH     : @ 39280.189: touch gesture: no valid gesture detected
04-17 12:15:50.578731   984  1089 W ASH     : @ 39280.253: touch gesture: no valid gesture detected
04-17 12:15:50.642907   984  1089 W ASH     : @ 39280.318: touch gesture: no valid gesture detected
04-17 12:15:50.707448   984  1089 W ASH     : @ 39280.382: touch gesture: no valid gesture detected
04-17 12:15:50.772187   984  1089 W ASH     : @ 39280.447: touch gesture: no valid gesture detected
04-17 12:15:50.836507   984  1089 W ASH     : @ 39280.511: touch gesture: no valid gesture detected
04-17 12:15:50.901024   984  1089 W ASH     : @ 39280.576: touch gesture: no valid gesture detected
04-17 12:15:50.965772   984  1089 W ASH     : @ 39280.640: touch gesture: no valid gesture detected
04-17 12:15:51.030117   984  1089 W ASH     : @ 39280.705: touch gesture: no valid gesture detected
04-17 12:15:51.094382   984  1089 W ASH     : @ 39280.769: touch gesture: no valid gesture detected
04-17 12:15:51.159105   984  1089 W ASH     : @ 39280.834: touch gesture: no valid gesture detected
04-17 12:15:51.223684   984  1089 W ASH     : @ 39280.899: touch gesture: no valid gesture detected
04-17 12:15:51.287654   984  1089 W ASH     : @ 39280.963: touch gesture: no valid gesture detected
04-17 12:15:51.352500   984  1089 W ASH     : @ 39281.027: touch gesture: no valid gesture detected
