04-17 13:23:38.599130  2608  2608 W android.permission.PermissionManager: Missing ActivityManager; assuming 1000 holds android.permission.SET_PREFERRED_APPLICATIONS
04-17 13:23:38.599367  2608  2608 W android.permission.PermissionManager: Missing ActivityManager; assuming 1000 holds android.permission.SET_PREFERRED_APPLICATIONS
04-17 13:23:38.599598  2608  2608 W android.permission.PermissionManager: Missing ActivityManager; assuming 1000 holds android.permission.SET_PREFERRED_APPLICATIONS
04-17 13:23:38.599825  2608  2608 W android.permission.PermissionManager: Missing ActivityManager; assuming 1000 holds android.permission.SET_PREFERRED_APPLICATIONS
04-17 13:23:38.600061  2608  2608 W android.permission.PermissionManager: Missing ActivityManager; assuming 1000 holds android.permission.SET_PREFERRED_APPLICATIONS
04-17 13:23:38.600359  2608  2608 W android.permission.PermissionManager: Missing ActivityManager; assuming 1000 holds android.permission.SET_PREFERRED_APPLICATIONS
04-17 13:23:38.600762  2608  2608 W android.permission.PermissionManager: Missing ActivityManager; assuming 1000 holds android.permission.SET_PREFERRED_APPLICATIONS
04-17 13:23:38.601004  2608  2608 W android.permission.PermissionManager: Missing ActivityManager; assuming 1000 holds android.permission.SET_PREFERRED_APPLICATIONS
04-17 13:23:38.601285  2608  2608 W android.permission.PermissionManager: Missing ActivityManager; assuming 1000 holds android.permission.SET_PREFERRED_APPLICATIONS
04-17 13:23:38.601710  2608  2608 W android.permission.PermissionManager: Missing ActivityManager; assuming 1000 holds android.permission.SET_PREFERRED_APPLICATIONS
04-17 13:23:38.601955  2608  2608 W android.permission.PermissionManager: Missing ActivityManager; assuming 1000 holds android.permission.SET_PREFERRED_APPLICATIONS
04-17 13:23:38.602179  2608  2608 W android.permission.PermissionManager: Missing ActivityManager; assuming 1000 holds android.permission.SET_PREFERRED_APPLICATIONS
04-17 13:23:38.602426  2608  2608 W android.permission.PermissionManager: Missing ActivityManager; assuming 1000 holds android.permission.SET_PREFERRED_APPLICATIONS
04-17 13:23:38.602747  2608  2608 W android.permission.PermissionManager: Missing ActivityManager; assuming 1000 holds android.permission.SET_PREFERRED_APPLICATIONS
04-17 13:23:38.603185  2608  2608 W android.permission.PermissionManager: Missing ActivityManager; assuming 1000 holds android.permission.SET_PREFERRED_APPLICATIONS
04-17 13:23:38.603449  2608  2608 W android.permission.PermissionManager: Missing ActivityManager; assuming 1000 holds android.permission.SET_PREFERRED_APPLICATIONS
04-17 13:23:38.603745  2608  2608 W android.permission.PermissionManager: Missing ActivityManager; assuming 1000 holds android.permission.SET_PREFERRED_APPLICATIONS
04-17 13:23:38.604195  2608  2608 W android.permission.PermissionManager: Missing ActivityManager; assuming 1000 holds android.permission.SET_PREFERRED_APPLICATIONS
04-17 13:23:38.604442  2608  2608 W android.permission.PermissionManager: Missing ActivityManager; assuming 1000 holds android.permission.SET_PREFERRED_APPLICATIONS
04-17 13:23:38.604691  2608  2608 W android.permission.PermissionManager: Missing ActivityManager; assuming 1000 holds android.permission.SET_PREFERRED_APPLICATIONS
04-17 13:23:38.604911  2608  2608 W android.permission.PermissionManager: Missing ActivityManager; assuming 1000 holds android.permission.SET_PREFERRED_APPLICATIONS
04-17 13:23:38.605144  2608  2608 W android.permission.PermissionManager: Missing ActivityManager; assuming 1000 holds android.permission.SET_PREFERRED_APPLICATIONS
04-17 13:23:38.605368  2608  2608 W android.permission.PermissionManager: Missing ActivityManager; assuming 1000 holds android.permission.SET_PREFERRED_APPLICATIONS
04-17 13:23:38.605642  2608  2608 W android.permission.PermissionManager: Missing ActivityManager; assuming 1000 holds android.permission.SET_PREFERRED_APPLICATIONS
04-17 13:23:38.605919  2608  2608 W android.permission.PermissionManager: Missing ActivityManager; assuming 1000 holds android.permission.SET_PREFERRED_APPLICATIONS
04-17 13:23:38.606302  2608  2608 W android.permission.PermissionManager: Missing ActivityManager; assuming 1000 holds android.permission.SET_PREFERRED_APPLICATIONS
04-17 13:23:38.606565  2608  2608 W android.permission.PermissionManager: Missing ActivityManager; assuming 1000 holds android.permission.SET_PREFERRED_APPLICATIONS
04-17 13:23:38.606849  2608  2608 W android.permission.PermissionManager: Missing ActivityManager; assuming 1000 holds android.permission.SET_PREFERRED_APPLICATIONS
04-17 13:23:38.607290  2608  2608 W android.permission.PermissionManager: Missing ActivityManager; assuming 1000 holds android.permission.SET_PREFERRED_APPLICATIONS
04-17 13:23:38.607569  2608  2608 W android.permission.PermissionManager: Missing ActivityManager; assuming 1000 holds android.permission.SET_PREFERRED_APPLICATIONS
04-17 13:23:38.607829  2608  2608 W android.permission.PermissionManager: Missing ActivityManager; assuming 1000 holds android.permission.SET_PREFERRED_APPLICATIONS
04-17 13:23:38.608052  2608  2608 W android.permission.PermissionManager: Missing ActivityManager; assuming 1000 holds android.permission.SET_PREFERRED_APPLICATIONS
04-17 13:23:38.608303  2608  2608 W android.permission.PermissionManager: Missing ActivityManager; assuming 1000 holds android.permission.SET_PREFERRED_APPLICATIONS
04-17 13:23:38.608571  2608  2608 W android.permission.PermissionManager: Missing ActivityManager; assuming 1000 holds android.permission.SET_PREFERRED_APPLICATIONS
04-17 13:23:38.608824  2608  2608 W android.permission.PermissionManager: Missing ActivityManager; assuming 1000 holds android.permission.SET_PREFERRED_APPLICATIONS
04-17 13:23:38.609053  2608  2608 W android.permission.PermissionManager: Missing ActivityManager; assuming 1000 holds android.permission.SET_PREFERRED_APPLICATIONS
04-17 13:23:38.609265  2608  2608 W android.permission.PermissionManager: Missing ActivityManager; assuming 1000 holds android.permission.SET_PREFERRED_APPLICATIONS
04-17 13:23:38.609502  2608  2608 W android.permission.PermissionManager: Missing ActivityManager; assuming 1000 holds android.permission.SET_PREFERRED_APPLICATIONS
04-17 13:23:38.609817  2608  2608 W android.permission.PermissionManager: Missing ActivityManager; assuming 1000 holds android.permission.SET_PREFERRED_APPLICATIONS
04-17 13:23:38.610047  2608  2608 W android.permission.PermissionManager: Missing ActivityManager; assuming 1000 holds android.permission.SET_PREFERRED_APPLICATIONS
04-17 13:23:38.610276  2608  2608 W android.permission.PermissionManager: Missing ActivityManager; assuming 1000 holds android.permission.SET_PREFERRED_APPLICATIONS
04-17 13:23:38.610548  2608  2608 W android.permission.PermissionManager: Missing ActivityManager; assuming 1000 holds android.permission.SET_PREFERRED_APPLICATIONS
04-17 13:23:38.610785  2608  2608 W android.permission.PermissionManager: Missing ActivityManager; assuming 1000 holds android.permission.SET_PREFERRED_APPLICATIONS
04-17 13:23:38.611061  2608  2608 W android.permission.PermissionManager: Missing ActivityManager; assuming 1000 holds android.permission.SET_PREFERRED_APPLICATIONS
04-17 13:23:38.611341  2608  2608 W android.permission.PermissionManager: Missing ActivityManager; assuming 1000 holds android.permission.SET_PREFERRED_APPLICATIONS
04-17 13:23:38.611575  2608  2608 W android.permission.PermissionManager: Missing ActivityManager; assuming 1000 holds android.permission.SET_PREFERRED_APPLICATIONS
04-17 13:23:38.611857  2608  2608 W android.permission.PermissionManager: Missing ActivityManager; assuming 1000 holds android.permission.SET_PREFERRED_APPLICATIONS
04-17 13:23:38.612236  2608  2608 W android.permission.PermissionManager: Missing ActivityManager; assuming 1000 holds android.permission.SET_PREFERRED_APPLICATIONS
04-17 13:23:38.612565  2608  2608 W android.permission.PermissionManager: Missing ActivityManager; assuming 1000 holds android.permission.SET_PREFERRED_APPLICATIONS
04-17 13:23:38.612785  2608  2608 W android.permission.PermissionManager: Missing ActivityManager; assuming 1000 holds android.permission.SET_PREFERRED_APPLICATIONS
04-17 13:23:38.613020  2608  2608 W android.permission.PermissionManager: Missing ActivityManager; assuming 1000 holds android.permission.SET_PREFERRED_APPLICATIONS
04-17 13:23:38.613251  2608  2608 W android.permission.PermissionManager: Missing ActivityManager; assuming 1000 holds android.permission.SET_PREFERRED_APPLICATIONS
04-17 13:23:38.613491  2608  2608 W android.permission.PermissionManager: Missing ActivityManager; assuming 1000 holds android.permission.SET_PREFERRED_APPLICATIONS
04-17 13:23:38.613770  2608  2608 W android.permission.PermissionManager: Missing ActivityManager; assuming 1000 holds android.permission.SET_PREFERRED_APPLICATIONS
04-17 13:23:38.614030  2608  2608 W android.permission.PermissionManager: Missing ActivityManager; assuming 1000 holds android.permission.SET_PREFERRED_APPLICATIONS
04-17 13:23:38.614324  2608  2608 W android.permission.PermissionManager: Missing ActivityManager; assuming 1000 holds android.permission.SET_PREFERRED_APPLICATIONS
04-17 13:23:38.614776  2608  2608 W android.permission.PermissionManager: Missing ActivityManager; assuming 1000 holds android.permission.SET_PREFERRED_APPLICATIONS
04-17 13:23:38.615030  2608  2608 W android.permission.PermissionManager: Missing ActivityManager; assuming 1000 holds android.permission.SET_PREFERRED_APPLICATIONS
04-17 13:23:38.615268  2608  2608 W android.permission.PermissionManager: Missing ActivityManager; assuming 1000 holds android.permission.SET_PREFERRED_APPLICATIONS
04-17 13:23:38.615540  2608  2608 W android.permission.PermissionManager: Missing ActivityManager; assuming 1000 holds android.permission.SET_PREFERRED_APPLICATIONS
04-17 13:23:38.615803  2608  2608 W android.permission.PermissionManager: Missing ActivityManager; assuming 1000 holds android.permission.SET_PREFERRED_APPLICATIONS
04-17 13:23:38.616034  2608  2608 W android.permission.PermissionManager: Missing ActivityManager; assuming 1000 holds android.permission.SET_PREFERRED_APPLICATIONS
04-17 13:23:38.616248  2608  2608 W android.permission.PermissionManager: Missing ActivityManager; assuming 1000 holds android.permission.SET_PREFERRED_APPLICATIONS
04-17 13:23:38.616469  2608  2608 W android.permission.PermissionManager: Missing ActivityManager; assuming 1000 holds android.permission.SET_PREFERRED_APPLICATIONS
04-17 13:23:38.616693  2608  2608 W android.permission.PermissionManager: Missing ActivityManager; assuming 1000 holds android.permission.SET_PREFERRED_APPLICATIONS
04-17 13:23:38.616949  2608  2608 W android.permission.PermissionManager: Missing ActivityManager; assuming 1000 holds android.permission.SET_PREFERRED_APPLICATIONS
04-17 13:23:38.617199  2608  2608 W android.permission.PermissionManager: Missing ActivityManager; assuming 1000 holds android.permission.SET_PREFERRED_APPLICATIONS
04-17 13:23:38.617483  2608  2608 W android.permission.PermissionManager: Missing ActivityManager; assuming 1000 holds android.permission.SET_PREFERRED_APPLICATIONS
04-17 13:23:38.617782  2608  2608 W android.permission.PermissionManager: Missing ActivityManager; assuming 1000 holds android.permission.SET_PREFERRED_APPLICATIONS
04-17 13:23:38.618161  2608  2608 W android.permission.PermissionManager: Missing ActivityManager; assuming 1000 holds android.permission.SET_PREFERRED_APPLICATIONS
04-17 13:23:38.618418  2608  2608 W android.permission.PermissionManager: Missing ActivityManager; assuming 1000 holds android.permission.SET_PREFERRED_APPLICATIONS
04-17 13:23:38.618637  2608  2608 W android.permission.PermissionManager: Missing ActivityManager; assuming 1000 holds android.permission.SET_PREFERRED_APPLICATIONS
04-17 13:23:38.618855  2608  2608 W android.permission.PermissionManager: Missing ActivityManager; assuming 1000 holds android.permission.SET_PREFERRED_APPLICATIONS
04-17 13:23:38.619151  2608  2608 W android.permission.PermissionManager: Missing ActivityManager; assuming 1000 holds android.permission.SET_PREFERRED_APPLICATIONS
04-17 13:23:38.619567  2608  2608 W android.permission.PermissionManager: Missing ActivityManager; assuming 1000 holds android.permission.SET_PREFERRED_APPLICATIONS
04-17 13:23:38.619812  2608  2608 W android.permission.PermissionManager: Missing ActivityManager; assuming 1000 holds android.permission.SET_PREFERRED_APPLICATIONS
04-17 13:23:38.620089  2608  2608 W android.permission.PermissionManager: Missing ActivityManager; assuming 1000 holds android.permission.SET_PREFERRED_APPLICATIONS
04-17 13:23:38.620354  2608  2608 W android.permission.PermissionManager: Missing ActivityManager; assuming 1000 holds android.permission.SET_PREFERRED_APPLICATIONS
04-17 13:23:38.620655  2608  2608 W android.permission.PermissionManager: Missing ActivityManager; assuming 1000 holds android.permission.SET_PREFERRED_APPLICATIONS
04-17 13:23:38.621057  2608  2608 W android.permission.PermissionManager: Missing ActivityManager; assuming 1000 holds android.permission.SET_PREFERRED_APPLICATIONS
04-17 13:23:38.621312  2608  2608 W android.permission.PermissionManager: Missing ActivityManager; assuming 1000 holds android.permission.SET_PREFERRED_APPLICATIONS
04-17 13:23:38.621559  2608  2608 W android.permission.PermissionManager: Missing ActivityManager; assuming 1000 holds android.permission.SET_PREFERRED_APPLICATIONS
04-17 13:23:38.621836  2608  2608 W android.permission.PermissionManager: Missing ActivityManager; assuming 1000 holds android.permission.SET_PREFERRED_APPLICATIONS
04-17 13:23:38.622133  2608  2608 W android.permission.PermissionManager: Missing ActivityManager; assuming 1000 holds android.permission.SET_PREFERRED_APPLICATIONS
04-17 13:23:38.622514  2608  2608 W android.permission.PermissionManager: Missing ActivityManager; assuming 1000 holds android.permission.SET_PREFERRED_APPLICATIONS
04-17 13:23:38.622793  2608  2608 W android.permission.PermissionManager: Missing ActivityManager; assuming 1000 holds android.permission.SET_PREFERRED_APPLICATIONS
04-17 13:23:38.623098  2608  2608 W android.permission.PermissionManager: Missing ActivityManager; assuming 1000 holds android.permission.SET_PREFERRED_APPLICATIONS
04-17 13:23:38.623335  2608  2608 W android.permission.PermissionManager: Missing ActivityManager; assuming 1000 holds android.permission.SET_PREFERRED_APPLICATIONS
04-17 13:23:38.623599  2608  2608 W android.permission.PermissionManager: Missing ActivityManager; assuming 1000 holds android.permission.SET_PREFERRED_APPLICATIONS
04-17 13:23:38.623842  2608  2608 W android.permission.PermissionManager: Missing ActivityManager; assuming 1000 holds android.permission.SET_PREFERRED_APPLICATIONS
04-17 13:23:38.624161  2608  2608 W android.permission.PermissionManager: Missing ActivityManager; assuming 1000 holds android.permission.SET_PREFERRED_APPLICATIONS
04-17 13:23:38.624526  2608  2608 W android.permission.PermissionManager: Missing ActivityManager; assuming 1000 holds android.permission.SET_PREFERRED_APPLICATIONS
04-17 13:23:38.624784  2608  2608 W android.permission.PermissionManager: Missing ActivityManager; assuming 1000 holds android.permission.SET_PREFERRED_APPLICATIONS
04-17 13:23:38.625074  2608  2608 W android.permission.PermissionManager: Missing ActivityManager; assuming 1000 holds android.permission.SET_PREFERRED_APPLICATIONS
04-17 13:23:38.625322  2608  2608 W android.permission.PermissionManager: Missing ActivityManager; assuming 1000 holds android.permission.SET_PREFERRED_APPLICATIONS
04-17 13:23:38.625580  2608  2608 W android.permission.PermissionManager: Missing ActivityManager; assuming 1000 holds android.permission.SET_PREFERRED_APPLICATIONS
04-17 13:23:38.625887  2608  2608 W android.permission.PermissionManager: Missing ActivityManager; assuming 1000 holds android.permission.SET_PREFERRED_APPLICATIONS
04-17 13:23:38.626304  2608  2608 W android.permission.PermissionManager: Missing ActivityManager; assuming 1000 holds android.permission.SET_PREFERRED_APPLICATIONS
04-17 13:23:38.626640  2608  2608 W android.permission.PermissionManager: Missing ActivityManager; assuming 1000 holds android.permission.SET_PREFERRED_APPLICATIONS
04-17 13:23:38.627041  2608  2608 W android.permission.PermissionManager: Missing ActivityManager; assuming 1000 holds android.permission.SET_PREFERRED_APPLICATIONS
04-17 13:23:38.627282  2608  2608 W android.permission.PermissionManager: Missing ActivityManager; assuming 1000 holds android.permission.SET_PREFERRED_APPLICATIONS
04-17 13:23:38.627528  2608  2608 W android.permission.PermissionManager: Missing ActivityManager; assuming 1000 holds android.permission.SET_PREFERRED_APPLICATIONS
04-17 13:23:38.627739  2608  2608 W android.permission.PermissionManager: Missing ActivityManager; assuming 1000 holds android.permission.SET_PREFERRED_APPLICATIONS
04-17 13:23:38.627983  2608  2608 W android.permission.PermissionManager: Missing ActivityManager; assuming 1000 holds android.permission.SET_PREFERRED_APPLICATIONS
04-17 13:23:38.628209  2608  2608 W android.permission.PermissionManager: Missing ActivityManager; assuming 1000 holds android.permission.SET_PREFERRED_APPLICATIONS
04-17 13:23:38.628430  2608  2608 W android.permission.PermissionManager: Missing ActivityManager; assuming 1000 holds android.permission.SET_PREFERRED_APPLICATIONS
04-17 13:23:38.628680  2608  2608 W android.permission.PermissionManager: Missing ActivityManager; assuming 1000 holds android.permission.SET_PREFERRED_APPLICATIONS
04-17 13:23:38.629001  2608  2608 W android.permission.PermissionManager: Missing ActivityManager; assuming 1000 holds android.permission.SET_PREFERRED_APPLICATIONS
04-17 13:23:38.642866  2608  2608 W PackageSettings: Missing permission state for package: com.android.internal.display.cutout.emulation.noCutout
04-17 13:23:38.642925  2608  2608 W PackageSettings: Missing permission state for package: com.android.cts.priv.ctsshim
04-17 13:23:38.642944  2608  2608 W PackageSettings: Missing permission state for package: com.android.internal.display.cutout.emulation.corner
04-17 13:23:38.642960  2608  2608 W PackageSettings: Missing permission state for package: com.android.internal.display.cutout.emulation.double
04-17 13:23:38.642980  2608  2608 W PackageSettings: Missing permission state for package: com.android.internal.systemui.navbar.gestural_wide_back
04-17 13:23:38.643227  2608  2608 W PackageSettings: Missing permission state for package: com.android.settings.overlay.gd1yq
04-17 13:23:38.643278  2608  2608 W PackageSettings: Missing permission state for package: com.android.htmlviewer
04-17 13:23:38.643338  2608  2608 W PackageSettings: Missing permission state for package: com.android.internal.systemui.onehanded.gestural
04-17 13:23:38.643362  2608  2608 W PackageSettings: Missing permission state for package: com.android.connectivity.resources.overlay
04-17 13:23:38.643391  2608  2608 W PackageSettings: Missing permission state for package: com.android.simappdialog
04-17 13:23:38.643410  2608  2608 W PackageSettings: Missing permission state for package: com.android.connectivity.resources
04-17 13:23:38.643428  2608  2608 W PackageSettings: Missing permission state for package: com.android.internal.display.cutout.emulation.hole
04-17 13:23:38.643444  2608  2608 W PackageSettings: Missing permission state for package: com.android.internal.display.cutout.emulation.tall
04-17 13:23:38.643462  2608  2608 W PackageSettings: Missing permission state for package: com.android.modulemetadata
04-17 13:23:38.643498  2608  2608 W PackageSettings: Missing permission state for package: com.android.internal.systemui.navbar.threebutton
04-17 13:23:38.643608  2608  2608 W PackageSettings: Missing permission state for package: com.android.settings.auto_generated_rro_vendor__
04-17 13:23:38.643633  2608  2608 W PackageSettings: Missing permission state for package: com.android.systemui.auto_generated_rro_vendor__
04-17 13:23:38.643708  2608  2608 W PackageSettings: Missing permission state for package: com.android.internal.systemui.navbar.gestural_extra_wide_back
04-17 13:23:38.643751  2608  2608 W PackageSettings: Missing permission state for package: com.android.dreams.basic
04-17 13:23:38.643791  2608  2608 W PackageSettings: Missing permission state for package: com.android.cellbroadcastreceiver
04-17 13:23:38.643811  2608  2608 W PackageSettings: Missing permission state for package: android.ext.shared
04-17 13:23:38.643834  2608  2608 W PackageSettings: Missing permission state for package: com.google.pixel.redbull.gpuprofiling.vulkanlayer
04-17 13:23:38.643922  2608  2608 W PackageSettings: Missing permission state for package: com.android.wifi.resources
04-17 13:23:38.643941  2608  2608 W PackageSettings: Missing permission state for package: com.android.storagemanager.auto_generated_rro_vendor__
04-17 13:23:38.643958  2608  2608 W PackageSettings: Missing permission state for package: com.android.cameraextensions
04-17 13:23:38.644002  2608  2608 W PackageSettings: Missing permission state for package: com.android.theme.font.notoserifsource
04-17 13:23:38.644047  2608  2608 W PackageSettings: Missing permission state for package: com.android.internal.display.cutout.emulation.waterfall
04-17 13:23:38.644123  2608  2608 W PackageSettings: Missing permission state for package: com.android.providers.partnerbookmarks
04-17 13:23:38.644138  2608  2608 W PackageSettings: Missing permission state for package: com.android.server.telecom.auto_generated_rro_vendor__
04-17 13:23:38.644177  2608  2608 W PackageSettings: Missing permission state for package: com.android.phone.auto_generated_rro_vendor__
04-17 13:23:38.644221  2608  2608 W PackageSettings: Missing permission state for package: com.android.traceur.auto_generated_rro_vendor__
04-17 13:23:38.644240  2608  2608 W PackageSettings: Missing permission state for package: com.android.se.auto_generated_rro_vendor__
04-17 13:23:38.644262  2608  2608 W PackageSettings: Missing permission state for package: com.android.internal.display.cutout.emulation.avoidAppsInCutout
04-17 13:23:38.644279  2608  2608 W PackageSettings: Missing permission state for package: com.android.wifi.resources.pixel
04-17 13:23:38.644315  2608  2608 W PackageSettings: Missing permission state for package: com.android.bookmarkprovider
04-17 13:23:38.644336  2608  2608 W PackageSettings: Missing permission state for package: com.android.emergency.auto_generated_rro_vendor__
04-17 13:23:38.644353  2608  2608 W PackageSettings: Missing permission state for package: com.android.cts.ctsshim
04-17 13:23:38.644371  2608  2608 W PackageSettings: Missing permission state for package: com.android.nfc.auto_generated_rro_vendor__
04-17 13:23:38.644435  2608  2608 W PackageSettings: Missing permission state for package: com.android.internal.systemui.navbar.gestural
04-17 13:23:38.644526  2608  2608 W PackageSettings: Missing permission state for package: com.qualcomm.qti.gpudrivers.lito.api30
04-17 13:23:38.644567  2608  2608 W PackageSettings: Missing permission state for package: com.pjh.jnidemo
04-17 13:23:38.644588  2608  2608 W PackageSettings: Missing permission state for package: com.android.internal.systemui.navbar.gestural_narrow_back
04-17 13:23:38.644606  2608  2608 W PackageSettings: Missing permission state for package: android.auto_generated_rro_vendor__
04-17 13:23:38.644780  2608  2608 W PackageSettings: Missing permission state for shared user: android.uid.log
04-17 13:23:38.644849  2608  2608 W PackageSettings: Missing permission state for shared user: android.uid.uwb
04-17 13:23:38.645446  2608  2608 D PackageManagerTiming: read user settings took to complete: 121ms
--------- switch to events
04-17 13:23:38.658048  2608  2608 I boot_progress_pms_system_scan_start: 16687
--------- switch to system
04-17 13:23:38.660236  2608  2608 D PackageManager: Keeping known cache f91d0a0cc08a68305e4c695f128df901f1ddac22
04-17 13:23:38.660402  2608  2608 W PackageManager: Wiping cache directory because the system partition changed.
--------- switch to kernel
04-17 13:23:38.658957     0     0 I         : c1    946 qcom,eeprom ac4a000.qcom,cci0:qcom,eeprom@1: Dropping the link to regulator.81
04-17 13:23:38.659233     0     0 I         : c1    946 qcom_rpmh DRV:apps_rsc TCS Busy, retrying RPMH message send: addr=0x30010
--------- switch to system
04-17 13:23:38.662576  2608  2608 W android.permission.PermissionManager: Missing ActivityManager; assuming 1000 holds android.permission.WATCH_APPOPS
04-17 13:23:38.663062  2608  2608 W android.permission.PermissionManager: Missing ActivityManager; assuming 1000 holds android.permission.WATCH_APPOPS
--------- switch to main
04-17 13:23:38.664005   946   946 W native  : cpi_type_utils.cc:50 Default CpiType kAllLinear is invalid. CpiType kOisOnlyLinear is chosen for Principal point x instead.
04-17 13:23:38.664213   946   946 W native  : cpi_type_utils.cc:50 Default CpiType kAllLinear is invalid. CpiType kOisOnlyLinear is chosen for Principal point y instead.
04-17 13:23:38.664335   946   946 D CamX    : [DEBUG][CORE   ] camxcpiutils.cpp:60 InitCPILibrary() [CPI] init CPI lib successfully
04-17 13:23:38.664459   946   946 D CamX    : [DEBUG][CORE   ] camxcpiutils.cpp:78 DeinitCPILibrary() [CPI] Destroy Cpi Context
04-17 13:23:38.665436   946   946 W native  : cpi_type_utils.cc:50 Default CpiType kAllLinear is invalid. CpiType kOisOnlyLinear is chosen for Principal point x instead.
04-17 13:23:38.665497   946   946 W native  : cpi_type_utils.cc:50 Default CpiType kAllLinear is invalid. CpiType kOisOnlyLinear is chosen for Principal point y instead.
04-17 13:23:38.665609   946   946 D CamX    : [DEBUG][CORE   ] camxcpiutils.cpp:60 InitCPILibrary() [CPI] init CPI lib successfully
04-17 13:23:38.665661   946   946 D CamX    : [DEBUG][CORE   ] camxcpiutils.cpp:78 DeinitCPILibrary() [CPI] Destroy Cpi Context
04-17 13:23:38.667898   946   946 D CamX    : [DEBUG][UTILS  ] camxthreadcore.cpp:548 StartThreads() Create 6 threads for thread pool SoloThreadManager with RT(0), AF(0), AE(0), AWB(0)
04-17 13:23:38.668914   946   946 D CamX    : [DEBUG][UTILS  ] camxthreadcore.cpp:548 StartThreads() Create 2 threads for thread pool SoloThreadManager with RT(1), AF(0), AE(0), AWB(0)
04-17 13:23:38.669265   946   946 D CamX    : [DEBUG][UTILS  ] camxthreadcore.cpp:548 StartThreads() Create 1 threads for thread pool SoloThreadManager with RT(0), AF(1), AE(0), AWB(0)
04-17 13:23:38.669421   946  2724 D CamX    : [DEBUG][UTILS  ] camxthreadcore.cpp:358 WorkerThreadBody() isDedicatedThread:1 SetTaskProfiles
04-17 13:23:38.669517   946   946 D CamX    : [DEBUG][UTILS  ] camxthreadcore.cpp:548 StartThreads() Create 1 threads for thread pool SoloThreadManager with RT(0), AF(0), AE(1), AWB(0)
04-17 13:23:38.669668   946  2725 D CamX    : [DEBUG][UTILS  ] camxthreadcore.cpp:358 WorkerThreadBody() isDedicatedThread:1 SetTaskProfiles
04-17 13:23:38.669775   946   946 D CamX    : [DEBUG][UTILS  ] camxthreadcore.cpp:548 StartThreads() Create 1 threads for thread pool SoloThreadManager with RT(0), AF(0), AE(0), AWB(1)
04-17 13:23:38.669885   946  2726 D CamX    : [DEBUG][UTILS  ] camxthreadcore.cpp:358 WorkerThreadBody() isDedicatedThread:1 SetTaskProfiles
--------- switch to kernel
04-17 13:23:38.669761     0     0 E         : c6    829 apexd: Can't open /system_ext/apex for reading : No such file or directory
04-17 13:23:38.669781     0     0 E         : c6    829 apexd: Can't open /product/apex for reading : No such file or directory
04-17 13:23:38.669799     0     0 E         : c6    829 apexd: Can't open /vendor/apex for reading : No such file or directory
--------- switch to main
04-17 13:23:38.679136   946   946 E CamX    : [ERROR][META   ] camxhal3metadatautil.cpp:2337 InitializeGoogleMetadataTable() Error! Google Camera HAL vendor tag table is not populated for tag 0x8400000c: com.google.internal.SwDenoiseEnabled. Using the tag's type to infer the size: 1 bytes, count: 1
04-17 13:23:38.681188   946   946 E CamX    : [ERROR][META   ] camxmetadatapool.cpp:1240 SetMetadataByTag() Invalid input 0x7fccf20e60 count 0 pooltype 0 tagName  client camxContext reqId 1 pipeline camxChiContext
04-17 13:23:38.682023   946   946 E CamX    : [ERROR][META   ] camxmetadatapool.cpp:1240 SetMetadataByTag() Invalid input 0x7fccf20e60 count 0 pooltype 0 tagName  client camxContext reqId 1 pipeline camxChiContext
04-17 13:23:38.682115   946   946 E CamX    : [ERROR][META   ] camxmetadatapool.cpp:1240 SetMetadataByTag() Invalid input 0x7fccf22128 count 0 pooltype 0 tagName  client camxContext reqId 1 pipeline camxChiContext
04-17 13:23:38.682138   946   946 E CamX    : [ERROR][META   ] camxmetadatapool.cpp:1240 SetMetadataByTag() Invalid input 0x7fccf21120 count 0 pooltype 0 tagName  client camxContext reqId 1 pipeline camxChiContext
04-17 13:23:38.682957   946   946 E CamX    : [ERROR][META   ] camxmetadatapool.cpp:1240 SetMetadataByTag() Invalid input 0x7fccf20e60 count 0 pooltype 0 tagName  client camxContext reqId 1 pipeline camxChiContext
04-17 13:23:38.683815   946   946 I GCH_CameraVendorModule: RemapCameraIds factory mode is disabled
04-17 13:23:38.683858   946   946 I GCH_CameraVendorModule: RemapCameraIds physical cameras are not visible
04-17 13:23:38.683958   946   946 I GCH_CameraVendorModule: RemapCameraIds Internal ID 3: camera type Rear Logical
04-17 13:23:38.683985   946   946 I GCH_CameraVendorModule: RemapCameraIds Internal ID 1: camera type Front
04-17 13:23:38.684001   946   946 I GCH_CameraVendorModule: RemapCameraIds Internal ID 0: camera type Rear-Wide
04-17 13:23:38.684052   946   946 I GCH_CameraVendorModule: RemapCameraIds Internal ID 2: camera type Rear-UltraWide
04-17 13:23:38.684085   946   946 I GCH_CameraIdManager: PrintCameraIdMapping: Found 4 public camera IDs with 2 visible to the framework.
04-17 13:23:38.684100   946   946 I GCH_CameraIdManager: PrintCameraIdMapping: Public camera ID 0 is visible, and maps to internal camera ID 3
04-17 13:23:38.684113   946   946 I GCH_CameraIdManager: PrintCameraIdMapping: Public camera ID 1 is visible, and maps to internal camera ID 1
04-17 13:23:38.684125   946   946 I GCH_CameraIdManager: PrintCameraIdMapping: Public camera ID 2 is NOT visible, and maps to internal camera ID 0
04-17 13:23:38.684137   946   946 I GCH_CameraIdManager: PrintCameraIdMapping: Public camera ID 3 is NOT visible, and maps to internal camera ID 2
04-17 13:23:38.684149   946   946 I GCH_CameraIdManager: PrintCameraIdMapping: Public camera ID 0 uses physical camera ID 2
04-17 13:23:38.684161   946   946 I GCH_CameraIdManager: PrintCameraIdMapping: Public camera ID 0 uses physical camera ID 3
04-17 13:23:38.685432   946   946 D GCH_CameraVendorModule: PrintCamerasInformation: Enumerated cameras:
04-17 13:23:38.685467   946   946 D GCH_CameraVendorModule: PrintCamerasInformation: -------------------------------------------------
04-17 13:23:38.685493   946   946 D GCH_CameraVendorModule: PrintCamerasInformation: |Public|Internal	 |Physical  |Camera
04-17 13:23:38.685507   946   946 D GCH_CameraVendorModule: PrintCamerasInformation: |ID	 |ID	 |Visible|Public IDs|Type
04-17 13:23:38.685518   946   946 D GCH_CameraVendorModule: PrintCamerasInformation: |------------------------------------------------
04-17 13:23:38.685540   946   946 D GCH_CameraVendorModule: PrintCamerasInformation: |0	 |3	 |YES	 |2, 3      | Rear Logical
04-17 13:23:38.685554   946   946 D GCH_CameraVendorModule: PrintCamerasInformation: |1	 |1	 |YES	 |          | Front
04-17 13:23:38.685591   946   946 D GCH_CameraVendorModule: PrintCamerasInformation: |2	 |0	 |NO	 |          | Rear-Wide
04-17 13:23:38.685608   946   946 D GCH_CameraVendorModule: PrintCamerasInformation: |3	 |2	 |NO	 |          | Rear-UltraWide
04-17 13:23:38.685626   946   946 I GCH_CameraProviderHwlImpl: Create: Created CameraProviderHwlImpl
04-17 13:23:38.688645  2608  2608 D PackageManager: No files in app dir /system_ext/overlay
04-17 13:23:38.691652   946   946 I HidlServiceManagement: Registered android.hardware.camera.provider@2.7::ICameraProvider/internal/0
04-17 13:23:38.691815   946   946 I HidlServiceManagement: Removing namespace from process name android.hardware.camera.provider@2.7-service-google to provider@2.7-service-google.
04-17 13:23:38.692253  1231  1340 I CameraProviderManager: Connecting to new camera provider: internal/0, isRemote? 1
--------- switch to system
04-17 13:23:38.695985  2608  2728 I PackageParsing: Skipping target and overlay pair com.android.settings and /product/overlay/SettingsOverlayG5NZ6.apk: overlay ignored due to required system property: ro.boot.hardware.sku with value: G5NZ6
04-17 13:23:38.697709  2608  2728 I PackageParsing: Skipping target and overlay pair com.android.settings and /product/overlay/SettingsOverlayG5NZ6.apk: overlay ignored due to required system property: ro.boot.hardware.sku with value: G5NZ6
--------- switch to main
04-17 13:23:38.698105  1231  1340 I CameraProviderManager: Enumerating new camera device: device@3.7/internal/0
04-17 13:23:38.698330   946   946 I GCH_CameraDeviceHwlImpl: Create: Created CameraDeviceHwlImpl for camera 0
04-17 13:23:38.698603   946   946 I GCH_CameraDevice: LoadExternalCaptureSession: Loading /vendor/lib64/camera/capture_sessions/lib_multicam_dualfov_capture_session.so
--------- switch to system
04-17 13:23:38.699958  2608  2727 I PackageParsing: Skipping target and overlay pair com.android.settings and /product/overlay/SettingsOverlayGTT9Q.apk: overlay ignored due to required system property: ro.boot.hardware.sku with value: GTT9Q
--------- switch to main
04-17 13:23:38.701402  2608  2608 I PackageBackwardCompatibility: Loaded android.content.pm.AndroidTestBaseUpdater
04-17 13:23:38.701942   946   946 I GCH_CameraDevice: Create: Created a camera device for public(0)
04-17 13:23:38.702981  1231  1340 I CameraProviderManager: Enumerating new camera device: device@3.7/internal/1
--------- switch to system
04-17 13:23:38.702978  2608  2727 I PackageParsing: Skipping target and overlay pair com.android.settings and /product/overlay/SettingsOverlayGTT9Q.apk: overlay ignored due to required system property: ro.boot.hardware.sku with value: GTT9Q
--------- switch to main
04-17 13:23:38.703052   946   946 I GCH_CameraDeviceHwlImpl: Create: Created CameraDeviceHwlImpl for camera 1
04-17 13:23:38.703139   946   946 I GCH_CameraDevice: LoadExternalCaptureSession: Loading /vendor/lib64/camera/capture_sessions/lib_multicam_dualfov_capture_session.so
04-17 13:23:38.703404   946   946 I GCH_CameraDevice: Create: Created a camera device for public(1)
04-17 13:23:38.703707  1231  1340 E CameraProviderManager: addDynamicDepthTags: Advertised depth exclusive tag but value is not present!
04-17 13:23:38.703720  1231  1340 E CameraProviderManager: DeviceInfo3: Failed appending dynamic depth tags: Invalid argument (-22)
04-17 13:23:38.703851  1231  1340 I CameraProviderManager: Camera provider internal/0 ready with 2 camera devices
04-17 13:23:38.703998  1231  1340 I CameraService: onDeviceStatusChanged: Status changed for cameraId=1, newStatus=1
04-17 13:23:38.704039  1231  1340 I CameraService: onDeviceStatusChanged: Unknown camera ID 1, a new camera is added
04-17 13:23:38.704309  1231  1340 I CameraService: onDeviceStatusChanged: Status changed for cameraId=0, newStatus=1
04-17 13:23:38.704326  1231  1340 I CameraService: onDeviceStatusChanged: Unknown camera ID 0, a new camera is added
--------- switch to system
04-17 13:23:38.704598  2608  2608 D CompatibilityChangeReporter: Compat change id reported: 143539591; UID -1; state: ENABLED
04-17 13:23:38.720790  2608  2608 W PackageManager: Failed to parse /product/overlay/SettingsOverlayG5NZ6.apk: /product/overlay/SettingsOverlayG5NZ6.apk (at Binary XML file line #5): Skipping target and overlay pair com.android.settings and /product/overlay/SettingsOverlayG5NZ6.apk: overlay ignored due to required system property: ro.boot.hardware.sku with value: G5NZ6
04-17 13:23:38.725341  2608  2608 W PackageManager: Failed to parse /product/overlay/SettingsOverlayGTT9Q.apk: /product/overlay/SettingsOverlayGTT9Q.apk (at Binary XML file line #5): Skipping target and overlay pair com.android.settings and /product/overlay/SettingsOverlayGTT9Q.apk: overlay ignored due to required system property: ro.boot.hardware.sku with value: GTT9Q
--------- switch to main
04-17 13:23:38.725419  2608  2608 D PackageManager: No files in app dir /oem/overlay
04-17 13:23:38.725477  2608  2608 D PackageManager: No files in app dir /odm/overlay
--------- switch to system
04-17 13:23:38.774479  2608  2608 D CompatibilityChangeReporter: Compat change id reported: 143539591; UID -1; state: DISABLED
04-17 13:23:38.774577  2608  2608 D CompatibilityChangeReporter: Compat change id reported: 168782947; UID -1; state: DISABLED
04-17 13:23:38.779942  2608  2608 D CompatibilityChangeReporter: Compat change id reported: 168782947; UID -1; state: ENABLED
--------- switch to main
04-17 13:23:38.842516   971  1626 W ServiceManager: Waited one second for android.frameworks.stats.IStats/default (is service started? are binder threads started and available?)
04-17 13:23:38.842976   573   573 I BpBinder: onLastStrongRef automatically unlinking death recipients: <uncached descriptor>
04-17 13:23:38.843263   971  1626 I sensor-suez: IStats service online.
04-17 13:23:38.843619   971  1626 I sensor-suez: Vendor atom [id = 100025] reported.
04-17 13:23:38.843684   971  1626 I sensor-suez: Vendor atom [id = 100025] reported.
04-17 13:23:38.843733   971  1626 I sensor-suez: Vendor atom [id = 100025] reported.
04-17 13:23:38.843799   971  1626 I sensor-suez: Vendor atom [id = 100025] reported.
04-17 13:23:38.843856   971  1626 I sensor-suez: Vendor atom [id = 100025] reported.
04-17 13:23:38.843902   971  1626 I sensor-suez: Vendor atom [id = 100025] reported.
04-17 13:23:38.843950   971  1626 I sensor-suez: Vendor atom [id = 100025] reported.
04-17 13:23:38.844034   971  1626 I sensor-suez: Vendor atom [id = 100025] reported.
04-17 13:23:38.844077   971  1626 I sensor-suez: Vendor atom [id = 100025] reported.
04-17 13:23:38.844115   971  1626 I sensor-suez: Vendor atom [id = 100025] reported.
04-17 13:23:38.844153   971  1626 I sensor-suez: Vendor atom [id = 100023] reported.
04-17 13:23:38.844210   971  1626 I sensor-suez: Vendor atom [id = 100023] reported.
04-17 13:23:38.844245   971  1626 I sensor-suez: Vendor atom [id = 100023] reported.
04-17 13:23:38.844279   971  1626 I sensor-suez: Vendor atom [id = 100023] reported.
04-17 13:23:38.844313   971  1626 I sensor-suez: Vendor atom [id = 100023] reported.
04-17 13:23:38.844348   971  1626 I sensor-suez: Vendor atom [id = 100023] reported.
04-17 13:23:38.844393   971  1626 I sensor-suez: Vendor atom [id = 100023] reported.
04-17 13:23:38.844437   971  1626 I sensor-suez: Vendor atom [id = 100023] reported.
04-17 13:23:38.844502   971  1626 I sensor-suez: Vendor atom [id = 100023] reported.
04-17 13:23:38.844538   971  1626 I sensor-suez: Vendor atom [id = 100023] reported.
04-17 13:23:38.844583   971  1626 I sensor-suez: Vendor atom [id = 100023] reported.
04-17 13:23:38.844631   971  1626 I sensor-suez: Vendor atom [id = 100023] reported.
04-17 13:23:38.844676   971  1626 I sensor-suez: Vendor atom [id = 100023] reported.
04-17 13:23:38.844739   971  1626 I sensor-suez: Vendor atom [id = 100023] reported.
04-17 13:23:38.844787   971  1626 I sensor-suez: Vendor atom [id = 100023] reported.
04-17 13:23:38.844835   971  1626 I sensor-suez: Vendor atom [id = 100023] reported.
04-17 13:23:38.844880   971  1626 I sensor-suez: Vendor atom [id = 100023] reported.
04-17 13:23:38.844925   971  1626 I sensor-suez: Vendor atom [id = 100023] reported.
04-17 13:23:38.844969   971  1626 I sensor-suez: Vendor atom [id = 100023] reported.
04-17 13:23:38.845015   971  1626 I sensor-suez: Vendor atom [id = 100023] reported.
04-17 13:23:38.845061   971  1626 I sensor-suez: Vendor atom [id = 100023] reported.
04-17 13:23:38.845107   971  1626 I sensor-suez: Vendor atom [id = 100023] reported.
04-17 13:23:38.845152   971  1626 I sensor-suez: Vendor atom [id = 100023] reported.
04-17 13:23:38.845197   971  1626 I sensor-suez: Vendor atom [id = 100023] reported.
04-17 13:23:38.845244   971  1626 I sensor-suez: Vendor atom [id = 100023] reported.
04-17 13:23:38.845290   971  1626 I sensor-suez: Vendor atom [id = 100023] reported.
04-17 13:23:38.845335   971  1626 I sensor-suez: Vendor atom [id = 100023] reported.
04-17 13:23:38.845379   971  1626 I sensor-suez: Vendor atom [id = 100023] reported.
04-17 13:23:38.845425   971  1626 I sensor-suez: Vendor atom [id = 100023] reported.
04-17 13:23:38.845470   971  1626 I sensor-suez: Vendor atom [id = 100023] reported.
04-17 13:23:38.845515   971  1626 I sensor-suez: Vendor atom [id = 100023] reported.
04-17 13:23:38.845560   971  1626 I sensor-suez: Vendor atom [id = 100023] reported.
04-17 13:23:38.845606   971  1626 I sensor-suez: Vendor atom [id = 100023] reported.
04-17 13:23:38.845651   971  1626 I sensor-suez: Vendor atom [id = 100023] reported.
04-17 13:23:38.882737  2608  2608 D PackageManager: No files in app dir /vendor/priv-app
--------- switch to system
04-17 13:23:38.889694  2608  2608 I PackageManager: /vendor/app/adreno_graphics_driver changed; collecting certs
04-17 13:23:38.892596  2608  2608 I PackageManager: Update system package com.qualcomm.qti.gpudrivers.lito.api30 code path from /vendor/app/com.qualcomm.qti.gpudrivers.lito.api30 to /vendor/app/adreno_graphics_driver; Retain data and using new
04-17 13:23:38.894492  2608  2608 I PackageManager: /vendor/app/com.qualcomm.qti.gpudrivers.lito.api30 changed; collecting certs
04-17 13:23:38.896709  2608  2608 W PackageManager: Failed to scan /vendor/app/com.qualcomm.qti.gpudrivers.lito.api30: Application package com.qualcomm.qti.gpudrivers.lito.api30 already installed.  Skipping duplicate.
--------- switch to main
04-17 13:23:38.903857  2608  2608 D PackageManager: No files in app dir /odm/priv-app
04-17 13:23:38.903952  2608  2608 D PackageManager: No files in app dir /odm/app
04-17 13:23:38.903997  2608  2608 D PackageManager: No files in app dir /oem/app
--------- switch to system
04-17 13:23:38.980659  2608  2608 I ApexManager: Registering com.android.networkstack.tethering as apk-in-apex of com.android.tethering
04-17 13:23:38.983126  2608  2608 I ApexManager: Registering com.android.connectivity.resources as apk-in-apex of com.android.tethering
--------- switch to main
04-17 13:23:38.984242  2608  2608 D PackageManager: No files in app dir /apex/com.android.tethering/app
04-17 13:23:38.984315  2608  2608 D PackageManager: No files in app dir /apex/com.android.ipsec/priv-app
04-17 13:23:38.984358  2608  2608 D PackageManager: No files in app dir /apex/com.android.ipsec/app
--------- switch to system
04-17 13:23:38.986901  2608  2608 I ApexManager: Registering com.android.cts.priv.ctsshim as apk-in-apex of com.android.apex.cts.shim
04-17 13:23:38.990612  2608  2608 I ApexManager: Registering com.android.cts.ctsshim as apk-in-apex of com.android.apex.cts.shim
--------- switch to main
04-17 13:23:38.991734  2608  2608 D PackageManager: No files in app dir /apex/com.android.tzdata/priv-app
04-17 13:23:38.991804  2608  2608 D PackageManager: No files in app dir /apex/com.android.tzdata/app
--------- switch to system
04-17 13:23:38.995282  2608  2608 I ApexManager: Registering com.android.cellbroadcastreceiver.module as apk-in-apex of com.android.cellbroadcast
04-17 13:23:38.997906  2608  2608 I ApexManager: Registering com.android.cellbroadcastservice as apk-in-apex of com.android.cellbroadcast
--------- switch to main
04-17 13:23:38.998984  2608  2608 D PackageManager: No files in app dir /apex/com.android.cellbroadcast/app
04-17 13:23:38.999058  2608  2608 D PackageManager: No files in app dir /apex/com.android.conscrypt/priv-app
04-17 13:23:38.999098  2608  2608 D PackageManager: No files in app dir /apex/com.android.conscrypt/app
04-17 13:23:38.999167  2608  2608 D PackageManager: No files in app dir /apex/com.android.neuralnetworks/priv-app
04-17 13:23:38.999244  2608  2608 D PackageManager: No files in app dir /apex/com.android.neuralnetworks/app
04-17 13:23:38.999295  2608  2608 D PackageManager: No files in app dir /apex/com.android.media/priv-app
04-17 13:23:38.999337  2608  2608 D PackageManager: No files in app dir /apex/com.android.media/app
--------- switch to system
04-17 13:23:39.002522  2608  2608 I ApexManager: Registering com.android.wifi.resources as apk-in-apex of com.android.wifi
04-17 13:23:39.006315  2608  2608 I ApexManager: Registering com.android.hotspot2.osulogin as apk-in-apex of com.android.wifi
--------- switch to main
04-17 13:23:39.007219  2608  2608 D PackageManager: No files in app dir /apex/com.android.appsearch/priv-app
04-17 13:23:39.007287  2608  2608 D PackageManager: No files in app dir /apex/com.android.appsearch/app
--------- switch to system
04-17 13:23:39.010350  2608  2608 I ApexManager: Registering android.ext.services as apk-in-apex of com.android.extservices
--------- switch to main
04-17 13:23:39.011245  2608  2608 D PackageManager: No files in app dir /apex/com.android.extservices/app
04-17 13:23:39.011313  2608  2608 D PackageManager: No files in app dir /apex/com.android.adbd/priv-app
04-17 13:23:39.011359  2608  2608 D PackageManager: No files in app dir /apex/com.android.adbd/app
04-17 13:23:39.011434  2608  2608 D PackageManager: No files in app dir /apex/com.android.resolv/priv-app
04-17 13:23:39.011488  2608  2608 D PackageManager: No files in app dir /apex/com.android.resolv/app
04-17 13:23:39.011532  2608  2608 D PackageManager: No files in app dir /apex/com.android.art/priv-app
04-17 13:23:39.011585  2608  2608 D PackageManager: No files in app dir /apex/com.android.art/app
04-17 13:23:39.011635  2608  2608 D PackageManager: No files in app dir /apex/com.android.media.swcodec/priv-app
04-17 13:23:39.011690  2608  2608 D PackageManager: No files in app dir /apex/com.android.media.swcodec/app
--------- switch to system
04-17 13:23:39.015526  2608  2608 I ApexManager: Registering com.android.permissioncontroller as apk-in-apex of com.android.permission
--------- switch to main
04-17 13:23:39.017240  2608  2608 D PackageManager: No files in app dir /apex/com.android.permission/app
04-17 13:23:39.017314  2608  2608 D PackageManager: No files in app dir /apex/com.android.sdkext/priv-app
04-17 13:23:39.017377  2608  2608 D PackageManager: No files in app dir /apex/com.android.sdkext/app
04-17 13:23:39.017427  2608  2608 D PackageManager: No files in app dir /apex/com.android.scheduling/priv-app
04-17 13:23:39.017463  2608  2608 D PackageManager: No files in app dir /apex/com.android.scheduling/app
04-17 13:23:39.017516  2608  2608 D PackageManager: No files in app dir /apex/com.android.vndk.v31/priv-app
04-17 13:23:39.017558  2608  2608 D PackageManager: No files in app dir /apex/com.android.vndk.v31/app
--------- switch to system
04-17 13:23:39.020931  2608  2608 I ApexManager: Registering com.android.providers.media.module as apk-in-apex of com.android.mediaprovider
--------- switch to main
04-17 13:23:39.021780  2608  2608 D PackageManager: No files in app dir /apex/com.android.mediaprovider/app
04-17 13:23:39.021850  2608  2608 D PackageManager: No files in app dir /apex/com.android.runtime/priv-app
04-17 13:23:39.021908  2608  2608 D PackageManager: No files in app dir /apex/com.android.runtime/app
04-17 13:23:39.021991  2608  2608 D PackageManager: No files in app dir /apex/com.android.os.statsd/priv-app
04-17 13:23:39.022052  2608  2608 D PackageManager: No files in app dir /apex/com.android.os.statsd/app
04-17 13:23:39.022104  2608  2608 D PackageManager: No files in app dir /apex/com.android.i18n/priv-app
04-17 13:23:39.022164  2608  2608 D PackageManager: No files in app dir /apex/com.android.i18n/app
--------- switch to system
04-17 13:23:39.025388  2608  2608 I PackageManager: Finished scanning system apps. Time: 367 ms, packageCount: 135 , timePerPackage: 2 , cached: 159
--------- switch to events
04-17 13:23:39.025422  2608  2608 I boot_progress_pms_data_scan_start: 17054
--------- switch to system
04-17 13:23:39.028296  2608  2608 D CompatibilityChangeReporter: Compat change id reported: 133396946; UID -1; state: DISABLED
04-17 13:23:39.030003  2608  2608 I PackageManager: Finished scanning non-system apps. Time: 5 ms, packageCount: 1 , timePerPackage: 5 , cached: 1
04-17 13:23:39.033249  2608  2608 E PackageManager: updateAllSharedLibrariesLPw failed: Package org.codeaurora.ims requires unavailable shared library ims-ext-common; failing!
--------- switch to events
04-17 13:23:39.039097  2608  2608 I boot_progress_pms_scan_end: 17068
--------- switch to system
04-17 13:23:39.039185  2608  2608 I PackageManager: Time to scan packages: 0.381 seconds
04-17 13:23:39.039252  2608  2608 I PackageManager: Permission ownership changed. Updating all permissions.
04-17 13:23:39.072554  2608  2608 V PackageManager: reconcileAppsData for null u0 0x1 migrateAppData=true
--------- switch to main
04-17 13:23:39.078915  1240  1254 I SELinux : SELinux: Loaded file_contexts
--------- switch to system
04-17 13:23:39.109755  2608  2608 V PackageManager: reconcileAppsData finished 25 packages
04-17 13:23:39.110099  2608  2608 I PackageManagerTiming: write settings
04-17 13:23:39.110358  2608  2737 I SystemServerTimingAsync: InitThreadPoolExec:prepareAppData
04-17 13:23:39.110397  2608  2737 D SystemServerInitThreadPool: Started executing prepareAppData
--------- switch to main
04-17 13:23:39.127416  2608  2608 I SELinux : SELinux: Loaded file_contexts
--------- switch to events
04-17 13:23:39.133913  2608  2608 I commit_sys_config_file: [package-user-0,2]
