04-17 06:05:54.818990   984  1089 W ASH     : @ 17084.496: touch gesture: no valid gesture detected
04-17 06:05:54.883715   984  1089 W ASH     : @ 17084.561: touch gesture: no valid gesture detected
04-17 06:05:54.948369   984  1089 W ASH     : @ 17084.625: touch gesture: no valid gesture detected
04-17 06:05:55.012917   984  1089 W ASH     : @ 17084.690: touch gesture: no valid gesture detected
04-17 06:05:55.077171   984  1089 W ASH     : @ 17084.754: touch gesture: no valid gesture detected
04-17 06:05:55.141679   984  1089 W ASH     : @ 17084.819: touch gesture: no valid gesture detected
04-17 06:05:55.206137   984  1089 W ASH     : @ 17084.883: touch gesture: no valid gesture detected
04-17 06:05:55.269743   984  1089 W ASH     : @ 17084.948: touch gesture: no valid gesture detected
04-17 06:05:55.335313   984  1089 W ASH     : @ 17085.012: touch gesture: no valid gesture detected
04-17 06:05:55.399693   984  1089 W ASH     : @ 17085.077: touch gesture: no valid gesture detected
04-17 06:05:55.464458   984  1089 W ASH     : @ 17085.141: touch gesture: no valid gesture detected
04-17 06:05:55.528811   984  1089 W ASH     : @ 17085.206: touch gesture: no valid gesture detected
04-17 06:05:55.593092   984  1089 W ASH     : @ 17085.270: touch gesture: no valid gesture detected
04-17 06:05:55.657798   984  1089 W ASH     : @ 17085.335: touch gesture: no valid gesture detected
04-17 06:05:55.722020   984  1089 W ASH     : @ 17085.399: touch gesture: no valid gesture detected
04-17 06:05:55.786740   984  1089 W ASH     : @ 17085.464: touch gesture: no valid gesture detected
04-17 06:05:55.851198   984  1089 W ASH     : @ 17085.528: touch gesture: no valid gesture detected
04-17 06:05:55.915844   984  1089 W ASH     : @ 17085.593: touch gesture: no valid gesture detected
04-17 06:05:55.980039   984  1089 W ASH     : @ 17085.657: touch gesture: no valid gesture detected
04-17 06:05:56.044591   984  1089 W ASH     : @ 17085.722: touch gesture: no valid gesture detected
04-17 06:05:56.109260   984  1089 W ASH     : @ 17085.786: touch gesture: no valid gesture detected
04-17 06:05:56.173539   984  1089 W ASH     : @ 17085.851: touch gesture: no valid gesture detected
04-17 06:05:56.238323   984  1089 W ASH     : @ 17085.915: touch gesture: no valid gesture detected
04-17 06:05:56.302554   984  1089 W ASH     : @ 17085.980: touch gesture: no valid gesture detected
04-17 06:05:56.367159   984  1089 W ASH     : @ 17086.044: touch gesture: no valid gesture detected
04-17 06:05:56.431698   984  1089 W ASH     : @ 17086.109: touch gesture: no valid gesture detected
04-17 06:05:56.496399   984  1089 W ASH     : @ 17086.173: touch gesture: no valid gesture detected
04-17 06:05:56.560940   984  1089 W ASH     : @ 17086.238: touch gesture: no valid gesture detected
04-17 06:05:56.625261   984  1089 W ASH     : @ 17086.302: touch gesture: no valid gesture detected
04-17 06:05:56.689733   984  1089 W ASH     : @ 17086.367: touch gesture: no valid gesture detected
04-17 06:05:56.754025   984  1089 W ASH     : @ 17086.431: touch gesture: no valid gesture detected
04-17 06:05:56.818699   984  1089 W ASH     : @ 17086.496: touch gesture: no valid gesture detected
04-17 06:05:56.883280   984  1089 W ASH     : @ 17086.560: touch gesture: no valid gesture detected
04-17 06:05:56.947850   984  1089 W ASH     : @ 17086.625: touch gesture: no valid gesture detected
04-17 06:05:57.012139   984  1089 W ASH     : @ 17086.689: touch gesture: no valid gesture detected
04-17 06:05:57.076522   984  1089 W ASH     : @ 17086.754: touch gesture: no valid gesture detected
04-17 06:05:57.140668   984  1089 W ASH     : @ 17086.818: touch gesture: no valid gesture detected
04-17 06:05:57.205910   984  1089 W ASH     : @ 17086.883: touch gesture: no valid gesture detected
04-17 06:05:57.270538   984  1089 W ASH     : @ 17086.948: touch gesture: no valid gesture detected
04-17 06:05:57.335287   984  1089 W ASH     : @ 17087.012: touch gesture: no valid gesture detected
04-17 06:05:57.399439   984  1089 W ASH     : @ 17087.077: touch gesture: no valid gesture detected
04-17 06:05:57.464224   984  1089 W ASH     : @ 17087.141: touch gesture: no valid gesture detected
04-17 06:05:57.528892   984  1089 W ASH     : @ 17087.206: touch gesture: no valid gesture detected
04-17 06:05:57.593191   984  1089 W ASH     : @ 17087.270: touch gesture: no valid gesture detected
04-17 06:05:57.657763   984  1089 W ASH     : @ 17087.335: touch gesture: no valid gesture detected
04-17 06:05:57.722363   984  1089 W ASH     : @ 17087.399: touch gesture: no valid gesture detected
04-17 06:05:57.787284   984  1089 W ASH     : @ 17087.464: touch gesture: no valid gesture detected
04-17 06:05:57.851793   984  1089 W ASH     : @ 17087.529: touch gesture: no valid gesture detected
04-17 06:05:57.916346   984  1089 W ASH     : @ 17087.593: touch gesture: no valid gesture detected
04-17 06:05:57.981208   984  1089 W ASH     : @ 17087.658: touch gesture: no valid gesture detected
04-17 06:05:58.045379   984  1089 W ASH     : @ 17087.722: touch gesture: no valid gesture detected
04-17 06:05:58.109973   984  1089 W ASH     : @ 17087.787: touch gesture: no valid gesture detected
04-17 06:05:58.174670   984  1089 W ASH     : @ 17087.852: touch gesture: no valid gesture detected
04-17 06:05:58.239023   984  1089 W ASH     : @ 17087.916: touch gesture: no valid gesture detected
04-17 06:05:58.303873   984  1089 W ASH     : @ 17087.981: touch gesture: no valid gesture detected
04-17 06:05:58.368201   984  1089 W ASH     : @ 17088.045: touch gesture: no valid gesture detected
04-17 06:05:58.432816   984  1089 W ASH     : @ 17088.110: touch gesture: no valid gesture detected
04-17 06:05:58.497779   984  1089 W ASH     : @ 17088.175: touch gesture: no valid gesture detected
04-17 06:05:58.562155   984  1089 W ASH     : @ 17088.239: touch gesture: no valid gesture detected
04-17 06:05:58.625610   984  1089 W ASH     : @ 17088.304: touch gesture: no valid gesture detected
04-17 06:05:58.691621   984  1089 W ASH     : @ 17088.368: touch gesture: no valid gesture detected
04-17 06:05:58.756067   984  1089 W ASH     : @ 17088.433: touch gesture: no valid gesture detected
04-17 06:05:58.821064   984  1089 W ASH     : @ 17088.498: touch gesture: no valid gesture detected
04-17 06:05:58.885639   984  1089 W ASH     : @ 17088.562: touch gesture: no valid gesture detected
04-17 06:05:58.949623   984  1089 W ASH     : @ 17088.627: touch gesture: no valid gesture detected
04-17 06:05:59.014059   984  1089 W ASH     : @ 17088.691: touch gesture: no valid gesture detected
04-17 06:05:59.078721   984  1089 W ASH     : @ 17088.756: touch gesture: no valid gesture detected
04-17 06:05:59.143417   984  1089 W ASH     : @ 17088.820: touch gesture: no valid gesture detected
04-17 06:05:59.208073   984  1089 W ASH     : @ 17088.885: touch gesture: no valid gesture detected
04-17 06:05:59.272380   984  1089 W ASH     : @ 17088.950: touch gesture: no valid gesture detected
04-17 06:05:59.336947   984  1089 W ASH     : @ 17089.014: touch gesture: no valid gesture detected
04-17 06:05:59.401719   984  1089 W ASH     : @ 17089.079: touch gesture: no valid gesture detected
04-17 06:05:59.466255   984  1089 W ASH     : @ 17089.143: touch gesture: no valid gesture detected
04-17 06:05:59.530426   984  1089 W ASH     : @ 17089.208: touch gesture: no valid gesture detected
04-17 06:05:59.595096   984  1089 W ASH     : @ 17089.272: touch gesture: no valid gesture detected
04-17 06:05:59.659550   984  1089 W ASH     : @ 17089.337: touch gesture: no valid gesture detected
04-17 06:05:59.724261   984  1089 W ASH     : @ 17089.402: touch gesture: no valid gesture detected
04-17 06:05:59.789155   984  1089 W ASH     : @ 17089.466: touch gesture: no valid gesture detected
04-17 06:05:59.853643   984  1089 W ASH     : @ 17089.531: touch gesture: no valid gesture detected
04-17 06:05:59.918119   984  1089 W ASH     : @ 17089.595: touch gesture: no valid gesture detected
04-17 06:05:59.982663   984  1089 W ASH     : @ 17089.660: touch gesture: no valid gesture detected
04-17 06:06:00.047587   984  1089 W ASH     : @ 17089.724: touch gesture: no valid gesture detected
04-17 06:06:00.112194   984  1089 W ASH     : @ 17089.789: touch gesture: no valid gesture detected
04-17 06:06:00.176553   984  1089 W ASH     : @ 17089.854: touch gesture: no valid gesture detected
04-17 06:06:00.241269   984  1089 W ASH     : @ 17089.918: touch gesture: no valid gesture detected
04-17 06:06:00.305761   984  1089 W ASH     : @ 17089.983: touch gesture: no valid gesture detected
04-17 06:06:00.320412   990  1023 D rlsservice: MonitorDisplayStatus client num 0, display status 0, sensor status 0
04-17 06:06:00.370162   984  1089 W ASH     : @ 17090.047: touch gesture: no valid gesture detected
04-17 06:06:00.434949   984  1089 W ASH     : @ 17090.112: touch gesture: no valid gesture detected
04-17 06:06:00.499717   984  1089 W ASH     : @ 17090.177: touch gesture: no valid gesture detected
04-17 06:06:00.563996   984  1089 W ASH     : @ 17090.241: touch gesture: no valid gesture detected
04-17 06:06:00.628760   984  1089 W ASH     : @ 17090.306: touch gesture: no valid gesture detected
04-17 06:06:00.693250   984  1089 W ASH     : @ 17090.370: touch gesture: no valid gesture detected
04-17 06:06:00.757832   984  1089 W ASH     : @ 17090.435: touch gesture: no valid gesture detected
04-17 06:06:00.822430   984  1089 W ASH     : @ 17090.499: touch gesture: no valid gesture detected
04-17 06:06:00.886862   984  1089 W ASH     : @ 17090.564: touch gesture: no valid gesture detected
04-17 06:06:00.951483   984  1089 W ASH     : @ 17090.629: touch gesture: no valid gesture detected
04-17 06:06:01.015750   984  1089 W ASH     : @ 17090.693: touch gesture: no valid gesture detected
--------- switch to kernel
04-17 06:06:01.053648     0     0 I         : c1   5470 google_charger: usbchg=USB typec=C usbv=5010 usbc=62 usbMv=5000 usbMc=450
04-17 06:06:01.053840     0     0 I         : c1   5470 sm7250_bms: MSC_PCS chg_state=1c2117304010009 [0x9:4:1:4467:450] chg=u
04-17 06:06:01.053920     0     0 I         : c1   5470 google_battery: MSC_DIN chg_state=1c2117304010009 f=0x9 chg_s=Charging chg_t=Taper vchg=4467 icl=450
04-17 06:06:01.055382     0     0 I         : c1   5470 google_battery: MSC_LAST vbatt=4467308 ibatt=-97656 fv_uv=4450000
04-17 06:06:01.055447     0     0 I         : c1   5470 google_battery: MSC_VOTE msc_state=3 cv_cnt=0 ov_cnt=0 temp_idx:2, vbatt_idx:5  fv_uv=4450000 cc_max=120000 update_interval=30000
04-17 06:06:01.055558     0     0 I         : c1   5470 google_charger: MSC_CHG fv_uv=4450000, cc_max=120000, rerun in 30000 ms (0)
--------- switch to main
04-17 06:06:01.080407   984  1089 W ASH     : @ 17090.758: touch gesture: no valid gesture detected
04-17 06:06:01.145021   984  1089 W ASH     : @ 17090.822: touch gesture: no valid gesture detected
04-17 06:06:01.209950   984  1089 W ASH     : @ 17090.887: touch gesture: no valid gesture detected
04-17 06:06:01.274584   984  1089 W ASH     : @ 17090.951: touch gesture: no valid gesture detected
04-17 06:06:01.339184   984  1089 W ASH     : @ 17091.016: touch gesture: no valid gesture detected
04-17 06:06:01.402856   984  1089 W ASH     : @ 17091.081: touch gesture: no valid gesture detected
04-17 06:06:01.468378   984  1089 W ASH     : @ 17091.145: touch gesture: no valid gesture detected
04-17 06:06:01.532670   984  1089 W ASH     : @ 17091.210: touch gesture: no valid gesture detected
04-17 06:06:01.597536   984  1089 W ASH     : @ 17091.274: touch gesture: no valid gesture detected
04-17 06:06:01.661010   984  1089 W ASH     : @ 17091.339: touch gesture: no valid gesture detected
04-17 06:06:01.726417   984  1089 W ASH     : @ 17091.404: touch gesture: no valid gesture detected
04-17 06:06:01.791180   984  1089 W ASH     : @ 17091.468: touch gesture: no valid gesture detected
04-17 06:06:01.855876   984  1089 W ASH     : @ 17091.533: touch gesture: no valid gesture detected
04-17 06:06:01.920624   984  1089 W ASH     : @ 17091.598: touch gesture: no valid gesture detected
04-17 06:06:01.985198   984  1089 W ASH     : @ 17091.662: touch gesture: no valid gesture detected
04-17 06:06:02.049811   984  1089 W ASH     : @ 17091.727: touch gesture: no valid gesture detected
04-17 06:06:02.114610   984  1089 W ASH     : @ 17091.792: touch gesture: no valid gesture detected
04-17 06:06:02.179185   984  1089 W ASH     : @ 17091.856: touch gesture: no valid gesture detected
04-17 06:06:02.244249   984  1089 W ASH     : @ 17091.921: touch gesture: no valid gesture detected
04-17 06:06:02.308410   984  1089 W ASH     : @ 17091.986: touch gesture: no valid gesture detected
04-17 06:06:02.373037   984  1089 W ASH     : @ 17092.050: touch gesture: no valid gesture detected
04-17 06:06:02.437785   984  1089 W ASH     : @ 17092.115: touch gesture: no valid gesture detected
04-17 06:06:02.502400   984  1089 W ASH     : @ 17092.180: touch gesture: no valid gesture detected
04-17 06:06:02.567083   984  1089 W ASH     : @ 17092.244: touch gesture: no valid gesture detected
04-17 06:06:02.631530   984  1089 W ASH     : @ 17092.309: touch gesture: no valid gesture detected
04-17 06:06:02.696240   984  1089 W ASH     : @ 17092.373: touch gesture: no valid gesture detected
04-17 06:06:02.761125   984  1089 W ASH     : @ 17092.438: touch gesture: no valid gesture detected
04-17 06:06:02.825401   984  1089 W ASH     : @ 17092.502: touch gesture: no valid gesture detected
04-17 06:06:02.890191   984  1089 W ASH     : @ 17092.567: touch gesture: no valid gesture detected
04-17 06:06:02.954559   984  1089 W ASH     : @ 17092.632: touch gesture: no valid gesture detected
04-17 06:06:03.019004   984  1089 W ASH     : @ 17092.696: touch gesture: no valid gesture detected
04-17 06:06:03.083544   984  1089 W ASH     : @ 17092.761: touch gesture: no valid gesture detected
04-17 06:06:03.147994   984  1089 W ASH     : @ 17092.825: touch gesture: no valid gesture detected
04-17 06:06:03.212697   984  1089 W ASH     : @ 17092.890: touch gesture: no valid gesture detected
04-17 06:06:03.277360   984  1089 W ASH     : @ 17092.954: touch gesture: no valid gesture detected
04-17 06:06:03.342050   984  1089 W ASH     : @ 17093.019: touch gesture: no valid gesture detected
04-17 06:06:03.406286   984  1089 W ASH     : @ 17093.084: touch gesture: no valid gesture detected
04-17 06:06:03.471180   984  1089 W ASH     : @ 17093.148: touch gesture: no valid gesture detected
04-17 06:06:03.535743   984  1089 W ASH     : @ 17093.213: touch gesture: no valid gesture detected
04-17 06:06:03.600455   984  1089 W ASH     : @ 17093.278: touch gesture: no valid gesture detected
04-17 06:06:03.665200   984  1089 W ASH     : @ 17093.342: touch gesture: no valid gesture detected
04-17 06:06:03.729831   984  1089 W ASH     : @ 17093.407: touch gesture: no valid gesture detected
04-17 06:06:03.794240   984  1089 W ASH     : @ 17093.471: touch gesture: no valid gesture detected
04-17 06:06:03.858857   984  1089 W ASH     : @ 17093.536: touch gesture: no valid gesture detected
04-17 06:06:03.923653   984  1089 W ASH     : @ 17093.601: touch gesture: no valid gesture detected
04-17 06:06:03.988221   984  1089 W ASH     : @ 17093.665: touch gesture: no valid gesture detected
04-17 06:06:04.052983   984  1089 W ASH     : @ 17093.730: touch gesture: no valid gesture detected
04-17 06:06:04.117715   984  1089 W ASH     : @ 17093.795: touch gesture: no valid gesture detected
04-17 06:06:04.182241   984  1089 W ASH     : @ 17093.859: touch gesture: no valid gesture detected
04-17 06:06:04.246732   984  1089 W ASH     : @ 17093.924: touch gesture: no valid gesture detected
04-17 06:06:04.311601   984  1089 W ASH     : @ 17093.989: touch gesture: no valid gesture detected
04-17 06:06:04.375906   984  1089 W ASH     : @ 17094.053: touch gesture: no valid gesture detected
04-17 06:06:04.440361   984  1089 W ASH     : @ 17094.118: touch gesture: no valid gesture detected
04-17 06:06:04.505287   984  1089 W ASH     : @ 17094.183: touch gesture: no valid gesture detected
04-17 06:06:04.569878   984  1089 W ASH     : @ 17094.247: touch gesture: no valid gesture detected
04-17 06:06:04.634603   984  1089 W ASH     : @ 17094.312: touch gesture: no valid gesture detected
04-17 06:06:04.699103   984  1089 W ASH     : @ 17094.376: touch gesture: no valid gesture detected
04-17 06:06:04.763971   984  1089 W ASH     : @ 17094.441: touch gesture: no valid gesture detected
04-17 06:06:04.828047   984  1089 W ASH     : @ 17094.506: touch gesture: no valid gesture detected
04-17 06:06:04.892959   984  1089 W ASH     : @ 17094.570: touch gesture: no valid gesture detected
04-17 06:06:04.957838   984  1089 W ASH     : @ 17094.635: touch gesture: no valid gesture detected
04-17 06:06:05.022065   984  1089 W ASH     : @ 17094.699: touch gesture: no valid gesture detected
04-17 06:06:05.087106   984  1089 W ASH     : @ 17094.764: touch gesture: no valid gesture detected
04-17 06:06:05.151467   984  1089 W ASH     : @ 17094.829: touch gesture: no valid gesture detected
04-17 06:06:05.216231   984  1089 W ASH     : @ 17094.893: touch gesture: no valid gesture detected
04-17 06:06:05.281136   984  1089 W ASH     : @ 17094.958: touch gesture: no valid gesture detected
04-17 06:06:05.345214   984  1089 W ASH     : @ 17095.023: touch gesture: no valid gesture detected
04-17 06:06:05.409908   984  1089 W ASH     : @ 17095.087: touch gesture: no valid gesture detected
04-17 06:06:05.474832   984  1089 W ASH     : @ 17095.152: touch gesture: no valid gesture detected
04-17 06:06:05.539779   984  1089 W ASH     : @ 17095.216: touch gesture: no valid gesture detected
04-17 06:06:05.604292   984  1089 W ASH     : @ 17095.281: touch gesture: no valid gesture detected
04-17 06:06:05.668557   984  1089 W ASH     : @ 17095.346: touch gesture: no valid gesture detected
04-17 06:06:05.733298   984  1089 W ASH     : @ 17095.410: touch gesture: no valid gesture detected
04-17 06:06:05.797803   984  1089 W ASH     : @ 17095.475: touch gesture: no valid gesture detected
04-17 06:06:05.862348   984  1089 W ASH     : @ 17095.539: touch gesture: no valid gesture detected
04-17 06:06:05.927646   984  1089 W ASH     : @ 17095.604: touch gesture: no valid gesture detected
04-17 06:06:05.991517   984  1089 W ASH     : @ 17095.669: touch gesture: no valid gesture detected
04-17 06:06:06.056072   984  1089 W ASH     : @ 17095.733: touch gesture: no valid gesture detected
04-17 06:06:06.120725   984  1089 W ASH     : @ 17095.798: touch gesture: no valid gesture detected
04-17 06:06:06.185982   984  1089 W ASH     : @ 17095.862: touch gesture: no valid gesture detected
04-17 06:06:06.249697   984  1089 W ASH     : @ 17095.927: touch gesture: no valid gesture detected
04-17 06:06:06.314899   984  1089 W ASH     : @ 17095.991: touch gesture: no valid gesture detected
04-17 06:06:06.379328   984  1089 W ASH     : @ 17096.056: touch gesture: no valid gesture detected
04-17 06:06:06.443252   984  1089 W ASH     : @ 17096.121: touch gesture: no valid gesture detected
04-17 06:06:06.507974   984  1089 W ASH     : @ 17096.185: touch gesture: no valid gesture detected
04-17 06:06:06.572724   984  1089 W ASH     : @ 17096.250: touch gesture: no valid gesture detected
04-17 06:06:06.637172   984  1089 W ASH     : @ 17096.314: touch gesture: no valid gesture detected
04-17 06:06:06.701823   984  1089 W ASH     : @ 17096.379: touch gesture: no valid gesture detected
04-17 06:06:06.766585   984  1089 W ASH     : @ 17096.444: touch gesture: no valid gesture detected
04-17 06:06:06.831053   984  1089 W ASH     : @ 17096.508: touch gesture: no valid gesture detected
04-17 06:06:06.894504   984  1089 W ASH     : @ 17096.573: touch gesture: no valid gesture detected
04-17 06:06:06.960297   984  1089 W ASH     : @ 17096.637: touch gesture: no valid gesture detected
04-17 06:06:07.024644   984  1089 W ASH     : @ 17096.702: touch gesture: no valid gesture detected
04-17 06:06:07.089564   984  1089 W ASH     : @ 17096.766: touch gesture: no valid gesture detected
04-17 06:06:07.153884   984  1089 W ASH     : @ 17096.831: touch gesture: no valid gesture detected
04-17 06:06:07.218420   984  1089 W ASH     : @ 17096.895: touch gesture: no valid gesture detected
04-17 06:06:07.283258   984  1089 W ASH     : @ 17096.960: touch gesture: no valid gesture detected
04-17 06:06:07.347620   984  1089 W ASH     : @ 17097.024: touch gesture: no valid gesture detected
04-17 06:06:07.411795   984  1089 W ASH     : @ 17097.089: touch gesture: no valid gesture detected
04-17 06:06:07.477022   984  1089 W ASH     : @ 17097.154: touch gesture: no valid gesture detected
04-17 06:06:07.541760   984  1089 W ASH     : @ 17097.218: touch gesture: no valid gesture detected
04-17 06:06:07.605721   984  1089 W ASH     : @ 17097.283: touch gesture: no valid gesture detected
04-17 06:06:07.670342   984  1089 W ASH     : @ 17097.348: touch gesture: no valid gesture detected
04-17 06:06:07.735041   984  1089 W ASH     : @ 17097.412: touch gesture: no valid gesture detected
04-17 06:06:07.799321   984  1089 W ASH     : @ 17097.477: touch gesture: no valid gesture detected
04-17 06:06:07.863928   984  1089 W ASH     : @ 17097.541: touch gesture: no valid gesture detected
04-17 06:06:07.928458   984  1089 W ASH     : @ 17097.605: touch gesture: no valid gesture detected
04-17 06:06:07.993335   984  1089 W ASH     : @ 17097.670: touch gesture: no valid gesture detected
04-17 06:06:08.057858   984  1089 W ASH     : @ 17097.735: touch gesture: no valid gesture detected
04-17 06:06:08.122200   984  1089 W ASH     : @ 17097.800: touch gesture: no valid gesture detected
04-17 06:06:08.187664   984  1089 W ASH     : @ 17097.864: touch gesture: no valid gesture detected
04-17 06:06:08.251864   984  1089 W ASH     : @ 17097.929: touch gesture: no valid gesture detected
04-17 06:06:08.316697   984  1089 W ASH     : @ 17097.994: touch gesture: no valid gesture detected
04-17 06:06:08.381430   984  1089 W ASH     : @ 17098.058: touch gesture: no valid gesture detected
04-17 06:06:08.444770   984  1089 W ASH     : @ 17098.123: touch gesture: no valid gesture detected
04-17 06:06:08.510691   984  1089 W ASH     : @ 17098.188: touch gesture: no valid gesture detected
04-17 06:06:08.574926   984  1089 W ASH     : @ 17098.252: touch gesture: no valid gesture detected
04-17 06:06:08.639641   984  1089 W ASH     : @ 17098.317: touch gesture: no valid gesture detected
04-17 06:06:08.704353   984  1089 W ASH     : @ 17098.382: touch gesture: no valid gesture detected
04-17 06:06:08.769012   984  1089 W ASH     : @ 17098.446: touch gesture: no valid gesture detected
04-17 06:06:08.833709   984  1089 W ASH     : @ 17098.511: touch gesture: no valid gesture detected
04-17 06:06:08.897952   984  1089 W ASH     : @ 17098.575: touch gesture: no valid gesture detected
04-17 06:06:08.962783   984  1089 W ASH     : @ 17098.640: touch gesture: no valid gesture detected
04-17 06:06:09.027545   984  1089 W ASH     : @ 17098.704: touch gesture: no valid gesture detected
04-17 06:06:09.092477   984  1089 W ASH     : @ 17098.769: touch gesture: no valid gesture detected
04-17 06:06:09.156819   984  1089 W ASH     : @ 17098.834: touch gesture: no valid gesture detected
04-17 06:06:09.221178   984  1089 W ASH     : @ 17098.898: touch gesture: no valid gesture detected
04-17 06:06:09.286057   984  1089 W ASH     : @ 17098.963: touch gesture: no valid gesture detected
04-17 06:06:09.350929   984  1089 W ASH     : @ 17099.028: touch gesture: no valid gesture detected
04-17 06:06:09.415383   984  1089 W ASH     : @ 17099.092: touch gesture: no valid gesture detected
04-17 06:06:09.479911   984  1089 W ASH     : @ 17099.157: touch gesture: no valid gesture detected
04-17 06:06:09.544468   984  1089 W ASH     : @ 17099.222: touch gesture: no valid gesture detected
04-17 06:06:09.608973   984  1089 W ASH     : @ 17099.286: touch gesture: no valid gesture detected
04-17 06:06:09.673729   984  1089 W ASH     : @ 17099.351: touch gesture: no valid gesture detected
04-17 06:06:09.738482   984  1089 W ASH     : @ 17099.416: touch gesture: no valid gesture detected
04-17 06:06:09.803140   984  1089 W ASH     : @ 17099.480: touch gesture: no valid gesture detected
04-17 06:06:09.867756   984  1089 W ASH     : @ 17099.545: touch gesture: no valid gesture detected
04-17 06:06:09.932280   984  1089 W ASH     : @ 17099.609: touch gesture: no valid gesture detected
04-17 06:06:09.996881   984  1089 W ASH     : @ 17099.674: touch gesture: no valid gesture detected
04-17 06:06:10.061590   984  1089 W ASH     : @ 17099.739: touch gesture: no valid gesture detected
04-17 06:06:10.126003   984  1089 W ASH     : @ 17099.803: touch gesture: no valid gesture detected
04-17 06:06:10.190615   984  1089 W ASH     : @ 17099.868: touch gesture: no valid gesture detected
04-17 06:06:10.255294   984  1089 W ASH     : @ 17099.932: touch gesture: no valid gesture detected
04-17 06:06:10.319788   984  1089 W ASH     : @ 17099.997: touch gesture: no valid gesture detected
04-17 06:06:10.384172   984  1089 W ASH     : @ 17100.061: touch gesture: no valid gesture detected
04-17 06:06:10.449004   984  1089 W ASH     : @ 17100.126: touch gesture: no valid gesture detected
04-17 06:06:10.513585   984  1089 W ASH     : @ 17100.191: touch gesture: no valid gesture detected
04-17 06:06:10.577108   984  1089 W ASH     : @ 17100.255: touch gesture: no valid gesture detected
04-17 06:06:10.642745   984  1089 W ASH     : @ 17100.320: touch gesture: no valid gesture detected
04-17 06:06:10.707230   984  1089 W ASH     : @ 17100.384: touch gesture: no valid gesture detected
04-17 06:06:10.771879   984  1089 W ASH     : @ 17100.449: touch gesture: no valid gesture detected
04-17 06:06:10.836265   984  1089 W ASH     : @ 17100.513: touch gesture: no valid gesture detected
04-17 06:06:10.900683   984  1089 W ASH     : @ 17100.578: touch gesture: no valid gesture detected
04-17 06:06:10.965391   984  1089 W ASH     : @ 17100.642: touch gesture: no valid gesture detected
04-17 06:06:11.030116   984  1089 W ASH     : @ 17100.707: touch gesture: no valid gesture detected
04-17 06:06:11.094556   984  1089 W ASH     : @ 17100.772: touch gesture: no valid gesture detected
04-17 06:06:11.158934   984  1089 W ASH     : @ 17100.836: touch gesture: no valid gesture detected
04-17 06:06:11.223389   984  1089 W ASH     : @ 17100.901: touch gesture: no valid gesture detected
04-17 06:06:11.288037   984  1089 W ASH     : @ 17100.965: touch gesture: no valid gesture detected
04-17 06:06:11.352708   984  1089 W ASH     : @ 17101.030: touch gesture: no valid gesture detected
04-17 06:06:11.417003   984  1089 W ASH     : @ 17101.094: touch gesture: no valid gesture detected
04-17 06:06:11.481968   984  1089 W ASH     : @ 17101.159: touch gesture: no valid gesture detected
04-17 06:06:11.545828   984  1089 W ASH     : @ 17101.223: touch gesture: no valid gesture detected
04-17 06:06:11.610894   984  1089 W ASH     : @ 17101.288: touch gesture: no valid gesture detected
04-17 06:06:11.674990   984  1089 W ASH     : @ 17101.352: touch gesture: no valid gesture detected
04-17 06:06:11.740039   984  1089 W ASH     : @ 17101.417: touch gesture: no valid gesture detected
04-17 06:06:11.804425   984  1089 W ASH     : @ 17101.481: touch gesture: no valid gesture detected
04-17 06:06:11.868665   984  1089 W ASH     : @ 17101.546: touch gesture: no valid gesture detected
04-17 06:06:11.933071   984  1089 W ASH     : @ 17101.610: touch gesture: no valid gesture detected
04-17 06:06:11.997764   984  1089 W ASH     : @ 17101.675: touch gesture: no valid gesture detected
04-17 06:06:12.062336   984  1089 W ASH     : @ 17101.739: touch gesture: no valid gesture detected
04-17 06:06:12.125669   984  1089 W ASH     : @ 17101.804: touch gesture: no valid gesture detected
04-17 06:06:12.191139   984  1089 W ASH     : @ 17101.868: touch gesture: no valid gesture detected
04-17 06:06:12.256217   984  1089 W ASH     : @ 17101.933: touch gesture: no valid gesture detected
04-17 06:06:12.320237   984  1089 W ASH     : @ 17101.997: touch gesture: no valid gesture detected
04-17 06:06:12.384966   984  1089 W ASH     : @ 17102.062: touch gesture: no valid gesture detected
04-17 06:06:12.449450   984  1089 W ASH     : @ 17102.127: touch gesture: no valid gesture detected
04-17 06:06:12.514679   984  1089 W ASH     : @ 17102.191: touch gesture: no valid gesture detected
04-17 06:06:12.578809   984  1089 W ASH     : @ 17102.256: touch gesture: no valid gesture detected
04-17 06:06:12.643448   984  1089 W ASH     : @ 17102.320: touch gesture: no valid gesture detected
04-17 06:06:12.707963   984  1089 W ASH     : @ 17102.385: touch gesture: no valid gesture detected
04-17 06:06:12.772283   984  1089 W ASH     : @ 17102.450: touch gesture: no valid gesture detected
04-17 06:06:12.837191   984  1089 W ASH     : @ 17102.514: touch gesture: no valid gesture detected
04-17 06:06:12.902007   984  1089 W ASH     : @ 17102.579: touch gesture: no valid gesture detected
04-17 06:06:12.966712   984  1089 W ASH     : @ 17102.644: touch gesture: no valid gesture detected
04-17 06:06:13.031340   984  1089 W ASH     : @ 17102.708: touch gesture: no valid gesture detected
04-17 06:06:13.095695   984  1089 W ASH     : @ 17102.773: touch gesture: no valid gesture detected
04-17 06:06:13.160337   984  1089 W ASH     : @ 17102.837: touch gesture: no valid gesture detected
04-17 06:06:13.225146   984  1089 W ASH     : @ 17102.902: touch gesture: no valid gesture detected
04-17 06:06:13.289666   984  1089 W ASH     : @ 17102.967: touch gesture: no valid gesture detected
04-17 06:06:13.354576   984  1089 W ASH     : @ 17103.031: touch gesture: no valid gesture detected
04-17 06:06:13.419258   984  1089 W ASH     : @ 17103.096: touch gesture: no valid gesture detected
04-17 06:06:13.483765   984  1089 W ASH     : @ 17103.161: touch gesture: no valid gesture detected
04-17 06:06:13.548381   984  1089 W ASH     : @ 17103.225: touch gesture: no valid gesture detected
04-17 06:06:13.612538   984  1089 W ASH     : @ 17103.290: touch gesture: no valid gesture detected
--------- switch to kernel
04-17 06:06:13.631102     0     0 I         : c1   5432 qcom_rpmh DRV:apps_rsc TCS Busy, retrying RPMH message send: addr=0x30000
04-17 06:06:13.631163     0     0 I         : c1   5432 qcom_rpmh DRV:apps_rsc TCS Busy, retrying RPMH message send: addr=0x30000
--------- switch to main
04-17 06:06:13.677799   984  1089 W ASH     : @ 17103.354: touch gesture: no valid gesture detected
04-17 06:06:13.741837   984  1089 W ASH     : @ 17103.419: touch gesture: no valid gesture detected
04-17 06:06:13.805946   984  1089 W ASH     : @ 17103.483: touch gesture: no valid gesture detected
04-17 06:06:13.871370   984  1089 W ASH     : @ 17103.548: touch gesture: no valid gesture detected
04-17 06:06:13.935885   984  1089 W ASH     : @ 17103.613: touch gesture: no valid gesture detected
04-17 06:06:13.999381   984  1089 W ASH     : @ 17103.677: touch gesture: no valid gesture detected
04-17 06:06:14.065240   984  1089 W ASH     : @ 17103.742: touch gesture: no valid gesture detected
04-17 06:06:14.129969   984  1089 W ASH     : @ 17103.807: touch gesture: no valid gesture detected
04-17 06:06:14.194301   984  1089 W ASH     : @ 17103.871: touch gesture: no valid gesture detected
04-17 06:06:14.258706   984  1089 W ASH     : @ 17103.936: touch gesture: no valid gesture detected
04-17 06:06:14.323430   984  1089 W ASH     : @ 17104.000: touch gesture: no valid gesture detected
04-17 06:06:14.387915   984  1089 W ASH     : @ 17104.065: touch gesture: no valid gesture detected
04-17 06:06:14.452408   984  1089 W ASH     : @ 17104.129: touch gesture: no valid gesture detected
04-17 06:06:14.516963   984  1089 W ASH     : @ 17104.194: touch gesture: no valid gesture detected
04-17 06:06:14.581511   984  1089 W ASH     : @ 17104.258: touch gesture: no valid gesture detected
04-17 06:06:14.646042   984  1089 W ASH     : @ 17104.323: touch gesture: no valid gesture detected
04-17 06:06:14.710679   984  1089 W ASH     : @ 17104.388: touch gesture: no valid gesture detected
04-17 06:06:14.774857   984  1089 W ASH     : @ 17104.452: touch gesture: no valid gesture detected
04-17 06:06:14.839579   984  1089 W ASH     : @ 17104.517: touch gesture: no valid gesture detected
04-17 06:06:14.904491   984  1089 W ASH     : @ 17104.581: touch gesture: no valid gesture detected
04-17 06:06:14.968609   984  1089 W ASH     : @ 17104.646: touch gesture: no valid gesture detected
04-17 06:06:15.033119   984  1089 W ASH     : @ 17104.710: touch gesture: no valid gesture detected
04-17 06:06:15.097583   984  1089 W ASH     : @ 17104.775: touch gesture: no valid gesture detected
04-17 06:06:15.162261   984  1089 W ASH     : @ 17104.839: touch gesture: no valid gesture detected
04-17 06:06:15.226827   984  1089 W ASH     : @ 17104.904: touch gesture: no valid gesture detected
04-17 06:06:15.291802   984  1089 W ASH     : @ 17104.968: touch gesture: no valid gesture detected
04-17 06:06:15.356058   984  1089 W ASH     : @ 17105.033: touch gesture: no valid gesture detected
04-17 06:06:15.420588   984  1089 W ASH     : @ 17105.098: touch gesture: no valid gesture detected
04-17 06:06:15.483383   984  1089 W ASH     : @ 17105.162: touch gesture: no valid gesture detected
04-17 06:06:15.549647   984  1089 W ASH     : @ 17105.227: touch gesture: no valid gesture detected
04-17 06:06:15.614173   984  1089 W ASH     : @ 17105.291: touch gesture: no valid gesture detected
04-17 06:06:15.678856   984  1089 W ASH     : @ 17105.356: touch gesture: no valid gesture detected
04-17 06:06:15.743099   984  1089 W ASH     : @ 17105.420: touch gesture: no valid gesture detected
04-17 06:06:15.807934   984  1089 W ASH     : @ 17105.485: touch gesture: no valid gesture detected
04-17 06:06:15.872273   984  1089 W ASH     : @ 17105.549: touch gesture: no valid gesture detected
04-17 06:06:15.936936   984  1089 W ASH     : @ 17105.614: touch gesture: no valid gesture detected
04-17 06:06:16.001823   984  1089 W ASH     : @ 17105.678: touch gesture: no valid gesture detected
04-17 06:06:16.065823   984  1089 W ASH     : @ 17105.743: touch gesture: no valid gesture detected
04-17 06:06:16.129259   984  1089 W ASH     : @ 17105.807: touch gesture: no valid gesture detected
04-17 06:06:16.195186   984  1089 W ASH     : @ 17105.872: touch gesture: no valid gesture detected
04-17 06:06:16.259761   984  1089 W ASH     : @ 17105.937: touch gesture: no valid gesture detected
04-17 06:06:16.324338   984  1089 W ASH     : @ 17106.001: touch gesture: no valid gesture detected
04-17 06:06:16.388476   984  1089 W ASH     : @ 17106.066: touch gesture: no valid gesture detected
04-17 06:06:16.453483   984  1089 W ASH     : @ 17106.130: touch gesture: no valid gesture detected
04-17 06:06:16.517900   984  1089 W ASH     : @ 17106.195: touch gesture: no valid gesture detected
04-17 06:06:16.581085   984  1089 W ASH     : @ 17106.259: touch gesture: no valid gesture detected
04-17 06:06:16.646957   984  1089 W ASH     : @ 17106.324: touch gesture: no valid gesture detected
04-17 06:06:16.710606   984  1089 W ASH     : @ 17106.389: touch gesture: no valid gesture detected
04-17 06:06:16.776112   984  1089 W ASH     : @ 17106.453: touch gesture: no valid gesture detected
04-17 06:06:16.841083   984  1089 W ASH     : @ 17106.518: touch gesture: no valid gesture detected
04-17 06:06:16.905387   984  1089 W ASH     : @ 17106.582: touch gesture: no valid gesture detected
04-17 06:06:16.970298   984  1089 W ASH     : @ 17106.647: touch gesture: no valid gesture detected
04-17 06:06:17.034517   984  1089 W ASH     : @ 17106.712: touch gesture: no valid gesture detected
04-17 06:06:17.099317   984  1089 W ASH     : @ 17106.776: touch gesture: no valid gesture detected
04-17 06:06:17.163579   984  1089 W ASH     : @ 17106.841: touch gesture: no valid gesture detected
04-17 06:06:17.228219   984  1089 W ASH     : @ 17106.905: touch gesture: no valid gesture detected
04-17 06:06:17.292861   984  1089 W ASH     : @ 17106.970: touch gesture: no valid gesture detected
04-17 06:06:17.357106   984  1089 W ASH     : @ 17107.034: touch gesture: no valid gesture detected
04-17 06:06:17.422104   984  1089 W ASH     : @ 17107.099: touch gesture: no valid gesture detected
04-17 06:06:17.486502   984  1089 W ASH     : @ 17107.164: touch gesture: no valid gesture detected
04-17 06:06:17.551328   984  1089 W ASH     : @ 17107.228: touch gesture: no valid gesture detected
04-17 06:06:17.615335   984  1089 W ASH     : @ 17107.293: touch gesture: no valid gesture detected
04-17 06:06:17.680148   984  1089 W ASH     : @ 17107.357: touch gesture: no valid gesture detected
04-17 06:06:17.744713   984  1089 W ASH     : @ 17107.422: touch gesture: no valid gesture detected
04-17 06:06:17.809305   984  1089 W ASH     : @ 17107.486: touch gesture: no valid gesture detected
04-17 06:06:17.873815   984  1089 W ASH     : @ 17107.551: touch gesture: no valid gesture detected
04-17 06:06:17.938372   984  1089 W ASH     : @ 17107.615: touch gesture: no valid gesture detected
04-17 06:06:18.003066   984  1089 W ASH     : @ 17107.680: touch gesture: no valid gesture detected
04-17 06:06:18.067538   984  1089 W ASH     : @ 17107.745: touch gesture: no valid gesture detected
04-17 06:06:18.131097   984  1089 W ASH     : @ 17107.809: touch gesture: no valid gesture detected
04-17 06:06:18.196526   984  1089 W ASH     : @ 17107.874: touch gesture: no valid gesture detected
04-17 06:06:18.260059   984  1089 W ASH     : @ 17107.938: touch gesture: no valid gesture detected
04-17 06:06:18.325890   984  1089 W ASH     : @ 17108.003: touch gesture: no valid gesture detected
04-17 06:06:18.390354   984  1089 W ASH     : @ 17108.067: touch gesture: no valid gesture detected
04-17 06:06:18.454883   984  1089 W ASH     : @ 17108.132: touch gesture: no valid gesture detected
04-17 06:06:18.519352   984  1089 W ASH     : @ 17108.196: touch gesture: no valid gesture detected
04-17 06:06:18.583945   984  1089 W ASH     : @ 17108.261: touch gesture: no valid gesture detected
04-17 06:06:18.648485   984  1089 W ASH     : @ 17108.326: touch gesture: no valid gesture detected
04-17 06:06:18.713226   984  1089 W ASH     : @ 17108.390: touch gesture: no valid gesture detected
04-17 06:06:18.777749   984  1089 W ASH     : @ 17108.455: touch gesture: no valid gesture detected
04-17 06:06:18.842295   984  1089 W ASH     : @ 17108.519: touch gesture: no valid gesture detected
04-17 06:06:18.907176   984  1089 W ASH     : @ 17108.584: touch gesture: no valid gesture detected
04-17 06:06:18.971198   984  1089 W ASH     : @ 17108.648: touch gesture: no valid gesture detected
04-17 06:06:19.035863   984  1089 W ASH     : @ 17108.713: touch gesture: no valid gesture detected
04-17 06:06:19.100272   984  1089 W ASH     : @ 17108.777: touch gesture: no valid gesture detected
04-17 06:06:19.164991   984  1089 W ASH     : @ 17108.842: touch gesture: no valid gesture detected
04-17 06:06:19.229286   984  1089 W ASH     : @ 17108.907: touch gesture: no valid gesture detected
04-17 06:06:19.294426   984  1089 W ASH     : @ 17108.971: touch gesture: no valid gesture detected
04-17 06:06:19.358764   984  1089 W ASH     : @ 17109.036: touch gesture: no valid gesture detected
04-17 06:06:19.423212   984  1089 W ASH     : @ 17109.100: touch gesture: no valid gesture detected
04-17 06:06:19.488079   984  1089 W ASH     : @ 17109.165: touch gesture: no valid gesture detected
04-17 06:06:19.552761   984  1089 W ASH     : @ 17109.230: touch gesture: no valid gesture detected
04-17 06:06:19.617200   984  1089 W ASH     : @ 17109.294: touch gesture: no valid gesture detected
04-17 06:06:19.681489   984  1089 W ASH     : @ 17109.359: touch gesture: no valid gesture detected
04-17 06:06:19.746701   984  1089 W ASH     : @ 17109.424: touch gesture: no valid gesture detected
04-17 06:06:19.766108   960   960 D vendor.qti.bluetooth@1.0-uart_transport: SocRxDWakeup: Flow off->Change UART baudrate to 38.4kbs->send 0x00->Change UART baudrate to max->Flow on
04-17 06:06:19.766390   960   960 I vendor.qti.bluetooth@1.0-uart_transport: ## userial_vendor_ioctl: UART Flow Off 
--------- switch to kernel
04-17 06:06:19.764936     0     0 I         : c4    960 msm_geni_serial 894000.qcom,qup_uart: msm_geni_serial_set_termios: Start
04-17 06:06:19.766358     0     0 I         : c3    960 msm_geni_serial 894000.qcom,qup_uart: msm_geni_serial_set_termios: geni_se_clk_freq_match
04-17 06:06:19.766527     0     0 I         : c3    960 msm_geni_serial 894000.qcom,qup_uart: msm_geni_serial_set_termios: check parity
04-17 06:06:19.766557     0     0 I         : c3    960 msm_geni_serial 894000.qcom,qup_uart: msm_geni_serial_set_termios: geni_serial_write_term_regs
04-17 06:06:19.766630     0     0 I         : c3    960 msm_geni_serial 894000.qcom,qup_uart: msm_geni_serial_set_termios: End
--------- switch to main
04-17 06:06:19.769392   960   960 I vendor.qti.bluetooth@1.0-uart_transport: ## userial_vendor_set_baud: 17
--------- switch to kernel
04-17 06:06:19.767980     0     0 I         : c0    960 msm_geni_serial 894000.qcom,qup_uart: msm_geni_serial_set_termios: Start
--------- switch to main
04-17 06:06:19.779524   960   960 I vendor.qti.bluetooth@1.0-uart_transport: SetBaudRate: in BOTHER
04-17 06:06:19.779641   960   960 I vendor.qti.bluetooth@1.0-uart_transport: ## userial_vendor_ioctl: UART Flow On 
--------- switch to kernel
04-17 06:06:19.777341     0     0 I         : c1    960 msm_geni_serial 894000.qcom,qup_uart: msm_geni_serial_set_termios: geni_se_clk_freq_match
--------- switch to main
04-17 06:06:19.780682   960  3561 I vendor.qti.bluetooth@1.0-ibs_handler: ProcessIbsCmd: Received IBS_WAKE_ACK: 0xFC
04-17 06:06:19.780916   960  3561 I vendor.qti.bluetooth@1.0-ibs_handler: ProcessIbsCmd: Signal wack_cond_
04-17 06:06:19.782556   960  3561 I vendor.qti.bluetooth@1.0-ibs_handler: ProcessIbsCmd: Received IBS_WAKE_ACK: 0xFC
04-17 06:06:19.782638   960  3561 I vendor.qti.bluetooth@1.0-ibs_handler: ProcessIbsCmd: Signal wack_cond_
04-17 06:06:19.782762   960   960 D vendor.qti.bluetooth@1.0-ibs_handler: DeviceWakeUp: Unblocked from waiting for FC
--------- switch to kernel
04-17 06:06:31.059426     0     0 I         : c1   5470 sm7250_bms: MSC_PCS chg_state=1c2117204010009 [0x9:4:1:4466:450] chg=u
04-17 06:06:31.059487     0     0 I         : c1   5470 google_battery: MSC_DIN chg_state=1c2117204010009 f=0x9 chg_s=Charging chg_t=Taper vchg=4466 icl=450
04-17 06:06:31.060620     0     0 I         : c1   5470 google_battery: MSC_LAST vbatt=4466335 ibatt=-92163 fv_uv=4450000
04-17 06:06:31.060681     0     0 I         : c1   5470 google_battery: MSC_VOTE msc_state=3 cv_cnt=0 ov_cnt=0 temp_idx:2, vbatt_idx:5  fv_uv=4450000 cc_max=120000 update_interval=30000
04-17 06:06:31.060765     0     0 I         : c1   5470 google_charger: MSC_CHG fv_uv=4450000, cc_max=120000, rerun in 30000 ms (0)
--------- switch to main
04-17 06:06:31.114720   984  1089 W ASH     : @ 17120.792: touch gesture: no valid gesture detected
04-17 06:06:31.179233   984  1089 W ASH     : @ 17120.856: touch gesture: no valid gesture detected
04-17 06:06:31.243826   984  1089 W ASH     : @ 17120.921: touch gesture: no valid gesture detected
04-17 06:06:31.308258   984  1089 W ASH     : @ 17120.986: touch gesture: no valid gesture detected
04-17 06:06:31.373125   984  1089 W ASH     : @ 17121.050: touch gesture: no valid gesture detected
04-17 06:06:31.437870   984  1089 W ASH     : @ 17121.115: touch gesture: no valid gesture detected
04-17 06:06:31.502436   984  1089 W ASH     : @ 17121.180: touch gesture: no valid gesture detected
04-17 06:06:31.567060   984  1089 W ASH     : @ 17121.244: touch gesture: no valid gesture detected
04-17 06:06:31.631740   984  1089 W ASH     : @ 17121.309: touch gesture: no valid gesture detected
04-17 06:06:31.696172   984  1089 W ASH     : @ 17121.374: touch gesture: no valid gesture detected
04-17 06:06:31.761660   984  1089 W ASH     : @ 17121.438: touch gesture: no valid gesture detected
04-17 06:06:31.825838   984  1089 W ASH     : @ 17121.503: touch gesture: no valid gesture detected
04-17 06:06:31.890280   984  1089 W ASH     : @ 17121.568: touch gesture: no valid gesture detected
04-17 06:06:31.955000   984  1089 W ASH     : @ 17121.632: touch gesture: no valid gesture detected
04-17 06:06:32.019922   984  1089 W ASH     : @ 17121.697: touch gesture: no valid gesture detected
04-17 06:06:32.084650   984  1089 W ASH     : @ 17121.762: touch gesture: no valid gesture detected
04-17 06:06:32.149419   984  1089 W ASH     : @ 17121.826: touch gesture: no valid gesture detected
04-17 06:06:32.213899   984  1089 W ASH     : @ 17121.891: touch gesture: no valid gesture detected
04-17 06:06:32.278723   984  1089 W ASH     : @ 17121.956: touch gesture: no valid gesture detected
04-17 06:06:32.343251   984  1089 W ASH     : @ 17122.020: touch gesture: no valid gesture detected
04-17 06:06:32.408006   984  1089 W ASH     : @ 17122.085: touch gesture: no valid gesture detected
04-17 06:06:32.472359   984  1089 W ASH     : @ 17122.150: touch gesture: no valid gesture detected
04-17 06:06:32.537176   984  1089 W ASH     : @ 17122.214: touch gesture: no valid gesture detected
04-17 06:06:32.601778   984  1089 W ASH     : @ 17122.279: touch gesture: no valid gesture detected
04-17 06:06:32.666178   984  1089 W ASH     : @ 17122.343: touch gesture: no valid gesture detected
04-17 06:06:32.731289   984  1089 W ASH     : @ 17122.408: touch gesture: no valid gesture detected
04-17 06:06:32.795568   984  1089 W ASH     : @ 17122.473: touch gesture: no valid gesture detected
04-17 06:06:32.860440   984  1089 W ASH     : @ 17122.537: touch gesture: no valid gesture detected
04-17 06:06:32.924844   984  1089 W ASH     : @ 17122.602: touch gesture: no valid gesture detected
04-17 06:06:32.989821   984  1089 W ASH     : @ 17122.667: touch gesture: no valid gesture detected
04-17 06:06:33.054615   984  1089 W ASH     : @ 17122.732: touch gesture: no valid gesture detected
04-17 06:06:33.118899   984  1089 W ASH     : @ 17122.796: touch gesture: no valid gesture detected
04-17 06:06:33.183864   984  1089 W ASH     : @ 17122.861: touch gesture: no valid gesture detected
04-17 06:06:33.248608   984  1089 W ASH     : @ 17122.926: touch gesture: no valid gesture detected
04-17 06:06:33.313110   984  1089 W ASH     : @ 17122.990: touch gesture: no valid gesture detected
04-17 06:06:33.377968   984  1089 W ASH     : @ 17123.055: touch gesture: no valid gesture detected
04-17 06:06:33.442535   984  1089 W ASH     : @ 17123.120: touch gesture: no valid gesture detected
04-17 06:06:33.507152   984  1089 W ASH     : @ 17123.184: touch gesture: no valid gesture detected
04-17 06:06:33.571639   984  1089 W ASH     : @ 17123.249: touch gesture: no valid gesture detected
04-17 06:06:33.636455   984  1089 W ASH     : @ 17123.313: touch gesture: no valid gesture detected
04-17 06:06:33.700970   984  1089 W ASH     : @ 17123.378: touch gesture: no valid gesture detected
04-17 06:06:33.765664   984  1089 W ASH     : @ 17123.443: touch gesture: no valid gesture detected
04-17 06:06:33.829775   984  1089 W ASH     : @ 17123.507: touch gesture: no valid gesture detected
04-17 06:06:33.894894   984  1089 W ASH     : @ 17123.572: touch gesture: no valid gesture detected
04-17 06:06:33.959623   984  1089 W ASH     : @ 17123.637: touch gesture: no valid gesture detected
04-17 06:06:34.024350   984  1089 W ASH     : @ 17123.701: touch gesture: no valid gesture detected
04-17 06:06:34.088823   984  1089 W ASH     : @ 17123.766: touch gesture: no valid gesture detected
04-17 06:06:34.153123   984  1089 W ASH     : @ 17123.830: touch gesture: no valid gesture detected
04-17 06:06:34.217913   984  1089 W ASH     : @ 17123.895: touch gesture: no valid gesture detected
04-17 06:06:34.282124   984  1089 W ASH     : @ 17123.959: touch gesture: no valid gesture detected
04-17 06:06:34.347037   984  1089 W ASH     : @ 17124.024: touch gesture: no valid gesture detected
04-17 06:06:34.411269   984  1089 W ASH     : @ 17124.089: touch gesture: no valid gesture detected
04-17 06:06:34.476027   984  1089 W ASH     : @ 17124.153: touch gesture: no valid gesture detected
04-17 06:06:34.540910   984  1089 W ASH     : @ 17124.218: touch gesture: no valid gesture detected
04-17 06:06:34.605393   984  1089 W ASH     : @ 17124.282: touch gesture: no valid gesture detected
04-17 06:06:34.670123   984  1089 W ASH     : @ 17124.347: touch gesture: no valid gesture detected
04-17 06:06:34.734647   984  1089 W ASH     : @ 17124.412: touch gesture: no valid gesture detected
04-17 06:06:34.799162   984  1089 W ASH     : @ 17124.476: touch gesture: no valid gesture detected
04-17 06:06:34.864175   984  1089 W ASH     : @ 17124.541: touch gesture: no valid gesture detected
04-17 06:06:34.928516   984  1089 W ASH     : @ 17124.606: touch gesture: no valid gesture detected
04-17 06:06:34.993202   984  1089 W ASH     : @ 17124.670: touch gesture: no valid gesture detected
04-17 06:06:35.056700   984  1089 W ASH     : @ 17124.735: touch gesture: no valid gesture detected
04-17 06:06:35.122585   984  1089 W ASH     : @ 17124.799: touch gesture: no valid gesture detected
04-17 06:06:35.186955   984  1089 W ASH     : @ 17124.864: touch gesture: no valid gesture detected
04-17 06:06:35.251631   984  1089 W ASH     : @ 17124.929: touch gesture: no valid gesture detected
04-17 06:06:35.316435   984  1089 W ASH     : @ 17124.993: touch gesture: no valid gesture detected
04-17 06:06:35.380635   984  1089 W ASH     : @ 17125.058: touch gesture: no valid gesture detected
04-17 06:06:35.445365   984  1089 W ASH     : @ 17125.122: touch gesture: no valid gesture detected
