04-17 12:50:35.849627   984  1089 W ASH     : @ 41365.524: touch gesture: no valid gesture detected
04-17 12:50:35.914097   984  1089 W ASH     : @ 41365.589: touch gesture: no valid gesture detected
04-17 12:50:35.978285   984  1089 W ASH     : @ 41365.653: touch gesture: no valid gesture detected
04-17 12:50:36.042619   984  1089 W ASH     : @ 41365.717: touch gesture: no valid gesture detected
04-17 12:50:36.107157   984  1089 W ASH     : @ 41365.782: touch gesture: no valid gesture detected
04-17 12:50:36.171413   984  1089 W ASH     : @ 41365.846: touch gesture: no valid gesture detected
04-17 12:50:36.235964   984  1089 W ASH     : @ 41365.911: touch gesture: no valid gesture detected
04-17 12:50:36.300057   984  1089 W ASH     : @ 41365.975: touch gesture: no valid gesture detected
04-17 12:50:36.364610   984  1089 W ASH     : @ 41366.040: touch gesture: no valid gesture detected
--------- switch to kernel
04-17 12:50:36.408942     0     0 I         : c2   5832 google_charger: usbchg=USB typec=C usbv=5038 usbc=0 usbMv=5000 usbMc=450
04-17 12:50:36.409125     0     0 I         : c2   5832 sm7250_bms: MSC_PCS chg_state=1c2112b01030001 [0x1:1:3:4395:450] chg=u
04-17 12:50:36.409196     0     0 I         : c2   5832 google_battery: MSC_DIN chg_state=1c2112b01030001 f=0x1 chg_s=Not Charging chg_t=None vchg=4395 icl=450
04-17 12:50:36.410664     0     0 I         : c2   5832 google_battery: MSC_DSG vbatt_idx:4->4 vbatt=4395876 ibatt=-4272 fv_uv=4430000 cv_cnt=0 ov_cnt=0
04-17 12:50:36.410727     0     0 I         : c2   5832 google_battery: MSC_VOTE msc_state=2 cv_cnt=0 ov_cnt=0 temp_idx:2, vbatt_idx:4  fv_uv=4430000 cc_max=0 update_interval=-1
04-17 12:50:36.410834     0     0 I         : c2   5832 google_charger: MSC_CHG fv_uv=4430000, cc_max=0, rerun in 2000 ms (0)
--------- switch to main
04-17 12:50:36.429625   984  1089 W ASH     : @ 41366.104: touch gesture: no valid gesture detected
04-17 12:50:36.493639   984  1089 W ASH     : @ 41366.168: touch gesture: no valid gesture detected
04-17 12:50:36.557723   984  1089 W ASH     : @ 41366.232: touch gesture: no valid gesture detected
04-17 12:50:36.622685   984  1089 W ASH     : @ 41366.297: touch gesture: no valid gesture detected
04-17 12:50:36.642405   984  1089 D VSC     : @ 41366.317: [Device Pickup Sensor] Request accel, interval 20.0 ms, latency 100.0 ms
04-17 12:50:36.642797   984  1089 D ASH     : @ 41366.318: SensorType 1 resampler quality 0
04-17 12:50:36.686190   984  1089 W ASH     : @ 41366.361: touch gesture: no valid gesture detected
04-17 12:50:36.750831   984  1089 W ASH     : @ 41366.426: touch gesture: no valid gesture detected
04-17 12:50:36.815370   984  1089 W ASH     : @ 41366.490: touch gesture: no valid gesture detected
04-17 12:50:36.833280   984  1089 D ASH     : @ 41366.507: SensorType 195 resampler quality 1
04-17 12:50:36.835350   958  2013 I CapoDetector: handleNanoappMessage, Id 5147455389092024352, type 200, size 2
04-17 12:50:36.835929   958  2013 D CapoDetector: handleNanoappMessage, get position event from capo nanoapp, type 1
04-17 12:50:36.835999   958  2013 D CapoDetector: handleNanoappMessage, sent position type 1 to callback function
04-17 12:50:36.836079   958  2013 I audio_hw_primary: adev_on_devicestate_changed: devicestate status changed to 1
04-17 12:50:36.836867   958  2013 I CapoDetector: handleNanoappMessage, Id 5147455389092024352, type 200, size 2
04-17 12:50:36.836919   984  1089 D ASH     : @ 41366.513: SensorType 195 resampler quality 1
04-17 12:50:36.836965   958  2013 D CapoDetector: handleNanoappMessage, get position event from capo nanoapp, type 2
04-17 12:50:36.837036   958  2013 D CapoDetector: handleNanoappMessage, sent position type 2 to callback function
04-17 12:50:36.837106   958  2013 I audio_hw_primary: adev_on_devicestate_changed: devicestate status changed to 2
04-17 12:50:36.838612  2612  3005 E ContextHubClientManager: Cannot send message to unregistered client (host endpoint ID = -28640)
04-17 12:50:36.840805  2612  2823 E ContextHubClientManager: Cannot send message to unregistered client (host endpoint ID = -28640)
04-17 12:50:36.844311   984  1089 D ASH     : @ 41366.520: SensorType 1 resampler quality 0
04-17 12:50:36.879610   984  1089 W ASH     : @ 41366.554: touch gesture: no valid gesture detected
04-17 12:50:36.943964   984  1089 W ASH     : @ 41366.618: touch gesture: no valid gesture detected
04-17 12:50:37.008256   984  1089 W ASH     : @ 41366.683: touch gesture: no valid gesture detected
04-17 12:50:37.072250   984  1089 W ASH     : @ 41366.747: touch gesture: no valid gesture detected
04-17 12:50:37.136694   984  1089 W ASH     : @ 41366.811: touch gesture: no valid gesture detected
04-17 12:50:37.201093   984  1089 W ASH     : @ 41366.876: touch gesture: no valid gesture detected
04-17 12:50:37.266190   984  1089 W ASH     : @ 41366.940: touch gesture: no valid gesture detected
04-17 12:50:37.329761   984  1089 W ASH     : @ 41367.004: touch gesture: no valid gesture detected
04-17 12:50:37.394476   984  1089 W ASH     : @ 41367.069: touch gesture: no valid gesture detected
04-17 12:50:37.458496   984  1089 W ASH     : @ 41367.133: touch gesture: no valid gesture detected
04-17 12:50:37.523603   984  1089 W ASH     : @ 41367.198: touch gesture: no valid gesture detected
04-17 12:50:37.587373   984  1089 W ASH     : @ 41367.262: touch gesture: no valid gesture detected
04-17 12:50:37.652520   984  1089 W ASH     : @ 41367.327: touch gesture: no valid gesture detected
04-17 12:50:37.716818   984  1089 W ASH     : @ 41367.391: touch gesture: no valid gesture detected
04-17 12:50:37.781952   984  1089 W ASH     : @ 41367.456: touch gesture: no valid gesture detected
04-17 12:50:37.845870   984  1089 W ASH     : @ 41367.520: touch gesture: no valid gesture detected
04-17 12:50:37.910564   984  1089 W ASH     : @ 41367.585: touch gesture: no valid gesture detected
04-17 12:50:37.974234   984  1089 W ASH     : @ 41367.649: touch gesture: no valid gesture detected
04-17 12:50:38.039335   984  1089 W ASH     : @ 41367.714: touch gesture: no valid gesture detected
04-17 12:50:38.103221   984  1089 W ASH     : @ 41367.778: touch gesture: no valid gesture detected
04-17 12:50:38.168593   984  1089 W ASH     : @ 41367.843: touch gesture: no valid gesture detected
04-17 12:50:38.232621   984  1089 W ASH     : @ 41367.907: touch gesture: no valid gesture detected
04-17 12:50:38.296702   984  1089 W ASH     : @ 41367.972: touch gesture: no valid gesture detected
04-17 12:50:38.361398   984  1089 W ASH     : @ 41368.036: touch gesture: no valid gesture detected
04-17 12:50:38.424643   984  1089 W ASH     : @ 41368.100: touch gesture: no valid gesture detected
--------- switch to kernel
04-17 12:50:38.418314     0     0 I         : c2   5832 google_charger: usbchg=USB typec=C usbv=5042 usbc=2 usbMv=5000 usbMc=450
04-17 12:50:38.418514     0     0 I         : c2   5832 sm7250_bms: MSC_PCS chg_state=1c2112b01030001 [0x1:1:3:4395:450] chg=u
04-17 12:50:38.418594     0     0 I         : c2   5832 google_battery: MSC_DIN chg_state=1c2112b01030001 f=0x1 chg_s=Not Charging chg_t=None vchg=4395 icl=450
04-17 12:50:38.420505     0     0 I         : c2   5832 google_battery: MSC_DSG vbatt_idx:4->4 vbatt=4395876 ibatt=-5187 fv_uv=4430000 cv_cnt=0 ov_cnt=0
04-17 12:50:38.420573     0     0 I         : c2   5832 google_battery: MSC_VOTE msc_state=2 cv_cnt=0 ov_cnt=0 temp_idx:2, vbatt_idx:4  fv_uv=4430000 cc_max=0 update_interval=-1
04-17 12:50:38.420679     0     0 I         : c2   5832 google_charger: MSC_CHG fv_uv=4430000, cc_max=0, rerun in 2000 ms (0)
--------- switch to main
04-17 12:50:38.490094   984  1089 W ASH     : @ 41368.164: touch gesture: no valid gesture detected
04-17 12:50:38.554791   984  1089 W ASH     : @ 41368.229: touch gesture: no valid gesture detected
04-17 12:50:38.618158   984  1089 W ASH     : @ 41368.293: touch gesture: no valid gesture detected
04-17 12:50:38.683383   984  1089 W ASH     : @ 41368.358: touch gesture: no valid gesture detected
04-17 12:50:38.744189   984  1089 D ASH     : @ 41368.420: SensorType 1 resampler quality 0
04-17 12:50:38.744381   984  1089 D VSC     : @ 41368.421: [Device Pickup Sensor] Stop accel
04-17 12:50:38.744646   984  1089 D VSC     : @ 41368.421: [Device Pickup Sensor] Request motion_detect, interval 18446744027136.0 ms, latency 0.0 ms
04-17 12:50:38.744726   984  1089 W ASH     : @ 41368.421: touch gesture: no valid gesture detected
04-17 12:50:38.812244   984  1089 W ASH     : @ 41368.487: touch gesture: no valid gesture detected
04-17 12:50:38.876171   984  1089 W ASH     : @ 41368.551: touch gesture: no valid gesture detected
04-17 12:50:38.940833   984  1089 W ASH     : @ 41368.615: touch gesture: no valid gesture detected
04-17 12:50:39.005143   984  1089 W ASH     : @ 41368.680: touch gesture: no valid gesture detected
04-17 12:50:39.069389   984  1089 W ASH     : @ 41368.744: touch gesture: no valid gesture detected
04-17 12:50:39.134096   984  1089 W ASH     : @ 41368.809: touch gesture: no valid gesture detected
04-17 12:50:39.198584   984  1089 W ASH     : @ 41368.873: touch gesture: no valid gesture detected
04-17 12:50:39.262631   984  1089 W ASH     : @ 41368.937: touch gesture: no valid gesture detected
04-17 12:50:39.327234   984  1089 W ASH     : @ 41369.002: touch gesture: no valid gesture detected
04-17 12:50:39.391538   984  1089 W ASH     : @ 41369.066: touch gesture: no valid gesture detected
04-17 12:50:39.454655   984  1089 W ASH     : @ 41369.131: touch gesture: no valid gesture detected
04-17 12:50:39.520374   984  1089 W ASH     : @ 41369.195: touch gesture: no valid gesture detected
04-17 12:50:39.584779   984  1089 W ASH     : @ 41369.259: touch gesture: no valid gesture detected
04-17 12:50:39.649216   984  1089 W ASH     : @ 41369.324: touch gesture: no valid gesture detected
04-17 12:50:39.713510   984  1089 W ASH     : @ 41369.388: touch gesture: no valid gesture detected
04-17 12:50:39.778159   984  1089 W ASH     : @ 41369.453: touch gesture: no valid gesture detected
04-17 12:50:39.842470   984  1089 W ASH     : @ 41369.517: touch gesture: no valid gesture detected
04-17 12:50:39.907068   984  1089 W ASH     : @ 41369.582: touch gesture: no valid gesture detected
04-17 12:50:39.971295   984  1089 W ASH     : @ 41369.646: touch gesture: no valid gesture detected
04-17 12:50:40.034488   984  1089 W ASH     : @ 41369.709: touch gesture: no valid gesture detected
04-17 12:50:40.034865   984  1089 D ASH     : @ 41369.710: SensorType 195 resampler quality 0
04-17 12:50:40.100253   984  1089 W ASH     : @ 41369.775: touch gesture: no valid gesture detected
04-17 12:50:40.164817   984  1089 W ASH     : @ 41369.839: touch gesture: no valid gesture detected
04-17 12:50:40.227689   984  1089 W ASH     : @ 41369.904: touch gesture: no valid gesture detected
04-17 12:50:40.293351   984  1089 W ASH     : @ 41369.968: touch gesture: no valid gesture detected
04-17 12:50:40.357937   984  1089 W ASH     : @ 41370.032: touch gesture: no valid gesture detected
04-17 12:50:40.422204   984  1089 W ASH     : @ 41370.097: touch gesture: no valid gesture detected
--------- switch to kernel
04-17 12:50:40.427295     0     0 I         : c2   5832 google_charger: usbchg=USB typec=C usbv=5040 usbc=2 usbMv=5000 usbMc=450
04-17 12:50:40.427480     0     0 I         : c2   5832 sm7250_bms: MSC_PCS chg_state=1c2112b01030001 [0x1:1:3:4395:450] chg=u
04-17 12:50:40.427546     0     0 I         : c2   5832 google_battery: MSC_DIN chg_state=1c2112b01030001 f=0x1 chg_s=Not Charging chg_t=None vchg=4395 icl=450
04-17 12:50:40.429641     0     0 I         : c2   5832 google_battery: MSC_DSG vbatt_idx:4->4 vbatt=4395876 ibatt=-5187 fv_uv=4430000 cv_cnt=0 ov_cnt=0
04-17 12:50:40.429709     0     0 I         : c2   5832 google_battery: MSC_VOTE msc_state=2 cv_cnt=0 ov_cnt=0 temp_idx:2, vbatt_idx:4  fv_uv=4430000 cc_max=0 update_interval=-1
04-17 12:50:40.429794     0     0 I         : c2   5832 google_charger: MSC_CHG fv_uv=4430000, cc_max=0, rerun in 2000 ms (0)
--------- switch to main
04-17 12:50:40.486564   984  1089 W ASH     : @ 41370.161: touch gesture: no valid gesture detected
04-17 12:50:40.550819   984  1089 W ASH     : @ 41370.226: touch gesture: no valid gesture detected
04-17 12:50:40.615846   984  1089 W ASH     : @ 41370.290: touch gesture: no valid gesture detected
04-17 12:50:40.680266   984  1089 W ASH     : @ 41370.354: touch gesture: no valid gesture detected
04-17 12:50:40.744401   984  1089 W ASH     : @ 41370.419: touch gesture: no valid gesture detected
04-17 12:50:40.808996   984  1089 W ASH     : @ 41370.483: touch gesture: no valid gesture detected
04-17 12:50:40.873109   984  1089 W ASH     : @ 41370.548: touch gesture: no valid gesture detected
04-17 12:50:40.937493   984  1089 W ASH     : @ 41370.612: touch gesture: no valid gesture detected
04-17 12:50:41.002331   984  1089 W ASH     : @ 41370.677: touch gesture: no valid gesture detected
04-17 12:50:41.066182   984  1089 W ASH     : @ 41370.741: touch gesture: no valid gesture detected
04-17 12:50:41.130933   984  1089 W ASH     : @ 41370.806: touch gesture: no valid gesture detected
04-17 12:50:41.195231   984  1089 W ASH     : @ 41370.870: touch gesture: no valid gesture detected
04-17 12:50:41.259482   984  1089 W ASH     : @ 41370.934: touch gesture: no valid gesture detected
04-17 12:50:41.324427   984  1089 W ASH     : @ 41370.999: touch gesture: no valid gesture detected
04-17 12:50:41.388736   984  1089 W ASH     : @ 41371.063: touch gesture: no valid gesture detected
04-17 12:50:41.452717   984  1089 W ASH     : @ 41371.127: touch gesture: no valid gesture detected
04-17 12:50:41.517359   984  1089 W ASH     : @ 41371.192: touch gesture: no valid gesture detected
04-17 12:50:41.582023   984  1089 W ASH     : @ 41371.257: touch gesture: no valid gesture detected
04-17 12:50:41.646182   984  1089 W ASH     : @ 41371.321: touch gesture: no valid gesture detected
04-17 12:50:41.710240   984  1089 W ASH     : @ 41371.385: touch gesture: no valid gesture detected
04-17 12:50:41.774781   984  1089 W ASH     : @ 41371.450: touch gesture: no valid gesture detected
04-17 12:50:41.839401   984  1089 W ASH     : @ 41371.514: touch gesture: no valid gesture detected
04-17 12:50:41.903994   984  1089 W ASH     : @ 41371.578: touch gesture: no valid gesture detected
04-17 12:50:41.968613   984  1089 W ASH     : @ 41371.643: touch gesture: no valid gesture detected
04-17 12:50:42.032623   984  1089 W ASH     : @ 41371.707: touch gesture: no valid gesture detected
04-17 12:50:42.097112   984  1089 W ASH     : @ 41371.772: touch gesture: no valid gesture detected
04-17 12:50:42.161631   984  1089 W ASH     : @ 41371.836: touch gesture: no valid gesture detected
04-17 12:50:42.225853   984  1089 W ASH     : @ 41371.901: touch gesture: no valid gesture detected
04-17 12:50:42.290464   984  1089 W ASH     : @ 41371.965: touch gesture: no valid gesture detected
04-17 12:50:42.354960   984  1089 W ASH     : @ 41372.029: touch gesture: no valid gesture detected
04-17 12:50:42.419397   984  1089 W ASH     : @ 41372.094: touch gesture: no valid gesture detected
--------- switch to kernel
04-17 12:50:42.437304     0     0 I         : c2   5832 google_charger: usbchg=USB typec=C usbv=5049 usbc=0 usbMv=5000 usbMc=450
04-17 12:50:42.437487     0     0 I         : c2   5832 sm7250_bms: MSC_PCS chg_state=1c2112b01030001 [0x1:1:3:4395:450] chg=u
04-17 12:50:42.437558     0     0 I         : c2   5832 google_battery: MSC_DIN chg_state=1c2112b01030001 f=0x1 chg_s=Not Charging chg_t=None vchg=4395 icl=450
04-17 12:50:42.439606     0     0 I         : c2   5832 google_battery: MSC_DSG vbatt_idx:4->4 vbatt=4395876 ibatt=-5187 fv_uv=4430000 cv_cnt=0 ov_cnt=0
04-17 12:50:42.439678     0     0 I         : c2   5832 google_battery: MSC_VOTE msc_state=2 cv_cnt=0 ov_cnt=0 temp_idx:2, vbatt_idx:4  fv_uv=4430000 cc_max=0 update_interval=-1
04-17 12:50:42.439788     0     0 I         : c2   5832 google_charger: MSC_CHG fv_uv=4430000, cc_max=0, rerun in 2000 ms (0)
--------- switch to main
04-17 12:50:42.483303   984  1089 W ASH     : @ 41372.158: touch gesture: no valid gesture detected
04-17 12:50:42.547995   984  1089 W ASH     : @ 41372.222: touch gesture: no valid gesture detected
04-17 12:50:42.612073   984  1089 W ASH     : @ 41372.287: touch gesture: no valid gesture detected
04-17 12:50:42.676197   984  1089 W ASH     : @ 41372.351: touch gesture: no valid gesture detected
04-17 12:50:42.740600   984  1089 W ASH     : @ 41372.415: touch gesture: no valid gesture detected
04-17 12:50:42.805090   984  1089 W ASH     : @ 41372.480: touch gesture: no valid gesture detected
04-17 12:50:42.869325   984  1089 W ASH     : @ 41372.544: touch gesture: no valid gesture detected
04-17 12:50:42.933856   984  1089 W ASH     : @ 41372.609: touch gesture: no valid gesture detected
04-17 12:50:42.998576   984  1089 W ASH     : @ 41372.673: touch gesture: no valid gesture detected
04-17 12:50:43.062752   984  1089 W ASH     : @ 41372.737: touch gesture: no valid gesture detected
04-17 12:50:43.126084   984  1089 W ASH     : @ 41372.802: touch gesture: no valid gesture detected
04-17 12:50:43.191296   984  1089 W ASH     : @ 41372.866: touch gesture: no valid gesture detected
04-17 12:50:43.255902   984  1089 W ASH     : @ 41372.930: touch gesture: no valid gesture detected
04-17 12:50:43.320094   984  1089 W ASH     : @ 41372.995: touch gesture: no valid gesture detected
04-17 12:50:43.384199   984  1089 W ASH     : @ 41373.059: touch gesture: no valid gesture detected
04-17 12:50:43.448829   984  1089 W ASH     : @ 41373.123: touch gesture: no valid gesture detected
04-17 12:50:43.513490   984  1089 W ASH     : @ 41373.188: touch gesture: no valid gesture detected
04-17 12:50:43.577545   984  1089 W ASH     : @ 41373.252: touch gesture: no valid gesture detected
04-17 12:50:43.640618   984  1089 W ASH     : @ 41373.317: touch gesture: no valid gesture detected
04-17 12:50:43.704845   984  1089 W ASH     : @ 41373.381: touch gesture: no valid gesture detected
04-17 12:50:43.770595   984  1089 W ASH     : @ 41373.445: touch gesture: no valid gesture detected
04-17 12:50:43.835350   984  1089 W ASH     : @ 41373.510: touch gesture: no valid gesture detected
04-17 12:50:43.899719   984  1089 W ASH     : @ 41373.574: touch gesture: no valid gesture detected
04-17 12:50:43.963912   984  1089 W ASH     : @ 41373.639: touch gesture: no valid gesture detected
04-17 12:50:44.028527   984  1089 W ASH     : @ 41373.703: touch gesture: no valid gesture detected
04-17 12:50:44.092948   984  1089 W ASH     : @ 41373.767: touch gesture: no valid gesture detected
04-17 12:50:44.157029   984  1089 W ASH     : @ 41373.832: touch gesture: no valid gesture detected
04-17 12:50:44.221461   984  1089 W ASH     : @ 41373.896: touch gesture: no valid gesture detected
04-17 12:50:44.285604   984  1089 W ASH     : @ 41373.960: touch gesture: no valid gesture detected
04-17 12:50:44.350074   984  1089 W ASH     : @ 41374.025: touch gesture: no valid gesture detected
04-17 12:50:44.414907   984  1089 W ASH     : @ 41374.089: touch gesture: no valid gesture detected
--------- switch to kernel
04-17 12:50:44.448692     0     0 I         : c2   5832 google_charger: usbchg=USB typec=C usbv=5032 usbc=0 usbMv=5000 usbMc=450
04-17 12:50:44.448893     0     0 I         : c2   5832 sm7250_bms: MSC_PCS chg_state=1c2112b01030001 [0x1:1:3:4395:450] chg=u
04-17 12:50:44.448976     0     0 I         : c2   5832 google_battery: MSC_DIN chg_state=1c2112b01030001 f=0x1 chg_s=Not Charging chg_t=None vchg=4395 icl=450
04-17 12:50:44.450776     0     0 I         : c2   5832 google_battery: MSC_DSG vbatt_idx:4->4 vbatt=4395876 ibatt=-5187 fv_uv=4430000 cv_cnt=0 ov_cnt=0
04-17 12:50:44.450848     0     0 I         : c2   5832 google_battery: MSC_VOTE msc_state=2 cv_cnt=0 ov_cnt=0 temp_idx:2, vbatt_idx:4  fv_uv=4430000 cc_max=0 update_interval=-1
04-17 12:50:44.450962     0     0 I         : c2   5832 google_charger: MSC_CHG fv_uv=4430000, cc_max=0, rerun in 2000 ms (0)
--------- switch to main
04-17 12:50:44.479280   984  1089 W ASH     : @ 41374.154: touch gesture: no valid gesture detected
04-17 12:50:44.543347   984  1089 W ASH     : @ 41374.218: touch gesture: no valid gesture detected
04-17 12:50:44.607885   984  1089 W ASH     : @ 41374.282: touch gesture: no valid gesture detected
04-17 12:50:44.672549   984  1089 W ASH     : @ 41374.347: touch gesture: no valid gesture detected
04-17 12:50:44.736582   984  1089 W ASH     : @ 41374.411: touch gesture: no valid gesture detected
04-17 12:50:44.800682   984  1089 W ASH     : @ 41374.476: touch gesture: no valid gesture detected
04-17 12:50:44.865421   984  1089 W ASH     : @ 41374.540: touch gesture: no valid gesture detected
04-17 12:50:44.929412   984  1089 W ASH     : @ 41374.604: touch gesture: no valid gesture detected
04-17 12:50:44.993741   984  1089 W ASH     : @ 41374.669: touch gesture: no valid gesture detected
04-17 12:50:45.058476   984  1089 W ASH     : @ 41374.733: touch gesture: no valid gesture detected
04-17 12:50:45.122595   984  1089 W ASH     : @ 41374.797: touch gesture: no valid gesture detected
04-17 12:50:45.187123   984  1089 W ASH     : @ 41374.861: touch gesture: no valid gesture detected
04-17 12:50:45.251386   984  1089 W ASH     : @ 41374.926: touch gesture: no valid gesture detected
04-17 12:50:45.316101   984  1089 W ASH     : @ 41374.991: touch gesture: no valid gesture detected
04-17 12:50:45.379992   984  1089 W ASH     : @ 41375.055: touch gesture: no valid gesture detected
04-17 12:50:45.444627   984  1089 W ASH     : @ 41375.119: touch gesture: no valid gesture detected
04-17 12:50:45.509175   984  1089 W ASH     : @ 41375.184: touch gesture: no valid gesture detected
04-17 12:50:45.573606   984  1089 W ASH     : @ 41375.248: touch gesture: no valid gesture detected
04-17 12:50:45.638079   984  1089 W ASH     : @ 41375.313: touch gesture: no valid gesture detected
04-17 12:50:45.702834   984  1089 W ASH     : @ 41375.377: touch gesture: no valid gesture detected
04-17 12:50:45.766500   984  1089 W ASH     : @ 41375.441: touch gesture: no valid gesture detected
04-17 12:50:45.831420   984  1089 W ASH     : @ 41375.506: touch gesture: no valid gesture detected
04-17 12:50:45.895602   984  1089 W ASH     : @ 41375.570: touch gesture: no valid gesture detected
04-17 12:50:45.959749   984  1089 W ASH     : @ 41375.634: touch gesture: no valid gesture detected
04-17 12:50:46.024043   984  1089 W ASH     : @ 41375.699: touch gesture: no valid gesture detected
04-17 12:50:46.088217   984  1089 W ASH     : @ 41375.763: touch gesture: no valid gesture detected
04-17 12:50:46.152896   984  1089 W ASH     : @ 41375.828: touch gesture: no valid gesture detected
04-17 12:50:46.217172   984  1089 W ASH     : @ 41375.892: touch gesture: no valid gesture detected
04-17 12:50:46.281925   984  1089 W ASH     : @ 41375.956: touch gesture: no valid gesture detected
04-17 12:50:46.346394   984  1089 W ASH     : @ 41376.021: touch gesture: no valid gesture detected
04-17 12:50:46.410812   984  1089 W ASH     : @ 41376.085: touch gesture: no valid gesture detected
04-17 12:50:46.435697   984  1089 D VSC     : @ 41376.110: [Significant Motion] Request motion_detect, interval 18446744027136.0 ms, latency 0.0 ms
04-17 12:50:46.435884   984  1089 D VSC     : @ 41376.110: [Significant Motion] Stop accel
--------- switch to kernel
04-17 12:50:46.460107     0     0 I         : c2   5832 google_charger: usbchg=USB typec=C usbv=5031 usbc=0 usbMv=5000 usbMc=450
04-17 12:50:46.460281     0     0 I         : c2   5832 sm7250_bms: MSC_PCS chg_state=1c2112b01030001 [0x1:1:3:4395:450] chg=u
04-17 12:50:46.460479     0     0 I         : c2   5832 google_battery: MSC_DIN chg_state=1c2112b01030001 f=0x1 chg_s=Not Charging chg_t=None vchg=4395 icl=450
04-17 12:50:46.462236     0     0 I         : c2   5832 google_battery: MSC_DSG vbatt_idx:4->4 vbatt=4395876 ibatt=-5187 fv_uv=4430000 cv_cnt=0 ov_cnt=0
04-17 12:50:46.462297     0     0 I         : c2   5832 google_battery: MSC_VOTE msc_state=2 cv_cnt=0 ov_cnt=0 temp_idx:2, vbatt_idx:4  fv_uv=4430000 cc_max=0 update_interval=-1
04-17 12:50:46.462389     0     0 I         : c2   5832 google_charger: MSC_CHG fv_uv=4430000, cc_max=0, rerun in 2000 ms (0)
--------- switch to main
04-17 12:50:46.473911   984  1089 W ASH     : @ 41376.150: touch gesture: no valid gesture detected
04-17 12:50:46.539822   984  1089 W ASH     : @ 41376.214: touch gesture: no valid gesture detected
04-17 12:50:46.604421   984  1089 W ASH     : @ 41376.279: touch gesture: no valid gesture detected
04-17 12:50:46.668706   984  1089 W ASH     : @ 41376.343: touch gesture: no valid gesture detected
04-17 12:50:46.733040   984  1089 W ASH     : @ 41376.408: touch gesture: no valid gesture detected
04-17 12:50:46.797523   984  1089 W ASH     : @ 41376.472: touch gesture: no valid gesture detected
04-17 12:50:46.861965   984  1089 W ASH     : @ 41376.537: touch gesture: no valid gesture detected
04-17 12:50:46.926639   984  1089 W ASH     : @ 41376.601: touch gesture: no valid gesture detected
04-17 12:50:46.990905   984  1089 W ASH     : @ 41376.665: touch gesture: no valid gesture detected
04-17 12:50:47.054246   984  1089 W ASH     : @ 41376.730: touch gesture: no valid gesture detected
04-17 12:50:47.119874   984  1089 W ASH     : @ 41376.794: touch gesture: no valid gesture detected
04-17 12:50:47.184497   984  1089 W ASH     : @ 41376.859: touch gesture: no valid gesture detected
04-17 12:50:47.248646   984  1089 W ASH     : @ 41376.923: touch gesture: no valid gesture detected
04-17 12:50:47.312819   984  1089 W ASH     : @ 41376.988: touch gesture: no valid gesture detected
04-17 12:50:47.377161   984  1089 W ASH     : @ 41377.052: touch gesture: no valid gesture detected
04-17 12:50:47.441637   984  1089 W ASH     : @ 41377.116: touch gesture: no valid gesture detected
04-17 12:50:47.506361   984  1089 W ASH     : @ 41377.181: touch gesture: no valid gesture detected
04-17 12:50:47.571016   984  1089 W ASH     : @ 41377.246: touch gesture: no valid gesture detected
04-17 12:50:47.635522   984  1089 W ASH     : @ 41377.310: touch gesture: no valid gesture detected
04-17 12:50:47.700223   984  1089 W ASH     : @ 41377.374: touch gesture: no valid gesture detected
04-17 12:50:47.764437   984  1089 W ASH     : @ 41377.439: touch gesture: no valid gesture detected
04-17 12:50:47.828798   984  1089 W ASH     : @ 41377.503: touch gesture: no valid gesture detected
04-17 12:50:47.893245   984  1089 W ASH     : @ 41377.568: touch gesture: no valid gesture detected
04-17 12:50:47.957351   984  1089 W ASH     : @ 41377.632: touch gesture: no valid gesture detected
04-17 12:50:48.021038   984  1089 W ASH     : @ 41377.697: touch gesture: no valid gesture detected
04-17 12:50:48.086311   984  1089 W ASH     : @ 41377.761: touch gesture: no valid gesture detected
04-17 12:50:48.150798   984  1089 W ASH     : @ 41377.825: touch gesture: no valid gesture detected
04-17 12:50:48.215175   984  1089 W ASH     : @ 41377.890: touch gesture: no valid gesture detected
04-17 12:50:48.279961   984  1089 W ASH     : @ 41377.954: touch gesture: no valid gesture detected
04-17 12:50:48.344012   984  1089 W ASH     : @ 41378.019: touch gesture: no valid gesture detected
04-17 12:50:48.408478   984  1089 W ASH     : @ 41378.083: touch gesture: no valid gesture detected
04-17 12:50:48.472846   984  1089 W ASH     : @ 41378.147: touch gesture: no valid gesture detected
--------- switch to kernel
04-17 12:50:48.470367     0     0 I         : c2   5832 google_charger: usbchg=USB typec=C usbv=5027 usbc=0 usbMv=5000 usbMc=450
04-17 12:50:48.470538     0     0 I         : c2   5832 sm7250_bms: MSC_PCS chg_state=1c2112b01030001 [0x1:1:3:4395:450] chg=u
04-17 12:50:48.470615     0     0 I         : c2   5832 google_battery: MSC_DIN chg_state=1c2112b01030001 f=0x1 chg_s=Not Charging chg_t=None vchg=4395 icl=450
04-17 12:50:48.472266     0     0 I         : c2   5832 google_battery: MSC_DSG vbatt_idx:4->4 vbatt=4395876 ibatt=-5187 fv_uv=4430000 cv_cnt=0 ov_cnt=0
04-17 12:50:48.472358     0     0 I         : c2   5832 google_battery: MSC_VOTE msc_state=2 cv_cnt=0 ov_cnt=0 temp_idx:2, vbatt_idx:4  fv_uv=4430000 cc_max=0 update_interval=-1
04-17 12:50:48.472466     0     0 I         : c2   5832 google_charger: MSC_CHG fv_uv=4430000, cc_max=0, rerun in 2000 ms (0)
--------- switch to main
04-17 12:50:48.537461   984  1089 W ASH     : @ 41378.212: touch gesture: no valid gesture detected
04-17 12:50:48.601928   984  1089 W ASH     : @ 41378.276: touch gesture: no valid gesture detected
04-17 12:50:48.666308   984  1089 W ASH     : @ 41378.341: touch gesture: no valid gesture detected
04-17 12:50:48.730803   984  1089 W ASH     : @ 41378.405: touch gesture: no valid gesture detected
04-17 12:50:48.795286   984  1089 W ASH     : @ 41378.470: touch gesture: no valid gesture detected
04-17 12:50:48.859604   984  1089 W ASH     : @ 41378.534: touch gesture: no valid gesture detected
04-17 12:50:48.924534   984  1089 W ASH     : @ 41378.599: touch gesture: no valid gesture detected
04-17 12:50:48.988802   984  1089 W ASH     : @ 41378.663: touch gesture: no valid gesture detected
04-17 12:50:49.052764   984  1089 W ASH     : @ 41378.728: touch gesture: no valid gesture detected
04-17 12:50:49.117478   984  1089 W ASH     : @ 41378.792: touch gesture: no valid gesture detected
04-17 12:50:49.181569   984  1089 W ASH     : @ 41378.856: touch gesture: no valid gesture detected
04-17 12:50:49.246258   984  1089 W ASH     : @ 41378.921: touch gesture: no valid gesture detected
04-17 12:50:49.310755   984  1089 W ASH     : @ 41378.985: touch gesture: no valid gesture detected
04-17 12:50:49.373974   984  1089 W ASH     : @ 41379.050: touch gesture: no valid gesture detected
04-17 12:50:49.439160   984  1089 W ASH     : @ 41379.114: touch gesture: no valid gesture detected
04-17 12:50:49.503497   984  1089 W ASH     : @ 41379.178: touch gesture: no valid gesture detected
04-17 12:50:49.568198   984  1089 W ASH     : @ 41379.243: touch gesture: no valid gesture detected
04-17 12:50:49.632778   984  1089 W ASH     : @ 41379.307: touch gesture: no valid gesture detected
04-17 12:50:49.697100   984  1089 W ASH     : @ 41379.372: touch gesture: no valid gesture detected
04-17 12:50:49.761244   984  1089 W ASH     : @ 41379.436: touch gesture: no valid gesture detected
04-17 12:50:49.825972   984  1089 W ASH     : @ 41379.500: touch gesture: no valid gesture detected
04-17 12:50:49.889985   984  1089 W ASH     : @ 41379.565: touch gesture: no valid gesture detected
04-17 12:50:49.954539   984  1089 W ASH     : @ 41379.629: touch gesture: no valid gesture detected
04-17 12:50:50.018693   984  1089 W ASH     : @ 41379.693: touch gesture: no valid gesture detected
04-17 12:50:50.082803   984  1089 W ASH     : @ 41379.758: touch gesture: no valid gesture detected
04-17 12:50:50.147368   984  1089 W ASH     : @ 41379.822: touch gesture: no valid gesture detected
04-17 12:50:50.211623   984  1089 W ASH     : @ 41379.887: touch gesture: no valid gesture detected
04-17 12:50:50.276179   984  1089 W ASH     : @ 41379.951: touch gesture: no valid gesture detected
04-17 12:50:50.340529   984  1089 W ASH     : @ 41380.015: touch gesture: no valid gesture detected
04-17 12:50:50.404822   984  1089 W ASH     : @ 41380.080: touch gesture: no valid gesture detected
04-17 12:50:50.467721   984  1089 W ASH     : @ 41380.144: touch gesture: no valid gesture detected
--------- switch to kernel
04-17 12:50:50.479979     0     0 I         : c2   5832 google_charger: usbchg=USB typec=C usbv=5035 usbc=0 usbMv=5000 usbMc=450
04-17 12:50:50.480160     0     0 I         : c2   5832 sm7250_bms: MSC_PCS chg_state=1c2112b01030001 [0x1:1:3:4395:450] chg=u
04-17 12:50:50.480229     0     0 I         : c2   5832 google_battery: MSC_DIN chg_state=1c2112b01030001 f=0x1 chg_s=Not Charging chg_t=None vchg=4395 icl=450
04-17 12:50:50.481850     0     0 I         : c2   5832 google_battery: MSC_DSG vbatt_idx:4->4 vbatt=4395876 ibatt=-5187 fv_uv=4430000 cv_cnt=0 ov_cnt=0
04-17 12:50:50.481905     0     0 I         : c2   5832 google_battery: MSC_VOTE msc_state=2 cv_cnt=0 ov_cnt=0 temp_idx:2, vbatt_idx:4  fv_uv=4430000 cc_max=0 update_interval=-1
04-17 12:50:50.481985     0     0 I         : c2   5832 google_charger: MSC_CHG fv_uv=4430000, cc_max=0, rerun in 2000 ms (0)
--------- switch to main
04-17 12:50:50.533622   984  1089 W ASH     : @ 41380.208: touch gesture: no valid gesture detected
04-17 12:50:50.598283   984  1089 W ASH     : @ 41380.273: touch gesture: no valid gesture detected
04-17 12:50:50.662346   984  1089 W ASH     : @ 41380.337: touch gesture: no valid gesture detected
04-17 12:50:50.726775   984  1089 W ASH     : @ 41380.402: touch gesture: no valid gesture detected
04-17 12:50:50.791403   984  1089 W ASH     : @ 41380.466: touch gesture: no valid gesture detected
04-17 12:50:50.855592   984  1089 W ASH     : @ 41380.530: touch gesture: no valid gesture detected
04-17 12:50:50.919759   984  1089 W ASH     : @ 41380.595: touch gesture: no valid gesture detected
04-17 12:50:50.984403   984  1089 W ASH     : @ 41380.659: touch gesture: no valid gesture detected
04-17 12:50:51.048819   984  1089 W ASH     : @ 41380.723: touch gesture: no valid gesture detected
04-17 12:50:51.112998   984  1089 W ASH     : @ 41380.788: touch gesture: no valid gesture detected
04-17 12:50:51.177504   984  1089 W ASH     : @ 41380.852: touch gesture: no valid gesture detected
04-17 12:50:51.242170   984  1089 W ASH     : @ 41380.917: touch gesture: no valid gesture detected
04-17 12:50:51.306675   984  1089 W ASH     : @ 41380.981: touch gesture: no valid gesture detected
04-17 12:50:51.370916   984  1089 W ASH     : @ 41381.046: touch gesture: no valid gesture detected
04-17 12:50:51.435390   984  1089 W ASH     : @ 41381.110: touch gesture: no valid gesture detected
04-17 12:50:51.499689   984  1089 W ASH     : @ 41381.174: touch gesture: no valid gesture detected
04-17 12:50:51.564203   984  1089 W ASH     : @ 41381.239: touch gesture: no valid gesture detected
04-17 12:50:51.628616   984  1089 W ASH     : @ 41381.303: touch gesture: no valid gesture detected
04-17 12:50:51.692997   984  1089 W ASH     : @ 41381.368: touch gesture: no valid gesture detected
04-17 12:50:51.757526   984  1089 W ASH     : @ 41381.432: touch gesture: no valid gesture detected
04-17 12:50:51.821630   984  1089 W ASH     : @ 41381.496: touch gesture: no valid gesture detected
04-17 12:50:51.886536   984  1089 W ASH     : @ 41381.561: touch gesture: no valid gesture detected
04-17 12:50:51.950742   984  1089 W ASH     : @ 41381.625: touch gesture: no valid gesture detected
04-17 12:50:52.015352   984  1089 W ASH     : @ 41381.690: touch gesture: no valid gesture detected
04-17 12:50:52.079689   984  1089 W ASH     : @ 41381.754: touch gesture: no valid gesture detected
04-17 12:50:52.144147   984  1089 W ASH     : @ 41381.819: touch gesture: no valid gesture detected
04-17 12:50:52.208689   984  1089 W ASH     : @ 41381.883: touch gesture: no valid gesture detected
04-17 12:50:52.273092   984  1089 W ASH     : @ 41381.948: touch gesture: no valid gesture detected
04-17 12:50:52.337337   984  1089 W ASH     : @ 41382.012: touch gesture: no valid gesture detected
04-17 12:50:52.401967   984  1089 W ASH     : @ 41382.077: touch gesture: no valid gesture detected
04-17 12:50:52.466881   984  1089 W ASH     : @ 41382.141: touch gesture: no valid gesture detected
--------- switch to kernel
04-17 12:50:52.489386     0     0 I         : c2   5832 google_charger: usbchg=USB typec=C usbv=5038 usbc=0 usbMv=5000 usbMc=450
04-17 12:50:52.489583     0     0 I         : c2   5832 sm7250_bms: MSC_PCS chg_state=1c2112b01030001 [0x1:1:3:4395:450] chg=u
04-17 12:50:52.489664     0     0 I         : c2   5832 google_battery: MSC_DIN chg_state=1c2112b01030001 f=0x1 chg_s=Not Charging chg_t=None vchg=4395 icl=450
04-17 12:50:52.491354     0     0 I         : c2   5832 google_battery: MSC_DSG vbatt_idx:4->4 vbatt=4395876 ibatt=-5187 fv_uv=4430000 cv_cnt=0 ov_cnt=0
04-17 12:50:52.491422     0     0 I         : c2   5832 google_battery: MSC_VOTE msc_state=2 cv_cnt=0 ov_cnt=0 temp_idx:2, vbatt_idx:4  fv_uv=4430000 cc_max=0 update_interval=-1
04-17 12:50:52.491536     0     0 I         : c2   5832 google_charger: MSC_CHG fv_uv=4430000, cc_max=0, rerun in 2000 ms (0)
--------- switch to main
04-17 12:50:52.531468   984  1089 W ASH     : @ 41382.205: touch gesture: no valid gesture detected
04-17 12:50:52.595781   984  1089 W ASH     : @ 41382.270: touch gesture: no valid gesture detected
04-17 12:50:52.659870   984  1089 W ASH     : @ 41382.335: touch gesture: no valid gesture detected
--------- switch to kernel
04-17 12:50:52.665913     0     0 I         : c4   5827 qcom_rpmh DRV:apps_rsc TCS Busy, retrying RPMH message send: addr=0x30000
04-17 12:50:52.665973     0     0 I         : c4   5827 qcom_rpmh DRV:apps_rsc TCS Busy, retrying RPMH message send: addr=0x30000
04-17 12:50:52.666008     0     0 I         : c4   5827 qcom_rpmh DRV:apps_rsc TCS Busy, retrying RPMH message send: addr=0x30000
04-17 12:50:52.666041     0     0 I         : c4   5827 qcom_rpmh DRV:apps_rsc TCS Busy, retrying RPMH message send: addr=0x30000
--------- switch to main
04-17 12:50:52.724065   984  1089 W ASH     : @ 41382.399: touch gesture: no valid gesture detected
04-17 12:50:52.789045   984  1089 W ASH     : @ 41382.464: touch gesture: no valid gesture detected
04-17 12:50:52.853488   984  1089 W ASH     : @ 41382.528: touch gesture: no valid gesture detected
04-17 12:50:52.918171   984  1089 W ASH     : @ 41382.593: touch gesture: no valid gesture detected
04-17 12:50:52.982835   984  1089 W ASH     : @ 41382.657: touch gesture: no valid gesture detected
04-17 12:50:53.047037   984  1089 W ASH     : @ 41382.722: touch gesture: no valid gesture detected
04-17 12:50:53.111373   984  1089 W ASH     : @ 41382.786: touch gesture: no valid gesture detected
04-17 12:50:53.176152   984  1089 W ASH     : @ 41382.850: touch gesture: no valid gesture detected
04-17 12:50:53.240483   984  1089 W ASH     : @ 41382.915: touch gesture: no valid gesture detected
04-17 12:50:53.305358   984  1089 W ASH     : @ 41382.979: touch gesture: no valid gesture detected
04-17 12:50:53.369592   984  1089 W ASH     : @ 41383.044: touch gesture: no valid gesture detected
04-17 12:50:53.434070   984  1089 W ASH     : @ 41383.108: touch gesture: no valid gesture detected
04-17 12:50:53.498580   984  1089 W ASH     : @ 41383.173: touch gesture: no valid gesture detected
04-17 12:50:53.562874   984  1089 W ASH     : @ 41383.237: touch gesture: no valid gesture detected
04-17 12:50:53.626704   984  1089 W ASH     : @ 41383.302: touch gesture: no valid gesture detected
04-17 12:50:53.691007   984  1089 W ASH     : @ 41383.366: touch gesture: no valid gesture detected
04-17 12:50:53.755406   984  1089 W ASH     : @ 41383.430: touch gesture: no valid gesture detected
04-17 12:50:53.820179   984  1089 W ASH     : @ 41383.495: touch gesture: no valid gesture detected
04-17 12:50:53.884720   984  1089 W ASH     : @ 41383.559: touch gesture: no valid gesture detected
04-17 12:50:53.949285   984  1089 W ASH     : @ 41383.624: touch gesture: no valid gesture detected
04-17 12:50:54.013466   984  1089 W ASH     : @ 41383.688: touch gesture: no valid gesture detected
04-17 12:50:54.078063   984  1089 W ASH     : @ 41383.753: touch gesture: no valid gesture detected
04-17 12:50:54.142836   984  1089 W ASH     : @ 41383.817: touch gesture: no valid gesture detected
04-17 12:50:54.206661   984  1089 W ASH     : @ 41383.881: touch gesture: no valid gesture detected
04-17 12:50:54.271332   984  1089 W ASH     : @ 41383.946: touch gesture: no valid gesture detected
04-17 12:50:54.335497   984  1089 W ASH     : @ 41384.010: touch gesture: no valid gesture detected
04-17 12:50:54.400282   984  1089 W ASH     : @ 41384.075: touch gesture: no valid gesture detected
04-17 12:50:54.464536   984  1089 W ASH     : @ 41384.139: touch gesture: no valid gesture detected
--------- switch to kernel
04-17 12:50:54.500573     0     0 I         : c2   5832 google_charger: usbchg=USB typec=C usbv=5038 usbc=0 usbMv=5000 usbMc=450
04-17 12:50:54.500768     0     0 I         : c2   5832 sm7250_bms: MSC_PCS chg_state=1c2112b01030001 [0x1:1:3:4395:450] chg=u
04-17 12:50:54.500847     0     0 I         : c2   5832 google_battery: MSC_DIN chg_state=1c2112b01030001 f=0x1 chg_s=Not Charging chg_t=None vchg=4395 icl=450
04-17 12:50:54.502850     0     0 I         : c2   5832 google_battery: MSC_DSG vbatt_idx:4->4 vbatt=4395876 ibatt=-5493 fv_uv=4430000 cv_cnt=0 ov_cnt=0
04-17 12:50:54.502913     0     0 I         : c2   5832 google_battery: MSC_VOTE msc_state=2 cv_cnt=0 ov_cnt=0 temp_idx:2, vbatt_idx:4  fv_uv=4430000 cc_max=0 update_interval=-1
04-17 12:50:54.503007     0     0 I         : c2   5832 google_charger: MSC_CHG fv_uv=4430000, cc_max=0, rerun in 2000 ms (0)
--------- switch to main
04-17 12:50:54.528702   984  1089 W ASH     : @ 41384.203: touch gesture: no valid gesture detected
04-17 12:50:54.593146   984  1089 W ASH     : @ 41384.268: touch gesture: no valid gesture detected
04-17 12:50:54.657684   984  1089 W ASH     : @ 41384.332: touch gesture: no valid gesture detected
04-17 12:50:54.722210   984  1089 W ASH     : @ 41384.397: touch gesture: no valid gesture detected
04-17 12:50:54.786651   984  1089 W ASH     : @ 41384.461: touch gesture: no valid gesture detected
04-17 12:50:54.850941   984  1089 W ASH     : @ 41384.526: touch gesture: no valid gesture detected
04-17 12:50:54.915991   984  1089 W ASH     : @ 41384.590: touch gesture: no valid gesture detected
04-17 12:50:54.980212   984  1089 W ASH     : @ 41384.655: touch gesture: no valid gesture detected
04-17 12:50:55.044750   984  1089 W ASH     : @ 41384.719: touch gesture: no valid gesture detected
04-17 12:50:55.109097   984  1089 W ASH     : @ 41384.784: touch gesture: no valid gesture detected
04-17 12:50:55.173263   984  1089 W ASH     : @ 41384.848: touch gesture: no valid gesture detected
04-17 12:50:55.238060   984  1089 W ASH     : @ 41384.913: touch gesture: no valid gesture detected
04-17 12:50:55.302299   984  1089 W ASH     : @ 41384.977: touch gesture: no valid gesture detected
04-17 12:50:55.366859   984  1089 W ASH     : @ 41385.042: touch gesture: no valid gesture detected
04-17 12:50:55.431523   984  1089 W ASH     : @ 41385.106: touch gesture: no valid gesture detected
04-17 12:50:55.496352   984  1089 W ASH     : @ 41385.171: touch gesture: no valid gesture detected
04-17 12:50:55.560666   984  1089 W ASH     : @ 41385.235: touch gesture: no valid gesture detected
04-17 12:50:55.623159   984  1089 W ASH     : @ 41385.300: touch gesture: no valid gesture detected
04-17 12:50:55.689674   984  1089 W ASH     : @ 41385.364: touch gesture: no valid gesture detected
04-17 12:50:55.754311   984  1089 W ASH     : @ 41385.429: touch gesture: no valid gesture detected
04-17 12:50:55.818794   984  1089 W ASH     : @ 41385.493: touch gesture: no valid gesture detected
04-17 12:50:55.882941   984  1089 W ASH     : @ 41385.558: touch gesture: no valid gesture detected
04-17 12:50:55.947633   984  1089 W ASH     : @ 41385.622: touch gesture: no valid gesture detected
04-17 12:50:56.012236   984  1089 W ASH     : @ 41385.687: touch gesture: no valid gesture detected
04-17 12:50:56.076851   984  1089 W ASH     : @ 41385.751: touch gesture: no valid gesture detected
04-17 12:50:56.141313   984  1089 W ASH     : @ 41385.816: touch gesture: no valid gesture detected
04-17 12:50:56.205730   984  1089 W ASH     : @ 41385.880: touch gesture: no valid gesture detected
04-17 12:50:56.270053   984  1089 W ASH     : @ 41385.945: touch gesture: no valid gesture detected
04-17 12:50:56.334545   984  1089 W ASH     : @ 41386.009: touch gesture: no valid gesture detected
04-17 12:50:56.399528   984  1089 W ASH     : @ 41386.074: touch gesture: no valid gesture detected
04-17 12:50:56.463599   984  1089 W ASH     : @ 41386.138: touch gesture: no valid gesture detected
--------- switch to kernel
04-17 12:50:56.511866     0     0 I         : c2   5832 google_charger: usbchg=USB typec=C usbv=5040 usbc=4 usbMv=5000 usbMc=450
04-17 12:50:56.512060     0     0 I         : c2   5832 sm7250_bms: MSC_PCS chg_state=1c2112b01030001 [0x1:1:3:4395:450] chg=u
04-17 12:50:56.512139     0     0 I         : c2   5832 google_battery: MSC_DIN chg_state=1c2112b01030001 f=0x1 chg_s=Not Charging chg_t=None vchg=4395 icl=450
04-17 12:50:56.513875     0     0 I         : c2   5832 google_battery: MSC_DSG vbatt_idx:4->4 vbatt=4395876 ibatt=-5493 fv_uv=4430000 cv_cnt=0 ov_cnt=0
04-17 12:50:56.513941     0     0 I         : c2   5832 google_battery: MSC_VOTE msc_state=2 cv_cnt=0 ov_cnt=0 temp_idx:2, vbatt_idx:4  fv_uv=4430000 cc_max=0 update_interval=-1
04-17 12:50:56.514048     0     0 I         : c2   5832 google_charger: MSC_CHG fv_uv=4430000, cc_max=0, rerun in 2000 ms (0)
--------- switch to main
04-17 12:50:56.526744   984  1089 W ASH     : @ 41386.203: touch gesture: no valid gesture detected
04-17 12:50:56.592879   984  1089 W ASH     : @ 41386.267: touch gesture: no valid gesture detected
04-17 12:50:56.657297   984  1089 W ASH     : @ 41386.332: touch gesture: no valid gesture detected
04-17 12:50:56.722089   984  1089 W ASH     : @ 41386.396: touch gesture: no valid gesture detected
04-17 12:50:56.786016   984  1089 W ASH     : @ 41386.461: touch gesture: no valid gesture detected
04-17 12:50:56.850375   984  1089 W ASH     : @ 41386.525: touch gesture: no valid gesture detected
04-17 12:50:56.914589   984  1089 W ASH     : @ 41386.589: touch gesture: no valid gesture detected
04-17 12:50:56.979273   984  1089 W ASH     : @ 41386.654: touch gesture: no valid gesture detected
04-17 12:50:57.043534   984  1089 W ASH     : @ 41386.718: touch gesture: no valid gesture detected
04-17 12:50:57.108050   984  1089 W ASH     : @ 41386.783: touch gesture: no valid gesture detected
04-17 12:50:57.172500   984  1089 W ASH     : @ 41386.847: touch gesture: no valid gesture detected
04-17 12:50:57.236639   984  1089 W ASH     : @ 41386.912: touch gesture: no valid gesture detected
04-17 12:50:57.301504   984  1089 W ASH     : @ 41386.976: touch gesture: no valid gesture detected
04-17 12:50:57.365594   984  1089 W ASH     : @ 41387.040: touch gesture: no valid gesture detected
04-17 12:50:57.430364   984  1089 W ASH     : @ 41387.105: touch gesture: no valid gesture detected
04-17 12:50:57.494506   984  1089 W ASH     : @ 41387.169: touch gesture: no valid gesture detected
04-17 12:50:57.559407   984  1089 W ASH     : @ 41387.234: touch gesture: no valid gesture detected
04-17 12:50:57.623487   984  1089 W ASH     : @ 41387.298: touch gesture: no valid gesture detected
04-17 12:50:57.687788   984  1089 W ASH     : @ 41387.362: touch gesture: no valid gesture detected
04-17 12:50:57.752124   984  1089 W ASH     : @ 41387.427: touch gesture: no valid gesture detected
04-17 12:50:57.816333   984  1089 W ASH     : @ 41387.491: touch gesture: no valid gesture detected
04-17 12:50:57.880795   984  1089 W ASH     : @ 41387.556: touch gesture: no valid gesture detected
04-17 12:50:57.945566   984  1089 W ASH     : @ 41387.620: touch gesture: no valid gesture detected
04-17 12:50:58.009589   984  1089 W ASH     : @ 41387.684: touch gesture: no valid gesture detected
04-17 12:50:58.074570   984  1089 W ASH     : @ 41387.749: touch gesture: no valid gesture detected
04-17 12:50:58.138882   984  1089 W ASH     : @ 41387.813: touch gesture: no valid gesture detected
04-17 12:50:58.203317   984  1089 W ASH     : @ 41387.878: touch gesture: no valid gesture detected
04-17 12:50:58.267788   984  1089 W ASH     : @ 41387.942: touch gesture: no valid gesture detected
04-17 12:50:58.332163   984  1089 W ASH     : @ 41388.006: touch gesture: no valid gesture detected
04-17 12:50:58.396115   984  1089 W ASH     : @ 41388.071: touch gesture: no valid gesture detected
04-17 12:50:58.460625   984  1089 W ASH     : @ 41388.135: touch gesture: no valid gesture detected
04-17 12:50:58.524872   984  1089 W ASH     : @ 41388.200: touch gesture: no valid gesture detected
--------- switch to kernel
04-17 12:50:58.522807     0     0 I         : c2   5832 google_charger: usbchg=USB typec=C usbv=5029 usbc=0 usbMv=5000 usbMc=450
04-17 12:50:58.522984     0     0 I         : c2   5832 sm7250_bms: MSC_PCS chg_state=1c2112b01030001 [0x1:1:3:4395:450] chg=u
04-17 12:50:58.523061     0     0 I         : c2   5832 google_battery: MSC_DIN chg_state=1c2112b01030001 f=0x1 chg_s=Not Charging chg_t=None vchg=4395 icl=450
04-17 12:50:58.525766     0     0 I         : c2   5832 google_battery: MSC_DSG vbatt_idx:4->4 vbatt=4395876 ibatt=-5493 fv_uv=4430000 cv_cnt=0 ov_cnt=0
04-17 12:50:58.525838     0     0 I         : c2   5832 google_battery: MSC_VOTE msc_state=2 cv_cnt=0 ov_cnt=0 temp_idx:2, vbatt_idx:4  fv_uv=4430000 cc_max=0 update_interval=-1
04-17 12:50:58.525952     0     0 I         : c2   5832 google_charger: MSC_CHG fv_uv=4430000, cc_max=0, rerun in 2000 ms (0)
--------- switch to main
04-17 12:50:58.588837   984  1089 W ASH     : @ 41388.264: touch gesture: no valid gesture detected
04-17 12:50:58.654208   984  1089 W ASH     : @ 41388.328: touch gesture: no valid gesture detected
04-17 12:50:58.718533   984  1089 W ASH     : @ 41388.393: touch gesture: no valid gesture detected
04-17 12:50:58.782706   984  1089 W ASH     : @ 41388.457: touch gesture: no valid gesture detected
04-17 12:50:58.846967   984  1089 W ASH     : @ 41388.522: touch gesture: no valid gesture detected
04-17 12:50:58.911237   984  1089 W ASH     : @ 41388.586: touch gesture: no valid gesture detected
