04-17 13:45:29.094724   979   979 D pixelstats: BatteryEEPROM: 00e0 0e69 005a 0002 1f00 6000 2761 0060 0f32 1175 0d19 08f2 f0b1 297e 
04-17 13:45:29.094724   979   979 D pixelstats: BatteryEEPROM: 00f9 0eea 005b 0004 1f00 4d00 1f4e 004e 0f32 1175 0d19 08f2 f0b1 29db 
04-17 13:45:29.094724   979   979 D pixelstats: BatteryEEPROM: 0112 0f27 005a 000c 1d00 7400 317a 0078 0f32 1175 0d19 09b7 f0b1 2b8a 
04-17 13:45:29.094724   979   979 D pixelstats: BatteryEEPROM: 012b 0df7 0057 0002 2200 b400 4bbb 00b6 0f32 1175 0d19 0aa4 f0b1 2c31 
04-17 13:45:29.094724   979   979 D pixelstats: BatteryEEPROM: 0144 0d49 005d 001a 1937 d800 5ae1 00d7 0f32 1175 0d19 0aa4 f0b1 2c62 
04-17 13:45:29.094724   979   979 D pixelstats: BatteryEEPROM: 015d 0d15 005f 000f 1a37 3200 183c 003c 0f32 117b 0c63 0aa4 f0b1 2967 
04-17 13:45:29.094724   979   979 D pixelstats: BatteryEEPROM: 0161 0d15 005
04-17 13:45:29.094906   979   979 D pixelstats: BatteryEEPROM: reportEvent: cycle_cnt:99, full_cap:4187, esr:94, rslow:4, soh:0, batt_temp:24, cutoff_soc:0, cc_soc:206, sys_soc:217, msoc:87, batt_soc:211, reserve:0, max_temp:42, min_temp:21, max_vbatt:4466, min_vbatt:3353, max_ibatt:2290, min_ibatt:-3919, checksum:11382
04-17 13:45:29.095221   979   979 D pixelstats: BatteryEEPROM: reportEvent: cycle_cnt:149, full_cap:3992, esr:91, rslow:1, soh:0, batt_temp:27, cutoff_soc:0, cc_soc:176, sys_soc:182, msoc:73, batt_soc:177, reserve:0, max_temp:50, min_temp:15, max_vbatt:4469, min_vbatt:3353, max_ibatt:2290, min_ibatt:-3919, checksum:11126
04-17 13:45:29.095627   979   979 D pixelstats: BatteryEEPROM: reportEvent: cycle_cnt:174, full_cap:3984, esr:93, rslow:21, soh:0, batt_temp:26, cutoff_soc:0, cc_soc:247, sys_soc:250, msoc:100, batt_soc:241, reserve:0, max_temp:50, min_temp:15, max_vbatt:4469, min_vbatt:3353, max_ibatt:2290, min_ibatt:-3919, checksum:11394
04-17 13:45:29.095849   979   979 D pixelstats: BatteryEEPROM: reportEvent: cycle_cnt:199, full_cap:3782, esr:88, rslow:12, soh:0, batt_temp:33, cutoff_soc:0, cc_soc:219, sys_soc:232, msoc:93, batt_soc:226, reserve:0, max_temp:50, min_temp:15, max_vbatt:4469, min_vbatt:3353, max_ibatt:2290, min_ibatt:-3919, checksum:11142
04-17 13:45:29.096006   979   979 D pixelstats: BatteryEEPROM: reportEvent: cycle_cnt:224, full_cap:3689, esr:90, rslow:2, soh:0, batt_temp:31, cutoff_soc:0, cc_soc:96, sys_soc:97, msoc:39, batt_soc:96, reserve:0, max_temp:50, min_temp:15, max_vbatt:4469, min_vbatt:3353, max_ibatt:2290, min_ibatt:-3919, checksum:10622
04-17 13:45:29.096157   979   979 D pixelstats: BatteryEEPROM: reportEvent: cycle_cnt:249, full_cap:3818, esr:91, rslow:4, soh:0, batt_temp:31, cutoff_soc:0, cc_soc:77, sys_soc:78, msoc:31, batt_soc:78, reserve:0, max_temp:50, min_temp:15, max_vbatt:4469, min_vbatt:3353, max_ibatt:2290, min_ibatt:-3919, checksum:10715
04-17 13:45:29.096306   979   979 D pixelstats: BatteryEEPROM: reportEvent: cycle_cnt:274, full_cap:3879, esr:90, rslow:12, soh:0, batt_temp:29, cutoff_soc:0, cc_soc:116, sys_soc:122, msoc:49, batt_soc:120, reserve:0, max_temp:50, min_temp:15, max_vbatt:4469, min_vbatt:3353, max_ibatt:2487, min_ibatt:-3919, checksum:11146
04-17 13:45:29.096456   979   979 D pixelstats: BatteryEEPROM: reportEvent: cycle_cnt:299, full_cap:3575, esr:87, rslow:2, soh:0, batt_temp:34, cutoff_soc:0, cc_soc:180, sys_soc:187, msoc:75, batt_soc:182, reserve:0, max_temp:50, min_temp:15, max_vbatt:4469, min_vbatt:3353, max_ibatt:2724, min_ibatt:-3919, checksum:11313
04-17 13:45:29.096606   979   979 D pixelstats: BatteryEEPROM: reportEvent: cycle_cnt:324, full_cap:3401, esr:93, rslow:26, soh:55, batt_temp:25, cutoff_soc:0, cc_soc:216, sys_soc:225, msoc:90, batt_soc:215, reserve:0, max_temp:50, min_temp:15, max_vbatt:4469, min_vbatt:3353, max_ibatt:2724, min_ibatt:-3919, checksum:11362
04-17 13:45:29.096767   979   979 D pixelstats: BatteryEEPROM: reportEvent: cycle_cnt:349, full_cap:3349, esr:95, rslow:15, soh:55, batt_temp:26, cutoff_soc:0, cc_soc:50, sys_soc:60, msoc:24, batt_soc:60, reserve:0, max_temp:50, min_temp:15, max_vbatt:4475, min_vbatt:3171, max_ibatt:2724, min_ibatt:-3919, checksum:10599
04-17 13:45:29.096916   979   979 D pixelstats: BatteryEEPROM: reportEvent: cycle_cnt:353, full_cap:3349, esr:89, rslow:16, soh:55, batt_temp:31, cutoff_soc:0, cc_soc:125, sys_soc:137, msoc:55, batt_soc:134, reserve:0, max_temp:50, min_temp:15, max_vbatt:4475, min_vbatt:3171, max_ibatt:2724, min_ibatt:-3919, checksum:10860
04-17 13:45:29.106418   979   979 E pixelstats-vendor: Unable to read /sys/fs/f2fs/dm-6/compr_written_block - No such file or directory
04-17 13:45:29.106547   979   979 E pixelstats-vendor: Unable to read compression written blocks
04-17 13:45:29.107464   979   979 E pixelstats-vendor: Failed to change gc_segment_mode to 0
04-17 13:45:29.109983   979   979 D pixelstats-vendor: SpeechDSP uptime 25280 downtime 0 crashcount 0 recovercount 0
--------- switch to kernel
04-17 13:45:29.109047     0     0 I         : c0    979 codec_detect codec_detect: resistance_left_right_show: 0.00000,0.00000 (0, 0, 100000)
--------- switch to main
04-17 13:45:29.113537   979   979 D pixelstats-vendor: Audio speaker temperature path not specified
04-17 13:45:29.113625   980  1024 D rlsservice: MonitorDisplayStatus client num 1, display status 1, sensor status 1
04-17 13:45:29.115494   979   979 E pixelstats: MmMetrics: Unable to read vmstat from /sys/kernel/pixel_stat/mm/vmstat, err: No such file or directory
04-17 13:45:30.531325   610  2928 I keystore2: keystore2::watchdog: Watchdog thread idle -> terminating. Have a great day.
--------- switch to kernel
04-17 13:45:31.237380     0     0 I         : c7    204 google_charger: usbchg=USB typec=C usbv=4968 usbc=163 usbMv=5000 usbMc=450
04-17 13:45:31.237497     0     0 I         : c7    204 sm7250_bms: MSC_PCS chg_state=1c2113001040003 [0x3:1:4:4400:450] chg=u
04-17 13:45:31.237526     0     0 I         : c7    204 google_battery: MSC_DIN chg_state=1c2113001040003 f=0x3 chg_s=Full chg_t=None vchg=4400 icl=450
04-17 13:45:31.240005     0     0 W         : c0    961 healthd: battery l=100 v=4400 t=23.4 h=2 st=5 c=11901 fc=3349000 cc=353 chg=u
04-17 13:45:31.250940     0     0 I         : c7    204 google_battery: MSC_DSG vbatt_idx:4->4 vbatt=4401131 ibatt=-14038 fv_uv=4430000 cv_cnt=1 ov_cnt=0
04-17 13:45:31.250974     0     0 I         : c7    204 google_battery: MSC_VOTE msc_state=2 cv_cnt=1 ov_cnt=0 temp_idx:2, vbatt_idx:4  fv_uv=4430000 cc_max=0 update_interval=-1
--------- switch to main
04-17 13:45:31.312572   970  2673 I sensors-hal: [ssc_utils]get_qmi_debug_flag:243, support_qmi_debug : false
04-17 13:45:31.406852   970  2673 I sensors-hal: [ssc_utils]get_qmi_debug_flag:243, support_qmi_debug : false
--------- switch to kernel
04-17 13:45:32.809958     0     0 I         : c3    565 logd: logdr: UID=2000 GID=2000 PID=4615 b tail=0 logMask=bf pid=0 start=0ns deadline=0ns
--------- switch to main
04-17 13:45:33.894595  2890  3811 E FrameTracker: force finish cuj because of time out:J<NOTIFICATION_HEADS_UP_DISAPPEAR>
--------- switch to system
04-17 13:45:34.332168  2594  2682 I ActivityManager: Waited long enough for: ServiceRecord{5b60578 u0 com.qualcomm.qcrilmsgtunnel/.QcrilMsgTunnelService}
--------- switch to events
04-17 13:45:39.886369  2594  2681 I am_pss  : [3327,10086,com.android.launcher3,108190720,91303936,0,239878144,0,2,26]
04-17 13:45:40.953592  2594  2681 I am_pss  : [4117,10082,com.android.inputmethod.latin,19281920,15228928,0,121135104,0,7,13]
04-17 13:45:40.964208  2594  2681 I am_pss  : [4171,10067,com.android.imsserviceentitlement,13904896,11026432,0,107843584,0,19,8]
04-17 13:45:41.294313  2594  2681 I am_pss  : [4278,1000,com.android.dynsystem,9072640,6168576,0,102928384,0,19,10]
--------- switch to system
04-17 13:45:41.387625  2594  2664 D CompatibilityChangeReporter: Compat change id reported: 168419799; UID 10094; state: DISABLED
--------- switch to events
04-17 13:45:41.501112  2594  2681 I am_pss  : [4295,1000,com.android.dynsystem:dynsystem,9396224,6406144,0,103649280,0,19,9]
04-17 13:45:41.512746  2594  2681 I am_pss  : [4311,10041,com.android.managedprovisioning,15142912,12271616,0,109510656,0,19,8]
04-17 13:45:41.943852  2594  2681 I am_pss  : [4353,10065,com.android.onetimeinitializer,8991744,6131712,0,103059456,0,19,11]
04-17 13:45:42.365883  2594  2681 I am_pss  : [4391,10100,com.android.permissioncontroller,18593792,15663104,0,113307648,0,19,13]
04-17 13:45:42.376731  2594  2681 I am_pss  : [4330,10076,com.android.messaging,17057792,13881344,0,114724864,0,19,9]
04-17 13:45:42.385317  2594  2681 I am_pss  : [4374,10042,com.android.packageinstaller,12035072,9207808,0,105848832,0,19,8]
04-17 13:45:43.035495  2594  2681 I am_pss  : [4456,1000,com.android.settings,26433536,18763776,0,129257472,0,19,13]
04-17 13:45:43.344991  2594  2681 I am_pss  : [4494,10031,com.android.statementservice,13810688,10743808,0,110465024,0,19,13]
04-17 13:45:43.360980  2594  2681 I am_pss  : [4475,2000,com.android.shell,9739264,6905856,0,103669760,0,19,14]
--------- switch to main
04-17 13:45:52.522880  2594  2783 E WifiScoringParams: Invalid frequency(-1), using 5G as default rssi array
04-17 13:45:52.530294  2594  2783 E WifiHealthMonitor:  Hit PackageManager exception
04-17 13:45:52.530294  2594  2783 E WifiHealthMonitor: android.content.pm.PackageManager$NameNotFoundException: No module info for package: com.android.wifi
04-17 13:45:52.530294  2594  2783 E WifiHealthMonitor: 	at android.app.ApplicationPackageManager.getModuleInfo(ApplicationPackageManager.java:1079)
04-17 13:45:52.530294  2594  2783 E WifiHealthMonitor: 	at com.android.server.wifi.WifiHealthMonitor.getWifiStackVersion(WifiHealthMonitor.java:366)
04-17 13:45:52.530294  2594  2783 E WifiHealthMonitor: 	at com.android.server.wifi.WifiHealthMonitor.extractCurrentSoftwareBuildInfo(WifiHealthMonitor.java:587)
04-17 13:45:52.530294  2594  2783 E WifiHealthMonitor: 	at com.android.server.wifi.WifiHealthMonitor.postBootSwBuildCheck(WifiHealthMonitor.java:522)
04-17 13:45:52.530294  2594  2783 E WifiHealthMonitor: 	at com.android.server.wifi.WifiHealthMonitor.postBootDetectionHandler(WifiHealthMonitor.java:513)
04-17 13:45:52.530294  2594  2783 E WifiHealthMonitor: 	at com.android.server.wifi.WifiHealthMonitor.access$500(WifiHealthMonitor.java:71)
04-17 13:45:52.530294  2594  2783 E WifiHealthMonitor: 	at com.android.server.wifi.WifiHealthMonitor$2.onAlarm(WifiHealthMonitor.java:190)
04-17 13:45:52.530294  2594  2783 E WifiHealthMonitor: 	at android.app.AlarmManager$ListenerWrapper.run(AlarmManager.java:323)
04-17 13:45:52.530294  2594  2783 E WifiHealthMonitor: 	at android.os.Handler.handleCallback(Handler.java:938)
04-17 13:45:52.530294  2594  2783 E WifiHealthMonitor: 	at android.os.Handler.dispatchMessage(Handler.java:99)
04-17 13:45:52.530294  2594  2783 E WifiHealthMonitor: 	at android.os.Looper.loopOnce(Looper.java:201)
04-17 13:45:52.530294  2594  2783 E WifiHealthMonitor: 	at android.os.Looper.loop(Looper.java:288)
04-17 13:45:52.530294  2594  2783 E WifiHealthMonitor: 	at android.os.HandlerThread.run(HandlerThread.java:67)
04-17 13:45:52.532038  2594  2780 W BestClock: java.time.DateTimeException: Missing NTP fix
04-17 13:45:52.532787   935   992 I netd    : trafficSwapActiveStatsMap() <0.26ms>
04-17 13:45:52.534731  2594  2783 W UnsafeUtil: platform method missing - proto runtime falling back to safer methods: java.lang.NoSuchMethodException: sun.misc.Unsafe.copyMemory [class java.lang.Object, long, class java.lang.Object, long, long]
04-17 13:45:52.535059   935   992 I netd    : tetherGetStats() -> {[]} <1.07ms>
04-17 13:45:52.538538  2594  2780 W BestClock: java.time.DateTimeException: Missing NTP fix
--------- switch to events
04-17 13:45:52.538760  2594  2780 I netstats_mobile_sample: [0,0,0,0,0,0,0,0,0,0,0,0,1650174352538]
04-17 13:45:52.538847  2594  2780 I netstats_wifi_sample: [0,0,0,0,0,0,0,0,0,0,0,0,1650174352538]
--------- switch to main
04-17 13:45:52.540431   935   992 I netd    : bandwidthSetGlobalAlert(2097152) <0.36ms>
--------- switch to events
04-17 13:45:52.542725  2594  2681 I am_pss  : [3327,10086,com.android.launcher3,108186624,91303936,0,239878144,0,2,13]
--------- switch to main
04-17 13:45:52.544658  2594  2781 W BestClock: java.time.DateTimeException: Missing NTP fix
04-17 13:45:52.545990  2594  2781 W BestClock: java.time.DateTimeException: Missing NTP fix
--------- switch to events
04-17 13:45:52.555038  2594  2681 I am_pss  : [3186,10094,android.ext.services,10523648,7290880,0,108199936,0,5,8]
--------- switch to main
04-17 13:45:53.952460  2594  3819 D WifiNl80211Manager: Scan result ready event
04-17 13:45:53.952752  2594  3819 D WifiNative: Scan result ready event
04-17 13:45:53.953439  1290  3440 I LOWI-9.0.0.89: [LOWI-Scan] lowi_close_record:Scan done in 41128ms, 11 APs in scan results
04-17 13:45:59.114777   980  1024 D rlsservice: MonitorDisplayStatus client num 1, display status 1, sensor status 1
04-17 13:46:00.060253   970  2673 I sensors-hal: [ssc_utils]get_qmi_debug_flag:243, support_qmi_debug : false
04-17 13:46:00.140313   970  2673 I sensors-hal: [ssc_utils]get_qmi_debug_flag:243, support_qmi_debug : false
--------- switch to kernel
04-17 13:46:00.544827     0     0 W         : c2    961 healthd: battery l=100 v=4403 t=23.6 h=2 st=5 c=6713 fc=3349000 cc=353 chg=u
--------- switch to main
04-17 13:46:00.610412   970  2673 I sensors-hal: [ssc_utils]get_qmi_debug_flag:243, support_qmi_debug : false
04-17 13:46:00.697111   970  2673 I sensors-hal: [ssc_utils]get_qmi_debug_flag:243, support_qmi_debug : false
--------- switch to kernel
04-17 13:46:11.020740     0     0 I         : c0      1 init: starting service 'dumpstatez'...
04-17 13:46:11.021408     0     0 I         : c0      1 init: Created socket '/dev/socket/dumpstate', mode 660, user 2000, group 1007
04-17 13:46:11.025501     0     0 I         : c0      1 init: Control message: Processed ctl.start for 'dumpstatez' from pid: 4638 (bugreportz -p)
04-17 13:46:11.025814     0     0 I         : c0      1 init: processing action (init.svc.dumpstatez=running) from (/vendor/etc/init/pixel-mm.rc:33)
--------- switch to main
04-17 13:46:11.064891  4640  4640 I dumpstate: do_vibrate: 1 stream_to_socket: 0 progress_updates_to_socket: 1 do_screenshot: 0 is_remote_mode: 0 show_header_only: 0 telephony_only: 0 wifi_only: 0 do_progress_updates: 0 fd: -1 bugreport_mode:  dumpstate_hal_mode: DEFAULT limited_only: 0 args: /system/bin/dumpstate -S
04-17 13:46:11.065332  4640  4640 D dumpstate: dumpstate calling_uid = -1 ; calling package =  
04-17 13:46:11.065364  4640  4640 D dumpstate: Loading stats from /bugreports/dumpstate-stats.txt
04-17 13:46:11.067704  4640  4640 I dumpstate: Average max progress: 9350 in 1 runs; estimated max: 9350
04-17 13:46:11.068382  4640  4640 D hw-ProcessState: Binder ioctl to enable oneway spam detection failed: Invalid argument
04-17 13:46:11.070495  4640  4640 D dumpstate: Wake lock acquired.
04-17 13:46:11.070549  4640  4640 I dumpstate: dumpstate info: id=1, args='/system/bin/dumpstate -S', bugreport_mode=  bugreport format version: 2.0
04-17 13:46:11.070569  4640  4640 D dumpstate: Opening control socket
--------- switch to kernel
04-17 13:46:11.068354     0     0 I         : c0   4640 binder: 4640:4640 ioctl 40046210 7fe499eef4 returned -22
--------- switch to main
04-17 13:46:12.028614  4640  4640 D dumpstate: Bugreport dir: [/data/user_de/0/com.android.shell/files/bugreports] Base name: [bugreport-aosp_redfin-SQ1A.220205.002] Suffix: [2022-04-17-13-46-11] Log path: [/data/user_de/0/com.android.shell/files/bugreports/bugreport-aosp_redfin-SQ1A.220205.002-2022-04-17-13-46-11-dumpstate_log-4640.txt] Temporary path: [/data/user_de/0/com.android.shell/files/bugreports/bugreport-aosp_redfin-SQ1A.220205.002-2022-04-17-13-46-11.tmp] Screenshot path: []
04-17 13:46:12.028699  4640  4640 D dumpstate: Creating initial .zip file (/data/user_de/0/com.android.shell/files/bugreports/bugreport-aosp_redfin-SQ1A.220205.002-2022-04-17-13-46-11.zip)
04-17 13:46:12.029128  4640  4640 D dumpstate: Adding zip text entry version.txt
04-17 13:46:12.029413  4640  4640 I dumpstate: Sending broadcast: '/system/bin/cmd activity broadcast --user 0 --receiver-foreground --receiver-include-background -a com.android.internal.intent.action.BUGREPORT_STARTED --receiver-permission android.permission.DUMP'
04-17 13:46:12.042732  4641  4641 D ProcessState: Binder ioctl to enable oneway spam detection failed: Invalid argument
--------- switch to kernel
04-17 13:46:12.042686     0     0 I         : c6   4641 binder: 4641:4641 ioctl 40046210 7fe5da49f4 returned -22
--------- switch to events
04-17 13:46:12.068784  2594  2682 I am_uid_running: 10034
--------- switch to system
04-17 13:46:12.070936  2594  2682 D CompatibilityChangeReporter: Compat change id reported: 135634846; UID 10034; state: DISABLED
04-17 13:46:12.071342  2594  2682 D CompatibilityChangeReporter: Compat change id reported: 177438394; UID 10034; state: DISABLED
04-17 13:46:12.071626  2594  2682 D CompatibilityChangeReporter: Compat change id reported: 135772972; UID 10034; state: DISABLED
04-17 13:46:12.071919  2594  2682 D CompatibilityChangeReporter: Compat change id reported: 135754954; UID 10034; state: ENABLED
04-17 13:46:12.072968  2594  2683 D CompatibilityChangeReporter: Compat change id reported: 143937733; UID 10034; state: ENABLED
--------- switch to main
04-17 13:46:12.082358   936   936 D Zygote  : Forked child process 4644
--------- switch to events
04-17 13:46:12.083076  2594  2683 I am_proc_start: [0,4644,10034,com.android.traceur,broadcast,{com.android.traceur/com.android.traceur.Receiver}]
--------- switch to system
04-17 13:46:12.083193  2594  2683 I ActivityManager: Start proc 4644:com.android.traceur/u0a34 for broadcast {com.android.traceur/com.android.traceur.Receiver}
--------- switch to main
04-17 13:46:12.108780  1149  1187 I adbd    : jdwp connection from 4644
04-17 13:46:12.113584  4644  4644 D ProcessState: Binder ioctl to enable oneway spam detection failed: Invalid argument
--------- switch to kernel
04-17 13:46:12.113515     0     0 I         : c2   4644 binder: 4644:4644 ioctl 40046210 7fd6f79ef4 returned -22
--------- switch to events
04-17 13:46:12.123061  2594  3819 I am_proc_bound: [0,4644,com.android.traceur]
--------- switch to system
04-17 13:46:12.126561  2594  3819 D CompatibilityChangeReporter: Compat change id reported: 168419799; UID 10034; state: DISABLED
--------- switch to main
04-17 13:46:12.138631  4644  4644 D CompatibilityChangeReporter: Compat change id reported: 171979766; UID 10034; state: ENABLED
04-17 13:46:12.212922  4644  4644 V GraphicsEnvironment: ANGLE Developer option for 'com.android.traceur' set to: 'default'
04-17 13:46:12.213313  4644  4644 V GraphicsEnvironment: ANGLE GameManagerService for com.android.traceur: false
04-17 13:46:12.213418  4644  4644 V GraphicsEnvironment: Neither updatable production driver nor prerelease driver is supported.
04-17 13:46:12.215082  4644  4644 D NetworkSecurityConfig: No Network Security Config specified, using platform default
04-17 13:46:12.215581  4644  4644 D NetworkSecurityConfig: No Network Security Config specified, using platform default
--------- switch to system
04-17 13:46:12.230374  2594  3819 I ActivityManager: Killing 4278:com.android.dynsystem/1000 (adj 975): empty #17
--------- switch to events
04-17 13:46:12.230685  2594  3819 I am_kill : [0,4278,com.android.dynsystem,975,empty #17]
--------- switch to main
04-17 13:46:12.233629  2890  2890 I LogBufferFreezer: Freezing log buffers
04-17 13:46:12.236091  4640  4640 I dumpstate: Vibrate: 'cmd vibrator_manager synced -f -d dumpstate oneshot 150'
04-17 13:46:12.236474  2594  2684 I libprocessgroup: Successfully killed process cgroup uid 1000 pid 4278 in 5ms
--------- switch to events
04-17 13:46:12.238687  2594  2681 I am_pss  : [4117,10082,com.android.inputmethod.latin,19208192,15228928,0,121135104,0,7,7]
--------- switch to main
04-17 13:46:12.242708  4662  4662 D ProcessState: Binder ioctl to enable oneway spam detection failed: Invalid argument
--------- switch to kernel
04-17 13:46:12.242676     0     0 I         : c7   4662 binder: 4662:4662 ioctl 40046210 7fdb65f414 returned -22
04-17 13:46:12.247859     0     0 I         : c7   4640 binder: 4640:4640 ioctl 40046210 7fe499eef4 returned -22
--------- switch to main
04-17 13:46:12.247876  4640  4640 D ProcessState: Binder ioctl to enable oneway spam detection failed: Invalid argument
04-17 13:46:12.248904  4640  4640 D dumpstate: Module metadata package name: com.android.modulemetadata
04-17 13:46:12.249423   974   974 D hw-ProcessState: Binder ioctl to enable oneway spam detection failed: Invalid argument
--------- switch to events
04-17 13:46:12.249772  2594  4345 I am_proc_died: [0,4278,com.android.dynsystem,975,19]
--------- switch to main
04-17 13:46:12.250026   936   936 I Zygote  : Process 4278 exited due to signal 9 (Killed)
--------- switch to kernel
04-17 13:46:12.249386     0     0 I         : c2    974 binder: 974:974 ioctl 40046210 7fddcb77b4 returned -22
--------- switch to main
04-17 13:46:12.254386  2594  4668 I HidlSensorManager: hidl_ssvc_poll started.
--------- switch to system
04-17 13:46:12.256057  2594  4345 I ActivityManager: Killing 4311:com.android.managedprovisioning/u0a41 (adj 985): empty #17
--------- switch to events
04-17 13:46:12.256307  2594  4345 I am_kill : [0,4311,com.android.managedprovisioning,985,empty #17]
--------- switch to system
04-17 13:46:12.256897  2594  4345 I ActivityManager: Killing 4171:com.android.imsserviceentitlement/u0a67 (adj 985): empty #18
--------- switch to events
04-17 13:46:12.257050  2594  4345 I am_kill : [0,4171,com.android.imsserviceentitlement,985,empty #18]
--------- switch to main
04-17 13:46:12.257751   970  1072 I VSC     : @  91.071: {Fusion} configure fusion 9 5000us 0us.
04-17 13:46:12.257820   970  1072 D VSC     : @  91.071: [Gravity Sensor] Request accel, interval 5.0 ms, latency 0.0 ms
04-17 13:46:12.258032   970  1072 D VSC     : @  91.072: [Gravity Sensor] Request gyro, interval 5.0 ms, latency 0.0 ms
04-17 13:46:12.262165  2594  2684 I libprocessgroup: Successfully killed process cgroup uid 10041 pid 4311 in 5ms
04-17 13:46:12.262578   616   640 W DisplayIdentification: Invalid EDID: falling back to serial number due to missing display name.
04-17 13:46:12.262673   616   640 W DisplayIdentification: Invalid EDID: falling back to ASCII text due to missing serial number.
04-17 13:46:12.262774   618   618 I SDM     : HWCDisplay::GetColorModeCount: Supported color mode count = 3
04-17 13:46:12.262822   618   618 I SDM     : HWCDisplay::GetColorModes: Color mode = 0 is supported
04-17 13:46:12.262837   618   618 I SDM     : HWCDisplay::GetColorModes: Color mode = 7 is supported
04-17 13:46:12.262850   618   618 I SDM     : HWCDisplay::GetColorModes: Color mode = 9 is supported
--------- switch to events
04-17 13:46:12.265429  2594  2681 I am_pss  : [4413,10043,com.android.providers.calendar,11141120,8122368,0,107712512,0,19,6]
--------- switch to main
04-17 13:46:12.271011   970  1072 D ASH     : @  91.084: SensorType 1 resampler quality 0
--------- switch to events
04-17 13:46:12.271637  2594  2681 I am_pss  : [4546,10099,com.android.cellbroadcastreceiver.module,18017280,14802944,0,114831360,0,19,6]
04-17 13:46:12.278514  2594  2681 I am_pss  : [4089,10033,android.process.media,15895552,12546048,0,113569792,0,19,6]
04-17 13:46:12.279494  2594  4345 I am_proc_died: [0,4311,com.android.managedprovisioning,985,19]
--------- switch to main
04-17 13:46:12.280135   936   936 I Zygote  : Process 4311 exited due to signal 9 (Killed)
--------- switch to events
04-17 13:46:12.280568  2594  4345 I am_uid_stopped: 10041
--------- switch to main
04-17 13:46:12.283496  2594  2684 I libprocessgroup: Successfully killed process cgroup uid 10067 pid 4171 in 0ms
--------- switch to events
04-17 13:46:12.286421  2594  3819 I am_proc_died: [0,4171,com.android.imsserviceentitlement,985,19]
--------- switch to main
04-17 13:46:12.286644   936   936 I Zygote  : Process 4171 exited due to signal 9 (Killed)
--------- switch to events
04-17 13:46:12.287318  2594  2681 I am_pss  : [4566,10032,com.android.externalstorage,9494528,6451200,0,103706624,0,19,6]
04-17 13:46:12.287468  2594  3819 I am_uid_stopped: 10067
--------- switch to main
04-17 13:46:12.294078   970  1072 D ASH     : @  91.107: SensorType 195 resampler quality 1
--------- switch to events
04-17 13:46:12.295749  2594  2681 I am_pss  : [4456,1000,com.android.settings,26606592,18763776,0,129257472,0,19,6]
04-17 13:46:12.302670  2594  2681 I am_pss  : [3903,10051,com.android.printspooler,10515456,7479296,0,104689664,0,19,6]
04-17 13:46:12.309738  2594  2681 I am_pss  : [4523,10073,com.android.quicksearchbox,11043840,7942144,0,104767488,0,19,6]
04-17 13:46:12.318308  2594  2681 I am_pss  : [4494,10031,com.android.statementservice,13983744,10743808,0,110465024,0,19,8]
04-17 13:46:12.326412  2594  2681 I am_pss  : [4475,2000,com.android.shell,9925632,6905856,0,103669760,0,19,8]
04-17 13:46:12.335690  2594  2681 I am_pss  : [4391,10100,com.android.permissioncontroller,18766848,15663104,0,113307648,0,19,8]
04-17 13:46:12.345130  2594  2681 I am_pss  : [4330,10076,com.android.messaging,17239040,13881344,0,114724864,0,19,8]
04-17 13:46:12.354328  2594  2681 I am_pss  : [3721,10028,android.process.acore,17848320,12918784,0,125394944,0,19,8]
--------- switch to main
04-17 13:46:12.355855   970  1072 D VSC     : @  91.169: [Gravity Sensor] Stop accel
04-17 13:46:12.356155   970  1072 D VSC     : @  91.170: [Gravity Sensor] Stop gyro
04-17 13:46:12.359354   974   974 E IPCThreadState: binder thread pool (1 threads) starved for 111 ms
--------- switch to events
04-17 13:46:12.362908  2594  2681 I am_pss  : [4374,10042,com.android.packageinstaller,12213248,9207808,0,105848832,0,19,7]
04-17 13:46:12.371216  2594  2681 I am_pss  : [4353,10065,com.android.onetimeinitializer,9175040,6131712,0,103059456,0,19,7]
04-17 13:46:12.379583  2594  2681 I am_pss  : [4295,1000,com.android.dynsystem:dynsystem,9648128,6549504,0,103649280,0,19,8]
04-17 13:46:12.388142  2594  2681 I am_pss  : [3973,1001,com.qualcomm.qcrilmsgtunnel,9919488,6885376,0,104026112,0,10,8]
--------- switch to system
04-17 13:46:12.398687  2594  4665 E AppOps  : Attribution not found: uid=0 pkg=root(null) op=VIBRATE
--------- switch to main
04-17 13:46:12.414629   970  1072 D ASH     : @  91.228: SensorType 195 resampler quality 2
04-17 13:46:12.444978  2890  2890 D NavigationModeController: getCurrentInteractionMode: mode=0 contextUser=0
04-17 13:46:12.445474  2890  2890 D NavigationModeController:   contextUser=0
04-17 13:46:12.445503  2890  2890 D NavigationModeController:   assetPaths=
04-17 13:46:12.445556  2890  2890 D NavigationModeController:     <empty> and /system/framework/framework-res.apk
04-17 13:46:12.445577  2890  2890 D NavigationModeController:     /vendor/overlay/framework-res__auto_generated_rro_vendor.apk
04-17 13:46:12.445597  2890  2890 D NavigationModeController:     <empty> and /system_ext/priv-app/SystemUI/SystemUI.apk
04-17 13:46:12.445620  2890  2890 D NavigationModeController:     /vendor/overlay/SystemUI__auto_generated_rro_vendor.apk
--------- switch to system
04-17 13:46:12.748912  2594  2662 D CompatibilityChangeReporter: Compat change id reported: 168419799; UID 10100; state: DISABLED
--------- switch to main
04-17 13:46:12.766565  4391  4406 I PermissionControllerServiceImpl: Updating user sensitive for user 0
04-17 13:46:12.804357  4640  4640 D dumpstate: Duration of 'DUMPSYS CRITICAL': 0.54s
04-17 13:46:12.871455  4691  4691 E perfetto: perfetto_cmd.cc:779     No trace with TraceConfig.bugreport_score > 0 eligible for bug reporting was found
04-17 13:46:12.872154  4640  4640 E dumpstate: *** command 'perfetto --save-for-bugreport' failed: exit code 1
04-17 13:46:12.880007  4692  4692 D ProcessState: Binder ioctl to enable oneway spam detection failed: Invalid argument
--------- switch to kernel
04-17 13:46:12.879954     0     0 I         : c6   4692 binder: 4692:4692 ioctl 40046210 7fc23f5ee4 returned -22
--------- switch to main
04-17 13:46:12.896281  4695  4695 D ProcessState: Binder ioctl to enable oneway spam detection failed: Invalid argument
--------- switch to kernel
04-17 13:46:12.896230     0     0 I         : c6   4695 binder: 4695:4695 ioctl 40046210 7fcba7ded4 returned -22
04-17 13:46:12.909238     0     0 I         : c2    565 logd: logdr: UID=0 GID=0 PID=4698 n tail=0 logMask=99 pid=0 start=0ns deadline=0ns
04-17 13:46:13.212415     0     0 I         : c4    565 logd: logdr: UID=0 GID=0 PID=4700 n tail=0 logMask=4 pid=0 start=0ns deadline=0ns
--------- switch to main
04-17 13:46:13.223337  4640  4640 D dumpstate: Duration of 'EVENT LOG': 0.02s
--------- switch to kernel
04-17 13:46:13.230266     0     0 I         : c3    565 logd: logdr: UID=0 GID=0 PID=4702 n tail=0 logMask=20 pid=0 start=0ns deadline=0ns
--------- switch to main
04-17 13:46:13.231931  4640  4640 D dumpstate: Duration of 'STATS LOG': 0.01s
--------- switch to kernel
04-17 13:46:13.242512     0     0 I         : c3    565 logd: logdr: UID=0 GID=0 PID=4704 n tail=0 logMask=2 pid=0 start=0ns deadline=0ns
--------- switch to main
04-17 13:46:13.300775  4640  4640 D dumpstate: Duration of 'RADIO LOG': 0.07s
--------- switch to kernel
04-17 13:46:13.311368     0     0 I         : c2   4707 logd: start watching /data/system/packages.list ...
04-17 13:46:13.312882     0     0 I         : c2   4707 logd: ReadPackageList, total packages: 110
04-17 13:46:13.315683     0     0 E         : c5    567 logd: FrameworkListener: read() failed (Connection reset by peer)
--------- switch to main
04-17 13:46:13.329124  4640  4640 E dumpstate: *** command 'logcat -L -b all -v threadtime -v printable -v uid -d *:v' failed: exit code 1
04-17 13:46:13.329293  4640  4640 I dumpstate: Start thread pool:1
04-17 13:46:13.330136  4640  4640 D dumpstate: Adding dir /cache/recovery (recursive: 1)
04-17 13:46:13.330382  4640  4640 D dumpstate: Adding dir /data/misc/recovery (recursive: 1)
04-17 13:46:13.332603  4640  4640 D dumpstate: Adding dir /data/misc/update_engine_log (recursive: 1)
04-17 13:46:13.343461  4640  4640 D dumpstate: Adding dir /data/misc/logd (recursive: 0)
04-17 13:46:13.346336  4640  4709 I dumpstate: libdebuggerd_client: started dumping process 597
04-17 13:46:13.347017   732   732 I tombstoned: registered intercept for pid 597 and type kDebuggerdNativeBacktrace
04-17 13:46:13.347932   597   597 I libc    : Requested dump for tid 597 (Binder:597_2)
