--------- switch to main
04-17 12:13:00.905480   984  1089 W ASH     : @ 39110.580: touch gesture: no valid gesture detected
04-17 12:13:00.970512   984  1089 W ASH     : @ 39110.645: touch gesture: no valid gesture detected
04-17 12:13:01.034663   984  1089 W ASH     : @ 39110.709: touch gesture: no valid gesture detected
04-17 12:13:01.098902   984  1089 W ASH     : @ 39110.774: touch gesture: no valid gesture detected
04-17 12:13:01.163321   984  1089 W ASH     : @ 39110.838: touch gesture: no valid gesture detected
04-17 12:13:01.228323   984  1089 W ASH     : @ 39110.903: touch gesture: no valid gesture detected
04-17 12:13:01.292933   984  1089 W ASH     : @ 39110.968: touch gesture: no valid gesture detected
04-17 12:13:01.357337   984  1089 W ASH     : @ 39111.032: touch gesture: no valid gesture detected
04-17 12:13:01.422113   984  1089 W ASH     : @ 39111.097: touch gesture: no valid gesture detected
04-17 12:13:01.486566   984  1089 W ASH     : @ 39111.161: touch gesture: no valid gesture detected
04-17 12:13:01.551330   984  1089 W ASH     : @ 39111.226: touch gesture: no valid gesture detected
04-17 12:13:01.615667   984  1089 W ASH     : @ 39111.291: touch gesture: no valid gesture detected
04-17 12:13:01.680223   984  1089 W ASH     : @ 39111.355: touch gesture: no valid gesture detected
04-17 12:13:01.744924   984  1089 W ASH     : @ 39111.420: touch gesture: no valid gesture detected
04-17 12:13:01.809715   984  1089 W ASH     : @ 39111.484: touch gesture: no valid gesture detected
04-17 12:13:01.870770   990  1023 D rlsservice: MonitorDisplayStatus client num 0, display status 0, sensor status 0
04-17 12:13:01.872371   984  1089 W ASH     : @ 39111.549: touch gesture: no valid gesture detected
04-17 12:13:01.938111   984  1089 W ASH     : @ 39111.613: touch gesture: no valid gesture detected
04-17 12:13:02.003061   984  1089 W ASH     : @ 39111.678: touch gesture: no valid gesture detected
04-17 12:13:02.067690   984  1089 W ASH     : @ 39111.742: touch gesture: no valid gesture detected
04-17 12:13:02.132011   984  1089 W ASH     : @ 39111.807: touch gesture: no valid gesture detected
04-17 12:13:02.196157   984  1089 W ASH     : @ 39111.871: touch gesture: no valid gesture detected
04-17 12:13:02.260920   984  1089 W ASH     : @ 39111.936: touch gesture: no valid gesture detected
04-17 12:13:02.325152   984  1089 W ASH     : @ 39112.000: touch gesture: no valid gesture detected
04-17 12:13:02.389669   984  1089 W ASH     : @ 39112.065: touch gesture: no valid gesture detected
04-17 12:13:02.454231   984  1089 W ASH     : @ 39112.129: touch gesture: no valid gesture detected
04-17 12:13:02.519193   984  1089 W ASH     : @ 39112.194: touch gesture: no valid gesture detected
04-17 12:13:02.583341   984  1089 W ASH     : @ 39112.258: touch gesture: no valid gesture detected
04-17 12:13:02.648116   984  1089 W ASH     : @ 39112.323: touch gesture: no valid gesture detected
04-17 12:13:02.712128   984  1089 W ASH     : @ 39112.387: touch gesture: no valid gesture detected
04-17 12:13:02.776684   984  1089 W ASH     : @ 39112.452: touch gesture: no valid gesture detected
04-17 12:13:02.841175   984  1089 W ASH     : @ 39112.516: touch gesture: no valid gesture detected
--------- switch to kernel
04-17 12:13:02.846871     0     0 I         : c2   5787 google_charger: usbchg=USB typec=C usbv=5049 usbc=0 usbMv=5000 usbMc=450
04-17 12:13:02.847049     0     0 I         : c2   5787 sm7250_bms: MSC_PCS chg_state=1c2112e01030001 [0x1:1:3:4398:450] chg=u
04-17 12:13:02.847105     0     0 I         : c2   5787 google_battery: MSC_DIN chg_state=1c2112e01030001 f=0x1 chg_s=Not Charging chg_t=None vchg=4398 icl=450
04-17 12:13:02.848337     0     0 I         : c2   5787 google_battery: MSC_DSG vbatt_idx:4->4 vbatt=4398990 ibatt=-5187 fv_uv=4430000 cv_cnt=0 ov_cnt=0
04-17 12:13:02.848396     0     0 I         : c2   5787 google_battery: MSC_VOTE msc_state=2 cv_cnt=0 ov_cnt=0 temp_idx:2, vbatt_idx:4  fv_uv=4430000 cc_max=0 update_interval=-1
04-17 12:13:02.848470     0     0 I         : c2   5787 google_charger: MSC_CHG fv_uv=4430000, cc_max=0, rerun in 2000 ms (0)
--------- switch to main
04-17 12:13:02.905756   984  1089 W ASH     : @ 39112.580: touch gesture: no valid gesture detected
04-17 12:13:02.970372   984  1089 W ASH     : @ 39112.645: touch gesture: no valid gesture detected
04-17 12:13:03.034644   984  1089 W ASH     : @ 39112.710: touch gesture: no valid gesture detected
04-17 12:13:03.099190   984  1089 W ASH     : @ 39112.774: touch gesture: no valid gesture detected
04-17 12:13:03.162227   984  1089 W ASH     : @ 39112.839: touch gesture: no valid gesture detected
04-17 12:13:03.228745   984  1089 W ASH     : @ 39112.903: touch gesture: no valid gesture detected
04-17 12:13:03.292733   984  1089 W ASH     : @ 39112.968: touch gesture: no valid gesture detected
04-17 12:13:03.357829   984  1089 W ASH     : @ 39113.032: touch gesture: no valid gesture detected
04-17 12:13:03.421355   984  1089 W ASH     : @ 39113.097: touch gesture: no valid gesture detected
04-17 12:13:03.486346   984  1089 W ASH     : @ 39113.161: touch gesture: no valid gesture detected
04-17 12:13:03.550809   984  1089 W ASH     : @ 39113.226: touch gesture: no valid gesture detected
04-17 12:13:03.615586   984  1089 W ASH     : @ 39113.290: touch gesture: no valid gesture detected
04-17 12:13:03.679572   984  1089 W ASH     : @ 39113.355: touch gesture: no valid gesture detected
04-17 12:13:03.743817   984  1089 W ASH     : @ 39113.419: touch gesture: no valid gesture detected
04-17 12:13:03.808424   984  1089 W ASH     : @ 39113.483: touch gesture: no valid gesture detected
04-17 12:13:03.872863   984  1089 W ASH     : @ 39113.548: touch gesture: no valid gesture detected
04-17 12:13:03.937656   984  1089 W ASH     : @ 39113.612: touch gesture: no valid gesture detected
04-17 12:13:04.002154   984  1089 W ASH     : @ 39113.677: touch gesture: no valid gesture detected
04-17 12:13:04.066628   984  1089 W ASH     : @ 39113.741: touch gesture: no valid gesture detected
04-17 12:13:04.130992   984  1089 W ASH     : @ 39113.806: touch gesture: no valid gesture detected
04-17 12:13:04.195482   984  1089 W ASH     : @ 39113.870: touch gesture: no valid gesture detected
04-17 12:13:04.260144   984  1089 W ASH     : @ 39113.935: touch gesture: no valid gesture detected
04-17 12:13:04.324507   984  1089 W ASH     : @ 39113.999: touch gesture: no valid gesture detected
04-17 12:13:04.388972   984  1089 W ASH     : @ 39114.064: touch gesture: no valid gesture detected
04-17 12:13:04.451442   984  1089 W ASH     : @ 39114.128: touch gesture: no valid gesture detected
04-17 12:13:04.516322   984  1089 W ASH     : @ 39114.193: touch gesture: no valid gesture detected
04-17 12:13:04.582492   984  1089 W ASH     : @ 39114.257: touch gesture: no valid gesture detected
04-17 12:13:04.646481   984  1089 W ASH     : @ 39114.321: touch gesture: no valid gesture detected
04-17 12:13:04.710866   984  1089 W ASH     : @ 39114.386: touch gesture: no valid gesture detected
04-17 12:13:04.775706   984  1089 W ASH     : @ 39114.450: touch gesture: no valid gesture detected
04-17 12:13:04.839690   984  1089 W ASH     : @ 39114.515: touch gesture: no valid gesture detected
--------- switch to kernel
04-17 12:13:04.857154     0     0 I         : c2   5787 google_charger: usbchg=USB typec=C usbv=5038 usbc=0 usbMv=5000 usbMc=450
04-17 12:13:04.857349     0     0 I         : c2   5787 sm7250_bms: MSC_PCS chg_state=1c2112e01030001 [0x1:1:3:4398:450] chg=u
04-17 12:13:04.857429     0     0 I         : c2   5787 google_battery: MSC_DIN chg_state=1c2112e01030001 f=0x1 chg_s=Not Charging chg_t=None vchg=4398 icl=450
04-17 12:13:04.859348     0     0 I         : c2   5787 google_battery: MSC_DSG vbatt_idx:4->4 vbatt=4398990 ibatt=-5187 fv_uv=4430000 cv_cnt=0 ov_cnt=0
04-17 12:13:04.859410     0     0 I         : c2   5787 google_battery: MSC_VOTE msc_state=2 cv_cnt=0 ov_cnt=0 temp_idx:2, vbatt_idx:4  fv_uv=4430000 cc_max=0 update_interval=-1
04-17 12:13:04.859510     0     0 I         : c2   5787 google_charger: MSC_CHG fv_uv=4430000, cc_max=0, rerun in 2000 ms (0)
--------- switch to main
04-17 12:13:04.904433   984  1089 W ASH     : @ 39114.579: touch gesture: no valid gesture detected
04-17 12:13:04.968952   984  1089 W ASH     : @ 39114.644: touch gesture: no valid gesture detected
04-17 12:13:05.032923   984  1089 W ASH     : @ 39114.708: touch gesture: no valid gesture detected
04-17 12:13:05.097623   984  1089 W ASH     : @ 39114.772: touch gesture: no valid gesture detected
04-17 12:13:05.162334   984  1089 W ASH     : @ 39114.837: touch gesture: no valid gesture detected
04-17 12:13:05.226628   984  1089 W ASH     : @ 39114.901: touch gesture: no valid gesture detected
04-17 12:13:05.291043   984  1089 W ASH     : @ 39114.966: touch gesture: no valid gesture detected
04-17 12:13:05.355779   984  1089 W ASH     : @ 39115.030: touch gesture: no valid gesture detected
04-17 12:13:05.420021   984  1089 W ASH     : @ 39115.095: touch gesture: no valid gesture detected
04-17 12:13:05.484707   984  1089 W ASH     : @ 39115.159: touch gesture: no valid gesture detected
04-17 12:13:05.549260   984  1089 W ASH     : @ 39115.224: touch gesture: no valid gesture detected
04-17 12:13:05.613827   984  1089 W ASH     : @ 39115.288: touch gesture: no valid gesture detected
04-17 12:13:05.678158   984  1089 W ASH     : @ 39115.353: touch gesture: no valid gesture detected
04-17 12:13:05.742775   984  1089 W ASH     : @ 39115.418: touch gesture: no valid gesture detected
04-17 12:13:05.807139   984  1089 W ASH     : @ 39115.482: touch gesture: no valid gesture detected
04-17 12:13:05.871802   984  1089 W ASH     : @ 39115.546: touch gesture: no valid gesture detected
04-17 12:13:05.934769   984  1089 W ASH     : @ 39115.611: touch gesture: no valid gesture detected
04-17 12:13:06.000692   984  1089 W ASH     : @ 39115.675: touch gesture: no valid gesture detected
04-17 12:13:06.064849   984  1089 W ASH     : @ 39115.740: touch gesture: no valid gesture detected
04-17 12:13:06.129424   984  1089 W ASH     : @ 39115.804: touch gesture: no valid gesture detected
04-17 12:13:06.193766   984  1089 W ASH     : @ 39115.869: touch gesture: no valid gesture detected
04-17 12:13:06.258233   984  1089 W ASH     : @ 39115.933: touch gesture: no valid gesture detected
04-17 12:13:06.322759   984  1089 W ASH     : @ 39115.998: touch gesture: no valid gesture detected
04-17 12:13:06.387012   984  1089 W ASH     : @ 39116.062: touch gesture: no valid gesture detected
04-17 12:13:06.451249   984  1089 W ASH     : @ 39116.126: touch gesture: no valid gesture detected
04-17 12:13:06.515838   984  1089 W ASH     : @ 39116.191: touch gesture: no valid gesture detected
04-17 12:13:06.580337   984  1089 W ASH     : @ 39116.255: touch gesture: no valid gesture detected
04-17 12:13:06.644771   984  1089 W ASH     : @ 39116.320: touch gesture: no valid gesture detected
04-17 12:13:06.708954   984  1089 W ASH     : @ 39116.384: touch gesture: no valid gesture detected
04-17 12:13:06.773710   984  1089 W ASH     : @ 39116.448: touch gesture: no valid gesture detected
04-17 12:13:06.838065   984  1089 W ASH     : @ 39116.513: touch gesture: no valid gesture detected
--------- switch to kernel
04-17 12:13:06.836989     0     0 I         : c5   5764 qcom_rpmh DRV:apps_rsc TCS Busy, retrying RPMH message send: addr=0x30000
04-17 12:13:06.837052     0     0 I         : c5   5764 qcom_rpmh DRV:apps_rsc TCS Busy, retrying RPMH message send: addr=0x30000
04-17 12:13:06.867660     0     0 I         : c2   5787 google_charger: usbchg=USB typec=C usbv=5041 usbc=7 usbMv=5000 usbMc=450
04-17 12:13:06.867848     0     0 I         : c2   5787 sm7250_bms: MSC_PCS chg_state=1c2112e01030001 [0x1:1:3:4398:450] chg=u
04-17 12:13:06.867927     0     0 I         : c2   5787 google_battery: MSC_DIN chg_state=1c2112e01030001 f=0x1 chg_s=Not Charging chg_t=None vchg=4398 icl=450
04-17 12:13:06.869415     0     0 I         : c2   5787 google_battery: MSC_DSG vbatt_idx:4->4 vbatt=4398990 ibatt=-5187 fv_uv=4430000 cv_cnt=0 ov_cnt=0
04-17 12:13:06.869478     0     0 I         : c2   5787 google_battery: MSC_VOTE msc_state=2 cv_cnt=0 ov_cnt=0 temp_idx:2, vbatt_idx:4  fv_uv=4430000 cc_max=0 update_interval=-1
04-17 12:13:06.869572     0     0 I         : c2   5787 google_charger: MSC_CHG fv_uv=4430000, cc_max=0, rerun in 2000 ms (0)
--------- switch to main
04-17 12:13:06.901404   984  1089 W ASH     : @ 39116.577: touch gesture: no valid gesture detected
04-17 12:13:06.966937   984  1089 W ASH     : @ 39116.642: touch gesture: no valid gesture detected
04-17 12:13:07.031104   984  1089 W ASH     : @ 39116.706: touch gesture: no valid gesture detected
04-17 12:13:07.095599   984  1089 W ASH     : @ 39116.771: touch gesture: no valid gesture detected
04-17 12:13:07.160189   984  1089 W ASH     : @ 39116.835: touch gesture: no valid gesture detected
04-17 12:13:07.224322   984  1089 W ASH     : @ 39116.899: touch gesture: no valid gesture detected
04-17 12:13:07.289343   984  1089 W ASH     : @ 39116.964: touch gesture: no valid gesture detected
04-17 12:13:07.353596   984  1089 W ASH     : @ 39117.028: touch gesture: no valid gesture detected
04-17 12:13:07.417874   984  1089 W ASH     : @ 39117.093: touch gesture: no valid gesture detected
04-17 12:13:07.482375   984  1089 W ASH     : @ 39117.157: touch gesture: no valid gesture detected
04-17 12:13:07.546850   984  1089 W ASH     : @ 39117.221: touch gesture: no valid gesture detected
04-17 12:13:07.611095   984  1089 W ASH     : @ 39117.286: touch gesture: no valid gesture detected
04-17 12:13:07.675418   984  1089 W ASH     : @ 39117.350: touch gesture: no valid gesture detected
04-17 12:13:07.739739   984  1089 W ASH     : @ 39117.415: touch gesture: no valid gesture detected
04-17 12:13:07.804296   984  1089 W ASH     : @ 39117.479: touch gesture: no valid gesture detected
04-17 12:13:07.868385   984  1089 W ASH     : @ 39117.543: touch gesture: no valid gesture detected
04-17 12:13:07.932733   984  1089 W ASH     : @ 39117.608: touch gesture: no valid gesture detected
04-17 12:13:07.997272   984  1089 W ASH     : @ 39117.672: touch gesture: no valid gesture detected
04-17 12:13:08.061248   984  1089 W ASH     : @ 39117.736: touch gesture: no valid gesture detected
04-17 12:13:08.126243   984  1089 W ASH     : @ 39117.801: touch gesture: no valid gesture detected
04-17 12:13:08.190226   984  1089 W ASH     : @ 39117.865: touch gesture: no valid gesture detected
04-17 12:13:08.254227   984  1089 W ASH     : @ 39117.929: touch gesture: no valid gesture detected
04-17 12:13:08.319014   984  1089 W ASH     : @ 39117.994: touch gesture: no valid gesture detected
04-17 12:13:08.383353   984  1089 W ASH     : @ 39118.058: touch gesture: no valid gesture detected
04-17 12:13:08.447526   984  1089 W ASH     : @ 39118.122: touch gesture: no valid gesture detected
04-17 12:13:08.510599   984  1089 W ASH     : @ 39118.187: touch gesture: no valid gesture detected
04-17 12:13:08.576565   984  1089 W ASH     : @ 39118.251: touch gesture: no valid gesture detected
04-17 12:13:08.640438   984  1089 W ASH     : @ 39118.315: touch gesture: no valid gesture detected
04-17 12:13:08.705353   984  1089 W ASH     : @ 39118.380: touch gesture: no valid gesture detected
04-17 12:13:08.770047   984  1089 W ASH     : @ 39118.445: touch gesture: no valid gesture detected
04-17 12:13:08.834354   984  1089 W ASH     : @ 39118.509: touch gesture: no valid gesture detected
--------- switch to kernel
04-17 12:13:08.878471     0     0 I         : c2   5787 google_charger: usbchg=USB typec=C usbv=5032 usbc=0 usbMv=5000 usbMc=450
04-17 12:13:08.878646     0     0 I         : c2   5787 sm7250_bms: MSC_PCS chg_state=1c2112e01030001 [0x1:1:3:4398:450] chg=u
04-17 12:13:08.878716     0     0 I         : c2   5787 google_battery: MSC_DIN chg_state=1c2112e01030001 f=0x1 chg_s=Not Charging chg_t=None vchg=4398 icl=450
04-17 12:13:08.880369     0     0 I         : c2   5787 google_battery: MSC_DSG vbatt_idx:4->4 vbatt=4398017 ibatt=-4577 fv_uv=4430000 cv_cnt=0 ov_cnt=0
04-17 12:13:08.880431     0     0 I         : c2   5787 google_battery: MSC_VOTE msc_state=2 cv_cnt=0 ov_cnt=0 temp_idx:2, vbatt_idx:4  fv_uv=4430000 cc_max=0 update_interval=-1
04-17 12:13:08.880534     0     0 I         : c2   5787 google_charger: MSC_CHG fv_uv=4430000, cc_max=0, rerun in 2000 ms (0)
--------- switch to main
04-17 12:13:08.898272   984  1089 W ASH     : @ 39118.573: touch gesture: no valid gesture detected
04-17 12:13:08.962651   984  1089 W ASH     : @ 39118.638: touch gesture: no valid gesture detected
04-17 12:13:09.027408   984  1089 W ASH     : @ 39118.702: touch gesture: no valid gesture detected
04-17 12:13:09.091994   984  1089 W ASH     : @ 39118.767: touch gesture: no valid gesture detected
04-17 12:13:09.156066   984  1089 W ASH     : @ 39118.831: touch gesture: no valid gesture detected
04-17 12:13:09.220123   984  1089 W ASH     : @ 39118.895: touch gesture: no valid gesture detected
04-17 12:13:09.285018   984  1089 W ASH     : @ 39118.960: touch gesture: no valid gesture detected
04-17 12:13:09.347856   984  1089 W ASH     : @ 39119.024: touch gesture: no valid gesture detected
04-17 12:13:09.413453   984  1089 W ASH     : @ 39119.088: touch gesture: no valid gesture detected
04-17 12:13:09.478079   984  1089 W ASH     : @ 39119.153: touch gesture: no valid gesture detected
04-17 12:13:09.542179   984  1089 W ASH     : @ 39119.217: touch gesture: no valid gesture detected
04-17 12:13:09.606812   984  1089 W ASH     : @ 39119.282: touch gesture: no valid gesture detected
04-17 12:13:09.671352   984  1089 W ASH     : @ 39119.346: touch gesture: no valid gesture detected
04-17 12:13:09.735555   984  1089 W ASH     : @ 39119.410: touch gesture: no valid gesture detected
04-17 12:13:09.799691   984  1089 W ASH     : @ 39119.475: touch gesture: no valid gesture detected
04-17 12:13:09.864755   984  1089 W ASH     : @ 39119.539: touch gesture: no valid gesture detected
04-17 12:13:09.928827   984  1089 W ASH     : @ 39119.603: touch gesture: no valid gesture detected
04-17 12:13:09.993024   984  1089 W ASH     : @ 39119.668: touch gesture: no valid gesture detected
04-17 12:13:10.057941   984  1089 W ASH     : @ 39119.732: touch gesture: no valid gesture detected
04-17 12:13:10.122222   984  1089 W ASH     : @ 39119.797: touch gesture: no valid gesture detected
04-17 12:13:10.186028   984  1089 W ASH     : @ 39119.861: touch gesture: no valid gesture detected
04-17 12:13:10.250403   984  1089 W ASH     : @ 39119.925: touch gesture: no valid gesture detected
04-17 12:13:10.314737   984  1089 W ASH     : @ 39119.990: touch gesture: no valid gesture detected
04-17 12:13:10.379429   984  1089 W ASH     : @ 39120.054: touch gesture: no valid gesture detected
04-17 12:13:10.443525   984  1089 W ASH     : @ 39120.118: touch gesture: no valid gesture detected
04-17 12:13:10.497425   960   960 D vendor.qti.bluetooth@1.0-uart_transport: SocRxDWakeup: Flow off->Change UART baudrate to 38.4kbs->send 0x00->Change UART baudrate to max->Flow on
04-17 12:13:10.497772   960   960 I vendor.qti.bluetooth@1.0-uart_transport: ## userial_vendor_ioctl: UART Flow Off 
--------- switch to kernel
04-17 12:13:10.494202     0     0 I         : c0    960 msm_geni_serial 894000.qcom,qup_uart: msm_geni_serial_set_termios: Start
04-17 12:13:10.495718     0     0 I         : c0    960 msm_geni_serial 894000.qcom,qup_uart: msm_geni_serial_set_termios: geni_se_clk_freq_match
04-17 12:13:10.495937     0     0 I         : c0    960 msm_geni_serial 894000.qcom,qup_uart: msm_geni_serial_set_termios: check parity
04-17 12:13:10.495974     0     0 I         : c0    960 msm_geni_serial 894000.qcom,qup_uart: msm_geni_serial_set_termios: geni_serial_write_term_regs
04-17 12:13:10.496048     0     0 I         : c0    960 msm_geni_serial 894000.qcom,qup_uart: msm_geni_serial_set_termios: End
04-17 12:13:10.497548     0     0 I         : c2    960 msm_geni_serial 894000.qcom,qup_uart: msm_geni_serial_set_termios: Start
--------- switch to main
04-17 12:13:10.501154   960   960 I vendor.qti.bluetooth@1.0-uart_transport: ## userial_vendor_set_baud: 17
04-17 12:13:10.506743   984  1089 W ASH     : @ 39120.183: touch gesture: no valid gesture detected
--------- switch to kernel
04-17 12:13:10.507269     0     0 I         : c5    960 msm_geni_serial 894000.qcom,qup_uart: msm_geni_serial_set_termios: geni_se_clk_freq_match
04-17 12:13:10.508232     0     0 I         : c4    960 msm_geni_serial 894000.qcom,qup_uart: msm_geni_serial_set_termios: check parity
04-17 12:13:10.508271     0     0 I         : c4    960 msm_geni_serial 894000.qcom,qup_uart: msm_geni_serial_set_termios: geni_serial_write_term_regs
04-17 12:13:10.508340     0     0 I         : c4    960 msm_geni_serial 894000.qcom,qup_uart: msm_geni_serial_set_termios: End
--------- switch to main
04-17 12:13:10.512291   960   960 I vendor.qti.bluetooth@1.0-uart_transport: SetBaudRate: in BOTHER
04-17 12:13:10.512422   960   960 I vendor.qti.bluetooth@1.0-uart_transport: ## userial_vendor_ioctl: UART Flow On 
04-17 12:13:10.513261   960  3561 I vendor.qti.bluetooth@1.0-ibs_handler: ProcessIbsCmd: Received IBS_WAKE_ACK: 0xFC
04-17 12:13:10.513324   960  3561 I vendor.qti.bluetooth@1.0-ibs_handler: ProcessIbsCmd: Signal wack_cond_
04-17 12:13:10.515095   960  3561 I vendor.qti.bluetooth@1.0-ibs_handler: ProcessIbsCmd: Received IBS_WAKE_ACK: 0xFC
04-17 12:13:10.515291   960  3561 I vendor.qti.bluetooth@1.0-ibs_handler: ProcessIbsCmd: Signal wack_cond_
04-17 12:13:10.515601   960   960 D vendor.qti.bluetooth@1.0-ibs_handler: DeviceWakeUp: Unblocked from waiting for FC
04-17 12:13:10.572123   984  1089 W ASH     : @ 39120.247: touch gesture: no valid gesture detected
04-17 12:13:10.634635   984  1089 W ASH     : @ 39120.311: touch gesture: no valid gesture detected
04-17 12:13:10.700641   984  1089 W ASH     : @ 39120.376: touch gesture: no valid gesture detected
04-17 12:13:10.765518   984  1089 W ASH     : @ 39120.440: touch gesture: no valid gesture detected
04-17 12:13:10.829942   984  1089 W ASH     : @ 39120.504: touch gesture: no valid gesture detected
04-17 12:13:10.893840   984  1089 W ASH     : @ 39120.569: touch gesture: no valid gesture detected
--------- switch to kernel
04-17 12:13:10.889629     0     0 I         : c2   5787 google_charger: usbchg=USB typec=C usbv=5040 usbc=9 usbMv=5000 usbMc=450
04-17 12:13:10.889816     0     0 I         : c2   5787 sm7250_bms: MSC_PCS chg_state=1c2112e01030001 [0x1:1:3:4398:450] chg=u
04-17 12:13:10.889887     0     0 I         : c2   5787 google_battery: MSC_DIN chg_state=1c2112e01030001 f=0x1 chg_s=Not Charging chg_t=None vchg=4398 icl=450
04-17 12:13:10.891655     0     0 I         : c2   5787 google_battery: MSC_DSG vbatt_idx:4->4 vbatt=4398017 ibatt=-4577 fv_uv=4430000 cv_cnt=0 ov_cnt=0
04-17 12:13:10.891730     0     0 I         : c2   5787 google_battery: MSC_VOTE msc_state=2 cv_cnt=0 ov_cnt=0 temp_idx:2, vbatt_idx:4  fv_uv=4430000 cc_max=0 update_interval=-1
04-17 12:13:10.891842     0     0 I         : c2   5787 google_charger: MSC_CHG fv_uv=4430000, cc_max=0, rerun in 2000 ms (0)
--------- switch to main
04-17 12:13:10.958531   984  1089 W ASH     : @ 39120.633: touch gesture: no valid gesture detected
04-17 12:13:11.022457   984  1089 W ASH     : @ 39120.698: touch gesture: no valid gesture detected
04-17 12:13:11.086681   984  1089 W ASH     : @ 39120.762: touch gesture: no valid gesture detected
04-17 12:13:11.151566   984  1089 W ASH     : @ 39120.826: touch gesture: no valid gesture detected
04-17 12:13:11.215878   984  1089 W ASH     : @ 39120.891: touch gesture: no valid gesture detected
04-17 12:13:11.280045   984  1089 W ASH     : @ 39120.955: touch gesture: no valid gesture detected
04-17 12:13:11.344932   984  1089 W ASH     : @ 39121.019: touch gesture: no valid gesture detected
04-17 12:13:11.409360   984  1089 W ASH     : @ 39121.084: touch gesture: no valid gesture detected
04-17 12:13:11.473423   984  1089 W ASH     : @ 39121.148: touch gesture: no valid gesture detected
04-17 12:13:11.537539   984  1089 W ASH     : @ 39121.213: touch gesture: no valid gesture detected
04-17 12:13:11.602048   984  1089 W ASH     : @ 39121.277: touch gesture: no valid gesture detected
04-17 12:13:11.666533   984  1089 W ASH     : @ 39121.341: touch gesture: no valid gesture detected
04-17 12:13:11.730970   984  1089 W ASH     : @ 39121.406: touch gesture: no valid gesture detected
04-17 12:13:11.795492   984  1089 W ASH     : @ 39121.470: touch gesture: no valid gesture detected
04-17 12:13:11.859576   984  1089 W ASH     : @ 39121.535: touch gesture: no valid gesture detected
04-17 12:13:11.922972   984  1089 W ASH     : @ 39121.599: touch gesture: no valid gesture detected
04-17 12:13:11.988706   984  1089 W ASH     : @ 39121.664: touch gesture: no valid gesture detected
04-17 12:13:12.053096   984  1089 W ASH     : @ 39121.728: touch gesture: no valid gesture detected
04-17 12:13:12.117418   984  1089 W ASH     : @ 39121.792: touch gesture: no valid gesture detected
04-17 12:13:12.181771   984  1089 W ASH     : @ 39121.857: touch gesture: no valid gesture detected
04-17 12:13:12.246464   984  1089 W ASH     : @ 39121.921: touch gesture: no valid gesture detected
04-17 12:13:12.311213   984  1089 W ASH     : @ 39121.986: touch gesture: no valid gesture detected
04-17 12:13:12.375626   984  1089 W ASH     : @ 39122.050: touch gesture: no valid gesture detected
04-17 12:13:12.439691   984  1089 W ASH     : @ 39122.115: touch gesture: no valid gesture detected
04-17 12:13:12.504418   984  1089 W ASH     : @ 39122.179: touch gesture: no valid gesture detected
04-17 12:13:12.568942   984  1089 W ASH     : @ 39122.244: touch gesture: no valid gesture detected
04-17 12:13:12.632811   984  1089 W ASH     : @ 39122.308: touch gesture: no valid gesture detected
04-17 12:13:12.697371   984  1089 W ASH     : @ 39122.372: touch gesture: no valid gesture detected
04-17 12:13:12.760974   984  1089 W ASH     : @ 39122.437: touch gesture: no valid gesture detected
04-17 12:13:12.826316   984  1089 W ASH     : @ 39122.501: touch gesture: no valid gesture detected
04-17 12:13:12.890427   984  1089 W ASH     : @ 39122.566: touch gesture: no valid gesture detected
--------- switch to kernel
04-17 12:13:12.895218     0     0 I         : c2   5787 google_charger: usbchg=USB typec=C usbv=5050 usbc=0 usbMv=5000 usbMc=450
04-17 12:13:12.895489     0     0 I         : c2   5787 sm7250_bms: MSC_PCS chg_state=1c2112e01030001 [0x1:1:3:4398:450] chg=u
04-17 12:13:12.895545     0     0 I         : c2   5787 google_battery: MSC_DIN chg_state=1c2112e01030001 f=0x1 chg_s=Not Charging chg_t=None vchg=4398 icl=450
04-17 12:13:12.896796     0     0 I         : c2   5787 google_battery: MSC_DSG vbatt_idx:4->4 vbatt=4398017 ibatt=-4577 fv_uv=4430000 cv_cnt=0 ov_cnt=0
04-17 12:13:12.896854     0     0 I         : c2   5787 google_battery: MSC_VOTE msc_state=2 cv_cnt=0 ov_cnt=0 temp_idx:2, vbatt_idx:4  fv_uv=4430000 cc_max=0 update_interval=-1
04-17 12:13:12.896926     0     0 I         : c2   5787 google_charger: MSC_CHG fv_uv=4430000, cc_max=0, rerun in 2000 ms (0)
--------- switch to main
04-17 12:13:12.955798   984  1089 W ASH     : @ 39122.630: touch gesture: no valid gesture detected
04-17 12:13:13.019572   984  1089 W ASH     : @ 39122.694: touch gesture: no valid gesture detected
04-17 12:13:13.083723   984  1089 W ASH     : @ 39122.759: touch gesture: no valid gesture detected
04-17 12:13:13.148240   984  1089 W ASH     : @ 39122.823: touch gesture: no valid gesture detected
04-17 12:13:13.212653   984  1089 W ASH     : @ 39122.888: touch gesture: no valid gesture detected
04-17 12:13:13.276845   984  1089 W ASH     : @ 39122.952: touch gesture: no valid gesture detected
04-17 12:13:13.341525   984  1089 W ASH     : @ 39123.016: touch gesture: no valid gesture detected
04-17 12:13:13.405641   984  1089 W ASH     : @ 39123.081: touch gesture: no valid gesture detected
04-17 12:13:13.470194   984  1089 W ASH     : @ 39123.145: touch gesture: no valid gesture detected
04-17 12:13:13.534582   984  1089 W ASH     : @ 39123.210: touch gesture: no valid gesture detected
04-17 12:13:13.599095   984  1089 W ASH     : @ 39123.274: touch gesture: no valid gesture detected
04-17 12:13:13.663507   984  1089 W ASH     : @ 39123.338: touch gesture: no valid gesture detected
04-17 12:13:13.727609   984  1089 W ASH     : @ 39123.403: touch gesture: no valid gesture detected
04-17 12:13:13.792735   984  1089 W ASH     : @ 39123.467: touch gesture: no valid gesture detected
04-17 12:13:13.856461   984  1089 W ASH     : @ 39123.532: touch gesture: no valid gesture detected
04-17 12:13:13.921234   984  1089 W ASH     : @ 39123.596: touch gesture: no valid gesture detected
04-17 12:13:13.985446   984  1089 W ASH     : @ 39123.660: touch gesture: no valid gesture detected
04-17 12:13:14.049940   984  1089 W ASH     : @ 39123.725: touch gesture: no valid gesture detected
04-17 12:13:14.114487   984  1089 W ASH     : @ 39123.789: touch gesture: no valid gesture detected
04-17 12:13:14.178710   984  1089 W ASH     : @ 39123.854: touch gesture: no valid gesture detected
04-17 12:13:14.243130   984  1089 W ASH     : @ 39123.918: touch gesture: no valid gesture detected
04-17 12:13:14.307775   984  1089 W ASH     : @ 39123.982: touch gesture: no valid gesture detected
04-17 12:13:14.372235   984  1089 W ASH     : @ 39124.047: touch gesture: no valid gesture detected
04-17 12:13:14.436074   984  1089 W ASH     : @ 39124.111: touch gesture: no valid gesture detected
04-17 12:13:14.500482   984  1089 W ASH     : @ 39124.176: touch gesture: no valid gesture detected
04-17 12:13:14.565030   984  1089 W ASH     : @ 39124.240: touch gesture: no valid gesture detected
04-17 12:13:14.629478   984  1089 W ASH     : @ 39124.304: touch gesture: no valid gesture detected
04-17 12:13:14.693871   984  1089 W ASH     : @ 39124.369: touch gesture: no valid gesture detected
04-17 12:13:14.758697   984  1089 W ASH     : @ 39124.433: touch gesture: no valid gesture detected
04-17 12:13:14.822797   984  1089 W ASH     : @ 39124.498: touch gesture: no valid gesture detected
04-17 12:13:14.887227   984  1089 W ASH     : @ 39124.562: touch gesture: no valid gesture detected
--------- switch to kernel
04-17 12:13:14.902011     0     0 I         : c2   5787 google_charger: usbchg=USB typec=C usbv=5046 usbc=0 usbMv=5000 usbMc=450
04-17 12:13:14.902194     0     0 I         : c2   5787 sm7250_bms: MSC_PCS chg_state=1c2112e01030001 [0x1:1:3:4398:450] chg=u
04-17 12:13:14.902254     0     0 I         : c2   5787 google_battery: MSC_DIN chg_state=1c2112e01030001 f=0x1 chg_s=Not Charging chg_t=None vchg=4398 icl=450
04-17 12:13:14.903370     0     0 I         : c2   5787 google_battery: MSC_DSG vbatt_idx:4->4 vbatt=4398017 ibatt=-4577 fv_uv=4430000 cv_cnt=0 ov_cnt=0
04-17 12:13:14.903429     0     0 I         : c2   5787 google_battery: MSC_VOTE msc_state=2 cv_cnt=0 ov_cnt=0 temp_idx:2, vbatt_idx:4  fv_uv=4430000 cc_max=0 update_interval=-1
04-17 12:13:14.903509     0     0 I         : c2   5787 google_charger: MSC_CHG fv_uv=4430000, cc_max=0, rerun in 2000 ms (0)
--------- switch to main
04-17 12:13:14.951767   984  1089 W ASH     : @ 39124.627: touch gesture: no valid gesture detected
04-17 12:13:15.016269   984  1089 W ASH     : @ 39124.691: touch gesture: no valid gesture detected
04-17 12:13:15.080861   984  1089 W ASH     : @ 39124.755: touch gesture: no valid gesture detected
04-17 12:13:15.144882   984  1089 W ASH     : @ 39124.820: touch gesture: no valid gesture detected
04-17 12:13:15.209416   984  1089 W ASH     : @ 39124.884: touch gesture: no valid gesture detected
04-17 12:13:15.273712   984  1089 W ASH     : @ 39124.949: touch gesture: no valid gesture detected
04-17 12:13:15.338443   984  1089 W ASH     : @ 39125.013: touch gesture: no valid gesture detected
04-17 12:13:15.402933   984  1089 W ASH     : @ 39125.077: touch gesture: no valid gesture detected
04-17 12:13:15.466986   984  1089 W ASH     : @ 39125.142: touch gesture: no valid gesture detected
04-17 12:13:15.531650   984  1089 W ASH     : @ 39125.206: touch gesture: no valid gesture detected
04-17 12:13:15.595610   984  1089 W ASH     : @ 39125.271: touch gesture: no valid gesture detected
04-17 12:13:15.660105   984  1089 W ASH     : @ 39125.335: touch gesture: no valid gesture detected
04-17 12:13:15.724962   984  1089 W ASH     : @ 39125.400: touch gesture: no valid gesture detected
04-17 12:13:15.789099   984  1089 W ASH     : @ 39125.464: touch gesture: no valid gesture detected
04-17 12:13:15.853879   984  1089 W ASH     : @ 39125.529: touch gesture: no valid gesture detected
04-17 12:13:15.918098   984  1089 W ASH     : @ 39125.593: touch gesture: no valid gesture detected
04-17 12:13:15.982553   984  1089 W ASH     : @ 39125.657: touch gesture: no valid gesture detected
04-17 12:13:16.047030   984  1089 W ASH     : @ 39125.722: touch gesture: no valid gesture detected
04-17 12:13:16.111624   984  1089 W ASH     : @ 39125.786: touch gesture: no valid gesture detected
04-17 12:13:16.174660   984  1089 W ASH     : @ 39125.851: touch gesture: no valid gesture detected
04-17 12:13:16.240174   984  1089 W ASH     : @ 39125.915: touch gesture: no valid gesture detected
04-17 12:13:16.304636   984  1089 W ASH     : @ 39125.980: touch gesture: no valid gesture detected
04-17 12:13:16.369593   984  1089 W ASH     : @ 39126.044: touch gesture: no valid gesture detected
04-17 12:13:16.434042   984  1089 W ASH     : @ 39126.109: touch gesture: no valid gesture detected
04-17 12:13:16.499010   984  1089 W ASH     : @ 39126.173: touch gesture: no valid gesture detected
04-17 12:13:16.562691   984  1089 W ASH     : @ 39126.238: touch gesture: no valid gesture detected
04-17 12:13:16.627241   984  1089 W ASH     : @ 39126.302: touch gesture: no valid gesture detected
04-17 12:13:16.691581   984  1089 W ASH     : @ 39126.366: touch gesture: no valid gesture detected
04-17 12:13:16.755692   984  1089 W ASH     : @ 39126.431: touch gesture: no valid gesture detected
04-17 12:13:16.820475   984  1089 W ASH     : @ 39126.495: touch gesture: no valid gesture detected
04-17 12:13:16.884787   984  1089 W ASH     : @ 39126.560: touch gesture: no valid gesture detected
--------- switch to kernel
04-17 12:13:16.909807     0     0 I         : c2   5787 google_charger: usbchg=USB typec=C usbv=5037 usbc=0 usbMv=5000 usbMc=450
04-17 12:13:16.909986     0     0 I         : c2   5787 sm7250_bms: MSC_PCS chg_state=1c2112e01030001 [0x1:1:3:4398:450] chg=u
04-17 12:13:16.910058     0     0 I         : c2   5787 google_battery: MSC_DIN chg_state=1c2112e01030001 f=0x1 chg_s=Not Charging chg_t=None vchg=4398 icl=450
04-17 12:13:16.911575     0     0 I         : c2   5787 google_battery: MSC_DSG vbatt_idx:4->4 vbatt=4398017 ibatt=-4577 fv_uv=4430000 cv_cnt=0 ov_cnt=0
04-17 12:13:16.911640     0     0 I         : c2   5787 google_battery: MSC_VOTE msc_state=2 cv_cnt=0 ov_cnt=0 temp_idx:2, vbatt_idx:4  fv_uv=4430000 cc_max=0 update_interval=-1
04-17 12:13:16.911734     0     0 I         : c2   5787 google_charger: MSC_CHG fv_uv=4430000, cc_max=0, rerun in 2000 ms (0)
--------- switch to main
04-17 12:13:16.949179   984  1089 W ASH     : @ 39126.624: touch gesture: no valid gesture detected
04-17 12:13:17.013492   984  1089 W ASH     : @ 39126.689: touch gesture: no valid gesture detected
04-17 12:13:17.077878   984  1089 W ASH     : @ 39126.753: touch gesture: no valid gesture detected
04-17 12:13:17.142363   984  1089 W ASH     : @ 39126.817: touch gesture: no valid gesture detected
04-17 12:13:17.206620   984  1089 W ASH     : @ 39126.882: touch gesture: no valid gesture detected
04-17 12:13:17.271358   984  1089 W ASH     : @ 39126.946: touch gesture: no valid gesture detected
04-17 12:13:17.335512   984  1089 W ASH     : @ 39127.010: touch gesture: no valid gesture detected
04-17 12:13:17.399895   984  1089 W ASH     : @ 39127.075: touch gesture: no valid gesture detected
04-17 12:13:17.464429   984  1089 W ASH     : @ 39127.139: touch gesture: no valid gesture detected
04-17 12:13:17.529133   984  1089 W ASH     : @ 39127.204: touch gesture: no valid gesture detected
04-17 12:13:17.593133   984  1089 W ASH     : @ 39127.268: touch gesture: no valid gesture detected
04-17 12:13:17.657531   984  1089 W ASH     : @ 39127.332: touch gesture: no valid gesture detected
04-17 12:13:17.722296   984  1089 W ASH     : @ 39127.397: touch gesture: no valid gesture detected
04-17 12:13:17.786215   984  1089 W ASH     : @ 39127.461: touch gesture: no valid gesture detected
04-17 12:13:17.851017   984  1089 W ASH     : @ 39127.526: touch gesture: no valid gesture detected
04-17 12:13:17.915308   984  1089 W ASH     : @ 39127.590: touch gesture: no valid gesture detected
04-17 12:13:17.979703   984  1089 W ASH     : @ 39127.655: touch gesture: no valid gesture detected
04-17 12:13:18.044162   984  1089 W ASH     : @ 39127.719: touch gesture: no valid gesture detected
04-17 12:13:18.108819   984  1089 W ASH     : @ 39127.783: touch gesture: no valid gesture detected
04-17 12:13:18.172801   984  1089 W ASH     : @ 39127.848: touch gesture: no valid gesture detected
04-17 12:13:18.237230   984  1089 W ASH     : @ 39127.912: touch gesture: no valid gesture detected
04-17 12:13:18.301521   984  1089 W ASH     : @ 39127.977: touch gesture: no valid gesture detected
04-17 12:13:18.366284   984  1089 W ASH     : @ 39128.041: touch gesture: no valid gesture detected
04-17 12:13:18.430679   984  1089 W ASH     : @ 39128.105: touch gesture: no valid gesture detected
04-17 12:13:18.494790   984  1089 W ASH     : @ 39128.170: touch gesture: no valid gesture detected
04-17 12:13:18.559205   984  1089 W ASH     : @ 39128.234: touch gesture: no valid gesture detected
04-17 12:13:18.622049   984  1089 W ASH     : @ 39128.298: touch gesture: no valid gesture detected
04-17 12:13:18.688089   984  1089 W ASH     : @ 39128.363: touch gesture: no valid gesture detected
04-17 12:13:18.752438   984  1089 W ASH     : @ 39128.427: touch gesture: no valid gesture detected
04-17 12:13:18.816840   984  1089 W ASH     : @ 39128.492: touch gesture: no valid gesture detected
04-17 12:13:18.881088   984  1089 W ASH     : @ 39128.556: touch gesture: no valid gesture detected
--------- switch to kernel
04-17 12:13:18.919890     0     0 I         : c2   5787 google_charger: usbchg=USB typec=C usbv=5038 usbc=0 usbMv=5000 usbMc=450
04-17 12:13:18.920078     0     0 I         : c2   5787 sm7250_bms: MSC_PCS chg_state=1c2112e01030001 [0x1:1:3:4398:450] chg=u
04-17 12:13:18.920154     0     0 I         : c2   5787 google_battery: MSC_DIN chg_state=1c2112e01030001 f=0x1 chg_s=Not Charging chg_t=None vchg=4398 icl=450
04-17 12:13:18.921817     0     0 I         : c2   5787 google_battery: MSC_DSG vbatt_idx:4->4 vbatt=4398017 ibatt=-4577 fv_uv=4430000 cv_cnt=0 ov_cnt=0
04-17 12:13:18.921879     0     0 I         : c2   5787 google_battery: MSC_VOTE msc_state=2 cv_cnt=0 ov_cnt=0 temp_idx:2, vbatt_idx:4  fv_uv=4430000 cc_max=0 update_interval=-1
04-17 12:13:18.921979     0     0 I         : c2   5787 google_charger: MSC_CHG fv_uv=4430000, cc_max=0, rerun in 2000 ms (0)
--------- switch to main
04-17 12:13:18.945918   984  1089 W ASH     : @ 39128.621: touch gesture: no valid gesture detected
04-17 12:13:19.010488   984  1089 W ASH     : @ 39128.685: touch gesture: no valid gesture detected
04-17 12:13:19.074587   984  1089 W ASH     : @ 39128.749: touch gesture: no valid gesture detected
04-17 12:13:19.138810   984  1089 W ASH     : @ 39128.814: touch gesture: no valid gesture detected
04-17 12:13:19.203192   984  1089 W ASH     : @ 39128.878: touch gesture: no valid gesture detected
04-17 12:13:19.267511   984  1089 W ASH     : @ 39128.942: touch gesture: no valid gesture detected
04-17 12:13:19.332258   984  1089 W ASH     : @ 39129.007: touch gesture: no valid gesture detected
04-17 12:13:19.396129   984  1089 W ASH     : @ 39129.071: touch gesture: no valid gesture detected
04-17 12:13:19.460429   984  1089 W ASH     : @ 39129.136: touch gesture: no valid gesture detected
04-17 12:13:19.525500   984  1089 W ASH     : @ 39129.200: touch gesture: no valid gesture detected
04-17 12:13:19.587829   984  1089 W ASH     : @ 39129.264: touch gesture: no valid gesture detected
04-17 12:13:19.653819   984  1089 W ASH     : @ 39129.329: touch gesture: no valid gesture detected
04-17 12:13:19.718374   984  1089 W ASH     : @ 39129.393: touch gesture: no valid gesture detected
04-17 12:13:19.783139   984  1089 W ASH     : @ 39129.458: touch gesture: no valid gesture detected
04-17 12:13:19.846779   984  1089 W ASH     : @ 39129.522: touch gesture: no valid gesture detected
04-17 12:13:19.911203   984  1089 W ASH     : @ 39129.586: touch gesture: no valid gesture detected
04-17 12:13:19.975654   984  1089 W ASH     : @ 39129.651: touch gesture: no valid gesture detected
04-17 12:13:20.040187   984  1089 W ASH     : @ 39129.715: touch gesture: no valid gesture detected
04-17 12:13:20.104300   984  1089 W ASH     : @ 39129.779: touch gesture: no valid gesture detected
04-17 12:13:20.168850   984  1089 W ASH     : @ 39129.844: touch gesture: no valid gesture detected
04-17 12:13:20.233192   984  1089 W ASH     : @ 39129.908: touch gesture: no valid gesture detected
04-17 12:13:20.297423   984  1089 W ASH     : @ 39129.972: touch gesture: no valid gesture detected
04-17 12:13:20.362308   984  1089 W ASH     : @ 39130.037: touch gesture: no valid gesture detected
04-17 12:13:20.426627   984  1089 W ASH     : @ 39130.101: touch gesture: no valid gesture detected
04-17 12:13:20.489707   984  1089 W ASH     : @ 39130.166: touch gesture: no valid gesture detected
04-17 12:13:20.555456   984  1089 W ASH     : @ 39130.230: touch gesture: no valid gesture detected
04-17 12:13:20.619503   984  1089 W ASH     : @ 39130.295: touch gesture: no valid gesture detected
04-17 12:13:20.684101   984  1089 W ASH     : @ 39130.359: touch gesture: no valid gesture detected
04-17 12:13:20.748966   984  1089 W ASH     : @ 39130.423: touch gesture: no valid gesture detected
04-17 12:13:20.813018   984  1089 W ASH     : @ 39130.488: touch gesture: no valid gesture detected
04-17 12:13:20.877179   984  1089 W ASH     : @ 39130.552: touch gesture: no valid gesture detected
--------- switch to kernel
04-17 12:13:20.929730     0     0 I         : c2   5787 google_charger: usbchg=USB typec=C usbv=5040 usbc=0 usbMv=5000 usbMc=450
04-17 12:13:20.929918     0     0 I         : c2   5787 sm7250_bms: MSC_PCS chg_state=1c2112e01030001 [0x1:1:3:4398:450] chg=u
04-17 12:13:20.929992     0     0 I         : c2   5787 google_battery: MSC_DIN chg_state=1c2112e01030001 f=0x1 chg_s=Not Charging chg_t=None vchg=4398 icl=450
04-17 12:13:20.931391     0     0 I         : c2   5787 google_battery: MSC_DSG vbatt_idx:4->4 vbatt=4398017 ibatt=-4577 fv_uv=4430000 cv_cnt=0 ov_cnt=0
04-17 12:13:20.931681     0     0 I         : c2   5787 google_battery: MSC_VOTE msc_state=2 cv_cnt=0 ov_cnt=0 temp_idx:2, vbatt_idx:4  fv_uv=4430000 cc_max=0 update_interval=-1
04-17 12:13:20.931774     0     0 I         : c2   5787 google_charger: MSC_CHG fv_uv=4430000, cc_max=0, rerun in 2000 ms (0)
--------- switch to main
04-17 12:13:20.940559   984  1089 W ASH     : @ 39130.617: touch gesture: no valid gesture detected
04-17 12:13:21.006270   984  1089 W ASH     : @ 39130.681: touch gesture: no valid gesture detected
04-17 12:13:21.070842   984  1089 W ASH     : @ 39130.746: touch gesture: no valid gesture detected
04-17 12:13:21.135602   984  1089 W ASH     : @ 39130.810: touch gesture: no valid gesture detected
04-17 12:13:21.199652   984  1089 W ASH     : @ 39130.875: touch gesture: no valid gesture detected
04-17 12:13:21.264101   984  1089 W ASH     : @ 39130.939: touch gesture: no valid gesture detected
04-17 12:13:21.328756   984  1089 W ASH     : @ 39131.003: touch gesture: no valid gesture detected
04-17 12:13:21.392956   984  1089 W ASH     : @ 39131.068: touch gesture: no valid gesture detected
04-17 12:13:21.457199   984  1089 W ASH     : @ 39131.132: touch gesture: no valid gesture detected
04-17 12:13:21.522043   984  1089 W ASH     : @ 39131.197: touch gesture: no valid gesture detected
04-17 12:13:21.586224   984  1089 W ASH     : @ 39131.261: touch gesture: no valid gesture detected
04-17 12:13:21.651020   984  1089 W ASH     : @ 39131.326: touch gesture: no valid gesture detected
04-17 12:13:21.715103   984  1089 W ASH     : @ 39131.390: touch gesture: no valid gesture detected
04-17 12:13:21.779963   984  1089 W ASH     : @ 39131.455: touch gesture: no valid gesture detected
04-17 12:13:21.844430   984  1089 W ASH     : @ 39131.519: touch gesture: no valid gesture detected
04-17 12:13:21.908849   984  1089 W ASH     : @ 39131.584: touch gesture: no valid gesture detected
04-17 12:13:21.973124   984  1089 W ASH     : @ 39131.648: touch gesture: no valid gesture detected
04-17 12:13:22.037674   984  1089 W ASH     : @ 39131.712: touch gesture: no valid gesture detected
04-17 12:13:22.102024   984  1089 W ASH     : @ 39131.777: touch gesture: no valid gesture detected
04-17 12:13:22.166415   984  1089 W ASH     : @ 39131.841: touch gesture: no valid gesture detected
04-17 12:13:22.230863   984  1089 W ASH     : @ 39131.906: touch gesture: no valid gesture detected
04-17 12:13:22.295648   984  1089 W ASH     : @ 39131.970: touch gesture: no valid gesture detected
04-17 12:13:22.360010   984  1089 W ASH     : @ 39132.035: touch gesture: no valid gesture detected
04-17 12:13:22.424211   984  1089 W ASH     : @ 39132.099: touch gesture: no valid gesture detected
04-17 12:13:22.488731   984  1089 W ASH     : @ 39132.163: touch gesture: no valid gesture detected
04-17 12:13:22.553055   984  1089 W ASH     : @ 39132.228: touch gesture: no valid gesture detected
04-17 12:13:22.617475   984  1089 W ASH     : @ 39132.292: touch gesture: no valid gesture detected
04-17 12:13:22.682066   984  1089 W ASH     : @ 39132.357: touch gesture: no valid gesture detected
04-17 12:13:22.746339   984  1089 W ASH     : @ 39132.421: touch gesture: no valid gesture detected
04-17 12:13:22.810742   984  1089 W ASH     : @ 39132.486: touch gesture: no valid gesture detected
04-17 12:13:22.875335   984  1089 W ASH     : @ 39132.550: touch gesture: no valid gesture detected
04-17 12:13:22.938364   984  1089 W ASH     : @ 39132.614: touch gesture: no valid gesture detected
--------- switch to kernel
04-17 12:13:22.937963     0     0 I         : c2   5787 google_charger: usbchg=USB typec=C usbv=5033 usbc=0 usbMv=5000 usbMc=450
04-17 12:13:22.938329     0     0 I         : c2   5787 sm7250_bms: MSC_PCS chg_state=1c2112e01030001 [0x1:1:3:4398:450] chg=u
04-17 12:13:22.938396     0     0 I         : c2   5787 google_battery: MSC_DIN chg_state=1c2112e01030001 f=0x1 chg_s=Not Charging chg_t=None vchg=4398 icl=450
04-17 12:13:22.939616     0     0 I         : c2   5787 google_battery: MSC_DSG vbatt_idx:4->4 vbatt=4398017 ibatt=-4577 fv_uv=4430000 cv_cnt=0 ov_cnt=0
04-17 12:13:22.939686     0     0 I         : c2   5787 google_battery: MSC_VOTE msc_state=2 cv_cnt=0 ov_cnt=0 temp_idx:2, vbatt_idx:4  fv_uv=4430000 cc_max=0 update_interval=-1
04-17 12:13:22.939774     0     0 I         : c2   5787 google_charger: MSC_CHG fv_uv=4430000, cc_max=0, rerun in 2000 ms (0)
--------- switch to main
04-17 12:13:23.003661   984  1089 W ASH     : @ 39132.679: touch gesture: no valid gesture detected
04-17 12:13:23.068342   984  1089 W ASH     : @ 39132.743: touch gesture: no valid gesture detected
04-17 12:13:23.132753   984  1089 W ASH     : @ 39132.808: touch gesture: no valid gesture detected
04-17 12:13:23.197570   984  1089 W ASH     : @ 39132.872: touch gesture: no valid gesture detected
04-17 12:13:23.262260   984  1089 W ASH     : @ 39132.936: touch gesture: no valid gesture detected
04-17 12:13:23.326046   984  1089 W ASH     : @ 39133.001: touch gesture: no valid gesture detected
04-17 12:13:23.390529   984  1089 W ASH     : @ 39133.065: touch gesture: no valid gesture detected
04-17 12:13:23.454690   984  1089 W ASH     : @ 39133.130: touch gesture: no valid gesture detected
04-17 12:13:23.519282   984  1089 W ASH     : @ 39133.194: touch gesture: no valid gesture detected
04-17 12:13:23.583702   984  1089 W ASH     : @ 39133.258: touch gesture: no valid gesture detected
04-17 12:13:23.647650   984  1089 W ASH     : @ 39133.323: touch gesture: no valid gesture detected
04-17 12:13:23.712229   984  1089 W ASH     : @ 39133.387: touch gesture: no valid gesture detected
04-17 12:13:23.776567   984  1089 W ASH     : @ 39133.451: touch gesture: no valid gesture detected
04-17 12:13:23.841143   984  1089 W ASH     : @ 39133.516: touch gesture: no valid gesture detected
04-17 12:13:23.905709   984  1089 W ASH     : @ 39133.580: touch gesture: no valid gesture detected
04-17 12:13:23.969839   984  1089 W ASH     : @ 39133.645: touch gesture: no valid gesture detected
04-17 12:13:24.034172   984  1089 W ASH     : @ 39133.709: touch gesture: no valid gesture detected
04-17 12:13:24.098925   984  1089 W ASH     : @ 39133.774: touch gesture: no valid gesture detected
04-17 12:13:24.163000   984  1089 W ASH     : @ 39133.838: touch gesture: no valid gesture detected
04-17 12:13:24.227648   984  1089 W ASH     : @ 39133.903: touch gesture: no valid gesture detected
04-17 12:13:24.292398   984  1089 W ASH     : @ 39133.967: touch gesture: no valid gesture detected
04-17 12:13:24.356300   984  1089 W ASH     : @ 39134.032: touch gesture: no valid gesture detected
04-17 12:13:24.420788   984  1089 W ASH     : @ 39134.096: touch gesture: no valid gesture detected
04-17 12:13:24.485659   984  1089 W ASH     : @ 39134.160: touch gesture: no valid gesture detected
