04-17 10:51:47.326190   984  1089 W ASH     : @ 34237.001: touch gesture: no valid gesture detected
04-17 10:51:47.390594   984  1089 W ASH     : @ 34237.066: touch gesture: no valid gesture detected
04-17 10:51:47.454896   984  1089 W ASH     : @ 34237.130: touch gesture: no valid gesture detected
04-17 10:51:47.519551   984  1089 W ASH     : @ 34237.195: touch gesture: no valid gesture detected
04-17 10:51:47.584234   984  1089 W ASH     : @ 34237.259: touch gesture: no valid gesture detected
04-17 10:51:47.648518   984  1089 W ASH     : @ 34237.324: touch gesture: no valid gesture detected
04-17 10:51:47.713375   984  1089 W ASH     : @ 34237.388: touch gesture: no valid gesture detected
04-17 10:51:47.777524   984  1089 W ASH     : @ 34237.453: touch gesture: no valid gesture detected
04-17 10:51:47.841999   984  1089 W ASH     : @ 34237.517: touch gesture: no valid gesture detected
04-17 10:51:47.906448   984  1089 W ASH     : @ 34237.582: touch gesture: no valid gesture detected
04-17 10:51:47.970491   984  1089 W ASH     : @ 34237.646: touch gesture: no valid gesture detected
04-17 10:51:48.035052   984  1089 W ASH     : @ 34237.710: touch gesture: no valid gesture detected
04-17 10:51:48.099395   984  1089 W ASH     : @ 34237.775: touch gesture: no valid gesture detected
04-17 10:51:48.163753   984  1089 W ASH     : @ 34237.839: touch gesture: no valid gesture detected
04-17 10:51:48.228142   984  1089 W ASH     : @ 34237.903: touch gesture: no valid gesture detected
04-17 10:51:48.292603   984  1089 W ASH     : @ 34237.968: touch gesture: no valid gesture detected
04-17 10:51:48.356761   984  1089 W ASH     : @ 34238.032: touch gesture: no valid gesture detected
04-17 10:51:48.420929   984  1089 W ASH     : @ 34238.097: touch gesture: no valid gesture detected
04-17 10:51:48.485527   984  1089 W ASH     : @ 34238.161: touch gesture: no valid gesture detected
04-17 10:51:48.550066   984  1089 W ASH     : @ 34238.225: touch gesture: no valid gesture detected
04-17 10:51:48.614526   984  1089 W ASH     : @ 34238.290: touch gesture: no valid gesture detected
04-17 10:51:48.678933   984  1089 W ASH     : @ 34238.354: touch gesture: no valid gesture detected
04-17 10:51:48.742691   984  1089 W ASH     : @ 34238.418: touch gesture: no valid gesture detected
04-17 10:51:48.807109   984  1089 W ASH     : @ 34238.483: touch gesture: no valid gesture detected
04-17 10:51:48.871755   984  1089 W ASH     : @ 34238.547: touch gesture: no valid gesture detected
04-17 10:51:48.935469   984  1089 W ASH     : @ 34238.611: touch gesture: no valid gesture detected
04-17 10:51:49.000454   984  1089 W ASH     : @ 34238.676: touch gesture: no valid gesture detected
04-17 10:51:49.064699   984  1089 W ASH     : @ 34238.740: touch gesture: no valid gesture detected
04-17 10:51:49.127652   984  1089 W ASH     : @ 34238.804: touch gesture: no valid gesture detected
04-17 10:51:49.193249   984  1089 W ASH     : @ 34238.869: touch gesture: no valid gesture detected
04-17 10:51:49.257903   984  1089 W ASH     : @ 34238.933: touch gesture: no valid gesture detected
04-17 10:51:49.321602   984  1089 W ASH     : @ 34238.997: touch gesture: no valid gesture detected
04-17 10:51:49.386625   984  1089 W ASH     : @ 34239.062: touch gesture: no valid gesture detected
04-17 10:51:49.450900   984  1089 W ASH     : @ 34239.126: touch gesture: no valid gesture detected
04-17 10:51:49.514839   984  1089 W ASH     : @ 34239.190: touch gesture: no valid gesture detected
04-17 10:51:49.579543   984  1089 W ASH     : @ 34239.255: touch gesture: no valid gesture detected
04-17 10:51:49.643670   984  1089 W ASH     : @ 34239.319: touch gesture: no valid gesture detected
04-17 10:51:49.660925   960   960 D vendor.qti.bluetooth@1.0-uart_transport: SocRxDWakeup: Flow off->Change UART baudrate to 38.4kbs->send 0x00->Change UART baudrate to max->Flow on
04-17 10:51:49.661053   960   960 I vendor.qti.bluetooth@1.0-uart_transport: ## userial_vendor_ioctl: UART Flow Off 
--------- switch to kernel
04-17 10:51:49.657943     0     0 I         : c3    960 msm_geni_serial 894000.qcom,qup_uart: msm_geni_serial_set_termios: Start
04-17 10:51:49.659059     0     0 I         : c4    960 msm_geni_serial 894000.qcom,qup_uart: msm_geni_serial_set_termios: geni_se_clk_freq_match
04-17 10:51:49.659317     0     0 I         : c4    960 msm_geni_serial 894000.qcom,qup_uart: msm_geni_serial_set_termios: check parity
04-17 10:51:49.659350     0     0 I         : c4    960 msm_geni_serial 894000.qcom,qup_uart: msm_geni_serial_set_termios: geni_serial_write_term_regs
04-17 10:51:49.659417     0     0 I         : c4    960 msm_geni_serial 894000.qcom,qup_uart: msm_geni_serial_set_termios: End
--------- switch to main
04-17 10:51:49.663459   960   960 I vendor.qti.bluetooth@1.0-uart_transport: ## userial_vendor_set_baud: 17
--------- switch to kernel
04-17 10:51:49.660394     0     0 I         : c1    960 msm_geni_serial 894000.qcom,qup_uart: msm_geni_serial_set_termios: Start
--------- switch to main
04-17 10:51:49.673954   960   960 I vendor.qti.bluetooth@1.0-uart_transport: SetBaudRate: in BOTHER
04-17 10:51:49.674143   960   960 I vendor.qti.bluetooth@1.0-uart_transport: ## userial_vendor_ioctl: UART Flow On 
04-17 10:51:49.675005   960  3561 I vendor.qti.bluetooth@1.0-ibs_handler: ProcessIbsCmd: Received IBS_WAKE_ACK: 0xFC
04-17 10:51:49.675095   960  3561 I vendor.qti.bluetooth@1.0-ibs_handler: ProcessIbsCmd: Signal wack_cond_
--------- switch to kernel
04-17 10:51:49.670062     0     0 I         : c4    960 msm_geni_serial 894000.qcom,qup_uart: msm_geni_serial_set_termios: geni_se_clk_freq_match
04-17 10:51:49.670414     0     0 I         : c4    960 msm_geni_serial 894000.qcom,qup_uart: msm_geni_serial_set_termios: check parity
04-17 10:51:49.670448     0     0 I         : c4    960 msm_geni_serial 894000.qcom,qup_uart: msm_geni_serial_set_termios: geni_serial_write_term_regs
04-17 10:51:49.670526     0     0 I         : c4    960 msm_geni_serial 894000.qcom,qup_uart: msm_geni_serial_set_termios: End
--------- switch to main
04-17 10:51:49.675896   960  3561 I vendor.qti.bluetooth@1.0-ibs_handler: ProcessIbsCmd: Received IBS_WAKE_ACK: 0xFC
04-17 10:51:49.676105   960  3561 I vendor.qti.bluetooth@1.0-ibs_handler: ProcessIbsCmd: Signal wack_cond_
04-17 10:51:49.676297   960   960 D vendor.qti.bluetooth@1.0-ibs_handler: DeviceWakeUp: Unblocked from waiting for FC
04-17 10:51:49.706845   984  1089 W ASH     : @ 34239.383: touch gesture: no valid gesture detected
04-17 10:51:49.772307   984  1089 W ASH     : @ 34239.448: touch gesture: no valid gesture detected
04-17 10:51:49.837354   984  1089 W ASH     : @ 34239.512: touch gesture: no valid gesture detected
04-17 10:51:49.901723   984  1089 W ASH     : @ 34239.577: touch gesture: no valid gesture detected
04-17 10:51:49.965960   984  1089 W ASH     : @ 34239.641: touch gesture: no valid gesture detected
04-17 10:51:50.030351   984  1089 W ASH     : @ 34239.706: touch gesture: no valid gesture detected
04-17 10:51:50.094745   984  1089 W ASH     : @ 34239.770: touch gesture: no valid gesture detected
04-17 10:51:50.159543   984  1089 W ASH     : @ 34239.834: touch gesture: no valid gesture detected
04-17 10:51:50.221636   984  1089 W ASH     : @ 34239.899: touch gesture: no valid gesture detected
04-17 10:51:50.287792   984  1089 W ASH     : @ 34239.963: touch gesture: no valid gesture detected
04-17 10:51:50.352530   984  1089 W ASH     : @ 34240.028: touch gesture: no valid gesture detected
04-17 10:51:50.415525   984  1089 W ASH     : @ 34240.092: touch gesture: no valid gesture detected
04-17 10:51:50.481146   984  1089 W ASH     : @ 34240.156: touch gesture: no valid gesture detected
04-17 10:51:50.545913   984  1089 W ASH     : @ 34240.221: touch gesture: no valid gesture detected
04-17 10:51:50.609602   984  1089 W ASH     : @ 34240.285: touch gesture: no valid gesture detected
04-17 10:51:50.674259   984  1089 W ASH     : @ 34240.350: touch gesture: no valid gesture detected
04-17 10:51:50.738910   984  1089 W ASH     : @ 34240.414: touch gesture: no valid gesture detected
04-17 10:51:50.803177   984  1089 W ASH     : @ 34240.478: touch gesture: no valid gesture detected
04-17 10:51:50.867397   984  1089 W ASH     : @ 34240.543: touch gesture: no valid gesture detected
04-17 10:51:50.931892   984  1089 W ASH     : @ 34240.607: touch gesture: no valid gesture detected
04-17 10:51:50.996353   984  1089 W ASH     : @ 34240.672: touch gesture: no valid gesture detected
04-17 10:51:51.060536   984  1089 W ASH     : @ 34240.736: touch gesture: no valid gesture detected
04-17 10:51:51.125367   984  1089 W ASH     : @ 34240.800: touch gesture: no valid gesture detected
04-17 10:51:51.189888   984  1089 W ASH     : @ 34240.865: touch gesture: no valid gesture detected
04-17 10:51:51.254022   984  1089 W ASH     : @ 34240.929: touch gesture: no valid gesture detected
04-17 10:51:51.318414   984  1089 W ASH     : @ 34240.994: touch gesture: no valid gesture detected
04-17 10:51:51.383251   984  1089 W ASH     : @ 34241.058: touch gesture: no valid gesture detected
04-17 10:51:51.447816   984  1089 W ASH     : @ 34241.123: touch gesture: no valid gesture detected
04-17 10:51:51.512274   984  1089 W ASH     : @ 34241.187: touch gesture: no valid gesture detected
04-17 10:51:51.576780   984  1089 W ASH     : @ 34241.252: touch gesture: no valid gesture detected
04-17 10:51:51.641050   984  1089 W ASH     : @ 34241.316: touch gesture: no valid gesture detected
04-17 10:51:51.705620   984  1089 W ASH     : @ 34241.381: touch gesture: no valid gesture detected
04-17 10:51:51.769572   984  1089 W ASH     : @ 34241.445: touch gesture: no valid gesture detected
04-17 10:51:51.834026   984  1089 W ASH     : @ 34241.510: touch gesture: no valid gesture detected
04-17 10:51:51.898848   984  1089 W ASH     : @ 34241.574: touch gesture: no valid gesture detected
04-17 10:51:51.963142   984  1089 W ASH     : @ 34241.639: touch gesture: no valid gesture detected
04-17 10:51:52.027568   984  1089 W ASH     : @ 34241.703: touch gesture: no valid gesture detected
04-17 10:51:52.092297   984  1089 W ASH     : @ 34241.767: touch gesture: no valid gesture detected
04-17 10:51:52.156586   984  1089 W ASH     : @ 34241.832: touch gesture: no valid gesture detected
04-17 10:51:52.221028   984  1089 W ASH     : @ 34241.896: touch gesture: no valid gesture detected
04-17 10:51:52.285372   984  1089 W ASH     : @ 34241.961: touch gesture: no valid gesture detected
04-17 10:51:52.349608   984  1089 W ASH     : @ 34242.025: touch gesture: no valid gesture detected
04-17 10:51:52.414213   984  1089 W ASH     : @ 34242.090: touch gesture: no valid gesture detected
04-17 10:51:52.478665   984  1089 W ASH     : @ 34242.154: touch gesture: no valid gesture detected
04-17 10:51:52.542792   984  1089 W ASH     : @ 34242.218: touch gesture: no valid gesture detected
04-17 10:51:52.607522   984  1089 W ASH     : @ 34242.283: touch gesture: no valid gesture detected
04-17 10:51:52.671903   984  1089 W ASH     : @ 34242.347: touch gesture: no valid gesture detected
04-17 10:51:52.736388   984  1089 W ASH     : @ 34242.412: touch gesture: no valid gesture detected
04-17 10:51:52.800764   984  1089 W ASH     : @ 34242.476: touch gesture: no valid gesture detected
04-17 10:51:52.865485   984  1089 W ASH     : @ 34242.541: touch gesture: no valid gesture detected
04-17 10:51:52.929620   984  1089 W ASH     : @ 34242.605: touch gesture: no valid gesture detected
04-17 10:51:52.994086   984  1089 W ASH     : @ 34242.669: touch gesture: no valid gesture detected
04-17 10:51:53.058426   984  1089 W ASH     : @ 34242.734: touch gesture: no valid gesture detected
04-17 10:51:53.123392   984  1089 W ASH     : @ 34242.798: touch gesture: no valid gesture detected
04-17 10:51:53.187688   984  1089 W ASH     : @ 34242.863: touch gesture: no valid gesture detected
04-17 10:51:53.251988   984  1089 W ASH     : @ 34242.927: touch gesture: no valid gesture detected
04-17 10:51:53.316501   984  1089 W ASH     : @ 34242.992: touch gesture: no valid gesture detected
04-17 10:51:53.380804   984  1089 W ASH     : @ 34243.056: touch gesture: no valid gesture detected
04-17 10:51:53.445338   984  1089 W ASH     : @ 34243.121: touch gesture: no valid gesture detected
04-17 10:51:53.509638   984  1089 W ASH     : @ 34243.185: touch gesture: no valid gesture detected
04-17 10:51:53.574229   984  1089 W ASH     : @ 34243.249: touch gesture: no valid gesture detected
04-17 10:51:53.636745   984  1089 W ASH     : @ 34243.314: touch gesture: no valid gesture detected
04-17 10:51:53.703212   984  1089 W ASH     : @ 34243.378: touch gesture: no valid gesture detected
04-17 10:51:53.767604   984  1089 W ASH     : @ 34243.443: touch gesture: no valid gesture detected
04-17 10:51:53.832215   984  1089 W ASH     : @ 34243.507: touch gesture: no valid gesture detected
04-17 10:51:53.896349   984  1089 W ASH     : @ 34243.572: touch gesture: no valid gesture detected
04-17 10:51:53.961085   984  1089 W ASH     : @ 34243.636: touch gesture: no valid gesture detected
04-17 10:51:54.025299   984  1089 W ASH     : @ 34243.701: touch gesture: no valid gesture detected
04-17 10:51:54.089586   984  1089 W ASH     : @ 34243.765: touch gesture: no valid gesture detected
04-17 10:51:54.153908   984  1089 W ASH     : @ 34243.829: touch gesture: no valid gesture detected
04-17 10:51:54.218151   984  1089 W ASH     : @ 34243.894: touch gesture: no valid gesture detected
04-17 10:51:54.282970   984  1089 W ASH     : @ 34243.958: touch gesture: no valid gesture detected
04-17 10:51:54.347391   984  1089 W ASH     : @ 34244.023: touch gesture: no valid gesture detected
04-17 10:51:54.412131   984  1089 W ASH     : @ 34244.087: touch gesture: no valid gesture detected
04-17 10:51:54.476223   984  1089 W ASH     : @ 34244.151: touch gesture: no valid gesture detected
04-17 10:51:54.540420   984  1089 W ASH     : @ 34244.216: touch gesture: no valid gesture detected
04-17 10:51:54.605073   984  1089 W ASH     : @ 34244.280: touch gesture: no valid gesture detected
04-17 10:51:54.669493   984  1089 W ASH     : @ 34244.345: touch gesture: no valid gesture detected
04-17 10:51:54.733845   984  1089 W ASH     : @ 34244.409: touch gesture: no valid gesture detected
04-17 10:51:54.798273   984  1089 W ASH     : @ 34244.474: touch gesture: no valid gesture detected
04-17 10:51:54.862816   984  1089 W ASH     : @ 34244.538: touch gesture: no valid gesture detected
04-17 10:51:54.927065   984  1089 W ASH     : @ 34244.602: touch gesture: no valid gesture detected
04-17 10:51:54.991314   984  1089 W ASH     : @ 34244.667: touch gesture: no valid gesture detected
04-17 10:51:55.055617   984  1089 W ASH     : @ 34244.731: touch gesture: no valid gesture detected
04-17 10:51:55.119544   984  1089 W ASH     : @ 34244.795: touch gesture: no valid gesture detected
04-17 10:51:55.184118   984  1089 W ASH     : @ 34244.860: touch gesture: no valid gesture detected
04-17 10:51:55.248740   984  1089 W ASH     : @ 34244.924: touch gesture: no valid gesture detected
04-17 10:51:55.313088   984  1089 W ASH     : @ 34244.989: touch gesture: no valid gesture detected
04-17 10:51:55.377311   984  1089 W ASH     : @ 34245.053: touch gesture: no valid gesture detected
--------- switch to kernel
04-17 10:51:55.386382     0     0 I         : c1   5742 qcom_rpmh DRV:apps_rsc TCS Busy, retrying RPMH message send: addr=0x30000
--------- switch to main
04-17 10:51:55.442022   984  1089 W ASH     : @ 34245.117: touch gesture: no valid gesture detected
04-17 10:51:55.506329   984  1089 W ASH     : @ 34245.182: touch gesture: no valid gesture detected
04-17 10:51:55.570554   984  1089 W ASH     : @ 34245.246: touch gesture: no valid gesture detected
04-17 10:51:55.635136   984  1089 W ASH     : @ 34245.310: touch gesture: no valid gesture detected
04-17 10:51:55.699382   984  1089 W ASH     : @ 34245.375: touch gesture: no valid gesture detected
04-17 10:51:55.763753   984  1089 W ASH     : @ 34245.439: touch gesture: no valid gesture detected
04-17 10:51:55.827883   984  1089 W ASH     : @ 34245.503: touch gesture: no valid gesture detected
04-17 10:51:55.892590   984  1089 W ASH     : @ 34245.568: touch gesture: no valid gesture detected
04-17 10:51:55.956991   984  1089 W ASH     : @ 34245.632: touch gesture: no valid gesture detected
04-17 10:51:56.021174   984  1089 W ASH     : @ 34245.696: touch gesture: no valid gesture detected
04-17 10:51:56.085414   984  1089 W ASH     : @ 34245.761: touch gesture: no valid gesture detected
04-17 10:51:56.149836   984  1089 W ASH     : @ 34245.825: touch gesture: no valid gesture detected
04-17 10:51:56.214125   984  1089 W ASH     : @ 34245.889: touch gesture: no valid gesture detected
04-17 10:51:56.278532   984  1089 W ASH     : @ 34245.954: touch gesture: no valid gesture detected
04-17 10:51:56.342905   984  1089 W ASH     : @ 34246.018: touch gesture: no valid gesture detected
04-17 10:51:56.407001   984  1089 W ASH     : @ 34246.082: touch gesture: no valid gesture detected
04-17 10:51:56.471302   984  1089 W ASH     : @ 34246.147: touch gesture: no valid gesture detected
04-17 10:51:56.535660   984  1089 W ASH     : @ 34246.211: touch gesture: no valid gesture detected
04-17 10:51:56.600112   984  1089 W ASH     : @ 34246.276: touch gesture: no valid gesture detected
04-17 10:51:56.664483   984  1089 W ASH     : @ 34246.340: touch gesture: no valid gesture detected
04-17 10:51:56.729415   984  1089 W ASH     : @ 34246.404: touch gesture: no valid gesture detected
04-17 10:51:56.793210   984  1089 W ASH     : @ 34246.469: touch gesture: no valid gesture detected
04-17 10:51:56.857718   984  1089 W ASH     : @ 34246.533: touch gesture: no valid gesture detected
04-17 10:51:56.922079   984  1089 W ASH     : @ 34246.597: touch gesture: no valid gesture detected
04-17 10:51:56.986503   984  1089 W ASH     : @ 34246.662: touch gesture: no valid gesture detected
04-17 10:51:57.050854   984  1089 W ASH     : @ 34246.726: touch gesture: no valid gesture detected
04-17 10:51:57.115357   984  1089 W ASH     : @ 34246.791: touch gesture: no valid gesture detected
04-17 10:51:57.179694   984  1089 W ASH     : @ 34246.855: touch gesture: no valid gesture detected
04-17 10:51:57.243258   984  1089 W ASH     : @ 34246.920: touch gesture: no valid gesture detected
04-17 10:51:57.308868   984  1089 W ASH     : @ 34246.984: touch gesture: no valid gesture detected
04-17 10:51:57.373580   984  1089 W ASH     : @ 34247.049: touch gesture: no valid gesture detected
04-17 10:51:57.437531   984  1089 W ASH     : @ 34247.113: touch gesture: no valid gesture detected
04-17 10:51:57.502695   984  1089 W ASH     : @ 34247.177: touch gesture: no valid gesture detected
04-17 10:51:57.566782   984  1089 W ASH     : @ 34247.242: touch gesture: no valid gesture detected
04-17 10:51:57.630903   984  1089 W ASH     : @ 34247.306: touch gesture: no valid gesture detected
04-17 10:51:57.695098   984  1089 W ASH     : @ 34247.371: touch gesture: no valid gesture detected
04-17 10:51:57.759626   984  1089 W ASH     : @ 34247.435: touch gesture: no valid gesture detected
04-17 10:51:57.823978   984  1089 W ASH     : @ 34247.499: touch gesture: no valid gesture detected
04-17 10:51:57.888503   984  1089 W ASH     : @ 34247.564: touch gesture: no valid gesture detected
04-17 10:51:57.953016   984  1089 W ASH     : @ 34247.628: touch gesture: no valid gesture detected
04-17 10:51:58.017232   984  1089 W ASH     : @ 34247.693: touch gesture: no valid gesture detected
04-17 10:51:58.081424   984  1089 W ASH     : @ 34247.757: touch gesture: no valid gesture detected
04-17 10:51:58.146087   984  1089 W ASH     : @ 34247.821: touch gesture: no valid gesture detected
04-17 10:51:58.210462   984  1089 W ASH     : @ 34247.886: touch gesture: no valid gesture detected
04-17 10:51:58.274666   984  1089 W ASH     : @ 34247.950: touch gesture: no valid gesture detected
04-17 10:51:58.339306   984  1089 W ASH     : @ 34248.015: touch gesture: no valid gesture detected
04-17 10:51:58.403660   984  1089 W ASH     : @ 34248.079: touch gesture: no valid gesture detected
04-17 10:51:58.468130   984  1089 W ASH     : @ 34248.143: touch gesture: no valid gesture detected
04-17 10:51:58.530762   984  1089 W ASH     : @ 34248.208: touch gesture: no valid gesture detected
04-17 10:51:58.597003   984  1089 W ASH     : @ 34248.272: touch gesture: no valid gesture detected
04-17 10:51:58.661597   984  1089 W ASH     : @ 34248.337: touch gesture: no valid gesture detected
04-17 10:51:58.726296   984  1089 W ASH     : @ 34248.401: touch gesture: no valid gesture detected
04-17 10:51:58.790347   984  1089 W ASH     : @ 34248.466: touch gesture: no valid gesture detected
04-17 10:51:58.855248   984  1089 W ASH     : @ 34248.530: touch gesture: no valid gesture detected
04-17 10:51:58.919298   984  1089 W ASH     : @ 34248.594: touch gesture: no valid gesture detected
04-17 10:51:58.983940   984  1089 W ASH     : @ 34248.659: touch gesture: no valid gesture detected
04-17 10:51:59.047865   984  1089 W ASH     : @ 34248.723: touch gesture: no valid gesture detected
04-17 10:51:59.112766   984  1089 W ASH     : @ 34248.788: touch gesture: no valid gesture detected
04-17 10:51:59.176482   984  1089 W ASH     : @ 34248.852: touch gesture: no valid gesture detected
04-17 10:51:59.240793   984  1089 W ASH     : @ 34248.916: touch gesture: no valid gesture detected
04-17 10:51:59.305295   984  1089 W ASH     : @ 34248.981: touch gesture: no valid gesture detected
04-17 10:51:59.369987   984  1089 W ASH     : @ 34249.045: touch gesture: no valid gesture detected
04-17 10:51:59.433975   984  1089 W ASH     : @ 34249.109: touch gesture: no valid gesture detected
04-17 10:51:59.498898   984  1089 W ASH     : @ 34249.174: touch gesture: no valid gesture detected
04-17 10:51:59.562559   984  1089 W ASH     : @ 34249.238: touch gesture: no valid gesture detected
04-17 10:51:59.627022   984  1089 W ASH     : @ 34249.302: touch gesture: no valid gesture detected
04-17 10:51:59.691380   984  1089 W ASH     : @ 34249.367: touch gesture: no valid gesture detected
04-17 10:51:59.755867   984  1089 W ASH     : @ 34249.431: touch gesture: no valid gesture detected
04-17 10:51:59.820041   984  1089 W ASH     : @ 34249.495: touch gesture: no valid gesture detected
04-17 10:51:59.884382   984  1089 W ASH     : @ 34249.560: touch gesture: no valid gesture detected
04-17 10:51:59.949212   984  1089 W ASH     : @ 34249.624: touch gesture: no valid gesture detected
04-17 10:52:00.013199   984  1089 W ASH     : @ 34249.688: touch gesture: no valid gesture detected
04-17 10:52:00.077704   984  1089 W ASH     : @ 34249.753: touch gesture: no valid gesture detected
04-17 10:52:00.142154   984  1089 W ASH     : @ 34249.817: touch gesture: no valid gesture detected
04-17 10:52:00.206229   984  1089 W ASH     : @ 34249.881: touch gesture: no valid gesture detected
04-17 10:52:00.270916   984  1089 W ASH     : @ 34249.946: touch gesture: no valid gesture detected
04-17 10:52:00.335188   984  1089 W ASH     : @ 34250.011: touch gesture: no valid gesture detected
04-17 10:52:00.399194   984  1089 W ASH     : @ 34250.074: touch gesture: no valid gesture detected
04-17 10:52:00.462067   984  1089 W ASH     : @ 34250.139: touch gesture: no valid gesture detected
04-17 10:52:00.526276   984  1089 W ASH     : @ 34250.204: touch gesture: no valid gesture detected
04-17 10:52:00.592155   984  1089 W ASH     : @ 34250.268: touch gesture: no valid gesture detected
04-17 10:52:00.656873   984  1089 W ASH     : @ 34250.332: touch gesture: no valid gesture detected
04-17 10:52:00.721134   984  1089 W ASH     : @ 34250.397: touch gesture: no valid gesture detected
04-17 10:52:00.785609   984  1089 W ASH     : @ 34250.461: touch gesture: no valid gesture detected
04-17 10:52:00.850084   984  1089 W ASH     : @ 34250.526: touch gesture: no valid gesture detected
04-17 10:52:00.914541   984  1089 W ASH     : @ 34250.590: touch gesture: no valid gesture detected
04-17 10:52:00.978736   984  1089 W ASH     : @ 34250.654: touch gesture: no valid gesture detected
04-17 10:52:01.043368   984  1089 W ASH     : @ 34250.719: touch gesture: no valid gesture detected
04-17 10:52:01.107748   984  1089 W ASH     : @ 34250.783: touch gesture: no valid gesture detected
04-17 10:52:01.172108   984  1089 W ASH     : @ 34250.847: touch gesture: no valid gesture detected
04-17 10:52:01.236216   984  1089 W ASH     : @ 34250.912: touch gesture: no valid gesture detected
04-17 10:52:01.301075   984  1089 W ASH     : @ 34250.976: touch gesture: no valid gesture detected
04-17 10:52:01.365426   984  1089 W ASH     : @ 34251.041: touch gesture: no valid gesture detected
04-17 10:52:01.429741   984  1089 W ASH     : @ 34251.105: touch gesture: no valid gesture detected
04-17 10:52:01.494147   984  1089 W ASH     : @ 34251.169: touch gesture: no valid gesture detected
04-17 10:52:01.535045   990  1023 D rlsservice: MonitorDisplayStatus client num 0, display status 0, sensor status 0
04-17 10:52:01.558487   984  1089 W ASH     : @ 34251.234: touch gesture: no valid gesture detected
04-17 10:52:01.623223   984  1089 W ASH     : @ 34251.298: touch gesture: no valid gesture detected
04-17 10:52:01.687289   984  1089 W ASH     : @ 34251.363: touch gesture: no valid gesture detected
04-17 10:52:01.751568   984  1089 W ASH     : @ 34251.427: touch gesture: no valid gesture detected
04-17 10:52:01.816005   984  1089 W ASH     : @ 34251.491: touch gesture: no valid gesture detected
04-17 10:52:01.880199   984  1089 W ASH     : @ 34251.556: touch gesture: no valid gesture detected
04-17 10:52:01.944286   984  1089 W ASH     : @ 34251.620: touch gesture: no valid gesture detected
04-17 10:52:02.008998   984  1089 W ASH     : @ 34251.684: touch gesture: no valid gesture detected
04-17 10:52:02.073254   984  1089 W ASH     : @ 34251.749: touch gesture: no valid gesture detected
04-17 10:52:02.137753   984  1089 W ASH     : @ 34251.813: touch gesture: no valid gesture detected
04-17 10:52:02.202292   984  1089 W ASH     : @ 34251.878: touch gesture: no valid gesture detected
04-17 10:52:02.266576   984  1089 W ASH     : @ 34251.942: touch gesture: no valid gesture detected
04-17 10:52:02.330959   984  1089 W ASH     : @ 34252.006: touch gesture: no valid gesture detected
04-17 10:52:02.395489   984  1089 W ASH     : @ 34252.071: touch gesture: no valid gesture detected
04-17 10:52:02.459769   984  1089 W ASH     : @ 34252.135: touch gesture: no valid gesture detected
04-17 10:52:02.523923   984  1089 W ASH     : @ 34252.200: touch gesture: no valid gesture detected
04-17 10:52:02.588624   984  1089 W ASH     : @ 34252.264: touch gesture: no valid gesture detected
04-17 10:52:02.652796   984  1089 W ASH     : @ 34252.328: touch gesture: no valid gesture detected
04-17 10:52:02.717529   984  1089 W ASH     : @ 34252.393: touch gesture: no valid gesture detected
04-17 10:52:02.781915   984  1089 W ASH     : @ 34252.457: touch gesture: no valid gesture detected
04-17 10:52:02.846118   984  1089 W ASH     : @ 34252.522: touch gesture: no valid gesture detected
04-17 10:52:02.910610   984  1089 W ASH     : @ 34252.586: touch gesture: no valid gesture detected
04-17 10:52:02.975049   984  1089 W ASH     : @ 34252.650: touch gesture: no valid gesture detected
04-17 10:52:03.039571   984  1089 W ASH     : @ 34252.715: touch gesture: no valid gesture detected
04-17 10:52:03.103937   984  1089 W ASH     : @ 34252.779: touch gesture: no valid gesture detected
04-17 10:52:03.168197   984  1089 W ASH     : @ 34252.844: touch gesture: no valid gesture detected
04-17 10:52:03.232721   984  1089 W ASH     : @ 34252.908: touch gesture: no valid gesture detected
04-17 10:52:03.296806   984  1089 W ASH     : @ 34252.972: touch gesture: no valid gesture detected
04-17 10:52:03.361630   984  1089 W ASH     : @ 34253.037: touch gesture: no valid gesture detected
04-17 10:52:03.425801   984  1089 W ASH     : @ 34253.101: touch gesture: no valid gesture detected
04-17 10:52:03.490214   984  1089 W ASH     : @ 34253.166: touch gesture: no valid gesture detected
04-17 10:52:03.554631   984  1089 W ASH     : @ 34253.230: touch gesture: no valid gesture detected
04-17 10:52:03.619149   984  1089 W ASH     : @ 34253.294: touch gesture: no valid gesture detected
04-17 10:52:03.683417   984  1089 W ASH     : @ 34253.359: touch gesture: no valid gesture detected
04-17 10:52:03.748100   984  1089 W ASH     : @ 34253.423: touch gesture: no valid gesture detected
04-17 10:52:03.811943   984  1089 W ASH     : @ 34253.488: touch gesture: no valid gesture detected
04-17 10:52:03.876734   984  1089 W ASH     : @ 34253.552: touch gesture: no valid gesture detected
04-17 10:52:03.940993   984  1089 W ASH     : @ 34253.616: touch gesture: no valid gesture detected
04-17 10:52:04.005498   984  1089 W ASH     : @ 34253.681: touch gesture: no valid gesture detected
04-17 10:52:04.068753   984  1089 W ASH     : @ 34253.745: touch gesture: no valid gesture detected
04-17 10:52:04.134210   984  1089 W ASH     : @ 34253.810: touch gesture: no valid gesture detected
04-17 10:52:04.198532   984  1089 W ASH     : @ 34253.874: touch gesture: no valid gesture detected
04-17 10:52:04.262907   984  1089 W ASH     : @ 34253.938: touch gesture: no valid gesture detected
04-17 10:52:04.327326   984  1089 W ASH     : @ 34254.003: touch gesture: no valid gesture detected
04-17 10:52:04.391865   984  1089 W ASH     : @ 34254.067: touch gesture: no valid gesture detected
04-17 10:52:04.456093   984  1089 W ASH     : @ 34254.132: touch gesture: no valid gesture detected
04-17 10:52:04.520418   984  1089 W ASH     : @ 34254.196: touch gesture: no valid gesture detected
04-17 10:52:04.584747   984  1089 W ASH     : @ 34254.260: touch gesture: no valid gesture detected
04-17 10:52:04.649638   984  1089 W ASH     : @ 34254.325: touch gesture: no valid gesture detected
04-17 10:52:04.713871   984  1089 W ASH     : @ 34254.389: touch gesture: no valid gesture detected
04-17 10:52:04.777924   984  1089 W ASH     : @ 34254.454: touch gesture: no valid gesture detected
04-17 10:52:04.842581   984  1089 W ASH     : @ 34254.518: touch gesture: no valid gesture detected
04-17 10:52:04.906929   984  1089 W ASH     : @ 34254.582: touch gesture: no valid gesture detected
04-17 10:52:04.971340   984  1089 W ASH     : @ 34254.647: touch gesture: no valid gesture detected
04-17 10:52:05.035383   984  1089 W ASH     : @ 34254.711: touch gesture: no valid gesture detected
04-17 10:52:05.099895   984  1089 W ASH     : @ 34254.775: touch gesture: no valid gesture detected
04-17 10:52:05.164482   984  1089 W ASH     : @ 34254.840: touch gesture: no valid gesture detected
04-17 10:52:05.228812   984  1089 W ASH     : @ 34254.904: touch gesture: no valid gesture detected
04-17 10:52:05.292822   984  1089 W ASH     : @ 34254.968: touch gesture: no valid gesture detected
04-17 10:52:05.357217   984  1089 W ASH     : @ 34255.033: touch gesture: no valid gesture detected
04-17 10:52:05.421482   984  1089 W ASH     : @ 34255.097: touch gesture: no valid gesture detected
04-17 10:52:05.486225   984  1089 W ASH     : @ 34255.161: touch gesture: no valid gesture detected
04-17 10:52:05.550202   984  1089 W ASH     : @ 34255.226: touch gesture: no valid gesture detected
04-17 10:52:05.614991   984  1089 W ASH     : @ 34255.290: touch gesture: no valid gesture detected
--------- switch to kernel
04-17 10:52:05.626587     0     0 I         : c3   5742 qcom_rpmh DRV:apps_rsc TCS Busy, retrying RPMH message send: addr=0x30000
--------- switch to main
04-17 10:52:05.679621   984  1089 W ASH     : @ 34255.355: touch gesture: no valid gesture detected
04-17 10:52:05.743457   984  1089 W ASH     : @ 34255.419: touch gesture: no valid gesture detected
04-17 10:52:05.808104   984  1089 W ASH     : @ 34255.483: touch gesture: no valid gesture detected
04-17 10:52:05.872797   984  1089 W ASH     : @ 34255.548: touch gesture: no valid gesture detected
04-17 10:52:05.936622   984  1089 W ASH     : @ 34255.612: touch gesture: no valid gesture detected
04-17 10:52:06.001248   984  1089 W ASH     : @ 34255.676: touch gesture: no valid gesture detected
04-17 10:52:06.065465   984  1089 W ASH     : @ 34255.741: touch gesture: no valid gesture detected
04-17 10:52:06.128920   984  1089 W ASH     : @ 34255.805: touch gesture: no valid gesture detected
04-17 10:52:06.193956   984  1089 W ASH     : @ 34255.870: touch gesture: no valid gesture detected
04-17 10:52:06.258677   984  1089 W ASH     : @ 34255.934: touch gesture: no valid gesture detected
04-17 10:52:06.323489   984  1089 W ASH     : @ 34255.998: touch gesture: no valid gesture detected
04-17 10:52:06.387128   984  1089 W ASH     : @ 34256.063: touch gesture: no valid gesture detected
04-17 10:52:06.451497   984  1089 W ASH     : @ 34256.127: touch gesture: no valid gesture detected
04-17 10:52:06.516149   984  1089 W ASH     : @ 34256.191: touch gesture: no valid gesture detected
04-17 10:52:06.580692   984  1089 W ASH     : @ 34256.256: touch gesture: no valid gesture detected
04-17 10:52:06.644916   984  1089 W ASH     : @ 34256.320: touch gesture: no valid gesture detected
04-17 10:52:06.709171   984  1089 W ASH     : @ 34256.385: touch gesture: no valid gesture detected
04-17 10:52:06.773774   984  1089 W ASH     : @ 34256.449: touch gesture: no valid gesture detected
04-17 10:52:06.838444   984  1089 W ASH     : @ 34256.513: touch gesture: no valid gesture detected
04-17 10:52:06.902295   984  1089 W ASH     : @ 34256.578: touch gesture: no valid gesture detected
04-17 10:52:06.966957   984  1089 W ASH     : @ 34256.642: touch gesture: no valid gesture detected
04-17 10:52:07.031122   984  1089 W ASH     : @ 34256.706: touch gesture: no valid gesture detected
04-17 10:52:07.095612   984  1089 W ASH     : @ 34256.771: touch gesture: no valid gesture detected
04-17 10:52:07.159842   984  1089 W ASH     : @ 34256.835: touch gesture: no valid gesture detected
04-17 10:52:07.224301   984  1089 W ASH     : @ 34256.900: touch gesture: no valid gesture detected
04-17 10:52:07.288803   984  1089 W ASH     : @ 34256.964: touch gesture: no valid gesture detected
04-17 10:52:07.352883   984  1089 W ASH     : @ 34257.028: touch gesture: no valid gesture detected
04-17 10:52:07.417640   984  1089 W ASH     : @ 34257.093: touch gesture: no valid gesture detected
04-17 10:52:07.481515   984  1089 W ASH     : @ 34257.157: touch gesture: no valid gesture detected
04-17 10:52:07.546016   984  1089 W ASH     : @ 34257.221: touch gesture: no valid gesture detected
04-17 10:52:07.610491   984  1089 W ASH     : @ 34257.286: touch gesture: no valid gesture detected
04-17 10:52:07.674802   984  1089 W ASH     : @ 34257.350: touch gesture: no valid gesture detected
04-17 10:52:07.739336   984  1089 W ASH     : @ 34257.415: touch gesture: no valid gesture detected
04-17 10:52:07.803554   984  1089 W ASH     : @ 34257.479: touch gesture: no valid gesture detected
04-17 10:52:07.868017   984  1089 W ASH     : @ 34257.543: touch gesture: no valid gesture detected
04-17 10:52:07.932595   984  1089 W ASH     : @ 34257.608: touch gesture: no valid gesture detected
04-17 10:52:07.996860   984  1089 W ASH     : @ 34257.672: touch gesture: no valid gesture detected
04-17 10:52:08.061146   984  1089 W ASH     : @ 34257.737: touch gesture: no valid gesture detected
04-17 10:52:08.124587   984  1089 W ASH     : @ 34257.801: touch gesture: no valid gesture detected
04-17 10:52:08.189793   984  1089 W ASH     : @ 34257.865: touch gesture: no valid gesture detected
04-17 10:52:08.254426   984  1089 W ASH     : @ 34257.930: touch gesture: no valid gesture detected
04-17 10:52:08.318778   984  1089 W ASH     : @ 34257.994: touch gesture: no valid gesture detected
04-17 10:52:08.382973   984  1089 W ASH     : @ 34258.059: touch gesture: no valid gesture detected
04-17 10:52:08.447381   984  1089 W ASH     : @ 34258.123: touch gesture: no valid gesture detected
04-17 10:52:08.512239   984  1089 W ASH     : @ 34258.187: touch gesture: no valid gesture detected
04-17 10:52:08.576487   984  1089 W ASH     : @ 34258.252: touch gesture: no valid gesture detected
04-17 10:52:08.640620   984  1089 W ASH     : @ 34258.316: touch gesture: no valid gesture detected
04-17 10:52:08.705271   984  1089 W ASH     : @ 34258.381: touch gesture: no valid gesture detected
04-17 10:52:08.769679   984  1089 W ASH     : @ 34258.445: touch gesture: no valid gesture detected
04-17 10:52:08.834124   984  1089 W ASH     : @ 34258.509: touch gesture: no valid gesture detected
04-17 10:52:08.898388   984  1089 W ASH     : @ 34258.574: touch gesture: no valid gesture detected
04-17 10:52:08.962799   984  1089 W ASH     : @ 34258.638: touch gesture: no valid gesture detected
04-17 10:52:09.027213   984  1089 W ASH     : @ 34258.702: touch gesture: no valid gesture detected
04-17 10:52:09.091328   984  1089 W ASH     : @ 34258.767: touch gesture: no valid gesture detected
04-17 10:52:09.156209   984  1089 W ASH     : @ 34258.831: touch gesture: no valid gesture detected
04-17 10:52:09.220083   984  1089 W ASH     : @ 34258.896: touch gesture: no valid gesture detected
04-17 10:52:09.284583   984  1089 W ASH     : @ 34258.960: touch gesture: no valid gesture detected
04-17 10:52:09.349289   984  1089 W ASH     : @ 34259.025: touch gesture: no valid gesture detected
04-17 10:52:09.413349   984  1089 W ASH     : @ 34259.089: touch gesture: no valid gesture detected
04-17 10:52:09.477843   984  1089 W ASH     : @ 34259.153: touch gesture: no valid gesture detected
04-17 10:52:09.542230   984  1089 W ASH     : @ 34259.218: touch gesture: no valid gesture detected
04-17 10:52:09.606815   984  1089 W ASH     : @ 34259.282: touch gesture: no valid gesture detected
04-17 10:52:09.671008   984  1089 W ASH     : @ 34259.346: touch gesture: no valid gesture detected
04-17 10:52:09.735094   984  1089 W ASH     : @ 34259.411: touch gesture: no valid gesture detected
04-17 10:52:09.799806   984  1089 W ASH     : @ 34259.475: touch gesture: no valid gesture detected
04-17 10:52:09.864150   984  1089 W ASH     : @ 34259.539: touch gesture: no valid gesture detected
04-17 10:52:09.928503   984  1089 W ASH     : @ 34259.604: touch gesture: no valid gesture detected
04-17 10:52:09.992921   984  1089 W ASH     : @ 34259.668: touch gesture: no valid gesture detected
04-17 10:52:10.056900   984  1089 W ASH     : @ 34259.733: touch gesture: no valid gesture detected
04-17 10:52:10.121600   984  1089 W ASH     : @ 34259.797: touch gesture: no valid gesture detected
04-17 10:52:10.185895   984  1089 W ASH     : @ 34259.861: touch gesture: no valid gesture detected
04-17 10:52:10.250577   984  1089 W ASH     : @ 34259.926: touch gesture: no valid gesture detected
04-17 10:52:10.314632   984  1089 W ASH     : @ 34259.990: touch gesture: no valid gesture detected
04-17 10:52:10.379276   984  1089 W ASH     : @ 34260.055: touch gesture: no valid gesture detected
04-17 10:52:10.443622   984  1089 W ASH     : @ 34260.119: touch gesture: no valid gesture detected
04-17 10:52:10.507962   984  1089 W ASH     : @ 34260.183: touch gesture: no valid gesture detected
04-17 10:52:10.572672   984  1089 W ASH     : @ 34260.248: touch gesture: no valid gesture detected
04-17 10:52:10.636632   984  1089 W ASH     : @ 34260.312: touch gesture: no valid gesture detected
04-17 10:52:10.699683   984  1089 W ASH     : @ 34260.377: touch gesture: no valid gesture detected
04-17 10:52:10.765668   984  1089 W ASH     : @ 34260.441: touch gesture: no valid gesture detected
04-17 10:52:10.829866   984  1089 W ASH     : @ 34260.505: touch gesture: no valid gesture detected
04-17 10:52:10.894081   984  1089 W ASH     : @ 34260.570: touch gesture: no valid gesture detected
04-17 10:52:10.958413   984  1089 W ASH     : @ 34260.634: touch gesture: no valid gesture detected
04-17 10:52:11.022925   984  1089 W ASH     : @ 34260.698: touch gesture: no valid gesture detected
04-17 10:52:11.087260   984  1089 W ASH     : @ 34260.763: touch gesture: no valid gesture detected
04-17 10:52:11.151832   984  1089 W ASH     : @ 34260.827: touch gesture: no valid gesture detected
04-17 10:52:11.215929   984  1089 W ASH     : @ 34260.891: touch gesture: no valid gesture detected
04-17 10:52:11.280530   984  1089 W ASH     : @ 34260.956: touch gesture: no valid gesture detected
04-17 10:52:11.344736   984  1089 W ASH     : @ 34261.020: touch gesture: no valid gesture detected
04-17 10:52:11.409235   984  1089 W ASH     : @ 34261.084: touch gesture: no valid gesture detected
04-17 10:52:11.473500   984  1089 W ASH     : @ 34261.149: touch gesture: no valid gesture detected
04-17 10:52:11.537100   984  1089 W ASH     : @ 34261.213: touch gesture: no valid gesture detected
04-17 10:52:11.602989   984  1089 W ASH     : @ 34261.278: touch gesture: no valid gesture detected
04-17 10:52:11.667137   984  1089 W ASH     : @ 34261.342: touch gesture: no valid gesture detected
04-17 10:52:11.731349   984  1089 W ASH     : @ 34261.407: touch gesture: no valid gesture detected
04-17 10:52:11.795508   984  1089 W ASH     : @ 34261.471: touch gesture: no valid gesture detected
04-17 10:52:11.859686   984  1089 W ASH     : @ 34261.535: touch gesture: no valid gesture detected
04-17 10:52:11.924325   984  1089 W ASH     : @ 34261.600: touch gesture: no valid gesture detected
04-17 10:52:11.988673   984  1089 W ASH     : @ 34261.664: touch gesture: no valid gesture detected
04-17 10:52:12.052868   984  1089 W ASH     : @ 34261.728: touch gesture: no valid gesture detected
04-17 10:52:12.117909   984  1089 W ASH     : @ 34261.793: touch gesture: no valid gesture detected
04-17 10:52:12.182257   984  1089 W ASH     : @ 34261.857: touch gesture: no valid gesture detected
04-17 10:52:12.246149   984  1089 W ASH     : @ 34261.922: touch gesture: no valid gesture detected
04-17 10:52:12.310970   984  1089 W ASH     : @ 34261.986: touch gesture: no valid gesture detected
04-17 10:52:12.375182   984  1089 W ASH     : @ 34262.050: touch gesture: no valid gesture detected
04-17 10:52:12.439280   984  1089 W ASH     : @ 34262.115: touch gesture: no valid gesture detected
04-17 10:52:12.503628   984  1089 W ASH     : @ 34262.179: touch gesture: no valid gesture detected
04-17 10:52:12.568087   984  1089 W ASH     : @ 34262.244: touch gesture: no valid gesture detected
04-17 10:52:12.632732   984  1089 W ASH     : @ 34262.308: touch gesture: no valid gesture detected
04-17 10:52:12.697221   984  1089 W ASH     : @ 34262.372: touch gesture: no valid gesture detected
04-17 10:52:12.761526   984  1089 W ASH     : @ 34262.437: touch gesture: no valid gesture detected
04-17 10:52:12.825548   984  1089 W ASH     : @ 34262.501: touch gesture: no valid gesture detected
04-17 10:52:12.890250   984  1089 W ASH     : @ 34262.566: touch gesture: no valid gesture detected
04-17 10:52:12.954563   984  1089 W ASH     : @ 34262.630: touch gesture: no valid gesture detected
04-17 10:52:13.018732   984  1089 W ASH     : @ 34262.694: touch gesture: no valid gesture detected
04-17 10:52:13.083492   984  1089 W ASH     : @ 34262.759: touch gesture: no valid gesture detected
04-17 10:52:13.148062   984  1089 W ASH     : @ 34262.823: touch gesture: no valid gesture detected
04-17 10:52:13.212297   984  1089 W ASH     : @ 34262.888: touch gesture: no valid gesture detected
04-17 10:52:13.276665   984  1089 W ASH     : @ 34262.952: touch gesture: no valid gesture detected
04-17 10:52:13.341384   984  1089 W ASH     : @ 34263.017: touch gesture: no valid gesture detected
04-17 10:52:13.405925   984  1089 W ASH     : @ 34263.081: touch gesture: no valid gesture detected
04-17 10:52:13.470156   984  1089 W ASH     : @ 34263.146: touch gesture: no valid gesture detected
04-17 10:52:13.534664   984  1089 W ASH     : @ 34263.210: touch gesture: no valid gesture detected
04-17 10:52:13.599291   984  1089 W ASH     : @ 34263.275: touch gesture: no valid gesture detected
04-17 10:52:13.663543   984  1089 W ASH     : @ 34263.339: touch gesture: no valid gesture detected
04-17 10:52:13.726370   984  1089 W ASH     : @ 34263.403: touch gesture: no valid gesture detected
04-17 10:52:13.792728   984  1089 W ASH     : @ 34263.468: touch gesture: no valid gesture detected
04-17 10:52:13.856758   984  1089 W ASH     : @ 34263.532: touch gesture: no valid gesture detected
04-17 10:52:13.921540   984  1089 W ASH     : @ 34263.597: touch gesture: no valid gesture detected
04-17 10:52:13.986024   984  1089 W ASH     : @ 34263.661: touch gesture: no valid gesture detected
04-17 10:52:14.050000   984  1089 W ASH     : @ 34263.726: touch gesture: no valid gesture detected
04-17 10:52:14.114206   984  1089 W ASH     : @ 34263.790: touch gesture: no valid gesture detected
04-17 10:52:14.178984   984  1089 W ASH     : @ 34263.854: touch gesture: no valid gesture detected
04-17 10:52:14.243386   984  1089 W ASH     : @ 34263.919: touch gesture: no valid gesture detected
04-17 10:52:14.307485   984  1089 W ASH     : @ 34263.983: touch gesture: no valid gesture detected
04-17 10:52:14.371983   984  1089 W ASH     : @ 34264.047: touch gesture: no valid gesture detected
04-17 10:52:14.436589   984  1089 W ASH     : @ 34264.112: touch gesture: no valid gesture detected
04-17 10:52:14.500902   984  1089 W ASH     : @ 34264.176: touch gesture: no valid gesture detected
04-17 10:52:14.565090   984  1089 W ASH     : @ 34264.241: touch gesture: no valid gesture detected
04-17 10:52:14.629654   984  1089 W ASH     : @ 34264.305: touch gesture: no valid gesture detected
04-17 10:52:14.693924   984  1089 W ASH     : @ 34264.369: touch gesture: no valid gesture detected
04-17 10:52:14.758533   984  1089 W ASH     : @ 34264.434: touch gesture: no valid gesture detected
04-17 10:52:14.821794   984  1089 W ASH     : @ 34264.498: touch gesture: no valid gesture detected
04-17 10:52:14.887351   984  1089 W ASH     : @ 34264.563: touch gesture: no valid gesture detected
04-17 10:52:14.951623   984  1089 W ASH     : @ 34264.627: touch gesture: no valid gesture detected
04-17 10:52:15.016324   984  1089 W ASH     : @ 34264.692: touch gesture: no valid gesture detected
04-17 10:52:15.080335   984  1089 W ASH     : @ 34264.756: touch gesture: no valid gesture detected
04-17 10:52:15.144746   984  1089 W ASH     : @ 34264.820: touch gesture: no valid gesture detected
04-17 10:52:15.209527   984  1089 W ASH     : @ 34264.885: touch gesture: no valid gesture detected
04-17 10:52:15.273787   984  1089 W ASH     : @ 34264.949: touch gesture: no valid gesture detected
04-17 10:52:15.338148   984  1089 W ASH     : @ 34265.014: touch gesture: no valid gesture detected
04-17 10:52:15.402762   984  1089 W ASH     : @ 34265.078: touch gesture: no valid gesture detected
04-17 10:52:15.466928   984  1089 W ASH     : @ 34265.142: touch gesture: no valid gesture detected
04-17 10:52:15.531356   984  1089 W ASH     : @ 34265.207: touch gesture: no valid gesture detected
04-17 10:52:15.596065   984  1089 W ASH     : @ 34265.271: touch gesture: no valid gesture detected
04-17 10:52:15.660227   984  1089 W ASH     : @ 34265.335: touch gesture: no valid gesture detected
04-17 10:52:15.724665   984  1089 W ASH     : @ 34265.400: touch gesture: no valid gesture detected
04-17 10:52:15.788778   984  1089 W ASH     : @ 34265.464: touch gesture: no valid gesture detected
04-17 10:52:15.853329   984  1089 W ASH     : @ 34265.529: touch gesture: no valid gesture detected
04-17 10:52:15.917778   984  1089 W ASH     : @ 34265.593: touch gesture: no valid gesture detected
04-17 10:52:15.982184   984  1089 W ASH     : @ 34265.658: touch gesture: no valid gesture detected
04-17 10:52:16.046335   984  1089 W ASH     : @ 34265.722: touch gesture: no valid gesture detected
04-17 10:52:16.110890   984  1089 W ASH     : @ 34265.786: touch gesture: no valid gesture detected
04-17 10:52:16.175053   984  1089 W ASH     : @ 34265.851: touch gesture: no valid gesture detected
04-17 10:52:16.239776   984  1089 W ASH     : @ 34265.915: touch gesture: no valid gesture detected
04-17 10:52:16.303899   984  1089 W ASH     : @ 34265.979: touch gesture: no valid gesture detected
04-17 10:52:16.368612   984  1089 W ASH     : @ 34266.044: touch gesture: no valid gesture detected
04-17 10:52:16.432991   984  1089 W ASH     : @ 34266.108: touch gesture: no valid gesture detected
04-17 10:52:16.497228   984  1089 W ASH     : @ 34266.173: touch gesture: no valid gesture detected
04-17 10:52:16.561856   984  1089 W ASH     : @ 34266.237: touch gesture: no valid gesture detected
04-17 10:52:16.626174   984  1089 W ASH     : @ 34266.301: touch gesture: no valid gesture detected
04-17 10:52:16.690593   984  1089 W ASH     : @ 34266.366: touch gesture: no valid gesture detected
04-17 10:52:16.754763   984  1089 W ASH     : @ 34266.430: touch gesture: no valid gesture detected
04-17 10:52:16.819577   984  1089 W ASH     : @ 34266.495: touch gesture: no valid gesture detected
04-17 10:52:16.883981   984  1089 W ASH     : @ 34266.559: touch gesture: no valid gesture detected
04-17 10:52:16.948459   984  1089 W ASH     : @ 34266.624: touch gesture: no valid gesture detected
04-17 10:52:17.012684   984  1089 W ASH     : @ 34266.688: touch gesture: no valid gesture detected
04-17 10:52:17.077086   984  1089 W ASH     : @ 34266.753: touch gesture: no valid gesture detected
04-17 10:52:17.141657   984  1089 W ASH     : @ 34266.817: touch gesture: no valid gesture detected
04-17 10:52:17.206193   984  1089 W ASH     : @ 34266.881: touch gesture: no valid gesture detected
04-17 10:52:17.270391   984  1089 W ASH     : @ 34266.946: touch gesture: no valid gesture detected
04-17 10:52:17.334794   984  1089 W ASH     : @ 34267.010: touch gesture: no valid gesture detected
